12-04 21:32:19.836  2544  4223 V WindowManager: Collecting in transition 5773: Task{72d698e #18179 type=standard I=com.risa.app/.MainActivity}, caller=com.android.server.wm.TransitionController.collect:7 com.android.server.wm.ActivityTaskSupervisor.findTaskToMoveToFront:120 com.android.server.wm.ActivityTaskManagerService.moveTaskToFrontLocked:200 com.android.server.wm.ActivityTaskSupervisor.startActivityFromRecents:727 com.android.server.wm.ActivityTaskManagerService.startActivityFromRecents:32 
12-04 21:32:19.836  2544  4223 D WindowManager: prepareSync <SYNC_STATE_WAITING_FOR_DRAW>, mPrepareSyncSeqId=0, win=Window{25d0e93 u0 com.risa.app/com.risa.app.MainActivity}
12-04 21:32:19.841  2544  4223 V WindowManager: Add starting ActivityRecord{216376713 u0 com.risa.app/.MainActivity t18179}: startingData=SnapshotStartingData{80622db removeAfterTransaction= 0}
12-04 21:32:19.841  2544  4223 D ActivityTaskManager: applyFixedRotationTransform, r=ActivityRecord{216376713 u0 com.risa.app/.MainActivity t18179}, caller=com.android.server.wm.ActivityRecord.applyFixedRotationTransform:20 com.android.server.wm.DisplayContent.startFixedRotationTransform:63 com.android.server.wm.DisplayContent.setFixedRotationLaunchingApp:47 com.android.server.wm.DisplayContent.handleTopActivityLaunchingInDifferentOrientation:286 com.android.server.wm.SnapshotStartingData.createStartingSurface:84 
12-04 21:32:19.843  2544  4223 D WindowManager: setFixedRotationLaunchingAppUnchecked, rotation=1, r=ActivityRecord{216376713 u0 com.risa.app/.MainActivity t18179}, caller=com.android.server.wm.DisplayContent.setFixedRotationLaunchingAppUnchecked:131 com.android.server.wm.DisplayContent.setFixedRotationLaunchingApp:50 com.android.server.wm.DisplayContent.handleTopActivityLaunchingInDifferentOrientation:286 com.android.server.wm.SnapshotStartingData.createStartingSurface:84 com.android.server.wm.ActivityRecord.scheduleAddStartingWindow:35 
12-04 21:32:19.843  2544  4223 V WindowManager: Added starting ActivityRecord{216376713 u0 com.risa.app/.MainActivity t18179}: startingWindow=null startingView=com.android.server.wm.StartingSurfaceController$StartingSurface@9e2a0b6
12-04 21:32:19.843  2544  4223 V WindowManager:    ChangeInfo{53a11b7 container=Task{72d698e #18179 type=standard I=com.risa.app/.MainActivity} flags=0x0}
12-04 21:32:19.846  4344  4447 V WindowManagerShell: Transition requested (#5773): android.os.BinderProxy@151e84a TransitionRequestInfo { type = TO_FRONT, triggerTask = TaskInfo{userId=0 taskId=18179 effectiveUid=11212 displayId=0 isRunning=true baseIntent=Intent { act=android.intent.action.MAIN cat=[android.intent.category.LAUNCHER] flg=0x34000000 pkg=com.risa.app cmp=com.risa.app/.MainActivity } baseActivity=ComponentInfo{com.risa.app/com.risa.app.MainActivity} topActivity=ComponentInfo{com.risa.app/com.risa.app.MainActivity} origActivity=null realActivity=ComponentInfo{com.risa.app/com.risa.app.MainActivity} numActivities=1 lastActiveTime=223098434 supportsMultiWindow=true resizeMode=2 isResizeable=true minWidth=-1 minHeight=-1 maxWidth=-1 maxHeight=-1 defaultMinSize=220 desktopDefaultMinSize=304 token=WCT{android.window.IWindowContainerToken$Stub$Proxy@7e2a3bb} topActivityType=1 pictureInPictureParams=null shouldDockBigOverlays=false launchIntoPipHostTaskId=-1 lastParentTaskIdBeforePip=-1 displayCutoutSafeInsets=Rect(0, 84 - 0, 0) topActivityInfo=ActivityInfo{704e0d8 com.risa.app.MainActivity} launchCookies=[] positionInParent=Point(0, 0) parentTaskId=-1 isFocused=false isVisible=false isVisibleRequested=false isTopActivityNoDisplay=false isSleeping=false locusId=null displayAreaFeatureId=1 isTopActivityTransparent=false isActivityStackTransparent=false lastNonFullscreenBounds=Rect(81, 559 - 999, 1729) capturedLink=null capturedLinkTimestamp=0 requestedVisibleTypes=-9 topActivityRequestOpenInBrowserEducationTimestamp=0 appCompatTaskInfo=AppCompatTaskInfo { topActivityInSizeCompat=false eligibleForLetterboxEducation= false isLetterboxEducationEnabled= false isLetterboxDoubleTapEnabled= false eligibleForUserAspectRatioButton= false topActivityBoundsLetterboxed= false isFromLetterboxDoubleTap= false topActivityLetterboxVerticalPosition= -1 topActivityLetterboxHorizontalPosition= -1 topActivityLetterboxWidth=-1 topActivityLetterboxHeight=-1 topActivityAppBounds=Rect(0, 0 - 2340, 1080) isUserFullscreenOverrideEnabled=false isSystemFullscreenOverrideEnabled=false hasMinAspectRatioOverride=false topActivityLetterboxBounds=null cameraCompatTaskInfo=CameraCompatTaskInfo { freeformCameraCompatMode=inactive} topActivityBounds=null topActivityInDisplayCompat=false singleTapFromLetterbox=false} topActivityMainWindowFrame=null originallySupportedMultiWindow=true hasWallpaper=false rootAffinity=null isTopTaskInStage=false CoverLauncherWidgetTask=false LaunchedFromAppsCoverLauncherTask=false LaunchedFromMultistarCoverLauncherTask=false isAllowedSeamlessRotation=false isTopTransparentActivity=false isAliasManaged=false hasConfigChanged=false snappingGuideBounds=null isAiKeyRemoveAppTask=false lastDesktopWindowingBounds=null lastExternalDesktopWindowingBounds=null safeCutoutInsets=null}, pipChange = null, remoteTransition = RemoteTransition { remoteTransition = android.window.IRemoteTransition$Stub$Proxy@8a5bc31, appThread = android.app.IApplicationThread$Stub$Proxy@cce3f16, debugName = QuickstepLaunchflags =NONE }, displayChange = null, flags = 0, debugId = 5773 }
12-04 21:32:19.849  2544  4223 V WindowManager: addWindow: ActivityRecord{216376713 u0 com.risa.app/.MainActivity t18179} startingWindow=Window{a541253 u0 SnapshotStartingWindow for taskId=18179}
12-04 21:32:19.852  4344  4447 D WindowManagerShell: onActivityRestartAttempt: topActivity=ComponentInfo{com.risa.app/com.risa.app.MainActivity}, wasVisible=false
12-04 21:32:19.852  2544 21536 I PerProcessNandswap$NandswapMsgHandler: madvise_prefetch for com.risa.app
12-04 21:32:19.853  2544  4019 V WindowManager: Collecting in transition 5773: ActivityRecord{216376713 u0 com.risa.app/.MainActivity t18179}, caller=com.android.server.wm.TransitionController.collect:7 com.android.server.wm.ActivityRecord.setVisibility:132 com.android.server.wm.TaskFragment.resumeTopActivity:1662 com.android.server.wm.Task.resumeTopActivityInnerLocked:119 com.android.server.wm.Task.resumeTopActivityUncheckedLocked:23 
12-04 21:32:19.853  2544  4019 V WindowManager: Setting visibility of Window{25d0e93 u0 com.risa.app/com.risa.app.MainActivity}: true, caller=com.android.server.wm.WindowContainer.sendAppVisibilityToClients:19 com.android.server.wm.WindowToken.setClientVisible:48 com.android.server.wm.ActivityRecord.setVisibility:486 com.android.server.wm.TaskFragment.resumeTopActivity:1662 com.android.server.wm.Task.resumeTopActivityInnerLocked:119 
12-04 21:32:19.854  2544  4019 D SGM:FgCheckThread:   sendRunningComponentFocus(), pkgName: com.risa.app, userId: 0
12-04 21:32:19.854  2544  3648 D SGM:FgCheckThread: onLooperPrepared(), msg: MSG_TASK_FOCUSED, pkgName: com.risa.app, userId: 0
12-04 21:32:19.854  2544  3648 D SGM:FgCheckThread:   handleTaskFocused(), pkgName: com.risa.app, userID:0 mResumedPkgMap does not containsKey.
12-04 21:32:19.855  2544  4019 D ActivityTaskManager: scheduleTopResumedActivityChanged, onTop=true, r=ActivityRecord{216376713 u0 com.risa.app/.MainActivity t18179}, caller=com.android.server.wm.ActivityTaskSupervisor.scheduleTopResumedActivityStateIfNeeded:18 com.android.server.wm.ActivityTaskSupervisor.updateTopResumedActivityIfNeeded:54 com.android.server.wm.TaskFragment.setResumedActivity:30 com.android.server.wm.ActivityRecord.setState:100 com.android.server.wm.TaskFragment.resumeTopActivity:1705 com.android.server.wm.Task.resumeTopActivityInnerLocked:119 
12-04 21:32:19.856  2544  4019 D WindowManagerServiceExt: updateTaskbarTargetIfNeeded: cn=ComponentInfo{com.risa.app/com.risa.app.MainActivity} occludesParent=true isInSplitScreenMode=false
12-04 21:32:19.857  2544  4019 D BLASTSyncEngine: SyncGroup 5773:  Unfinished container: ActivityRecord{216376713 u0 com.risa.app/.MainActivity t18179} mSyncState=2
12-04 21:32:19.860  2544  2991 D ChangeTransitionController:    ChangeInfo{53a11b7 container=Task{72d698e #18179 type=standard I=com.risa.app/.MainActivity} flags=0x0}
12-04 21:32:19.860  2544  2991 D ChangeTransitionController:    ChangeInfo{30380af container=ActivityRecord{216376713 u0 com.risa.app/.MainActivity t18179} flags=0x0}
12-04 21:32:19.860  2544  2991 V WindowManager: Start calculating TransitionInfo based on participants: {Task{72d698e #18179 type=standard I=com.risa.app/.MainActivity}, WallpaperWindowToken{a781f52 showWhenLocked=true}_<lock>, ActivityRecord{216376713 u0 com.risa.app/.MainActivity t18179}, WallpaperWindowToken{e938275 showWhenLocked=false}_<system>, ActivityRecord{256529153 u0 com.sec.android.app.launcher/com.android.quickstep.RecentsActivity t17747}}
12-04 21:32:19.860  2544  2991 V WindowManager:   Final targets: [ChangeInfo{53a11b7 container=Task{72d698e #18179 type=standard I=com.risa.app/.MainActivity} flags=0x30}, ChangeInfo{471108e container=Task{bb5d5a6 #17747 type=recents I=com.sec.android.app.launcher/com.android.quickstep.RecentsActivity} flags=0x10}, ChangeInfo{d4cbc container=WallpaperWindowToken{e938275 showWhenLocked=false}_<system> flags=0x0}]
12-04 21:32:19.861  2544  2991 V WindowManager:         {WCT{RemoteToken{2243f36 Task{72d698e #18179 type=standard I=com.risa.app/.MainActivity}}} m=TO_FRONT f=MOVE_TO_TOP leash=Surface(name=Task=18179)/@0x87d9bf8 sb=Rect(0, 0 - 1080, 2340) eb=Rect(0, 0 - 1080, 2340) epz=Point(1080, 2340) d=0 endFixedRotation=1 taskParent=-1 inset=Rect(84, 84 - 0, 0) dim=true allowAppBgLayer=true},
12-04 21:32:19.862  2544  2987 V WindowManager: Sent Transition (#5773) createdAt=12-04 21:32:19.836 via request=TransitionRequestInfo { type = TO_FRONT, triggerTask = TaskInfo{userId=0 taskId=18179 effectiveUid=11212 displayId=0 isRunning=true baseIntent=Intent { act=android.intent.action.MAIN cat=[android.intent.category.LAUNCHER] flg=0x34000000 pkg=com.risa.app cmp=com.risa.app/.MainActivity } baseActivity=ComponentInfo{com.risa.app/com.risa.app.MainActivity} topActivity=ComponentInfo{com.risa.app/com.risa.app.MainActivity} origActivity=null realActivity=ComponentInfo{com.risa.app/com.risa.app.MainActivity} numActivities=1 lastActiveTime=223098434 supportsMultiWindow=true resizeMode=2 isResizeable=true minWidth=-1 minHeight=-1 maxWidth=-1 maxHeight=-1 defaultMinSize=220 desktopDefaultMinSize=304 token=WCT{RemoteToken{2243f36 Task{72d698e #18179 type=standard I=com.risa.app/.MainActivity}}} topActivityType=1 pictureInPictureParams=null shouldDockBigOverlays=false launchIntoPipHostTaskId=-1 lastParentTaskIdBeforePip=-1 displayCutoutSafeInsets=Rect(0, 84 - 0, 0) topActivityInfo=ActivityInfo{277ff0e com.risa.app.MainActivity} launchCookies=[] positionInParent=Point(0, 0) parentTaskId=-1 isFocused=false isVisible=false isVisibleRequested=false isTopActivityNoDisplay=false isSleeping=false locusId=null displayAreaFeatureId=1 isTopActivityTransparent=false isActivityStackTransparent=false lastNonFullscreenBounds=Rect(81, 559 - 999, 1729) capturedLink=null capturedLinkTimestamp=0 requestedVisibleTypes=-9 topActivityRequestOpenInBrowserEducationTimestamp=0 appCompatTaskInfo=AppCompatTaskInfo { topActivityInSizeCompat=false eligibleForLetterboxEducation= false isLetterboxEducationEnabled= false isLetterboxDoubleTapEnabled= false eligibleForUserAspectRatioButton= false topActivityBoundsLetterboxed= false isFromLetterboxDoubleTap= false topActivityLetterboxVerticalPosition= -1 topActivityLetterboxHorizontalPosition= -1 topActivityLetterboxWidth=-1 topActivityLetterboxHeight=-1 topActivityAppBounds=Rect(0, 0 - 2340, 1080) isUserFullscreenOverrideEnabled=false isSystemFullscreenOverrideEnabled=false hasMinAspectRatioOverride=false topActivityLetterboxBounds=null cameraCompatTaskInfo=CameraCompatTaskInfo { freeformCameraCompatMode=inactive} topActivityBounds=null topActivityInDisplayCompat=false singleTapFromLetterbox=false} topActivityMainWindowFrame=null originallySupportedMultiWindow=true hasWallpaper=false rootAffinity=null isTopTaskInStage=false CoverLauncherWidgetTask=false LaunchedFromAppsCoverLauncherTask=false LaunchedFromMultistarCoverLauncherTask=false isAllowedSeamlessRotation=false isTopTransparentActivity=false isAliasManaged=false hasConfigChanged=false snappingGuideBounds=null isAiKeyRemoveAppTask=false lastDesktopWindowingBounds=null lastExternalDesktopWindowingBounds=null safeCutoutInsets=null}, pipChange = null, remoteTransition = RemoteTransition { remoteTransition = android.window.IRemoteTransition$Stub$Proxy@c9178cb, appThread = android.app.IApplicationThread$Stub$Proxy@4c078a8, debugName = QuickstepLaunchflags =NONE }, displayChange = null, flags = 0, debugId = 5773 }
12-04 21:32:19.862  2544  2987 V WindowManager:         {WCT{RemoteToken{2243f36 Task{72d698e #18179 type=standard I=com.risa.app/.MainActivity}}} m=TO_FRONT f=MOVE_TO_TOP leash=Surface(name=Task=18179)/@0x87d9bf8 sb=Rect(0, 0 - 1080, 2340) eb=Rect(0, 0 - 1080, 2340) epz=Point(1080, 2340) d=0 endFixedRotation=1 taskParent=-1 inset=Rect(84, 84 - 0, 0) dim=true allowAppBgLayer=true},
12-04 21:32:19.863  2544  2990 D SGM:GameManager: identifyGamePackage. com.risa.app, mCurrentUserId: 0, callingMethodInfo: com.samsung.android.game.SemGameManager.isGamePackage(SemGameManager.java:106)
12-04 21:32:19.863  2544  2990 D SGM:SemGameManager: isGamePackage(), pkgName=com.risa.app, ret=false
12-04 21:32:19.863  2544  6872 D SGM:GameManager: identifyGamePackage. com.risa.app, mCurrentUserId: 0, callingMethodInfo: com.samsung.android.game.IGameManagerService$Stub.onTransact(IGameManagerService.java:247)
12-04 21:32:19.864  2544  2990 D SGM:FgCheckThread: noteResumeComponent(), received pkgName: com.risa.app, userId: 0
12-04 21:32:19.864  2544  2990 D GMR     : fg_async : 15080 com.risa.app 850->0 state:16->2
12-04 21:32:19.864  6896 17482 I SDHMS:k : handleResumeComponent : put = com.risa.app, userid = 0 instanceid =106128815
12-04 21:32:19.865  2544  3046 D GMR     : fg : 15080 com.risa.app
12-04 21:32:19.866  2544  3648 D SGM:FgCheckThread: onLooperPrepared(), msg: MSG_APP_RESUME, pkgName: com.risa.app, userid: 0
12-04 21:32:19.866  2544  3648 D SGM:FgCheckThread:   handleResume(). pkgName: com.risa.app, userId: 0, category: non-game
12-04 21:32:19.866  2544  3648 D SGM:FgCheckThread: notifyFocusInOut(). of pkg: com.risa.app, type: 4, isSecGameFamily: false, userId: 0
12-04 21:32:19.871  2544  2988 D SGM:GameManager: identifyForegroundApp. com.risa.app, mCurrentUserId: 0, callerUserId: 0
12-04 21:32:19.871  2544  2988 D SGM:GameManager: identifyForegroundApp. com.risa.app, mCurrentUserId: 0, callerUserId: 0
12-04 21:32:19.871  2544  2991 D InsetsSourceProvider: updateControlForTarget: control=InsetsSourceControl: {26dc0001 mType=navigationBars initiallyVisible mSurfacePosition=Point(0, 2205) mInsetsHint=Insets{left=0, top=0, right=0, bottom=135}}, target=Window{25d0e93 u0 com.risa.app/com.risa.app.MainActivity}, from=com.android.server.wm.InsetsStateController.onControlTargetChanged:83 com.android.server.wm.InsetsPolicy.updateBarControlTarget:225 com.android.server.wm.DisplayPolicy.updateSystemBarAttributes:262 com.android.server.wm.DisplayPolicy.finishPostLayoutPolicyLw:17 com.android.server.wm.RootWindowContainer.applySurfaceChangesTransaction$1:195 
12-04 21:32:19.871  2544  2991 D InsetsSourceProvider: updateControlForTarget: control=InsetsSourceControl: {112a0000 mType=statusBars initiallyVisible mSurfacePosition=Point(0, 0) mInsetsHint=Insets{left=0, top=84, right=0, bottom=0}}, target=Window{25d0e93 u0 com.risa.app/com.risa.app.MainActivity}, from=com.android.server.wm.InsetsStateController.onControlTargetChanged:83 com.android.server.wm.InsetsPolicy.updateBarControlTarget:212 com.android.server.wm.DisplayPolicy.updateSystemBarAttributes:262 com.android.server.wm.DisplayPolicy.finishPostLayoutPolicyLw:17 com.android.server.wm.RootWindowContainer.applySurfaceChangesTransaction$1:195 
12-04 21:32:19.872  2544  2991 D WindowManager: updateSystemBarAttributes: displayId=0, focusedCanBeNavColorWin=false, win=Window{25d0e93 u0 com.risa.app/com.risa.app.MainActivity}, navColorWin=Window{3d49e7f u0 com.sec.android.app.launcher/com.android.quickstep.RecentsActivity}, caller=com.android.server.wm.DisplayPolicy.finishPostLayoutPolicyLw:17 com.android.server.wm.RootWindowContainer.applySurfaceChangesTransaction$1:195 com.android.server.wm.RootWindowContainer.performSurfacePlacementNoTrace:59 
12-04 21:32:19.885  2544  4019 D SGM:GameManager: identifyForegroundApp. com.risa.app, mCurrentUserId: 0, callerUserId: 0
12-04 21:32:19.889  2544  4019 D SGM:GameManager: identifyGamePackage. com.risa.app, mCurrentUserId: 0, callingMethodInfo: com.samsung.android.game.IGameManagerService$Stub.onTransact(IGameManagerService.java:247)
12-04 21:32:19.923  2544  4223 D WindowManager: makeSurface duration=0 name=com.risa.app/com.risa.app.MainActivity$_15080
12-04 21:32:19.924  2544  4223 D WindowManager: Changing focus from null to Window{25d0e93 u0 com.risa.app/com.risa.app.MainActivity} displayId=0 Callers=com.android.server.wm.WindowManagerService.relayoutWindow:1350 com.android.server.wm.Session.relayout:27 android.view.IWindowSession$Stub.onTransact:829 com.android.server.wm.Session.onTransact:1 
12-04 21:32:19.925  2544  4223 V SystemKeyManager: updateFocusedWindow() is called, com.risa.app/com.risa.app.MainActivity
12-04 21:32:19.996  2544  3727 D MdnieScenarioControlService:  packageName : com.risa.app    className : com.risa.app.MainActivity
12-04 21:32:20.027  2544  4019 D WindowManager: finishDrawingWindow: Window{25d0e93 u0 com.risa.app/com.risa.app.MainActivity} mDrawState=DRAW_PENDING seqId=0
12-04 21:32:20.027  2544  2991 V WindowManager: Finish starting ActivityRecord{216376713 u0 com.risa.app/.MainActivity t18179}: first real window is shown, no animation
12-04 21:32:20.028  2544  2991 V WindowManager: Schedule remove starting ActivityRecord{216376713 u0 com.risa.app/.MainActivity t18179} startingWindow=Window{a541253 u0 SnapshotStartingWindow for taskId=18179} animate=false Callers=com.android.server.wm.ActivityRecord.removeStartingWindow:178 com.android.server.wm.WindowState.performShowLocked:155 com.android.server.wm.WindowStateAnimator.commitFinishDrawingLocked:73 com.android.server.wm.DisplayContent$$ExternalSyntheticLambda1.accept$com$android$server$wm$DisplayContent$$ExternalSyntheticLambda37:23 com.android.server.wm.DisplayContent$$ExternalSyntheticLambda1.accept:143 
12-04 21:32:20.028  2544  2991 I ActivityTaskManager: done cause=notifyWindowsDrawn timestamp=185973767122232 info=TransitionInfo{9bf39f a=ActivityRecord{216376713 u0 com.risa.app/.MainActivity t18179} d=true}
12-04 21:32:20.028  2544  2991 V WindowManager: performShowLocked: mDrawState=HAS_DRAWN in Window{25d0e93 u0 com.risa.app/com.risa.app.MainActivity}
12-04 21:32:20.071  2544  5366 V WindowManager:    ChangeInfo{53a11b7 container=Task{72d698e #18179 type=standard I=com.risa.app/.MainActivity} flags=0x30}
12-04 21:32:20.071  2544  5366 V WindowManager:    ChangeInfo{30380af container=ActivityRecord{216376713 u0 com.risa.app/.MainActivity t18179} flags=0x0}
12-04 21:32:20.072  2544  5366 D WindowManager: rotationForOrientation, orientationSource=ActivityRecord{216376713 u0 com.risa.app/.MainActivity t18179}
12-04 21:32:20.076  2544  5366 D WindowManager: prepareSync <SYNC_STATE_WAITING_FOR_DRAW>, mPrepareSyncSeqId=0, win=Window{25d0e93 u0 com.risa.app/com.risa.app.MainActivity}
12-04 21:32:20.077  2544  5366 V WindowManager: Override sync-method for 25d0e93 com.risa.app/com.risa.app.MainActivity because seamless rotating, caller=com.android.server.wm.DisplayContent.setSeamlessTransitionForFixedRotation:22 com.android.server.wm.DisplayContent.requestChangeTransition:96 com.android.server.wm.DisplayRotation.updateRotationUnchecked:760 com.android.server.wm.DisplayRotation.updateOrientation:79 com.android.server.wm.DisplayContent.continueUpdateOrientationForDiffOrienLaunchingApp:63 
12-04 21:32:20.077  2544  5366 D ChangeTransitionController:    ChangeInfo{53a11b7 container=Task{72d698e #18179 type=standard I=com.risa.app/.MainActivity} flags=0x30}
12-04 21:32:20.077  2544  5366 D ChangeTransitionController:    ChangeInfo{30380af container=ActivityRecord{216376713 u0 com.risa.app/.MainActivity t18179} flags=0x0}
12-04 21:32:20.110  2544  2990 V WindowManager: Collecting in transition 5774: Task{72d698e #18179 type=standard I=com.risa.app/.MainActivity}, caller=com.android.server.wm.TransitionController$$ExternalSyntheticLambda2.accept:34 com.android.server.wm.Task.forAllLeafTasks:6 com.android.server.wm.WindowContainer.forAllLeafTasks:4 com.android.server.wm.DisplayArea.forAllLeafTasks:4 com.android.server.wm.WindowContainer.forAllLeafTasks:4 
12-04 21:32:20.110  2544  2990 V WindowManager: Collecting in transition 5774: ActivityRecord{216376713 u0 com.risa.app/.MainActivity t18179}, caller=com.android.server.wm.TransitionController$$ExternalSyntheticLambda2.accept:21 com.android.server.wm.ActivityRecord.forAllActivities:2 com.android.server.wm.WindowContainer.forAllActivities:8 com.android.server.wm.WindowContainer.forAllActivities:6 com.android.server.wm.TransitionController$$ExternalSyntheticLambda2.accept:107 
12-04 21:32:20.137  2544  2990 D ChangeTransitionController:    ChangeInfo{36f028f container=Task{72d698e #18179 type=standard I=com.risa.app/.MainActivity} flags=0x0}
12-04 21:32:20.137  2544  2990 D ChangeTransitionController:    ChangeInfo{6c2925 container=ActivityRecord{216376713 u0 com.risa.app/.MainActivity t18179} flags=0x0}
12-04 21:32:20.137  2544  2990 V WindowManager: Start calculating TransitionInfo based on participants: {Task{72d698e #18179 type=standard I=com.risa.app/.MainActivity}, Display{#0 state=ON size=2340x1080 ROTATION_90}, ActivityRecord{216376713 u0 com.risa.app/.MainActivity t18179}}
12-04 21:32:20.137  2544  2990 V WindowManager:   Final targets: [ChangeInfo{36f028f container=Task{72d698e #18179 type=standard I=com.risa.app/.MainActivity} flags=0x0}, ChangeInfo{a34fafa container=DefaultTaskDisplayArea_d0@221097765 flags=0x10}, ChangeInfo{2a5d91c container=Display{#0 state=ON size=2340x1080 ROTATION_90} flags=0x1}]
12-04 21:32:20.138  2544  2990 V WindowManager:         {WCT{RemoteToken{2243f36 Task{72d698e #18179 type=standard I=com.risa.app/.MainActivity}}} m=CHANGE f=NONE p=WCT{RemoteToken{8d9d00b DefaultTaskDisplayArea_d0@221097765}} leash=Surface(name=Task=18179)/@0x87d9bf8 sb=Rect(0, 0 - 1080, 2340) eb=Rect(0, 0 - 2340, 1080) epz=Point(2340, 1080) d=0 r=0->1:0 taskParent=-1 inset=Rect(84, 84 - 135, 0) allowAppBgLayer=true},
12-04 21:32:20.146  2544  2987 V WindowManager:         {WCT{RemoteToken{2243f36 Task{72d698e #18179 type=standard I=com.risa.app/.MainActivity}}} m=CHANGE f=NONE p=WCT{RemoteToken{8d9d00b DefaultTaskDisplayArea_d0@221097765}} leash=Surface(name=Task=18179)/@0x87d9bf8 sb=Rect(0, 0 - 1080, 2340) eb=Rect(0, 0 - 2340, 1080) epz=Point(2340, 1080) d=0 r=0->1:0 taskParent=-1 inset=Rect(84, 84 - 135, 0) allowAppBgLayer=true},
12-04 21:32:20.181  2544  4019 V WindowManager:    ChangeInfo{36f028f container=Task{72d698e #18179 type=standard I=com.risa.app/.MainActivity} flags=0x0}
12-04 21:32:20.181  2544  4019 V WindowManager:    ChangeInfo{6c2925 container=ActivityRecord{216376713 u0 com.risa.app/.MainActivity t18179} flags=0x0}
12-04 21:32:20.182  2544  4019 D ChangeTransitionController:    ChangeInfo{36f028f container=Task{72d698e #18179 type=standard I=com.risa.app/.MainActivity} flags=0x0}
12-04 21:32:20.182  2544  4019 D ChangeTransitionController:    ChangeInfo{6c2925 container=ActivityRecord{216376713 u0 com.risa.app/.MainActivity t18179} flags=0x0}
12-04 21:32:20.182  2544  4019 D WindowManager: rotationForOrientation, orientationSource=ActivityRecord{216376713 u0 com.risa.app/.MainActivity t18179}
12-04 21:32:20.184  2544  4019 D InsetsSourceProvider: updateControlForTarget: control=InsetsSourceControl: {3 mType=ime mSurfacePosition=Point(0, 84) mInsetsHint=Insets{left=0, top=0, right=0, bottom=1008}}, target=Window{25d0e93 u0 com.risa.app/com.risa.app.MainActivity}, from=com.android.server.wm.ImeInsetsSourceProvider.updateControlForTarget:17 com.android.server.wm.InsetsStateController.onControlTargetChanged:83 com.android.server.wm.DisplayContent.updateImeControlTarget:21 com.android.server.wm.WindowState.onSyncTransactionCommitted:21 com.android.server.wm.BLASTSyncEngine$SyncGroup$1CommitCallback.onCommitted:104 
12-04 21:32:20.218  2544  2990 D SGM:FgCheckThread: getForegroundApp(), foregroundPkgName=com.risa.app
12-04 21:32:20.220  2544  2988 D SGM:GameManager: identifyForegroundApp. com.risa.app, mCurrentUserId: 0, callerUserId: 0
12-04 21:32:20.220  2544  2988 D SGM:GameManager: identifyForegroundApp. com.risa.app, mCurrentUserId: 0, callerUserId: 0
12-04 21:32:20.221  2544  2990 D SGM:FgCheckThread: noteStopComponent(), received pkgName: com.sec.android.app.launcher, focusedPkgName: com.risa.app, userId: 0
12-04 21:32:20.350  2544  3727 D MdnieScenarioControlService:  packageName : com.risa.app    className : com.risa.app.MainActivity
12-04 21:32:20.580  2544  2990 D SGM:GameManager: identifyForegroundApp. com.risa.app, mCurrentUserId: 0, callerUserId: 0
12-04 21:32:21.743  2544  3823 D SGM:GameManager: identifyGamePackage. com.risa.app, mCurrentUserId: 0, callingMethodInfo: com.samsung.android.game.SemGameManager.isGamePackage(SemGameManager.java:106)
12-04 21:32:21.743  2544  3823 D SGM:SemGameManager: isGamePackage(), pkgName=com.risa.app, ret=false
12-04 21:32:22.473  1168  1168 D io_stats: !@ Read_top(KB): ndroid.systemui(4344) 17252 com.risa.app(15080) 11812 martsuggestions(6708) 9812
12-04 21:32:24.758  2544  3823 D SGM:GameManager: identifyGamePackage. com.risa.app, mCurrentUserId: 0, callingMethodInfo: com.samsung.android.game.SemGameManager.isGamePackage(SemGameManager.java:106)
12-04 21:32:24.758  2544  3823 D SGM:SemGameManager: isGamePackage(), pkgName=com.risa.app, ret=false
12-04 21:32:27.773  2544  3823 D SGM:GameManager: identifyGamePackage. com.risa.app, mCurrentUserId: 0, callingMethodInfo: com.samsung.android.game.SemGameManager.isGamePackage(SemGameManager.java:106)
12-04 21:32:27.774  2544  3823 D SGM:SemGameManager: isGamePackage(), pkgName=com.risa.app, ret=false
12-04 21:32:30.480  1168  1168 D io_stats: !@ Read_top(KB): system_server(2544) 128 c.android.sdhms(6896) 128 com.risa.app(15080) 76
12-04 21:32:30.480  1168  1168 D io_stats: !@ Write_top(KB): com.risa.app(15080) 276 vendor.samsung.(1681) 8 ogle.android.as(6711) 4
12-04 21:32:30.819  2544  3823 D SGM:GameManager: identifyGamePackage. com.risa.app, mCurrentUserId: 0, callingMethodInfo: com.samsung.android.game.SemGameManager.isGamePackage(SemGameManager.java:106)
12-04 21:32:30.820  2544  3823 D SGM:SemGameManager: isGamePackage(), pkgName=com.risa.app, ret=false
12-04 21:32:33.836  2544  3823 D SGM:GameManager: identifyGamePackage. com.risa.app, mCurrentUserId: 0, callingMethodInfo: com.samsung.android.game.SemGameManager.isGamePackage(SemGameManager.java:106)
12-04 21:32:33.836  2544  3823 D SGM:SemGameManager: isGamePackage(), pkgName=com.risa.app, ret=false
12-04 21:32:36.862  2544  3823 D SGM:GameManager: identifyGamePackage. com.risa.app, mCurrentUserId: 0, callingMethodInfo: com.samsung.android.game.SemGameManager.isGamePackage(SemGameManager.java:106)
12-04 21:32:36.862  2544  3823 D SGM:SemGameManager: isGamePackage(), pkgName=com.risa.app, ret=false
12-04 21:32:39.379  2544  4019 D WindowManager: updateSystemBarAttributes: displayId=0, focusedCanBeNavColorWin=false, win=Window{25d0e93 u0 com.risa.app/com.risa.app.MainActivity}, navColorWin=Window{25d0e93 u0 com.risa.app/com.risa.app.MainActivity}, caller=com.android.server.wm.InsetsStateController.onRequestedVisibleTypesChanged:86 com.android.server.wm.InsetsPolicy.onRequestedVisibleTypesChanged:3 com.android.server.wm.Session.updateRequestedVisibleTypes:37 
12-04 21:32:39.395  2544  4019 D ContentCapturePerUserService: Notified activity assist data for activity: Token{65365af ActivityRecord{216376713 u0 com.risa.app/.MainActivity t18179}} without a session Id
12-04 21:32:39.502  2544  6785 D CoreBackPreview: Window{25d0e93 u0 com.risa.app/com.risa.app.MainActivity}: Setting back callback OnBackInvokedCallbackInfo{mCallback=android.window.IOnBackInvokedCallback$Stub$Proxy@d8eb123, mPriority=0, mIsAnimationCallback=true, mOverrideBehavior=0}
12-04 21:32:39.577  2544  2991 D InsetsSourceProvider: updateVisibility: serverVisible=true, clientVisible=true, source=InsetsSource: {3 mType=ime mFrame=[84,494][2205,1080] mVisible=true mFlags= mSideHint=BOTTOM mBoundingRects=null}, controlTarget=Window{25d0e93 u0 com.risa.app/com.risa.app.MainActivity}, from=com.android.server.wm.ImeInsetsSourceProvider.updateVisibility:7 com.android.server.wm.InsetsSourceProvider.setServerVisible:6 com.android.server.wm.ImeInsetsSourceProvider.setServerVisible:75 com.android.server.wm.InsetsSourceProvider.onPostLayout:30 com.android.server.wm.ImeInsetsSourceProvider.onPostLayout:3 com.android.server.wm.InsetsStateController.onPostLayout:26 com.android.server.wm.RootWindowContainer.applySurfaceChangesTransaction$1:203 com.android.server.wm.RootWindowContainer.performSurfacePlacementNoTrace:59 com.android.server.wm.WindowSurfacePlacer.performSurfacePlacement:166 com.android.server.wm.WindowSurfacePlacer$Traverser.run:14 
12-04 21:32:39.878  2544  3823 D SGM:GameManager: identifyGamePackage. com.risa.app, mCurrentUserId: 0, callingMethodInfo: com.samsung.android.game.SemGameManager.isGamePackage(SemGameManager.java:106)
12-04 21:32:39.878  2544  3823 D SGM:SemGameManager: isGamePackage(), pkgName=com.risa.app, ret=false
12-04 21:32:42.490  1168  1168 D io_stats: !@ Read_top(KB): roid.honeyboard(8408) 7656 com.risa.app(15080) 3544 gle.android.gms(3665) 1820
12-04 21:32:42.491  1168  1168 D io_stats: !@ Write_top(KB): kworker/u16:0(20048) 1180 f2fs_ckpt-254:6(1304) 640 com.risa.app(15080) 276
12-04 21:32:42.913  2544  3823 D SGM:GameManager: identifyGamePackage. com.risa.app, mCurrentUserId: 0, callingMethodInfo: com.samsung.android.game.SemGameManager.isGamePackage(SemGameManager.java:106)
12-04 21:32:42.913  2544  3823 D SGM:SemGameManager: isGamePackage(), pkgName=com.risa.app, ret=false
12-04 21:32:45.933  2544  3823 D SGM:GameManager: identifyGamePackage. com.risa.app, mCurrentUserId: 0, callingMethodInfo: com.samsung.android.game.SemGameManager.isGamePackage(SemGameManager.java:106)
12-04 21:32:45.933  2544  3823 D SGM:SemGameManager: isGamePackage(), pkgName=com.risa.app, ret=false
12-04 21:32:48.959  2544  3823 D SGM:GameManager: identifyGamePackage. com.risa.app, mCurrentUserId: 0, callingMethodInfo: com.samsung.android.game.SemGameManager.isGamePackage(SemGameManager.java:106)
12-04 21:32:48.960  2544  3823 D SGM:SemGameManager: isGamePackage(), pkgName=com.risa.app, ret=false
12-04 21:32:51.985  2544  3823 D SGM:GameManager: identifyGamePackage. com.risa.app, mCurrentUserId: 0, callingMethodInfo: com.samsung.android.game.SemGameManager.isGamePackage(SemGameManager.java:106)
12-04 21:32:51.985  2544  3823 D SGM:SemGameManager: isGamePackage(), pkgName=com.risa.app, ret=false
12-04 21:32:54.139  2544  6785 D CoreBackPreview: startBackNavigation currentTask=Task{72d698e #18179 type=standard I=com.risa.app/.MainActivity}, topRunningActivity=ActivityRecord{216376713 u0 com.risa.app/.MainActivity t18179}, callbackInfo=OnBackInvokedCallbackInfo{mCallback=android.window.IOnBackInvokedCallback$Stub$Proxy@d8eb123, mPriority=0, mIsAnimationCallback=true, mOverrideBehavior=0}, currentFocus=Window{25d0e93 u0 com.risa.app/com.risa.app.MainActivity}
12-04 21:32:54.205  2544  6785 D CoreBackPreview: Window{25d0e93 u0 com.risa.app/com.risa.app.MainActivity}: Setting back callback OnBackInvokedCallbackInfo{mCallback=android.window.IOnBackInvokedCallback$Stub$Proxy@72d4931, mPriority=0, mIsAnimationCallback=true, mOverrideBehavior=0}
12-04 21:32:54.363  2544  6785 D InsetsSourceProvider: updateVisibility: serverVisible=true, clientVisible=false, source=InsetsSource: {3 mType=ime mFrame=[84,494][2205,1080] mVisible=false mFlags= mSideHint=BOTTOM mBoundingRects=null}, controlTarget=Window{25d0e93 u0 com.risa.app/com.risa.app.MainActivity}, from=com.android.server.wm.ImeInsetsSourceProvider.updateVisibility:7 com.android.server.wm.InsetsSourceProvider.setClientVisible:8 com.android.server.wm.ImeInsetsSourceProvider.setClientVisible:17 com.android.server.wm.InsetsSourceProvider.updateClientVisibility:20 com.android.server.wm.ImeInsetsSourceProvider.updateClientVisibility:142 com.android.server.wm.InsetsStateController.onRequestedVisibleTypesChanged:44 com.android.server.wm.InsetsPolicy.onRequestedVisibleTypesChanged:3 com.android.server.wm.Session.updateRequestedVisibleTypes:37 android.view.IWindowSession$Stub.onTransact:1188 com.android.server.wm.Session.onTransact:1 
12-04 21:32:54.367  2544  6785 D InsetsSourceProvider: updateControlForTarget: control=InsetsSourceControl: {26dc0001 mType=navigationBars initiallyVisible mSurfacePosition=Point(2205, 0) mInsetsHint=Insets{left=0, top=0, right=135, bottom=0}}, target=Window{25d0e93 u0 com.risa.app/com.risa.app.MainActivity}, from=com.android.server.wm.InsetsStateController.onControlTargetChanged:83 com.android.server.wm.InsetsPolicy.updateBarControlTarget:225 com.android.server.wm.DisplayPolicy.updateSystemBarAttributes:262 com.android.server.wm.InsetsStateController.onRequestedVisibleTypesChanged:86 com.android.server.wm.InsetsPolicy.onRequestedVisibleTypesChanged:3 
12-04 21:32:54.367  2544  6785 D WindowManager: updateSystemBarAttributes: displayId=0, focusedCanBeNavColorWin=false, win=Window{25d0e93 u0 com.risa.app/com.risa.app.MainActivity}, navColorWin=Window{25d0e93 u0 com.risa.app/com.risa.app.MainActivity}, caller=com.android.server.wm.InsetsStateController.onRequestedVisibleTypesChanged:86 com.android.server.wm.InsetsPolicy.onRequestedVisibleTypesChanged:3 com.android.server.wm.Session.updateRequestedVisibleTypes:37 
12-04 21:32:54.496  1168  1168 D io_stats: !@ Read_top(KB): com.risa.app(15080) 796 m.android.phone(3910) 272 roid.honeyboard(8408) 208
12-04 21:32:54.803  2544  6785 D InsetsSourceProvider: updateControlForTarget: control=InsetsSourceControl: {3 mType=ime mSurfacePosition=Point(84, 84) mInsetsHint=Insets{left=0, top=0, right=0, bottom=586}}, target=Window{25d0e93 u0 com.risa.app/com.risa.app.MainActivity}, from=com.android.server.wm.ImeInsetsSourceProvider.updateControlForTarget:17 com.android.server.wm.ImeInsetsSourceProvider.setServerVisible:68 com.android.server.wm.InsetsSourceProvider.onPostLayout:30 com.android.server.wm.ImeInsetsSourceProvider.onPostLayout:3 com.android.server.wm.InsetsStateController.onPostLayout:26 
12-04 21:32:54.929  2544  2990 D SGM:GameManager: identifyForegroundApp. com.risa.app, mCurrentUserId: 0, callerUserId: 0
12-04 21:32:55.019  2544  3823 D SGM:GameManager: identifyGamePackage. com.risa.app, mCurrentUserId: 0, callingMethodInfo: com.samsung.android.game.SemGameManager.isGamePackage(SemGameManager.java:106)
12-04 21:32:55.020  2544  3823 D SGM:SemGameManager: isGamePackage(), pkgName=com.risa.app, ret=false
12-04 21:32:58.030  2544  3823 D SGM:GameManager: identifyGamePackage. com.risa.app, mCurrentUserId: 0, callingMethodInfo: com.samsung.android.game.SemGameManager.isGamePackage(SemGameManager.java:106)
12-04 21:32:58.030  2544  3823 D SGM:SemGameManager: isGamePackage(), pkgName=com.risa.app, ret=false
12-04 21:32:58.499  1168  1168 D io_stats: !@ Read_top(KB): emon.lvoverseas(25824) 1560 com.risa.app(15080) 1068 Thread-24(20325) 532
12-04 21:33:01.072  2544  3823 D SGM:GameManager: identifyGamePackage. com.risa.app, mCurrentUserId: 0, callingMethodInfo: com.samsung.android.game.SemGameManager.isGamePackage(SemGameManager.java:106)
12-04 21:33:01.073  2544  3823 D SGM:SemGameManager: isGamePackage(), pkgName=com.risa.app, ret=false
12-04 21:33:04.093  2544  3823 D SGM:GameManager: identifyGamePackage. com.risa.app, mCurrentUserId: 0, callingMethodInfo: com.samsung.android.game.SemGameManager.isGamePackage(SemGameManager.java:106)
12-04 21:33:04.094  2544  3823 D SGM:SemGameManager: isGamePackage(), pkgName=com.risa.app, ret=false
12-04 21:33:07.127  2544  3823 D SGM:GameManager: identifyGamePackage. com.risa.app, mCurrentUserId: 0, callingMethodInfo: com.samsung.android.game.SemGameManager.isGamePackage(SemGameManager.java:106)
12-04 21:33:07.127  2544  3823 D SGM:SemGameManager: isGamePackage(), pkgName=com.risa.app, ret=false
12-04 21:33:10.165  2544  3823 D SGM:GameManager: identifyGamePackage. com.risa.app, mCurrentUserId: 0, callingMethodInfo: com.samsung.android.game.SemGameManager.isGamePackage(SemGameManager.java:106)
12-04 21:33:10.165  2544  3823 D SGM:SemGameManager: isGamePackage(), pkgName=com.risa.app, ret=false
12-04 21:33:10.507  1168  1168 D io_stats: !@ Read_top(KB): ndroid.systemui(4344) 360 com.risa.app(15080) 92 kworker/u16:0(20048) 12
12-04 21:33:13.214  2544  3823 D SGM:GameManager: identifyGamePackage. com.risa.app, mCurrentUserId: 0, callingMethodInfo: com.samsung.android.game.SemGameManager.isGamePackage(SemGameManager.java:106)
12-04 21:33:13.214  2544  3823 D SGM:SemGameManager: isGamePackage(), pkgName=com.risa.app, ret=false
12-04 21:33:16.242  2544  3823 D SGM:GameManager: identifyGamePackage. com.risa.app, mCurrentUserId: 0, callingMethodInfo: com.samsung.android.game.SemGameManager.isGamePackage(SemGameManager.java:106)
12-04 21:33:16.242  2544  3823 D SGM:SemGameManager: isGamePackage(), pkgName=com.risa.app, ret=false
12-04 21:33:19.260  2544  3823 D SGM:GameManager: identifyGamePackage. com.risa.app, mCurrentUserId: 0, callingMethodInfo: com.samsung.android.game.SemGameManager.isGamePackage(SemGameManager.java:106)
12-04 21:33:19.260  2544  3823 D SGM:SemGameManager: isGamePackage(), pkgName=com.risa.app, ret=false
12-04 21:33:22.277  2544  3823 D SGM:GameManager: identifyGamePackage. com.risa.app, mCurrentUserId: 0, callingMethodInfo: com.samsung.android.game.SemGameManager.isGamePackage(SemGameManager.java:106)
12-04 21:33:22.277  2544  3823 D SGM:SemGameManager: isGamePackage(), pkgName=com.risa.app, ret=false
12-04 21:33:25.296  2544  3823 D SGM:GameManager: identifyGamePackage. com.risa.app, mCurrentUserId: 0, callingMethodInfo: com.samsung.android.game.SemGameManager.isGamePackage(SemGameManager.java:106)
12-04 21:33:25.296  2544  3823 D SGM:SemGameManager: isGamePackage(), pkgName=com.risa.app, ret=false
12-04 21:33:28.314  2544  3823 D SGM:GameManager: identifyGamePackage. com.risa.app, mCurrentUserId: 0, callingMethodInfo: com.samsung.android.game.SemGameManager.isGamePackage(SemGameManager.java:106)
12-04 21:33:28.315  2544  3823 D SGM:SemGameManager: isGamePackage(), pkgName=com.risa.app, ret=false
12-04 21:33:31.352  2544  3823 D SGM:GameManager: identifyGamePackage. com.risa.app, mCurrentUserId: 0, callingMethodInfo: com.samsung.android.game.SemGameManager.isGamePackage(SemGameManager.java:106)
12-04 21:33:31.353  2544  3823 D SGM:SemGameManager: isGamePackage(), pkgName=com.risa.app, ret=false
12-04 21:33:34.372  2544  3823 D SGM:GameManager: identifyGamePackage. com.risa.app, mCurrentUserId: 0, callingMethodInfo: com.samsung.android.game.SemGameManager.isGamePackage(SemGameManager.java:106)
12-04 21:33:34.372  2544  3823 D SGM:SemGameManager: isGamePackage(), pkgName=com.risa.app, ret=false
12-04 21:33:37.404  2544  3823 D SGM:GameManager: identifyGamePackage. com.risa.app, mCurrentUserId: 0, callingMethodInfo: com.samsung.android.game.SemGameManager.isGamePackage(SemGameManager.java:106)
12-04 21:33:37.405  2544  3823 D SGM:SemGameManager: isGamePackage(), pkgName=com.risa.app, ret=false
12-04 21:33:40.403  2544  3823 D SGM:GameManager: identifyGamePackage. com.risa.app, mCurrentUserId: 0, callingMethodInfo: com.samsung.android.game.SemGameManager.isGamePackage(SemGameManager.java:106)
12-04 21:33:40.403  2544  3823 D SGM:SemGameManager: isGamePackage(), pkgName=com.risa.app, ret=false
12-04 21:33:43.430  2544  3823 D SGM:GameManager: identifyGamePackage. com.risa.app, mCurrentUserId: 0, callingMethodInfo: com.samsung.android.game.SemGameManager.isGamePackage(SemGameManager.java:106)
12-04 21:33:43.430  2544  3823 D SGM:SemGameManager: isGamePackage(), pkgName=com.risa.app, ret=false
12-04 21:33:46.458  2544  3823 D SGM:GameManager: identifyGamePackage. com.risa.app, mCurrentUserId: 0, callingMethodInfo: com.samsung.android.game.SemGameManager.isGamePackage(SemGameManager.java:106)
12-04 21:33:46.459  2544  3823 D SGM:SemGameManager: isGamePackage(), pkgName=com.risa.app, ret=false
12-04 21:33:49.498  2544  3823 D SGM:GameManager: identifyGamePackage. com.risa.app, mCurrentUserId: 0, callingMethodInfo: com.samsung.android.game.SemGameManager.isGamePackage(SemGameManager.java:106)
12-04 21:33:49.498  2544  3823 D SGM:SemGameManager: isGamePackage(), pkgName=com.risa.app, ret=false
12-04 21:33:50.538  1168  1168 D io_stats: !@ Write_top(KB): kworker/u16:8(16259) 8840 com.risa.app(15080) 276 system_server(2544) 256
12-04 21:33:52.527  2544  3823 D SGM:GameManager: identifyGamePackage. com.risa.app, mCurrentUserId: 0, callingMethodInfo: com.samsung.android.game.SemGameManager.isGamePackage(SemGameManager.java:106)
12-04 21:33:52.527  2544  3823 D SGM:SemGameManager: isGamePackage(), pkgName=com.risa.app, ret=false
12-04 21:33:54.540  1168  1168 D io_stats: !@ Read_top(KB): com.risa.app(15080) 168 roid.honeyboard(8408) 124 kworker/u16:8(16259) 16
12-04 21:33:55.417  2544  4538 D ActivityManager: android.util.PerfLog.ACTION_BOTTLENECK_HINT onTransact() from uid = 1000 with avg = 16, reason = INPUTD, description = 25d0e93 com.risa.app/com.risa.app.MainActivity, jank = 0
12-04 21:33:55.548  2544  3823 D SGM:GameManager: identifyGamePackage. com.risa.app, mCurrentUserId: 0, callingMethodInfo: com.samsung.android.game.SemGameManager.isGamePackage(SemGameManager.java:106)
12-04 21:33:55.548  2544  3823 D SGM:SemGameManager: isGamePackage(), pkgName=com.risa.app, ret=false
12-04 21:33:55.674 15080 20353 E AndroidRuntime: Process: com.risa.app, PID: 15080
12-04 21:33:55.680  2544 20589 W ActivityManager: crash : com.risa.app,11212
12-04 21:33:55.680  2544  6870 W ActivityTaskManager:   Force finishing activity com.risa.app/.MainActivity
12-04 21:33:55.681  2544  6870 V WindowManager: Collecting in transition 5775: Task{72d698e #18179 type=standard I=com.risa.app/.MainActivity}, caller=com.android.server.wm.Transition.collectExistenceChange:40 com.android.server.wm.Transition.collectClose:7 com.android.server.wm.ActivityRecord.finishIfPossible:50 com.android.server.wm.ActivityRecord.finishIfPossible:1 com.android.server.wm.RootWindowContainer$$ExternalSyntheticLambda34.accept:179 
12-04 21:33:55.681  2544  6870 D WindowManager: prepareSync <SYNC_STATE_WAITING_FOR_DRAW>, mPrepareSyncSeqId=0, win=Window{25d0e93 u0 com.risa.app/com.risa.app.MainActivity}
12-04 21:33:55.682  4344  4447 V WindowManagerShell: Transition requested (#5775): android.os.BinderProxy@cfeedab TransitionRequestInfo { type = CLOSE, triggerTask = TaskInfo{userId=0 taskId=18179 effectiveUid=11212 displayId=0 isRunning=true baseIntent=Intent { act=android.intent.action.MAIN cat=[android.intent.category.LAUNCHER] flg=0x34000000 pkg=com.risa.app cmp=com.risa.app/.MainActivity } baseActivity=ComponentInfo{com.risa.app/com.risa.app.MainActivity} topActivity=ComponentInfo{com.risa.app/com.risa.app.MainActivity} origActivity=null realActivity=ComponentInfo{com.risa.app/com.risa.app.MainActivity} numActivities=1 lastActiveTime=224044689 supportsMultiWindow=true resizeMode=2 isResizeable=true minWidth=-1 minHeight=-1 maxWidth=-1 maxHeight=-1 defaultMinSize=220 desktopDefaultMinSize=304 token=WCT{android.window.IWindowContainerToken$Stub$Proxy@2377c08} topActivityType=1 pictureInPictureParams=null shouldDockBigOverlays=false launchIntoPipHostTaskId=-1 lastParentTaskIdBeforePip=-1 displayCutoutSafeInsets=Rect(0, 0 - 0, 0) topActivityInfo=ActivityInfo{f9a6fa1 com.risa.app.MainActivity} launchCookies=[android.os.BinderProxy@712f2f0] positionInParent=Point(0, 0) parentTaskId=-1 isFocused=true isVisible=true isVisibleRequested=true isTopActivityNoDisplay=false isSleeping=false locusId=null displayAreaFeatureId=1 isTopActivityTransparent=false isActivityStackTransparent=false lastNonFullscreenBounds=Rect(81, 559 - 999, 1729) capturedLink=null capturedLinkTimestamp=0 requestedVisibleTypes=-9 topActivityRequestOpenInBrowserEducationTimestamp=0 appCompatTaskInfo=AppCompatTaskInfo { topActivityInSizeCompat=false eligibleForLetterboxEducation= false isLetterboxEducationEnabled= false isLetterboxDoubleTapEnabled= false eligibleForUserAspectRatioButton= false topActivityBoundsLetterboxed= false isFromLetterboxDoubleTap= false topActivityLetterboxVerticalPosition= -1 topActivityLetterboxHorizontalPosition= -1 topActivityLetterboxWidth=-1 topActivityLetterboxHeight=-1 topActivityAppBounds=Rect(0, 0 - 2340, 1080) isUserFullscreenOverrideEnabled=false isSystemFullscreenOverrideEnabled=false hasMinAspectRatioOverride=false topActivityLetterboxBounds=null cameraCompatTaskInfo=CameraCompatTaskInfo { freeformCameraCompatMode=inactive} topActivityBounds=null topActivityInDisplayCompat=false singleTapFromLetterbox=false} topActivityMainWindowFrame=null originallySupportedMultiWindow=true hasWallpaper=false rootAffinity=null isTopTaskInStage=false CoverLauncherWidgetTask=false LaunchedFromAppsCoverLauncherTask=false LaunchedFromMultistarCoverLauncherTask=false isAllowedSeamlessRotation=false isTopTransparentActivity=true isAliasManaged=false hasConfigChanged=false snappingGuideBounds=null isAiKeyRemoveAppTask=false lastDesktopWindowingBounds=null lastExternalDesktopWindowingBounds=null safeCutoutInsets=null}, pipChange = null, remoteTransition = null, displayChange = null, flags = 16, debugId = 5775 }
12-04 21:33:55.682  2544  6870 D ActivityTaskManager: scheduleTopResumedActivityChanged, onTop=false, r=ActivityRecord{216376713 u0 com.risa.app/.MainActivity t18179 f}}, caller=com.android.server.wm.ActivityTaskSupervisor.scheduleTopResumedActivityStateLossIfNeeded:19 com.android.server.wm.ActivityTaskSupervisor.updateTopResumedActivityIfNeeded:20 com.android.server.wm.TaskDisplayArea.positionChildAt:252 com.android.server.wm.WindowContainer.positionChildAt:84 com.android.server.wm.Task.positionChildAt:19 com.android.server.wm.Task.moveToFront:40 
12-04 21:33:55.682  2544  6870 V WindowManager: Collecting in transition 5775: ActivityRecord{216376713 u0 com.risa.app/.MainActivity t18179 f}}, caller=com.android.server.wm.TransitionController.collect:7 com.android.server.wm.ActivityRecord.setVisibility:132 com.android.server.wm.ActivityRecord.finishIfPossible:87 com.android.server.wm.ActivityRecord.finishIfPossible:1 com.android.server.wm.RootWindowContainer$$ExternalSyntheticLambda34.accept:179 
12-04 21:33:55.731  6896  6896 I SDHMS:PowerAnomaly:Gatherer:AppError: update AppError : uid=11212, pkg=com.risa.app, errorType=crash
12-04 21:33:55.735  6896  6896 I SDHMS:PowerAnomaly:Analyzer:AppError: analyze app error : uid=11212, pkg=com.risa.app, appErrorCount=1
12-04 21:33:55.777  2544  6799 D WindowManager: Changing focus from Window{25d0e93 u0 com.risa.app/com.risa.app.MainActivity} to null displayId=0 Callers=com.android.server.wm.WindowManagerService.relayoutWindow:1350 com.android.server.wm.Session.relayout:27 android.view.IWindowSession$Stub.onTransact:829 com.android.server.wm.Session.onTransact:1 
12-04 21:33:55.786  2544  4887 D AutofillSession: handling death of Token{65365af ActivityRecord{216376713 u0 com.risa.app/.MainActivity t18179 f}}} when saving=false
12-04 21:33:55.786  2544  6872 I WindowManager: WIN DEATH: Window{25d0e93 u0 com.risa.app/com.risa.app.MainActivity}
12-04 21:33:55.787  2544  6799 I ActivityManager: Process com.risa.app (pid 15080) has died: fg  TOP (1249,1282)
12-04 21:33:55.787  2544  6872 V WindowManager: Remove Window{25d0e93 u0 com.risa.app/com.risa.app.MainActivity}: mSurfaceControl=Surface(name=com.risa.app/com.risa.app.MainActivity$_15080)/@0xe47bba2 mAnimatingExit=false mRemoveOnExit=false mHasSurface=true surfaceShowing=true animating=false app-animation=false callers=com.android.server.wm.Session.binderDied:85 android.os.IBinder$DeathRecipient.binderDied:346 android.os.BinderProxy.sendDeathNotice:848 <bottom of call stack> <bottom of call stack> <bottom of call stack> 
12-04 21:33:55.789  2544  6799 V WindowManager: Collecting in transition 5775: Task{72d698e #18179 type=standard I=com.risa.app/.MainActivity}, caller=com.android.server.wm.Transition.collectClose:12 com.android.server.wm.WindowProcessController.handleAppDied$1:465 com.android.server.am.ActivityManagerService.handleAppDiedLocked:248 com.android.server.am.ActivityManagerService.appDiedLocked:570 com.android.server.am.ActivityManagerService$AppDeathRecipient.binderDied:17 
12-04 21:33:55.789  2544  6799 V WindowManager: Collecting in transition 5775: ActivityRecord{216376713 u0 com.risa.app/.MainActivity t18179 f}}, caller=com.android.server.wm.TransitionController.collect:7 com.android.server.wm.ActivityRecord.onRemovedFromDisplay:258 com.android.server.wm.ActivityRecord.removeFromHistory:173 com.android.server.wm.WindowProcessController.handleAppDied$1:507 com.android.server.am.ActivityManagerService.handleAppDiedLocked:248 
12-04 21:33:55.803  2544  2990 D SGM:FgCheckThread: pkgName: com.risa.app is not in foreground
12-04 21:33:55.803  2544  2990 D SGM:FgCheckThread: noteStopComponent(), received pkgName: com.risa.app, focusedPkgName: com.sec.android.app.launcher, userId: 0
12-04 21:33:55.867  2544  2991 D ChangeTransitionController:    ChangeInfo{88f9011 container=Task{72d698e #18179 type=standard I=com.risa.app/.MainActivity} flags=0x0}
