12-04 21:33:55.867  2544  2991 D ChangeTransitionController:    ChangeInfo{a9e7fe4 container=ActivityRecord{216376713 u0 com.risa.app/.MainActivity t18179 f} isExiting} flags=0x0}
12-04 21:33:55.867  2544  2991 V WindowManager: Start calculating TransitionInfo based on participants: {Task{3b5a5ff #8 type=home I=com.sec.android.app.launcher/.activities.LauncherActivity}, Task{72d698e #18179 type=standard I=com.risa.app/.MainActivity}, ActivityRecord{216376713 u0 com.risa.app/.MainActivity t18179 f} isExiting}, ActivityRecord{221096772 u0 com.sec.android.app.launcher/.activities.LauncherActivity t8}, WallpaperWindowToken{e938275 showWhenLocked=false}_<system>, Task{eb5c37f #1 type=home}}
12-04 21:33:55.867  2544  2991 V WindowManager:   Final targets: [ChangeInfo{3b5b650 container=Task{eb5c37f #1 type=home} flags=0x30}, ChangeInfo{88f9011 container=Task{72d698e #18179 type=standard I=com.risa.app/.MainActivity} flags=0x10}, ChangeInfo{1540413 container=WallpaperWindowToken{e938275 showWhenLocked=false}_<system> flags=0x0}]
12-04 21:33:55.869  2544  2991 V WindowManager:         {WCT{RemoteToken{2243f36 Task{72d698e #18179 type=standard I=com.risa.app/.MainActivity}}} m=CLOSE f=EDGE_EXTENSION_RESTRICTION leash=Surface(name=Task=18179)/@0x87d9bf8 sb=Rect(0, 0 - 2340, 1080) eb=Rect(0, 0 - 2340, 1080) epz=Point(2340, 1080) d=0 taskParent=-1 inset=Rect(0, 0 - 0, 0) dim=true allowAppBgLayer=true},
12-04 21:33:55.877  2544  2987 V WindowManager: Sent Transition (#5775) createdAt=12-04 21:33:55.680 via request=TransitionRequestInfo { type = CLOSE, triggerTask = TaskInfo{userId=0 taskId=18179 effectiveUid=11212 displayId=0 isRunning=true baseIntent=Intent { act=android.intent.action.MAIN cat=[android.intent.category.LAUNCHER] flg=0x34000000 pkg=com.risa.app cmp=com.risa.app/.MainActivity } baseActivity=ComponentInfo{com.risa.app/com.risa.app.MainActivity} topActivity=ComponentInfo{com.risa.app/com.risa.app.MainActivity} origActivity=null realActivity=ComponentInfo{com.risa.app/com.risa.app.MainActivity} numActivities=1 lastActiveTime=224044689 supportsMultiWindow=true resizeMode=2 isResizeable=true minWidth=-1 minHeight=-1 maxWidth=-1 maxHeight=-1 defaultMinSize=220 desktopDefaultMinSize=304 token=WCT{RemoteToken{2243f36 Task{72d698e #18179 type=standard I=com.risa.app/.MainActivity}}} topActivityType=1 pictureInPictureParams=null shouldDockBigOverlays=false launchIntoPipHostTaskId=-1 lastParentTaskIdBeforePip=-1 displayCutoutSafeInsets=Rect(0, 0 - 0, 0) topActivityInfo=ActivityInfo{277ff0e com.risa.app.MainActivity} launchCookies=[android.os.BinderProxy@9e5e28b] positionInParent=Point(0, 0) parentTaskId=-1 isFocused=true isVisible=true isVisibleRequested=true isTopActivityNoDisplay=false isSleeping=false locusId=null displayAreaFeatureId=1 isTopActivityTransparent=false isActivityStackTransparent=false lastNonFullscreenBounds=Rect(81, 559 - 999, 1729) capturedLink=null capturedLinkTimestamp=0 requestedVisibleTypes=-9 topActivityRequestOpenInBrowserEducationTimestamp=0 appCompatTaskInfo=AppCompatTaskInfo { topActivityInSizeCompat=false eligibleForLetterboxEducation= false isLetterboxEducationEnabled= false isLetterboxDoubleTapEnabled= false eligibleForUserAspectRatioButton= false topActivityBoundsLetterboxed= false isFromLetterboxDoubleTap= false topActivityLetterboxVerticalPosition= -1 topActivityLetterboxHorizontalPosition= -1 topActivityLetterboxWidth=-1 topActivityLetterboxHeight=-1 topActivityAppBounds=Rect(0, 0 - 2340, 1080) isUserFullscreenOverrideEnabled=false isSystemFullscreenOverrideEnabled=false hasMinAspectRatioOverride=false topActivityLetterboxBounds=null cameraCompatTaskInfo=CameraCompatTaskInfo { freeformCameraCompatMode=inactive} topActivityBounds=null topActivityInDisplayCompat=false singleTapFromLetterbox=false} topActivityMainWindowFrame=null originallySupportedMultiWindow=true hasWallpaper=false rootAffinity=null isTopTaskInStage=false CoverLauncherWidgetTask=false LaunchedFromAppsCoverLauncherTask=false LaunchedFromMultistarCoverLauncherTask=false isAllowedSeamlessRotation=false isTopTransparentActivity=true isAliasManaged=false hasConfigChanged=false snappingGuideBounds=null isAiKeyRemoveAppTask=false lastDesktopWindowingBounds=null lastExternalDesktopWindowingBounds=null safeCutoutInsets=null}, pipChange = null, remoteTransition = null, displayChange = null, flags = 16, debugId = 5775 }
12-04 21:33:55.877  2544  2987 V WindowManager:         {WCT{RemoteToken{2243f36 Task{72d698e #18179 type=standard I=com.risa.app/.MainActivity}}} m=CLOSE f=EDGE_EXTENSION_RESTRICTION leash=Surface(name=Task=18179)/@0x87d9bf8 sb=Rect(0, 0 - 2340, 1080) eb=Rect(0, 0 - 2340, 1080) epz=Point(2340, 1080) d=0 taskParent=-1 inset=Rect(0, 0 - 0, 0) dim=true allowAppBgLayer=true},
12-04 21:33:56.067  2544  6785 V WindowManager:    ChangeInfo{88f9011 container=Task{72d698e #18179 type=standard I=com.risa.app/.MainActivity} flags=0x10}
12-04 21:33:56.067  2544  6785 V WindowManager:    ChangeInfo{a9e7fe4 container=ActivityRecord{216376713 u0 com.risa.app/.MainActivity t18179 f} isExiting} flags=0x0}
12-04 21:33:56.067  2544  6785 V WindowManager: Setting visibility of Window{25d0e93 u0 com.risa.app/com.risa.app.MainActivity EXITING}: false, caller=com.android.server.wm.WindowContainer.sendAppVisibilityToClients:19 com.android.server.wm.WindowToken.setClientVisible:48 com.android.server.wm.ActivityRecord.commitVisibility:186 com.android.server.wm.TransitionController.finishTransition:846 com.android.server.wm.WindowOrganizerController.finishTransitionInner:31 
12-04 21:33:56.068  2544  6785 W WindowManager: Exception thrown during dispatchAppVisibility Window{25d0e93 u0 com.risa.app/com.risa.app.MainActivity EXITING}
12-04 21:33:56.069  2544  6785 D WindowManager: prepareSync <SYNC_STATE_WAITING_FOR_DRAW>, mPrepareSyncSeqId=0, win=Window{25d0e93 u0 com.risa.app/com.risa.app.MainActivity EXITING}
12-04 21:33:56.070  2544  6785 D ChangeTransitionController:    ChangeInfo{88f9011 container=Task{72d698e #18179 type=standard I=com.risa.app/.MainActivity} flags=0x10}
12-04 21:33:56.070  2544  6785 D ChangeTransitionController:    ChangeInfo{a9e7fe4 container=ActivityRecord{216376713 u0 com.risa.app/.MainActivity t18179 f} isExiting} flags=0x0}
12-04 21:33:56.297  2544  6799 V WindowManager: Remove Window{25d0e93 u0 com.risa.app/com.risa.app.MainActivity EXITING}: mSurfaceControl=Surface(name=com.risa.app/com.risa.app.MainActivity$_15080)/@0xe47bba2 mAnimatingExit=true mRemoveOnExit=true mHasSurface=true surfaceShowing=true animating=false app-animation=false callers=com.android.server.wm.WindowToken.removeAllWindowsIfPossible:45 com.android.server.wm.WindowToken.removeIfPossible:16 com.android.server.wm.WindowToken.handleCompleteDeferredRemoval:5 com.android.server.wm.WindowContainer.handleCompleteDeferredRemoval:21 com.android.server.wm.TaskFragment.handleCompleteDeferredRemoval:17 com.android.server.wm.WindowContainer.handleCompleteDeferredRemoval:21 
12-04 21:33:56.297  2544  6799 V WindowManager: Remove Window{25d0e93 u0 com.risa.app/com.risa.app.MainActivity EXITING}: mSurfaceControl=Surface(name=com.risa.app/com.risa.app.MainActivity$_15080)/@0xe47bba2 mAnimatingExit=true mRemoveOnExit=true mHasSurface=true surfaceShowing=true animating=false app-animation=false callers=com.android.server.wm.WindowToken.removeAllWindowsIfPossible:45 com.android.server.wm.WindowToken.removeIfPossible:16 com.android.server.wm.ActivityRecord.onRemovedFromDisplay:407 com.android.server.wm.ActivityRecord.removeImmediately:46 com.android.server.wm.WindowToken.removeIfPossible:19 com.android.server.wm.WindowToken.handleCompleteDeferredRemoval:5 
12-04 21:34:27.451  2544  6799 I Pageboost: onAppLaunch : com.risa.app
12-04 21:34:27.453  2544  6799 D ActivityTaskManager: DesktopModeLaunchParamsModifier: task=Task{72d698e #18179 type=standard I=com.risa.app/.MainActivity} activity=null non-desktop, skipping
12-04 21:34:27.453  2544  6799 D ActivityTaskManager: TaskLaunchParamsModifier:task=Task{72d698e #18179 type=standard I=com.risa.app/.MainActivity} activity=null display-from-option=0 display-id=0 task-display-area-windowing-mode=1 suggested-display-area=DefaultTaskDisplayArea_d0@221097765
12-04 21:34:27.455  2544  6799 V WindowManager: Collecting in transition 5778: ActivityRecord{241371014 u0 com.risa.app/.MainActivity, caller=com.android.server.wm.TransitionController.collect:7 com.android.server.wm.ActivityStarter.startActivityUnchecked:98 com.android.server.wm.ActivityStarter.executeRequest:3651 com.android.server.wm.ActivityStarter.execute:1752 com.android.server.wm.ActivityStartController.startActivityInPackage:33 
12-04 21:34:27.455  2544  6799 D ActivityTaskManager: DesktopModeLaunchParamsModifier: task=Task{72d698e #18179 type=standard I=com.risa.app/.MainActivity} activity=ActivityRecord{241371014 u0 com.risa.app/.MainActivity t-1} non-desktop, skipping
12-04 21:34:27.455  2544  6799 D ActivityTaskManager: TaskLaunchParamsModifier:task=Task{72d698e #18179 type=standard I=com.risa.app/.MainActivity} activity=ActivityRecord{241371014 u0 com.risa.app/.MainActivity t-1} display-from-option=0 display-id=0 task-display-area-windowing-mode=1 suggested-display-area=DefaultTaskDisplayArea_d0@221097765
12-04 21:34:27.455  2544  6799 D ActivityTaskManager: DesktopModeLaunchParamsModifier: task=Task{72d698e #18179 type=standard I=com.risa.app/.MainActivity} activity=ActivityRecord{241371014 u0 com.risa.app/.MainActivity t-1} non-desktop, skipping
12-04 21:34:27.455  2544  6799 D ActivityTaskManager: TaskLaunchParamsModifier:task=Task{72d698e #18179 type=standard I=com.risa.app/.MainActivity} activity=ActivityRecord{241371014 u0 com.risa.app/.MainActivity t-1} display-from-option=0 display-id=0 task-display-area-windowing-mode=1 suggested-display-area=DefaultTaskDisplayArea_d0@221097765 inherit-from-task=fullscreen non-freeform-task-display-area display-area=DefaultTaskDisplayArea_d0@221097765 activity-requested-landscape freeform-size-mismatch=Rect(81, 559 - 999, 1729)
12-04 21:34:27.465  2544  6799 V WindowManager: Collecting in transition 5778: ActivityRecord{241371014 u0 com.risa.app/.MainActivity t18179}, caller=com.android.server.wm.Transition.collectExistenceChange:40 com.android.server.wm.ActivityStarter.handleStartResult:761 com.android.server.wm.ActivityStarter.startActivityUnchecked:124 com.android.server.wm.ActivityStarter.executeRequest:3651 com.android.server.wm.ActivityStarter.execute:1752 
12-04 21:34:27.465  2544  6799 V WindowManager:    ChangeInfo{d44b20c container=Task{72d698e #18179 type=standard I=com.risa.app/.MainActivity} flags=0x0}
12-04 21:34:27.465  2544  6799 V WindowManager:    ChangeInfo{b32da5b container=ActivityRecord{241371014 u0 com.risa.app/.MainActivity t18179} flags=0x0}
12-04 21:34:27.466  2544  6799 I ActivityTaskManager: START u0 {act=android.intent.action.MAIN cat=[android.intent.category.LAUNCHER] flg=0x34100000 xflg=0x4 pkg=com.risa.app cmp=com.risa.app/.MainActivity} with LAUNCH_SINGLE_TOP from uid 10082 (realCallingUid=10150) (BAL_ALLOW_VISIBLE_WINDOW [realCaller]) result code=0
12-04 21:34:27.466  4344  4447 V WindowManagerShell: Transition requested (#5778): android.os.BinderProxy@499d129 TransitionRequestInfo { type = OPEN, triggerTask = TaskInfo{userId=0 taskId=18179 effectiveUid=11212 displayId=0 isRunning=true baseIntent=Intent { act=android.intent.action.MAIN cat=[android.intent.category.LAUNCHER] flg=0x34100000 pkg=com.risa.app cmp=com.risa.app/.MainActivity } baseActivity=ComponentInfo{com.risa.app/com.risa.app.MainActivity} topActivity=ComponentInfo{com.risa.app/com.risa.app.MainActivity} origActivity=null realActivity=ComponentInfo{com.risa.app/com.risa.app.MainActivity} numActivities=1 lastActiveTime=224140518 supportsMultiWindow=true resizeMode=2 isResizeable=true minWidth=-1 minHeight=-1 maxWidth=-1 maxHeight=-1 defaultMinSize=220 desktopDefaultMinSize=304 token=WCT{android.window.IWindowContainerToken$Stub$Proxy@1eebcae} topActivityType=1 pictureInPictureParams=null shouldDockBigOverlays=false launchIntoPipHostTaskId=-1 lastParentTaskIdBeforePip=-1 displayCutoutSafeInsets=Rect(0, 84 - 0, 0) topActivityInfo=ActivityInfo{cb78a4f com.risa.app.MainActivity} launchCookies=[android.os.BinderProxy@e6425dc] positionInParent=Point(0, 0) parentTaskId=-1 isFocused=false isVisible=false isVisibleRequested=false isTopActivityNoDisplay=false isSleeping=false locusId=null displayAreaFeatureId=1 isTopActivityTransparent=false isActivityStackTransparent=false lastNonFullscreenBounds=Rect(81, 559 - 999, 1729) capturedLink=null capturedLinkTimestamp=0 requestedVisibleTypes=-9 topActivityRequestOpenInBrowserEducationTimestamp=0 appCompatTaskInfo=AppCompatTaskInfo { topActivityInSizeCompat=false eligibleForLetterboxEducation= false isLetterboxEducationEnabled= false isLetterboxDoubleTapEnabled= false eligibleForUserAspectRatioButton= false topActivityBoundsLetterboxed= false isFromLetterboxDoubleTap= false topActivityLetterboxVerticalPosition= -1 topActivityLetterboxHorizontalPosition= -1 topActivityLetterboxWidth=-1 topActivityLetterboxHeight=-1 topActivityAppBounds=Rect(0, 0 - 1080, 2340) isUserFullscreenOverrideEnabled=false isSystemFullscreenOverrideEnabled=false hasMinAspectRatioOverride=false topActivityLetterboxBounds=null cameraCompatTaskInfo=CameraCompatTaskInfo { freeformCameraCompatMode=inactive} topActivityBounds=null topActivityInDisplayCompat=false singleTapFromLetterbox=false} topActivityMainWindowFrame=null originallySupportedMultiWindow=true hasWallpaper=false rootAffinity=null isTopTaskInStage=false CoverLauncherWidgetTask=false LaunchedFromAppsCoverLauncherTask=false LaunchedFromMultistarCoverLauncherTask=false isAllowedSeamlessRotation=false isTopTransparentActivity=false isAliasManaged=false hasConfigChanged=false snappingGuideBounds=null isAiKeyRemoveAppTask=false lastDesktopWindowingBounds=null lastExternalDesktopWindowingBounds=null safeCutoutInsets=null}, pipChange = null, remoteTransition = RemoteTransition { remoteTransition = android.window.IRemoteTransition$Stub$Proxy@85556e5, appThread = android.app.IApplicationThread$Stub$Proxy@6edf5ba, debugName = QuickstepLaunchflags =NONE }, displayChange = null, flags = 0, debugId = 5778 }
12-04 21:34:27.471  2544  3538 V WindowManager: Add starting ActivityRecord{241371014 u0 com.risa.app/.MainActivity t18179}: startingData=SplashScreenStartingData{73ac137 removeAfterTransaction= 0}
12-04 21:34:27.471  2544  3538 V WindowManager: Added starting ActivityRecord{241371014 u0 com.risa.app/.MainActivity t18179}: startingWindow=null startingView=com.android.server.wm.StartingSurfaceController$StartingSurface@26d36a4
12-04 21:34:27.471  2544  3538 V WindowManager: Collecting in transition 5778: ActivityRecord{241371014 u0 com.risa.app/.MainActivity t18179}, caller=com.android.server.wm.TransitionController.collect:7 com.android.server.wm.ActivityRecord.setVisibility:132 com.android.server.wm.EnsureActivitiesVisibleHelper.process:459 com.android.server.wm.TaskFragment.updateActivityVisibilities:12 com.android.server.wm.Task$$ExternalSyntheticLambda37.accept:37 
12-04 21:34:27.490  2544  3037 I ActivityManager: Start proc 20734:com.risa.app/u0a1212 for next-top-activity {com.risa.app/com.risa.app.MainActivity}
12-04 21:34:27.490  2544  3037 D DynamicHiddenApp_BGProtectManager: [SecIpm] it's a ML_TYPE_EMPTYPROCESS protected process com.risa.app
12-04 21:34:27.492  2544  4516 D WindowManager: prepareSync <SYNC_STATE_WAITING_FOR_DRAW>, mPrepareSyncSeqId=0, win=Window{2ece640 u0 Splash Screen com.risa.app}
12-04 21:34:27.493  2544  4516 V WindowManager: addWindow: ActivityRecord{241371014 u0 com.risa.app/.MainActivity t18179} startingWindow=Window{2ece640 u0 Splash Screen com.risa.app}
12-04 21:34:27.493  2544  4516 D WindowManager: rotationForOrientation, orientationSource=ActivityRecord{241371014 u0 com.risa.app/.MainActivity t18179}
12-04 21:34:27.493  2544  4516 D ActivityTaskManager: applyFixedRotationTransform, r=ActivityRecord{241371014 u0 com.risa.app/.MainActivity t18179}, caller=com.android.server.wm.ActivityRecord.applyFixedRotationTransform:20 com.android.server.wm.DisplayContent.startFixedRotationTransform:63 com.android.server.wm.DisplayContent.setFixedRotationLaunchingApp:47 com.android.server.wm.DisplayContent.handleTopActivityLaunchingInDifferentOrientation:286 com.android.server.wm.DisplayContent.updateOrientation:40 
12-04 21:34:27.495  2544  4516 D WindowManager: setFixedRotationLaunchingAppUnchecked, rotation=1, r=ActivityRecord{241371014 u0 com.risa.app/.MainActivity t18179}, caller=com.android.server.wm.DisplayContent.setFixedRotationLaunchingAppUnchecked:131 com.android.server.wm.DisplayContent.setFixedRotationLaunchingApp:50 com.android.server.wm.DisplayContent.handleTopActivityLaunchingInDifferentOrientation:286 com.android.server.wm.DisplayContent.updateOrientation:40 com.android.server.wm.WindowManagerService.addWindowInner:690 
12-04 21:34:27.506  2544  3538 D WindowManager: makeSurface duration=0 name=Splash Screen com.risa.app$_4344
12-04 21:34:27.514  2544  6799 D WindowManager: finishDrawingWindow: Window{2ece640 u0 Splash Screen com.risa.app} mDrawState=DRAW_PENDING seqId=0
12-04 21:34:27.514  2544  6799 V WindowManager: Finishing drawing window Window{2ece640 u0 Splash Screen com.risa.app}: mDrawState=DRAW_PENDING
12-04 21:34:27.514  2544  6799 V WindowManager: Draw state now committed in Window{2ece640 u0 Splash Screen com.risa.app}
12-04 21:34:27.515  2544  2991 V WindowManager: performShowLocked: mDrawState=HAS_DRAWN in Window{2ece640 u0 Splash Screen com.risa.app}
12-04 21:34:27.515  2544  2991 D WindowManagerServiceExt: updateTaskbarTargetIfNeeded: cn=ComponentInfo{com.risa.app/com.risa.app.MainActivity} occludesParent=true isInSplitScreenMode=false
12-04 21:34:27.515  2544  2991 D ChangeTransitionController:    ChangeInfo{d44b20c container=Task{72d698e #18179 type=standard I=com.risa.app/.MainActivity} flags=0x0}
12-04 21:34:27.515  2544  2991 D ChangeTransitionController:    ChangeInfo{b32da5b container=ActivityRecord{241371014 u0 com.risa.app/.MainActivity t18179} flags=0x0}
12-04 21:34:27.515  2544  2991 V WindowManager: Start calculating TransitionInfo based on participants: {Task{72d698e #18179 type=standard I=com.risa.app/.MainActivity}, WallpaperWindowToken{a781f52 showWhenLocked=true}_<lock>, ActivityRecord{241371014 u0 com.risa.app/.MainActivity t18179}, WallpaperWindowToken{e938275 showWhenLocked=false}_<system>, ActivityRecord{256529153 u0 com.sec.android.app.launcher/com.android.quickstep.RecentsActivity t17747}}
12-04 21:34:27.515  2544  2991 V WindowManager:   Final targets: [ChangeInfo{d44b20c container=Task{72d698e #18179 type=standard I=com.risa.app/.MainActivity} flags=0x30}, ChangeInfo{b814acc container=Task{bb5d5a6 #17747 type=recents I=com.sec.android.app.launcher/com.android.quickstep.RecentsActivity} flags=0x10}, ChangeInfo{9f3115 container=WallpaperWindowToken{e938275 showWhenLocked=false}_<system> flags=0x0}]
12-04 21:34:27.516  2544  2991 V WindowManager:         {WCT{RemoteToken{2243f36 Task{72d698e #18179 type=standard I=com.risa.app/.MainActivity}}} m=TO_FRONT f=MOVE_TO_TOP leash=Surface(name=Task=18179)/@0x6de47b8 sb=Rect(0, 0 - 1080, 2340) eb=Rect(0, 0 - 1080, 2340) epz=Point(1080, 2340) d=0 endFixedRotation=1 taskParent=-1 inset=Rect(84, 84 - 0, 0) dim=true},
12-04 21:34:27.517  2544  2987 V WindowManager: Sent Transition (#5778) createdAt=12-04 21:34:27.454 via request=TransitionRequestInfo { type = OPEN, triggerTask = TaskInfo{userId=0 taskId=18179 effectiveUid=11212 displayId=0 isRunning=true baseIntent=Intent { act=android.intent.action.MAIN cat=[android.intent.category.LAUNCHER] flg=0x34100000 pkg=com.risa.app cmp=com.risa.app/.MainActivity } baseActivity=ComponentInfo{com.risa.app/com.risa.app.MainActivity} topActivity=ComponentInfo{com.risa.app/com.risa.app.MainActivity} origActivity=null realActivity=ComponentInfo{com.risa.app/com.risa.app.MainActivity} numActivities=1 lastActiveTime=224140518 supportsMultiWindow=true resizeMode=2 isResizeable=true minWidth=-1 minHeight=-1 maxWidth=-1 maxHeight=-1 defaultMinSize=220 desktopDefaultMinSize=304 token=WCT{RemoteToken{2243f36 Task{72d698e #18179 type=standard I=com.risa.app/.MainActivity}}} topActivityType=1 pictureInPictureParams=null shouldDockBigOverlays=false launchIntoPipHostTaskId=-1 lastParentTaskIdBeforePip=-1 displayCutoutSafeInsets=Rect(0, 84 - 0, 0) topActivityInfo=ActivityInfo{e9c30f6 com.risa.app.MainActivity} launchCookies=[android.os.BinderProxy@3affcf7] positionInParent=Point(0, 0) parentTaskId=-1 isFocused=false isVisible=false isVisibleRequested=false isTopActivityNoDisplay=false isSleeping=false locusId=null displayAreaFeatureId=1 isTopActivityTransparent=false isActivityStackTransparent=false lastNonFullscreenBounds=Rect(81, 559 - 999, 1729) capturedLink=null capturedLinkTimestamp=0 requestedVisibleTypes=-9 topActivityRequestOpenInBrowserEducationTimestamp=0 appCompatTaskInfo=AppCompatTaskInfo { topActivityInSizeCompat=false eligibleForLetterboxEducation= false isLetterboxEducationEnabled= false isLetterboxDoubleTapEnabled= false eligibleForUserAspectRatioButton= false topActivityBoundsLetterboxed= false isFromLetterboxDoubleTap= false topActivityLetterboxVerticalPosition= -1 topActivityLetterboxHorizontalPosition= -1 topActivityLetterboxWidth=-1 topActivityLetterboxHeight=-1 topActivityAppBounds=Rect(0, 0 - 1080, 2340) isUserFullscreenOverrideEnabled=false isSystemFullscreenOverrideEnabled=false hasMinAspectRatioOverride=false topActivityLetterboxBounds=null cameraCompatTaskInfo=CameraCompatTaskInfo { freeformCameraCompatMode=inactive} topActivityBounds=null topActivityInDisplayCompat=false singleTapFromLetterbox=false} topActivityMainWindowFrame=null originallySupportedMultiWindow=true hasWallpaper=false rootAffinity=null isTopTaskInStage=false CoverLauncherWidgetTask=false LaunchedFromAppsCoverLauncherTask=false LaunchedFromMultistarCoverLauncherTask=false isAllowedSeamlessRotation=false isTopTransparentActivity=false isAliasManaged=false hasConfigChanged=false snappingGuideBounds=null isAiKeyRemoveAppTask=false lastDesktopWindowingBounds=null lastExternalDesktopWindowingBounds=null safeCutoutInsets=null}, pipChange = null, remoteTransition = RemoteTransition { remoteTransition = android.window.IRemoteTransition$Stub$Proxy@f0c2764, appThread = android.app.IApplicationThread$Stub$Proxy@7856dcd, debugName = QuickstepLaunchflags =NONE }, displayChange = null, flags = 0, debugId = 5778 }
12-04 21:34:27.517  2544  2987 V WindowManager:         {WCT{RemoteToken{2243f36 Task{72d698e #18179 type=standard I=com.risa.app/.MainActivity}}} m=TO_FRONT f=MOVE_TO_TOP leash=Surface(name=Task=18179)/@0x6de47b8 sb=Rect(0, 0 - 1080, 2340) eb=Rect(0, 0 - 1080, 2340) epz=Point(1080, 2340) d=0 endFixedRotation=1 taskParent=-1 inset=Rect(84, 84 - 0, 0) dim=true},
12-04 21:34:27.518  2544  2991 D InsetsSourceProvider: updateControlForTarget: control=InsetsSourceControl: {26dc0001 mType=navigationBars initiallyVisible mSurfacePosition=Point(0, 2205) mInsetsHint=Insets{left=0, top=0, right=0, bottom=135}}, target=Window{2ece640 u0 Splash Screen com.risa.app}, from=com.android.server.wm.InsetsStateController.onControlTargetChanged:83 com.android.server.wm.InsetsPolicy.updateBarControlTarget:225 com.android.server.wm.DisplayPolicy.updateSystemBarAttributes:262 com.android.server.wm.DisplayPolicy.finishPostLayoutPolicyLw:17 com.android.server.wm.RootWindowContainer.applySurfaceChangesTransaction$1:195 
12-04 21:34:27.518  2544  2991 D InsetsSourceProvider: updateControlForTarget: control=InsetsSourceControl: {112a0000 mType=statusBars initiallyVisible mSurfacePosition=Point(0, 0) mInsetsHint=Insets{left=0, top=84, right=0, bottom=0}}, target=Window{2ece640 u0 Splash Screen com.risa.app}, from=com.android.server.wm.InsetsStateController.onControlTargetChanged:83 com.android.server.wm.InsetsPolicy.updateBarControlTarget:212 com.android.server.wm.DisplayPolicy.updateSystemBarAttributes:262 com.android.server.wm.DisplayPolicy.finishPostLayoutPolicyLw:17 com.android.server.wm.RootWindowContainer.applySurfaceChangesTransaction$1:195 
12-04 21:34:27.518  2544  2991 D WindowManager: updateSystemBarAttributes: displayId=0, focusedCanBeNavColorWin=false, win=Window{2ece640 u0 Splash Screen com.risa.app}, navColorWin=Window{2ece640 u0 Splash Screen com.risa.app}, caller=com.android.server.wm.DisplayPolicy.finishPostLayoutPolicyLw:17 com.android.server.wm.RootWindowContainer.applySurfaceChangesTransaction$1:195 com.android.server.wm.RootWindowContainer.performSurfacePlacementNoTrace:59 
12-04 21:34:27.535  2544  3538 D SGM:GameManager: identifyGamePackage. com.risa.app, mCurrentUserId: 0, callingMethodInfo: com.samsung.android.game.IGameManagerService$Stub.onTransact(IGameManagerService.java:247)
12-04 21:34:27.563  2544  3538 D SGM:FgCheckThread: notifyAppCreated(), packageName: com.risa.app, userId: 0, sendRet: true
12-04 21:34:27.563  2544  3648 D SGM:FgCheckThread: onLooperPrepared(), msg: MSG_APP_CREATE, pkgName: com.risa.app, userId: 0
12-04 21:34:27.564  2544  3538 D SGM:FgCheckThread:   sendRunningComponentFocus(), pkgName: com.risa.app, userId: 0
12-04 21:34:27.564  2544  3648 D SGM:FgCheckThread: onLooperPrepared(), msg: MSG_TASK_FOCUSED, pkgName: com.risa.app, userId: 0
12-04 21:34:27.564  2544  3648 D SGM:FgCheckThread:   handleTaskFocused(), pkgName: com.risa.app, userID:0
12-04 21:34:27.564  2544  3648 D SGM:FgCheckThread:   handleResume(). pkgName: com.risa.app, userId: 0, category: non-game
12-04 21:34:27.564  2544  3648 D SGM:FgCheckThread: notifyFocusInOut(). of pkg: com.risa.app, type: 4, isSecGameFamily: false, userId: 0
12-04 21:34:27.565  2544  3538 D ActivityTaskManager: scheduleTopResumedActivityChanged, onTop=true, r=ActivityRecord{241371014 u0 com.risa.app/.MainActivity t18179}, caller=com.android.server.wm.ActivityTaskSupervisor.scheduleTopResumedActivityStateIfNeeded:18 com.android.server.wm.ActivityTaskSupervisor.updateTopResumedActivityIfNeeded:54 com.android.server.wm.TaskFragment.setResumedActivity:30 com.android.server.wm.ActivityRecord.setState:100 com.android.server.wm.ActivityTaskSupervisor.realStartActivityLocked:477 com.android.server.wm.RootWindowContainer.attachApplication:92 
12-04 21:34:27.565 20734 20734 D ActivityThread: com.risa.app will use render engine as VK
12-04 21:34:27.567  2544  2990 D SGM:GameManager: identifyGamePackage. com.risa.app, mCurrentUserId: 0, callingMethodInfo: com.samsung.android.game.SemGameManager.isGamePackage(SemGameManager.java:106)
12-04 21:34:27.567  2544  2990 D SGM:SemGameManager: isGamePackage(), pkgName=com.risa.app, ret=false
12-04 21:34:27.567  2544  2990 D SGM:FgCheckThread: noteResumeComponent(), received pkgName: com.risa.app, userId: 0
12-04 21:34:27.567  2544  3648 D SGM:FgCheckThread: onLooperPrepared(), msg: MSG_APP_RESUME, pkgName: com.risa.app, userid: 0
12-04 21:34:27.567  6896 24203 I SDHMS:k : handleResumeComponent : put = com.risa.app, userid = 0 instanceid =68761671
12-04 21:34:27.607  2544  2991 I WindowManager: notifyInsetsControlChanged, removed=false, win=Window{2ece640 u0 Splash Screen com.risa.app}, caller=com.android.server.wm.InsetsStateController$$ExternalSyntheticLambda1.run:137 com.android.server.wm.WindowAnimator$$ExternalSyntheticLambda2.onTransactionCommitted:26 android.view.SurfaceControl$Transaction$$ExternalSyntheticLambda4.run:0 android.os.Handler.handleCallback:995 android.os.Handler.dispatchMessage:103 android.os.Looper.loopOnce:273 
12-04 21:34:27.612  2544  6799 D SGM:GameManager: identifyGamePackage. com.risa.app, mCurrentUserId: 0, callingMethodInfo: com.samsung.android.game.IGameManagerService$Stub.onTransact(IGameManagerService.java:247)
12-04 21:34:27.663  2544  3727 D MdnieScenarioControlService:  packageName : com.risa.app    className : com.risa.app.MainActivity
12-04 21:34:27.728  2544  3538 V WindowManager:    ChangeInfo{d44b20c container=Task{72d698e #18179 type=standard I=com.risa.app/.MainActivity} flags=0x30}
12-04 21:34:27.728  2544  3538 V WindowManager:    ChangeInfo{b32da5b container=ActivityRecord{241371014 u0 com.risa.app/.MainActivity t18179} flags=0x0}
12-04 21:34:27.730  2544  3538 D WindowManager: prepareSync <SYNC_STATE_WAITING_FOR_DRAW>, mPrepareSyncSeqId=0, win=Window{2ece640 u0 Splash Screen com.risa.app}
12-04 21:34:27.730  2544  3538 V WindowManager: Override sync-method for 2ece640 Splash Screen com.risa.app because seamless rotating, caller=com.android.server.wm.DisplayContent.setSeamlessTransitionForFixedRotation:22 com.android.server.wm.DisplayContent.requestChangeTransition:96 com.android.server.wm.DisplayRotation.updateRotationUnchecked:760 com.android.server.wm.DisplayRotation.updateOrientation:79 com.android.server.wm.DisplayContent.continueUpdateOrientationForDiffOrienLaunchingApp:63 
12-04 21:34:27.730  2544  3538 D ChangeTransitionController:    ChangeInfo{d44b20c container=Task{72d698e #18179 type=standard I=com.risa.app/.MainActivity} flags=0x30}
12-04 21:34:27.730  2544  3538 D ChangeTransitionController:    ChangeInfo{b32da5b container=ActivityRecord{241371014 u0 com.risa.app/.MainActivity t18179} flags=0x0}
12-04 21:34:27.744  2544  2990 V WindowManager: Collecting in transition 5779: Task{72d698e #18179 type=standard I=com.risa.app/.MainActivity}, caller=com.android.server.wm.TransitionController$$ExternalSyntheticLambda2.accept:34 com.android.server.wm.Task.forAllLeafTasks:6 com.android.server.wm.WindowContainer.forAllLeafTasks:4 com.android.server.wm.DisplayArea.forAllLeafTasks:4 com.android.server.wm.WindowContainer.forAllLeafTasks:4 
12-04 21:34:27.744  2544  2990 V WindowManager: Collecting in transition 5779: ActivityRecord{241371014 u0 com.risa.app/.MainActivity t18179}, caller=com.android.server.wm.TransitionController$$ExternalSyntheticLambda2.accept:21 com.android.server.wm.ActivityRecord.forAllActivities:2 com.android.server.wm.WindowContainer.forAllActivities:8 com.android.server.wm.WindowContainer.forAllActivities:6 com.android.server.wm.TransitionController$$ExternalSyntheticLambda2.accept:107 
12-04 21:34:27.754  2544  2990 D ChangeTransitionController:    ChangeInfo{9d8662e container=Task{72d698e #18179 type=standard I=com.risa.app/.MainActivity} flags=0x0}
12-04 21:34:27.754  2544  2990 D ChangeTransitionController:    ChangeInfo{c842e65 container=ActivityRecord{241371014 u0 com.risa.app/.MainActivity t18179} flags=0x0}
12-04 21:34:27.754  2544  2990 V WindowManager: Start calculating TransitionInfo based on participants: {Task{72d698e #18179 type=standard I=com.risa.app/.MainActivity}, Display{#0 state=ON size=2340x1080 ROTATION_90}, ActivityRecord{241371014 u0 com.risa.app/.MainActivity t18179}}
12-04 21:34:27.754  2544  2990 V WindowManager:   Final targets: [ChangeInfo{9d8662e container=Task{72d698e #18179 type=standard I=com.risa.app/.MainActivity} flags=0x0}, ChangeInfo{31ab5c container=DefaultTaskDisplayArea_d0@221097765 flags=0x10}, ChangeInfo{5d9b5cf container=Display{#0 state=ON size=2340x1080 ROTATION_90} flags=0x1}]
12-04 21:34:27.755  2544  2990 V WindowManager:         {WCT{RemoteToken{2243f36 Task{72d698e #18179 type=standard I=com.risa.app/.MainActivity}}} m=CHANGE f=NONE p=WCT{RemoteToken{8d9d00b DefaultTaskDisplayArea_d0@221097765}} leash=Surface(name=Task=18179)/@0x6de47b8 sb=Rect(0, 0 - 1080, 2340) eb=Rect(0, 0 - 2340, 1080) epz=Point(2340, 1080) d=0 r=0->1:-1 taskParent=-1 inset=Rect(84, 84 - 135, 0)},
12-04 21:34:27.756  2544  2987 V WindowManager:         {WCT{RemoteToken{2243f36 Task{72d698e #18179 type=standard I=com.risa.app/.MainActivity}}} m=CHANGE f=NONE p=WCT{RemoteToken{8d9d00b DefaultTaskDisplayArea_d0@221097765}} leash=Surface(name=Task=18179)/@0x6de47b8 sb=Rect(0, 0 - 1080, 2340) eb=Rect(0, 0 - 2340, 1080) epz=Point(2340, 1080) d=0 r=0->1:-1 taskParent=-1 inset=Rect(84, 84 - 135, 0)},
12-04 21:34:27.764  2544  5366 V WindowManager:    ChangeInfo{9d8662e container=Task{72d698e #18179 type=standard I=com.risa.app/.MainActivity} flags=0x0}
12-04 21:34:27.764  2544  5366 V WindowManager:    ChangeInfo{c842e65 container=ActivityRecord{241371014 u0 com.risa.app/.MainActivity t18179} flags=0x0}
12-04 21:34:27.765  2544  5366 D ChangeTransitionController:    ChangeInfo{9d8662e container=Task{72d698e #18179 type=standard I=com.risa.app/.MainActivity} flags=0x0}
12-04 21:34:27.765  2544  5366 D ChangeTransitionController:    ChangeInfo{c842e65 container=ActivityRecord{241371014 u0 com.risa.app/.MainActivity t18179} flags=0x0}
12-04 21:34:27.765  2544  5366 D WindowManager: rotationForOrientation, orientationSource=ActivityRecord{241371014 u0 com.risa.app/.MainActivity t18179}
12-04 21:34:27.801  2544  6868 D CoreBackPreview: Window{2858666 u0 com.risa.app/com.risa.app.MainActivity}: Setting back callback OnBackInvokedCallbackInfo{mCallback=android.window.IOnBackInvokedCallback$Stub$Proxy@d7a21bb, mPriority=-1, mIsAnimationCallback=false, mOverrideBehavior=0}
12-04 21:34:27.806  2544  4538 D WindowManager: makeSurface duration=0 name=com.risa.app/com.risa.app.MainActivity$_20734
12-04 21:34:27.806  2544  4538 D WindowManager: Changing focus from null to Window{2858666 u0 com.risa.app/com.risa.app.MainActivity} displayId=0 Callers=com.android.server.wm.WindowManagerService.relayoutWindow:1350 com.android.server.wm.Session.relayout:27 android.view.IWindowSession$Stub.onTransact:829 com.android.server.wm.Session.onTransact:1 
12-04 21:34:27.806  2544  4538 D InsetsSourceProvider: updateControlForTarget: control=InsetsSourceControl: {26dc0001 mType=navigationBars initiallyVisible mSurfacePosition=Point(0, 2205) mInsetsHint=Insets{left=0, top=0, right=135, bottom=0}}, target=Window{2858666 u0 com.risa.app/com.risa.app.MainActivity}, from=com.android.server.wm.InsetsStateController.onControlTargetChanged:83 com.android.server.wm.InsetsPolicy.updateBarControlTarget:225 com.android.server.wm.DisplayPolicy.updateSystemBarAttributes:262 com.android.server.wm.WindowManagerService.updateFocusedWindowLocked:372 com.android.server.wm.WindowManagerService.relayoutWindow:1350 
12-04 21:34:27.807  2544  4538 D InsetsSourceProvider: updateControlForTarget: control=InsetsSourceControl: {112a0000 mType=statusBars initiallyVisible mSurfacePosition=Point(0, 0) mInsetsHint=Insets{left=0, top=84, right=0, bottom=0}}, target=Window{2858666 u0 com.risa.app/com.risa.app.MainActivity}, from=com.android.server.wm.InsetsStateController.onControlTargetChanged:83 com.android.server.wm.InsetsPolicy.updateBarControlTarget:212 com.android.server.wm.DisplayPolicy.updateSystemBarAttributes:262 com.android.server.wm.WindowManagerService.updateFocusedWindowLocked:372 com.android.server.wm.WindowManagerService.relayoutWindow:1350 
12-04 21:34:27.807  2544  4538 V SystemKeyManager: updateFocusedWindow() is called, com.risa.app/com.risa.app.MainActivity
12-04 21:34:27.824  2544  2991 I WindowManager: notifyInsetsControlChanged, removed=false, win=Window{2ece640 u0 Splash Screen com.risa.app}, caller=com.android.server.wm.InsetsStateController$$ExternalSyntheticLambda1.run:137 com.android.server.wm.WindowAnimator$$ExternalSyntheticLambda2.onTransactionCommitted:26 android.view.SurfaceControl$Transaction$$ExternalSyntheticLambda4.run:0 android.os.Handler.handleCallback:995 android.os.Handler.dispatchMessage:103 android.os.Looper.loopOnce:273 
12-04 21:34:27.874  2544  6868 D WindowManager: rotationForOrientation, orientationSource=ActivityRecord{241371014 u0 com.risa.app/.MainActivity t18179}
12-04 21:34:27.881  2544  4538 D WindowManager: finishDrawingWindow: Window{2858666 u0 com.risa.app/com.risa.app.MainActivity} mDrawState=DRAW_PENDING seqId=0
12-04 21:34:27.882  2544  2991 V WindowManager: Finish starting ActivityRecord{241371014 u0 com.risa.app/.MainActivity t18179}: first real window is shown, no animation
12-04 21:34:27.882  2544  2991 V WindowManager: Schedule remove starting ActivityRecord{241371014 u0 com.risa.app/.MainActivity t18179} startingWindow=Window{2ece640 u0 Splash Screen com.risa.app} animate=true Callers=com.android.server.wm.ActivityRecord.removeStartingWindow:178 com.android.server.wm.WindowState.performShowLocked:155 com.android.server.wm.WindowStateAnimator.commitFinishDrawingLocked:73 com.android.server.wm.DisplayContent$$ExternalSyntheticLambda1.accept$com$android$server$wm$DisplayContent$$ExternalSyntheticLambda37:23 com.android.server.wm.DisplayContent$$ExternalSyntheticLambda1.accept:143 
12-04 21:34:27.882  2544  2991 D TaskOrganizerController: applyStartingWindowAnimation, window=Window{2858666 u0 com.risa.app/com.risa.app.MainActivity}, caller=com.android.server.wm.TaskOrganizerController.removeStartingWindow:132 com.android.server.wm.StartingSurfaceController$StartingSurface.remove:23 com.android.server.wm.ActivityRecord.removeStartingWindowAnimation:171 
12-04 21:34:27.882  2544  2991 I WindowManager: Reparenting to leash, surface=Surface(name=2858666 com.risa.app/com.risa.app.MainActivity)/@0x8f6f0ee, leashParent=Surface(name=ActivityRecord{241371014 u0 com.risa.app/.MainActivity t18179})/@0x4a1498f
12-04 21:34:27.883  2544  2991 D WindowManager: makeSurface duration=1 leash=Surface(name=Surface(name=2858666 com.risa.app/com.risa.app.MainActivity)/@0x8f6f0ee - animation-leash of starting_reveal)/@0xb0141c
12-04 21:34:27.883  2544  2991 V WindowManager: performShowLocked: mDrawState=HAS_DRAWN in Window{2858666 u0 com.risa.app/com.risa.app.MainActivity}
12-04 21:34:27.886  2544  2987 I Pageboost: Launch time gathered : pid 20734 com.risa.app 431
12-04 21:34:27.915  2544  2990 D SGM:FgCheckThread: getForegroundApp(), foregroundPkgName=com.risa.app
12-04 21:34:27.916  2544  2990 D SGM:FgCheckThread: noteStopComponent(), received pkgName: com.sec.android.app.launcher, focusedPkgName: com.risa.app, userId: 0
12-04 21:34:27.919  2544  6797 D InsetsSourceProvider: updateControlForTarget: control=InsetsSourceControl: {3 mType=ime mSurfacePosition=Point(84, 84) mInsetsHint=Insets{left=0, top=0, right=0, bottom=586}}, target=Window{2858666 u0 com.risa.app/com.risa.app.MainActivity}, from=com.android.server.wm.ImeInsetsSourceProvider.updateControlForTarget:17 com.android.server.wm.InsetsStateController.onControlTargetChanged:83 com.android.server.wm.DisplayContent.updateImeControlTarget:21 com.android.server.wm.DisplayContent.updateImeInputAndControlTarget:156 com.android.server.wm.WindowManagerService$LocalService.updateInputMethodTargetWindow:64 
12-04 21:34:27.921  2544  2988 D SGM:GameManager: identifyForegroundApp. com.risa.app, mCurrentUserId: 0, callerUserId: 0
12-04 21:34:27.923  2544  2988 D SGM:GameManager: identifyForegroundApp. com.risa.app, mCurrentUserId: 0, callerUserId: 0
12-04 21:34:27.945  2544  3538 D WindowManager: Starting window removed Window{2ece640 u0 Splash Screen com.risa.app}
12-04 21:34:27.945  2544  3538 I WindowManager: Cancelling animation restarting=false, leash=Surface(name=Surface(name=2858666 com.risa.app/com.risa.app.MainActivity)/@0x8f6f0ee - animation-leash of starting_reveal)/@0xb0141c
12-04 21:34:27.945  2544  3538 I WindowManager: Reparenting to original parent: Surface(name=ActivityRecord{241371014 u0 com.risa.app/.MainActivity t18179})/@0x4a1498f, destroy=false, surface=Surface(name=2858666 com.risa.app/com.risa.app.MainActivity)/@0x8f6f0ee
12-04 21:34:27.945  2544  3538 V WindowManager: Remove Window{2ece640 u0 Splash Screen com.risa.app}: mSurfaceControl=Surface(name=Splash Screen com.risa.app$_4344)/@0x4dfb477 mAnimatingExit=false mRemoveOnExit=false mHasSurface=true surfaceShowing=true animating=false app-animation=false callers=com.android.server.wm.Session.remove:16 android.view.IWindowSession$Stub.onTransact:804 com.android.server.wm.Session.onTransact:1 android.os.Binder.execTransactInternal:1462 android.os.Binder.execTransact:1401 <bottom of call stack> 
12-04 21:34:28.048  2544  3727 D MdnieScenarioControlService:  packageName : com.risa.app    className : com.risa.app.MainActivity
12-04 21:34:28.419  2544  2990 D SGM:GameManager: identifyForegroundApp. com.risa.app, mCurrentUserId: 0, callerUserId: 0
12-04 21:34:28.907  2544  3823 D SGM:GameManager: identifyGamePackage. com.risa.app, mCurrentUserId: 0, callingMethodInfo: com.samsung.android.game.SemGameManager.isGamePackage(SemGameManager.java:106)
12-04 21:34:28.907  2544  3823 D SGM:SemGameManager: isGamePackage(), pkgName=com.risa.app, ret=false
12-04 21:34:29.304  2544  6785 D CoreBackPreview: Window{2858666 u0 com.risa.app/com.risa.app.MainActivity}: Setting back callback OnBackInvokedCallbackInfo{mCallback=android.window.IOnBackInvokedCallback$Stub$Proxy@d60ba57, mPriority=0, mIsAnimationCallback=true, mOverrideBehavior=0}
12-04 21:34:31.933  2544  3823 D SGM:GameManager: identifyGamePackage. com.risa.app, mCurrentUserId: 0, callingMethodInfo: com.samsung.android.game.SemGameManager.isGamePackage(SemGameManager.java:106)
12-04 21:34:31.933  2544  3823 D SGM:SemGameManager: isGamePackage(), pkgName=com.risa.app, ret=false
12-04 21:34:32.413  2544  4538 D WindowManager: updateSystemBarAttributes: displayId=0, focusedCanBeNavColorWin=false, win=Window{2858666 u0 com.risa.app/com.risa.app.MainActivity}, navColorWin=Window{2858666 u0 com.risa.app/com.risa.app.MainActivity}, caller=com.android.server.wm.InsetsStateController.onRequestedVisibleTypesChanged:86 com.android.server.wm.InsetsPolicy.onRequestedVisibleTypesChanged:3 com.android.server.wm.Session.updateRequestedVisibleTypes:37 
12-04 21:34:32.430  2544  3538 D ContentCapturePerUserService: Notified activity assist data for activity: Token{4193847 ActivityRecord{241371014 u0 com.risa.app/.MainActivity t18179}} without a session Id
12-04 21:34:32.459  2544  4223 D CoreBackPreview: Window{2858666 u0 com.risa.app/com.risa.app.MainActivity}: Setting back callback OnBackInvokedCallbackInfo{mCallback=android.window.IOnBackInvokedCallback$Stub$Proxy@10a021f, mPriority=0, mIsAnimationCallback=true, mOverrideBehavior=0}
12-04 21:34:32.488  2544  2991 D InsetsSourceProvider: updateVisibility: serverVisible=true, clientVisible=true, source=InsetsSource: {3 mType=ime mFrame=[84,494][2205,1080] mVisible=true mFlags= mSideHint=BOTTOM mBoundingRects=null}, controlTarget=Window{2858666 u0 com.risa.app/com.risa.app.MainActivity}, from=com.android.server.wm.ImeInsetsSourceProvider.updateVisibility:7 com.android.server.wm.InsetsSourceProvider.setServerVisible:6 com.android.server.wm.ImeInsetsSourceProvider.setServerVisible:75 com.android.server.wm.InsetsSourceProvider.onPostLayout:30 com.android.server.wm.ImeInsetsSourceProvider.onPostLayout:3 com.android.server.wm.InsetsStateController.onPostLayout:26 com.android.server.wm.RootWindowContainer.applySurfaceChangesTransaction$1:203 com.android.server.wm.RootWindowContainer.performSurfacePlacementNoTrace:59 com.android.server.wm.WindowSurfacePlacer.performSurfacePlacement:166 com.android.server.wm.WindowSurfacePlacer$Traverser.run:14 
12-04 21:34:34.964  2544  3823 D SGM:GameManager: identifyGamePackage. com.risa.app, mCurrentUserId: 0, callingMethodInfo: com.samsung.android.game.SemGameManager.isGamePackage(SemGameManager.java:106)
12-04 21:34:34.964  2544  3823 D SGM:SemGameManager: isGamePackage(), pkgName=com.risa.app, ret=false
12-04 21:34:37.995  2544  3823 D SGM:GameManager: identifyGamePackage. com.risa.app, mCurrentUserId: 0, callingMethodInfo: com.samsung.android.game.SemGameManager.isGamePackage(SemGameManager.java:106)
12-04 21:34:37.995  2544  3823 D SGM:SemGameManager: isGamePackage(), pkgName=com.risa.app, ret=false
12-04 21:34:38.573  1168  1168 D io_stats: !@ Write_top(KB): kworker/u16:3(5325) 564 com.risa.app(20734) 276 martsuggestions(6708) 4
12-04 21:34:41.015  2544  3823 D SGM:GameManager: identifyGamePackage. com.risa.app, mCurrentUserId: 0, callingMethodInfo: com.samsung.android.game.SemGameManager.isGamePackage(SemGameManager.java:106)
12-04 21:34:41.015  2544  3823 D SGM:SemGameManager: isGamePackage(), pkgName=com.risa.app, ret=false
12-04 21:34:44.052  2544  3823 D SGM:GameManager: identifyGamePackage. com.risa.app, mCurrentUserId: 0, callingMethodInfo: com.samsung.android.game.SemGameManager.isGamePackage(SemGameManager.java:106)
12-04 21:34:44.053  2544  3823 D SGM:SemGameManager: isGamePackage(), pkgName=com.risa.app, ret=false
12-04 21:34:47.073  2544  3823 D SGM:GameManager: identifyGamePackage. com.risa.app, mCurrentUserId: 0, callingMethodInfo: com.samsung.android.game.SemGameManager.isGamePackage(SemGameManager.java:106)
12-04 21:34:47.074  2544  3823 D SGM:SemGameManager: isGamePackage(), pkgName=com.risa.app, ret=false
12-04 21:34:50.093  2544  3823 D SGM:GameManager: identifyGamePackage. com.risa.app, mCurrentUserId: 0, callingMethodInfo: com.samsung.android.game.SemGameManager.isGamePackage(SemGameManager.java:106)
12-04 21:34:50.094  2544  3823 D SGM:SemGameManager: isGamePackage(), pkgName=com.risa.app, ret=false
12-04 21:34:53.105  2544  3823 D SGM:GameManager: identifyGamePackage. com.risa.app, mCurrentUserId: 0, callingMethodInfo: com.samsung.android.game.SemGameManager.isGamePackage(SemGameManager.java:106)
12-04 21:34:53.105  2544  3823 D SGM:SemGameManager: isGamePackage(), pkgName=com.risa.app, ret=false
12-04 21:34:55.747  2544  6785 D CoreBackPreview: Window{2858666 u0 com.risa.app/com.risa.app.MainActivity}: Setting back callback OnBackInvokedCallbackInfo{mCallback=android.window.IOnBackInvokedCallback$Stub$Proxy@b1702ed, mPriority=0, mIsAnimationCallback=true, mOverrideBehavior=0}
12-04 21:34:55.781  2544  6868 D CoreBackPreview: Window{2858666 u0 com.risa.app/com.risa.app.MainActivity}: Setting back callback OnBackInvokedCallbackInfo{mCallback=android.window.IOnBackInvokedCallback$Stub$Proxy@82b800f, mPriority=0, mIsAnimationCallback=true, mOverrideBehavior=0}
12-04 21:34:55.801  2544  6868 D ContentCapturePerUserService: Notified activity assist data for activity: Token{4193847 ActivityRecord{241371014 u0 com.risa.app/.MainActivity t18179}} without a session Id
12-04 21:34:56.131  2544  3823 D SGM:GameManager: identifyGamePackage. com.risa.app, mCurrentUserId: 0, callingMethodInfo: com.samsung.android.game.SemGameManager.isGamePackage(SemGameManager.java:106)
12-04 21:34:56.131  2544  3823 D SGM:SemGameManager: isGamePackage(), pkgName=com.risa.app, ret=false
12-04 21:34:58.681  2544  4538 D CoreBackPreview: Window{2858666 u0 com.risa.app/com.risa.app.MainActivity}: Setting back callback OnBackInvokedCallbackInfo{mCallback=android.window.IOnBackInvokedCallback$Stub$Proxy@27fe4ad, mPriority=0, mIsAnimationCallback=true, mOverrideBehavior=0}
12-04 21:34:58.716  2544  6868 D CoreBackPreview: Window{2858666 u0 com.risa.app/com.risa.app.MainActivity}: Setting back callback OnBackInvokedCallbackInfo{mCallback=android.window.IOnBackInvokedCallback$Stub$Proxy@2e753cf, mPriority=0, mIsAnimationCallback=true, mOverrideBehavior=0}
12-04 21:34:58.732  2544  4223 D ContentCapturePerUserService: Notified activity assist data for activity: Token{4193847 ActivityRecord{241371014 u0 com.risa.app/.MainActivity t18179}} without a session Id
12-04 21:34:59.163  2544  3823 D SGM:GameManager: identifyGamePackage. com.risa.app, mCurrentUserId: 0, callingMethodInfo: com.samsung.android.game.SemGameManager.isGamePackage(SemGameManager.java:106)
12-04 21:34:59.163  2544  3823 D SGM:SemGameManager: isGamePackage(), pkgName=com.risa.app, ret=false
12-04 21:35:02.183  2544  3823 D SGM:GameManager: identifyGamePackage. com.risa.app, mCurrentUserId: 0, callingMethodInfo: com.samsung.android.game.SemGameManager.isGamePackage(SemGameManager.java:106)
12-04 21:35:02.186  2544  3823 D SGM:SemGameManager: isGamePackage(), pkgName=com.risa.app, ret=false
12-04 21:35:02.590  1168  1168 D io_stats: !@ Read_top(KB): gle.android.gms(3665) 33488 com.risa.app(20734) 156 cnss_diag(2147) 52
12-04 21:35:05.222  2544  3823 D SGM:GameManager: identifyGamePackage. com.risa.app, mCurrentUserId: 0, callingMethodInfo: com.samsung.android.game.SemGameManager.isGamePackage(SemGameManager.java:106)
12-04 21:35:05.223  2544  3823 D SGM:SemGameManager: isGamePackage(), pkgName=com.risa.app, ret=false
12-04 21:35:08.241  2544  3823 D SGM:GameManager: identifyGamePackage. com.risa.app, mCurrentUserId: 0, callingMethodInfo: com.samsung.android.game.SemGameManager.isGamePackage(SemGameManager.java:106)
12-04 21:35:08.242  2544  3823 D SGM:SemGameManager: isGamePackage(), pkgName=com.risa.app, ret=false
12-04 21:35:10.596  1168  1168 D io_stats: !@ Read_top(KB): kworker/u16:8(16259) 512 kworker/u16:0(20048) 256 com.risa.app(20734) 4
12-04 21:35:11.283  2544  3823 D SGM:GameManager: identifyGamePackage. com.risa.app, mCurrentUserId: 0, callingMethodInfo: com.samsung.android.game.SemGameManager.isGamePackage(SemGameManager.java:106)
12-04 21:35:11.283  2544  3823 D SGM:SemGameManager: isGamePackage(), pkgName=com.risa.app, ret=false
12-04 21:35:12.927  2544  4538 V WindowManager: Transition 5780: Set Task{72d698e #18179 type=standard I=com.risa.app/.MainActivity} as transient-hidden-task, caller=com.android.server.wm.Task.forAllTasks:4 com.android.server.wm.WindowContainer.forAllTasks:2 com.android.server.wm.DisplayArea.forAllTasks:9 
12-04 21:35:12.927  2544  4538 V WindowManager: Collecting in transition 5780: Task{72d698e #18179 type=standard I=com.risa.app/.MainActivity}, caller=com.android.server.wm.Transition$$ExternalSyntheticLambda20.test:119 com.android.server.wm.Task.forAllTasks:4 com.android.server.wm.WindowContainer.forAllTasks:2 com.android.server.wm.DisplayArea.forAllTasks:9 com.android.server.wm.Transition.setTransientLaunch:138 
