12-04 21:35:12.929  2544  4538 D ActivityTaskManager: scheduleTopResumedActivityChanged, onTop=false, r=ActivityRecord{241371014 u0 com.risa.app/.MainActivity t18179}, caller=com.android.server.wm.ActivityTaskSupervisor.scheduleTopResumedActivityStateLossIfNeeded:19 com.android.server.wm.ActivityTaskSupervisor.endDeferResume:21 com.android.server.wm.WindowOrganizerController.applyTransaction:186 com.android.server.wm.WindowOrganizerController.applyTransaction:16 com.android.server.wm.WindowOrganizerController$$ExternalSyntheticLambda5.onCollectStarted:27 com.android.server.wm.TransitionController.startCollectOrQueue:97 
12-04 21:35:12.938  2544  2988 D SGM:GameManager: identifyForegroundApp. com.risa.app, mCurrentUserId: 0, callerUserId: 0
12-04 21:35:12.938  2544  2988 D SGM:GameManager: identifyForegroundApp. com.risa.app, mCurrentUserId: 0, callerUserId: 0
12-04 21:35:13.062  2544  2991 D ChangeTransitionController:    ChangeInfo{7dca8d1 container=Task{72d698e #18179 type=standard I=com.risa.app/.MainActivity} flags=0x4}
12-04 21:35:13.062  2544  2991 V WindowManager: Start calculating TransitionInfo based on participants: {Task{72d698e #18179 type=standard I=com.risa.app/.MainActivity}, TransientLaunchOverlayToken{931dfdb token=android.os.BinderProxy@4e600ea}, Task{bb5d5a6 #17747 type=recents I=com.sec.android.app.launcher/com.android.quickstep.RecentsActivity}, WallpaperWindowToken{e938275 showWhenLocked=false}_<system>, ActivityRecord{256529153 u0 com.sec.android.app.launcher/com.android.quickstep.RecentsActivity t17747}}
12-04 21:35:13.062  2544  2991 V WindowManager:   Final targets: [ChangeInfo{dffa4 container=TransientLaunchOverlayToken{931dfdb token=android.os.BinderProxy@4e600ea} flags=0x0}, ChangeInfo{6b2010d container=Task{bb5d5a6 #17747 type=recents I=com.sec.android.app.launcher/com.android.quickstep.RecentsActivity} flags=0x30}, ChangeInfo{7dca8d1 container=Task{72d698e #18179 type=standard I=com.risa.app/.MainActivity} flags=0x4}, ChangeInfo{bba56d3 container=WallpaperWindowToken{e938275 showWhenLocked=false}_<system> flags=0x0}]
12-04 21:35:13.062  2544  2991 D WindowManager: setActiveRecents, recents=Task{bb5d5a6 #17747 type=recents I=com.sec.android.app.launcher/com.android.quickstep.RecentsActivity}, task=Task{72d698e #18179 type=standard I=com.risa.app/.MainActivity}, caller=com.android.server.wm.InputMonitor.setActiveRecents:33 com.android.server.wm.Transition.onTransactionReady:1795 com.android.server.wm.BLASTSyncEngine$SyncGroup.finishNow:240 
12-04 21:35:13.063  2544  2991 V WindowManager:         {WCT{RemoteToken{2243f36 Task{72d698e #18179 type=standard I=com.risa.app/.MainActivity}}} m=TO_BACK f=EDGE_EXTENSION_RESTRICTION leash=Surface(name=Task=18179)/@0x6de47b8 sb=Rect(0, 0 - 2340, 1080) eb=Rect(0, 0 - 2340, 1080) epz=Point(2340, 1080) d=0 taskParent=-1 inset=Rect(84, 84 - 135, 0) dim=true allowAppBgLayer=true},
12-04 21:35:13.067  2544  3727 D MdnieScenarioControlService:  packageName : com.risa.app    className : com.risa.app.MainActivity
12-04 21:35:13.075  2544  2987 V WindowManager:         {WCT{RemoteToken{2243f36 Task{72d698e #18179 type=standard I=com.risa.app/.MainActivity}}} m=TO_BACK f=EDGE_EXTENSION_RESTRICTION leash=Surface(name=Task=18179)/@0x6de47b8 sb=Rect(0, 0 - 2340, 1080) eb=Rect(0, 0 - 2340, 1080) epz=Point(2340, 1080) d=0 taskParent=-1 inset=Rect(84, 84 - 135, 0) dim=true allowAppBgLayer=true},
12-04 21:35:13.078  2544  4538 D WindowManager: Changing focus from Window{2858666 u0 com.risa.app/com.risa.app.MainActivity} to Window{3d49e7f u0 com.sec.android.app.launcher/com.android.quickstep.RecentsActivity} displayId=0 Callers=com.android.server.wm.ActivityTaskManagerService.setLastResumedActivityUncheckLocked:264 com.android.server.wm.ActivityTaskManagerService.setFocusedTask:19 com.android.server.wm.ActivityTaskManagerService.focusTopTask:53 android.app.IActivityTaskManager$Stub.onTransact:2020 
12-04 21:35:13.079  2544  4538 D WindowManager: updateSystemBarAttributes: displayId=0, focusedCanBeNavColorWin=false, win=Window{3d49e7f u0 com.sec.android.app.launcher/com.android.quickstep.RecentsActivity}, navColorWin=Window{2858666 u0 com.risa.app/com.risa.app.MainActivity}, caller=com.android.server.wm.WindowManagerService.updateFocusedWindowLocked:372 com.android.server.wm.ActivityTaskManagerService.setLastResumedActivityUncheckLocked:264 com.android.server.wm.ActivityTaskManagerService.setFocusedTask:19 
12-04 21:35:13.327  2544  3538 V WindowManager:    ChangeInfo{7dca8d1 container=Task{72d698e #18179 type=standard I=com.risa.app/.MainActivity} flags=0x4}
12-04 21:35:13.329  2544  3538 D ChangeTransitionController:    ChangeInfo{7dca8d1 container=Task{72d698e #18179 type=standard I=com.risa.app/.MainActivity} flags=0x4}
12-04 21:35:13.333  2544  2990 D SGM:FgCheckThread: notePauseComponent(), received pkgName: com.risa.app, userId: 0
12-04 21:35:13.379  2544  6785 V WindowManager: Setting visibility of Window{2858666 u0 com.risa.app/com.risa.app.MainActivity}: false, caller=com.android.server.wm.WindowContainer.sendAppVisibilityToClients:19 com.android.server.wm.WindowToken.setClientVisible:48 com.android.server.wm.ActivityRecord.activityStopped:189 com.android.server.wm.ActivityClientController.activityStopped:97 android.app.IActivityClientController$Stub.onTransact:740 
12-04 21:35:13.379  2544  6785 E WindowManager: win=Window{2858666 u0 com.risa.app/com.risa.app.MainActivity} destroySurfaces: appStopped=true cleanupOnResume=false win.mWindowRemovalAllowed=false win.mRemoveOnExit=false win.mViewVisibility=4 caller=com.android.server.wm.ActivityRecord.destroySurfaces:25 com.android.server.wm.ActivityRecord.activityStopped:192 com.android.server.wm.ActivityClientController.activityStopped:97 android.app.IActivityClientController$Stub.onTransact:740 com.android.server.wm.ActivityClientController.onTransact:1 android.os.Binder.execTransactInternal:1462 android.os.Binder.execTransact:1401 
12-04 21:35:13.379  2544  2990 D SGM:FgCheckThread: pkgName: com.risa.app is not in foreground
12-04 21:35:13.379  2544  2990 D SGM:FgCheckThread: noteStopComponent(), received pkgName: com.risa.app, focusedPkgName: com.sec.android.app.launcher, userId: 0
12-04 21:35:13.381  2544  6797 D CoreBackPreview: Window{2858666 u0 com.risa.app/com.risa.app.MainActivity}: Setting back callback OnBackInvokedCallbackInfo{mCallback=android.window.IOnBackInvokedCallback$Stub$Proxy@bddf417, mPriority=0, mIsAnimationCallback=true, mOverrideBehavior=0}
12-04 21:35:13.382  2544  3538 D InsetsSourceProvider: updateVisibility: serverVisible=true, clientVisible=false, source=InsetsSource: {3 mType=ime mFrame=[84,494][2205,1080] mVisible=false mFlags= mSideHint=BOTTOM mBoundingRects=null}, controlTarget=Window{2858666 u0 com.risa.app/com.risa.app.MainActivity}, from=com.android.server.wm.ImeInsetsSourceProvider.updateVisibility:7 com.android.server.wm.InsetsSourceProvider.setClientVisible:8 com.android.server.wm.ImeInsetsSourceProvider.setClientVisible:17 com.android.server.wm.InsetsSourceProvider.updateControlForTarget:152 com.android.server.wm.ImeInsetsSourceProvider.updateControlForTarget:17 com.android.server.wm.InsetsStateController.onControlTargetChanged:83 com.android.server.wm.DisplayContent.updateImeControlTarget:21 com.android.server.wm.DisplayContent.updateImeInputAndControlTarget:156 com.android.server.wm.WindowManagerService$LocalService.updateInputMethodTargetWindow:64 com.android.server.inputmethod.InputMethodManagerService$InputMethodPrivilegedOperationsImpl.reportStartInputAsync:34 
12-04 21:35:16.065  2544  4538 D WindowManager: prepareSync <SYNC_STATE_WAITING_FOR_DRAW>, mPrepareSyncSeqId=0, win=Window{2858666 u0 com.risa.app/com.risa.app.MainActivity}
12-04 21:35:18.338  2544  3538 D GMR     : bg_async : 20734 com.risa.app 700->900 state:15->16
12-04 21:35:18.339  2544 21536 D PerProcessNandswap$NandswapMsgHandler: startNandswapProcess to-delay Cached-ppn com.risa.app
12-04 21:35:18.789  2544  3538 V WindowManager: Collecting in transition 5785: Task{72d698e #18179 type=standard I=com.risa.app/.MainActivity}, caller=com.android.server.wm.TransitionController.collect:7 com.android.server.wm.ActivityTaskSupervisor.findTaskToMoveToFront:120 com.android.server.wm.ActivityTaskManagerService.moveTaskToFrontLocked:200 com.android.server.wm.ActivityTaskSupervisor.startActivityFromRecents:727 com.android.server.wm.ActivityTaskManagerService.startActivityFromRecents:32 
12-04 21:35:18.789  2544  3538 D WindowManager: prepareSync <SYNC_STATE_WAITING_FOR_DRAW>, mPrepareSyncSeqId=0, win=Window{2858666 u0 com.risa.app/com.risa.app.MainActivity}
12-04 21:35:18.793  2544  3538 V WindowManager: Add starting ActivityRecord{241371014 u0 com.risa.app/.MainActivity t18179}: startingData=SnapshotStartingData{f3a2d4 removeAfterTransaction= 0}
12-04 21:35:18.794  2544  3538 D ActivityTaskManager: applyFixedRotationTransform, r=ActivityRecord{241371014 u0 com.risa.app/.MainActivity t18179}, caller=com.android.server.wm.ActivityRecord.applyFixedRotationTransform:20 com.android.server.wm.DisplayContent.startFixedRotationTransform:63 com.android.server.wm.DisplayContent.setFixedRotationLaunchingApp:47 com.android.server.wm.DisplayContent.handleTopActivityLaunchingInDifferentOrientation:286 com.android.server.wm.SnapshotStartingData.createStartingSurface:84 
12-04 21:35:18.798  2544  3538 D WindowManager: setFixedRotationLaunchingAppUnchecked, rotation=1, r=ActivityRecord{241371014 u0 com.risa.app/.MainActivity t18179}, caller=com.android.server.wm.DisplayContent.setFixedRotationLaunchingAppUnchecked:131 com.android.server.wm.DisplayContent.setFixedRotationLaunchingApp:50 com.android.server.wm.DisplayContent.handleTopActivityLaunchingInDifferentOrientation:286 com.android.server.wm.SnapshotStartingData.createStartingSurface:84 com.android.server.wm.ActivityRecord.scheduleAddStartingWindow:35 
12-04 21:35:18.798  2544  3538 V WindowManager: Added starting ActivityRecord{241371014 u0 com.risa.app/.MainActivity t18179}: startingWindow=null startingView=com.android.server.wm.StartingSurfaceController$StartingSurface@5df7c3
12-04 21:35:18.798  2544  3538 V WindowManager:    ChangeInfo{d521840 container=Task{72d698e #18179 type=standard I=com.risa.app/.MainActivity} flags=0x0}
12-04 21:35:18.802  4344  4447 V WindowManagerShell: Transition requested (#5785): android.os.BinderProxy@2bfbff2 TransitionRequestInfo { type = TO_FRONT, triggerTask = TaskInfo{userId=0 taskId=18179 effectiveUid=11212 displayId=0 isRunning=true baseIntent=Intent { act=android.intent.action.MAIN cat=[android.intent.category.LAUNCHER] flg=0x34100000 pkg=com.risa.app cmp=com.risa.app/.MainActivity } baseActivity=ComponentInfo{com.risa.app/com.risa.app.MainActivity} topActivity=ComponentInfo{com.risa.app/com.risa.app.MainActivity} origActivity=null realActivity=ComponentInfo{com.risa.app/com.risa.app.MainActivity} numActivities=1 lastActiveTime=224172399 supportsMultiWindow=true resizeMode=2 isResizeable=true minWidth=-1 minHeight=-1 maxWidth=-1 maxHeight=-1 defaultMinSize=220 desktopDefaultMinSize=304 token=WCT{android.window.IWindowContainerToken$Stub$Proxy@f4ca643} topActivityType=1 pictureInPictureParams=null shouldDockBigOverlays=false launchIntoPipHostTaskId=-1 lastParentTaskIdBeforePip=-1 displayCutoutSafeInsets=Rect(0, 84 - 0, 0) topActivityInfo=ActivityInfo{91d64c0 com.risa.app.MainActivity} launchCookies=[android.os.BinderProxy@e6425dc] positionInParent=Point(0, 0) parentTaskId=-1 isFocused=false isVisible=false isVisibleRequested=false isTopActivityNoDisplay=false isSleeping=false locusId=null displayAreaFeatureId=1 isTopActivityTransparent=false isActivityStackTransparent=false lastNonFullscreenBounds=Rect(81, 559 - 999, 1729) capturedLink=null capturedLinkTimestamp=0 requestedVisibleTypes=-1 topActivityRequestOpenInBrowserEducationTimestamp=0 appCompatTaskInfo=AppCompatTaskInfo { topActivityInSizeCompat=false eligibleForLetterboxEducation= false isLetterboxEducationEnabled= false isLetterboxDoubleTapEnabled= false eligibleForUserAspectRatioButton= false topActivityBoundsLetterboxed= false isFromLetterboxDoubleTap= false topActivityLetterboxVerticalPosition= -1 topActivityLetterboxHorizontalPosition= -1 topActivityLetterboxWidth=-1 topActivityLetterboxHeight=-1 topActivityAppBounds=Rect(0, 0 - 2340, 1080) isUserFullscreenOverrideEnabled=false isSystemFullscreenOverrideEnabled=false hasMinAspectRatioOverride=false topActivityLetterboxBounds=null cameraCompatTaskInfo=CameraCompatTaskInfo { freeformCameraCompatMode=inactive} topActivityBounds=null topActivityInDisplayCompat=false singleTapFromLetterbox=false} topActivityMainWindowFrame=null originallySupportedMultiWindow=true hasWallpaper=false rootAffinity=null isTopTaskInStage=false CoverLauncherWidgetTask=false LaunchedFromAppsCoverLauncherTask=false LaunchedFromMultistarCoverLauncherTask=false isAllowedSeamlessRotation=false isTopTransparentActivity=false isAliasManaged=false hasConfigChanged=false snappingGuideBounds=null isAiKeyRemoveAppTask=false lastDesktopWindowingBounds=null lastExternalDesktopWindowingBounds=null safeCutoutInsets=null}, pipChange = null, remoteTransition = RemoteTransition { remoteTransition = android.window.IRemoteTransition$Stub$Proxy@2b695f9, appThread = android.app.IApplicationThread$Stub$Proxy@105e93e, debugName = QuickstepLaunchflags =NONE }, displayChange = null, flags = 0, debugId = 5785 }
12-04 21:35:18.804  2544  3538 V WindowManager: addWindow: ActivityRecord{241371014 u0 com.risa.app/.MainActivity t18179} startingWindow=Window{460786c u0 SnapshotStartingWindow for taskId=18179}
12-04 21:35:18.805  4344  4447 D WindowManagerShell: onActivityRestartAttempt: topActivity=ComponentInfo{com.risa.app/com.risa.app.MainActivity}, wasVisible=false
12-04 21:35:18.814  2544  6860 V WindowManager: Collecting in transition 5785: ActivityRecord{241371014 u0 com.risa.app/.MainActivity t18179}, caller=com.android.server.wm.TransitionController.collect:7 com.android.server.wm.ActivityRecord.setVisibility:132 com.android.server.wm.TaskFragment.resumeTopActivity:1662 com.android.server.wm.Task.resumeTopActivityInnerLocked:119 com.android.server.wm.Task.resumeTopActivityUncheckedLocked:23 
12-04 21:35:18.814  2544  6860 V WindowManager: Setting visibility of Window{2858666 u0 com.risa.app/com.risa.app.MainActivity}: true, caller=com.android.server.wm.WindowContainer.sendAppVisibilityToClients:19 com.android.server.wm.WindowToken.setClientVisible:48 com.android.server.wm.ActivityRecord.setVisibility:486 com.android.server.wm.TaskFragment.resumeTopActivity:1662 com.android.server.wm.Task.resumeTopActivityInnerLocked:119 
12-04 21:35:18.814  2544 21536 I PerProcessNandswap$NandswapMsgHandler: madvise_prefetch for com.risa.app
12-04 21:35:18.815  2544  6860 D SGM:FgCheckThread:   sendRunningComponentFocus(), pkgName: com.risa.app, userId: 0
12-04 21:35:18.815  2544  3648 D SGM:FgCheckThread: onLooperPrepared(), msg: MSG_TASK_FOCUSED, pkgName: com.risa.app, userId: 0
12-04 21:35:18.815  2544  3648 D SGM:FgCheckThread:   handleTaskFocused(), pkgName: com.risa.app, userID:0 mResumedPkgMap does not containsKey.
12-04 21:35:18.816  2544  6860 D ActivityTaskManager: scheduleTopResumedActivityChanged, onTop=true, r=ActivityRecord{241371014 u0 com.risa.app/.MainActivity t18179}, caller=com.android.server.wm.ActivityTaskSupervisor.scheduleTopResumedActivityStateIfNeeded:18 com.android.server.wm.ActivityTaskSupervisor.updateTopResumedActivityIfNeeded:54 com.android.server.wm.TaskFragment.setResumedActivity:30 com.android.server.wm.ActivityRecord.setState:100 com.android.server.wm.TaskFragment.resumeTopActivity:1705 com.android.server.wm.Task.resumeTopActivityInnerLocked:119 
12-04 21:35:18.817  2544  6860 D WindowManagerServiceExt: updateTaskbarTargetIfNeeded: cn=ComponentInfo{com.risa.app/com.risa.app.MainActivity} occludesParent=true isInSplitScreenMode=false
12-04 21:35:18.819  2544  6860 D ChangeTransitionController:    ChangeInfo{d521840 container=Task{72d698e #18179 type=standard I=com.risa.app/.MainActivity} flags=0x0}
12-04 21:35:18.819  2544  6860 D ChangeTransitionController:    ChangeInfo{712af58 container=ActivityRecord{241371014 u0 com.risa.app/.MainActivity t18179} flags=0x0}
12-04 21:35:18.819  2544  6860 V WindowManager: Start calculating TransitionInfo based on participants: {Task{72d698e #18179 type=standard I=com.risa.app/.MainActivity}, WallpaperWindowToken{a781f52 showWhenLocked=true}_<lock>, ActivityRecord{241371014 u0 com.risa.app/.MainActivity t18179}, WallpaperWindowToken{e938275 showWhenLocked=false}_<system>, ActivityRecord{256529153 u0 com.sec.android.app.launcher/com.android.quickstep.RecentsActivity t17747}}
12-04 21:35:18.819  2544  6860 V WindowManager:   Final targets: [ChangeInfo{d521840 container=Task{72d698e #18179 type=standard I=com.risa.app/.MainActivity} flags=0x30}, ChangeInfo{4649c3b container=Task{bb5d5a6 #17747 type=recents I=com.sec.android.app.launcher/com.android.quickstep.RecentsActivity} flags=0x10}, ChangeInfo{a71a8b1 container=WallpaperWindowToken{e938275 showWhenLocked=false}_<system> flags=0x0}]
12-04 21:35:18.820  2544  6860 V WindowManager:         {WCT{RemoteToken{2243f36 Task{72d698e #18179 type=standard I=com.risa.app/.MainActivity}}} m=TO_FRONT f=MOVE_TO_TOP leash=Surface(name=Task=18179)/@0x6de47b8 sb=Rect(0, 0 - 1080, 2340) eb=Rect(0, 0 - 1080, 2340) epz=Point(1080, 2340) d=0 endFixedRotation=1 taskParent=-1 inset=Rect(84, 84 - 0, 0) dim=true allowAppBgLayer=true},
12-04 21:35:18.821  2544  2987 V WindowManager: Sent Transition (#5785) createdAt=12-04 21:35:18.788 via request=TransitionRequestInfo { type = TO_FRONT, triggerTask = TaskInfo{userId=0 taskId=18179 effectiveUid=11212 displayId=0 isRunning=true baseIntent=Intent { act=android.intent.action.MAIN cat=[android.intent.category.LAUNCHER] flg=0x34100000 pkg=com.risa.app cmp=com.risa.app/.MainActivity } baseActivity=ComponentInfo{com.risa.app/com.risa.app.MainActivity} topActivity=ComponentInfo{com.risa.app/com.risa.app.MainActivity} origActivity=null realActivity=ComponentInfo{com.risa.app/com.risa.app.MainActivity} numActivities=1 lastActiveTime=224172399 supportsMultiWindow=true resizeMode=2 isResizeable=true minWidth=-1 minHeight=-1 maxWidth=-1 maxHeight=-1 defaultMinSize=220 desktopDefaultMinSize=304 token=WCT{RemoteToken{2243f36 Task{72d698e #18179 type=standard I=com.risa.app/.MainActivity}}} topActivityType=1 pictureInPictureParams=null shouldDockBigOverlays=false launchIntoPipHostTaskId=-1 lastParentTaskIdBeforePip=-1 displayCutoutSafeInsets=Rect(0, 84 - 0, 0) topActivityInfo=ActivityInfo{e9c30f6 com.risa.app.MainActivity} launchCookies=[android.os.BinderProxy@3affcf7] positionInParent=Point(0, 0) parentTaskId=-1 isFocused=false isVisible=false isVisibleRequested=false isTopActivityNoDisplay=false isSleeping=false locusId=null displayAreaFeatureId=1 isTopActivityTransparent=false isActivityStackTransparent=false lastNonFullscreenBounds=Rect(81, 559 - 999, 1729) capturedLink=null capturedLinkTimestamp=0 requestedVisibleTypes=-1 topActivityRequestOpenInBrowserEducationTimestamp=0 appCompatTaskInfo=AppCompatTaskInfo { topActivityInSizeCompat=false eligibleForLetterboxEducation= false isLetterboxEducationEnabled= false isLetterboxDoubleTapEnabled= false eligibleForUserAspectRatioButton= false topActivityBoundsLetterboxed= false isFromLetterboxDoubleTap= false topActivityLetterboxVerticalPosition= -1 topActivityLetterboxHorizontalPosition= -1 topActivityLetterboxWidth=-1 topActivityLetterboxHeight=-1 topActivityAppBounds=Rect(0, 0 - 2340, 1080) isUserFullscreenOverrideEnabled=false isSystemFullscreenOverrideEnabled=false hasMinAspectRatioOverride=false topActivityLetterboxBounds=null cameraCompatTaskInfo=CameraCompatTaskInfo { freeformCameraCompatMode=inactive} topActivityBounds=null topActivityInDisplayCompat=false singleTapFromLetterbox=false} topActivityMainWindowFrame=null originallySupportedMultiWindow=true hasWallpaper=false rootAffinity=null isTopTaskInStage=false CoverLauncherWidgetTask=false LaunchedFromAppsCoverLauncherTask=false LaunchedFromMultistarCoverLauncherTask=false isAllowedSeamlessRotation=false isTopTransparentActivity=false isAliasManaged=false hasConfigChanged=false snappingGuideBounds=null isAiKeyRemoveAppTask=false lastDesktopWindowingBounds=null lastExternalDesktopWindowingBounds=null safeCutoutInsets=null}, pipChange = null, remoteTransition = RemoteTransition { remoteTransition = android.window.IRemoteTransition$Stub$Proxy@faf6904, appThread = android.app.IApplicationThread$Stub$Proxy@cc71eed, debugName = QuickstepLaunchflags =NONE }, displayChange = null, flags = 0, debugId = 5785 }
12-04 21:35:18.821  2544  2987 V WindowManager:         {WCT{RemoteToken{2243f36 Task{72d698e #18179 type=standard I=com.risa.app/.MainActivity}}} m=TO_FRONT f=MOVE_TO_TOP leash=Surface(name=Task=18179)/@0x6de47b8 sb=Rect(0, 0 - 1080, 2340) eb=Rect(0, 0 - 1080, 2340) epz=Point(1080, 2340) d=0 endFixedRotation=1 taskParent=-1 inset=Rect(84, 84 - 0, 0) dim=true allowAppBgLayer=true},
12-04 21:35:18.823  2544  2991 D InsetsSourceProvider: updateControlForTarget: control=InsetsSourceControl: {26dc0001 mType=navigationBars initiallyVisible mSurfacePosition=Point(0, 2205) mInsetsHint=Insets{left=0, top=0, right=0, bottom=135}}, target=Window{2858666 u0 com.risa.app/com.risa.app.MainActivity}, from=com.android.server.wm.InsetsStateController.onControlTargetChanged:83 com.android.server.wm.InsetsPolicy.updateBarControlTarget:225 com.android.server.wm.DisplayPolicy.updateSystemBarAttributes:262 com.android.server.wm.DisplayPolicy.finishPostLayoutPolicyLw:17 com.android.server.wm.RootWindowContainer.applySurfaceChangesTransaction$1:195 
12-04 21:35:18.823  2544  2991 D InsetsSourceProvider: updateControlForTarget: control=InsetsSourceControl: {112a0000 mType=statusBars initiallyVisible mSurfacePosition=Point(0, 0) mInsetsHint=Insets{left=0, top=84, right=0, bottom=0}}, target=Window{2858666 u0 com.risa.app/com.risa.app.MainActivity}, from=com.android.server.wm.InsetsStateController.onControlTargetChanged:83 com.android.server.wm.InsetsPolicy.updateBarControlTarget:212 com.android.server.wm.DisplayPolicy.updateSystemBarAttributes:262 com.android.server.wm.DisplayPolicy.finishPostLayoutPolicyLw:17 com.android.server.wm.RootWindowContainer.applySurfaceChangesTransaction$1:195 
12-04 21:35:18.823  2544  2991 D WindowManager: updateSystemBarAttributes: displayId=0, focusedCanBeNavColorWin=false, win=Window{2858666 u0 com.risa.app/com.risa.app.MainActivity}, navColorWin=Window{3d49e7f u0 com.sec.android.app.launcher/com.android.quickstep.RecentsActivity}, caller=com.android.server.wm.DisplayPolicy.finishPostLayoutPolicyLw:17 com.android.server.wm.RootWindowContainer.applySurfaceChangesTransaction$1:195 com.android.server.wm.RootWindowContainer.performSurfacePlacementNoTrace:59 
12-04 21:35:18.829  2544  2990 D SGM:GameManager: identifyGamePackage. com.risa.app, mCurrentUserId: 0, callingMethodInfo: com.samsung.android.game.SemGameManager.isGamePackage(SemGameManager.java:106)
12-04 21:35:18.829  2544  2990 D SGM:SemGameManager: isGamePackage(), pkgName=com.risa.app, ret=false
12-04 21:35:18.830  2544  2990 D SGM:FgCheckThread: noteResumeComponent(), received pkgName: com.risa.app, userId: 0
12-04 21:35:18.830  6896  7543 I SDHMS:k : handleResumeComponent : put = com.risa.app, userid = 0 instanceid =68761671
12-04 21:35:18.831  2544  4538 D WindowManager: makeSurface duration=1 name=com.risa.app/com.risa.app.MainActivity$_20734
12-04 21:35:18.832  2544  3648 D SGM:FgCheckThread: onLooperPrepared(), msg: MSG_APP_RESUME, pkgName: com.risa.app, userid: 0
12-04 21:35:18.832  2544  3648 D SGM:FgCheckThread:   handleResume(). pkgName: com.risa.app, userId: 0, category: non-game
12-04 21:35:18.832  2544  3648 D SGM:FgCheckThread: notifyFocusInOut(). of pkg: com.risa.app, type: 4, isSecGameFamily: false, userId: 0
12-04 21:35:18.833  2544  4538 D WindowManager: Changing focus from null to Window{2858666 u0 com.risa.app/com.risa.app.MainActivity} displayId=0 Callers=com.android.server.wm.WindowManagerService.relayoutWindow:1350 com.android.server.wm.Session.relayout:27 android.view.IWindowSession$Stub.onTransact:829 com.android.server.wm.Session.onTransact:1 
12-04 21:35:18.833  2544  4538 V SystemKeyManager: updateFocusedWindow() is called, com.risa.app/com.risa.app.MainActivity
12-04 21:35:18.836  2544  6868 D SGM:GameManager: identifyForegroundApp. com.risa.app, mCurrentUserId: 0, callerUserId: 0
12-04 21:35:18.836  2544  2988 D SGM:GameManager: identifyForegroundApp. com.risa.app, mCurrentUserId: 0, callerUserId: 0
12-04 21:35:18.836  2544  2988 D SGM:GameManager: identifyForegroundApp. com.risa.app, mCurrentUserId: 0, callerUserId: 0
12-04 21:35:18.837  2544  4538 D SGM:GameManager: identifyGamePackage. com.risa.app, mCurrentUserId: 0, callingMethodInfo: com.samsung.android.game.IGameManagerService$Stub.onTransact(IGameManagerService.java:247)
12-04 21:35:18.863  2544  4538 D WindowManager: finishDrawingWindow: Window{2858666 u0 com.risa.app/com.risa.app.MainActivity} mDrawState=DRAW_PENDING seqId=0
12-04 21:35:18.864  2544  2991 V WindowManager: Finish starting ActivityRecord{241371014 u0 com.risa.app/.MainActivity t18179}: first real window is shown, no animation
12-04 21:35:18.865  2544  2991 V WindowManager: Schedule remove starting ActivityRecord{241371014 u0 com.risa.app/.MainActivity t18179} startingWindow=Window{460786c u0 SnapshotStartingWindow for taskId=18179} animate=false Callers=com.android.server.wm.ActivityRecord.removeStartingWindow:178 com.android.server.wm.WindowState.performShowLocked:155 com.android.server.wm.WindowStateAnimator.commitFinishDrawingLocked:73 com.android.server.wm.DisplayContent$$ExternalSyntheticLambda1.accept$com$android$server$wm$DisplayContent$$ExternalSyntheticLambda37:23 com.android.server.wm.DisplayContent$$ExternalSyntheticLambda1.accept:143 
12-04 21:35:18.865  2544  2991 I ActivityTaskManager: done cause=notifyWindowsDrawn timestamp=186152604293622 info=TransitionInfo{6341e07 a=ActivityRecord{241371014 u0 com.risa.app/.MainActivity t18179} d=true}
12-04 21:35:18.865  2544  2991 V WindowManager: performShowLocked: mDrawState=HAS_DRAWN in Window{2858666 u0 com.risa.app/com.risa.app.MainActivity}
12-04 21:35:18.870  2544  6868 D WindowManager: finishDrawingWindow: Window{2858666 u0 com.risa.app/com.risa.app.MainActivity} mDrawState=HAS_DRAWN seqId=0
12-04 21:35:18.907  2544  3538 D InsetsSourceProvider: updateControlForTarget: control=InsetsSourceControl: {3 mType=ime mSurfacePosition=Point(84, 84) mInsetsHint=Insets{left=0, top=0, right=0, bottom=586}}, target=Window{2858666 u0 com.risa.app/com.risa.app.MainActivity}, from=com.android.server.wm.ImeInsetsSourceProvider.updateControlForTarget:17 com.android.server.wm.InsetsStateController.onControlTargetChanged:83 com.android.server.wm.DisplayContent.updateImeControlTarget:21 com.android.server.wm.DisplayContent.updateImeInputAndControlTarget:156 com.android.server.wm.WindowManagerService$LocalService.updateInputMethodTargetWindow:64 
12-04 21:35:18.914  2544  6868 D WindowManager: updateSystemBarAttributes: displayId=0, focusedCanBeNavColorWin=false, win=Window{2858666 u0 com.risa.app/com.risa.app.MainActivity}, navColorWin=Window{2858666 u0 com.risa.app/com.risa.app.MainActivity}, caller=com.android.server.wm.InsetsStateController.onRequestedVisibleTypesChanged:86 com.android.server.wm.InsetsPolicy.onRequestedVisibleTypesChanged:3 com.android.server.wm.Session.updateRequestedVisibleTypes:37 
12-04 21:35:18.965  2544  3727 D MdnieScenarioControlService:  packageName : com.risa.app    className : com.risa.app.MainActivity
12-04 21:35:18.990  2544  6862 D ImeInsetsSourceProvider: showImePostLayout aborted, isScheduledAndReadyToShowIme: false, mImeRequester: null, serverVisible: false, frozen: false, mWindowContainer is: non-null, windowState: Window{3633b2f u0 InputMethod}, isDrawn: false, mGivenInsetsPending: false, dcTarget: Window{460786c u0 SnapshotStartingWindow for taskId=18179}, controlTarget: Window{2858666 u0 com.risa.app/com.risa.app.MainActivity}
12-04 21:35:18.991  2544  4538 D CoreBackPreview: Window{2858666 u0 com.risa.app/com.risa.app.MainActivity}: Setting back callback OnBackInvokedCallbackInfo{mCallback=android.window.IOnBackInvokedCallback$Stub$Proxy@6329f83, mPriority=0, mIsAnimationCallback=true, mOverrideBehavior=0}
12-04 21:35:18.991  2544  6860 D CoreBackPreview: Window{2858666 u0 com.risa.app/com.risa.app.MainActivity}: Setting back callback OnBackInvokedCallbackInfo{mCallback=android.window.IOnBackInvokedCallback$Stub$Proxy@27a0500, mPriority=0, mIsAnimationCallback=true, mOverrideBehavior=0}
12-04 21:35:19.030  2544  3538 V WindowManager:    ChangeInfo{d521840 container=Task{72d698e #18179 type=standard I=com.risa.app/.MainActivity} flags=0x30}
12-04 21:35:19.030  2544  3538 V WindowManager:    ChangeInfo{712af58 container=ActivityRecord{241371014 u0 com.risa.app/.MainActivity t18179} flags=0x0}
12-04 21:35:19.031  2544  3538 D WindowManager: rotationForOrientation, orientationSource=ActivityRecord{241371014 u0 com.risa.app/.MainActivity t18179}
12-04 21:35:19.033  2544  3538 D WindowManager: prepareSync <SYNC_STATE_WAITING_FOR_DRAW>, mPrepareSyncSeqId=0, win=Window{2858666 u0 com.risa.app/com.risa.app.MainActivity}
12-04 21:35:19.033  2544  3538 V WindowManager: Override sync-method for 2858666 com.risa.app/com.risa.app.MainActivity because seamless rotating, caller=com.android.server.wm.DisplayContent.setSeamlessTransitionForFixedRotation:22 com.android.server.wm.DisplayContent.requestChangeTransition:96 com.android.server.wm.DisplayRotation.updateRotationUnchecked:760 com.android.server.wm.DisplayRotation.updateOrientation:79 com.android.server.wm.DisplayContent.continueUpdateOrientationForDiffOrienLaunchingApp:63 
12-04 21:35:19.034  2544  3538 D ChangeTransitionController:    ChangeInfo{d521840 container=Task{72d698e #18179 type=standard I=com.risa.app/.MainActivity} flags=0x30}
12-04 21:35:19.034  2544  3538 D ChangeTransitionController:    ChangeInfo{712af58 container=ActivityRecord{241371014 u0 com.risa.app/.MainActivity t18179} flags=0x0}
12-04 21:35:19.054  2544  2990 V WindowManager: Collecting in transition 5786: Task{72d698e #18179 type=standard I=com.risa.app/.MainActivity}, caller=com.android.server.wm.TransitionController$$ExternalSyntheticLambda2.accept:34 com.android.server.wm.Task.forAllLeafTasks:6 com.android.server.wm.WindowContainer.forAllLeafTasks:4 com.android.server.wm.DisplayArea.forAllLeafTasks:4 com.android.server.wm.WindowContainer.forAllLeafTasks:4 
12-04 21:35:19.054  2544  2990 V WindowManager: Collecting in transition 5786: ActivityRecord{241371014 u0 com.risa.app/.MainActivity t18179}, caller=com.android.server.wm.TransitionController$$ExternalSyntheticLambda2.accept:21 com.android.server.wm.ActivityRecord.forAllActivities:2 com.android.server.wm.WindowContainer.forAllActivities:8 com.android.server.wm.WindowContainer.forAllActivities:6 com.android.server.wm.TransitionController$$ExternalSyntheticLambda2.accept:107 
12-04 21:35:19.067  2544  2990 D ChangeTransitionController:    ChangeInfo{fc54f06 container=Task{72d698e #18179 type=standard I=com.risa.app/.MainActivity} flags=0x0}
12-04 21:35:19.067  2544  2990 D ChangeTransitionController:    ChangeInfo{97b6f1d container=ActivityRecord{241371014 u0 com.risa.app/.MainActivity t18179} flags=0x0}
12-04 21:35:19.067  2544  2990 V WindowManager: Start calculating TransitionInfo based on participants: {Task{72d698e #18179 type=standard I=com.risa.app/.MainActivity}, Display{#0 state=ON size=2340x1080 ROTATION_90}, ActivityRecord{241371014 u0 com.risa.app/.MainActivity t18179}}
12-04 21:35:19.067  2544  2990 V WindowManager:   Final targets: [ChangeInfo{fc54f06 container=Task{72d698e #18179 type=standard I=com.risa.app/.MainActivity} flags=0x0}, ChangeInfo{b1f1bf4 container=DefaultTaskDisplayArea_d0@221097765 flags=0x10}, ChangeInfo{9baa9c7 container=Display{#0 state=ON size=2340x1080 ROTATION_90} flags=0x1}]
12-04 21:35:19.068  2544  2990 V WindowManager:         {WCT{RemoteToken{2243f36 Task{72d698e #18179 type=standard I=com.risa.app/.MainActivity}}} m=CHANGE f=NONE p=WCT{RemoteToken{8d9d00b DefaultTaskDisplayArea_d0@221097765}} leash=Surface(name=Task=18179)/@0x6de47b8 sb=Rect(0, 0 - 1080, 2340) eb=Rect(0, 0 - 2340, 1080) epz=Point(2340, 1080) d=0 r=0->1:0 taskParent=-1 inset=Rect(84, 84 - 135, 0) allowAppBgLayer=true},
12-04 21:35:19.072  2544  2987 V WindowManager:         {WCT{RemoteToken{2243f36 Task{72d698e #18179 type=standard I=com.risa.app/.MainActivity}}} m=CHANGE f=NONE p=WCT{RemoteToken{8d9d00b DefaultTaskDisplayArea_d0@221097765}} leash=Surface(name=Task=18179)/@0x6de47b8 sb=Rect(0, 0 - 1080, 2340) eb=Rect(0, 0 - 2340, 1080) epz=Point(2340, 1080) d=0 r=0->1:0 taskParent=-1 inset=Rect(84, 84 - 135, 0) allowAppBgLayer=true},
12-04 21:35:19.074  2544  6785 V WindowManager:    ChangeInfo{fc54f06 container=Task{72d698e #18179 type=standard I=com.risa.app/.MainActivity} flags=0x0}
12-04 21:35:19.074  2544  6785 V WindowManager:    ChangeInfo{97b6f1d container=ActivityRecord{241371014 u0 com.risa.app/.MainActivity t18179} flags=0x0}
12-04 21:35:19.074  2544  6785 D ChangeTransitionController:    ChangeInfo{fc54f06 container=Task{72d698e #18179 type=standard I=com.risa.app/.MainActivity} flags=0x0}
12-04 21:35:19.074  2544  6785 D ChangeTransitionController:    ChangeInfo{97b6f1d container=ActivityRecord{241371014 u0 com.risa.app/.MainActivity t18179} flags=0x0}
12-04 21:35:19.074  2544  6785 D WindowManager: rotationForOrientation, orientationSource=ActivityRecord{241371014 u0 com.risa.app/.MainActivity t18179}
12-04 21:35:19.114  2544  2990 D SGM:FgCheckThread: getForegroundApp(), foregroundPkgName=com.risa.app
12-04 21:35:19.115  2544  2990 D SGM:FgCheckThread: noteStopComponent(), received pkgName: com.sec.android.app.launcher, focusedPkgName: com.risa.app, userId: 0
12-04 21:35:19.117  2544  2988 D SGM:GameManager: identifyForegroundApp. com.risa.app, mCurrentUserId: 0, callerUserId: 0
12-04 21:35:19.117  2544  2988 D SGM:GameManager: identifyForegroundApp. com.risa.app, mCurrentUserId: 0, callerUserId: 0
12-04 21:35:19.247  2544  3727 D MdnieScenarioControlService:  packageName : com.risa.app    className : com.risa.app.MainActivity
12-04 21:35:19.297  2544  4516 I WindowManager: Reparenting to leash, surface=Surface(name=460786c SnapshotStartingWindow for taskId=18179)/@0x13e4e77, leashParent=Surface(name=ActivityRecord{241371014 u0 com.risa.app/.MainActivity t18179})/@0x4a1498f
12-04 21:35:19.353  2544  6860 D InsetsSourceProvider: updateControlForTarget: control=InsetsSourceControl: {3 mType=ime mSurfacePosition=Point(84, 84) mInsetsHint=Insets{left=0, top=0, right=0, bottom=0}}, target=Window{2858666 u0 com.risa.app/com.risa.app.MainActivity}, from=com.android.server.wm.ImeInsetsSourceProvider.updateControlForTarget:17 com.android.server.wm.ImeInsetsSourceProvider.setServerVisible:68 com.android.server.wm.InsetsSourceProvider.onPostLayout:30 com.android.server.wm.ImeInsetsSourceProvider.onPostLayout:3 com.android.server.wm.InsetsStateController.onPostLayout:26 
12-04 21:35:19.388  2544  5468 D FreecessHandler: freeze com.risa.app(11212) result : 37
12-04 21:35:19.395  2544  2991 I WindowManager: Reparenting to original parent: Surface(name=ActivityRecord{241371014 u0 com.risa.app/.MainActivity t18179})/@0x4a1498f, destroy=true, surface=Surface(name=460786c SnapshotStartingWindow for taskId=18179)/@0x13e4e77
12-04 21:35:19.511  2544  2990 D SGM:GameManager: identifyForegroundApp. com.risa.app, mCurrentUserId: 0, callerUserId: 0
12-04 21:35:20.094  2544  5392 D WindowManager: updateSystemBarAttributes: displayId=0, focusedCanBeNavColorWin=false, win=Window{2858666 u0 com.risa.app/com.risa.app.MainActivity}, navColorWin=Window{2858666 u0 com.risa.app/com.risa.app.MainActivity}, caller=com.android.server.wm.InsetsStateController.onRequestedVisibleTypesChanged:86 com.android.server.wm.InsetsPolicy.onRequestedVisibleTypesChanged:3 com.android.server.wm.Session.updateRequestedVisibleTypes:37 
12-04 21:35:20.155  2544  4516 D CoreBackPreview: Window{2858666 u0 com.risa.app/com.risa.app.MainActivity}: Setting back callback OnBackInvokedCallbackInfo{mCallback=android.window.IOnBackInvokedCallback$Stub$Proxy@67d0147, mPriority=0, mIsAnimationCallback=true, mOverrideBehavior=0}
12-04 21:35:20.182  2544  2991 D InsetsSourceProvider: updateVisibility: serverVisible=true, clientVisible=true, source=InsetsSource: {3 mType=ime mFrame=[84,494][2205,1080] mVisible=true mFlags= mSideHint=BOTTOM mBoundingRects=null}, controlTarget=Window{2858666 u0 com.risa.app/com.risa.app.MainActivity}, from=com.android.server.wm.ImeInsetsSourceProvider.updateVisibility:7 com.android.server.wm.InsetsSourceProvider.setServerVisible:6 com.android.server.wm.ImeInsetsSourceProvider.setServerVisible:75 com.android.server.wm.InsetsSourceProvider.onPostLayout:30 com.android.server.wm.ImeInsetsSourceProvider.onPostLayout:3 com.android.server.wm.InsetsStateController.onPostLayout:26 com.android.server.wm.RootWindowContainer.applySurfaceChangesTransaction$1:203 com.android.server.wm.RootWindowContainer.performSurfacePlacementNoTrace:59 com.android.server.wm.WindowSurfacePlacer.performSurfacePlacement:166 com.android.server.wm.WindowSurfacePlacer$Traverser.run:14 
12-04 21:35:20.317  2544  3823 D SGM:GameManager: identifyGamePackage. com.risa.app, mCurrentUserId: 0, callingMethodInfo: com.samsung.android.game.SemGameManager.isGamePackage(SemGameManager.java:106)
12-04 21:35:20.317  2544  3823 D SGM:SemGameManager: isGamePackage(), pkgName=com.risa.app, ret=false
12-04 21:35:20.336  2544  5468 D FreecessHandler: freeze com.risa.app(11212) result : 12
12-04 21:35:23.346  2544  3823 D SGM:GameManager: identifyGamePackage. com.risa.app, mCurrentUserId: 0, callingMethodInfo: com.samsung.android.game.SemGameManager.isGamePackage(SemGameManager.java:106)
12-04 21:35:23.346  2544  3823 D SGM:SemGameManager: isGamePackage(), pkgName=com.risa.app, ret=false
12-04 21:35:24.341  2544 21535 I PerProcessNandswap$NandswapHandler: canDoNandswapProcess fail: com.risa.app pid:20734 state:0 adj:0
12-04 21:35:25.748  2544  6860 D CoreBackPreview: startBackNavigation currentTask=Task{72d698e #18179 type=standard I=com.risa.app/.MainActivity}, topRunningActivity=ActivityRecord{241371014 u0 com.risa.app/.MainActivity t18179}, callbackInfo=OnBackInvokedCallbackInfo{mCallback=android.window.IOnBackInvokedCallback$Stub$Proxy@67d0147, mPriority=0, mIsAnimationCallback=true, mOverrideBehavior=0}, currentFocus=Window{2858666 u0 com.risa.app/com.risa.app.MainActivity}
12-04 21:35:25.763  2544  6860 D CoreBackPreview: Window{2858666 u0 com.risa.app/com.risa.app.MainActivity}: Setting back callback OnBackInvokedCallbackInfo{mCallback=android.window.IOnBackInvokedCallback$Stub$Proxy@93ef178, mPriority=0, mIsAnimationCallback=true, mOverrideBehavior=0}
12-04 21:35:25.922  2544  4538 D InsetsSourceProvider: updateVisibility: serverVisible=true, clientVisible=false, source=InsetsSource: {3 mType=ime mFrame=[84,494][2205,1080] mVisible=false mFlags= mSideHint=BOTTOM mBoundingRects=null}, controlTarget=Window{2858666 u0 com.risa.app/com.risa.app.MainActivity}, from=com.android.server.wm.ImeInsetsSourceProvider.updateVisibility:7 com.android.server.wm.InsetsSourceProvider.setClientVisible:8 com.android.server.wm.ImeInsetsSourceProvider.setClientVisible:17 com.android.server.wm.InsetsSourceProvider.updateClientVisibility:20 com.android.server.wm.ImeInsetsSourceProvider.updateClientVisibility:142 com.android.server.wm.InsetsStateController.onRequestedVisibleTypesChanged:44 com.android.server.wm.InsetsPolicy.onRequestedVisibleTypesChanged:3 com.android.server.wm.Session.updateRequestedVisibleTypes:37 android.view.IWindowSession$Stub.onTransact:1188 com.android.server.wm.Session.onTransact:1 
12-04 21:35:25.927  2544  4538 D InsetsSourceProvider: updateControlForTarget: control=InsetsSourceControl: {26dc0001 mType=navigationBars initiallyVisible mSurfacePosition=Point(2205, 0) mInsetsHint=Insets{left=0, top=0, right=135, bottom=0}}, target=Window{2858666 u0 com.risa.app/com.risa.app.MainActivity}, from=com.android.server.wm.InsetsStateController.onControlTargetChanged:83 com.android.server.wm.InsetsPolicy.updateBarControlTarget:225 com.android.server.wm.DisplayPolicy.updateSystemBarAttributes:262 com.android.server.wm.InsetsStateController.onRequestedVisibleTypesChanged:86 com.android.server.wm.InsetsPolicy.onRequestedVisibleTypesChanged:3 
12-04 21:35:25.927  2544  4538 D WindowManager: updateSystemBarAttributes: displayId=0, focusedCanBeNavColorWin=false, win=Window{2858666 u0 com.risa.app/com.risa.app.MainActivity}, navColorWin=Window{2858666 u0 com.risa.app/com.risa.app.MainActivity}, caller=com.android.server.wm.InsetsStateController.onRequestedVisibleTypesChanged:86 com.android.server.wm.InsetsPolicy.onRequestedVisibleTypesChanged:3 com.android.server.wm.Session.updateRequestedVisibleTypes:37 
12-04 21:35:26.341  2544  5468 D FreecessHandler: freeze com.risa.app(11212) result : 12
12-04 21:35:26.356  2544  3823 D SGM:GameManager: identifyGamePackage. com.risa.app, mCurrentUserId: 0, callingMethodInfo: com.samsung.android.game.SemGameManager.isGamePackage(SemGameManager.java:106)
12-04 21:35:26.356  2544  3823 D SGM:SemGameManager: isGamePackage(), pkgName=com.risa.app, ret=false
12-04 21:35:26.370  2544  6868 D InsetsSourceProvider: updateControlForTarget: control=InsetsSourceControl: {3 mType=ime mSurfacePosition=Point(84, 84) mInsetsHint=Insets{left=0, top=0, right=0, bottom=586}}, target=Window{2858666 u0 com.risa.app/com.risa.app.MainActivity}, from=com.android.server.wm.ImeInsetsSourceProvider.updateControlForTarget:17 com.android.server.wm.ImeInsetsSourceProvider.setServerVisible:68 com.android.server.wm.InsetsSourceProvider.onPostLayout:30 com.android.server.wm.ImeInsetsSourceProvider.onPostLayout:3 com.android.server.wm.InsetsStateController.onPostLayout:26 
12-04 21:35:26.492  2544  2990 D SGM:GameManager: identifyForegroundApp. com.risa.app, mCurrentUserId: 0, callerUserId: 0
12-04 21:35:26.608  1168  1168 D io_stats: !@ Write_top(KB): kworker/u16:9(27077) 3208 com.risa.app(20734) 276 d.process.acore(19773) 36
12-04 21:35:29.383  2544  3823 D SGM:GameManager: identifyGamePackage. com.risa.app, mCurrentUserId: 0, callingMethodInfo: com.samsung.android.game.SemGameManager.isGamePackage(SemGameManager.java:106)
12-04 21:35:29.383  2544  3823 D SGM:SemGameManager: isGamePackage(), pkgName=com.risa.app, ret=false
12-04 21:35:30.613  1168  1168 D io_stats: !@ Write_top(KB): com.risa.app(20734) 276 f2fs_ckpt-254:6(1304) 260 d.process.acore(19773) 116
12-04 21:35:32.352  2544  5468 D FreecessHandler: freeze com.risa.app(11212) result : 12
12-04 21:35:32.408  2544  3823 D SGM:GameManager: identifyGamePackage. com.risa.app, mCurrentUserId: 0, callingMethodInfo: com.samsung.android.game.SemGameManager.isGamePackage(SemGameManager.java:106)
12-04 21:35:32.409  2544  3823 D SGM:SemGameManager: isGamePackage(), pkgName=com.risa.app, ret=false
12-04 21:35:35.444  2544  3823 D SGM:GameManager: identifyGamePackage. com.risa.app, mCurrentUserId: 0, callingMethodInfo: com.samsung.android.game.SemGameManager.isGamePackage(SemGameManager.java:106)
12-04 21:35:35.445  2544  3823 D SGM:SemGameManager: isGamePackage(), pkgName=com.risa.app, ret=false
12-04 21:35:38.360  2544  5468 D FreecessHandler: freeze com.risa.app(11212) result : 12
12-04 21:35:38.469  2544  3823 D SGM:GameManager: identifyGamePackage. com.risa.app, mCurrentUserId: 0, callingMethodInfo: com.samsung.android.game.SemGameManager.isGamePackage(SemGameManager.java:106)
12-04 21:35:38.470  2544  3823 D SGM:SemGameManager: isGamePackage(), pkgName=com.risa.app, ret=false
12-04 21:35:41.486  2544  3823 D SGM:GameManager: identifyGamePackage. com.risa.app, mCurrentUserId: 0, callingMethodInfo: com.samsung.android.game.SemGameManager.isGamePackage(SemGameManager.java:106)
12-04 21:35:41.486  2544  3823 D SGM:SemGameManager: isGamePackage(), pkgName=com.risa.app, ret=false
12-04 21:35:44.366  2544  5468 D FreecessHandler: freeze com.risa.app(11212) result : 12
12-04 21:35:44.506  2544  3823 D SGM:GameManager: identifyGamePackage. com.risa.app, mCurrentUserId: 0, callingMethodInfo: com.samsung.android.game.SemGameManager.isGamePackage(SemGameManager.java:106)
12-04 21:35:44.507  2544  3823 D SGM:SemGameManager: isGamePackage(), pkgName=com.risa.app, ret=false
12-04 21:35:47.518  2544  3823 D SGM:GameManager: identifyGamePackage. com.risa.app, mCurrentUserId: 0, callingMethodInfo: com.samsung.android.game.SemGameManager.isGamePackage(SemGameManager.java:106)
12-04 21:35:47.518  2544  3823 D SGM:SemGameManager: isGamePackage(), pkgName=com.risa.app, ret=false
12-04 21:35:50.373  2544  5468 D FreecessHandler: freeze com.risa.app(11212) result : 12
12-04 21:35:50.538  2544  3823 D SGM:GameManager: identifyGamePackage. com.risa.app, mCurrentUserId: 0, callingMethodInfo: com.samsung.android.game.SemGameManager.isGamePackage(SemGameManager.java:106)
12-04 21:35:50.538  2544  3823 D SGM:SemGameManager: isGamePackage(), pkgName=com.risa.app, ret=false
12-04 21:35:53.568  2544  3823 D SGM:GameManager: identifyGamePackage. com.risa.app, mCurrentUserId: 0, callingMethodInfo: com.samsung.android.game.SemGameManager.isGamePackage(SemGameManager.java:106)
12-04 21:35:53.568  2544  3823 D SGM:SemGameManager: isGamePackage(), pkgName=com.risa.app, ret=false
12-04 21:35:55.925  2544  2990 D SGM:FgCheckThread: getForegroundApp(), foregroundPkgName=com.risa.app
12-04 21:35:55.926  2544  2990 D SGM:FgCheckThread: noteStopComponent(), received pkgName: com.google.android.apps.messaging, focusedPkgName: com.risa.app, userId: 0
12-04 21:35:55.977  2544  2990 D SGM:FgCheckThread: getForegroundApp(), foregroundPkgName=com.risa.app
12-04 21:35:55.977  2544  2990 D SGM:FgCheckThread: noteStopComponent(), received pkgName: com.openai.chatgpt, focusedPkgName: com.risa.app, userId: 0
12-04 21:35:56.376  2544  5468 D FreecessHandler: freeze com.risa.app(11212) result : 12
12-04 21:35:56.643  2544  3823 D SGM:GameManager: identifyGamePackage. com.risa.app, mCurrentUserId: 0, callingMethodInfo: com.samsung.android.game.SemGameManager.isGamePackage(SemGameManager.java:106)
12-04 21:35:56.643  2544  3823 D SGM:SemGameManager: isGamePackage(), pkgName=com.risa.app, ret=false
12-04 21:35:56.810 20734 21648 E AndroidRuntime: Process: com.risa.app, PID: 20734
12-04 21:35:56.814  2544  6860 W ActivityTaskManager:   Force finishing activity com.risa.app/.MainActivity
12-04 21:35:56.816  2544 21737 W ActivityManager: crash : com.risa.app,11212
12-04 21:35:56.818  2544  6860 V WindowManager: Collecting in transition 5787: Task{72d698e #18179 type=standard I=com.risa.app/.MainActivity}, caller=com.android.server.wm.Transition.collectExistenceChange:40 com.android.server.wm.Transition.collectClose:7 com.android.server.wm.ActivityRecord.finishIfPossible:50 com.android.server.wm.ActivityRecord.finishIfPossible:1 com.android.server.wm.RootWindowContainer$$ExternalSyntheticLambda34.accept:179 
12-04 21:35:56.818  2544  6860 D WindowManager: prepareSync <SYNC_STATE_WAITING_FOR_DRAW>, mPrepareSyncSeqId=0, win=Window{2858666 u0 com.risa.app/com.risa.app.MainActivity}
