12-26 18:26:12.676 E/AndroidRuntime(25091): Process: com.risa.app, PID: 25091
12-26 18:29:03.323 E/AndroidRuntime(27620): Process: com.risa.app, PID: 27620
12-26 18:57:53.054 E/AndroidRuntime(17725): Process: com.risa.app, PID: 17725
12-26 19:00:38.901 E/AndroidRuntime(18933): Process: com.risa.app, PID: 18933
12-26 19:18:53.618 E/AndroidRuntime(31841): Process: com.risa.app, PID: 31841
12-26 19:20:31.624 E/AndroidRuntime(  594): Process: com.risa.app, PID: 594
12-26 19:22:22.678 E/AndroidRuntime( 2959): Process: com.risa.app, PID: 2959
12-26 19:32:23.393 E/AndroidRuntime(11530): Process: com.risa.app, PID: 11530
12-26 19:34:38.957 E/AndroidRuntime(13920): Process: com.risa.app, PID: 13920
12-26 19:40:32.770 E/AndroidRuntime(18918): Process: com.risa.app, PID: 18918
12-26 19:40:32.967 D/AutofillSession( 2812): handling death of Token{5d4a72e ActivityRecord{177831650 u0 com.risa.app/.MainActivity t21299 f}}} when saving=false
12-26 19:40:32.967 I/ActivityManager( 2812): Process com.risa.app (pid 18918) has died: prcp CRE (1691,1826)
12-26 19:40:32.968 I/WindowManager( 2812): WIN DEATH: Window{c380fef u0 com.risa.app/com.risa.app.MainActivity}
12-26 19:40:32.968 V/WindowManager( 2812): Remove Window{c380fef u0 com.risa.app/com.risa.app.MainActivity}: mSurfaceControl=Surface(name=com.risa.app/com.risa.app.MainActivity$_18918)/@0x3d81d7a mAnimatingExit=false mRemoveOnExit=false mHasSurface=true surfaceShowing=true animating=false app-animation=false callers=com.android.server.wm.Session.binderDied:85 android.os.IBinder$DeathRecipient.binderDied:346 android.os.BinderProxy.sendDeathNotice:848 <bottom of call stack> <bottom of call stack> <bottom of call stack> 
12-26 19:40:32.971 D/SGM:FgCheckThread( 2812): pkgName: com.risa.app is not in foreground
12-26 19:40:32.971 D/SGM:FgCheckThread( 2812): noteStopComponent(), received pkgName: com.risa.app, focusedPkgName: com.sec.android.app.myfiles, userId: 0
12-26 19:40:32.976 V/WindowManager( 2812):         {WCT{RemoteToken{731c498 Task{312d5a9 #21299 type=standard I=com.risa.app/.MainActivity}}} m=CLOSE f=EDGE_EXTENSION_RESTRICTION leash=Surface(name=Task=21299)/@0xcedb60a sb=Rect(0, 0 - 2340, 1080) eb=Rect(0, 0 - 2340, 1080) epz=Point(2340, 1080) d=0 taskParent=-1 inset=Rect(84, 84 - 135, 0) dim=true allowAppBgLayer=true}
12-26 19:40:33.162 V/WindowManager( 2812):    ChangeInfo{49a36c3 container=Task{312d5a9 #21299 type=standard I=com.risa.app/.MainActivity} flags=0x10}
12-26 19:40:33.162 V/WindowManager( 2812):    ChangeInfo{7737b6c container=ActivityRecord{177831650 u0 com.risa.app/.MainActivity t21299 f} isExiting} flags=0x0}
12-26 19:40:33.163 V/WindowManager( 2812): Setting visibility of Window{c380fef u0 com.risa.app/com.risa.app.MainActivity EXITING}: false, caller=com.android.server.wm.WindowContainer.sendAppVisibilityToClients:19 com.android.server.wm.WindowToken.setClientVisible:48 com.android.server.wm.ActivityRecord.commitVisibility:186 com.android.server.wm.TransitionController.finishTransition:846 com.android.server.wm.WindowOrganizerController.finishTransitionInner:31 
12-26 19:40:33.164 W/WindowManager( 2812): Exception thrown during dispatchAppVisibility Window{c380fef u0 com.risa.app/com.risa.app.MainActivity EXITING}
12-26 19:40:33.168 D/WindowManager( 2812): prepareSync <SYNC_STATE_WAITING_FOR_DRAW>, mPrepareSyncSeqId=0, win=Window{c380fef u0 com.risa.app/com.risa.app.MainActivity EXITING}
12-26 19:40:33.169 D/ChangeTransitionController( 2812):    ChangeInfo{49a36c3 container=Task{312d5a9 #21299 type=standard I=com.risa.app/.MainActivity} flags=0x10}
12-26 19:40:33.169 D/ChangeTransitionController( 2812):    ChangeInfo{7737b6c container=ActivityRecord{177831650 u0 com.risa.app/.MainActivity t21299 f} isExiting} flags=0x0}
12-26 19:40:33.205 V/WindowManager( 2812): Remove Window{c380fef u0 com.risa.app/com.risa.app.MainActivity EXITING}: mSurfaceControl=Surface(name=com.risa.app/com.risa.app.MainActivity$_18918)/@0x3d81d7a mAnimatingExit=true mRemoveOnExit=true mHasSurface=true surfaceShowing=true animating=false app-animation=false callers=com.android.server.wm.WindowToken.removeAllWindowsIfPossible:45 com.android.server.wm.WindowToken.removeIfPossible:16 com.android.server.wm.WindowToken.handleCompleteDeferredRemoval:5 com.android.server.wm.WindowContainer.handleCompleteDeferredRemoval:21 com.android.server.wm.TaskFragment.handleCompleteDeferredRemoval:17 com.android.server.wm.WindowContainer.handleCompleteDeferredRemoval:21 
12-26 19:40:33.206 V/WindowManager( 2812): Remove Window{c380fef u0 com.risa.app/com.risa.app.MainActivity EXITING}: mSurfaceControl=Surface(name=com.risa.app/com.risa.app.MainActivity$_18918)/@0x3d81d7a mAnimatingExit=true mRemoveOnExit=true mHasSurface=true surfaceShowing=true animating=false app-animation=false callers=com.android.server.wm.WindowToken.removeAllWindowsIfPossible:45 com.android.server.wm.WindowToken.removeIfPossible:16 com.android.server.wm.ActivityRecord.onRemovedFromDisplay:407 com.android.server.wm.ActivityRecord.removeImmediately:46 com.android.server.wm.WindowToken.removeIfPossible:19 com.android.server.wm.WindowToken.handleCompleteDeferredRemoval:5 
12-26 19:40:37.830 I/Pageboost( 2812): start alp : com.risa.app
12-26 19:40:37.831 I/Pageboost( 2812): alp for : com.risa.app , 0
12-26 19:40:37.843 D/ShellStartingWindow( 4743): preload Icon com.risa.app
12-26 19:40:37.856 I/ActivityManager( 2812): Start proc 19691:com.risa.app/u0a1280 for activelaunch {com.risa.app/com.risa.app.MainActivity}
12-26 19:40:37.899 I/Pageboost( 2812): onAppLaunch : com.risa.app
12-26 19:40:37.900 V/WindowManager( 2812): Collecting in transition 5838: ActivityRecord{38492488 u0 com.risa.app/.MainActivity, caller=com.android.server.wm.TransitionController.collect:7 com.android.server.wm.ActivityStarter.startActivityUnchecked:98 com.android.server.wm.ActivityStarter.executeRequest:3651 com.android.server.wm.ActivityStarter.execute:1752 com.android.server.wm.ActivityTaskManagerService.startActivityAsUser:95 
12-26 19:40:37.900 D/ActivityTaskManager( 2812): DesktopModeLaunchParamsModifier: task=null activity=ActivityRecord{38492488 u0 com.risa.app/.MainActivity t-1} task null, skipping
12-26 19:40:37.900 D/ActivityTaskManager( 2812): TaskLaunchParamsModifier:task=null activity=ActivityRecord{38492488 u0 com.risa.app/.MainActivity t-1} display-from-option=0 display-id=0 task-display-area-windowing-mode=1 suggested-display-area=DefaultTaskDisplayArea_d0@90254262
12-26 19:40:37.900 D/ActivityTaskManager( 2812): DesktopModeLaunchParamsModifier: task=null activity=ActivityRecord{38492488 u0 com.risa.app/.MainActivity t-1} task null, skipping
12-26 19:40:37.901 D/ActivityTaskManager( 2812): TaskLaunchParamsModifier:task=null activity=ActivityRecord{38492488 u0 com.risa.app/.MainActivity t-1} display-from-option=0 display-id=0 task-display-area-windowing-mode=1 suggested-display-area=DefaultTaskDisplayArea_d0@90254262 inherit-from-source=fullscreen non-freeform-task-display-area display-area=DefaultTaskDisplayArea_d0@90254262 activity-requested-landscape freeform-size-mismatch=Rect(81, 559 - 999, 1729)
12-26 19:40:37.902 D/ActivityTaskManager( 2812): DesktopModeLaunchParamsModifier: task=Task{4f923e1 #21300 type=standard I=com.risa.app/.MainActivity} activity=ActivityRecord{38492488 u0 com.risa.app/.MainActivity t-1} non-desktop, skipping
12-26 19:40:37.902 D/ActivityTaskManager( 2812): TaskLaunchParamsModifier:task=Task{4f923e1 #21300 type=standard I=com.risa.app/.MainActivity} activity=ActivityRecord{38492488 u0 com.risa.app/.MainActivity t-1} display-from-option=0 display-id=0 task-display-area-windowing-mode=1 suggested-display-area=DefaultTaskDisplayArea_d0@90254262 inherit-from-source=fullscreen non-freeform-task-display-area display-area=DefaultTaskDisplayArea_d0@90254262 activity-requested-landscape freeform-size-mismatch=Rect(81, 559 - 999, 1729)
12-26 19:40:37.902 V/WindowManager( 2812): Collecting in transition 5838: Task{4f923e1 #21300 type=standard I=com.risa.app/.MainActivity}, caller=com.android.server.wm.Transition.collectExistenceChange:40 com.android.server.wm.ActivityStarter.startActivityInner:293 com.android.server.wm.ActivityStarter.startActivityUnchecked:111 com.android.server.wm.ActivityStarter.executeRequest:3651 com.android.server.wm.ActivityStarter.execute:1752 
12-26 19:40:37.903 V/WindowManager( 2812): Add starting ActivityRecord{38492488 u0 com.risa.app/.MainActivity t21300}: startingData=SplashScreenStartingData{660c1f4 removeAfterTransaction= 0}
12-26 19:40:37.903 V/WindowManager( 2812): Added starting ActivityRecord{38492488 u0 com.risa.app/.MainActivity t21300}: startingWindow=null startingView=com.android.server.wm.StartingSurfaceController$StartingSurface@9031d1d
12-26 19:40:37.905 V/WindowManager( 2812): Collecting in transition 5838: ActivityRecord{38492488 u0 com.risa.app/.MainActivity t21300}, caller=com.android.server.wm.Transition.collectExistenceChange:40 com.android.server.wm.ActivityStarter.handleStartResult:761 com.android.server.wm.ActivityStarter.startActivityUnchecked:124 com.android.server.wm.ActivityStarter.executeRequest:3651 com.android.server.wm.ActivityStarter.execute:1752 
12-26 19:40:37.905 V/WindowManager( 2812):    ChangeInfo{6c20960 container=ActivityRecord{38492488 u0 com.risa.app/.MainActivity t21300} flags=0x0}
12-26 19:40:37.905 V/WindowManager( 2812):    ChangeInfo{fb96e19 container=Task{4f923e1 #21300 type=standard I=com.risa.app/.MainActivity} flags=0x0}
12-26 19:40:37.905 I/ActivityTaskManager( 2812): START u0 {act=android.intent.action.MAIN cat=[android.intent.category.LAUNCHER] flg=0x10200000 xflg=0x4 cmp=com.risa.app/.MainActivity bnds=[290,1263][540,1538]} with LAUNCH_SINGLE_TOP from uid 10150 (sr=241675760) (BAL_ALLOW_VISIBLE_WINDOW) result code=0
12-26 19:40:37.907 D/WindowManager( 2812): prepareSync <SYNC_STATE_WAITING_FOR_DRAW>, mPrepareSyncSeqId=0, win=Window{1e9d2d5 u0 Splash Screen com.risa.app}
12-26 19:40:37.907 V/WindowManager( 2812): addWindow: ActivityRecord{38492488 u0 com.risa.app/.MainActivity t21300} startingWindow=Window{1e9d2d5 u0 Splash Screen com.risa.app}
12-26 19:40:37.910 V/WindowManagerShell( 4743): Transition requested (#5838): android.os.BinderProxy@622b775 TransitionRequestInfo { type = OPEN, triggerTask = TaskInfo{userId=0 taskId=21300 effectiveUid=11280 displayId=0 isRunning=true baseIntent=Intent { act=android.intent.action.MAIN cat=[android.intent.category.LAUNCHER] flg=0x10200000 cmp=com.risa.app/.MainActivity } baseActivity=ComponentInfo{com.risa.app/com.risa.app.MainActivity} topActivity=ComponentInfo{com.risa.app/com.risa.app.MainActivity} origActivity=null realActivity=ComponentInfo{com.risa.app/com.risa.app.MainActivity} numActivities=1 lastActiveTime=323756096 supportsMultiWindow=true resizeMode=2 isResizeable=true minWidth=-1 minHeight=-1 maxWidth=-1 maxHeight=-1 defaultMinSize=220 desktopDefaultMinSize=304 token=WCT{android.window.IWindowContainerToken$Stub$Proxy@a2bf30a} topActivityType=1 pictureInPictureParams=null shouldDockBigOverlays=false launchIntoPipHostTaskId=-1 lastParentTaskIdBeforePip=-1 displayCutoutSafeInsets=Rect(0, 84 - 0, 0) topActivityInfo=ActivityInfo{c7fb77b com.risa.app.MainActivity} launchCookies=[android.os.BinderProxy@6ac998] positionInParent=Point(0, 0) parentTaskId=-1 isFocused=false isVisible=false isVisibleRequested=false isTopActivityNoDisplay=false isSleeping=false locusId=null displayAreaFeatureId=1 isTopActivityTransparent=false isActivityStackTransparent=false lastNonFullscreenBounds=Rect(81, 559 - 999, 1729) capturedLink=null capturedLinkTimestamp=0 requestedVisibleTypes=-9 topActivityRequestOpenInBrowserEducationTimestamp=0 appCompatTaskInfo=AppCompatTaskInfo { topActivityInSizeCompat=false eligibleForLetterboxEducation= false isLetterboxEducationEnabled= false isLetterboxDoubleTapEnabled= false eligibleForUserAspectRatioButton= false topActivityBoundsLetterboxed= false isFromLetterboxDoubleTap= false topActivityLetterboxVerticalPosition= -1 topActivityLetterboxHorizontalPosition= -1 topActivityLetterboxWidth=-1 topActivityLetterboxHeight=-1 topActivityAppBounds=Rect(0, 0 - 1080, 2340) isUserFullscreenOverrideEnabled=false isSystemFullscreenOverrideEnabled=false hasMinAspectRatioOverride=false topActivityLetterboxBounds=null cameraCompatTaskInfo=CameraCompatTaskInfo { freeformCameraCompatMode=inactive} topActivityBounds=null topActivityInDisplayCompat=false singleTapFromLetterbox=false} topActivityMainWindowFrame=null originallySupportedMultiWindow=true hasWallpaper=false rootAffinity=null isTopTaskInStage=false CoverLauncherWidgetTask=false LaunchedFromAppsCoverLauncherTask=false LaunchedFromMultistarCoverLauncherTask=false isAllowedSeamlessRotation=false isTopTransparentActivity=false isAliasManaged=false hasConfigChanged=false snappingGuideBounds=null isAiKeyRemoveAppTask=false lastDesktopWindowingBounds=null lastExternalDesktopWindowingBounds=null safeCutoutInsets=null}, pipChange = null, remoteTransition = RemoteTransition { remoteTransition = android.window.IRemoteTransition$Stub$Proxy@a7455f1, appThread = android.app.IApplicationThread$Stub$Proxy@f1e35d6, debugName = QuickstepLaunchflags =NONE }, displayChange = null, flags = 0, debugId = 5838 }
12-26 19:40:37.915 V/WindowManager( 2812): Collecting in transition 5838: ActivityRecord{38492488 u0 com.risa.app/.MainActivity t21300}, caller=com.android.server.wm.TransitionController.collect:7 com.android.server.wm.ActivityRecord.setVisibility:132 com.android.server.wm.EnsureActivitiesVisibleHelper.process:459 com.android.server.wm.TaskFragment.updateActivityVisibilities:12 com.android.server.wm.Task$$ExternalSyntheticLambda37.accept:37 
12-26 19:40:37.916 D/WindowManager( 2812): makeSurface duration=0 name=Splash Screen com.risa.app$_4743
12-26 19:40:37.923 D/WindowManager( 2812): rotationForOrientation, orientationSource=ActivityRecord{38492488 u0 com.risa.app/.MainActivity t21300}
12-26 19:40:37.924 D/ActivityTaskManager( 2812): applyFixedRotationTransform, r=ActivityRecord{38492488 u0 com.risa.app/.MainActivity t21300}, caller=com.android.server.wm.ActivityRecord.applyFixedRotationTransform:20 com.android.server.wm.DisplayContent.startFixedRotationTransform:63 com.android.server.wm.DisplayContent.setFixedRotationLaunchingApp:47 com.android.server.wm.DisplayContent.handleTopActivityLaunchingInDifferentOrientation:286 com.android.server.wm.DisplayContent.updateOrientation:40 
12-26 19:40:37.925 D/WindowManager( 2812): setFixedRotationLaunchingAppUnchecked, rotation=1, r=ActivityRecord{38492488 u0 com.risa.app/.MainActivity t21300}, caller=com.android.server.wm.DisplayContent.setFixedRotationLaunchingAppUnchecked:131 com.android.server.wm.DisplayContent.setFixedRotationLaunchingApp:50 com.android.server.wm.DisplayContent.handleTopActivityLaunchingInDifferentOrientation:286 com.android.server.wm.DisplayContent.updateOrientation:40 com.android.server.wm.DisplayContent.updateOrientation:1 
12-26 19:40:37.937 D/WindowManager( 2812): finishDrawingWindow: Window{1e9d2d5 u0 Splash Screen com.risa.app} mDrawState=DRAW_PENDING seqId=0
12-26 19:40:37.937 V/WindowManager( 2812): Finishing drawing window Window{1e9d2d5 u0 Splash Screen com.risa.app}: mDrawState=DRAW_PENDING
12-26 19:40:37.937 V/WindowManager( 2812): Draw state now committed in Window{1e9d2d5 u0 Splash Screen com.risa.app}
12-26 19:40:37.938 V/WindowManager( 2812): performShowLocked: mDrawState=HAS_DRAWN in Window{1e9d2d5 u0 Splash Screen com.risa.app}
12-26 19:40:37.938 D/WindowManagerServiceExt( 2812): updateTaskbarTargetIfNeeded: cn=ComponentInfo{com.risa.app/com.risa.app.MainActivity} occludesParent=true isInSplitScreenMode=false
12-26 19:40:37.938 D/ChangeTransitionController( 2812):    ChangeInfo{6c20960 container=ActivityRecord{38492488 u0 com.risa.app/.MainActivity t21300} flags=0x0}
12-26 19:40:37.938 D/ChangeTransitionController( 2812):    ChangeInfo{fb96e19 container=Task{4f923e1 #21300 type=standard I=com.risa.app/.MainActivity} flags=0x0}
12-26 19:40:37.938 V/WindowManager( 2812): Start calculating TransitionInfo based on participants: {ActivityRecord{38492488 u0 com.risa.app/.MainActivity t21300}, Task{4f923e1 #21300 type=standard I=com.risa.app/.MainActivity}, WallpaperWindowToken{82337fa showWhenLocked=true}_<lock>, WallpaperWindowToken{d2924d7 showWhenLocked=false}_<system>, ActivityRecord{241675760 u0 com.sec.android.app.launcher/.activities.LauncherActivity t8}}
12-26 19:40:37.939 V/WindowManager( 2812):   Final targets: [ChangeInfo{fb96e19 container=Task{4f923e1 #21300 type=standard I=com.risa.app/.MainActivity} flags=0x10}, ChangeInfo{fa539bb container=Task{3c60ba8 #1 type=home} flags=0x10}, ChangeInfo{c63b697 container=WallpaperWindowToken{d2924d7 showWhenLocked=false}_<system> flags=0x0}]
12-26 19:40:37.939 V/WindowManager( 2812):         {WCT{RemoteToken{ebe90f0 Task{4f923e1 #21300 type=standard I=com.risa.app/.MainActivity}}} m=OPEN f=NONE leash=Surface(name=Task=21300)/@0xe26d06d sb=Rect(0, 0 - 1080, 2340) eb=Rect(0, 0 - 1080, 2340) epz=Point(1080, 2340) d=0 endFixedRotation=1 taskParent=-1 inset=Rect(84, 84 - 0, 0) dim=true},
12-26 19:40:37.940 V/WindowManager( 2812): Sent Transition (#5838) createdAt=12-26 19:40:37.900 via request=TransitionRequestInfo { type = OPEN, triggerTask = TaskInfo{userId=0 taskId=21300 effectiveUid=11280 displayId=0 isRunning=true baseIntent=Intent { act=android.intent.action.MAIN cat=[android.intent.category.LAUNCHER] flg=0x10200000 cmp=com.risa.app/.MainActivity } baseActivity=ComponentInfo{com.risa.app/com.risa.app.MainActivity} topActivity=ComponentInfo{com.risa.app/com.risa.app.MainActivity} origActivity=null realActivity=ComponentInfo{com.risa.app/com.risa.app.MainActivity} numActivities=1 lastActiveTime=323756096 supportsMultiWindow=true resizeMode=2 isResizeable=true minWidth=-1 minHeight=-1 maxWidth=-1 maxHeight=-1 defaultMinSize=220 desktopDefaultMinSize=304 token=WCT{RemoteToken{ebe90f0 Task{4f923e1 #21300 type=standard I=com.risa.app/.MainActivity}}} topActivityType=1 pictureInPictureParams=null shouldDockBigOverlays=false launchIntoPipHostTaskId=-1 lastParentTaskIdBeforePip=-1 displayCutoutSafeInsets=Rect(0, 84 - 0, 0) topActivityInfo=ActivityInfo{ed0669 com.risa.app.MainActivity} launchCookies=[android.os.BinderProxy@b15e8ee] positionInParent=Point(0, 0) parentTaskId=-1 isFocused=false isVisible=false isVisibleRequested=false isTopActivityNoDisplay=false isSleeping=false locusId=null displayAreaFeatureId=1 isTopActivityTransparent=false isActivityStackTransparent=false lastNonFullscreenBounds=Rect(81, 559 - 999, 1729) capturedLink=null capturedLinkTimestamp=0 requestedVisibleTypes=-9 topActivityRequestOpenInBrowserEducationTimestamp=0 appCompatTaskInfo=AppCompatTaskInfo { topActivityInSizeCompat=false eligibleForLetterboxEducation= false isLetterboxEducationEnabled= false isLetterboxDoubleTapEnabled= false eligibleForUserAspectRatioButton= false topActivityBoundsLetterboxed= false isFromLetterboxDoubleTap= false topActivityLetterboxVerticalPosition= -1 topActivityLetterboxHorizontalPosition= -1 topActivityLetterboxWidth=-1 topActivityLetterboxHeight=-1 topActivityAppBounds=Rect(0, 0 - 1080, 2340) isUserFullscreenOverrideEnabled=false isSystemFullscreenOverrideEnabled=false hasMinAspectRatioOverride=false topActivityLetterboxBounds=null cameraCompatTaskInfo=CameraCompatTaskInfo { freeformCameraCompatMode=inactive} topActivityBounds=null topActivityInDisplayCompat=false singleTapFromLetterbox=false} topActivityMainWindowFrame=null originallySupportedMultiWindow=true hasWallpaper=false rootAffinity=null isTopTaskInStage=false CoverLauncherWidgetTask=false LaunchedFromAppsCoverLauncherTask=false LaunchedFromMultistarCoverLauncherTask=false isAllowedSeamlessRotation=false isTopTransparentActivity=false isAliasManaged=false hasConfigChanged=false snappingGuideBounds=null isAiKeyRemoveAppTask=false lastDesktopWindowingBounds=null lastExternalDesktopWindowingBounds=null safeCutoutInsets=null}, pipChange = null, remoteTransition = RemoteTransition { remoteTransition = android.window.IRemoteTransition$Stub$Proxy@b60e18f, appThread = android.app.IApplicationThread$Stub$Proxy@93cc1c, debugName = QuickstepLaunchflags =NONE }, displayChange = null, flags = 0, debugId = 5838 }
12-26 19:40:37.941 D/InsetsSourceProvider( 2812): updateControlForTarget: control=InsetsSourceControl: {4c0000 mType=statusBars initiallyVisible mSurfacePosition=Point(0, 0) mInsetsHint=Insets{left=0, top=84, right=0, bottom=0}}, target=Window{1e9d2d5 u0 Splash Screen com.risa.app}, from=com.android.server.wm.InsetsStateController.onControlTargetChanged:83 com.android.server.wm.InsetsPolicy.updateBarControlTarget:212 com.android.server.wm.DisplayPolicy.updateSystemBarAttributes:262 com.android.server.wm.DisplayPolicy.finishPostLayoutPolicyLw:17 com.android.server.wm.RootWindowContainer.applySurfaceChangesTransaction$1:195 
12-26 19:40:37.941 D/InsetsSourceProvider( 2812): updateControlForTarget: control=InsetsSourceControl: {e4a90001 mType=navigationBars initiallyVisible mSurfacePosition=Point(0, 2205) mInsetsHint=Insets{left=0, top=0, right=0, bottom=135}}, target=Window{1e9d2d5 u0 Splash Screen com.risa.app}, from=com.android.server.wm.InsetsStateController.onControlTargetChanged:83 com.android.server.wm.InsetsPolicy.updateBarControlTarget:225 com.android.server.wm.DisplayPolicy.updateSystemBarAttributes:262 com.android.server.wm.DisplayPolicy.finishPostLayoutPolicyLw:17 com.android.server.wm.RootWindowContainer.applySurfaceChangesTransaction$1:195 
12-26 19:40:37.941 D/WindowManager( 2812): updateSystemBarAttributes: displayId=0, focusedCanBeNavColorWin=false, win=Window{1e9d2d5 u0 Splash Screen com.risa.app}, navColorWin=Window{1e9d2d5 u0 Splash Screen com.risa.app}, caller=com.android.server.wm.DisplayPolicy.finishPostLayoutPolicyLw:17 com.android.server.wm.RootWindowContainer.applySurfaceChangesTransaction$1:195 com.android.server.wm.RootWindowContainer.performSurfacePlacementNoTrace:59 
12-26 19:40:37.942 V/WindowManager( 2812):         {WCT{RemoteToken{ebe90f0 Task{4f923e1 #21300 type=standard I=com.risa.app/.MainActivity}}} m=OPEN f=NONE leash=Surface(name=Task=21300)/@0xe26d06d sb=Rect(0, 0 - 1080, 2340) eb=Rect(0, 0 - 1080, 2340) epz=Point(1080, 2340) d=0 endFixedRotation=1 taskParent=-1 inset=Rect(84, 84 - 0, 0) dim=true},
12-26 19:40:37.953 D/WindowManager( 2812): finishDrawingWindow: Window{1e9d2d5 u0 Splash Screen com.risa.app} mDrawState=HAS_DRAWN seqId=0
12-26 19:40:37.953 V/WindowManager( 2812): Finishing drawing window Window{1e9d2d5 u0 Splash Screen com.risa.app}: mDrawState=HAS_DRAWN
12-26 19:40:37.957 D/SGM:GameManager( 2812): identifyGamePackage. com.risa.app, mCurrentUserId: 0, callingMethodInfo: com.samsung.android.game.IGameManagerService$Stub.onTransact(IGameManagerService.java:247)
12-26 19:40:37.965 I/WindowManager( 2812): notifyInsetsControlChanged, removed=false, win=Window{1e9d2d5 u0 Splash Screen com.risa.app}, caller=com.android.server.wm.InsetsStateController$$ExternalSyntheticLambda1.run:137 com.android.server.wm.WindowAnimator$$ExternalSyntheticLambda2.onTransactionCommitted:26 android.view.SurfaceControl$Transaction$$ExternalSyntheticLambda4.run:0 android.os.Handler.handleCallback:995 android.os.Handler.dispatchMessage:103 android.os.Looper.loopOnce:273 
12-26 19:40:38.128 D/SGM:FgCheckThread( 2812): notifyAppCreated(), packageName: com.risa.app, userId: 0, sendRet: true
12-26 19:40:38.128 D/SGM:FgCheckThread( 2812): onLooperPrepared(), msg: MSG_APP_CREATE, pkgName: com.risa.app, userId: 0
12-26 19:40:38.129 D/SGM:FgCheckThread( 2812):   sendRunningComponentFocus(), pkgName: com.risa.app, userId: 0
12-26 19:40:38.129 D/SGM:FgCheckThread( 2812): onLooperPrepared(), msg: MSG_TASK_FOCUSED, pkgName: com.risa.app, userId: 0
12-26 19:40:38.129 D/SGM:FgCheckThread( 2812):   handleTaskFocused(), pkgName: com.risa.app, userID:0
12-26 19:40:38.129 D/ActivityTaskManager( 2812): scheduleTopResumedActivityChanged, onTop=true, r=ActivityRecord{38492488 u0 com.risa.app/.MainActivity t21300}, caller=com.android.server.wm.ActivityTaskSupervisor.scheduleTopResumedActivityStateIfNeeded:18 com.android.server.wm.ActivityTaskSupervisor.updateTopResumedActivityIfNeeded:54 com.android.server.wm.TaskFragment.setResumedActivity:30 com.android.server.wm.ActivityRecord.setState:100 com.android.server.wm.ActivityTaskSupervisor.realStartActivityLocked:477 com.android.server.wm.RootWindowContainer.attachApplication:92 
12-26 19:40:38.129 D/SGM:FgCheckThread( 2812):   handleResume(). pkgName: com.risa.app, userId: 0, category: non-game
12-26 19:40:38.129 D/SGM:FgCheckThread( 2812): notifyFocusInOut(). of pkg: com.risa.app, type: 4, isSecGameFamily: false, userId: 0
12-26 19:40:38.131 D/ActivityThread(19691): com.risa.app will use render engine as VK
12-26 19:40:38.133 D/SGM:GameManager( 2812): identifyForegroundApp. com.risa.app, mCurrentUserId: 0, callerUserId: 0
12-26 19:40:38.133 D/SGM:FgCheckThread( 2812): noteResumeComponent(), received pkgName: com.risa.app, userId: 0
12-26 19:40:38.134 D/SGM:FgCheckThread( 2812): onLooperPrepared(), msg: MSG_APP_RESUME, pkgName: com.risa.app, userid: 0
12-26 19:40:38.134 D/SGM:GameManager( 2812): identifyForegroundApp. com.risa.app, mCurrentUserId: 0, callerUserId: 0
12-26 19:40:38.135 D/SGM:GameManager( 2812): identifyForegroundApp. com.risa.app, mCurrentUserId: 0, callerUserId: 0
12-26 19:40:38.135 D/SGM:GameManager( 2812): identifyGamePackage. com.risa.app, mCurrentUserId: 0, callingMethodInfo: com.samsung.android.game.SemGameManager.isGamePackage(SemGameManager.java:106)
12-26 19:40:38.135 D/SGM:SemGameManager( 2812): isGamePackage(), pkgName=com.risa.app, ret=false
12-26 19:40:38.135 I/SDHMS:k ( 7550): handleResumeComponent : put = com.risa.app, userid = 0 instanceid =134808838
12-26 19:40:38.137 D/SGM:GameManager( 2812): identifyGamePackage. com.risa.app, mCurrentUserId: 0, callingMethodInfo: com.samsung.android.game.IGameManagerService$Stub.onTransact(IGameManagerService.java:247)
12-26 19:40:38.263 D/MdnieScenarioControlService( 2812):  packageName : com.risa.app    className : com.risa.app.MainActivity
12-26 19:40:38.280 V/WindowManager( 2812):    ChangeInfo{6c20960 container=ActivityRecord{38492488 u0 com.risa.app/.MainActivity t21300} flags=0x0}
12-26 19:40:38.280 V/WindowManager( 2812):    ChangeInfo{fb96e19 container=Task{4f923e1 #21300 type=standard I=com.risa.app/.MainActivity} flags=0x10}
12-26 19:40:38.283 D/WindowManager( 2812): prepareSync <SYNC_STATE_WAITING_FOR_DRAW>, mPrepareSyncSeqId=0, win=Window{1e9d2d5 u0 Splash Screen com.risa.app}
12-26 19:40:38.283 D/WindowManager( 2812): prepareSync <SYNC_STATE_WAITING_FOR_DRAW>, mPrepareSyncSeqId=0, win=Window{bbcc144 u0 com.risa.app/com.risa.app.MainActivity}
12-26 19:40:38.284 V/WindowManager( 2812): Override sync-method for 1e9d2d5 Splash Screen com.risa.app because seamless rotating, caller=com.android.server.wm.DisplayContent.setSeamlessTransitionForFixedRotation:22 com.android.server.wm.DisplayContent.requestChangeTransition:96 com.android.server.wm.DisplayRotation.updateRotationUnchecked:760 com.android.server.wm.DisplayRotation.updateOrientation:79 com.android.server.wm.DisplayContent.continueUpdateOrientationForDiffOrienLaunchingApp:63 
12-26 19:40:38.284 D/ChangeTransitionController( 2812):    ChangeInfo{6c20960 container=ActivityRecord{38492488 u0 com.risa.app/.MainActivity t21300} flags=0x0}
12-26 19:40:38.284 D/ChangeTransitionController( 2812):    ChangeInfo{fb96e19 container=Task{4f923e1 #21300 type=standard I=com.risa.app/.MainActivity} flags=0x10}
12-26 19:40:38.303 V/WindowManager( 2812): Collecting in transition 5839: Task{4f923e1 #21300 type=standard I=com.risa.app/.MainActivity}, caller=com.android.server.wm.TransitionController$$ExternalSyntheticLambda2.accept:34 com.android.server.wm.Task.forAllLeafTasks:6 com.android.server.wm.WindowContainer.forAllLeafTasks:4 com.android.server.wm.DisplayArea.forAllLeafTasks:4 com.android.server.wm.WindowContainer.forAllLeafTasks:4 
12-26 19:40:38.303 V/WindowManager( 2812): Collecting in transition 5839: ActivityRecord{38492488 u0 com.risa.app/.MainActivity t21300}, caller=com.android.server.wm.TransitionController$$ExternalSyntheticLambda2.accept:21 com.android.server.wm.ActivityRecord.forAllActivities:2 com.android.server.wm.WindowContainer.forAllActivities:8 com.android.server.wm.WindowContainer.forAllActivities:6 com.android.server.wm.TransitionController$$ExternalSyntheticLambda2.accept:107 
12-26 19:40:38.311 D/ChangeTransitionController( 2812):    ChangeInfo{39ecf61 container=ActivityRecord{38492488 u0 com.risa.app/.MainActivity t21300} flags=0x0}
12-26 19:40:38.311 D/ChangeTransitionController( 2812):    ChangeInfo{3d40a86 container=Task{4f923e1 #21300 type=standard I=com.risa.app/.MainActivity} flags=0x0}
12-26 19:40:38.311 V/WindowManager( 2812): Start calculating TransitionInfo based on participants: {ActivityRecord{38492488 u0 com.risa.app/.MainActivity t21300}, Task{4f923e1 #21300 type=standard I=com.risa.app/.MainActivity}, Display{#0 state=ON size=2340x1080 ROTATION_90}}
12-26 19:40:38.311 V/WindowManager( 2812):   Final targets: [ChangeInfo{3d40a86 container=Task{4f923e1 #21300 type=standard I=com.risa.app/.MainActivity} flags=0x0}, ChangeInfo{6217f47 container=DefaultTaskDisplayArea_d0@90254262 flags=0x10}, ChangeInfo{8f50374 container=Display{#0 state=ON size=2340x1080 ROTATION_90} flags=0x1}]
12-26 19:40:38.312 V/WindowManager( 2812):         {WCT{RemoteToken{ebe90f0 Task{4f923e1 #21300 type=standard I=com.risa.app/.MainActivity}}} m=CHANGE f=NONE p=WCT{RemoteToken{70b963d DefaultTaskDisplayArea_d0@90254262}} leash=Surface(name=Task=21300)/@0xe26d06d sb=Rect(0, 0 - 1080, 2340) eb=Rect(0, 0 - 2340, 1080) epz=Point(2340, 1080) d=0 r=0->1:0 taskParent=-1 inset=Rect(84, 84 - 135, 0)},
12-26 19:40:38.315 V/WindowManager( 2812):         {WCT{RemoteToken{ebe90f0 Task{4f923e1 #21300 type=standard I=com.risa.app/.MainActivity}}} m=CHANGE f=NONE p=WCT{RemoteToken{70b963d DefaultTaskDisplayArea_d0@90254262}} leash=Surface(name=Task=21300)/@0xe26d06d sb=Rect(0, 0 - 1080, 2340) eb=Rect(0, 0 - 2340, 1080) epz=Point(2340, 1080) d=0 r=0->1:0 taskParent=-1 inset=Rect(84, 84 - 135, 0)},
12-26 19:40:38.326 V/WindowManager( 2812):    ChangeInfo{39ecf61 container=ActivityRecord{38492488 u0 com.risa.app/.MainActivity t21300} flags=0x0}
12-26 19:40:38.326 V/WindowManager( 2812):    ChangeInfo{3d40a86 container=Task{4f923e1 #21300 type=standard I=com.risa.app/.MainActivity} flags=0x0}
12-26 19:40:38.327 D/ChangeTransitionController( 2812):    ChangeInfo{39ecf61 container=ActivityRecord{38492488 u0 com.risa.app/.MainActivity t21300} flags=0x0}
12-26 19:40:38.327 D/ChangeTransitionController( 2812):    ChangeInfo{3d40a86 container=Task{4f923e1 #21300 type=standard I=com.risa.app/.MainActivity} flags=0x0}
12-26 19:40:38.327 D/WindowManager( 2812): rotationForOrientation, orientationSource=ActivityRecord{38492488 u0 com.risa.app/.MainActivity t21300}
12-26 19:40:38.396 I/WindowManager( 2812): notifyInsetsControlChanged, removed=false, win=Window{1e9d2d5 u0 Splash Screen com.risa.app}, caller=com.android.server.wm.InsetsStateController$$ExternalSyntheticLambda1.run:137 com.android.server.wm.WindowAnimator$$ExternalSyntheticLambda2.onTransactionCommitted:26 android.view.SurfaceControl$Transaction$$ExternalSyntheticLambda4.run:0 android.os.Handler.handleCallback:995 android.os.Handler.dispatchMessage:103 android.os.Looper.loopOnce:273 
12-26 19:40:39.096 D/io_stats( 1176): !@ Read_top(KB): com.risa.app(19691) 27884 pageboostd(5390) 5276 ndroid.systemui(4743) 4700
12-26 19:40:39.178 D/CoreBackPreview( 2812): Window{bbcc144 u0 com.risa.app/com.risa.app.MainActivity}: Setting back callback OnBackInvokedCallbackInfo{mCallback=android.window.IOnBackInvokedCallback$Stub$Proxy@dbe0858, mPriority=-1, mIsAnimationCallback=false, mOverrideBehavior=0}
12-26 19:40:39.194 D/WindowManager( 2812): makeSurface duration=1 name=com.risa.app/com.risa.app.MainActivity$_19691
12-26 19:40:39.195 D/WindowManager( 2812): Changing focus from null to Window{bbcc144 u0 com.risa.app/com.risa.app.MainActivity} displayId=0 Callers=com.android.server.wm.WindowManagerService.relayoutWindow:1350 com.android.server.wm.Session.relayout:27 android.view.IWindowSession$Stub.onTransact:829 com.android.server.wm.Session.onTransact:1 
12-26 19:40:39.195 D/InsetsSourceProvider( 2812): updateControlForTarget: control=InsetsSourceControl: {4c0000 mType=statusBars initiallyVisible mSurfacePosition=Point(0, 0) mInsetsHint=Insets{left=0, top=84, right=0, bottom=0}}, target=Window{bbcc144 u0 com.risa.app/com.risa.app.MainActivity}, from=com.android.server.wm.InsetsStateController.onControlTargetChanged:83 com.android.server.wm.InsetsPolicy.updateBarControlTarget:212 com.android.server.wm.DisplayPolicy.updateSystemBarAttributes:262 com.android.server.wm.WindowManagerService.updateFocusedWindowLocked:372 com.android.server.wm.WindowManagerService.relayoutWindow:1350 
12-26 19:40:39.196 D/InsetsSourceProvider( 2812): updateControlForTarget: control=InsetsSourceControl: {e4a90001 mType=navigationBars initiallyVisible mSurfacePosition=Point(2205, 0) mInsetsHint=Insets{left=0, top=0, right=135, bottom=0}}, target=Window{bbcc144 u0 com.risa.app/com.risa.app.MainActivity}, from=com.android.server.wm.InsetsStateController.onControlTargetChanged:83 com.android.server.wm.InsetsPolicy.updateBarControlTarget:225 com.android.server.wm.DisplayPolicy.updateSystemBarAttributes:262 com.android.server.wm.WindowManagerService.updateFocusedWindowLocked:372 com.android.server.wm.WindowManagerService.relayoutWindow:1350 
12-26 19:40:39.196 V/SystemKeyManager( 2812): updateFocusedWindow() is called, com.risa.app/com.risa.app.MainActivity
12-26 19:40:39.215 I/WindowManager( 2812): notifyInsetsControlChanged, removed=false, win=Window{1e9d2d5 u0 Splash Screen com.risa.app}, caller=com.android.server.wm.InsetsStateController$$ExternalSyntheticLambda1.run:137 com.android.server.wm.WindowAnimator$$ExternalSyntheticLambda2.onTransactionCommitted:26 android.view.SurfaceControl$Transaction$$ExternalSyntheticLambda4.run:0 android.os.Handler.handleCallback:995 android.os.Handler.dispatchMessage:103 android.os.Looper.loopOnce:273 
12-26 19:40:39.290 D/WindowManager( 2812): rotationForOrientation, orientationSource=ActivityRecord{38492488 u0 com.risa.app/.MainActivity t21300}
12-26 19:40:39.319 D/WindowManager( 2812): finishDrawingWindow: Window{bbcc144 u0 com.risa.app/com.risa.app.MainActivity} mDrawState=DRAW_PENDING seqId=0
12-26 19:40:39.319 V/WindowManager( 2812): Finish starting ActivityRecord{38492488 u0 com.risa.app/.MainActivity t21300}: first real window is shown, no animation
12-26 19:40:39.319 V/WindowManager( 2812): Schedule remove starting ActivityRecord{38492488 u0 com.risa.app/.MainActivity t21300} startingWindow=Window{1e9d2d5 u0 Splash Screen com.risa.app} animate=true Callers=com.android.server.wm.ActivityRecord.removeStartingWindow:178 com.android.server.wm.WindowState.performShowLocked:155 com.android.server.wm.WindowStateAnimator.commitFinishDrawingLocked:73 com.android.server.wm.DisplayContent$$ExternalSyntheticLambda1.accept$com$android$server$wm$DisplayContent$$ExternalSyntheticLambda37:23 com.android.server.wm.DisplayContent$$ExternalSyntheticLambda1.accept:143 
12-26 19:40:39.319 D/TaskOrganizerController( 2812): applyStartingWindowAnimation, window=Window{bbcc144 u0 com.risa.app/com.risa.app.MainActivity}, caller=com.android.server.wm.TaskOrganizerController.removeStartingWindow:132 com.android.server.wm.StartingSurfaceController$StartingSurface.remove:23 com.android.server.wm.ActivityRecord.removeStartingWindowAnimation:171 
12-26 19:40:39.319 I/WindowManager( 2812): Reparenting to leash, surface=Surface(name=bbcc144 com.risa.app/com.risa.app.MainActivity)/@0x26e41e9, leashParent=Surface(name=ActivityRecord{38492488 u0 com.risa.app/.MainActivity t21300})/@0x43d3e6e
12-26 19:40:39.320 D/WindowManager( 2812): makeSurface duration=1 leash=Surface(name=Surface(name=bbcc144 com.risa.app/com.risa.app.MainActivity)/@0x26e41e9 - animation-leash of starting_reveal)/@0xe2d490f
12-26 19:40:39.320 V/WindowManager( 2812): performShowLocked: mDrawState=HAS_DRAWN in Window{bbcc144 u0 com.risa.app/com.risa.app.MainActivity}
12-26 19:40:39.322 I/Pageboost( 2812): Launch time gathered : pid 19691 com.risa.app 1421
12-26 19:40:39.332 D/SGM:GameManager( 2812): identifyForegroundApp. com.risa.app, mCurrentUserId: 0, callerUserId: 0
12-26 19:40:39.333 D/SGM:GameManager( 2812): identifyForegroundApp. com.risa.app, mCurrentUserId: 0, callerUserId: 0
12-26 19:40:39.334 D/SGM:FgCheckThread( 2812): getForegroundApp(), foregroundPkgName=com.risa.app
12-26 19:40:39.335 D/SGM:FgCheckThread( 2812): noteStopComponent(), received pkgName: com.sec.android.app.launcher, focusedPkgName: com.risa.app, userId: 0
12-26 19:40:39.362 D/InsetsSourceProvider( 2812): updateControlForTarget: control=InsetsSourceControl: {3 mType=ime mSurfacePosition=Point(84, 84) mInsetsHint=Insets{left=0, top=0, right=0, bottom=586}}, target=Window{bbcc144 u0 com.risa.app/com.risa.app.MainActivity}, from=com.android.server.wm.ImeInsetsSourceProvider.updateControlForTarget:17 com.android.server.wm.InsetsStateController.onControlTargetChanged:83 com.android.server.wm.DisplayContent.updateImeControlTarget:21 com.android.server.wm.DisplayContent.updateImeInputAndControlTarget:156 com.android.server.wm.WindowManagerService$LocalService.updateInputMethodTargetWindow:64 
12-26 19:40:39.367 D/WindowManager( 2812): Starting window removed Window{1e9d2d5 u0 Splash Screen com.risa.app}
12-26 19:40:39.367 I/WindowManager( 2812): Cancelling animation restarting=false, leash=Surface(name=Surface(name=bbcc144 com.risa.app/com.risa.app.MainActivity)/@0x26e41e9 - animation-leash of starting_reveal)/@0xe2d490f
12-26 19:40:39.367 I/WindowManager( 2812): Reparenting to original parent: Surface(name=ActivityRecord{38492488 u0 com.risa.app/.MainActivity t21300})/@0x43d3e6e, destroy=false, surface=Surface(name=bbcc144 com.risa.app/com.risa.app.MainActivity)/@0x26e41e9
12-26 19:40:39.368 V/WindowManager( 2812): Remove Window{1e9d2d5 u0 Splash Screen com.risa.app}: mSurfaceControl=Surface(name=Splash Screen com.risa.app$_4743)/@0x2cc711b mAnimatingExit=false mRemoveOnExit=false mHasSurface=true surfaceShowing=true animating=false app-animation=false callers=com.android.server.wm.Session.remove:16 android.view.IWindowSession$Stub.onTransact:804 com.android.server.wm.Session.onTransact:1 android.os.Binder.execTransactInternal:1462 android.os.Binder.execTransact:1401 <bottom of call stack> 
12-26 19:40:39.463 D/MdnieScenarioControlService( 2812):  packageName : com.risa.app    className : com.risa.app.MainActivity
12-26 19:40:39.474 D/CoreBackPreview( 2812): Window{bbcc144 u0 com.risa.app/com.risa.app.MainActivity}: Setting back callback OnBackInvokedCallbackInfo{mCallback=android.window.IOnBackInvokedCallback$Stub$Proxy@8ee5982, mPriority=0, mIsAnimationCallback=true, mOverrideBehavior=0}
12-26 19:40:39.474 D/CoreBackPreview( 2812): Window{bbcc144 u0 com.risa.app/com.risa.app.MainActivity}: Setting back callback OnBackInvokedCallbackInfo{mCallback=android.window.IOnBackInvokedCallback$Stub$Proxy@94de893, mPriority=-1, mIsAnimationCallback=false, mOverrideBehavior=0}
12-26 19:40:39.575 D/SGM:GameManager( 2812): identifyGamePackage. com.risa.app, mCurrentUserId: 0, callingMethodInfo: com.samsung.android.game.SemGameManager.isGamePackage(SemGameManager.java:106)
12-26 19:40:39.575 D/SGM:SemGameManager( 2812): isGamePackage(), pkgName=com.risa.app, ret=false
12-26 19:40:39.862 D/SGM:GameManager( 2812): identifyForegroundApp. com.risa.app, mCurrentUserId: 0, callerUserId: 0
12-26 19:40:41.925 D/CoreBackPreview( 2812): Window{bbcc144 u0 com.risa.app/com.risa.app.MainActivity}: Setting back callback OnBackInvokedCallbackInfo{mCallback=android.window.IOnBackInvokedCallback$Stub$Proxy@26cac48, mPriority=0, mIsAnimationCallback=true, mOverrideBehavior=0}
12-26 19:40:41.925 D/CoreBackPreview( 2812): Window{bbcc144 u0 com.risa.app/com.risa.app.MainActivity}: Setting back callback OnBackInvokedCallbackInfo{mCallback=android.window.IOnBackInvokedCallback$Stub$Proxy@c737ae1, mPriority=-1, mIsAnimationCallback=false, mOverrideBehavior=0}
12-26 19:40:41.926 D/CoreBackPreview( 2812): Window{bbcc144 u0 com.risa.app/com.risa.app.MainActivity}: Setting back callback OnBackInvokedCallbackInfo{mCallback=android.window.IOnBackInvokedCallback$Stub$Proxy@7a21006, mPriority=0, mIsAnimationCallback=true, mOverrideBehavior=0}
12-26 19:40:42.173 D/CoreBackPreview( 2812): Window{bbcc144 u0 com.risa.app/com.risa.app.MainActivity}: Setting back callback OnBackInvokedCallbackInfo{mCallback=android.window.IOnBackInvokedCallback$Stub$Proxy@b86d6c7, mPriority=-1, mIsAnimationCallback=false, mOverrideBehavior=0}
12-26 19:40:42.597 D/SGM:GameManager( 2812): identifyGamePackage. com.risa.app, mCurrentUserId: 0, callingMethodInfo: com.samsung.android.game.SemGameManager.isGamePackage(SemGameManager.java:106)
12-26 19:40:42.598 D/SGM:SemGameManager( 2812): isGamePackage(), pkgName=com.risa.app, ret=false
12-26 19:40:43.099 D/io_stats( 1176): !@ Read_top(KB): com.risa.app(19691) 67920 kworker/u16:13(14954) 1544 kworker/u16:4(9806) 1536
12-26 19:40:43.099 D/io_stats( 1176): !@ Write_top(KB): com.risa.app(19691) 7216 chbox:googleapp(10253) 156 .android.chrome(13710) 124
12-26 19:40:44.625 D/CoreBackPreview( 2812): Window{bbcc144 u0 com.risa.app/com.risa.app.MainActivity}: Setting back callback OnBackInvokedCallbackInfo{mCallback=android.window.IOnBackInvokedCallback$Stub$Proxy@439b68e, mPriority=0, mIsAnimationCallback=true, mOverrideBehavior=0}
12-26 19:40:45.617 D/SGM:GameManager( 2812): identifyGamePackage. com.risa.app, mCurrentUserId: 0, callingMethodInfo: com.samsung.android.game.SemGameManager.isGamePackage(SemGameManager.java:106)
12-26 19:40:45.618 D/SGM:SemGameManager( 2812): isGamePackage(), pkgName=com.risa.app, ret=false
12-26 19:40:47.101 D/io_stats( 1176): !@ Read_top(KB): asy.lm.football(26502) 1920 ocessService0:0(26600) 1604 com.risa.app(19691) 600
12-26 19:40:47.101 D/io_stats( 1176): !@ Write_top(KB): com.risa.app(19691) 26508 kworker/u16:4(9806) 2188 jbd2/sda9-8(1164) 8
12-26 19:40:48.655 D/SGM:GameManager( 2812): identifyGamePackage. com.risa.app, mCurrentUserId: 0, callingMethodInfo: com.samsung.android.game.SemGameManager.isGamePackage(SemGameManager.java:106)
12-26 19:40:48.655 D/SGM:SemGameManager( 2812): isGamePackage(), pkgName=com.risa.app, ret=false
12-26 19:40:51.103 D/io_stats( 1176): !@ Write_top(KB): com.risa.app(19691) 43144 kworker/u16:7(14948) 1196 rdash.driverapp(4350) 20
12-26 19:40:51.680 D/SGM:GameManager( 2812): identifyGamePackage. com.risa.app, mCurrentUserId: 0, callingMethodInfo: com.samsung.android.game.SemGameManager.isGamePackage(SemGameManager.java:106)
12-26 19:40:51.680 D/SGM:SemGameManager( 2812): isGamePackage(), pkgName=com.risa.app, ret=false
12-26 19:40:54.688 D/SGM:GameManager( 2812): identifyGamePackage. com.risa.app, mCurrentUserId: 0, callingMethodInfo: com.samsung.android.game.SemGameManager.isGamePackage(SemGameManager.java:106)
12-26 19:40:54.688 D/SGM:SemGameManager( 2812): isGamePackage(), pkgName=com.risa.app, ret=false
12-26 19:40:55.106 D/io_stats( 1176): !@ Write_top(KB): com.risa.app(19691) 25876 kworker/u16:7(14948) 2268 chbox:googleapp(10253) 48
12-26 19:40:57.699 D/SGM:GameManager( 2812): identifyGamePackage. com.risa.app, mCurrentUserId: 0, callingMethodInfo: com.samsung.android.game.SemGameManager.isGamePackage(SemGameManager.java:106)
12-26 19:40:57.699 D/SGM:SemGameManager( 2812): isGamePackage(), pkgName=com.risa.app, ret=false
12-26 19:40:59.108 D/io_stats( 1176): !@ Write_top(KB): com.risa.app(19691) 31660 kworker/u16:4(9806) 31500 kworker/u16:13(14954) 26820
12-26 19:41:00.144 V/WindowManager( 2812): Transition 5840: Set Task{4f923e1 #21300 type=standard I=com.risa.app/.MainActivity} as transient-hidden-task, caller=com.android.server.wm.Task.forAllTasks:4 com.android.server.wm.WindowContainer.forAllTasks:2 com.android.server.wm.DisplayArea.forAllTasks:9 
12-26 19:41:00.144 V/WindowManager( 2812): Collecting in transition 5840: Task{4f923e1 #21300 type=standard I=com.risa.app/.MainActivity}, caller=com.android.server.wm.Transition$$ExternalSyntheticLambda20.test:119 com.android.server.wm.Task.forAllTasks:4 com.android.server.wm.WindowContainer.forAllTasks:2 com.android.server.wm.DisplayArea.forAllTasks:9 com.android.server.wm.Transition.setTransientLaunch:138 
12-26 19:41:00.146 D/ActivityTaskManager( 2812): scheduleTopResumedActivityChanged, onTop=false, r=ActivityRecord{38492488 u0 com.risa.app/.MainActivity t21300}, caller=com.android.server.wm.ActivityTaskSupervisor.scheduleTopResumedActivityStateLossIfNeeded:19 com.android.server.wm.ActivityTaskSupervisor.endDeferResume:21 com.android.server.wm.WindowOrganizerController.applyTransaction:186 com.android.server.wm.WindowOrganizerController.applyTransaction:16 com.android.server.wm.WindowOrganizerController$$ExternalSyntheticLambda5.onCollectStarted:27 com.android.server.wm.TransitionController.startCollectOrQueue:97 
12-26 19:41:00.152 D/SGM:GameManager( 2812): identifyForegroundApp. com.risa.app, mCurrentUserId: 0, callerUserId: 0
12-26 19:41:00.153 D/SGM:GameManager( 2812): identifyForegroundApp. com.risa.app, mCurrentUserId: 0, callerUserId: 0
12-26 19:41:00.294 D/MdnieScenarioControlService( 2812):  packageName : com.risa.app    className : com.risa.app.MainActivity
12-26 19:41:00.295 D/ChangeTransitionController( 2812):    ChangeInfo{47e3962 container=Task{4f923e1 #21300 type=standard I=com.risa.app/.MainActivity} flags=0x4}
12-26 19:41:00.295 V/WindowManager( 2812): Start calculating TransitionInfo based on participants: {ActivityRecord{3284862 u0 com.sec.android.app.launcher/com.android.quickstep.RecentsActivity t20803}, Task{4f923e1 #21300 type=standard I=com.risa.app/.MainActivity}, TransientLaunchOverlayToken{596861a token=android.os.BinderProxy@2be6cc5}, Task{5db9018 #20803 type=recents I=com.sec.android.app.launcher/com.android.quickstep.RecentsActivity}, WallpaperWindowToken{d2924d7 showWhenLocked=false}_<system>}
12-26 19:41:00.295 V/WindowManager( 2812):   Final targets: [ChangeInfo{e2a93b0 container=TransientLaunchOverlayToken{596861a token=android.os.BinderProxy@2be6cc5} flags=0x0}, ChangeInfo{b40b229 container=Task{5db9018 #20803 type=recents I=com.sec.android.app.launcher/com.android.quickstep.RecentsActivity} flags=0x30}, ChangeInfo{47e3962 container=Task{4f923e1 #21300 type=standard I=com.risa.app/.MainActivity} flags=0x4}, ChangeInfo{c83d34f container=WallpaperWindowToken{d2924d7 showWhenLocked=false}_<system> flags=0x0}]
12-26 19:41:00.296 D/WindowManager( 2812): setActiveRecents, recents=Task{5db9018 #20803 type=recents I=com.sec.android.app.launcher/com.android.quickstep.RecentsActivity}, task=Task{4f923e1 #21300 type=standard I=com.risa.app/.MainActivity}, caller=com.android.server.wm.InputMonitor.setActiveRecents:33 com.android.server.wm.Transition.onTransactionReady:1795 com.android.server.wm.BLASTSyncEngine$SyncGroup.finishNow:240 
12-26 19:41:00.297 V/WindowManager( 2812):         {WCT{RemoteToken{ebe90f0 Task{4f923e1 #21300 type=standard I=com.risa.app/.MainActivity}}} m=TO_BACK f=EDGE_EXTENSION_RESTRICTION leash=Surface(name=Task=21300)/@0xe26d06d sb=Rect(0, 0 - 2340, 1080) eb=Rect(0, 0 - 2340, 1080) epz=Point(2340, 1080) d=0 taskParent=-1 inset=Rect(84, 84 - 135, 0) dim=true allowAppBgLayer=true},
12-26 19:41:00.304 V/WindowManager( 2812):         {WCT{RemoteToken{ebe90f0 Task{4f923e1 #21300 type=standard I=com.risa.app/.MainActivity}}} m=TO_BACK f=EDGE_EXTENSION_RESTRICTION leash=Surface(name=Task=21300)/@0xe26d06d sb=Rect(0, 0 - 2340, 1080) eb=Rect(0, 0 - 2340, 1080) epz=Point(2340, 1080) d=0 taskParent=-1 inset=Rect(84, 84 - 135, 0) dim=true allowAppBgLayer=true},
12-26 19:41:00.312 D/WindowManager( 2812): Changing focus from Window{bbcc144 u0 com.risa.app/com.risa.app.MainActivity} to Window{18d63a7 u0 com.sec.android.app.launcher/com.android.quickstep.RecentsActivity} displayId=0 Callers=com.android.server.wm.ActivityTaskManagerService.setLastResumedActivityUncheckLocked:264 com.android.server.wm.ActivityTaskManagerService.setFocusedTask:19 com.android.server.wm.ActivityTaskManagerService.focusTopTask:53 android.app.IActivityTaskManager$Stub.onTransact:2020 
12-26 19:41:00.314 D/WindowManager( 2812): updateSystemBarAttributes: displayId=0, focusedCanBeNavColorWin=false, win=Window{18d63a7 u0 com.sec.android.app.launcher/com.android.quickstep.RecentsActivity}, navColorWin=Window{bbcc144 u0 com.risa.app/com.risa.app.MainActivity}, caller=com.android.server.wm.WindowManagerService.updateFocusedWindowLocked:372 com.android.server.wm.ActivityTaskManagerService.setLastResumedActivityUncheckLocked:264 com.android.server.wm.ActivityTaskManagerService.setFocusedTask:19 
12-26 19:41:00.574 V/WindowManager( 2812):    ChangeInfo{47e3962 container=Task{4f923e1 #21300 type=standard I=com.risa.app/.MainActivity} flags=0x4}
12-26 19:41:00.576 D/ChangeTransitionController( 2812):    ChangeInfo{47e3962 container=Task{4f923e1 #21300 type=standard I=com.risa.app/.MainActivity} flags=0x4}
12-26 19:41:00.577 D/SGM:FgCheckThread( 2812): notePauseComponent(), received pkgName: com.risa.app, userId: 0
12-26 19:41:00.617 V/WindowManager( 2812): Setting visibility of Window{bbcc144 u0 com.risa.app/com.risa.app.MainActivity}: false, caller=com.android.server.wm.WindowContainer.sendAppVisibilityToClients:19 com.android.server.wm.WindowToken.setClientVisible:48 com.android.server.wm.ActivityRecord.activityStopped:189 com.android.server.wm.ActivityClientController.activityStopped:97 android.app.IActivityClientController$Stub.onTransact:740 
