12-26 19:41:00.617 E/WindowManager( 2812): win=Window{bbcc144 u0 com.risa.app/com.risa.app.MainActivity} destroySurfaces: appStopped=true cleanupOnResume=false win.mWindowRemovalAllowed=false win.mRemoveOnExit=false win.mViewVisibility=4 caller=com.android.server.wm.ActivityRecord.destroySurfaces:25 com.android.server.wm.ActivityRecord.activityStopped:192 com.android.server.wm.ActivityClientController.activityStopped:97 android.app.IActivityClientController$Stub.onTransact:740 com.android.server.wm.ActivityClientController.onTransact:1 android.os.Binder.execTransactInternal:1462 android.os.Binder.execTransact:1401 
12-26 19:41:00.618 D/SGM:FgCheckThread( 2812): pkgName: com.risa.app is not in foreground
12-26 19:41:00.618 D/SGM:FgCheckThread( 2812): noteStopComponent(), received pkgName: com.risa.app, focusedPkgName: com.sec.android.app.launcher, userId: 0
12-26 19:41:01.811 I/ActivityManager( 2812): Killing 19691:com.risa.app/u0a1280 (adj 905): remove task
12-26 19:41:01.867 I/WindowManager( 2812): WIN DEATH: Window{bbcc144 u0 com.risa.app/com.risa.app.MainActivity}
12-26 19:41:01.867 V/WindowManager( 2812): Remove Window{bbcc144 u0 com.risa.app/com.risa.app.MainActivity}: mSurfaceControl=null mAnimatingExit=false mRemoveOnExit=false mHasSurface=false surfaceShowing=false animating=false app-animation=false callers=com.android.server.wm.Session.binderDied:85 android.os.IBinder$DeathRecipient.binderDied:346 android.os.BinderProxy.sendDeathNotice:848 <bottom of call stack> <bottom of call stack> <bottom of call stack> 
12-26 19:41:01.871 W/UsageStatsService( 2812): Unexpected activity event reported! (com.risa.app/com.risa.app.MainActivity event : 23 instanceId : 134808838)
12-26 19:41:01.871 D/SGM:FgCheckThread( 2812): pkgName: com.risa.app is not in foreground
12-26 19:41:01.871 D/SGM:FgCheckThread( 2812): noteStopComponent(), received pkgName: com.risa.app, focusedPkgName: com.sec.android.app.launcher, userId: 0
12-26 19:41:02.973 D/ActivityThread(30287): Package [com.risa.app] reported as REPLACED, but missing application info. Assuming REMOVED.
12-26 19:41:02.974 D/ActivityThread(30287): Package [com.risa.app] reported as REPLACED, but missing application info. Assuming REMOVED.
12-26 19:41:02.974 D/ActivityThread(30287): Package [com.risa.app] reported as REPLACED, but missing application info. Assuming REMOVED.
12-26 19:41:02.998 D/ActivityThread(30287): Package [com.risa.app] reported as REPLACED, but missing application info. Assuming REMOVED.
12-26 19:41:02.998 D/ActivityThread(30287): Package [com.risa.app] reported as REPLACED, but missing application info. Assuming REMOVED.
12-26 19:41:02.998 D/ActivityThread(30287): Package [com.risa.app] reported as REPLACED, but missing application info. Assuming REMOVED.
12-26 19:41:03.110 D/io_stats( 1176): !@ Write_top(KB): kworker/u16:7(14948) 25048 com.risa.app(19691) 7332 system_server(2812) 912
12-26 19:41:27.182 I/Pageboost( 2812): start alp : com.risa.app
12-26 19:41:27.183 I/Pageboost( 2812): alp for : com.risa.app , 0
12-26 19:41:27.190 D/ShellStartingWindow( 4743): preload Icon com.risa.app
12-26 19:41:27.221 I/ActivityManager( 2812): Start proc 20434:com.risa.app/u0a1280 for activelaunch {com.risa.app/com.risa.app.MainActivity}
12-26 19:41:27.242 I/Pageboost( 2812): onAppLaunch : com.risa.app
12-26 19:41:27.243 V/WindowManager( 2812): Collecting in transition 5845: ActivityRecord{202106712 u0 com.risa.app/.MainActivity, caller=com.android.server.wm.TransitionController.collect:7 com.android.server.wm.ActivityStarter.startActivityUnchecked:98 com.android.server.wm.ActivityStarter.executeRequest:3651 com.android.server.wm.ActivityStarter.execute:1752 com.android.server.wm.ActivityTaskManagerService.startActivityAsUser:95 
12-26 19:41:27.243 D/ActivityTaskManager( 2812): DesktopModeLaunchParamsModifier: task=null activity=ActivityRecord{202106712 u0 com.risa.app/.MainActivity t-1} task null, skipping
12-26 19:41:27.243 D/ActivityTaskManager( 2812): TaskLaunchParamsModifier:task=null activity=ActivityRecord{202106712 u0 com.risa.app/.MainActivity t-1} display-from-option=0 display-id=0 task-display-area-windowing-mode=1 suggested-display-area=DefaultTaskDisplayArea_d0@90254262
12-26 19:41:27.243 D/ActivityTaskManager( 2812): DesktopModeLaunchParamsModifier: task=null activity=ActivityRecord{202106712 u0 com.risa.app/.MainActivity t-1} task null, skipping
12-26 19:41:27.243 D/ActivityTaskManager( 2812): TaskLaunchParamsModifier:task=null activity=ActivityRecord{202106712 u0 com.risa.app/.MainActivity t-1} display-from-option=0 display-id=0 task-display-area-windowing-mode=1 suggested-display-area=DefaultTaskDisplayArea_d0@90254262 inherit-from-source=fullscreen non-freeform-task-display-area display-area=DefaultTaskDisplayArea_d0@90254262 activity-requested-landscape freeform-size-mismatch=Rect(81, 559 - 999, 1729)
12-26 19:41:27.244 D/ActivityTaskManager( 2812): DesktopModeLaunchParamsModifier: task=Task{79e80b1 #21301 type=standard I=com.risa.app/.MainActivity} activity=ActivityRecord{202106712 u0 com.risa.app/.MainActivity t-1} non-desktop, skipping
12-26 19:41:27.244 D/ActivityTaskManager( 2812): TaskLaunchParamsModifier:task=Task{79e80b1 #21301 type=standard I=com.risa.app/.MainActivity} activity=ActivityRecord{202106712 u0 com.risa.app/.MainActivity t-1} display-from-option=0 display-id=0 task-display-area-windowing-mode=1 suggested-display-area=DefaultTaskDisplayArea_d0@90254262 inherit-from-source=fullscreen non-freeform-task-display-area display-area=DefaultTaskDisplayArea_d0@90254262 activity-requested-landscape freeform-size-mismatch=Rect(81, 559 - 999, 1729)
12-26 19:41:27.245 V/WindowManager( 2812): Collecting in transition 5845: Task{79e80b1 #21301 type=standard I=com.risa.app/.MainActivity}, caller=com.android.server.wm.Transition.collectExistenceChange:40 com.android.server.wm.ActivityStarter.startActivityInner:293 com.android.server.wm.ActivityStarter.startActivityUnchecked:111 com.android.server.wm.ActivityStarter.executeRequest:3651 com.android.server.wm.ActivityStarter.execute:1752 
12-26 19:41:27.246 V/WindowManager( 2812): Add starting ActivityRecord{202106712 u0 com.risa.app/.MainActivity t21301}: startingData=SplashScreenStartingData{f4b5917 removeAfterTransaction= 0}
12-26 19:41:27.247 V/WindowManager( 2812): Added starting ActivityRecord{202106712 u0 com.risa.app/.MainActivity t21301}: startingWindow=null startingView=com.android.server.wm.StartingSurfaceController$StartingSurface@7042104
12-26 19:41:27.248 V/WindowManager( 2812): Collecting in transition 5845: ActivityRecord{202106712 u0 com.risa.app/.MainActivity t21301}, caller=com.android.server.wm.Transition.collectExistenceChange:40 com.android.server.wm.ActivityStarter.handleStartResult:761 com.android.server.wm.ActivityStarter.startActivityUnchecked:124 com.android.server.wm.ActivityStarter.executeRequest:3651 com.android.server.wm.ActivityStarter.execute:1752 
12-26 19:41:27.248 V/WindowManager( 2812):    ChangeInfo{8244970 container=Task{79e80b1 #21301 type=standard I=com.risa.app/.MainActivity} flags=0x0}
12-26 19:41:27.248 V/WindowManager( 2812):    ChangeInfo{27394e9 container=ActivityRecord{202106712 u0 com.risa.app/.MainActivity t21301} flags=0x0}
12-26 19:41:27.248 I/ActivityTaskManager( 2812): START u0 {act=android.intent.action.MAIN cat=[android.intent.category.LAUNCHER] flg=0x10200000 xflg=0x4 cmp=com.risa.app/.MainActivity bnds=[290,1263][540,1538]} with LAUNCH_SINGLE_TOP from uid 10150 (sr=241675760) (BAL_ALLOW_VISIBLE_WINDOW) result code=0
12-26 19:41:27.248 V/WindowManagerShell( 4743): Transition requested (#5845): android.os.BinderProxy@25e377f TransitionRequestInfo { type = OPEN, triggerTask = TaskInfo{userId=0 taskId=21301 effectiveUid=11280 displayId=0 isRunning=true baseIntent=Intent { act=android.intent.action.MAIN cat=[android.intent.category.LAUNCHER] flg=0x10200000 cmp=com.risa.app/.MainActivity } baseActivity=ComponentInfo{com.risa.app/com.risa.app.MainActivity} topActivity=ComponentInfo{com.risa.app/com.risa.app.MainActivity} origActivity=null realActivity=ComponentInfo{com.risa.app/com.risa.app.MainActivity} numActivities=1 lastActiveTime=323805439 supportsMultiWindow=true resizeMode=2 isResizeable=true minWidth=-1 minHeight=-1 maxWidth=-1 maxHeight=-1 defaultMinSize=220 desktopDefaultMinSize=304 token=WCT{android.window.IWindowContainerToken$Stub$Proxy@240834c} topActivityType=1 pictureInPictureParams=null shouldDockBigOverlays=false launchIntoPipHostTaskId=-1 lastParentTaskIdBeforePip=-1 displayCutoutSafeInsets=Rect(0, 84 - 0, 0) topActivityInfo=ActivityInfo{6413f95 com.risa.app.MainActivity} launchCookies=[android.os.BinderProxy@d65a8aa] positionInParent=Point(0, 0) parentTaskId=-1 isFocused=false isVisible=false isVisibleRequested=false isTopActivityNoDisplay=false isSleeping=false locusId=null displayAreaFeatureId=1 isTopActivityTransparent=false isActivityStackTransparent=false lastNonFullscreenBounds=Rect(81, 559 - 999, 1729) capturedLink=null capturedLinkTimestamp=0 requestedVisibleTypes=-9 topActivityRequestOpenInBrowserEducationTimestamp=0 appCompatTaskInfo=AppCompatTaskInfo { topActivityInSizeCompat=false eligibleForLetterboxEducation= false isLetterboxEducationEnabled= false isLetterboxDoubleTapEnabled= false eligibleForUserAspectRatioButton= false topActivityBoundsLetterboxed= false isFromLetterboxDoubleTap= false topActivityLetterboxVerticalPosition= -1 topActivityLetterboxHorizontalPosition= -1 topActivityLetterboxWidth=-1 topActivityLetterboxHeight=-1 topActivityAppBounds=Rect(0, 0 - 1080, 2340) isUserFullscreenOverrideEnabled=false isSystemFullscreenOverrideEnabled=false hasMinAspectRatioOverride=false topActivityLetterboxBounds=null cameraCompatTaskInfo=CameraCompatTaskInfo { freeformCameraCompatMode=inactive} topActivityBounds=null topActivityInDisplayCompat=false singleTapFromLetterbox=false} topActivityMainWindowFrame=null originallySupportedMultiWindow=true hasWallpaper=false rootAffinity=null isTopTaskInStage=false CoverLauncherWidgetTask=false LaunchedFromAppsCoverLauncherTask=false LaunchedFromMultistarCoverLauncherTask=false isAllowedSeamlessRotation=false isTopTransparentActivity=false isAliasManaged=false hasConfigChanged=false snappingGuideBounds=null isAiKeyRemoveAppTask=false lastDesktopWindowingBounds=null lastExternalDesktopWindowingBounds=null safeCutoutInsets=null}, pipChange = null, remoteTransition = RemoteTransition { remoteTransition = android.window.IRemoteTransition$Stub$Proxy@b28cc9b, appThread = android.app.IApplicationThread$Stub$Proxy@9988838, debugName = QuickstepLaunchflags =NONE }, displayChange = null, flags = 0, debugId = 5845 }
12-26 19:41:27.250 D/WindowManager( 2812): prepareSync <SYNC_STATE_WAITING_FOR_DRAW>, mPrepareSyncSeqId=0, win=Window{26796a5 u0 Splash Screen com.risa.app}
12-26 19:41:27.251 V/WindowManager( 2812): addWindow: ActivityRecord{202106712 u0 com.risa.app/.MainActivity t21301} startingWindow=Window{26796a5 u0 Splash Screen com.risa.app}
12-26 19:41:27.254 D/WindowManager( 2812): makeSurface duration=0 name=Splash Screen com.risa.app$_4743
12-26 19:41:27.261 V/WindowManager( 2812): Collecting in transition 5845: ActivityRecord{202106712 u0 com.risa.app/.MainActivity t21301}, caller=com.android.server.wm.TransitionController.collect:7 com.android.server.wm.ActivityRecord.setVisibility:132 com.android.server.wm.EnsureActivitiesVisibleHelper.process:459 com.android.server.wm.TaskFragment.updateActivityVisibilities:12 com.android.server.wm.Task$$ExternalSyntheticLambda37.accept:37 
12-26 19:41:27.268 D/WindowManager( 2812): finishDrawingWindow: Window{26796a5 u0 Splash Screen com.risa.app} mDrawState=DRAW_PENDING seqId=0
12-26 19:41:27.269 V/WindowManager( 2812): Finishing drawing window Window{26796a5 u0 Splash Screen com.risa.app}: mDrawState=DRAW_PENDING
12-26 19:41:27.269 V/WindowManager( 2812): Draw state now committed in Window{26796a5 u0 Splash Screen com.risa.app}
12-26 19:41:27.269 D/WindowManager( 2812): rotationForOrientation, orientationSource=ActivityRecord{202106712 u0 com.risa.app/.MainActivity t21301}
12-26 19:41:27.269 D/ActivityTaskManager( 2812): applyFixedRotationTransform, r=ActivityRecord{202106712 u0 com.risa.app/.MainActivity t21301}, caller=com.android.server.wm.ActivityRecord.applyFixedRotationTransform:20 com.android.server.wm.DisplayContent.startFixedRotationTransform:63 com.android.server.wm.DisplayContent.setFixedRotationLaunchingApp:47 com.android.server.wm.DisplayContent.handleTopActivityLaunchingInDifferentOrientation:286 com.android.server.wm.DisplayContent.updateOrientation:40 
12-26 19:41:27.271 D/WindowManager( 2812): setFixedRotationLaunchingAppUnchecked, rotation=1, r=ActivityRecord{202106712 u0 com.risa.app/.MainActivity t21301}, caller=com.android.server.wm.DisplayContent.setFixedRotationLaunchingAppUnchecked:131 com.android.server.wm.DisplayContent.setFixedRotationLaunchingApp:50 com.android.server.wm.DisplayContent.handleTopActivityLaunchingInDifferentOrientation:286 com.android.server.wm.DisplayContent.updateOrientation:40 com.android.server.wm.WindowState.performShowLocked:308 
12-26 19:41:27.272 D/WindowManagerServiceExt( 2812): updateTaskbarTargetIfNeeded: cn=ComponentInfo{com.risa.app/com.risa.app.MainActivity} occludesParent=true isInSplitScreenMode=false
12-26 19:41:27.272 D/ChangeTransitionController( 2812):    ChangeInfo{8244970 container=Task{79e80b1 #21301 type=standard I=com.risa.app/.MainActivity} flags=0x0}
12-26 19:41:27.272 D/ChangeTransitionController( 2812):    ChangeInfo{27394e9 container=ActivityRecord{202106712 u0 com.risa.app/.MainActivity t21301} flags=0x0}
12-26 19:41:27.272 V/WindowManager( 2812): Start calculating TransitionInfo based on participants: {Task{79e80b1 #21301 type=standard I=com.risa.app/.MainActivity}, WallpaperWindowToken{82337fa showWhenLocked=true}_<lock>, ActivityRecord{202106712 u0 com.risa.app/.MainActivity t21301}, WallpaperWindowToken{d2924d7 showWhenLocked=false}_<system>, ActivityRecord{241675760 u0 com.sec.android.app.launcher/.activities.LauncherActivity t8}}
12-26 19:41:27.272 V/WindowManager( 2812):   Final targets: [ChangeInfo{8244970 container=Task{79e80b1 #21301 type=standard I=com.risa.app/.MainActivity} flags=0x10}, ChangeInfo{cf4c082 container=Task{3c60ba8 #1 type=home} flags=0x10}, ChangeInfo{d3262ce container=WallpaperWindowToken{d2924d7 showWhenLocked=false}_<system> flags=0x0}]
12-26 19:41:27.273 V/WindowManager( 2812):         {WCT{RemoteToken{c04120b Task{79e80b1 #21301 type=standard I=com.risa.app/.MainActivity}}} m=OPEN f=NONE leash=Surface(name=Task=21301)/@0xac94b85 sb=Rect(0, 0 - 1080, 2340) eb=Rect(0, 0 - 1080, 2340) epz=Point(1080, 2340) d=0 endFixedRotation=1 taskParent=-1 inset=Rect(84, 84 - 0, 0) dim=true},
12-26 19:41:27.276 V/WindowManager( 2812): Sent Transition (#5845) createdAt=12-26 19:41:27.243 via request=TransitionRequestInfo { type = OPEN, triggerTask = TaskInfo{userId=0 taskId=21301 effectiveUid=11280 displayId=0 isRunning=true baseIntent=Intent { act=android.intent.action.MAIN cat=[android.intent.category.LAUNCHER] flg=0x10200000 cmp=com.risa.app/.MainActivity } baseActivity=ComponentInfo{com.risa.app/com.risa.app.MainActivity} topActivity=ComponentInfo{com.risa.app/com.risa.app.MainActivity} origActivity=null realActivity=ComponentInfo{com.risa.app/com.risa.app.MainActivity} numActivities=1 lastActiveTime=323805439 supportsMultiWindow=true resizeMode=2 isResizeable=true minWidth=-1 minHeight=-1 maxWidth=-1 maxHeight=-1 defaultMinSize=220 desktopDefaultMinSize=304 token=WCT{RemoteToken{c04120b Task{79e80b1 #21301 type=standard I=com.risa.app/.MainActivity}}} topActivityType=1 pictureInPictureParams=null shouldDockBigOverlays=false launchIntoPipHostTaskId=-1 lastParentTaskIdBeforePip=-1 displayCutoutSafeInsets=Rect(0, 84 - 0, 0) topActivityInfo=ActivityInfo{283fda6 com.risa.app.MainActivity} launchCookies=[android.os.BinderProxy@ddfc3e7] positionInParent=Point(0, 0) parentTaskId=-1 isFocused=false isVisible=false isVisibleRequested=false isTopActivityNoDisplay=false isSleeping=false locusId=null displayAreaFeatureId=1 isTopActivityTransparent=false isActivityStackTransparent=false lastNonFullscreenBounds=Rect(81, 559 - 999, 1729) capturedLink=null capturedLinkTimestamp=0 requestedVisibleTypes=-9 topActivityRequestOpenInBrowserEducationTimestamp=0 appCompatTaskInfo=AppCompatTaskInfo { topActivityInSizeCompat=false eligibleForLetterboxEducation= false isLetterboxEducationEnabled= false isLetterboxDoubleTapEnabled= false eligibleForUserAspectRatioButton= false topActivityBoundsLetterboxed= false isFromLetterboxDoubleTap= false topActivityLetterboxVerticalPosition= -1 topActivityLetterboxHorizontalPosition= -1 topActivityLetterboxWidth=-1 topActivityLetterboxHeight=-1 topActivityAppBounds=Rect(0, 0 - 1080, 2340) isUserFullscreenOverrideEnabled=false isSystemFullscreenOverrideEnabled=false hasMinAspectRatioOverride=false topActivityLetterboxBounds=null cameraCompatTaskInfo=CameraCompatTaskInfo { freeformCameraCompatMode=inactive} topActivityBounds=null topActivityInDisplayCompat=false singleTapFromLetterbox=false} topActivityMainWindowFrame=null originallySupportedMultiWindow=true hasWallpaper=false rootAffinity=null isTopTaskInStage=false CoverLauncherWidgetTask=false LaunchedFromAppsCoverLauncherTask=false LaunchedFromMultistarCoverLauncherTask=false isAllowedSeamlessRotation=false isTopTransparentActivity=false isAliasManaged=false hasConfigChanged=false snappingGuideBounds=null isAiKeyRemoveAppTask=false lastDesktopWindowingBounds=null lastExternalDesktopWindowingBounds=null safeCutoutInsets=null}, pipChange = null, remoteTransition = RemoteTransition { remoteTransition = android.window.IRemoteTransition$Stub$Proxy@1a0fb94, appThread = android.app.IApplicationThread$Stub$Proxy@6aa663d, debugName = QuickstepLaunchflags =NONE }, displayChange = null, flags = 0, debugId = 5845 }
12-26 19:41:27.276 V/WindowManager( 2812):         {WCT{RemoteToken{c04120b Task{79e80b1 #21301 type=standard I=com.risa.app/.MainActivity}}} m=OPEN f=NONE leash=Surface(name=Task=21301)/@0xac94b85 sb=Rect(0, 0 - 1080, 2340) eb=Rect(0, 0 - 1080, 2340) epz=Point(1080, 2340) d=0 endFixedRotation=1 taskParent=-1 inset=Rect(84, 84 - 0, 0) dim=true},
12-26 19:41:27.289 D/WindowManager( 2812): updateSystemBarAttributes: displayId=0, focusedCanBeNavColorWin=false, win=Window{4b40b77 u0 com.sec.android.app.launcher/com.sec.android.app.launcher.activities.LauncherActivity}, navColorWin=Window{26796a5 u0 Splash Screen com.risa.app}, caller=com.android.server.wm.DisplayPolicy.finishPostLayoutPolicyLw:17 com.android.server.wm.RootWindowContainer.applySurfaceChangesTransaction$1:195 com.android.server.wm.RootWindowContainer.performSurfacePlacementNoTrace:59 
12-26 19:41:27.296 D/InsetsSourceProvider( 2812): updateControlForTarget: control=InsetsSourceControl: {4c0000 mType=statusBars initiallyVisible mSurfacePosition=Point(0, 0) mInsetsHint=Insets{left=0, top=84, right=0, bottom=0}}, target=Window{26796a5 u0 Splash Screen com.risa.app}, from=com.android.server.wm.InsetsStateController.onControlTargetChanged:83 com.android.server.wm.InsetsPolicy.updateBarControlTarget:212 com.android.server.wm.DisplayPolicy.updateSystemBarAttributes:262 com.android.server.wm.WindowManagerService.updateFocusedWindowLocked:372 com.android.server.wm.WindowManagerService.relayoutWindow:1350 
12-26 19:41:27.297 D/InsetsSourceProvider( 2812): updateControlForTarget: control=InsetsSourceControl: {e4a90001 mType=navigationBars initiallyVisible mSurfacePosition=Point(0, 2205) mInsetsHint=Insets{left=0, top=0, right=0, bottom=135}}, target=Window{26796a5 u0 Splash Screen com.risa.app}, from=com.android.server.wm.InsetsStateController.onControlTargetChanged:83 com.android.server.wm.InsetsPolicy.updateBarControlTarget:225 com.android.server.wm.DisplayPolicy.updateSystemBarAttributes:262 com.android.server.wm.WindowManagerService.updateFocusedWindowLocked:372 com.android.server.wm.WindowManagerService.relayoutWindow:1350 
12-26 19:41:27.297 D/WindowManager( 2812): updateSystemBarAttributes: displayId=0, focusedCanBeNavColorWin=false, win=Window{26796a5 u0 Splash Screen com.risa.app}, navColorWin=Window{26796a5 u0 Splash Screen com.risa.app}, caller=com.android.server.wm.WindowManagerService.updateFocusedWindowLocked:372 com.android.server.wm.WindowManagerService.relayoutWindow:1350 com.android.server.wm.Session.relayout:27 
12-26 19:41:27.302 D/WindowManager( 2812): finishDrawingWindow: Window{26796a5 u0 Splash Screen com.risa.app} mDrawState=DRAW_PENDING seqId=0
12-26 19:41:27.302 V/WindowManager( 2812): Finishing drawing window Window{26796a5 u0 Splash Screen com.risa.app}: mDrawState=DRAW_PENDING
12-26 19:41:27.302 V/WindowManager( 2812): Draw state now committed in Window{26796a5 u0 Splash Screen com.risa.app}
12-26 19:41:27.303 V/WindowManager( 2812): performShowLocked: mDrawState=HAS_DRAWN in Window{26796a5 u0 Splash Screen com.risa.app}
12-26 19:41:27.306 D/WindowManager( 2812): finishDrawingWindow: Window{26796a5 u0 Splash Screen com.risa.app} mDrawState=HAS_DRAWN seqId=0
12-26 19:41:27.306 V/WindowManager( 2812): Finishing drawing window Window{26796a5 u0 Splash Screen com.risa.app}: mDrawState=HAS_DRAWN
12-26 19:41:27.322 I/WindowManager( 2812): notifyInsetsControlChanged, removed=false, win=Window{26796a5 u0 Splash Screen com.risa.app}, caller=com.android.server.wm.InsetsStateController$$ExternalSyntheticLambda1.run:137 com.android.server.wm.WindowAnimator$$ExternalSyntheticLambda2.onTransactionCommitted:26 android.view.SurfaceControl$Transaction$$ExternalSyntheticLambda4.run:0 android.os.Handler.handleCallback:995 android.os.Handler.dispatchMessage:103 android.os.Looper.loopOnce:273 
12-26 19:41:27.486 D/SGM:FgCheckThread( 2812): notifyAppCreated(), packageName: com.risa.app, userId: 0, sendRet: true
12-26 19:41:27.486 D/SGM:FgCheckThread( 2812): onLooperPrepared(), msg: MSG_APP_CREATE, pkgName: com.risa.app, userId: 0
12-26 19:41:27.486 D/SGM:FgCheckThread( 2812):   sendRunningComponentFocus(), pkgName: com.risa.app, userId: 0
12-26 19:41:27.486 D/SGM:FgCheckThread( 2812): onLooperPrepared(), msg: MSG_TASK_FOCUSED, pkgName: com.risa.app, userId: 0
12-26 19:41:27.486 D/SGM:FgCheckThread( 2812):   handleTaskFocused(), pkgName: com.risa.app, userID:0
12-26 19:41:27.487 D/ActivityTaskManager( 2812): scheduleTopResumedActivityChanged, onTop=true, r=ActivityRecord{202106712 u0 com.risa.app/.MainActivity t21301}, caller=com.android.server.wm.ActivityTaskSupervisor.scheduleTopResumedActivityStateIfNeeded:18 com.android.server.wm.ActivityTaskSupervisor.updateTopResumedActivityIfNeeded:54 com.android.server.wm.TaskFragment.setResumedActivity:30 com.android.server.wm.ActivityRecord.setState:100 com.android.server.wm.ActivityTaskSupervisor.realStartActivityLocked:477 com.android.server.wm.RootWindowContainer.attachApplication:92 
12-26 19:41:27.487 D/SGM:FgCheckThread( 2812):   handleResume(). pkgName: com.risa.app, userId: 0, category: non-game
12-26 19:41:27.487 D/SGM:FgCheckThread( 2812): notifyFocusInOut(). of pkg: com.risa.app, type: 4, isSecGameFamily: false, userId: 0
12-26 19:41:27.488 D/ActivityThread(20434): com.risa.app will use render engine as VK
12-26 19:41:27.491 D/SGM:GameManager( 2812): identifyForegroundApp. com.risa.app, mCurrentUserId: 0, callerUserId: 0
12-26 19:41:27.492 D/SGM:GameManager( 2812): identifyForegroundApp. com.risa.app, mCurrentUserId: 0, callerUserId: 0
12-26 19:41:27.492 D/SGM:FgCheckThread( 2812): noteResumeComponent(), received pkgName: com.risa.app, userId: 0
12-26 19:41:27.492 D/SGM:FgCheckThread( 2812): onLooperPrepared(), msg: MSG_APP_RESUME, pkgName: com.risa.app, userid: 0
12-26 19:41:27.493 D/SGM:GameManager( 2812): identifyForegroundApp. com.risa.app, mCurrentUserId: 0, callerUserId: 0
12-26 19:41:27.494 D/SGM:GameManager( 2812): identifyGamePackage. com.risa.app, mCurrentUserId: 0, callingMethodInfo: com.samsung.android.game.SemGameManager.isGamePackage(SemGameManager.java:106)
12-26 19:41:27.494 D/SGM:SemGameManager( 2812): isGamePackage(), pkgName=com.risa.app, ret=false
12-26 19:41:27.494 D/SGM:GameManager( 2812): identifyGamePackage. com.risa.app, mCurrentUserId: 0, callingMethodInfo: com.samsung.android.game.IGameManagerService$Stub.onTransact(IGameManagerService.java:247)
12-26 19:41:27.495 I/SDHMS:k ( 7550): handleResumeComponent : put = com.risa.app, userid = 0 instanceid =60352918
12-26 19:41:27.506 D/SGM:GameManager( 2812): identifyGamePackage. com.risa.app, mCurrentUserId: 0, callingMethodInfo: com.samsung.android.game.IGameManagerService$Stub.onTransact(IGameManagerService.java:247)
12-26 19:41:27.622 D/MdnieScenarioControlService( 2812):  packageName : com.risa.app    className : com.risa.app.MainActivity
12-26 19:41:27.623 V/WindowManager( 2812):    ChangeInfo{8244970 container=Task{79e80b1 #21301 type=standard I=com.risa.app/.MainActivity} flags=0x10}
12-26 19:41:27.623 V/WindowManager( 2812):    ChangeInfo{27394e9 container=ActivityRecord{202106712 u0 com.risa.app/.MainActivity t21301} flags=0x0}
12-26 19:41:27.625 D/WindowManager( 2812): prepareSync <SYNC_STATE_WAITING_FOR_DRAW>, mPrepareSyncSeqId=0, win=Window{26796a5 u0 Splash Screen com.risa.app}
12-26 19:41:27.625 D/WindowManager( 2812): prepareSync <SYNC_STATE_WAITING_FOR_DRAW>, mPrepareSyncSeqId=0, win=Window{71e49b5 u0 com.risa.app/com.risa.app.MainActivity}
12-26 19:41:27.625 V/WindowManager( 2812): Override sync-method for 26796a5 Splash Screen com.risa.app because seamless rotating, caller=com.android.server.wm.DisplayContent.setSeamlessTransitionForFixedRotation:22 com.android.server.wm.DisplayContent.requestChangeTransition:96 com.android.server.wm.DisplayRotation.updateRotationUnchecked:760 com.android.server.wm.DisplayRotation.updateOrientation:79 com.android.server.wm.DisplayContent.continueUpdateOrientationForDiffOrienLaunchingApp:63 
12-26 19:41:27.625 D/ChangeTransitionController( 2812):    ChangeInfo{8244970 container=Task{79e80b1 #21301 type=standard I=com.risa.app/.MainActivity} flags=0x10}
12-26 19:41:27.625 D/ChangeTransitionController( 2812):    ChangeInfo{27394e9 container=ActivityRecord{202106712 u0 com.risa.app/.MainActivity t21301} flags=0x0}
12-26 19:41:27.643 V/WindowManager( 2812): Collecting in transition 5846: Task{79e80b1 #21301 type=standard I=com.risa.app/.MainActivity}, caller=com.android.server.wm.TransitionController$$ExternalSyntheticLambda2.accept:34 com.android.server.wm.Task.forAllLeafTasks:6 com.android.server.wm.WindowContainer.forAllLeafTasks:4 com.android.server.wm.DisplayArea.forAllLeafTasks:4 com.android.server.wm.WindowContainer.forAllLeafTasks:4 
12-26 19:41:27.643 V/WindowManager( 2812): Collecting in transition 5846: ActivityRecord{202106712 u0 com.risa.app/.MainActivity t21301}, caller=com.android.server.wm.TransitionController$$ExternalSyntheticLambda2.accept:21 com.android.server.wm.ActivityRecord.forAllActivities:2 com.android.server.wm.WindowContainer.forAllActivities:8 com.android.server.wm.WindowContainer.forAllActivities:6 com.android.server.wm.TransitionController$$ExternalSyntheticLambda2.accept:107 
12-26 19:41:27.652 D/ChangeTransitionController( 2812):    ChangeInfo{5d69e1c container=Task{79e80b1 #21301 type=standard I=com.risa.app/.MainActivity} flags=0x0}
12-26 19:41:27.652 D/ChangeTransitionController( 2812):    ChangeInfo{6360a25 container=ActivityRecord{202106712 u0 com.risa.app/.MainActivity t21301} flags=0x0}
12-26 19:41:27.652 V/WindowManager( 2812): Start calculating TransitionInfo based on participants: {Task{79e80b1 #21301 type=standard I=com.risa.app/.MainActivity}, ActivityRecord{202106712 u0 com.risa.app/.MainActivity t21301}, Display{#0 state=ON size=2340x1080 ROTATION_90}}
12-26 19:41:27.652 V/WindowManager( 2812):   Final targets: [ChangeInfo{5d69e1c container=Task{79e80b1 #21301 type=standard I=com.risa.app/.MainActivity} flags=0x0}, ChangeInfo{783bb8f container=DefaultTaskDisplayArea_d0@90254262 flags=0x10}, ChangeInfo{9b7c7fa container=Display{#0 state=ON size=2340x1080 ROTATION_90} flags=0x1}]
12-26 19:41:27.653 V/WindowManager( 2812):         {WCT{RemoteToken{c04120b Task{79e80b1 #21301 type=standard I=com.risa.app/.MainActivity}}} m=CHANGE f=NONE p=WCT{RemoteToken{70b963d DefaultTaskDisplayArea_d0@90254262}} leash=Surface(name=Task=21301)/@0xac94b85 sb=Rect(0, 0 - 1080, 2340) eb=Rect(0, 0 - 2340, 1080) epz=Point(2340, 1080) d=0 r=0->1:0 taskParent=-1 inset=Rect(84, 84 - 135, 0)},
12-26 19:41:27.654 V/WindowManager( 2812):         {WCT{RemoteToken{c04120b Task{79e80b1 #21301 type=standard I=com.risa.app/.MainActivity}}} m=CHANGE f=NONE p=WCT{RemoteToken{70b963d DefaultTaskDisplayArea_d0@90254262}} leash=Surface(name=Task=21301)/@0xac94b85 sb=Rect(0, 0 - 1080, 2340) eb=Rect(0, 0 - 2340, 1080) epz=Point(2340, 1080) d=0 r=0->1:0 taskParent=-1 inset=Rect(84, 84 - 135, 0)},
12-26 19:41:27.663 V/WindowManager( 2812):    ChangeInfo{5d69e1c container=Task{79e80b1 #21301 type=standard I=com.risa.app/.MainActivity} flags=0x0}
12-26 19:41:27.663 V/WindowManager( 2812):    ChangeInfo{6360a25 container=ActivityRecord{202106712 u0 com.risa.app/.MainActivity t21301} flags=0x0}
12-26 19:41:27.664 D/ChangeTransitionController( 2812):    ChangeInfo{5d69e1c container=Task{79e80b1 #21301 type=standard I=com.risa.app/.MainActivity} flags=0x0}
12-26 19:41:27.664 D/ChangeTransitionController( 2812):    ChangeInfo{6360a25 container=ActivityRecord{202106712 u0 com.risa.app/.MainActivity t21301} flags=0x0}
12-26 19:41:27.664 D/WindowManager( 2812): rotationForOrientation, orientationSource=ActivityRecord{202106712 u0 com.risa.app/.MainActivity t21301}
12-26 19:41:27.723 I/WindowManager( 2812): notifyInsetsControlChanged, removed=false, win=Window{26796a5 u0 Splash Screen com.risa.app}, caller=com.android.server.wm.InsetsStateController$$ExternalSyntheticLambda1.run:137 com.android.server.wm.WindowAnimator$$ExternalSyntheticLambda2.onTransactionCommitted:26 android.view.SurfaceControl$Transaction$$ExternalSyntheticLambda4.run:0 android.os.Handler.handleCallback:995 android.os.Handler.dispatchMessage:103 android.os.Looper.loopOnce:273 
12-26 19:41:27.881 D/SGM:GameManager( 2812): identifyGamePackage. com.risa.app, mCurrentUserId: 0, callingMethodInfo: com.samsung.android.game.SemGameManager.isGamePackage(SemGameManager.java:106)
12-26 19:41:27.881 D/SGM:SemGameManager( 2812): isGamePackage(), pkgName=com.risa.app, ret=false
12-26 19:41:28.523 D/CoreBackPreview( 2812): Window{71e49b5 u0 com.risa.app/com.risa.app.MainActivity}: Setting back callback OnBackInvokedCallbackInfo{mCallback=android.window.IOnBackInvokedCallback$Stub$Proxy@f2c91f1, mPriority=-1, mIsAnimationCallback=false, mOverrideBehavior=0}
12-26 19:41:28.537 D/WindowManager( 2812): makeSurface duration=0 name=com.risa.app/com.risa.app.MainActivity$_20434
12-26 19:41:28.538 D/WindowManager( 2812): Changing focus from null to Window{71e49b5 u0 com.risa.app/com.risa.app.MainActivity} displayId=0 Callers=com.android.server.wm.WindowManagerService.relayoutWindow:1350 com.android.server.wm.Session.relayout:27 android.view.IWindowSession$Stub.onTransact:829 com.android.server.wm.Session.onTransact:1 
12-26 19:41:28.538 D/InsetsSourceProvider( 2812): updateControlForTarget: control=InsetsSourceControl: {4c0000 mType=statusBars initiallyVisible mSurfacePosition=Point(0, 0) mInsetsHint=Insets{left=0, top=84, right=0, bottom=0}}, target=Window{71e49b5 u0 com.risa.app/com.risa.app.MainActivity}, from=com.android.server.wm.InsetsStateController.onControlTargetChanged:83 com.android.server.wm.InsetsPolicy.updateBarControlTarget:212 com.android.server.wm.DisplayPolicy.updateSystemBarAttributes:262 com.android.server.wm.WindowManagerService.updateFocusedWindowLocked:372 com.android.server.wm.WindowManagerService.relayoutWindow:1350 
12-26 19:41:28.538 D/InsetsSourceProvider( 2812): updateControlForTarget: control=InsetsSourceControl: {e4a90001 mType=navigationBars initiallyVisible mSurfacePosition=Point(2205, 0) mInsetsHint=Insets{left=0, top=0, right=135, bottom=0}}, target=Window{71e49b5 u0 com.risa.app/com.risa.app.MainActivity}, from=com.android.server.wm.InsetsStateController.onControlTargetChanged:83 com.android.server.wm.InsetsPolicy.updateBarControlTarget:225 com.android.server.wm.DisplayPolicy.updateSystemBarAttributes:262 com.android.server.wm.WindowManagerService.updateFocusedWindowLocked:372 com.android.server.wm.WindowManagerService.relayoutWindow:1350 
12-26 19:41:28.539 V/SystemKeyManager( 2812): updateFocusedWindow() is called, com.risa.app/com.risa.app.MainActivity
12-26 19:41:28.556 I/WindowManager( 2812): notifyInsetsControlChanged, removed=false, win=Window{26796a5 u0 Splash Screen com.risa.app}, caller=com.android.server.wm.InsetsStateController$$ExternalSyntheticLambda1.run:137 com.android.server.wm.WindowAnimator$$ExternalSyntheticLambda2.onTransactionCommitted:26 android.view.SurfaceControl$Transaction$$ExternalSyntheticLambda4.run:0 android.os.Handler.handleCallback:995 android.os.Handler.dispatchMessage:103 android.os.Looper.loopOnce:273 
12-26 19:41:28.656 D/WindowManager( 2812): rotationForOrientation, orientationSource=ActivityRecord{202106712 u0 com.risa.app/.MainActivity t21301}
12-26 19:41:28.678 D/WindowManager( 2812): finishDrawingWindow: Window{71e49b5 u0 com.risa.app/com.risa.app.MainActivity} mDrawState=DRAW_PENDING seqId=0
12-26 19:41:28.678 V/WindowManager( 2812): Finish starting ActivityRecord{202106712 u0 com.risa.app/.MainActivity t21301}: first real window is shown, no animation
12-26 19:41:28.678 V/WindowManager( 2812): Schedule remove starting ActivityRecord{202106712 u0 com.risa.app/.MainActivity t21301} startingWindow=Window{26796a5 u0 Splash Screen com.risa.app} animate=true Callers=com.android.server.wm.ActivityRecord.removeStartingWindow:178 com.android.server.wm.WindowState.performShowLocked:155 com.android.server.wm.WindowStateAnimator.commitFinishDrawingLocked:73 com.android.server.wm.DisplayContent$$ExternalSyntheticLambda1.accept$com$android$server$wm$DisplayContent$$ExternalSyntheticLambda37:23 com.android.server.wm.DisplayContent$$ExternalSyntheticLambda1.accept:143 
12-26 19:41:28.678 D/TaskOrganizerController( 2812): applyStartingWindowAnimation, window=Window{71e49b5 u0 com.risa.app/com.risa.app.MainActivity}, caller=com.android.server.wm.TaskOrganizerController.removeStartingWindow:132 com.android.server.wm.StartingSurfaceController$StartingSurface.remove:23 com.android.server.wm.ActivityRecord.removeStartingWindowAnimation:171 
12-26 19:41:28.678 I/WindowManager( 2812): Reparenting to leash, surface=Surface(name=71e49b5 com.risa.app/com.risa.app.MainActivity)/@0xde5c6dc, leashParent=Surface(name=ActivityRecord{202106712 u0 com.risa.app/.MainActivity t21301})/@0x794e3e5
12-26 19:41:28.679 D/WindowManager( 2812): makeSurface duration=1 leash=Surface(name=Surface(name=71e49b5 com.risa.app/com.risa.app.MainActivity)/@0xde5c6dc - animation-leash of starting_reveal)/@0xff2feba
12-26 19:41:28.679 V/WindowManager( 2812): performShowLocked: mDrawState=HAS_DRAWN in Window{71e49b5 u0 com.risa.app/com.risa.app.MainActivity}
12-26 19:41:28.682 I/Pageboost( 2812): Launch time gathered : pid 20434 com.risa.app 1437
12-26 19:41:28.692 D/SGM:GameManager( 2812): identifyForegroundApp. com.risa.app, mCurrentUserId: 0, callerUserId: 0
12-26 19:41:28.696 D/SGM:GameManager( 2812): identifyForegroundApp. com.risa.app, mCurrentUserId: 0, callerUserId: 0
12-26 19:41:28.704 D/SGM:FgCheckThread( 2812): getForegroundApp(), foregroundPkgName=com.risa.app
12-26 19:41:28.704 D/SGM:FgCheckThread( 2812): noteStopComponent(), received pkgName: com.sec.android.app.launcher, focusedPkgName: com.risa.app, userId: 0
12-26 19:41:28.729 D/InsetsSourceProvider( 2812): updateControlForTarget: control=InsetsSourceControl: {3 mType=ime mSurfacePosition=Point(84, 84) mInsetsHint=Insets{left=0, top=0, right=0, bottom=586}}, target=Window{71e49b5 u0 com.risa.app/com.risa.app.MainActivity}, from=com.android.server.wm.ImeInsetsSourceProvider.updateControlForTarget:17 com.android.server.wm.InsetsStateController.onControlTargetChanged:83 com.android.server.wm.DisplayContent.updateImeControlTarget:21 com.android.server.wm.DisplayContent.updateImeInputAndControlTarget:156 com.android.server.wm.WindowManagerService$LocalService.updateInputMethodTargetWindow:64 
12-26 19:41:28.743 D/WindowManager( 2812): Starting window removed Window{26796a5 u0 Splash Screen com.risa.app}
12-26 19:41:28.743 I/WindowManager( 2812): Cancelling animation restarting=false, leash=Surface(name=Surface(name=71e49b5 com.risa.app/com.risa.app.MainActivity)/@0xde5c6dc - animation-leash of starting_reveal)/@0xff2feba
12-26 19:41:28.743 I/WindowManager( 2812): Reparenting to original parent: Surface(name=ActivityRecord{202106712 u0 com.risa.app/.MainActivity t21301})/@0x794e3e5, destroy=false, surface=Surface(name=71e49b5 com.risa.app/com.risa.app.MainActivity)/@0xde5c6dc
12-26 19:41:28.745 V/WindowManager( 2812): Remove Window{26796a5 u0 Splash Screen com.risa.app}: mSurfaceControl=Surface(name=Splash Screen com.risa.app$_4743)/@0xb49ead3 mAnimatingExit=false mRemoveOnExit=false mHasSurface=true surfaceShowing=false animating=false app-animation=false callers=com.android.server.wm.Session.remove:16 android.view.IWindowSession$Stub.onTransact:804 com.android.server.wm.Session.onTransact:1 android.os.Binder.execTransactInternal:1462 android.os.Binder.execTransact:1401 <bottom of call stack> 
12-26 19:41:28.822 D/MdnieScenarioControlService( 2812):  packageName : com.risa.app    className : com.risa.app.MainActivity
12-26 19:41:28.850 D/CoreBackPreview( 2812): Window{71e49b5 u0 com.risa.app/com.risa.app.MainActivity}: Setting back callback OnBackInvokedCallbackInfo{mCallback=android.window.IOnBackInvokedCallback$Stub$Proxy@ee34727, mPriority=0, mIsAnimationCallback=true, mOverrideBehavior=0}
12-26 19:41:28.850 D/CoreBackPreview( 2812): Window{71e49b5 u0 com.risa.app/com.risa.app.MainActivity}: Setting back callback OnBackInvokedCallbackInfo{mCallback=android.window.IOnBackInvokedCallback$Stub$Proxy@59d5dd4, mPriority=-1, mIsAnimationCallback=false, mOverrideBehavior=0}
12-26 19:41:29.229 D/SGM:GameManager( 2812): identifyForegroundApp. com.risa.app, mCurrentUserId: 0, callerUserId: 0
12-26 19:41:30.891 D/SGM:GameManager( 2812): identifyGamePackage. com.risa.app, mCurrentUserId: 0, callingMethodInfo: com.samsung.android.game.SemGameManager.isGamePackage(SemGameManager.java:106)
12-26 19:41:30.891 D/SGM:SemGameManager( 2812): isGamePackage(), pkgName=com.risa.app, ret=false
12-26 19:41:30.892 D/CoreBackPreview( 2812): Window{71e49b5 u0 com.risa.app/com.risa.app.MainActivity}: Setting back callback OnBackInvokedCallbackInfo{mCallback=android.window.IOnBackInvokedCallback$Stub$Proxy@c436507, mPriority=0, mIsAnimationCallback=true, mOverrideBehavior=0}
12-26 19:41:30.893 D/CoreBackPreview( 2812): Window{71e49b5 u0 com.risa.app/com.risa.app.MainActivity}: Setting back callback OnBackInvokedCallbackInfo{mCallback=android.window.IOnBackInvokedCallback$Stub$Proxy@be45634, mPriority=-1, mIsAnimationCallback=false, mOverrideBehavior=0}
12-26 19:41:30.893 D/CoreBackPreview( 2812): Window{71e49b5 u0 com.risa.app/com.risa.app.MainActivity}: Setting back callback OnBackInvokedCallbackInfo{mCallback=android.window.IOnBackInvokedCallback$Stub$Proxy@2b4bc5d, mPriority=0, mIsAnimationCallback=true, mOverrideBehavior=0}
12-26 19:41:31.129 D/io_stats( 1176): !@ Write_top(KB): com.risa.app(20434) 2772 kworker/u16:1(21549) 2564 roid.honeyboard(8163) 80
12-26 19:41:31.162 D/CoreBackPreview( 2812): Window{71e49b5 u0 com.risa.app/com.risa.app.MainActivity}: Setting back callback OnBackInvokedCallbackInfo{mCallback=android.window.IOnBackInvokedCallback$Stub$Proxy@546b9d2, mPriority=-1, mIsAnimationCallback=false, mOverrideBehavior=0}
12-26 19:41:33.082 D/CoreBackPreview( 2812): Window{71e49b5 u0 com.risa.app/com.risa.app.MainActivity}: Setting back callback OnBackInvokedCallbackInfo{mCallback=android.window.IOnBackInvokedCallback$Stub$Proxy@1d4291, mPriority=0, mIsAnimationCallback=true, mOverrideBehavior=0}
12-26 19:41:33.904 D/SGM:GameManager( 2812): identifyGamePackage. com.risa.app, mCurrentUserId: 0, callingMethodInfo: com.samsung.android.game.SemGameManager.isGamePackage(SemGameManager.java:106)
12-26 19:41:33.904 D/SGM:SemGameManager( 2812): isGamePackage(), pkgName=com.risa.app, ret=false
12-26 19:41:35.132 D/io_stats( 1176): !@ Write_top(KB): com.risa.app(20434) 30348 rdash.driverapp(4350) 36 emon.lvoverseas(12787) 8
12-26 19:41:36.924 D/SGM:GameManager( 2812): identifyGamePackage. com.risa.app, mCurrentUserId: 0, callingMethodInfo: com.samsung.android.game.SemGameManager.isGamePackage(SemGameManager.java:106)
12-26 19:41:36.924 D/SGM:SemGameManager( 2812): isGamePackage(), pkgName=com.risa.app, ret=false
12-26 19:41:39.134 D/io_stats( 1176): !@ Write_top(KB): com.risa.app(20434) 25988 kworker/u16:13(14954) 4640 martsuggestions(7492) 4
12-26 19:41:39.943 D/SGM:GameManager( 2812): identifyGamePackage. com.risa.app, mCurrentUserId: 0, callingMethodInfo: com.samsung.android.game.SemGameManager.isGamePackage(SemGameManager.java:106)
12-26 19:41:39.943 D/SGM:SemGameManager( 2812): isGamePackage(), pkgName=com.risa.app, ret=false
12-26 19:41:42.954 D/SGM:GameManager( 2812): identifyGamePackage. com.risa.app, mCurrentUserId: 0, callingMethodInfo: com.samsung.android.game.SemGameManager.isGamePackage(SemGameManager.java:106)
12-26 19:41:42.954 D/SGM:SemGameManager( 2812): isGamePackage(), pkgName=com.risa.app, ret=false
12-26 19:41:43.137 D/io_stats( 1176): !@ Write_top(KB): com.risa.app(20434) 43020 f2fs_ckpt-254:6(1290) 260 rdash.driverapp(4350) 24
12-26 19:41:45.988 D/SGM:GameManager( 2812): identifyGamePackage. com.risa.app, mCurrentUserId: 0, callingMethodInfo: com.samsung.android.game.SemGameManager.isGamePackage(SemGameManager.java:106)
12-26 19:41:45.988 D/SGM:SemGameManager( 2812): isGamePackage(), pkgName=com.risa.app, ret=false
12-26 19:41:47.141 D/io_stats( 1176): !@ Write_top(KB): kworker/u16:13(14954) 28516 com.risa.app(20434) 18276 kworker/u16:4(9806) 15792
12-26 19:41:48.988 D/SGM:GameManager( 2812): identifyGamePackage. com.risa.app, mCurrentUserId: 0, callingMethodInfo: com.samsung.android.game.SemGameManager.isGamePackage(SemGameManager.java:106)
12-26 19:41:48.989 D/SGM:SemGameManager( 2812): isGamePackage(), pkgName=com.risa.app, ret=false
12-26 19:41:51.143 D/io_stats( 1176): !@ Write_top(KB): kworker/u16:13(14954) 65248 com.risa.app(20434) 23524 kworker/u16:7(14948) 4284
12-26 19:41:52.005 D/SGM:GameManager( 2812): identifyGamePackage. com.risa.app, mCurrentUserId: 0, callingMethodInfo: com.samsung.android.game.SemGameManager.isGamePackage(SemGameManager.java:106)
12-26 19:41:52.005 D/SGM:SemGameManager( 2812): isGamePackage(), pkgName=com.risa.app, ret=false
12-26 19:41:55.011 D/SGM:GameManager( 2812): identifyGamePackage. com.risa.app, mCurrentUserId: 0, callingMethodInfo: com.samsung.android.game.SemGameManager.isGamePackage(SemGameManager.java:106)
12-26 19:41:55.011 D/SGM:SemGameManager( 2812): isGamePackage(), pkgName=com.risa.app, ret=false
12-26 19:41:55.146 D/io_stats( 1176): !@ Write_top(KB): com.risa.app(20434) 30568 kworker/u16:13(14954) 3668 rdash.driverapp(4350) 12
12-26 19:41:58.024 D/SGM:GameManager( 2812): identifyGamePackage. com.risa.app, mCurrentUserId: 0, callingMethodInfo: com.samsung.android.game.SemGameManager.isGamePackage(SemGameManager.java:106)
12-26 19:41:58.024 D/SGM:SemGameManager( 2812): isGamePackage(), pkgName=com.risa.app, ret=false
12-26 19:41:59.148 D/io_stats( 1176): !@ Read_top(KB): com.risa.app(20434) 10632 ced.android.gms(10202) 548 earchbox:search(4414) 304
12-26 19:41:59.148 D/io_stats( 1176): !@ Write_top(KB): com.risa.app(20434) 33288 f2fs_ckpt-254:6(1290) 172 kworker/u16:13(14954) 44
12-26 19:42:01.056 D/SGM:GameManager( 2812): identifyGamePackage. com.risa.app, mCurrentUserId: 0, callingMethodInfo: com.samsung.android.game.SemGameManager.isGamePackage(SemGameManager.java:106)
12-26 19:42:01.057 D/SGM:SemGameManager( 2812): isGamePackage(), pkgName=com.risa.app, ret=false
12-26 19:42:03.151 D/io_stats( 1176): !@ Write_top(KB): com.risa.app(20434) 1524 rdash.driverapp(4350) 36 soft.appmanager(8380) 16
12-26 19:42:04.076 D/SGM:GameManager( 2812): identifyGamePackage. com.risa.app, mCurrentUserId: 0, callingMethodInfo: com.samsung.android.game.SemGameManager.isGamePackage(SemGameManager.java:106)
12-26 19:42:04.076 D/SGM:SemGameManager( 2812): isGamePackage(), pkgName=com.risa.app, ret=false
12-26 19:42:07.107 D/SGM:GameManager( 2812): identifyGamePackage. com.risa.app, mCurrentUserId: 0, callingMethodInfo: com.samsung.android.game.SemGameManager.isGamePackage(SemGameManager.java:106)
12-26 19:42:07.107 D/SGM:SemGameManager( 2812): isGamePackage(), pkgName=com.risa.app, ret=false
12-26 19:42:10.126 D/SGM:GameManager( 2812): identifyGamePackage. com.risa.app, mCurrentUserId: 0, callingMethodInfo: com.samsung.android.game.SemGameManager.isGamePackage(SemGameManager.java:106)
12-26 19:42:10.127 D/SGM:SemGameManager( 2812): isGamePackage(), pkgName=com.risa.app, ret=false
12-26 19:42:11.155 D/io_stats( 1176): !@ Write_top(KB): kworker/u16:7(14948) 2600 com.risa.app(20434) 1548 droid.rubin.app(3560) 24
12-26 19:42:13.129 D/SGM:GameManager( 2812): identifyGamePackage. com.risa.app, mCurrentUserId: 0, callingMethodInfo: com.samsung.android.game.SemGameManager.isGamePackage(SemGameManager.java:106)
12-26 19:42:13.129 D/SGM:SemGameManager( 2812): isGamePackage(), pkgName=com.risa.app, ret=false
12-26 19:42:15.156 D/io_stats( 1176): !@ Write_top(KB): kworker/u16:13(14954) 51968 kworker/u16:4(9806) 8704 com.risa.app(20434) 4052
12-26 19:42:16.149 D/SGM:GameManager( 2812): identifyGamePackage. com.risa.app, mCurrentUserId: 0, callingMethodInfo: com.samsung.android.game.SemGameManager.isGamePackage(SemGameManager.java:106)
12-26 19:42:16.149 D/SGM:SemGameManager( 2812): isGamePackage(), pkgName=com.risa.app, ret=false
12-26 19:42:17.824 D/ActivityManager( 2812): android.util.PerfLog.ACTION_BOTTLENECK_HINT onTransact() from uid = 1000 with avg = 19, reason = INPUTD, description = 71e49b5 com.risa.app/com.risa.app.MainActivity, jank = 0
12-26 19:42:19.164 D/io_stats( 1176): !@ Write_top(KB): com.risa.app(20434) 20032 kworker/u16:7(14948) 5728 f2fs_ckpt-254:6(1290) 44
12-26 19:42:19.169 D/SGM:GameManager( 2812): identifyGamePackage. com.risa.app, mCurrentUserId: 0, callingMethodInfo: com.samsung.android.game.SemGameManager.isGamePackage(SemGameManager.java:106)
12-26 19:42:19.169 D/SGM:SemGameManager( 2812): isGamePackage(), pkgName=com.risa.app, ret=false
12-26 19:42:22.172 D/SGM:GameManager( 2812): identifyGamePackage. com.risa.app, mCurrentUserId: 0, callingMethodInfo: com.samsung.android.game.SemGameManager.isGamePackage(SemGameManager.java:106)
12-26 19:42:22.172 D/SGM:SemGameManager( 2812): isGamePackage(), pkgName=com.risa.app, ret=false
12-26 19:42:23.167 D/io_stats( 1176): !@ Write_top(KB): com.risa.app(20434) 2108 rdash.driverapp(4350) 28 soft.appmanager(8380) 16
12-26 19:42:25.193 D/SGM:GameManager( 2812): identifyGamePackage. com.risa.app, mCurrentUserId: 0, callingMethodInfo: com.samsung.android.game.SemGameManager.isGamePackage(SemGameManager.java:106)
12-26 19:42:25.194 D/SGM:SemGameManager( 2812): isGamePackage(), pkgName=com.risa.app, ret=false
12-26 19:42:27.172 D/io_stats( 1176): !@ Write_top(KB): kworker/u16:13(14954) 2880 com.risa.app(20434) 888
12-26 19:42:28.204 D/SGM:GameManager( 2812): identifyGamePackage. com.risa.app, mCurrentUserId: 0, callingMethodInfo: com.samsung.android.game.SemGameManager.isGamePackage(SemGameManager.java:106)
12-26 19:42:28.205 D/SGM:SemGameManager( 2812): isGamePackage(), pkgName=com.risa.app, ret=false
12-26 19:42:31.175 D/io_stats( 1176): !@ Write_top(KB): kworker/u16:4(9806) 2452 com.risa.app(20434) 1056 soft.appmanager(8380) 16
12-26 19:42:31.218 D/SGM:GameManager( 2812): identifyGamePackage. com.risa.app, mCurrentUserId: 0, callingMethodInfo: com.samsung.android.game.SemGameManager.isGamePackage(SemGameManager.java:106)
12-26 19:42:31.218 D/SGM:SemGameManager( 2812): isGamePackage(), pkgName=com.risa.app, ret=false
12-26 19:42:34.236 D/SGM:GameManager( 2812): identifyGamePackage. com.risa.app, mCurrentUserId: 0, callingMethodInfo: com.samsung.android.game.SemGameManager.isGamePackage(SemGameManager.java:106)
12-26 19:42:34.236 D/SGM:SemGameManager( 2812): isGamePackage(), pkgName=com.risa.app, ret=false
12-26 19:42:35.177 D/io_stats( 1176): !@ Write_top(KB): com.risa.app(20434) 3052 kworker/u16:13(14954) 2664 system_server(2812) 432
12-26 19:42:37.247 D/SGM:GameManager( 2812): identifyGamePackage. com.risa.app, mCurrentUserId: 0, callingMethodInfo: com.samsung.android.game.SemGameManager.isGamePackage(SemGameManager.java:106)
12-26 19:42:37.248 D/SGM:SemGameManager( 2812): isGamePackage(), pkgName=com.risa.app, ret=false
12-26 19:42:39.180 D/io_stats( 1176): !@ Write_top(KB): com.risa.app(20434) 2576
12-26 19:42:40.261 D/SGM:GameManager( 2812): identifyGamePackage. com.risa.app, mCurrentUserId: 0, callingMethodInfo: com.samsung.android.game.SemGameManager.isGamePackage(SemGameManager.java:106)
12-26 19:42:40.262 D/SGM:SemGameManager( 2812): isGamePackage(), pkgName=com.risa.app, ret=false
12-26 19:42:43.185 D/io_stats( 1176): !@ Write_top(KB): com.risa.app(20434) 5328 kworker/u16:4(9806) 2444 soft.appmanager(8380) 16
12-26 19:42:43.267 D/SGM:GameManager( 2812): identifyGamePackage. com.risa.app, mCurrentUserId: 0, callingMethodInfo: com.samsung.android.game.SemGameManager.isGamePackage(SemGameManager.java:106)
12-26 19:42:43.267 D/SGM:SemGameManager( 2812): isGamePackage(), pkgName=com.risa.app, ret=false
12-26 19:42:46.307 D/SGM:GameManager( 2812): identifyGamePackage. com.risa.app, mCurrentUserId: 0, callingMethodInfo: com.samsung.android.game.SemGameManager.isGamePackage(SemGameManager.java:106)
12-26 19:42:46.307 D/SGM:SemGameManager( 2812): isGamePackage(), pkgName=com.risa.app, ret=false
