12-26 19:50:47.743 I/ActivityTaskManager( 2812): START u0 {act=android.intent.action.MAIN cat=[android.intent.category.LAUNCHER] flg=0x10200000 xflg=0x4 cmp=com.risa.app/.MainActivity bnds=[290,1121][540,1396]} with LAUNCH_SINGLE_TOP from uid 10150 (sr=241675760) (BAL_ALLOW_VISIBLE_WINDOW) result code=0
12-26 19:50:47.744 V/WindowManagerShell( 4743): Transition requested (#5872): android.os.BinderProxy@9968980 TransitionRequestInfo { type = OPEN, triggerTask = TaskInfo{userId=0 taskId=21306 effectiveUid=11281 displayId=0 isRunning=true baseIntent=Intent { act=android.intent.action.MAIN cat=[android.intent.category.LAUNCHER] flg=0x10200000 cmp=com.risa.app/.MainActivity } baseActivity=ComponentInfo{com.risa.app/com.risa.app.MainActivity} topActivity=ComponentInfo{com.risa.app/com.risa.app.MainActivity} origActivity=null realActivity=ComponentInfo{com.risa.app/com.risa.app.MainActivity} numActivities=1 lastActiveTime=324365934 supportsMultiWindow=true resizeMode=2 isResizeable=true minWidth=-1 minHeight=-1 maxWidth=-1 maxHeight=-1 defaultMinSize=220 desktopDefaultMinSize=304 token=WCT{android.window.IWindowContainerToken$Stub$Proxy@bfdbbb9} topActivityType=1 pictureInPictureParams=null shouldDockBigOverlays=false launchIntoPipHostTaskId=-1 lastParentTaskIdBeforePip=-1 displayCutoutSafeInsets=Rect(0, 84 - 0, 0) topActivityInfo=ActivityInfo{4517bfe com.risa.app.MainActivity} launchCookies=[android.os.BinderProxy@eed5f5f] positionInParent=Point(0, 0) parentTaskId=-1 isFocused=false isVisible=false isVisibleRequested=false isTopActivityNoDisplay=false isSleeping=false locusId=null displayAreaFeatureId=1 isTopActivityTransparent=false isActivityStackTransparent=false lastNonFullscreenBounds=Rect(81, 559 - 999, 1729) capturedLink=null capturedLinkTimestamp=0 requestedVisibleTypes=-9 topActivityRequestOpenInBrowserEducationTimestamp=0 appCompatTaskInfo=AppCompatTaskInfo { topActivityInSizeCompat=false eligibleForLetterboxEducation= false isLetterboxEducationEnabled= false isLetterboxDoubleTapEnabled= false eligibleForUserAspectRatioButton= false topActivityBoundsLetterboxed= false isFromLetterboxDoubleTap= false topActivityLetterboxVerticalPosition= -1 topActivityLetterboxHorizontalPosition= -1 topActivityLetterboxWidth=-1 topActivityLetterboxHeight=-1 topActivityAppBounds=Rect(0, 0 - 1080, 2340) isUserFullscreenOverrideEnabled=false isSystemFullscreenOverrideEnabled=false hasMinAspectRatioOverride=false topActivityLetterboxBounds=null cameraCompatTaskInfo=CameraCompatTaskInfo { freeformCameraCompatMode=inactive} topActivityBounds=null topActivityInDisplayCompat=false singleTapFromLetterbox=false} topActivityMainWindowFrame=null originallySupportedMultiWindow=true hasWallpaper=false rootAffinity=null isTopTaskInStage=false CoverLauncherWidgetTask=false LaunchedFromAppsCoverLauncherTask=false LaunchedFromMultistarCoverLauncherTask=false isAllowedSeamlessRotation=false isTopTransparentActivity=false isAliasManaged=false hasConfigChanged=false snappingGuideBounds=null isAiKeyRemoveAppTask=false lastDesktopWindowingBounds=null lastExternalDesktopWindowingBounds=null safeCutoutInsets=null}, pipChange = null, remoteTransition = RemoteTransition { remoteTransition = android.window.IRemoteTransition$Stub$Proxy@9abdac, appThread = android.app.IApplicationThread$Stub$Proxy@6b55a75, debugName = QuickstepLaunchflags =NONE }, displayChange = null, flags = 0, debugId = 5872 }
12-26 19:50:47.748 D/WindowManager( 2812): prepareSync <SYNC_STATE_WAITING_FOR_DRAW>, mPrepareSyncSeqId=0, win=Window{1c4a9e0 u0 Splash Screen com.risa.app}
12-26 19:50:47.748 V/WindowManager( 2812): addWindow: ActivityRecord{227152558 u0 com.risa.app/.MainActivity t21306} startingWindow=Window{1c4a9e0 u0 Splash Screen com.risa.app}
12-26 19:50:47.750 V/WindowManager( 2812): Collecting in transition 5872: ActivityRecord{227152558 u0 com.risa.app/.MainActivity t21306}, caller=com.android.server.wm.TransitionController.collect:7 com.android.server.wm.ActivityRecord.setVisibility:132 com.android.server.wm.EnsureActivitiesVisibleHelper.process:459 com.android.server.wm.TaskFragment.updateActivityVisibilities:12 com.android.server.wm.Task$$ExternalSyntheticLambda37.accept:37 
12-26 19:50:47.753 D/WindowManager( 2812): makeSurface duration=1 name=Splash Screen com.risa.app$_4743
12-26 19:50:47.760 D/WindowManager( 2812): rotationForOrientation, orientationSource=ActivityRecord{227152558 u0 com.risa.app/.MainActivity t21306}
12-26 19:50:47.760 D/ActivityTaskManager( 2812): applyFixedRotationTransform, r=ActivityRecord{227152558 u0 com.risa.app/.MainActivity t21306}, caller=com.android.server.wm.ActivityRecord.applyFixedRotationTransform:20 com.android.server.wm.DisplayContent.startFixedRotationTransform:63 com.android.server.wm.DisplayContent.setFixedRotationLaunchingApp:47 com.android.server.wm.DisplayContent.handleTopActivityLaunchingInDifferentOrientation:286 com.android.server.wm.DisplayContent.updateOrientation:40 
12-26 19:50:47.761 D/WindowManager( 2812): setFixedRotationLaunchingAppUnchecked, rotation=1, r=ActivityRecord{227152558 u0 com.risa.app/.MainActivity t21306}, caller=com.android.server.wm.DisplayContent.setFixedRotationLaunchingAppUnchecked:131 com.android.server.wm.DisplayContent.setFixedRotationLaunchingApp:50 com.android.server.wm.DisplayContent.handleTopActivityLaunchingInDifferentOrientation:286 com.android.server.wm.DisplayContent.updateOrientation:40 com.android.server.wm.DisplayContent.updateOrientation:1 
12-26 19:50:47.770 D/WindowManager( 2812): finishDrawingWindow: Window{1c4a9e0 u0 Splash Screen com.risa.app} mDrawState=DRAW_PENDING seqId=0
12-26 19:50:47.770 V/WindowManager( 2812): Finishing drawing window Window{1c4a9e0 u0 Splash Screen com.risa.app}: mDrawState=DRAW_PENDING
12-26 19:50:47.770 V/WindowManager( 2812): Draw state now committed in Window{1c4a9e0 u0 Splash Screen com.risa.app}
12-26 19:50:47.771 V/WindowManager( 2812): performShowLocked: mDrawState=HAS_DRAWN in Window{1c4a9e0 u0 Splash Screen com.risa.app}
12-26 19:50:47.771 D/WindowManagerServiceExt( 2812): updateTaskbarTargetIfNeeded: cn=ComponentInfo{com.risa.app/com.risa.app.MainActivity} occludesParent=true isInSplitScreenMode=false
12-26 19:50:47.771 D/ChangeTransitionController( 2812):    ChangeInfo{465c986 container=Task{60f284f #21306 type=standard I=com.risa.app/.MainActivity} flags=0x0}
12-26 19:50:47.771 D/ChangeTransitionController( 2812):    ChangeInfo{661d247 container=ActivityRecord{227152558 u0 com.risa.app/.MainActivity t21306} flags=0x0}
12-26 19:50:47.771 V/WindowManager( 2812): Start calculating TransitionInfo based on participants: {Task{60f284f #21306 type=standard I=com.risa.app/.MainActivity}, WallpaperWindowToken{82337fa showWhenLocked=true}_<lock>, WallpaperWindowToken{d2924d7 showWhenLocked=false}_<system>, ActivityRecord{227152558 u0 com.risa.app/.MainActivity t21306}, ActivityRecord{241675760 u0 com.sec.android.app.launcher/.activities.LauncherActivity t8}}
12-26 19:50:47.771 V/WindowManager( 2812):   Final targets: [ChangeInfo{465c986 container=Task{60f284f #21306 type=standard I=com.risa.app/.MainActivity} flags=0x10}, ChangeInfo{7b79c7d container=Task{3c60ba8 #1 type=home} flags=0x10}, ChangeInfo{1268379 container=WallpaperWindowToken{d2924d7 showWhenLocked=false}_<system> flags=0x0}]
12-26 19:50:47.772 V/WindowManager( 2812):         {WCT{RemoteToken{aeaf2ca Task{60f284f #21306 type=standard I=com.risa.app/.MainActivity}}} m=OPEN f=NONE leash=Surface(name=Task=21306)/@0x1e0f86c sb=Rect(0, 0 - 1080, 2340) eb=Rect(0, 0 - 1080, 2340) epz=Point(1080, 2340) d=0 endFixedRotation=1 taskParent=-1 inset=Rect(84, 84 - 0, 0) dim=true},
12-26 19:50:47.773 V/WindowManager( 2812): Sent Transition (#5872) createdAt=12-26 19:50:47.738 via request=TransitionRequestInfo { type = OPEN, triggerTask = TaskInfo{userId=0 taskId=21306 effectiveUid=11281 displayId=0 isRunning=true baseIntent=Intent { act=android.intent.action.MAIN cat=[android.intent.category.LAUNCHER] flg=0x10200000 cmp=com.risa.app/.MainActivity } baseActivity=ComponentInfo{com.risa.app/com.risa.app.MainActivity} topActivity=ComponentInfo{com.risa.app/com.risa.app.MainActivity} origActivity=null realActivity=ComponentInfo{com.risa.app/com.risa.app.MainActivity} numActivities=1 lastActiveTime=324365934 supportsMultiWindow=true resizeMode=2 isResizeable=true minWidth=-1 minHeight=-1 maxWidth=-1 maxHeight=-1 defaultMinSize=220 desktopDefaultMinSize=304 token=WCT{RemoteToken{aeaf2ca Task{60f284f #21306 type=standard I=com.risa.app/.MainActivity}}} topActivityType=1 pictureInPictureParams=null shouldDockBigOverlays=false launchIntoPipHostTaskId=-1 lastParentTaskIdBeforePip=-1 displayCutoutSafeInsets=Rect(0, 84 - 0, 0) topActivityInfo=ActivityInfo{e3f1c3b com.risa.app.MainActivity} launchCookies=[android.os.BinderProxy@c1b2f58] positionInParent=Point(0, 0) parentTaskId=-1 isFocused=false isVisible=false isVisibleRequested=false isTopActivityNoDisplay=false isSleeping=false locusId=null displayAreaFeatureId=1 isTopActivityTransparent=false isActivityStackTransparent=false lastNonFullscreenBounds=Rect(81, 559 - 999, 1729) capturedLink=null capturedLinkTimestamp=0 requestedVisibleTypes=-9 topActivityRequestOpenInBrowserEducationTimestamp=0 appCompatTaskInfo=AppCompatTaskInfo { topActivityInSizeCompat=false eligibleForLetterboxEducation= false isLetterboxEducationEnabled= false isLetterboxDoubleTapEnabled= false eligibleForUserAspectRatioButton= false topActivityBoundsLetterboxed= false isFromLetterboxDoubleTap= false topActivityLetterboxVerticalPosition= -1 topActivityLetterboxHorizontalPosition= -1 topActivityLetterboxWidth=-1 topActivityLetterboxHeight=-1 topActivityAppBounds=Rect(0, 0 - 1080, 2340) isUserFullscreenOverrideEnabled=false isSystemFullscreenOverrideEnabled=false hasMinAspectRatioOverride=false topActivityLetterboxBounds=null cameraCompatTaskInfo=CameraCompatTaskInfo { freeformCameraCompatMode=inactive} topActivityBounds=null topActivityInDisplayCompat=false singleTapFromLetterbox=false} topActivityMainWindowFrame=null originallySupportedMultiWindow=true hasWallpaper=false rootAffinity=null isTopTaskInStage=false CoverLauncherWidgetTask=false LaunchedFromAppsCoverLauncherTask=false LaunchedFromMultistarCoverLauncherTask=false isAllowedSeamlessRotation=false isTopTransparentActivity=false isAliasManaged=false hasConfigChanged=false snappingGuideBounds=null isAiKeyRemoveAppTask=false lastDesktopWindowingBounds=null lastExternalDesktopWindowingBounds=null safeCutoutInsets=null}, pipChange = null, remoteTransition = RemoteTransition { remoteTransition = android.window.IRemoteTransition$Stub$Proxy@61028b1, appThread = android.app.IApplicationThread$Stub$Proxy@b2d7196, debugName = QuickstepLaunchflags =NONE }, displayChange = null, flags = 0, debugId = 5872 }
12-26 19:50:47.773 V/WindowManager( 2812):         {WCT{RemoteToken{aeaf2ca Task{60f284f #21306 type=standard I=com.risa.app/.MainActivity}}} m=OPEN f=NONE leash=Surface(name=Task=21306)/@0x1e0f86c sb=Rect(0, 0 - 1080, 2340) eb=Rect(0, 0 - 1080, 2340) epz=Point(1080, 2340) d=0 endFixedRotation=1 taskParent=-1 inset=Rect(84, 84 - 0, 0) dim=true},
12-26 19:50:47.773 D/InsetsSourceProvider( 2812): updateControlForTarget: control=InsetsSourceControl: {4c0000 mType=statusBars initiallyVisible mSurfacePosition=Point(0, 0) mInsetsHint=Insets{left=0, top=84, right=0, bottom=0}}, target=Window{1c4a9e0 u0 Splash Screen com.risa.app}, from=com.android.server.wm.InsetsStateController.onControlTargetChanged:83 com.android.server.wm.InsetsPolicy.updateBarControlTarget:212 com.android.server.wm.DisplayPolicy.updateSystemBarAttributes:262 com.android.server.wm.DisplayPolicy.finishPostLayoutPolicyLw:17 com.android.server.wm.RootWindowContainer.applySurfaceChangesTransaction$1:195 
12-26 19:50:47.774 D/InsetsSourceProvider( 2812): updateControlForTarget: control=InsetsSourceControl: {e4a90001 mType=navigationBars initiallyVisible mSurfacePosition=Point(0, 2205) mInsetsHint=Insets{left=0, top=0, right=0, bottom=135}}, target=Window{1c4a9e0 u0 Splash Screen com.risa.app}, from=com.android.server.wm.InsetsStateController.onControlTargetChanged:83 com.android.server.wm.InsetsPolicy.updateBarControlTarget:225 com.android.server.wm.DisplayPolicy.updateSystemBarAttributes:262 com.android.server.wm.DisplayPolicy.finishPostLayoutPolicyLw:17 com.android.server.wm.RootWindowContainer.applySurfaceChangesTransaction$1:195 
12-26 19:50:47.774 D/WindowManager( 2812): updateSystemBarAttributes: displayId=0, focusedCanBeNavColorWin=false, win=Window{1c4a9e0 u0 Splash Screen com.risa.app}, navColorWin=Window{1c4a9e0 u0 Splash Screen com.risa.app}, caller=com.android.server.wm.DisplayPolicy.finishPostLayoutPolicyLw:17 com.android.server.wm.RootWindowContainer.applySurfaceChangesTransaction$1:195 com.android.server.wm.RootWindowContainer.performSurfacePlacementNoTrace:59 
12-26 19:50:47.787 D/WindowManager( 2812): finishDrawingWindow: Window{1c4a9e0 u0 Splash Screen com.risa.app} mDrawState=HAS_DRAWN seqId=0
12-26 19:50:47.787 V/WindowManager( 2812): Finishing drawing window Window{1c4a9e0 u0 Splash Screen com.risa.app}: mDrawState=HAS_DRAWN
12-26 19:50:47.798 I/WindowManager( 2812): notifyInsetsControlChanged, removed=false, win=Window{1c4a9e0 u0 Splash Screen com.risa.app}, caller=com.android.server.wm.InsetsStateController$$ExternalSyntheticLambda1.run:137 com.android.server.wm.WindowAnimator$$ExternalSyntheticLambda2.onTransactionCommitted:26 android.view.SurfaceControl$Transaction$$ExternalSyntheticLambda4.run:0 android.os.Handler.handleCallback:995 android.os.Handler.dispatchMessage:103 android.os.Looper.loopOnce:273 
12-26 19:50:47.993 D/SGM:FgCheckThread( 2812): notifyAppCreated(), packageName: com.risa.app, userId: 0, sendRet: true
12-26 19:50:47.993 D/SGM:FgCheckThread( 2812): onLooperPrepared(), msg: MSG_APP_CREATE, pkgName: com.risa.app, userId: 0
12-26 19:50:47.993 D/SGM:FgCheckThread( 2812):   sendRunningComponentFocus(), pkgName: com.risa.app, userId: 0
12-26 19:50:47.993 D/SGM:FgCheckThread( 2812): onLooperPrepared(), msg: MSG_TASK_FOCUSED, pkgName: com.risa.app, userId: 0
12-26 19:50:47.994 D/SGM:FgCheckThread( 2812):   handleTaskFocused(), pkgName: com.risa.app, userID:0
12-26 19:50:47.994 D/SGM:FgCheckThread( 2812):   handleResume(). pkgName: com.risa.app, userId: 0, category: non-game
12-26 19:50:47.994 D/SGM:FgCheckThread( 2812): notifyFocusInOut(). of pkg: com.risa.app, type: 4, isSecGameFamily: false, userId: 0
12-26 19:50:47.994 D/ActivityTaskManager( 2812): scheduleTopResumedActivityChanged, onTop=true, r=ActivityRecord{227152558 u0 com.risa.app/.MainActivity t21306}, caller=com.android.server.wm.ActivityTaskSupervisor.scheduleTopResumedActivityStateIfNeeded:18 com.android.server.wm.ActivityTaskSupervisor.updateTopResumedActivityIfNeeded:54 com.android.server.wm.TaskFragment.setResumedActivity:30 com.android.server.wm.ActivityRecord.setState:100 com.android.server.wm.ActivityTaskSupervisor.realStartActivityLocked:477 com.android.server.wm.RootWindowContainer.attachApplication:92 
12-26 19:50:47.995 D/SGM:GameManager( 2812): identifyForegroundApp. com.risa.app, mCurrentUserId: 0, callerUserId: 0
12-26 19:50:47.995 D/ActivityThread(27453): com.risa.app will use render engine as VK
12-26 19:50:47.995 D/SGM:FgCheckThread( 2812): noteResumeComponent(), received pkgName: com.risa.app, userId: 0
12-26 19:50:47.995 D/SGM:GameManager( 2812): identifyForegroundApp. com.risa.app, mCurrentUserId: 0, callerUserId: 0
12-26 19:50:47.996 D/SGM:FgCheckThread( 2812): onLooperPrepared(), msg: MSG_APP_RESUME, pkgName: com.risa.app, userid: 0
12-26 19:50:47.997 D/SGM:GameManager( 2812): identifyForegroundApp. com.risa.app, mCurrentUserId: 0, callerUserId: 0
12-26 19:50:48.000 D/SGM:GameManager( 2812): identifyGamePackage. com.risa.app, mCurrentUserId: 0, callingMethodInfo: com.samsung.android.game.SemGameManager.isGamePackage(SemGameManager.java:106)
12-26 19:50:48.000 D/SGM:SemGameManager( 2812): isGamePackage(), pkgName=com.risa.app, ret=false
12-26 19:50:48.001 I/SDHMS:k ( 7550): handleResumeComponent : put = com.risa.app, userid = 0 instanceid =248933340
12-26 19:50:48.002 D/SGM:GameManager( 2812): identifyGamePackage. com.risa.app, mCurrentUserId: 0, callingMethodInfo: com.samsung.android.game.IGameManagerService$Stub.onTransact(IGameManagerService.java:247)
12-26 19:50:48.119 V/WindowManager( 2812):    ChangeInfo{465c986 container=Task{60f284f #21306 type=standard I=com.risa.app/.MainActivity} flags=0x10}
12-26 19:50:48.119 V/WindowManager( 2812):    ChangeInfo{661d247 container=ActivityRecord{227152558 u0 com.risa.app/.MainActivity t21306} flags=0x0}
12-26 19:50:48.121 D/WindowManager( 2812): prepareSync <SYNC_STATE_WAITING_FOR_DRAW>, mPrepareSyncSeqId=0, win=Window{1c4a9e0 u0 Splash Screen com.risa.app}
12-26 19:50:48.121 D/WindowManager( 2812): prepareSync <SYNC_STATE_WAITING_FOR_DRAW>, mPrepareSyncSeqId=0, win=Window{8faf12c u0 com.risa.app/com.risa.app.MainActivity}
12-26 19:50:48.122 V/WindowManager( 2812): Override sync-method for 1c4a9e0 Splash Screen com.risa.app because seamless rotating, caller=com.android.server.wm.DisplayContent.setSeamlessTransitionForFixedRotation:22 com.android.server.wm.DisplayContent.requestChangeTransition:96 com.android.server.wm.DisplayRotation.updateRotationUnchecked:760 com.android.server.wm.DisplayRotation.updateOrientation:79 com.android.server.wm.DisplayContent.continueUpdateOrientationForDiffOrienLaunchingApp:63 
12-26 19:50:48.122 D/ChangeTransitionController( 2812):    ChangeInfo{465c986 container=Task{60f284f #21306 type=standard I=com.risa.app/.MainActivity} flags=0x10}
12-26 19:50:48.122 D/ChangeTransitionController( 2812):    ChangeInfo{661d247 container=ActivityRecord{227152558 u0 com.risa.app/.MainActivity t21306} flags=0x0}
12-26 19:50:48.143 V/WindowManager( 2812): Collecting in transition 5873: Task{60f284f #21306 type=standard I=com.risa.app/.MainActivity}, caller=com.android.server.wm.TransitionController$$ExternalSyntheticLambda2.accept:34 com.android.server.wm.Task.forAllLeafTasks:6 com.android.server.wm.WindowContainer.forAllLeafTasks:4 com.android.server.wm.DisplayArea.forAllLeafTasks:4 com.android.server.wm.WindowContainer.forAllLeafTasks:4 
12-26 19:50:48.143 V/WindowManager( 2812): Collecting in transition 5873: ActivityRecord{227152558 u0 com.risa.app/.MainActivity t21306}, caller=com.android.server.wm.TransitionController$$ExternalSyntheticLambda2.accept:21 com.android.server.wm.ActivityRecord.forAllActivities:2 com.android.server.wm.WindowContainer.forAllActivities:8 com.android.server.wm.WindowContainer.forAllActivities:6 com.android.server.wm.TransitionController$$ExternalSyntheticLambda2.accept:107 
12-26 19:50:48.153 D/ChangeTransitionController( 2812):    ChangeInfo{6b0e82e container=Task{60f284f #21306 type=standard I=com.risa.app/.MainActivity} flags=0x0}
12-26 19:50:48.153 D/ChangeTransitionController( 2812):    ChangeInfo{1a50fcf container=ActivityRecord{227152558 u0 com.risa.app/.MainActivity t21306} flags=0x0}
12-26 19:50:48.153 V/WindowManager( 2812): Start calculating TransitionInfo based on participants: {Task{60f284f #21306 type=standard I=com.risa.app/.MainActivity}, ActivityRecord{227152558 u0 com.risa.app/.MainActivity t21306}, Display{#0 state=ON size=2340x1080 ROTATION_90}}
12-26 19:50:48.153 V/WindowManager( 2812):   Final targets: [ChangeInfo{6b0e82e container=Task{60f284f #21306 type=standard I=com.risa.app/.MainActivity} flags=0x0}, ChangeInfo{2a37aa9 container=DefaultTaskDisplayArea_d0@90254262 flags=0x10}, ChangeInfo{732fd5c container=Display{#0 state=ON size=2340x1080 ROTATION_90} flags=0x1}]
12-26 19:50:48.155 V/WindowManager( 2812):         {WCT{RemoteToken{aeaf2ca Task{60f284f #21306 type=standard I=com.risa.app/.MainActivity}}} m=CHANGE f=NONE p=WCT{RemoteToken{70b963d DefaultTaskDisplayArea_d0@90254262}} leash=Surface(name=Task=21306)/@0x1e0f86c sb=Rect(0, 0 - 1080, 2340) eb=Rect(0, 0 - 2340, 1080) epz=Point(2340, 1080) d=0 r=0->1:0 taskParent=-1 inset=Rect(84, 84 - 135, 0)},
12-26 19:50:48.160 D/MdnieScenarioControlService( 2812):  packageName : com.risa.app    className : com.risa.app.MainActivity
12-26 19:50:48.162 V/WindowManager( 2812):         {WCT{RemoteToken{aeaf2ca Task{60f284f #21306 type=standard I=com.risa.app/.MainActivity}}} m=CHANGE f=NONE p=WCT{RemoteToken{70b963d DefaultTaskDisplayArea_d0@90254262}} leash=Surface(name=Task=21306)/@0x1e0f86c sb=Rect(0, 0 - 1080, 2340) eb=Rect(0, 0 - 2340, 1080) epz=Point(2340, 1080) d=0 r=0->1:0 taskParent=-1 inset=Rect(84, 84 - 135, 0)},
12-26 19:50:48.163 D/SGM:GameManager( 2812): identifyGamePackage. com.risa.app, mCurrentUserId: 0, callingMethodInfo: com.samsung.android.game.IGameManagerService$Stub.onTransact(IGameManagerService.java:247)
12-26 19:50:48.173 V/WindowManager( 2812):    ChangeInfo{6b0e82e container=Task{60f284f #21306 type=standard I=com.risa.app/.MainActivity} flags=0x0}
12-26 19:50:48.173 V/WindowManager( 2812):    ChangeInfo{1a50fcf container=ActivityRecord{227152558 u0 com.risa.app/.MainActivity t21306} flags=0x0}
12-26 19:50:48.173 D/ChangeTransitionController( 2812):    ChangeInfo{6b0e82e container=Task{60f284f #21306 type=standard I=com.risa.app/.MainActivity} flags=0x0}
12-26 19:50:48.173 D/ChangeTransitionController( 2812):    ChangeInfo{1a50fcf container=ActivityRecord{227152558 u0 com.risa.app/.MainActivity t21306} flags=0x0}
12-26 19:50:48.173 D/WindowManager( 2812): rotationForOrientation, orientationSource=ActivityRecord{227152558 u0 com.risa.app/.MainActivity t21306}
12-26 19:50:48.234 I/WindowManager( 2812): notifyInsetsControlChanged, removed=false, win=Window{1c4a9e0 u0 Splash Screen com.risa.app}, caller=com.android.server.wm.InsetsStateController$$ExternalSyntheticLambda1.run:137 com.android.server.wm.WindowAnimator$$ExternalSyntheticLambda2.onTransactionCommitted:26 android.view.SurfaceControl$Transaction$$ExternalSyntheticLambda4.run:0 android.os.Handler.handleCallback:995 android.os.Handler.dispatchMessage:103 android.os.Looper.loopOnce:273 
12-26 19:50:49.054 D/CoreBackPreview( 2812): Window{8faf12c u0 com.risa.app/com.risa.app.MainActivity}: Setting back callback OnBackInvokedCallbackInfo{mCallback=android.window.IOnBackInvokedCallback$Stub$Proxy@ba93ffd, mPriority=-1, mIsAnimationCallback=false, mOverrideBehavior=0}
12-26 19:50:49.070 D/WindowManager( 2812): makeSurface duration=0 name=com.risa.app/com.risa.app.MainActivity$_27453
12-26 19:50:49.070 D/WindowManager( 2812): Changing focus from null to Window{8faf12c u0 com.risa.app/com.risa.app.MainActivity} displayId=0 Callers=com.android.server.wm.WindowManagerService.relayoutWindow:1350 com.android.server.wm.Session.relayout:27 android.view.IWindowSession$Stub.onTransact:829 com.android.server.wm.Session.onTransact:1 
12-26 19:50:49.071 D/InsetsSourceProvider( 2812): updateControlForTarget: control=InsetsSourceControl: {4c0000 mType=statusBars initiallyVisible mSurfacePosition=Point(0, 0) mInsetsHint=Insets{left=0, top=84, right=0, bottom=0}}, target=Window{8faf12c u0 com.risa.app/com.risa.app.MainActivity}, from=com.android.server.wm.InsetsStateController.onControlTargetChanged:83 com.android.server.wm.InsetsPolicy.updateBarControlTarget:212 com.android.server.wm.DisplayPolicy.updateSystemBarAttributes:262 com.android.server.wm.WindowManagerService.updateFocusedWindowLocked:372 com.android.server.wm.WindowManagerService.relayoutWindow:1350 
12-26 19:50:49.071 D/InsetsSourceProvider( 2812): updateControlForTarget: control=InsetsSourceControl: {e4a90001 mType=navigationBars initiallyVisible mSurfacePosition=Point(2205, 0) mInsetsHint=Insets{left=0, top=0, right=135, bottom=0}}, target=Window{8faf12c u0 com.risa.app/com.risa.app.MainActivity}, from=com.android.server.wm.InsetsStateController.onControlTargetChanged:83 com.android.server.wm.InsetsPolicy.updateBarControlTarget:225 com.android.server.wm.DisplayPolicy.updateSystemBarAttributes:262 com.android.server.wm.WindowManagerService.updateFocusedWindowLocked:372 com.android.server.wm.WindowManagerService.relayoutWindow:1350 
12-26 19:50:49.071 V/SystemKeyManager( 2812): updateFocusedWindow() is called, com.risa.app/com.risa.app.MainActivity
12-26 19:50:49.101 I/WindowManager( 2812): notifyInsetsControlChanged, removed=false, win=Window{1c4a9e0 u0 Splash Screen com.risa.app}, caller=com.android.server.wm.InsetsStateController$$ExternalSyntheticLambda1.run:137 com.android.server.wm.WindowAnimator$$ExternalSyntheticLambda2.onTransactionCommitted:26 android.view.SurfaceControl$Transaction$$ExternalSyntheticLambda4.run:0 android.os.Handler.handleCallback:995 android.os.Handler.dispatchMessage:103 android.os.Looper.loopOnce:273 
12-26 19:50:49.167 D/WindowManager( 2812): rotationForOrientation, orientationSource=ActivityRecord{227152558 u0 com.risa.app/.MainActivity t21306}
12-26 19:50:49.204 D/WindowManager( 2812): finishDrawingWindow: Window{8faf12c u0 com.risa.app/com.risa.app.MainActivity} mDrawState=DRAW_PENDING seqId=0
12-26 19:50:49.204 V/WindowManager( 2812): Finish starting ActivityRecord{227152558 u0 com.risa.app/.MainActivity t21306}: first real window is shown, no animation
12-26 19:50:49.205 V/WindowManager( 2812): Schedule remove starting ActivityRecord{227152558 u0 com.risa.app/.MainActivity t21306} startingWindow=Window{1c4a9e0 u0 Splash Screen com.risa.app} animate=true Callers=com.android.server.wm.ActivityRecord.removeStartingWindow:178 com.android.server.wm.WindowState.performShowLocked:155 com.android.server.wm.WindowStateAnimator.commitFinishDrawingLocked:73 com.android.server.wm.DisplayContent$$ExternalSyntheticLambda1.accept$com$android$server$wm$DisplayContent$$ExternalSyntheticLambda37:23 com.android.server.wm.DisplayContent$$ExternalSyntheticLambda1.accept:143 
12-26 19:50:49.205 D/TaskOrganizerController( 2812): applyStartingWindowAnimation, window=Window{8faf12c u0 com.risa.app/com.risa.app.MainActivity}, caller=com.android.server.wm.TaskOrganizerController.removeStartingWindow:132 com.android.server.wm.StartingSurfaceController$StartingSurface.remove:23 com.android.server.wm.ActivityRecord.removeStartingWindowAnimation:171 
12-26 19:50:49.205 I/WindowManager( 2812): Reparenting to leash, surface=Surface(name=8faf12c com.risa.app/com.risa.app.MainActivity)/@0x1c4c04a, leashParent=Surface(name=ActivityRecord{227152558 u0 com.risa.app/.MainActivity t21306})/@0x6989bbb
12-26 19:50:49.205 D/WindowManager( 2812): makeSurface duration=0 leash=Surface(name=Surface(name=8faf12c com.risa.app/com.risa.app.MainActivity)/@0x1c4c04a - animation-leash of starting_reveal)/@0xc0f78d8
12-26 19:50:49.205 V/WindowManager( 2812): performShowLocked: mDrawState=HAS_DRAWN in Window{8faf12c u0 com.risa.app/com.risa.app.MainActivity}
12-26 19:50:49.207 I/Pageboost( 2812): Launch time gathered : pid 27453 com.risa.app 1469
12-26 19:50:49.218 D/SGM:FgCheckThread( 2812): getForegroundApp(), foregroundPkgName=com.risa.app
12-26 19:50:49.221 D/SGM:FgCheckThread( 2812): noteStopComponent(), received pkgName: com.sec.android.app.launcher, focusedPkgName: com.risa.app, userId: 0
12-26 19:50:49.225 D/SGM:GameManager( 2812): identifyForegroundApp. com.risa.app, mCurrentUserId: 0, callerUserId: 0
12-26 19:50:49.226 D/SGM:GameManager( 2812): identifyForegroundApp. com.risa.app, mCurrentUserId: 0, callerUserId: 0
12-26 19:50:49.253 D/InsetsSourceProvider( 2812): updateControlForTarget: control=InsetsSourceControl: {3 mType=ime mSurfacePosition=Point(84, 84) mInsetsHint=Insets{left=0, top=0, right=0, bottom=586}}, target=Window{8faf12c u0 com.risa.app/com.risa.app.MainActivity}, from=com.android.server.wm.ImeInsetsSourceProvider.updateControlForTarget:17 com.android.server.wm.InsetsStateController.onControlTargetChanged:83 com.android.server.wm.DisplayContent.updateImeControlTarget:21 com.android.server.wm.DisplayContent.updateImeInputAndControlTarget:156 com.android.server.wm.WindowManagerService$LocalService.updateInputMethodTargetWindow:64 
12-26 19:50:49.258 D/WindowManager( 2812): Starting window removed Window{1c4a9e0 u0 Splash Screen com.risa.app}
12-26 19:50:49.258 I/WindowManager( 2812): Cancelling animation restarting=false, leash=Surface(name=Surface(name=8faf12c com.risa.app/com.risa.app.MainActivity)/@0x1c4c04a - animation-leash of starting_reveal)/@0xc0f78d8
12-26 19:50:49.258 I/WindowManager( 2812): Reparenting to original parent: Surface(name=ActivityRecord{227152558 u0 com.risa.app/.MainActivity t21306})/@0x6989bbb, destroy=false, surface=Surface(name=8faf12c com.risa.app/com.risa.app.MainActivity)/@0x1c4c04a
12-26 19:50:49.259 V/WindowManager( 2812): Remove Window{1c4a9e0 u0 Splash Screen com.risa.app}: mSurfaceControl=Surface(name=Splash Screen com.risa.app$_4743)/@0xc357587 mAnimatingExit=false mRemoveOnExit=false mHasSurface=true surfaceShowing=false animating=false app-animation=false callers=com.android.server.wm.Session.remove:16 android.view.IWindowSession$Stub.onTransact:804 com.android.server.wm.Session.onTransact:1 android.os.Binder.execTransactInternal:1462 android.os.Binder.execTransact:1401 <bottom of call stack> 
12-26 19:50:49.355 D/MdnieScenarioControlService( 2812):  packageName : com.risa.app    className : com.risa.app.MainActivity
12-26 19:50:49.360 D/CoreBackPreview( 2812): Window{8faf12c u0 com.risa.app/com.risa.app.MainActivity}: Setting back callback OnBackInvokedCallbackInfo{mCallback=android.window.IOnBackInvokedCallback$Stub$Proxy@e61ee95, mPriority=0, mIsAnimationCallback=true, mOverrideBehavior=0}
12-26 19:50:49.360 D/CoreBackPreview( 2812): Window{8faf12c u0 com.risa.app/com.risa.app.MainActivity}: Setting back callback OnBackInvokedCallbackInfo{mCallback=android.window.IOnBackInvokedCallback$Stub$Proxy@2a22baa, mPriority=-1, mIsAnimationCallback=false, mOverrideBehavior=0}
12-26 19:50:49.753 D/SGM:GameManager( 2812): identifyForegroundApp. com.risa.app, mCurrentUserId: 0, callerUserId: 0
12-26 19:50:50.000 D/SGM:GameManager( 2812): identifyGamePackage. com.risa.app, mCurrentUserId: 0, callingMethodInfo: com.samsung.android.game.SemGameManager.isGamePackage(SemGameManager.java:106)
12-26 19:50:50.000 D/SGM:SemGameManager( 2812): isGamePackage(), pkgName=com.risa.app, ret=false
12-26 19:50:51.368 D/CoreBackPreview( 2812): Window{8faf12c u0 com.risa.app/com.risa.app.MainActivity}: Setting back callback OnBackInvokedCallbackInfo{mCallback=android.window.IOnBackInvokedCallback$Stub$Proxy@dd5bd98, mPriority=0, mIsAnimationCallback=true, mOverrideBehavior=0}
12-26 19:50:51.368 D/CoreBackPreview( 2812): Window{8faf12c u0 com.risa.app/com.risa.app.MainActivity}: Setting back callback OnBackInvokedCallbackInfo{mCallback=android.window.IOnBackInvokedCallback$Stub$Proxy@f5639f1, mPriority=-1, mIsAnimationCallback=false, mOverrideBehavior=0}
12-26 19:50:51.380 D/CoreBackPreview( 2812): Window{8faf12c u0 com.risa.app/com.risa.app.MainActivity}: Setting back callback OnBackInvokedCallbackInfo{mCallback=android.window.IOnBackInvokedCallback$Stub$Proxy@ec449d6, mPriority=0, mIsAnimationCallback=true, mOverrideBehavior=0}
12-26 19:50:51.623 D/CoreBackPreview( 2812): Window{8faf12c u0 com.risa.app/com.risa.app.MainActivity}: Setting back callback OnBackInvokedCallbackInfo{mCallback=android.window.IOnBackInvokedCallback$Stub$Proxy@996d457, mPriority=-1, mIsAnimationCallback=false, mOverrideBehavior=0}
12-26 19:50:53.018 D/SGM:GameManager( 2812): identifyGamePackage. com.risa.app, mCurrentUserId: 0, callingMethodInfo: com.samsung.android.game.SemGameManager.isGamePackage(SemGameManager.java:106)
12-26 19:50:53.018 D/SGM:SemGameManager( 2812): isGamePackage(), pkgName=com.risa.app, ret=false
12-26 19:50:53.626 D/CoreBackPreview( 2812): Window{8faf12c u0 com.risa.app/com.risa.app.MainActivity}: Setting back callback OnBackInvokedCallbackInfo{mCallback=android.window.IOnBackInvokedCallback$Stub$Proxy@3478ba4, mPriority=0, mIsAnimationCallback=true, mOverrideBehavior=0}
12-26 19:50:55.561 D/io_stats( 1176): !@ Write_top(KB): com.risa.app(27453) 27076 kworker/u16:8(14949) 3228 martsuggestions(7492) 4
12-26 19:50:56.024 D/SGM:GameManager( 2812): identifyGamePackage. com.risa.app, mCurrentUserId: 0, callingMethodInfo: com.samsung.android.game.SemGameManager.isGamePackage(SemGameManager.java:106)
12-26 19:50:56.024 D/SGM:SemGameManager( 2812): isGamePackage(), pkgName=com.risa.app, ret=false
12-26 19:50:59.045 D/SGM:GameManager( 2812): identifyGamePackage. com.risa.app, mCurrentUserId: 0, callingMethodInfo: com.samsung.android.game.SemGameManager.isGamePackage(SemGameManager.java:106)
12-26 19:50:59.045 D/SGM:SemGameManager( 2812): isGamePackage(), pkgName=com.risa.app, ret=false
12-26 19:50:59.563 D/io_stats( 1176): !@ Write_top(KB): com.risa.app(27453) 42016 kworker/u16:6(11314) 680 droid.rubin.app(3560) 24
12-26 19:51:02.068 D/SGM:GameManager( 2812): identifyGamePackage. com.risa.app, mCurrentUserId: 0, callingMethodInfo: com.samsung.android.game.SemGameManager.isGamePackage(SemGameManager.java:106)
12-26 19:51:02.068 D/SGM:SemGameManager( 2812): isGamePackage(), pkgName=com.risa.app, ret=false
12-26 19:51:03.565 D/io_stats( 1176): !@ Write_top(KB): com.risa.app(27453) 24156 .android.chrome(13710) 744 rdash.driverapp(4350) 32
12-26 19:51:05.083 D/SGM:GameManager( 2812): identifyGamePackage. com.risa.app, mCurrentUserId: 0, callingMethodInfo: com.samsung.android.game.SemGameManager.isGamePackage(SemGameManager.java:106)
12-26 19:51:05.083 D/SGM:SemGameManager( 2812): isGamePackage(), pkgName=com.risa.app, ret=false
12-26 19:51:07.568 D/io_stats( 1176): !@ Write_top(KB): com.risa.app(27453) 36716 kworker/u16:8(14949) 34088 kworker/u16:6(11314) 12280
12-26 19:51:08.086 D/SGM:GameManager( 2812): identifyGamePackage. com.risa.app, mCurrentUserId: 0, callingMethodInfo: com.samsung.android.game.SemGameManager.isGamePackage(SemGameManager.java:106)
12-26 19:51:08.086 D/SGM:SemGameManager( 2812): isGamePackage(), pkgName=com.risa.app, ret=false
12-26 19:51:11.103 D/SGM:GameManager( 2812): identifyGamePackage. com.risa.app, mCurrentUserId: 0, callingMethodInfo: com.samsung.android.game.SemGameManager.isGamePackage(SemGameManager.java:106)
12-26 19:51:11.103 D/SGM:SemGameManager( 2812): isGamePackage(), pkgName=com.risa.app, ret=false
12-26 19:51:11.570 D/io_stats( 1176): !@ Write_top(KB): kworker/u16:6(11314) 54008 com.risa.app(27453) 15636 system_server(2812) 912
12-26 19:51:14.140 D/SGM:GameManager( 2812): identifyGamePackage. com.risa.app, mCurrentUserId: 0, callingMethodInfo: com.samsung.android.game.SemGameManager.isGamePackage(SemGameManager.java:106)
12-26 19:51:14.140 D/SGM:SemGameManager( 2812): isGamePackage(), pkgName=com.risa.app, ret=false
12-26 19:51:15.572 D/io_stats( 1176): !@ Write_top(KB): kworker/u16:8(14949) 26876 com.risa.app(27453) 18804 kworker/u16:6(11314) 3788
12-26 19:51:17.135 D/SGM:GameManager( 2812): identifyGamePackage. com.risa.app, mCurrentUserId: 0, callingMethodInfo: com.samsung.android.game.SemGameManager.isGamePackage(SemGameManager.java:106)
12-26 19:51:17.135 D/SGM:SemGameManager( 2812): isGamePackage(), pkgName=com.risa.app, ret=false
12-26 19:51:19.574 D/io_stats( 1176): !@ Write_top(KB): com.risa.app(27453) 42584 kworker/u16:5(27430) 5256 rdash.driverapp(4350) 28
12-26 19:51:20.144 D/SGM:GameManager( 2812): identifyGamePackage. com.risa.app, mCurrentUserId: 0, callingMethodInfo: com.samsung.android.game.SemGameManager.isGamePackage(SemGameManager.java:106)
12-26 19:51:20.144 D/SGM:SemGameManager( 2812): isGamePackage(), pkgName=com.risa.app, ret=false
12-26 19:51:23.154 D/SGM:GameManager( 2812): identifyGamePackage. com.risa.app, mCurrentUserId: 0, callingMethodInfo: com.samsung.android.game.SemGameManager.isGamePackage(SemGameManager.java:106)
12-26 19:51:23.154 D/SGM:SemGameManager( 2812): isGamePackage(), pkgName=com.risa.app, ret=false
12-26 19:51:23.577 D/io_stats( 1176): !@ Write_top(KB): com.risa.app(27453) 11352 f2fs_ckpt-254:6(1290) 500 .gms.persistent(12332) 168
12-26 19:51:26.179 D/SGM:GameManager( 2812): identifyGamePackage. com.risa.app, mCurrentUserId: 0, callingMethodInfo: com.samsung.android.game.SemGameManager.isGamePackage(SemGameManager.java:106)
12-26 19:51:26.179 D/SGM:SemGameManager( 2812): isGamePackage(), pkgName=com.risa.app, ret=false
12-26 19:51:27.580 D/io_stats( 1176): !@ Write_top(KB): kworker/u16:8(14949) 7752 com.risa.app(27453) 3392 binder:1230_2(1230) 32
12-26 19:51:29.196 D/SGM:GameManager( 2812): identifyGamePackage. com.risa.app, mCurrentUserId: 0, callingMethodInfo: com.samsung.android.game.SemGameManager.isGamePackage(SemGameManager.java:106)
12-26 19:51:29.196 D/SGM:SemGameManager( 2812): isGamePackage(), pkgName=com.risa.app, ret=false
12-26 19:51:31.582 D/io_stats( 1176): !@ Read_top(KB): system_server(2812) 32 rdash.driverapp(4350) 20 com.risa.app(27453) 16
12-26 19:51:31.582 D/io_stats( 1176): !@ Write_top(KB): kworker/u16:6(11314) 2560 com.risa.app(27453) 1568 rdash.driverapp(4350) 32
12-26 19:51:32.237 D/SGM:GameManager( 2812): identifyGamePackage. com.risa.app, mCurrentUserId: 0, callingMethodInfo: com.samsung.android.game.SemGameManager.isGamePackage(SemGameManager.java:106)
12-26 19:51:32.237 D/SGM:SemGameManager( 2812): isGamePackage(), pkgName=com.risa.app, ret=false
12-26 19:51:33.285 D/ActivityManager( 2812): android.util.PerfLog.ACTION_BOTTLENECK_HINT onTransact() from uid = 1000 with avg = 20, reason = INPUTD, description = 8faf12c com.risa.app/com.risa.app.MainActivity, jank = 0
12-26 19:51:35.254 D/SGM:GameManager( 2812): identifyGamePackage. com.risa.app, mCurrentUserId: 0, callingMethodInfo: com.samsung.android.game.SemGameManager.isGamePackage(SemGameManager.java:106)
12-26 19:51:35.254 D/SGM:SemGameManager( 2812): isGamePackage(), pkgName=com.risa.app, ret=false
12-26 19:51:35.584 D/io_stats( 1176): !@ Write_top(KB): com.risa.app(27453) 1828
12-26 19:51:38.269 D/SGM:GameManager( 2812): identifyGamePackage. com.risa.app, mCurrentUserId: 0, callingMethodInfo: com.samsung.android.game.SemGameManager.isGamePackage(SemGameManager.java:106)
12-26 19:51:38.269 D/SGM:SemGameManager( 2812): isGamePackage(), pkgName=com.risa.app, ret=false
12-26 19:51:39.588 D/io_stats( 1176): !@ Write_top(KB): com.risa.app(27453) 4648 kworker/u16:8(14949) 2704 soft.appmanager(8380) 16
12-26 19:51:41.286 D/SGM:GameManager( 2812): identifyGamePackage. com.risa.app, mCurrentUserId: 0, callingMethodInfo: com.samsung.android.game.SemGameManager.isGamePackage(SemGameManager.java:106)
12-26 19:51:41.286 D/SGM:SemGameManager( 2812): isGamePackage(), pkgName=com.risa.app, ret=false
12-26 19:51:43.590 D/io_stats( 1176): !@ Write_top(KB): com.risa.app(27453) 2160 facebook.katana(5849) 836 f2fs_ckpt-254:6(1290) 700
12-26 19:51:44.286 D/SGM:GameManager( 2812): identifyGamePackage. com.risa.app, mCurrentUserId: 0, callingMethodInfo: com.samsung.android.game.SemGameManager.isGamePackage(SemGameManager.java:106)
12-26 19:51:44.286 D/SGM:SemGameManager( 2812): isGamePackage(), pkgName=com.risa.app, ret=false
12-26 19:51:44.702 D/ActivityManager( 2812): android.util.PerfLog.ACTION_BOTTLENECK_HINT onTransact() from uid = 1000 with avg = 13, reason = INPUTD, description = 8faf12c com.risa.app/com.risa.app.MainActivity, jank = 0
12-26 19:51:47.291 D/SGM:GameManager( 2812): identifyGamePackage. com.risa.app, mCurrentUserId: 0, callingMethodInfo: com.samsung.android.game.SemGameManager.isGamePackage(SemGameManager.java:106)
12-26 19:51:47.291 D/SGM:SemGameManager( 2812): isGamePackage(), pkgName=com.risa.app, ret=false
12-26 19:51:47.591 D/io_stats( 1176): !@ Write_top(KB): kworker/u16:8(14949) 9056 com.risa.app(27453) 5048 .gms.persistent(12332) 36
12-26 19:51:50.333 D/SGM:GameManager( 2812): identifyGamePackage. com.risa.app, mCurrentUserId: 0, callingMethodInfo: com.samsung.android.game.SemGameManager.isGamePackage(SemGameManager.java:106)
12-26 19:51:50.333 D/SGM:SemGameManager( 2812): isGamePackage(), pkgName=com.risa.app, ret=false
12-26 19:51:51.594 D/io_stats( 1176): !@ Write_top(KB): com.risa.app(27453) 2552 f2fs_ckpt-254:6(1290) 328 soft.appmanager(8380) 16
12-26 19:51:53.349 D/SGM:GameManager( 2812): identifyGamePackage. com.risa.app, mCurrentUserId: 0, callingMethodInfo: com.samsung.android.game.SemGameManager.isGamePackage(SemGameManager.java:106)
12-26 19:51:53.349 D/SGM:SemGameManager( 2812): isGamePackage(), pkgName=com.risa.app, ret=false
12-26 19:51:55.597 D/io_stats( 1176): !@ Write_top(KB): kworker/u16:6(11314) 12032 kworker/u16:7(14948) 7492 com.risa.app(27453) 2852
12-26 19:51:56.364 D/SGM:GameManager( 2812): identifyGamePackage. com.risa.app, mCurrentUserId: 0, callingMethodInfo: com.samsung.android.game.SemGameManager.isGamePackage(SemGameManager.java:106)
12-26 19:51:56.364 D/SGM:SemGameManager( 2812): isGamePackage(), pkgName=com.risa.app, ret=false
12-26 19:51:59.378 D/SGM:GameManager( 2812): identifyGamePackage. com.risa.app, mCurrentUserId: 0, callingMethodInfo: com.samsung.android.game.SemGameManager.isGamePackage(SemGameManager.java:106)
12-26 19:51:59.379 D/SGM:SemGameManager( 2812): isGamePackage(), pkgName=com.risa.app, ret=false
12-26 19:51:59.598 D/io_stats( 1176): !@ Write_top(KB): kworker/u16:7(14948) 5020 com.risa.app(27453) 2496 soft.appmanager(8380) 16
12-26 19:52:02.397 D/SGM:GameManager( 2812): identifyGamePackage. com.risa.app, mCurrentUserId: 0, callingMethodInfo: com.samsung.android.game.SemGameManager.isGamePackage(SemGameManager.java:106)
12-26 19:52:02.397 D/SGM:SemGameManager( 2812): isGamePackage(), pkgName=com.risa.app, ret=false
12-26 19:52:04.455 D/ActivityManager( 2812): android.util.PerfLog.ACTION_BOTTLENECK_HINT onTransact() from uid = 1000 with avg = 39, reason = INPUTD, description = 8faf12c com.risa.app/com.risa.app.MainActivity, jank = 0
12-26 19:52:05.394 D/SGM:GameManager( 2812): identifyGamePackage. com.risa.app, mCurrentUserId: 0, callingMethodInfo: com.samsung.android.game.SemGameManager.isGamePackage(SemGameManager.java:106)
12-26 19:52:05.394 D/SGM:SemGameManager( 2812): isGamePackage(), pkgName=com.risa.app, ret=false
12-26 19:52:08.410 D/SGM:GameManager( 2812): identifyGamePackage. com.risa.app, mCurrentUserId: 0, callingMethodInfo: com.samsung.android.game.SemGameManager.isGamePackage(SemGameManager.java:106)
12-26 19:52:08.410 D/SGM:SemGameManager( 2812): isGamePackage(), pkgName=com.risa.app, ret=false
12-26 19:52:10.519 D/ActivityManager( 2812): android.util.PerfLog.ACTION_BOTTLENECK_HINT onTransact() from uid = 1000 with avg = 18, reason = INPUTD, description = 8faf12c com.risa.app/com.risa.app.MainActivity, jank = 0
12-26 19:52:11.418 D/SGM:GameManager( 2812): identifyGamePackage. com.risa.app, mCurrentUserId: 0, callingMethodInfo: com.samsung.android.game.SemGameManager.isGamePackage(SemGameManager.java:106)
12-26 19:52:11.419 D/SGM:SemGameManager( 2812): isGamePackage(), pkgName=com.risa.app, ret=false
12-26 19:52:11.605 D/io_stats( 1176): !@ Write_top(KB): kworker/u16:6(11314) 21532 com.risa.app(27453) 104 soft.appmanager(8380) 16
12-26 19:52:14.439 D/SGM:GameManager( 2812): identifyGamePackage. com.risa.app, mCurrentUserId: 0, callingMethodInfo: com.samsung.android.game.SemGameManager.isGamePackage(SemGameManager.java:106)
12-26 19:52:14.439 D/SGM:SemGameManager( 2812): isGamePackage(), pkgName=com.risa.app, ret=false
12-26 19:52:17.446 D/SGM:GameManager( 2812): identifyGamePackage. com.risa.app, mCurrentUserId: 0, callingMethodInfo: com.samsung.android.game.SemGameManager.isGamePackage(SemGameManager.java:106)
12-26 19:52:17.447 D/SGM:SemGameManager( 2812): isGamePackage(), pkgName=com.risa.app, ret=false
12-26 19:52:20.458 D/SGM:GameManager( 2812): identifyGamePackage. com.risa.app, mCurrentUserId: 0, callingMethodInfo: com.samsung.android.game.SemGameManager.isGamePackage(SemGameManager.java:106)
12-26 19:52:20.458 D/SGM:SemGameManager( 2812): isGamePackage(), pkgName=com.risa.app, ret=false
12-26 19:52:22.382 E/AndroidRuntime(27453): Process: com.risa.app, PID: 27453
12-26 19:52:22.389 W/ActivityManager( 2812): crash : com.risa.app,11281
12-26 19:52:22.390 W/ActivityTaskManager( 2812):   Force finishing activity com.risa.app/.MainActivity
12-26 19:52:22.394 V/WindowManager( 2812): Collecting in transition 5874: Task{60f284f #21306 type=standard I=com.risa.app/.MainActivity}, caller=com.android.server.wm.Transition.collectExistenceChange:40 com.android.server.wm.Transition.collectClose:7 com.android.server.wm.ActivityRecord.finishIfPossible:50 com.android.server.wm.ActivityRecord.finishIfPossible:1 com.android.server.wm.RootWindowContainer$$ExternalSyntheticLambda34.accept:179 
12-26 19:52:22.396 D/WindowManager( 2812): prepareSync <SYNC_STATE_WAITING_FOR_DRAW>, mPrepareSyncSeqId=0, win=Window{8faf12c u0 com.risa.app/com.risa.app.MainActivity}
12-26 19:52:22.397 D/ActivityTaskManager( 2812): scheduleTopResumedActivityChanged, onTop=false, r=ActivityRecord{227152558 u0 com.risa.app/.MainActivity t21306 f}}, caller=com.android.server.wm.ActivityTaskSupervisor.scheduleTopResumedActivityStateLossIfNeeded:19 com.android.server.wm.ActivityTaskSupervisor.updateTopResumedActivityIfNeeded:20 com.android.server.wm.TaskDisplayArea.positionChildAt:252 com.android.server.wm.WindowContainer.positionChildAt:84 com.android.server.wm.Task.positionChildAt:19 com.android.server.wm.Task.moveToFront:40 
12-26 19:52:22.398 V/WindowManagerShell( 4743): Transition requested (#5874): android.os.BinderProxy@cde75d4 TransitionRequestInfo { type = CLOSE, triggerTask = TaskInfo{userId=0 taskId=21306 effectiveUid=11281 displayId=0 isRunning=true baseIntent=Intent { act=android.intent.action.MAIN cat=[android.intent.category.LAUNCHER] flg=0x10200000 cmp=com.risa.app/.MainActivity } baseActivity=ComponentInfo{com.risa.app/com.risa.app.MainActivity} topActivity=ComponentInfo{com.risa.app/com.risa.app.MainActivity} origActivity=null realActivity=ComponentInfo{com.risa.app/com.risa.app.MainActivity} numActivities=1 lastActiveTime=324366185 supportsMultiWindow=true resizeMode=2 isResizeable=true minWidth=-1 minHeight=-1 maxWidth=-1 maxHeight=-1 defaultMinSize=220 desktopDefaultMinSize=304 token=WCT{android.window.IWindowContainerToken$Stub$Proxy@896f37d} topActivityType=1 pictureInPictureParams=null shouldDockBigOverlays=false launchIntoPipHostTaskId=-1 lastParentTaskIdBeforePip=-1 displayCutoutSafeInsets=Rect(0, 0 - 0, 0) topActivityInfo=ActivityInfo{623f272 com.risa.app.MainActivity} launchCookies=[android.os.BinderProxy@eed5f5f] positionInParent=Point(0, 0) parentTaskId=-1 isFocused=true isVisible=true isVisibleRequested=true isTopActivityNoDisplay=false isSleeping=false locusId=null displayAreaFeatureId=1 isTopActivityTransparent=false isActivityStackTransparent=false lastNonFullscreenBounds=Rect(81, 559 - 999, 1729) capturedLink=null capturedLinkTimestamp=0 requestedVisibleTypes=-9 topActivityRequestOpenInBrowserEducationTimestamp=0 appCompatTaskInfo=AppCompatTaskInfo { topActivityInSizeCompat=false eligibleForLetterboxEducation= false isLetterboxEducationEnabled= false isLetterboxDoubleTapEnabled= false eligibleForUserAspectRatioButton= false topActivityBoundsLetterboxed= false isFromLetterboxDoubleTap= false topActivityLetterboxVerticalPosition= -1 topActivityLetterboxHorizontalPosition= -1 topActivityLetterboxWidth=-1 topActivityLetterboxHeight=-1 topActivityAppBounds=Rect(0, 0 - 2340, 1080) isUserFullscreenOverrideEnabled=false isSystemFullscreenOverrideEnabled=false hasMinAspectRatioOverride=false topActivityLetterboxBounds=null cameraCompatTaskInfo=CameraCompatTaskInfo { freeformCameraCompatMode=inactive} topActivityBounds=null topActivityInDisplayCompat=false singleTapFromLetterbox=false} topActivityMainWindowFrame=null originallySupportedMultiWindow=true hasWallpaper=false rootAffinity=null isTopTaskInStage=false CoverLauncherWidgetTask=false LaunchedFromAppsCoverLauncherTask=false LaunchedFromMultistarCoverLauncherTask=false isAllowedSeamlessRotation=false isTopTransparentActivity=true isAliasManaged=false hasConfigChanged=false snappingGuideBounds=null isAiKeyRemoveAppTask=false lastDesktopWindowingBounds=null lastExternalDesktopWindowingBounds=null safeCutoutInsets=null}, pipChange = null, remoteTransition = null, displayChange = null, flags = 16, debugId = 5874 }
12-26 19:52:22.398 V/WindowManager( 2812): Collecting in transition 5874: ActivityRecord{227152558 u0 com.risa.app/.MainActivity t21306 f}}, caller=com.android.server.wm.TransitionController.collect:7 com.android.server.wm.ActivityRecord.setVisibility:132 com.android.server.wm.ActivityRecord.finishIfPossible:87 com.android.server.wm.ActivityRecord.finishIfPossible:1 com.android.server.wm.RootWindowContainer$$ExternalSyntheticLambda34.accept:179 
12-26 19:52:22.402 I/ActivityManager( 2812): Showing crash dialog for package com.risa.app u0
12-26 19:52:22.411 D/WindowManager( 2812): Changing focus from Window{8faf12c u0 com.risa.app/com.risa.app.MainActivity} to null displayId=0 Callers=com.android.server.wm.ActivityTaskManagerService.setLastResumedActivityUncheckLocked:264 com.android.server.wm.ActivityTaskSupervisor.updateTopResumedActivityIfNeeded:51 com.android.server.wm.TaskFragment.setResumedActivity:30 com.android.server.wm.ActivityRecord.setState:100 
12-26 19:52:22.417 D/SGM:FgCheckThread( 2812): notePauseComponent(), received pkgName: com.risa.app, userId: 0
12-26 19:52:22.430 I/SDHMS:PowerAnomaly:Gatherer:AppError( 7550): update AppError : uid=11281, pkg=com.risa.app, errorType=crash
12-26 19:52:22.442 I/SDHMS:PowerAnomaly:Analyzer:AppError( 7550): analyze app error : uid=11281, pkg=com.risa.app, appErrorCount=2
12-26 19:52:22.448 D/WindowManager( 2812): Changing focus from null to Window{88609c9 u0 Application Error: com.risa.app} displayId=0 Callers=com.android.server.wm.WindowManagerService.addWindowInner:565 com.android.server.wm.WindowManagerService.addWindow:1842 com.android.server.wm.Session.addToDisplayAsUser:24 android.view.ViewRootImpl.setView:1974 
