12-26 19:49:39.105 V/WindowManager( 2812):    ChangeInfo{7f94e87 container=ActivityRecord{34383035 u0 com.risa.app/.MainActivity t21305} flags=0x0}
12-26 19:49:39.105 V/WindowManager( 2812):    ChangeInfo{1c881dd container=Task{d354dd8 #21305 type=standard I=com.risa.app/.MainActivity} flags=0x10}
12-26 19:49:39.110 D/WindowManager( 2812): prepareSync <SYNC_STATE_WAITING_FOR_DRAW>, mPrepareSyncSeqId=0, win=Window{8f9b049 u0 Splash Screen com.risa.app}
12-26 19:49:39.110 V/WindowManager( 2812): Override sync-method for 8f9b049 Splash Screen com.risa.app because seamless rotating, caller=com.android.server.wm.DisplayContent.setSeamlessTransitionForFixedRotation:22 com.android.server.wm.DisplayContent.requestChangeTransition:96 com.android.server.wm.DisplayRotation.updateRotationUnchecked:760 com.android.server.wm.DisplayRotation.updateOrientation:79 com.android.server.wm.DisplayContent.continueUpdateOrientationForDiffOrienLaunchingApp:63 
12-26 19:49:39.110 D/ChangeTransitionController( 2812):    ChangeInfo{7f94e87 container=ActivityRecord{34383035 u0 com.risa.app/.MainActivity t21305} flags=0x0}
12-26 19:49:39.110 D/ChangeTransitionController( 2812):    ChangeInfo{1c881dd container=Task{d354dd8 #21305 type=standard I=com.risa.app/.MainActivity} flags=0x10}
12-26 19:49:39.135 V/WindowManager( 2812): Collecting in transition 5868: Task{d354dd8 #21305 type=standard I=com.risa.app/.MainActivity}, caller=com.android.server.wm.TransitionController$$ExternalSyntheticLambda2.accept:34 com.android.server.wm.Task.forAllLeafTasks:6 com.android.server.wm.WindowContainer.forAllLeafTasks:4 com.android.server.wm.DisplayArea.forAllLeafTasks:4 com.android.server.wm.WindowContainer.forAllLeafTasks:4 
12-26 19:49:39.135 V/WindowManager( 2812): Collecting in transition 5868: ActivityRecord{34383035 u0 com.risa.app/.MainActivity t21305}, caller=com.android.server.wm.TransitionController$$ExternalSyntheticLambda2.accept:21 com.android.server.wm.ActivityRecord.forAllActivities:2 com.android.server.wm.WindowContainer.forAllActivities:8 com.android.server.wm.WindowContainer.forAllActivities:6 com.android.server.wm.TransitionController$$ExternalSyntheticLambda2.accept:107 
12-26 19:49:39.148 D/ChangeTransitionController( 2812):    ChangeInfo{19fb8df container=ActivityRecord{34383035 u0 com.risa.app/.MainActivity t21305} flags=0x0}
12-26 19:49:39.148 D/ChangeTransitionController( 2812):    ChangeInfo{eb30ff5 container=Task{d354dd8 #21305 type=standard I=com.risa.app/.MainActivity} flags=0x0}
12-26 19:49:39.148 V/WindowManager( 2812): Start calculating TransitionInfo based on participants: {ActivityRecord{34383035 u0 com.risa.app/.MainActivity t21305}, Task{d354dd8 #21305 type=standard I=com.risa.app/.MainActivity}, Display{#0 state=ON size=2340x1080 ROTATION_90}}
12-26 19:49:39.148 V/WindowManager( 2812):   Final targets: [ChangeInfo{eb30ff5 container=Task{d354dd8 #21305 type=standard I=com.risa.app/.MainActivity} flags=0x0}, ChangeInfo{6cfd92c container=DefaultTaskDisplayArea_d0@90254262 flags=0x10}, ChangeInfo{d98a18a container=Display{#0 state=ON size=2340x1080 ROTATION_90} flags=0x1}]
12-26 19:49:39.150 V/WindowManager( 2812):         {WCT{RemoteToken{92f7fc3 Task{d354dd8 #21305 type=standard I=com.risa.app/.MainActivity}}} m=CHANGE f=NONE p=WCT{RemoteToken{70b963d DefaultTaskDisplayArea_d0@90254262}} leash=Surface(name=Task=21305)/@0x515647d sb=Rect(0, 0 - 1080, 2340) eb=Rect(0, 0 - 2340, 1080) epz=Point(2340, 1080) d=0 r=0->1:-1 taskParent=-1 inset=Rect(84, 84 - 135, 0)},
12-26 19:49:39.152 V/WindowManager( 2812):         {WCT{RemoteToken{92f7fc3 Task{d354dd8 #21305 type=standard I=com.risa.app/.MainActivity}}} m=CHANGE f=NONE p=WCT{RemoteToken{70b963d DefaultTaskDisplayArea_d0@90254262}} leash=Surface(name=Task=21305)/@0x515647d sb=Rect(0, 0 - 1080, 2340) eb=Rect(0, 0 - 2340, 1080) epz=Point(2340, 1080) d=0 r=0->1:-1 taskParent=-1 inset=Rect(84, 84 - 135, 0)},
12-26 19:49:39.167 V/WindowManager( 2812):    ChangeInfo{19fb8df container=ActivityRecord{34383035 u0 com.risa.app/.MainActivity t21305} flags=0x0}
12-26 19:49:39.167 V/WindowManager( 2812):    ChangeInfo{eb30ff5 container=Task{d354dd8 #21305 type=standard I=com.risa.app/.MainActivity} flags=0x0}
12-26 19:49:39.167 D/ChangeTransitionController( 2812):    ChangeInfo{19fb8df container=ActivityRecord{34383035 u0 com.risa.app/.MainActivity t21305} flags=0x0}
12-26 19:49:39.167 D/ChangeTransitionController( 2812):    ChangeInfo{eb30ff5 container=Task{d354dd8 #21305 type=standard I=com.risa.app/.MainActivity} flags=0x0}
12-26 19:49:39.167 D/WindowManager( 2812): rotationForOrientation, orientationSource=ActivityRecord{34383035 u0 com.risa.app/.MainActivity t21305}
12-26 19:49:39.304 I/WindowManager( 2812): notifyInsetsControlChanged, removed=false, win=Window{8f9b049 u0 Splash Screen com.risa.app}, caller=com.android.server.wm.InsetsStateController$$ExternalSyntheticLambda1.run:137 com.android.server.wm.WindowAnimator$$ExternalSyntheticLambda2.onTransactionCommitted:26 android.view.SurfaceControl$Transaction$$ExternalSyntheticLambda4.run:0 android.os.Handler.handleCallback:995 android.os.Handler.dispatchMessage:103 android.os.Looper.loopOnce:273 
12-26 19:49:39.440 D/CoreBackPreview( 2812): Window{fa5a18b u0 com.risa.app/com.risa.app.MainActivity}: Setting back callback OnBackInvokedCallbackInfo{mCallback=android.window.IOnBackInvokedCallback$Stub$Proxy@202f4b9, mPriority=-1, mIsAnimationCallback=false, mOverrideBehavior=0}
12-26 19:49:39.460 D/WindowManager( 2812): makeSurface duration=0 name=com.risa.app/com.risa.app.MainActivity$_26577
12-26 19:49:39.461 D/WindowManager( 2812): Changing focus from null to Window{fa5a18b u0 com.risa.app/com.risa.app.MainActivity} displayId=0 Callers=com.android.server.wm.WindowManagerService.relayoutWindow:1350 com.android.server.wm.Session.relayout:27 android.view.IWindowSession$Stub.onTransact:829 com.android.server.wm.Session.onTransact:1 
12-26 19:49:39.462 D/InsetsSourceProvider( 2812): updateControlForTarget: control=InsetsSourceControl: {4c0000 mType=statusBars initiallyVisible mSurfacePosition=Point(0, 0) mInsetsHint=Insets{left=0, top=84, right=0, bottom=0}}, target=Window{fa5a18b u0 com.risa.app/com.risa.app.MainActivity}, from=com.android.server.wm.InsetsStateController.onControlTargetChanged:83 com.android.server.wm.InsetsPolicy.updateBarControlTarget:212 com.android.server.wm.DisplayPolicy.updateSystemBarAttributes:262 com.android.server.wm.WindowManagerService.updateFocusedWindowLocked:372 com.android.server.wm.WindowManagerService.relayoutWindow:1350 
12-26 19:49:39.462 D/InsetsSourceProvider( 2812): updateControlForTarget: control=InsetsSourceControl: {e4a90001 mType=navigationBars initiallyVisible mSurfacePosition=Point(2205, 0) mInsetsHint=Insets{left=0, top=0, right=135, bottom=0}}, target=Window{fa5a18b u0 com.risa.app/com.risa.app.MainActivity}, from=com.android.server.wm.InsetsStateController.onControlTargetChanged:83 com.android.server.wm.InsetsPolicy.updateBarControlTarget:225 com.android.server.wm.DisplayPolicy.updateSystemBarAttributes:262 com.android.server.wm.WindowManagerService.updateFocusedWindowLocked:372 com.android.server.wm.WindowManagerService.relayoutWindow:1350 
12-26 19:49:39.463 V/SystemKeyManager( 2812): updateFocusedWindow() is called, com.risa.app/com.risa.app.MainActivity
12-26 19:49:39.488 D/WindowManager( 2812): rotationForOrientation, orientationSource=ActivityRecord{34383035 u0 com.risa.app/.MainActivity t21305}
12-26 19:49:39.490 I/WindowManager( 2812): notifyInsetsControlChanged, removed=false, win=Window{8f9b049 u0 Splash Screen com.risa.app}, caller=com.android.server.wm.InsetsStateController$$ExternalSyntheticLambda1.run:137 com.android.server.wm.WindowAnimator$$ExternalSyntheticLambda2.onTransactionCommitted:26 android.view.SurfaceControl$Transaction$$ExternalSyntheticLambda4.run:0 android.os.Handler.handleCallback:995 android.os.Handler.dispatchMessage:103 android.os.Looper.loopOnce:273 
12-26 19:49:39.537 D/WindowManager( 2812): finishDrawingWindow: Window{fa5a18b u0 com.risa.app/com.risa.app.MainActivity} mDrawState=DRAW_PENDING seqId=0
12-26 19:49:39.553 V/WindowManager( 2812): Finish starting ActivityRecord{34383035 u0 com.risa.app/.MainActivity t21305}: first real window is shown, no animation
12-26 19:49:39.554 V/WindowManager( 2812): Schedule remove starting ActivityRecord{34383035 u0 com.risa.app/.MainActivity t21305} startingWindow=Window{8f9b049 u0 Splash Screen com.risa.app} animate=true Callers=com.android.server.wm.ActivityRecord.removeStartingWindow:178 com.android.server.wm.WindowState.performShowLocked:155 com.android.server.wm.WindowStateAnimator.commitFinishDrawingLocked:73 com.android.server.wm.DisplayContent$$ExternalSyntheticLambda1.accept$com$android$server$wm$DisplayContent$$ExternalSyntheticLambda37:23 com.android.server.wm.DisplayContent$$ExternalSyntheticLambda1.accept:143 
12-26 19:49:39.555 D/TaskOrganizerController( 2812): applyStartingWindowAnimation, window=Window{fa5a18b u0 com.risa.app/com.risa.app.MainActivity}, caller=com.android.server.wm.TaskOrganizerController.removeStartingWindow:132 com.android.server.wm.StartingSurfaceController$StartingSurface.remove:23 com.android.server.wm.ActivityRecord.removeStartingWindowAnimation:171 
12-26 19:49:39.555 I/WindowManager( 2812): Reparenting to leash, surface=Surface(name=fa5a18b com.risa.app/com.risa.app.MainActivity)/@0x981f1d6, leashParent=Surface(name=ActivityRecord{34383035 u0 com.risa.app/.MainActivity t21305})/@0x5875c57
12-26 19:49:39.556 D/WindowManager( 2812): makeSurface duration=1 leash=Surface(name=Surface(name=fa5a18b com.risa.app/com.risa.app.MainActivity)/@0x981f1d6 - animation-leash of starting_reveal)/@0xb0f0344
12-26 19:49:39.557 V/WindowManager( 2812): performShowLocked: mDrawState=HAS_DRAWN in Window{fa5a18b u0 com.risa.app/com.risa.app.MainActivity}
12-26 19:49:39.560 I/Pageboost( 2812): Launch time gathered : pid 26577 com.risa.app 786
12-26 19:49:39.588 D/SGM:FgCheckThread( 2812): getForegroundApp(), foregroundPkgName=com.risa.app
12-26 19:49:39.589 D/SGM:FgCheckThread( 2812): noteStopComponent(), received pkgName: com.sec.android.app.myfiles, focusedPkgName: com.risa.app, userId: 0
12-26 19:49:39.598 D/SGM:GameManager( 2812): identifyForegroundApp. com.risa.app, mCurrentUserId: 0, callerUserId: 0
12-26 19:49:39.598 D/SGM:GameManager( 2812): identifyForegroundApp. com.risa.app, mCurrentUserId: 0, callerUserId: 0
12-26 19:49:39.603 D/SGM:FgCheckThread( 2812): getForegroundApp(), foregroundPkgName=com.risa.app
12-26 19:49:39.604 D/SGM:FgCheckThread( 2812): noteStopComponent(), received pkgName: com.google.android.packageinstaller, focusedPkgName: com.risa.app, userId: 0
12-26 19:49:39.634 D/WindowManager( 2812): Starting window removed Window{8f9b049 u0 Splash Screen com.risa.app}
12-26 19:49:39.634 I/WindowManager( 2812): Cancelling animation restarting=false, leash=Surface(name=Surface(name=fa5a18b com.risa.app/com.risa.app.MainActivity)/@0x981f1d6 - animation-leash of starting_reveal)/@0xb0f0344
12-26 19:49:39.634 I/WindowManager( 2812): Reparenting to original parent: Surface(name=ActivityRecord{34383035 u0 com.risa.app/.MainActivity t21305})/@0x5875c57, destroy=false, surface=Surface(name=fa5a18b com.risa.app/com.risa.app.MainActivity)/@0x981f1d6
12-26 19:49:39.634 V/WindowManager( 2812): Remove Window{8f9b049 u0 Splash Screen com.risa.app}: mSurfaceControl=Surface(name=Splash Screen com.risa.app$_4743)/@0x5d6650d mAnimatingExit=false mRemoveOnExit=false mHasSurface=true surfaceShowing=true animating=false app-animation=false callers=com.android.server.wm.Session.remove:16 android.view.IWindowSession$Stub.onTransact:804 com.android.server.wm.Session.onTransact:1 android.os.Binder.execTransactInternal:1462 android.os.Binder.execTransact:1401 <bottom of call stack> 
12-26 19:49:39.642 D/InsetsSourceProvider( 2812): updateControlForTarget: control=InsetsSourceControl: {3 mType=ime mSurfacePosition=Point(0, 84) mInsetsHint=Insets{left=0, top=0, right=0, bottom=1008}}, target=Window{fa5a18b u0 com.risa.app/com.risa.app.MainActivity}, from=com.android.server.wm.ImeInsetsSourceProvider.updateControlForTarget:17 com.android.server.wm.InsetsStateController.onControlTargetChanged:83 com.android.server.wm.DisplayContent.updateImeControlTarget:21 com.android.server.wm.DisplayContent.updateImeInputAndControlTarget:156 com.android.server.wm.WindowManagerService$LocalService.updateInputMethodTargetWindow:64 
12-26 19:49:39.648 D/SGM:FgCheckThread( 2812): getForegroundApp(), foregroundPkgName=com.risa.app
12-26 19:49:39.648 D/SGM:FgCheckThread( 2812): noteStopComponent(), received pkgName: com.google.android.packageinstaller, focusedPkgName: com.risa.app, userId: 0
12-26 19:49:39.649 D/SGM:GameManager( 2812): identifyForegroundApp. com.risa.app, mCurrentUserId: 0, callerUserId: 0
12-26 19:49:39.650 D/SGM:GameManager( 2812): identifyForegroundApp. com.risa.app, mCurrentUserId: 0, callerUserId: 0
12-26 19:49:39.682 D/CoreBackPreview( 2812): Window{fa5a18b u0 com.risa.app/com.risa.app.MainActivity}: Setting back callback OnBackInvokedCallbackInfo{mCallback=android.window.IOnBackInvokedCallback$Stub$Proxy@f6db727, mPriority=0, mIsAnimationCallback=true, mOverrideBehavior=0}
12-26 19:49:39.683 D/CoreBackPreview( 2812): Window{fa5a18b u0 com.risa.app/com.risa.app.MainActivity}: Setting back callback OnBackInvokedCallbackInfo{mCallback=android.window.IOnBackInvokedCallback$Stub$Proxy@eaf0dd4, mPriority=-1, mIsAnimationCallback=false, mOverrideBehavior=0}
12-26 19:49:39.779 D/MdnieScenarioControlService( 2812):  packageName : com.risa.app    className : com.risa.app.MainActivity
12-26 19:49:40.142 D/SGM:GameManager( 2812): identifyForegroundApp. com.risa.app, mCurrentUserId: 0, callerUserId: 0
12-26 19:49:40.713 D/SGM:GameManager( 2812): identifyGamePackage. com.risa.app, mCurrentUserId: 0, callingMethodInfo: com.samsung.android.game.SemGameManager.isGamePackage(SemGameManager.java:106)
12-26 19:49:40.713 D/SGM:SemGameManager( 2812): isGamePackage(), pkgName=com.risa.app, ret=false
12-26 19:49:42.068 D/CoreBackPreview( 2812): Window{fa5a18b u0 com.risa.app/com.risa.app.MainActivity}: Setting back callback OnBackInvokedCallbackInfo{mCallback=android.window.IOnBackInvokedCallback$Stub$Proxy@161b4b8, mPriority=0, mIsAnimationCallback=true, mOverrideBehavior=0}
12-26 19:49:42.069 D/CoreBackPreview( 2812): Window{fa5a18b u0 com.risa.app/com.risa.app.MainActivity}: Setting back callback OnBackInvokedCallbackInfo{mCallback=android.window.IOnBackInvokedCallback$Stub$Proxy@9fa3291, mPriority=-1, mIsAnimationCallback=false, mOverrideBehavior=0}
12-26 19:49:42.069 D/CoreBackPreview( 2812): Window{fa5a18b u0 com.risa.app/com.risa.app.MainActivity}: Setting back callback OnBackInvokedCallbackInfo{mCallback=android.window.IOnBackInvokedCallback$Stub$Proxy@815e5f6, mPriority=0, mIsAnimationCallback=true, mOverrideBehavior=0}
12-26 19:49:42.309 D/CoreBackPreview( 2812): Window{fa5a18b u0 com.risa.app/com.risa.app.MainActivity}: Setting back callback OnBackInvokedCallbackInfo{mCallback=android.window.IOnBackInvokedCallback$Stub$Proxy@c7e66cd, mPriority=-1, mIsAnimationCallback=false, mOverrideBehavior=0}
12-26 19:49:43.520 D/io_stats( 1176): !@ Read_top(KB): ung.android.scs(25070) 7748 com.risa.app(26577) 3588 android.vending(22204) 1888
12-26 19:49:43.521 D/io_stats( 1176): !@ Write_top(KB): kworker/u16:7(14948) 6796 com.risa.app(26577) 936 .android.chrome(13710) 744
12-26 19:49:43.730 D/SGM:GameManager( 2812): identifyGamePackage. com.risa.app, mCurrentUserId: 0, callingMethodInfo: com.samsung.android.game.SemGameManager.isGamePackage(SemGameManager.java:106)
12-26 19:49:43.730 D/SGM:SemGameManager( 2812): isGamePackage(), pkgName=com.risa.app, ret=false
12-26 19:49:44.281 I/Pageboost( 2812): db update :com.risa.app ret 1
12-26 19:49:44.322 I/Pageboost( 2812): memUsage collected : 178794 60652 21768 for com.risa.app 26577
12-26 19:49:44.998 D/WindowManager( 2812): updateSystemBarAttributes: displayId=0, focusedCanBeNavColorWin=false, win=Window{fa5a18b u0 com.risa.app/com.risa.app.MainActivity}, navColorWin=Window{fa5a18b u0 com.risa.app/com.risa.app.MainActivity}, caller=com.android.server.wm.InsetsStateController.onRequestedVisibleTypesChanged:86 com.android.server.wm.InsetsPolicy.onRequestedVisibleTypesChanged:3 com.android.server.wm.Session.updateRequestedVisibleTypes:37 
12-26 19:49:45.014 D/ContentCapturePerUserService( 2812): Notified activity assist data for activity: Token{a7a2531 ActivityRecord{34383035 u0 com.risa.app/.MainActivity t21305}} without a session Id
12-26 19:49:45.130 D/CoreBackPreview( 2812): Window{fa5a18b u0 com.risa.app/com.risa.app.MainActivity}: Setting back callback OnBackInvokedCallbackInfo{mCallback=android.window.IOnBackInvokedCallback$Stub$Proxy@9998a53, mPriority=0, mIsAnimationCallback=true, mOverrideBehavior=0}
12-26 19:49:45.189 D/InsetsSourceProvider( 2812): updateVisibility: serverVisible=true, clientVisible=true, source=InsetsSource: {3 mType=ime mFrame=[84,494][2205,1080] mVisible=true mFlags= mSideHint=BOTTOM mBoundingRects=null}, controlTarget=Window{fa5a18b u0 com.risa.app/com.risa.app.MainActivity}, from=com.android.server.wm.ImeInsetsSourceProvider.updateVisibility:7 com.android.server.wm.InsetsSourceProvider.setServerVisible:6 com.android.server.wm.ImeInsetsSourceProvider.setServerVisible:75 com.android.server.wm.InsetsSourceProvider.onPostLayout:30 com.android.server.wm.ImeInsetsSourceProvider.onPostLayout:3 com.android.server.wm.InsetsStateController.onPostLayout:26 com.android.server.wm.RootWindowContainer.applySurfaceChangesTransaction$1:203 com.android.server.wm.RootWindowContainer.performSurfacePlacementNoTrace:59 com.android.server.wm.WindowSurfacePlacer.performSurfacePlacement:166 com.android.server.wm.WindowSurfacePlacer$Traverser.run:14 
12-26 19:49:46.755 D/SGM:GameManager( 2812): identifyGamePackage. com.risa.app, mCurrentUserId: 0, callingMethodInfo: com.samsung.android.game.SemGameManager.isGamePackage(SemGameManager.java:106)
12-26 19:49:46.755 D/SGM:SemGameManager( 2812): isGamePackage(), pkgName=com.risa.app, ret=false
12-26 19:49:49.778 D/SGM:GameManager( 2812): identifyGamePackage. com.risa.app, mCurrentUserId: 0, callingMethodInfo: com.samsung.android.game.SemGameManager.isGamePackage(SemGameManager.java:106)
12-26 19:49:49.778 D/SGM:SemGameManager( 2812): isGamePackage(), pkgName=com.risa.app, ret=false
12-26 19:49:51.306 D/ContentCapturePerUserService( 2812): Notified activity assist data for activity: Token{a7a2531 ActivityRecord{34383035 u0 com.risa.app/.MainActivity t21305}} without a session Id
12-26 19:49:52.793 D/SGM:GameManager( 2812): identifyGamePackage. com.risa.app, mCurrentUserId: 0, callingMethodInfo: com.samsung.android.game.SemGameManager.isGamePackage(SemGameManager.java:106)
12-26 19:49:52.794 D/SGM:SemGameManager( 2812): isGamePackage(), pkgName=com.risa.app, ret=false
12-26 19:49:53.078 D/ContentCapturePerUserService( 2812): Notified activity assist data for activity: Token{a7a2531 ActivityRecord{34383035 u0 com.risa.app/.MainActivity t21305}} without a session Id
12-26 19:49:55.136 D/CoreBackPreview( 2812): startBackNavigation currentTask=Task{d354dd8 #21305 type=standard I=com.risa.app/.MainActivity}, topRunningActivity=ActivityRecord{34383035 u0 com.risa.app/.MainActivity t21305}, callbackInfo=OnBackInvokedCallbackInfo{mCallback=android.window.IOnBackInvokedCallback$Stub$Proxy@9998a53, mPriority=0, mIsAnimationCallback=true, mOverrideBehavior=0}, currentFocus=Window{fa5a18b u0 com.risa.app/com.risa.app.MainActivity}
12-26 19:49:55.215 D/CoreBackPreview( 2812): Window{fa5a18b u0 com.risa.app/com.risa.app.MainActivity}: Setting back callback OnBackInvokedCallbackInfo{mCallback=android.window.IOnBackInvokedCallback$Stub$Proxy@e0d0c7e, mPriority=-1, mIsAnimationCallback=false, mOverrideBehavior=0}
12-26 19:49:55.374 D/InsetsSourceProvider( 2812): updateVisibility: serverVisible=true, clientVisible=false, source=InsetsSource: {3 mType=ime mFrame=[84,494][2205,1080] mVisible=false mFlags= mSideHint=BOTTOM mBoundingRects=null}, controlTarget=Window{fa5a18b u0 com.risa.app/com.risa.app.MainActivity}, from=com.android.server.wm.ImeInsetsSourceProvider.updateVisibility:7 com.android.server.wm.InsetsSourceProvider.setClientVisible:8 com.android.server.wm.ImeInsetsSourceProvider.setClientVisible:17 com.android.server.wm.InsetsSourceProvider.updateClientVisibility:20 com.android.server.wm.ImeInsetsSourceProvider.updateClientVisibility:142 com.android.server.wm.InsetsStateController.onRequestedVisibleTypesChanged:44 com.android.server.wm.InsetsPolicy.onRequestedVisibleTypesChanged:3 com.android.server.wm.Session.updateRequestedVisibleTypes:37 android.view.IWindowSession$Stub.onTransact:1188 com.android.server.wm.Session.onTransact:1 
12-26 19:49:55.380 D/InsetsSourceProvider( 2812): updateControlForTarget: control=InsetsSourceControl: {e4a90001 mType=navigationBars initiallyVisible mSurfacePosition=Point(2205, 0) mInsetsHint=Insets{left=0, top=0, right=135, bottom=0}}, target=Window{fa5a18b u0 com.risa.app/com.risa.app.MainActivity}, from=com.android.server.wm.InsetsStateController.onControlTargetChanged:83 com.android.server.wm.InsetsPolicy.updateBarControlTarget:225 com.android.server.wm.DisplayPolicy.updateSystemBarAttributes:262 com.android.server.wm.InsetsStateController.onRequestedVisibleTypesChanged:86 com.android.server.wm.InsetsPolicy.onRequestedVisibleTypesChanged:3 
12-26 19:49:55.380 D/WindowManager( 2812): updateSystemBarAttributes: displayId=0, focusedCanBeNavColorWin=false, win=Window{fa5a18b u0 com.risa.app/com.risa.app.MainActivity}, navColorWin=Window{fa5a18b u0 com.risa.app/com.risa.app.MainActivity}, caller=com.android.server.wm.InsetsStateController.onRequestedVisibleTypesChanged:86 com.android.server.wm.InsetsPolicy.onRequestedVisibleTypesChanged:3 com.android.server.wm.Session.updateRequestedVisibleTypes:37 
12-26 19:49:55.798 D/InsetsSourceProvider( 2812): updateControlForTarget: control=InsetsSourceControl: {3 mType=ime mSurfacePosition=Point(84, 84) mInsetsHint=Insets{left=0, top=0, right=0, bottom=586}}, target=Window{fa5a18b u0 com.risa.app/com.risa.app.MainActivity}, from=com.android.server.wm.ImeInsetsSourceProvider.updateControlForTarget:17 com.android.server.wm.ImeInsetsSourceProvider.setServerVisible:68 com.android.server.wm.InsetsSourceProvider.onPostLayout:30 com.android.server.wm.ImeInsetsSourceProvider.onPostLayout:3 com.android.server.wm.InsetsStateController.onPostLayout:26 
12-26 19:49:55.803 D/SGM:GameManager( 2812): identifyGamePackage. com.risa.app, mCurrentUserId: 0, callingMethodInfo: com.samsung.android.game.SemGameManager.isGamePackage(SemGameManager.java:106)
12-26 19:49:55.803 D/SGM:SemGameManager( 2812): isGamePackage(), pkgName=com.risa.app, ret=false
12-26 19:49:55.926 D/SGM:GameManager( 2812): identifyForegroundApp. com.risa.app, mCurrentUserId: 0, callerUserId: 0
12-26 19:49:58.821 D/SGM:GameManager( 2812): identifyGamePackage. com.risa.app, mCurrentUserId: 0, callingMethodInfo: com.samsung.android.game.SemGameManager.isGamePackage(SemGameManager.java:106)
12-26 19:49:58.821 D/SGM:SemGameManager( 2812): isGamePackage(), pkgName=com.risa.app, ret=false
12-26 19:49:59.529 D/io_stats( 1176): !@ Write_top(KB): kworker/u16:5(27430) 41840 kworker/u16:8(14949) 6120 com.risa.app(26577) 316
12-26 19:50:01.826 D/SGM:GameManager( 2812): identifyGamePackage. com.risa.app, mCurrentUserId: 0, callingMethodInfo: com.samsung.android.game.SemGameManager.isGamePackage(SemGameManager.java:106)
12-26 19:50:01.826 D/SGM:SemGameManager( 2812): isGamePackage(), pkgName=com.risa.app, ret=false
12-26 19:50:03.532 D/io_stats( 1176): !@ Write_top(KB): com.risa.app(26577) 6384 .android.chrome(13710) 744 system_server(2812) 384
12-26 19:50:04.856 D/SGM:GameManager( 2812): identifyGamePackage. com.risa.app, mCurrentUserId: 0, callingMethodInfo: com.samsung.android.game.SemGameManager.isGamePackage(SemGameManager.java:106)
12-26 19:50:04.856 D/SGM:SemGameManager( 2812): isGamePackage(), pkgName=com.risa.app, ret=false
12-26 19:50:07.534 D/io_stats( 1176): !@ Write_top(KB): kworker/u16:7(14948) 24024 com.risa.app(26577) 10180 rdash.driverapp(4350) 24
12-26 19:50:07.859 D/SGM:GameManager( 2812): identifyGamePackage. com.risa.app, mCurrentUserId: 0, callingMethodInfo: com.samsung.android.game.SemGameManager.isGamePackage(SemGameManager.java:106)
12-26 19:50:07.859 D/SGM:SemGameManager( 2812): isGamePackage(), pkgName=com.risa.app, ret=false
12-26 19:50:10.864 D/SGM:GameManager( 2812): identifyGamePackage. com.risa.app, mCurrentUserId: 0, callingMethodInfo: com.samsung.android.game.SemGameManager.isGamePackage(SemGameManager.java:106)
12-26 19:50:10.864 D/SGM:SemGameManager( 2812): isGamePackage(), pkgName=com.risa.app, ret=false
12-26 19:50:11.537 D/io_stats( 1176): !@ Write_top(KB): com.risa.app(26577) 5996 kworker/u16:6(11314) 2688 system_server(2812) 48
12-26 19:50:13.873 D/SGM:GameManager( 2812): identifyGamePackage. com.risa.app, mCurrentUserId: 0, callingMethodInfo: com.samsung.android.game.SemGameManager.isGamePackage(SemGameManager.java:106)
12-26 19:50:13.873 D/SGM:SemGameManager( 2812): isGamePackage(), pkgName=com.risa.app, ret=false
12-26 19:50:15.539 D/io_stats( 1176): !@ Write_top(KB): kworker/u16:8(14949) 41120 kworker/u16:5(27430) 32088 com.risa.app(26577) 11988
12-26 19:50:16.875 D/SGM:GameManager( 2812): identifyGamePackage. com.risa.app, mCurrentUserId: 0, callingMethodInfo: com.samsung.android.game.SemGameManager.isGamePackage(SemGameManager.java:106)
12-26 19:50:16.875 D/SGM:SemGameManager( 2812): isGamePackage(), pkgName=com.risa.app, ret=false
12-26 19:50:19.541 D/io_stats( 1176): !@ Write_top(KB): com.risa.app(26577) 11988 kworker/u16:8(14949) 9344 f2fs_ckpt-254:6(1290) 724
12-26 19:50:19.888 D/SGM:GameManager( 2812): identifyGamePackage. com.risa.app, mCurrentUserId: 0, callingMethodInfo: com.samsung.android.game.SemGameManager.isGamePackage(SemGameManager.java:106)
12-26 19:50:19.888 D/SGM:SemGameManager( 2812): isGamePackage(), pkgName=com.risa.app, ret=false
12-26 19:50:22.912 D/SGM:GameManager( 2812): identifyGamePackage. com.risa.app, mCurrentUserId: 0, callingMethodInfo: com.samsung.android.game.SemGameManager.isGamePackage(SemGameManager.java:106)
12-26 19:50:22.912 D/SGM:SemGameManager( 2812): isGamePackage(), pkgName=com.risa.app, ret=false
12-26 19:50:23.543 D/io_stats( 1176): !@ Write_top(KB): com.risa.app(26577) 7072 kworker/u16:7(14948) 1312 system_server(2812) 432
12-26 19:50:25.918 D/SGM:GameManager( 2812): identifyGamePackage. com.risa.app, mCurrentUserId: 0, callingMethodInfo: com.samsung.android.game.SemGameManager.isGamePackage(SemGameManager.java:106)
12-26 19:50:25.918 D/SGM:SemGameManager( 2812): isGamePackage(), pkgName=com.risa.app, ret=false
12-26 19:50:27.545 D/io_stats( 1176): !@ Read_top(KB): com.risa.app(26577) 29884 d.process.acore(12114) 1144 rkstack.process(4948) 348
12-26 19:50:27.545 D/io_stats( 1176): !@ Write_top(KB): com.risa.app(26577) 21692 kworker/u16:5(27430) 1660 kworker/u16:8(14949) 12
12-26 19:50:28.928 D/SGM:GameManager( 2812): identifyGamePackage. com.risa.app, mCurrentUserId: 0, callingMethodInfo: com.samsung.android.game.SemGameManager.isGamePackage(SemGameManager.java:106)
12-26 19:50:28.928 D/SGM:SemGameManager( 2812): isGamePackage(), pkgName=com.risa.app, ret=false
12-26 19:50:31.546 D/io_stats( 1176): !@ Write_top(KB): com.risa.app(26577) 30840 oiceservice:asr(4720) 704 f2fs_ckpt-254:6(1290) 236
12-26 19:50:31.950 D/SGM:GameManager( 2812): identifyGamePackage. com.risa.app, mCurrentUserId: 0, callingMethodInfo: com.samsung.android.game.SemGameManager.isGamePackage(SemGameManager.java:106)
12-26 19:50:31.951 D/SGM:SemGameManager( 2812): isGamePackage(), pkgName=com.risa.app, ret=false
12-26 19:50:34.953 D/SGM:GameManager( 2812): identifyGamePackage. com.risa.app, mCurrentUserId: 0, callingMethodInfo: com.samsung.android.game.SemGameManager.isGamePackage(SemGameManager.java:106)
12-26 19:50:34.953 D/SGM:SemGameManager( 2812): isGamePackage(), pkgName=com.risa.app, ret=false
12-26 19:50:37.965 D/SGM:GameManager( 2812): identifyGamePackage. com.risa.app, mCurrentUserId: 0, callingMethodInfo: com.samsung.android.game.SemGameManager.isGamePackage(SemGameManager.java:106)
12-26 19:50:37.965 D/SGM:SemGameManager( 2812): isGamePackage(), pkgName=com.risa.app, ret=false
12-26 19:50:40.975 D/SGM:GameManager( 2812): identifyGamePackage. com.risa.app, mCurrentUserId: 0, callingMethodInfo: com.samsung.android.game.SemGameManager.isGamePackage(SemGameManager.java:106)
12-26 19:50:40.975 D/SGM:SemGameManager( 2812): isGamePackage(), pkgName=com.risa.app, ret=false
12-26 19:50:43.364 E/AndroidRuntime(26577): Process: com.risa.app, PID: 26577
12-26 19:50:43.380 W/ActivityManager( 2812): crash : com.risa.app,11281
12-26 19:50:43.382 W/ActivityTaskManager( 2812):   Force finishing activity com.risa.app/.MainActivity
12-26 19:50:43.386 V/WindowManager( 2812): Collecting in transition 5869: Task{d354dd8 #21305 type=standard I=com.risa.app/.MainActivity}, caller=com.android.server.wm.Transition.collectExistenceChange:40 com.android.server.wm.Transition.collectClose:7 com.android.server.wm.ActivityRecord.finishIfPossible:50 com.android.server.wm.ActivityRecord.finishIfPossible:1 com.android.server.wm.RootWindowContainer$$ExternalSyntheticLambda34.accept:179 
12-26 19:50:43.386 D/WindowManager( 2812): prepareSync <SYNC_STATE_WAITING_FOR_DRAW>, mPrepareSyncSeqId=0, win=Window{fa5a18b u0 com.risa.app/com.risa.app.MainActivity}
12-26 19:50:43.386 V/WindowManagerShell( 4743): Transition requested (#5869): android.os.BinderProxy@7e4eaee TransitionRequestInfo { type = CLOSE, triggerTask = TaskInfo{userId=0 taskId=21305 effectiveUid=11281 displayId=0 isRunning=true baseIntent=Intent { act=android.intent.action.MAIN cat=[android.intent.category.LAUNCHER] flg=0x34000000 pkg=com.risa.app cmp=com.risa.app/.MainActivity } baseActivity=ComponentInfo{com.risa.app/com.risa.app.MainActivity} topActivity=ComponentInfo{com.risa.app/com.risa.app.MainActivity} origActivity=null realActivity=ComponentInfo{com.risa.app/com.risa.app.MainActivity} numActivities=1 lastActiveTime=324297283 supportsMultiWindow=true resizeMode=2 isResizeable=true minWidth=-1 minHeight=-1 maxWidth=-1 maxHeight=-1 defaultMinSize=220 desktopDefaultMinSize=304 token=WCT{android.window.IWindowContainerToken$Stub$Proxy@e20bb8f} topActivityType=1 pictureInPictureParams=null shouldDockBigOverlays=false launchIntoPipHostTaskId=-1 lastParentTaskIdBeforePip=-1 displayCutoutSafeInsets=Rect(0, 0 - 0, 0) topActivityInfo=ActivityInfo{caf9e1c com.risa.app.MainActivity} launchCookies=[] positionInParent=Point(0, 0) parentTaskId=-1 isFocused=true isVisible=true isVisibleRequested=true isTopActivityNoDisplay=false isSleeping=false locusId=null displayAreaFeatureId=1 isTopActivityTransparent=false isActivityStackTransparent=false lastNonFullscreenBounds=Rect(81, 559 - 999, 1729) capturedLink=null capturedLinkTimestamp=0 requestedVisibleTypes=-9 topActivityRequestOpenInBrowserEducationTimestamp=0 appCompatTaskInfo=AppCompatTaskInfo { topActivityInSizeCompat=false eligibleForLetterboxEducation= false isLetterboxEducationEnabled= false isLetterboxDoubleTapEnabled= false eligibleForUserAspectRatioButton= false topActivityBoundsLetterboxed= false isFromLetterboxDoubleTap= false topActivityLetterboxVerticalPosition= -1 topActivityLetterboxHorizontalPosition= -1 topActivityLetterboxWidth=-1 topActivityLetterboxHeight=-1 topActivityAppBounds=Rect(0, 0 - 2340, 1080) isUserFullscreenOverrideEnabled=false isSystemFullscreenOverrideEnabled=false hasMinAspectRatioOverride=false topActivityLetterboxBounds=null cameraCompatTaskInfo=CameraCompatTaskInfo { freeformCameraCompatMode=inactive} topActivityBounds=null topActivityInDisplayCompat=false singleTapFromLetterbox=false} topActivityMainWindowFrame=null originallySupportedMultiWindow=true hasWallpaper=false rootAffinity=null isTopTaskInStage=false CoverLauncherWidgetTask=false LaunchedFromAppsCoverLauncherTask=false LaunchedFromMultistarCoverLauncherTask=false isAllowedSeamlessRotation=false isTopTransparentActivity=true isAliasManaged=false hasConfigChanged=false snappingGuideBounds=null isAiKeyRemoveAppTask=false lastDesktopWindowingBounds=null lastExternalDesktopWindowingBounds=null safeCutoutInsets=null}, pipChange = null, remoteTransition = null, displayChange = null, flags = 16, debugId = 5869 }
12-26 19:50:43.387 D/ActivityTaskManager( 2812): scheduleTopResumedActivityChanged, onTop=false, r=ActivityRecord{34383035 u0 com.risa.app/.MainActivity t21305 f}}, caller=com.android.server.wm.ActivityTaskSupervisor.scheduleTopResumedActivityStateLossIfNeeded:19 com.android.server.wm.ActivityTaskSupervisor.updateTopResumedActivityIfNeeded:20 com.android.server.wm.TaskDisplayArea.positionChildAt:252 com.android.server.wm.Task.moveToFront:40 com.android.server.wm.Task.adjustFocusToNextFocusableTask:133 com.android.server.wm.ActivityRecord.finishIfPossible:71 
12-26 19:50:43.393 V/WindowManager( 2812): Collecting in transition 5869: ActivityRecord{34383035 u0 com.risa.app/.MainActivity t21305 f}}, caller=com.android.server.wm.TransitionController.collect:7 com.android.server.wm.ActivityRecord.setVisibility:132 com.android.server.wm.ActivityRecord.finishIfPossible:87 com.android.server.wm.ActivityRecord.finishIfPossible:1 com.android.server.wm.RootWindowContainer$$ExternalSyntheticLambda34.accept:179 
12-26 19:50:43.427 D/WindowManager( 2812): Changing focus from Window{fa5a18b u0 com.risa.app/com.risa.app.MainActivity} to null displayId=0 Callers=com.android.server.wm.WindowState.removeIfPossible:647 com.android.server.wm.Session.remove:16 android.view.IWindowSession$Stub.onTransact:804 com.android.server.wm.Session.onTransact:1 
12-26 19:50:43.430 D/SGM:GameManager( 2812): identifyForegroundApp. com.risa.app, mCurrentUserId: 0, callerUserId: 0
12-26 19:50:43.431 D/SGM:GameManager( 2812): identifyForegroundApp. com.risa.app, mCurrentUserId: 0, callerUserId: 0
12-26 19:50:43.448 D/SGM:GameManager( 2812): identifyForegroundApp. com.risa.app, mCurrentUserId: 0, callerUserId: 0
12-26 19:50:43.487 I/SDHMS:PowerAnomaly:Gatherer:AppError( 7550): update AppError : uid=11281, pkg=com.risa.app, errorType=crash
12-26 19:50:43.506 I/SDHMS:PowerAnomaly:Analyzer:AppError( 7550): analyze app error : uid=11281, pkg=com.risa.app, appErrorCount=1
12-26 19:50:43.510 D/SGM:FgCheckThread( 2812): getForegroundApp(), foregroundPkgName=com.risa.app
12-26 19:50:43.511 D/SGM:FgCheckThread( 2812): noteStopComponent(), received pkgName: com.google.android.packageinstaller, focusedPkgName: com.risa.app, userId: 0
12-26 19:50:43.570 D/WindowManager( 2812): updateSystemBarAttributes: displayId=0, focusedCanBeNavColorWin=false, win=Window{7fa7470 u0 com.sec.android.app.myfiles/com.sec.android.app.myfiles.ui.MainActivity}, navColorWin=Window{fa5a18b u0 com.risa.app/com.risa.app.MainActivity}, caller=com.android.server.wm.WindowManagerService.updateFocusedWindowLocked:372 com.android.server.wm.WindowManagerService.relayoutWindow:1350 com.android.server.wm.Session.relayout:27 
12-26 19:50:43.715 D/WindowManager( 2812): updateSystemBarAttributes: displayId=0, focusedCanBeNavColorWin=false, win=Window{7fa7470 u0 com.sec.android.app.myfiles/com.sec.android.app.myfiles.ui.MainActivity}, navColorWin=Window{fa5a18b u0 com.risa.app/com.risa.app.MainActivity}, caller=com.android.server.wm.InsetsStateController.onRequestedVisibleTypesChanged:86 com.android.server.wm.InsetsPolicy.onRequestedVisibleTypesChanged:3 com.android.server.wm.Session.updateRequestedVisibleTypes:37 
12-26 19:50:43.717 D/WindowManager( 2812): updateSystemBarAttributes: displayId=0, focusedCanBeNavColorWin=false, win=Window{7fa7470 u0 com.sec.android.app.myfiles/com.sec.android.app.myfiles.ui.MainActivity}, navColorWin=Window{fa5a18b u0 com.risa.app/com.risa.app.MainActivity}, caller=com.android.server.wm.DisplayPolicy.finishPostLayoutPolicyLw:17 com.android.server.wm.RootWindowContainer.applySurfaceChangesTransaction$1:195 com.android.server.wm.RootWindowContainer.performSurfacePlacementNoTrace:59 
12-26 19:50:43.893 W/ActivityTaskManager( 2812): Activity top resumed state loss timeout for ActivityRecord{34383035 u0 com.risa.app/.MainActivity t21305 f}}
12-26 19:50:43.894 W/ActivityTaskManager( 2812): Activity pause timeout for ActivityRecord{34383035 u0 com.risa.app/.MainActivity t21305 f}}
12-26 19:50:43.910 D/ChangeTransitionController( 2812):    ChangeInfo{989b111 container=ActivityRecord{34383035 u0 com.risa.app/.MainActivity t21305 f}} flags=0x0}
12-26 19:50:43.910 D/ChangeTransitionController( 2812):    ChangeInfo{bc74d4d container=Task{d354dd8 #21305 type=standard I=com.risa.app/.MainActivity} flags=0x0}
12-26 19:50:43.910 V/WindowManager( 2812): Start calculating TransitionInfo based on participants: {Task{16ec0 #21304 type=standard A=10082:com.google.android.packageinstaller}, ActivityRecord{29682535 u0 com.google.android.packageinstaller/com.android.packageinstaller.DeleteStagedFileOnResult t-1 f}}, ActivityRecord{34383035 u0 com.risa.app/.MainActivity t21305 f}}, ActivityRecord{54855137 u0 com.sec.android.app.myfiles/.ui.MainActivity t21290}, Task{9343f06 #21290 type=standard I=com.sec.android.app.myfiles/.ui.MainActivity}, Task{d354dd8 #21305 type=standard I=com.risa.app/.MainActivity}}
12-26 19:50:43.910 V/WindowManager( 2812):   Final targets: [ChangeInfo{8b3d4e4 container=Task{9343f06 #21290 type=standard I=com.sec.android.app.myfiles/.ui.MainActivity} flags=0x30}, ChangeInfo{bc74d4d container=Task{d354dd8 #21305 type=standard I=com.risa.app/.MainActivity} flags=0x10}]
12-26 19:50:43.911 V/WindowManager( 2812):         {WCT{RemoteToken{92f7fc3 Task{d354dd8 #21305 type=standard I=com.risa.app/.MainActivity}}} m=CLOSE f=EDGE_EXTENSION_RESTRICTION leash=Surface(name=Task=21305)/@0x515647d sb=Rect(0, 0 - 2340, 1080) eb=Rect(0, 0 - 2340, 1080) epz=Point(2340, 1080) d=0 taskParent=-1 inset=Rect(84, 84 - 135, 0) dim=true allowAppBgLayer=true}
12-26 19:50:43.921 V/WindowManager( 2812): Sent Transition (#5869) createdAt=12-26 19:50:43.382 via request=TransitionRequestInfo { type = CLOSE, triggerTask = TaskInfo{userId=0 taskId=21305 effectiveUid=11281 displayId=0 isRunning=true baseIntent=Intent { act=android.intent.action.MAIN cat=[android.intent.category.LAUNCHER] flg=0x34000000 pkg=com.risa.app cmp=com.risa.app/.MainActivity } baseActivity=ComponentInfo{com.risa.app/com.risa.app.MainActivity} topActivity=ComponentInfo{com.risa.app/com.risa.app.MainActivity} origActivity=null realActivity=ComponentInfo{com.risa.app/com.risa.app.MainActivity} numActivities=1 lastActiveTime=324297283 supportsMultiWindow=true resizeMode=2 isResizeable=true minWidth=-1 minHeight=-1 maxWidth=-1 maxHeight=-1 defaultMinSize=220 desktopDefaultMinSize=304 token=WCT{RemoteToken{92f7fc3 Task{d354dd8 #21305 type=standard I=com.risa.app/.MainActivity}}} topActivityType=1 pictureInPictureParams=null shouldDockBigOverlays=false launchIntoPipHostTaskId=-1 lastParentTaskIdBeforePip=-1 displayCutoutSafeInsets=Rect(0, 0 - 0, 0) topActivityInfo=ActivityInfo{eeec40f com.risa.app.MainActivity} launchCookies=[] positionInParent=Point(0, 0) parentTaskId=-1 isFocused=true isVisible=true isVisibleRequested=true isTopActivityNoDisplay=false isSleeping=false locusId=null displayAreaFeatureId=1 isTopActivityTransparent=false isActivityStackTransparent=false lastNonFullscreenBounds=Rect(81, 559 - 999, 1729) capturedLink=null capturedLinkTimestamp=0 requestedVisibleTypes=-9 topActivityRequestOpenInBrowserEducationTimestamp=0 appCompatTaskInfo=AppCompatTaskInfo { topActivityInSizeCompat=false eligibleForLetterboxEducation= false isLetterboxEducationEnabled= false isLetterboxDoubleTapEnabled= false eligibleForUserAspectRatioButton= false topActivityBoundsLetterboxed= false isFromLetterboxDoubleTap= false topActivityLetterboxVerticalPosition= -1 topActivityLetterboxHorizontalPosition= -1 topActivityLetterboxWidth=-1 topActivityLetterboxHeight=-1 topActivityAppBounds=Rect(0, 0 - 2340, 1080) isUserFullscreenOverrideEnabled=false isSystemFullscreenOverrideEnabled=false hasMinAspectRatioOverride=false topActivityLetterboxBounds=null cameraCompatTaskInfo=CameraCompatTaskInfo { freeformCameraCompatMode=inactive} topActivityBounds=null topActivityInDisplayCompat=false singleTapFromLetterbox=false} topActivityMainWindowFrame=null originallySupportedMultiWindow=true hasWallpaper=false rootAffinity=null isTopTaskInStage=false CoverLauncherWidgetTask=false LaunchedFromAppsCoverLauncherTask=false LaunchedFromMultistarCoverLauncherTask=false isAllowedSeamlessRotation=false isTopTransparentActivity=true isAliasManaged=false hasConfigChanged=false snappingGuideBounds=null isAiKeyRemoveAppTask=false lastDesktopWindowingBounds=null lastExternalDesktopWindowingBounds=null safeCutoutInsets=null}, pipChange = null, remoteTransition = null, displayChange = null, flags = 16, debugId = 5869 }
12-26 19:50:43.921 V/WindowManager( 2812):         {WCT{RemoteToken{92f7fc3 Task{d354dd8 #21305 type=standard I=com.risa.app/.MainActivity}}} m=CLOSE f=EDGE_EXTENSION_RESTRICTION leash=Surface(name=Task=21305)/@0x515647d sb=Rect(0, 0 - 2340, 1080) eb=Rect(0, 0 - 2340, 1080) epz=Point(2340, 1080) d=0 taskParent=-1 inset=Rect(84, 84 - 135, 0) dim=true allowAppBgLayer=true}
12-26 19:50:43.921 D/SGM:FgCheckThread( 2812): notePauseComponent(), received pkgName: com.risa.app, userId: 0
12-26 19:50:43.993 I/ActivityManager( 2812): Process com.risa.app (pid 26577) has died: prcp CRE (1844,2069)
12-26 19:50:43.995 D/AutofillSession( 2812): handling death of Token{a7a2531 ActivityRecord{34383035 u0 com.risa.app/.MainActivity t21305 f}}} when saving=false
12-26 19:50:43.995 I/WindowManager( 2812): WIN DEATH: Window{fa5a18b u0 com.risa.app/com.risa.app.MainActivity}
12-26 19:50:43.995 V/WindowManager( 2812): Remove Window{fa5a18b u0 com.risa.app/com.risa.app.MainActivity}: mSurfaceControl=Surface(name=com.risa.app/com.risa.app.MainActivity$_26577)/@0xae48dc mAnimatingExit=false mRemoveOnExit=false mHasSurface=true surfaceShowing=true animating=false app-animation=false callers=com.android.server.wm.Session.binderDied:85 android.os.IBinder$DeathRecipient.binderDied:346 android.os.BinderProxy.sendDeathNotice:848 <bottom of call stack> <bottom of call stack> <bottom of call stack> 
12-26 19:50:43.998 D/SGM:FgCheckThread( 2812): pkgName: com.risa.app is not in foreground
12-26 19:50:43.998 D/SGM:FgCheckThread( 2812): noteStopComponent(), received pkgName: com.risa.app, focusedPkgName: com.sec.android.app.myfiles, userId: 0
12-26 19:50:44.168 V/WindowManager( 2812):    ChangeInfo{989b111 container=ActivityRecord{34383035 u0 com.risa.app/.MainActivity t21305 f} isExiting} flags=0x0}
12-26 19:50:44.168 V/WindowManager( 2812):    ChangeInfo{bc74d4d container=Task{d354dd8 #21305 type=standard I=com.risa.app/.MainActivity} flags=0x10}
12-26 19:50:44.169 V/WindowManager( 2812): Setting visibility of Window{fa5a18b u0 com.risa.app/com.risa.app.MainActivity EXITING}: false, caller=com.android.server.wm.WindowContainer.sendAppVisibilityToClients:19 com.android.server.wm.WindowToken.setClientVisible:48 com.android.server.wm.ActivityRecord.commitVisibility:186 com.android.server.wm.TransitionController.finishTransition:846 com.android.server.wm.WindowOrganizerController.finishTransitionInner:31 
12-26 19:50:44.170 W/WindowManager( 2812): Exception thrown during dispatchAppVisibility Window{fa5a18b u0 com.risa.app/com.risa.app.MainActivity EXITING}
12-26 19:50:44.178 D/WindowManager( 2812): prepareSync <SYNC_STATE_WAITING_FOR_DRAW>, mPrepareSyncSeqId=0, win=Window{fa5a18b u0 com.risa.app/com.risa.app.MainActivity EXITING}
12-26 19:50:44.178 D/ChangeTransitionController( 2812):    ChangeInfo{989b111 container=ActivityRecord{34383035 u0 com.risa.app/.MainActivity t21305 f} isExiting} flags=0x0}
12-26 19:50:44.178 D/ChangeTransitionController( 2812):    ChangeInfo{bc74d4d container=Task{d354dd8 #21305 type=standard I=com.risa.app/.MainActivity} flags=0x10}
12-26 19:50:44.260 V/WindowManager( 2812): Remove Window{fa5a18b u0 com.risa.app/com.risa.app.MainActivity EXITING}: mSurfaceControl=Surface(name=com.risa.app/com.risa.app.MainActivity$_26577)/@0xae48dc mAnimatingExit=true mRemoveOnExit=true mHasSurface=true surfaceShowing=true animating=false app-animation=false callers=com.android.server.wm.WindowToken.removeAllWindowsIfPossible:45 com.android.server.wm.WindowToken.removeIfPossible:16 com.android.server.wm.WindowToken.handleCompleteDeferredRemoval:5 com.android.server.wm.WindowContainer.handleCompleteDeferredRemoval:21 com.android.server.wm.TaskFragment.handleCompleteDeferredRemoval:17 com.android.server.wm.WindowContainer.handleCompleteDeferredRemoval:21 
12-26 19:50:44.260 V/WindowManager( 2812): Remove Window{fa5a18b u0 com.risa.app/com.risa.app.MainActivity EXITING}: mSurfaceControl=Surface(name=com.risa.app/com.risa.app.MainActivity$_26577)/@0xae48dc mAnimatingExit=true mRemoveOnExit=true mHasSurface=true surfaceShowing=true animating=false app-animation=false callers=com.android.server.wm.WindowToken.removeAllWindowsIfPossible:45 com.android.server.wm.WindowToken.removeIfPossible:16 com.android.server.wm.ActivityRecord.onRemovedFromDisplay:407 com.android.server.wm.ActivityRecord.removeImmediately:46 com.android.server.wm.WindowToken.removeIfPossible:19 com.android.server.wm.WindowToken.handleCompleteDeferredRemoval:5 
12-26 19:50:47.681 I/Pageboost( 2812): start alp : com.risa.app
12-26 19:50:47.682 I/Pageboost( 2812): alp for : com.risa.app , 0
12-26 19:50:47.694 D/ShellStartingWindow( 4743): preload Icon com.risa.app
12-26 19:50:47.704 I/ActivityManager( 2812): Start proc 27453:com.risa.app/u0a1281 for activelaunch {com.risa.app/com.risa.app.MainActivity}
12-26 19:50:47.736 I/Pageboost( 2812): onAppLaunch : com.risa.app
12-26 19:50:47.738 V/WindowManager( 2812): Collecting in transition 5872: ActivityRecord{227152558 u0 com.risa.app/.MainActivity, caller=com.android.server.wm.TransitionController.collect:7 com.android.server.wm.ActivityStarter.startActivityUnchecked:98 com.android.server.wm.ActivityStarter.executeRequest:3651 com.android.server.wm.ActivityStarter.execute:1752 com.android.server.wm.ActivityTaskManagerService.startActivityAsUser:95 
12-26 19:50:47.738 D/ActivityTaskManager( 2812): DesktopModeLaunchParamsModifier: task=null activity=ActivityRecord{227152558 u0 com.risa.app/.MainActivity t-1} task null, skipping
12-26 19:50:47.738 D/ActivityTaskManager( 2812): TaskLaunchParamsModifier:task=null activity=ActivityRecord{227152558 u0 com.risa.app/.MainActivity t-1} display-from-option=0 display-id=0 task-display-area-windowing-mode=1 suggested-display-area=DefaultTaskDisplayArea_d0@90254262
12-26 19:50:47.738 D/ActivityTaskManager( 2812): DesktopModeLaunchParamsModifier: task=null activity=ActivityRecord{227152558 u0 com.risa.app/.MainActivity t-1} task null, skipping
12-26 19:50:47.738 D/ActivityTaskManager( 2812): TaskLaunchParamsModifier:task=null activity=ActivityRecord{227152558 u0 com.risa.app/.MainActivity t-1} display-from-option=0 display-id=0 task-display-area-windowing-mode=1 suggested-display-area=DefaultTaskDisplayArea_d0@90254262 inherit-from-source=fullscreen non-freeform-task-display-area display-area=DefaultTaskDisplayArea_d0@90254262 activity-requested-landscape freeform-size-mismatch=Rect(81, 559 - 999, 1729)
12-26 19:50:47.740 D/ActivityTaskManager( 2812): DesktopModeLaunchParamsModifier: task=Task{60f284f #21306 type=standard I=com.risa.app/.MainActivity} activity=ActivityRecord{227152558 u0 com.risa.app/.MainActivity t-1} non-desktop, skipping
12-26 19:50:47.740 D/ActivityTaskManager( 2812): TaskLaunchParamsModifier:task=Task{60f284f #21306 type=standard I=com.risa.app/.MainActivity} activity=ActivityRecord{227152558 u0 com.risa.app/.MainActivity t-1} display-from-option=0 display-id=0 task-display-area-windowing-mode=1 suggested-display-area=DefaultTaskDisplayArea_d0@90254262 inherit-from-source=fullscreen non-freeform-task-display-area display-area=DefaultTaskDisplayArea_d0@90254262 activity-requested-landscape freeform-size-mismatch=Rect(81, 559 - 999, 1729)
12-26 19:50:47.740 V/WindowManager( 2812): Collecting in transition 5872: Task{60f284f #21306 type=standard I=com.risa.app/.MainActivity}, caller=com.android.server.wm.Transition.collectExistenceChange:40 com.android.server.wm.ActivityStarter.startActivityInner:293 com.android.server.wm.ActivityStarter.startActivityUnchecked:111 com.android.server.wm.ActivityStarter.executeRequest:3651 com.android.server.wm.ActivityStarter.execute:1752 
12-26 19:50:47.741 V/WindowManager( 2812): Add starting ActivityRecord{227152558 u0 com.risa.app/.MainActivity t21306}: startingData=SplashScreenStartingData{e5124e5 removeAfterTransaction= 0}
12-26 19:50:47.741 V/WindowManager( 2812): Added starting ActivityRecord{227152558 u0 com.risa.app/.MainActivity t21306}: startingWindow=null startingView=com.android.server.wm.StartingSurfaceController$StartingSurface@fe8abba
12-26 19:50:47.742 V/WindowManager( 2812): Collecting in transition 5872: ActivityRecord{227152558 u0 com.risa.app/.MainActivity t21306}, caller=com.android.server.wm.Transition.collectExistenceChange:40 com.android.server.wm.ActivityStarter.handleStartResult:761 com.android.server.wm.ActivityStarter.startActivityUnchecked:124 com.android.server.wm.ActivityStarter.executeRequest:3651 com.android.server.wm.ActivityStarter.execute:1752 
12-26 19:50:47.742 V/WindowManager( 2812):    ChangeInfo{465c986 container=Task{60f284f #21306 type=standard I=com.risa.app/.MainActivity} flags=0x0}
12-26 19:50:47.742 V/WindowManager( 2812):    ChangeInfo{661d247 container=ActivityRecord{227152558 u0 com.risa.app/.MainActivity t21306} flags=0x0}
