12-24 22:33:15.152 I/FaceWidgetViewModel( 4743): onNioViewStateUpdated : alpha 1.0, visibility 0
12-24 22:33:15.149 I/Notification4Watch7_NB( 8676): PhoneStatusBroadcastReceiver.onReceive-action: android.intent.action.SCREEN_ON
12-24 22:33:15.153 D/KeyguardStatusBarViewExt( 4743): v:0, a:1.00, com.android.systemui.statusbar.phone.KeyguardStatusBarViewController.updateViewState:34 com.android.systemui.shade.NotificationPanelViewController.setDozing:71 com.android.systemui.statusbar.phone.CentralSurfacesImpl.updateDozingState:104 com.android.systemui.statusbar.phone.CentralSurfacesImpl$17.onDozingChanged:85 com.android.systemui.statusbar.phone.DozeServiceHost.updateDozing:348 
12-24 22:33:15.153 I/PluginFaceWidgetManager( 4743): isEditMode = false
12-24 22:33:15.153 I/NowBarItemManager( 4743): getVisibleList isScreenTurnedOn = true / aodShowState true shouldControlScreenOff false visibleList size = 0
12-24 22:33:15.153 I/NowBarCardViewModel( 4743): setVisibility visible = 0 / nowBarRootVisibility = 0
12-24 22:33:15.153 I/FaceWidgetViewModel( 4743): onNioViewStateUpdated : alpha 0.0, visibility 0
12-24 22:33:15.153 I/Notification4Watch7_NB( 8676): PhoneStatus.onScreenStateChanged-isOn: true
12-24 22:33:15.153 D/KeyguardStatusBarViewExt( 4743): v:0, a:0.00, com.android.systemui.shade.NotificationPanelViewController.updateDozingVisibilities:64 com.android.systemui.shade.NotificationPanelViewController.setDozing:95 com.android.systemui.statusbar.phone.CentralSurfacesImpl.updateDozingState:104 com.android.systemui.statusbar.phone.CentralSurfacesImpl$17.onDozingChanged:85 com.android.systemui.statusbar.phone.DozeServiceHost.updateDozing:348 
12-24 22:33:15.153 D/KeyguardStatusBarViewController( 4743): Alpha changed! - mExplicitAlpha=-1.0, getKeyguardContentsAlpha()=1.0, alphaQsExpansion=1.0, mKeyguardStatusBarAnimateAlpha=0.0, mKeyguardHeadsUpShowingAmount=0.0
12-24 22:33:15.153 D/KeyguardStatusBarViewController( 4743): Visibility changed! - mDozing=false, mFirstBypassAttempt=false, mKeyguardUpdateMonitor.shouldListenForFace()=false, mDelayShowingKeyguardStatusBar=false, mDisableStateTracker.isDisabled()=false, Flags.glanceableHubV2()=false, mCommunalShowing=false, mExplicitAlpha=-1.0, mHiddenByKnox=false, isLockStarStatusBarEnabled()=true
12-24 22:33:15.153 I/FaceWidgetViewModel( 4743): onNioViewStateUpdated : alpha 0.0, visibility 4
12-24 22:33:15.153 E/Notification4Watch7_NB( 8676): WatchFactory.getWatch-lastConnectedNodeId is null
12-24 22:33:15.154 D/WindowManager( 2812): DeferredDisplayUpdater: partially applying DisplayInfo(1080 x 2340) immediately
12-24 22:33:15.154 I/HoneySpace.TaskbarEventTracker( 5148): invokeEvent() called with: event = SystemUiStateChanged(stateFlags=1344274886)
12-24 22:33:15.154 D/SGM:GameManager( 2812): onDisplayChanged. displyId: 0, state: 2
12-24 22:33:15.154 D/SGM:GameManager( 2812): dpi: 450, longPixel: 2340, shortPixel: 1080
12-24 22:33:15.154 D/KeyguardStatusBarViewExt( 4743): v:4, a:0.00, com.android.systemui.statusbar.phone.KeyguardStatusBarViewController.updateViewState:34 com.android.systemui.statusbar.phone.KeyguardStatusBarViewController$$ExternalSyntheticLambda8.onAnimationUpdate:19 androidx.core.animation.ValueAnimator.animateValue:44 androidx.core.animation.ValueAnimator.setCurrentFraction:52 androidx.core.animation.ValueAnimator.start:15 
12-24 22:33:15.154 D/AudioFlinger( 2029): setParameters: filtered dev setParameters keyvalue screen_state=on
12-24 22:33:15.155 D/ScrimController( 4743): updateLightReveal revealEffect=com.android.systemui.statusbar.SecLightRevealScrimHelper$SecCircleReveal@657eca8, opaque=true revealAmount=(0.0 -> 0.00999999) alpha=1.0 vis=0
12-24 22:33:15.155 D/AODManagerService( 2812): requestReCalToTSP IsSingleTouchMode = falserequestedReCalToTSP = false / previousDisplayState = ON
12-24 22:33:15.155 I/CAMERA_CONTROLLER( 9438): [2]ScreenOnOff.onReceive():48 - onReceive : android.intent.action.SCREEN_ON
12-24 22:33:15.155 D/AHAL: AudioDevice( 1940): SetParameters: 1865: enter
12-24 22:33:15.155 D/AHAL: AudioVoice( 1940): VoiceSetParameters: 200: Enter
12-24 22:33:15.155 D/AHAL: AudioVoice( 1940): VoiceSetParameters: 479: Exit ret: 0
12-24 22:33:15.155 D/AHAL: hfp( 1940): hfp_set_parameters: 444: enter
12-24 22:33:15.155 D/AHAL: AudioDevice( 1940): SetParameters: 1945:  - screen = on
12-24 22:33:15.155 I/PAL: ResourceManager( 1940): setParameter: 10683: Screen State:1
12-24 22:33:15.155 D/AHAL: AudioDevice( 1940): SetParameters: 2798: exit: screen_state=on
12-24 22:33:15.155 I/DigitalHorizontalClockView_LOCK_SCREEN_2@528( 4743): updateShadowStyle: shadow : [ShadowStyle: shadowRadius = 5.625, shadowDx = 0.0, shadowDy = 0.0, shadowColor = 1A000000]
12-24 22:33:15.155 I/DigitalHorizontalClockView_LOCK_SCREEN_2@528( 4743): updatePaletteItemTransition : paletteItem = SOLID color : FF33B5CD, animation = false, dozeAmount = 0.998926
12-24 22:33:15.155 D/AS.DesktopModeHelper( 2812): onDisplayChanged: #Id=0
12-24 22:33:15.155 I/FaceWidgetKeyguardNIOController( 4743): clock dateColor changed #ff33b5cd
12-24 22:33:15.155 I/NotificationIconsOnlyContainer( 4743): updateIconColor() : FF33B5CD, 
12-24 22:33:15.155 I/KeyguardClockProvider( 4743): getClockVisibility:0
12-24 22:33:15.155 D/SGGLockStarManager( 4743): isClockAnimationEnable, result null
12-24 22:33:15.155 D/SGGLockStarManager( 4743): isClockAnimationEnable, result null
12-24 22:33:15.155 D/FaceWidgetClockPage( 4743): isNeedToTransition() true
12-24 22:33:15.155 I/NowBarColorModel#25881751( 4743): notifyColorChanged isWhiteWallpaper false darkAmount 0.998926  darkMode false nowBarMode LOCKSCREEN dozing false
12-24 22:33:15.156 D/MediaExpandStateObserver( 4743): onChanged MediaExpandStateModel(type=NONE, clockY=0.0, clockValidMaxScale=1.0, hasAnimation=true, isDozing=false, darkAmount=0.998926, isMediaOutput=false)
12-24 22:33:15.156 D/MediaExpandStateObserver( 4743): animateClipContainer NONE NONE
12-24 22:33:15.156 I/SecKeyguardClockPositionAlgorithm( 4743): prepareClockContainerHeightChanging:
12-24 22:33:15.156 I/SecKeyguardClockPositionAlgorithm( 4743): setup() mStatusBarHeight = 84, mDarkAmount = 0.998926, mHeight = 2340, mFaceWidgetContainerHeight = 328, mCurrentClockType = 2
12-24 22:33:15.156 I/SecKeyguardClockPositionAlgorithm( 4743): getMediaContainerHeight() height = 0 container Visibility = 8, isValid = false, mIsDozing = false, source = 0, target = 0
12-24 22:33:15.156 I/SecKeyguardClockPositionAlgorithm( 4743): run() , stackScrollerPadding=667, isCenterAlignType=true, topMargin=327, clockH=293, keyguardNotificationIconsOnlyY=665, mIsAODPositionApplied=false
12-24 22:33:15.156 I/HoneySpace.Memory-Monitor( 5148): current state = 2, didTrim = false
12-24 22:33:15.156 I/PluginFaceWidgetManager( 4743): isEditMode = false
12-24 22:33:15.156 I/NowBarItemManager( 4743): getVisibleList isScreenTurnedOn = true / aodShowState true shouldControlScreenOff false visibleList size = 0
12-24 22:33:15.156 I/HoneySpace.RefreshRateSource( 5148): singleFrameMs 16
12-24 22:33:15.156 I/[MCFDs]_BleScanner(Account)( 7624): startScan - t - [02180001BD27418704], [FFFF000F20110040B0][0218000000C209C416E5036BE0], [FFFF0080000000100110A00000] ScanPolicy{mode=0}
12-24 22:33:15.156 I/AlwaysOnDisplayEx( 4743): onDozeAmountChanged linearAmount = 0.99 / amount = 0.998926 / mNeedAODClockTransition = false
12-24 22:33:15.156 D/DozeServiceHost( 4743): updateDozing dozing = false / dozingRequested = false / state = KEYGUARD mode = 0
12-24 22:33:15.156 D/ScrimController( 4743): State changed to KEYGUARD, blankScreen=false, animation=600
12-24 22:33:15.156 D/LockscreenShadeTransitionController( 4743): onDozingChanged false
12-24 22:33:15.156 I/SSC_DAEMON( 2026): light_event_log:172, light_msg(4/11): br 332 (lux 11,idx 0) - -1,-1,13
12-24 22:33:15.157 I/sensors-hal( 1948): activate:330, com.samsung.sensor.light_cct/1511 en=1 completed
12-24 22:33:15.157 D/KeyguardSecIndicationPolicy( 4743):  remove Item pos = DEFAULT, type =     LEGACY_TRANSIENT
12-24 22:33:15.157 D/NxpGenExtn( 5022): vendor_nfc_handle_event Enter eventCode:12
12-24 22:33:15.157 D/KeyguardSecIndicationController( 4743): addTrustAgentHelp false
12-24 22:33:15.157 D/NxpGenExtn( 5022): handleVendorNciRspNtf Enter dataLen:4
12-24 22:33:15.157 D/NxpPropExtn( 5022): phNxpProp_HandleVendorNciRspNtf PropExtensionController Enter dataLen:4
12-24 22:33:15.157 D/NxpPropExtn( 5022): handleVendorNciRspNtf Enter dataLen:4
12-24 22:33:15.157 D/NxpGenExtn( 5022): stopWriteRspTimer Enter cmdGid:0, cmdOid:9, rspGid:0, rspOid:9,
12-24 22:33:15.157 D/KeyguardSecIndicationPolicy( 4743):  remove Item pos = DEFAULT, type =     TRUST_AGENT_HELP
12-24 22:33:15.157 D/NxpPropExtn( 5022): NciStateMonitor handleVendorNciRspNtf Enter chiptype:14,mScreenState:2,nfcRfState:1
12-24 22:33:15.157 D/NxpGenExtn( 5022): DefaultEventHandler::handleVendorNciRspNtf Enter dataLen:4
12-24 22:33:15.157 D/NxpGenExtn( 5022): phNxpExtn_HandleVendorNciRspNtf prop status:81
12-24 22:33:15.157 D/NxpGenExtn( 5022): NfcExtensionController::handleVendorNciRspNtf Enter dataLen:4
12-24 22:33:15.157 D/NxpGenExtn( 5022): DefaultEventHandler::handleVendorNciRspNtf Enter dataLen:4
12-24 22:33:15.157 D/NxpGenExtn( 5022): phNxpExtn_HandleVendorNciRspNtf gen status:81
12-24 22:33:15.157 D/KeyguardSecIndicationController( 4743): addUsbRestriction false/isSecure=true
12-24 22:33:15.157 D/KeyguardSecIndicationPolicy( 4743):  remove Item pos = DEFAULT, type =      USB_RESTRICTION
12-24 22:33:15.157 D/KeyguardSecIndicationController( 4743): addBatteryAndOwnerInfoIndication() battery status = BatteryStatus{status=3,level=16,plugged=0,chargingStatus=0,maxChargingWattage=-1,remaining=-1ultraFastCharger=0}
12-24 22:33:15.157 D/libnfc_nci( 5022): nfaDeviceManagementCallback: enter; event=0xB
12-24 22:33:15.157 D/libnfc_nci( 5022): nfaDeviceManagementCallback: NFA_DM_SET_POWER_SUB_STATE_EVT; status=0x0
12-24 22:33:15.157 D/KeyguardSecIndicationPolicy( 4743):  add T Event pos = DEFAULT, type =              BATTERY, id =  1475, text = Connect charger, duration = 3000
12-24 22:33:15.157 D/KeyguardSecIndicationPolicy( 4743):   update top pos = DEFAULT, item = [id=1472|ty=BATTERY|pr=40|txt=Connect charger|ti=duration=3000|an=false] -> [id=1475|ty=BATTERY|pr=40|txt=Connect charger|ti=duration=3000|an=false]
12-24 22:33:15.157 I/sensors-hal( 1948): handle_sns_std_sensor_event:131, [SSC_LIGHT] A: 11(11),c:0,b:332,m:77,cl:0,l:11,s:-1,l0:2272,l1:352,s0:0,s1:0,acl:3,opr:0.00,f(r):81,u(bl):100,if:0,wi:0,si:0,po:0(N:0)
12-24 22:33:15.157 D/KeyguardSecIndicationPolicy( 4743): update Event pos = DEFAULT, type =      BATTERY_RESTING, id =  1476, text = Connect charger
12-24 22:33:15.157 D/SecLockIconViewController( 4743): updateVisibility
12-24 22:33:15.157 D/SecLockIconViewController( 4743): updateVisibility : isLockScreen = true mShowLockIcon = true mShowUnlockIcon = false
12-24 22:33:15.158 D/SensorManager( 2812): registerListener :: 1511, STK33F11 Light Strm  Non-wakeup, 200000, 0, com.samsung.android.gesture.PocketModeEvent$2@46e8a4a
12-24 22:33:15.158 D/PocketModeEvent( 2812): register light sensor
12-24 22:33:15.158 D/NxpGenExtn( 5022): vendor_nfc_handle_event Enter eventCode:11
12-24 22:33:15.158 E/PocketModeEvent( 2812): MSG_TYPE_START_SENSING
12-24 22:33:15.158 D/NxpGenExtn( 5022): phNxpExtn_HandleVendorNciMsg Not vendor specific command!!
12-24 22:33:15.158 I/NxpGenExtn( 5022): phNxpExtn_Write NCI datalen:7
12-24 22:33:15.158 I/NxpGenExtn( 5022): processExtnWrite Enter dataLen:7
12-24 22:33:15.158 I/NxpPropExtn( 5022): phNxpProp_ProcessExtnWrite PropExtensionController Enter dataLen:7
12-24 22:33:15.158 I/NxpPropExtn( 5022): processExtnWrite Enter
12-24 22:33:15.158 D/NxpPropExtn( 5022): NciStateMonitor processExtnWrite Enter
12-24 22:33:15.158 D/NxpPropExtn( 5022): resendRequired, resend required
12-24 22:33:15.158 D/NxpGenExtn( 5022): write Enter wLength:7
12-24 22:33:15.158 I/EPDG -- SIM0 IwlanNetworkService( 5572): requestNetworkRegistrationInfo for domain 2
12-24 22:33:15.158 I/ActivityManager( 2812): Changes in 5025 8 to 8, 0 to 128
12-24 22:33:15.158 I/CentralSurfaces( 4743): updateRevealEffect: wakingUp=true wakingUpFromPowerButton=true sleepingFromPowerButton=false wakingUpFromDoubleTap=false sleepingFromDoubleTap=false
12-24 22:33:15.158 I/EPDG -- SIM0 IwlanNetworkService( 5572): Calling onRequestNetworkRegistrationInfoComplete.resultCode = 0, netState = NetworkRegistrationInfo{ domain=PS transportType=WLAN registrationState=HOME networkRegistrationState=HOME roamingType=NOT_ROAMING accessNetworkTechnology=IWLAN rejectCause=0 emergencyEnabled=false availableServices=[DATA] cellIdentity=null voiceSpecificInfo=null dataSpecificInfo=null nrState=**** rRplmn= isUsingCarrierAggregation=false isNonTerrestrialNetwork=TERRESTRIAL}
12-24 22:33:15.158 D/QuickPanelLog( 4743): NPVC | setTouchAndAnimationDisabled: true -> false
12-24 22:33:15.158 D/QuickPanelLog( 4743):  - com.android.systemui.shade.NotificationPanelViewController.setTouchAndAnimationDisabled:30
12-24 22:33:15.158 D/QuickPanelLog( 4743):  - com.android.systemui.statusbar.phone.CentralSurfacesImpl.updateNotificationPanelTouchState:91
12-24 22:33:15.158 D/QuickPanelLog( 4743):  - com.android.systemui.statusbar.phone.CentralSurfacesImpl$9.startLockscreenTransitionFromAod:12
12-24 22:33:15.158 D/QuickPanelLog( 4743):  - com.android.systemui.statusbar.phone.CentralSurfacesImpl$9$$ExternalSyntheticLambda0.run:8
12-24 22:33:15.158 D/QuickPanelLog( 4743):  - com.android.systemui.shade.NotificationShadeWindowControllerImpl.batchApplyWindowLayoutParams:7
12-24 22:33:15.158 D/QuickPanelLog( 4743):  - com.android.systemui.statusbar.phone.CentralSurfacesImpl$9.onFinishedWakingUp:18
12-24 22:33:15.158 D/QuickPanelLog( 4743):  - com.android.systemui.keyguard.WakefulnessLifecycle$$ExternalSyntheticLambda0.accept:20
12-24 22:33:15.158 D/QuickPanelLog( 4743):  - com.android.systemui.keyguard.SecLifecycle.dispatch:171
12-24 22:33:15.158 D/QuickPanelLog( 4743):  - com.android.systemui.keyguard.KeyguardLifecyclesDispatcher$KeyguardLifecycleHandler.handleMessage:175
12-24 22:33:15.158 D/QuickPanelLog( 4743):  - android.os.Handler.dispatchMessage:110
12-24 22:33:15.158 E/LSO_LSOInterface( 4743): LSO Service is not yet ready!!!
12-24 22:33:15.158 I/HoneySpace.SystemUiRepository( 5148): systemUiFlags: overview_disabled|home_disabled|navbar_hidden|notif_expanded|keygrd_visible|awake|notif_visible
12-24 22:33:15.159 I/DeviceBatteryInfoService( 2812): onChange : content://settings/system/aod_show_state
12-24 22:33:15.159 I/DeviceBatteryInfoService( 2812): aod_show_state : 0
12-24 22:33:15.159 D/SGM:FgCheckThread( 2812): onLooperPrepared(), msg: MSG_LCD_ON
12-24 22:33:15.159 I/bt_shim_scanner( 4972): system/main/shim/le_scanning_manager.cc:135 RegisterScanner: in shim layer, UUID=38454275-cc91-4bfd-8e00-70b2c033c1fe
12-24 22:33:15.159 W/bluetooth( 4972): system/gd/hci/le_scanning_manager.cc:650 register_scanner: register_scanner
12-24 22:33:15.160 D/RefreshRateModeManager( 2812): onBrightnessChanged: brt=332, lux=11.002501
12-24 22:33:15.160 D/KeyguardPunchHoleVIView( 4743): onFinishedWakingUp
12-24 22:33:15.160 D/SemNativeCarrierFeature_vendor( 9673): getInstance
12-24 22:33:15.160 I/HoneySpace.TaskbarEventTracker( 5148): invokeEvent() called with: event = SystemUiStateChanged(stateFlags=1342177734)
12-24 22:33:15.160 D/ActivityManager( 2812): unpendingScheduleServiceRestart: u=10332, drop=false
12-24 22:33:15.160 D/KeyguardPunchHoleVIView( 4743): startVI() - return, face recognition is stopped
12-24 22:33:15.160 D/KeyguardPunchHoleVIView_Bouncer( 4743): onFinishedWakingUp
12-24 22:33:15.160 D/KeyguardPunchHoleVIView_Bouncer( 4743): startVI() - return, face recognition is stopped
12-24 22:33:15.160 D/BioUnlock( 4743): unregisterBrightnessListener
12-24 22:33:15.161 I/NowBarItemManager( 4743): aodShowStateChanged true -> false
12-24 22:33:15.161 D/CAE     ( 2812): onGetSensorHubData(SensorHubParserProvider.java:92) - onGetSensorHubData Event [event buffer len :10], AP_WAKEUP
12-24 22:33:15.161 I/CAE     ( 2812): parse(SensorHubParserProvider.java:188) - buffer size = 10
12-24 22:33:15.161 I/CAE     ( 2812): parse(SensorHubParserProvider.java:199) - 1, 1, 26, 1, 0, -61, 60, -74, 1, 1,
12-24 22:33:15.161 D/CAE     ( 2812): display(ContextProvider.java:375) - ================= ACTIVITY_TRACKER =================
12-24 22:33:15.161 I/CAE     ( 2812): display(ContextProvider.java:391) - Accuracy=[1], OperationMode=[0], ActivityType=[1], TimeStamp=[1766633595062]
12-24 22:33:15.161 D/NxpGenExtn( 5022): palenQueueWrite Enter wLength:7
12-24 22:33:15.161 D/SettingsHelper( 4743): onChange() COMPLETED elapsed= 1
12-24 22:33:15.161 D/UnlockedScreenOffAnimation( 4743): aodStateCallback isAODShown=false, needUpdateSetLockScreenShown=false deviceInteractive=true
12-24 22:33:15.161 I/MCFQS   (10736): (ScreenOnRepository) update()-[td:main] isActive=true (screen:true, dex:false)
12-24 22:33:15.161 D/KeyguardViewMediator( 4743): onAODShowStateChanged: false
12-24 22:33:15.161 D/SensorManager( 4743): registerListener :: 271, auto_rotation Screen Orientation Sensor Non-wakeup, 200000, 0, 
12-24 22:33:15.161 D/SemContextService( 2812): Service.updateContext() : service = Activity Tracker
12-24 22:33:15.161 D/SemContextManager( 2812): onSemContextChanged() : event = Activity Tracker
12-24 22:33:15.161 W/ContextImpl( 2812): Calling a method in the system process without a qualified user: android.app.ContextImpl.sendBroadcast:1335 com.samsung.android.mocca.app.base.SemContextProvider.reportActivityEvent:148 com.samsung.android.mocca.app.base.SemContextProvider.lambda$new$3:50 com.samsung.android.mocca.app.base.SemContextProvider.a:0 x.i.onSemContextChanged:2 
12-24 22:33:15.162 I/AODSettingsHelper( 4743): onChange() COMPLETED elapsed= 0
12-24 22:33:15.162 I/VSyncReactor( 2059): Current= 60, Period= 60, Distance= 60
12-24 22:33:15.162 I/AODSettingsHelper( 4743): onChange() COMPLETED elapsed= 0
12-24 22:33:15.163 I/DreamManagerService( 2812): Leaving dreamland.
12-24 22:33:15.163 D/PowerManagerService( 2812): [api] release WakeLock DOZE_WAKE_LOCK                    'dream:doze' ACQ=-7m51s970ms (uid=1000 pid=2812 displayId=0 lock=9265cbe)
12-24 22:33:15.163 D/SecKeyguardStatusViewObserver( 4743): onChanged() FaceWidgetContainerLiveData{mIsContainerVisible=true, mClipLayoutVisibility=0, mRotation=0, mIsDashBoardVIRunning=false, mIsAdditionalInfoVisible=0, mAdditionalInfoGravity=17, mClockSideStartPadding=0, mClockSideEndPadding=0, mMusicSideStartPadding=30, mMusicSideEndPadding=30, mInfoSideStartPadding=0, mInfoSideEndPadding=0, mClipLayoutWidth = -1, mAdditionalInfoRemoteView=null, mIsAdditionalViewGoingToSleep=false, mConfig=CustomConfiguration{fontScale=1.0, screenLayout=268435810, orientation=1, screenWidthDp=384, screenHeightDp=832, smallestScreenWidthDp=384, densityDpi=450, uiMode=33, isRTL=false, mConfiguration={1.0 310mcc260mnc [en_US] ldltr sw384dp w384dp h832dp 450dpi nrml long hdr widecg port night finger -keyb/v/h -nav/h winConfig={ mBounds=Rect(0, 0 - 1080, 2340) mAppBounds=Rect(0, 0 - 1080, 2340) mMaxBounds=Rect(0, 0 - 1080, 2340) mDisplayRotation=ROTATION_0 mWindowingMode=fullscreen mActivityType=undefined mAlwaysOnTop=undefined mRotation=ROTATION_0 mStageConfig=undefined mEmbedActivityMode=undefined mPopOver=undefined mOverlappingWithCutout=false} as.2 s.14859 fontWeightAdjustment=0 ff=0 bf=-1 bts=0 cst=1.0 nightDim=0 themeSeq=0}}}
12-24 22:33:15.163 D/FaceWidgetPagesController( 4743): onGravityChanged()
12-24 22:33:15.164 I/StretchMeasureDataCalculator( 4743): setGravity: 49, isStart=false, isEnd=false, isCenterHorizontal=true
12-24 22:33:15.164 D/FaceWidgetClockPage( 4743): setClockGravity() gravity = 49
12-24 22:33:15.164 D/FaceWidgetClockPage( 4743): updateClockPadding 
12-24 22:33:15.164 D/NxpGenExtn( 5022): enQueueWriteInternal Enter wLength:7
12-24 22:33:15.165 I/android.hardware.nfc-service.nxp( 2456): write
12-24 22:33:15.165 D/SubscreenNotificationListCoordinator( 4743): onAfterRenderList() isSubScreen = false, pluginLockMode = 0, doNotShowOnCover = false
12-24 22:33:15.165 I/BLASTBufferQueue_Java( 4743): update, w= 1080 h= 2340 mName = VRI[NotificationShade]@ba703ab mNativeObject= 0xb40000775e763550 sc.mNativeObject= 0xb40000769e62fbd0 format= -3 caller= android.view.ViewRootImpl.updateBlastSurfaceIfNeeded:3574 android.view.ViewRootImpl.relayoutWindow:11685 android.view.ViewRootImpl.performTraversals:4804 android.view.ViewRootImpl.doTraversal:3924 android.view.ViewRootImpl$TraversalRunnable.run:12903 android.view.Choreographer$CallbackRecord.run:1901 
12-24 22:33:15.165 I/VRI[NotificationShade]@ba703ab( 4743): Relayout returned: old=(0,0,1080,2340) new=(0,0,1080,2340) relayoutAsync=true req=(1080,2340)0 dur=0 res=0x0 s={true 0xb4000076ee9ab740} ch=false seqId=104
12-24 22:33:15.165 I/DreamController( 2812): Stopping dream: name=ComponentInfo{com.android.systemui/com.android.systemui.doze.DozeService}, isPreviewMode=false, canDoze=true, userId=0, reason='finished self'(from 'power manager request')
12-24 22:33:15.165 I/WindowManager( 2812): Relayout Window{82e812a u0 NotificationShade}: viewVisibility=0 req=1080x2340 ty=2040 d0
12-24 22:33:15.165 D/FreecessController( 2812): UFZ : com.sec.android.app.shealth(10332) [14656, 12230] reason: broadcast-android.intent.action.SCREEN_ON
12-24 22:33:15.166 W/LocationManagerService( 2812): onFreezeStateChanged, uid[10332]=false
12-24 22:33:15.166 I/sensors-hal( 1948): set_config:60, sample_period_ns is adjusted to 0 based on min/max delay_ns
12-24 22:33:15.166 I/sensors-hal( 1948): batch:363, android.sensor.pick_up_gesture/252, period=1000000, max_latency=0 request completed
12-24 22:33:15.166 I/PowerManagerService( 2812): [PWL] SetWakeLockEnableDisable uid = 10332 , disable= false
12-24 22:33:15.166 I/PowerManagerService( 2812): [PWL] can not change uid =  10332
12-24 22:33:15.166 D/BaseRestrictionMgr( 2812): Package: com.sec.android.app.shealth, userid: 0, hostingType: broadcast is allowed by freecess, caller is: null
12-24 22:33:15.166 I/sensors-hal( 1948): activate:300, android.sensor.pick_up_gesture/252 en=1
12-24 22:33:15.166 I/sensors-hal( 1948): acquire_qsh_interface:139, acquire_qsh_interface with sensor_id 4 , conn_type 1 
12-24 22:33:15.166 I/sensors-hal( 1948): acquire_qsh_interface:142, returning _shared_instance[SHARED_ON_CHANGE_WAKEUP].conn - wakeup 
12-24 22:33:15.166 I/sensors-hal( 1948): acquire_shared_instance:173, re-use existing connection for type 1 
12-24 22:33:15.166 I/sensors-hal( 1948): register_cb:304, suid(low=4914346604226478097,high=1320970896291267344) is new. register callbacks
12-24 22:33:15.166 I/sensors-hal( 1948): send_sync_sensor_request:508, send sync request
12-24 22:33:15.166 I/sensors-hal( 1948): send_sync_sensor_request:518, send_sync_sensor_request before send_request for pickup with SUID low=4914346604226478097 high=1320970896291267344
12-24 22:33:15.166 I/sensors-hal( 1948): send_sync_sensor_request:537, wait for notification of response
12-24 22:33:15.166 I/WindowManager( 2812): Relayout hash=82e812a, pid=0, syncId=-1: mAttrs={(0,0)(fillxfill) gr=TOP CENTER_VERTICAL sim={adjust=pan} layoutInDisplayCutoutMode=always ty=NOTIFICATION_SHADE fmt=TRANSLUCENT or=SCREEN_ORIENTATION_NOSENSOR if=INPUT_FEATURE_DISABLE_USER_ACTIVITY userActivityTimeout=3000
12-24 22:33:15.166 I/WindowManager( 2812):   fl=81160040
12-24 22:33:15.166 I/WindowManager( 2812):   pfl=10000200
12-24 22:33:15.166 I/WindowManager( 2812):   bhv=2
12-24 22:33:15.166 I/WindowManager( 2812):   frameRateBoostOnTouch=true
12-24 22:33:15.166 I/WindowManager( 2812):   dvrrWindowFrameRateHint=true screenDimDuration=0 naviIconColor=0
12-24 22:33:15.166 I/WindowManager( 2812):   sfl=40000}
12-24 22:33:15.167 I/ActivityManager( 2812): Changes in 5006 8 to 8, 0 to 128
12-24 22:33:15.167 I/SecKeyguardClockPositionAlgorithm( 4743): prepareClockContainerHeightChanging:
12-24 22:33:15.167 I/SecKeyguardClockPositionAlgorithm( 4743): setup() mStatusBarHeight = 84, mDarkAmount = 0.998926, mHeight = 2340, mFaceWidgetContainerHeight = 327, mCurrentClockType = 2
12-24 22:33:15.167 I/SecKeyguardClockPositionAlgorithm( 4743): getClockContainerHeight() supplier = 293, bottom margin = 47, real height = 327
12-24 22:33:15.167 I/SecKeyguardClockPositionAlgorithm( 4743): getClockContainerHeight() supplier = 293, bottom margin = 0, real height = 327
12-24 22:33:15.167 I/sensors-hal( 1948): qsh_conn_resp_cb:930, resp_value = 0 for pickup 
12-24 22:33:15.167 I/PluginFaceWidgetManager( 4743): isEditMode = false
12-24 22:33:15.167 I/NowBarItemManager( 4743): getVisibleList isScreenTurnedOn = true / aodShowState false shouldControlScreenOff false visibleList size = 0
12-24 22:33:15.167 I/Receiver_Screen(12230): onReceive:  in=1766633595167
12-24 22:33:15.167 I/Receiver_Screen(12230): onReceive: ACTION_SCREEN_ON
12-24 22:33:15.167 I/Receiver_Screen(12230): onReceive: out in millis= 0
12-24 22:33:15.167 I/SecKeyguardClockPositionAlgorithm( 4743): prepareClockContainerHeightChanging:
12-24 22:33:15.167 I/AODSettingsHelper( 7319): onChange() COMPLETED elapsed= 6
12-24 22:33:15.167 I/PluginFaceWidgetManager( 4743): isEditMode = false
12-24 22:33:15.167 I/NowBarItemManager( 4743): getVisibleList isScreenTurnedOn = true / aodShowState false shouldControlScreenOff false visibleList size = 0
12-24 22:33:15.168 D/NxpGenExtn( 5022): vendor_nfc_handle_event Enter eventCode:12
12-24 22:33:15.168 D/NxpGenExtn( 5022): handleVendorNciRspNtf Enter dataLen:5
12-24 22:33:15.168 D/NxpPropExtn( 5022): phNxpProp_HandleVendorNciRspNtf PropExtensionController Enter dataLen:5
12-24 22:33:15.168 D/NxpPropExtn( 5022): handleVendorNciRspNtf Enter dataLen:5
12-24 22:33:15.168 D/NxpGenExtn( 5022): stopWriteRspTimer Enter cmdGid:0, cmdOid:2, rspGid:0, rspOid:2,
12-24 22:33:15.168 D/NxpGenExtn( 5022): DefaultEventHandler::handleVendorNciRspNtf Enter dataLen:5
12-24 22:33:15.168 D/NxpGenExtn( 5022): phNxpExtn_HandleVendorNciRspNtf prop status:81
12-24 22:33:15.168 D/NxpGenExtn( 5022): NfcExtensionController::handleVendorNciRspNtf Enter dataLen:5
12-24 22:33:15.168 D/NxpGenExtn( 5022): DefaultEventHandler::handleVendorNciRspNtf Enter dataLen:5
12-24 22:33:15.168 D/NxpGenExtn( 5022): phNxpExtn_HandleVendorNciRspNtf gen status:81
12-24 22:33:15.168 D/libnfc_nci( 5022): nfaDeviceManagementCallback: enter; event=0x2
12-24 22:33:15.168 D/libnfc_nci( 5022): nfaDeviceManagementCallback: NFA_DM_SET_CONFIG_EVT
12-24 22:33:15.168 I/VRI[NotificationShade]@ba703ab( 4743): registerCallbackForPendingTransactions
12-24 22:33:15.168 D/NfcService( 5022): handleMessage: MSG_APPLY_SCREEN_STATEON_LOCKED
12-24 22:33:15.169 D/[NFC_SE]SamsungExtension( 5022): onLogEventNotified() item:[mCommandApdus: [mResponseApdus: , mCallingApi= 0, mAction= 518, mCallingPId = 0, mRfFieldOnTime= null
12-24 22:33:15.169 D/[NFC_SE]NfcOemLogHelper( 5022): reportLogEvent = [mCommandApdus: [mResponseApdus: , mCallingApi= 0, mAction= 518, mCallingPId = 0, mRfFieldOnTime= null
12-24 22:33:15.169 D/[NFC_SE]NfcOemLogHelper( 5022): try to send FLD_ERROR
12-24 22:33:15.169 D/[NFC_SE]NfcOemLogHelper( 5022): RF Field is disabled
12-24 22:33:15.169 D/libnfc_nci( 5022): nfcManager_doSetScreenState: state = 4 prevScreenState= 4, discovry_param = 1
12-24 22:33:15.169 D/libnfc_nci( 5022): nfcManager_doSetScreenState: New screen state is same as previous state. No action taken
12-24 22:33:15.170 I/MCFQS   (10736): (DiscoveryResponseUseCaseImpl) listenScreenStateChanged()-[td:disco] isScreenOn: true, visibility: EVERYONE
12-24 22:33:15.170 I/MCFQS   (10736): (BleScanRepository) updateBleScan()-[td:main] screenOn updated REQUEST_ONLY. stop previous
12-24 22:33:15.170 I/MCFQS   (10736): (BleScanRepository) stopBleScan()-[td:main] , cb=113752540
12-24 22:33:15.170 D/BoundBrokerSvc(18268): onRebind: Intent { act=com.google.android.gms.findmydevice.spot.service.locationreport.START dat=chimera-action:/... xflg=0x4 cmp=com.google.android.gms/.chimera.PersistentApiService }
12-24 22:33:15.170 D/SemContextManager( 2812): onSemContextChanged() : event = Activity Tracker
12-24 22:33:15.170 E/PocketMotionManager( 2812): activity tracker 1, 1
12-24 22:33:15.170 I/DatabaseManager(12230): insert data finished for 2025-12-24 22:33:15 in  1
12-24 22:33:15.171 I/VRI[NotificationShade]@ba703ab( 4743): mWNT: t=0xb4000075fe803510 mBlastBufferQueue=0xb40000775e763550 fn= 35 HdrRenderState mRenderHdrSdrRatio=1.0 caller= android.view.ViewRootImpl$10.onFrameDraw:6536 android.view.ViewRootImpl$4.onFrameDraw:2489 android.view.ThreadedRenderer$1.onFrameDraw:718 
12-24 22:33:15.172 I/KeyguardService( 4743): onDreamingStopped
12-24 22:33:15.172 D/LiftUpHandler( 2812):   mReceiver.onReceive : ACTION_SCREEN_ON
12-24 22:33:15.173 I/FromDozingTransitionInteractor( 4743): listenForDozingToAny isKeyguardOccludedLegacy=false, keyguardViewMediatorHelperImpl.isOccluded()=false keyguardInteractor.isKeyguardOccluded.value=false primaryBouncerShowing=false isKeyguardGoingAway=false
12-24 22:33:15.173 I/sensors-hal( 1948): send_sync_sensor_request:543, takes 6 ms to receive the response with 0
12-24 22:33:15.173 I/sensors-hal( 1948): activate:330, android.sensor.pick_up_gesture/252 en=1 completed
12-24 22:33:15.173 D/KeyguardTransitionRepository( 4743): (Internal) Setting current transition info: TransitionInfo(ownerName=FromDozingTransitionInteractor, from=DOZING, to=LOCKSCREEN, animated)
12-24 22:33:15.173 D/LiftUpHandler( 2812): [LTW] Stopped already.
12-24 22:33:15.173 D/SensorManager( 4743): requestTrigger :: 252, Pick Up Gesture  Wakeup, com.android.systemui.deviceentry.ui.binder.LiftToRunFaceAuthBinder$listener$1@755aafa
12-24 22:33:15.174 I/ActivityManager( 2812): Changes in 5006 8 to 8, 128 to 0
12-24 22:33:15.174 I/BCMGR[11.2.04.4](20549): BleScanHelper] directStopLeScan - stopScan
12-24 22:33:15.174 I/BCMGR[11.2.04.4](20549): BleScanHelper] handleStartScan - startScan filter(SCREEN_ON) size=10
12-24 22:33:15.176 D/TelephonyManager( 2812): requestModemActivityInfo: Sending result to app: ModemActivityInfo{ mTimestamp=161313366 mSleepTimeMs=89192562 mIdleTimeMs=12130737 mActivityStatsTechSpecificInfo=[{mRat=UNKNOWN,mFrequencyRange=UNKNOWN,mTxTimeMs[]=[37306, 122573, 306963, 256312, 1893830],mRxTimeMs=60506733}]}
12-24 22:33:15.176 D/VRI[StatusBar]@7fb7895( 4743): Resumed drawing after screen turned on
12-24 22:33:15.177 E/ScanManager( 4972): [GSIM LOG]: gsimLogHandler, msg: MESSAGE_SCAN_START, appName: com.samsung.android.mcfds, scannerId: 1, reportDelayMillis=0
12-24 22:33:15.177 I/bt_shim_scanner( 4972): system/main/shim/le_scanning_manager.cc:260 ScanFilterEnable: in shim layer
12-24 22:33:15.178 I/bt_shim_scanner( 4972): system/main/shim/le_scanning_manager.cc:135 RegisterScanner: in shim layer, UUID=db1a29c6-8d58-4935-a9af-57b1e8a513b9
12-24 22:33:15.178 W/bluetooth( 4972): system/gd/hci/le_scanning_manager.cc:650 register_scanner: register_scanner
12-24 22:33:15.178 D/SecBrightnessController( 4743): updateSlider() - BrightnessDialog resetTimer()
12-24 22:33:15.179 D/ClockFaceEvents( 4743): onTimeTick. callers : com.android.keyguard.ClockEventController$keyguardUpdateMonitorCallback$1.refreshTime:19
12-24 22:33:15.179 D/ClockFaceEvents( 4743): com.android.keyguard.ClockEventController$keyguardUpdateMonitorCallback$1.onTimeChanged:1
12-24 22:33:15.179 D/ClockFaceEvents( 4743): com.android.keyguard.KeyguardUpdateMonitor$16.handleMessage:732
12-24 22:33:15.179 D/ClockFaceEvents( 4743): onTimeTick. callers : com.android.keyguard.ClockEventController$keyguardUpdateMonitorCallback$1.refreshTime:38
12-24 22:33:15.179 D/ClockFaceEvents( 4743): com.android.keyguard.ClockEventController$keyguardUpdateMonitorCallback$1.onTimeChanged:1
12-24 22:33:15.179 D/ClockFaceEvents( 4743): com.android.keyguard.KeyguardUpdateMonitor$16.handleMessage:732
12-24 22:33:15.179 D/FaceWidgetPagesController( 4743): onTimeChanged()
12-24 22:33:15.179 D/FaceWidgetPagesController( 4743): refreshViews() reason = ON_TIME_TICK, force = false
12-24 22:33:15.179 D/SecBrightnessController( 4743): updateSlider() - BrightnessDialog resetTimer()
12-24 22:33:15.179 I/AODSettingsHelper( 4743): onChange() COMPLETED elapsed= 0
12-24 22:33:15.179 I/ChargingInfoView( 4743): handleMessage: MSG_SHOW_CHARGING_INFO
12-24 22:33:15.179 I/BottomChargingInfoView( 4743): updateContents: NONE
12-24 22:33:15.179 I/AOD_WAKELOCK@WakeLockManager( 4743): acquireIfExists: tag - charging_info, timeout - 1000, reason - Charging Info is updating, delay by 500, wakeLock = WakeLock{bf3946d held=false, refCount=0}
12-24 22:33:15.180 D/PowerManagerService( 2812): [api] acquire WakeLock DRAW_WAKE_LOCK                    'charging_info' (uid=10049 pid=4743 displayId=0 lock=c10e449)
12-24 22:33:15.180 I/AbsChargingInfoComponent( 4743): setVisibilityWithAnim: skipped false
12-24 22:33:15.180 D/DisplayLifecycle( 4743): updateDisplay id = 0
12-24 22:33:15.180 I/AODTriggers( 4743): onAODEventDispatched = 4 / eventData = aod.e0@bec2dbb
12-24 22:33:15.180 I/AOD_LIVE_CLOCK@LiveClockController( 4743): updateDisplayState: DISPLAY_STATE_ON
12-24 22:33:15.180 I/android.system.suspend-service( 1229): !@SystemSuspend: wakeup_count+
12-24 22:33:15.181 V/WindowManager( 2812): Setting visibility of Window{80cce7f u0 com.samsung.android.wallpaper.live.layered.LayeredWallpaperService}: true, caller=com.android.server.wm.WindowContainer.sendAppVisibilityToClients:19 com.android.server.wm.WindowToken.setClientVisible:48 com.android.server.wm.WallpaperWindowToken.setVisible$1:3 com.android.server.wm.WallpaperWindowToken.commitVisibility:48 com.android.server.wm.WallpaperWindowToken.setVisibility:101 
12-24 22:33:15.181 I/WallpaperService( 4927): dispatchAppVisibility: lock, visible=true , mLidState = -1
12-24 22:33:15.181 I/WallpaperService( 4927): updateSurface lock forceRelayout=false forceReport=false redrawNeeded=false myWidth=-1 myHeight=-1 fixedSize=false x = 0 y = 0 mWidth=-1 mHeight=-1
12-24 22:33:15.181 I/WallpaperService( 4927): reportVisibility: visibility changed. visible=true
12-24 22:33:15.181 I/AODSettingsHelper( 4743): onChange() COMPLETED elapsed= 1
12-24 22:33:15.181 I/SprWallpaper|LayeredWallpaperServiceEngine( 4927): onVisibilityChanged: 6 , E1.i@f7f0ded
12-24 22:33:15.181 I/SprWallpaper|LayeredController_PL( 4927): onVisibilityChanged : true , 3
12-24 22:33:15.181 D/SettingsHelper( 4743): onChange() COMPLETED elapsed= 0
12-24 22:33:15.181 D/UnlockedScreenOffAnimation( 4743): aodStateCallback isAODShown=false, needUpdateSetLockScreenShown=false deviceInteractive=true
12-24 22:33:15.181 D/KeyguardViewMediator( 4743): onAODShowStateChanged: false
12-24 22:33:15.182 I/LockscreenNotificationIconsOnlyController( 4743): onNotificationInfoUpdated 1
12-24 22:33:15.182 W/JobInfo ( 9438): Requested important-while-foreground flag for job59551 is ignored and takes no effect
12-24 22:33:15.182 I/AODNotificationManager( 4743): updateNotification() 
12-24 22:33:15.182 D/PluginAODManager( 4743): onNotificationInfoUpdated() 1
12-24 22:33:15.182 D/PluginAODManager( 4743): onNotificationInfoUpdated() -1|android|62|null|1000
12-24 22:33:15.182 I/AODNotificationManager( 4743): updateVisibleNotifications: 1
12-24 22:33:15.183 D/DozeService( 4743): onDreamingStopped: 
12-24 22:33:15.183 D/PowerManagerService( 2812): [api] acquire WakeLock DRAW_WAKE_LOCK                    'Doze' (uid=10049 pid=4743 displayId=0 lock=235a14e)
12-24 22:33:15.183 I/DozeMachine( 4743): transition: old=DOZE_AOD req=FINISH new=FINISH
12-24 22:33:15.183 D/PluginAODManager( 4743): enableTouch : true FaceWidgetContainerWrapper = com.android.systemui.facewidget.plugin.FaceWidgetContainerWrapper@7567435
12-24 22:33:15.183 D/PluginAODManager( 4743): updateRefreshRate: release token in Screen ON
12-24 22:33:15.183 I/PluginAODManager( 4743): updateRefreshRate: acquire=false called=com.android.systemui.doze.DozeScreenState.transitionTo:111 com.android.systemui.doze.DozeMachine.transitionTo:612 
12-24 22:33:15.183 E/SmcInvoke_MinkDescriptor( 2600): mem obj with id :16 not found in list
12-24 22:33:15.183 D/DozeService( 4743): stopAlwaysOnDisplay: mAODPlugin=com.samsung.android.app.aodservice.plugin.PluginAODImpl@5bd58ad
12-24 22:33:15.183 D/PluginAODManager( 4743): removeUpdateMonitor mWakefulness=2
12-24 22:33:15.184 D/SGGLockStarManager( 4743): isClockAnimationEnable, result null
12-24 22:33:15.184 I/HERMES#HalAdapter( 2812): SecnvmPowerOn called!.
12-24 22:33:15.184 E/SmcInvoke_MinkDescriptor( 2600): mem obj with id :18 not found in list
12-24 22:33:15.184 E/ClockPackSettingsUtils( 4743): isRoamingState: android.provider.Settings$SettingNotFoundException: easy_mode_switch
12-24 22:33:15.184 I/bauth_TLC_Communicator( 2600): Check the Trustlet return code is completed
12-24 22:33:15.184 I/QcSensorControl( 2600): BAuthDeviceSpiCtrl
12-24 22:33:15.184 I/qfp-vendorlib( 2600): QFPControl_DeviceSpiCtrl 0
12-24 22:33:15.184 I/QcSensorControl( 2600): scc 0
12-24 22:33:15.184 I/bauth_TLC_Communicator( 2600): Call FP cmd 0xc (76)
12-24 22:33:15.184 I/bauth_TLC_Communicator( 2600): Check Input Data Param buf addr =      0x0 , length = 0
12-24 22:33:15.184 E/QSEECOMPAT( 2600): invalid fd:0
12-24 22:33:15.184 E/QSEECOMPAT( 2600): invalid fd:0
12-24 22:33:15.184 D/HERMES#HalAdapter( 2812): get HermesHAL : vendor.samsung.hardware.security.hermes.ISehHermesCommand$Stub$Proxy@c7a7c05
12-24 22:33:15.184 I/LocationAccessPolicy( 4968): com.android.systemui is aware of fine but the app-ops permission is specifically denied.
12-24 22:33:15.184 I/LocationAccessPolicy( 4968): checkLocationPermission - callingUid: 10049, callingPid: 4743, resultForFine: DENIED_SOFT
12-24 22:33:15.184 I/LocationAccessPolicy( 4968): com.android.systemui is aware of coarse but the app-ops permission is specifically denied.
12-24 22:33:15.184 I/LocationAccessPolicy( 4968): checkLocationPermission - callingUid: 10049, callingPid: 4743, resultForCoarse: DENIED_SOFT
12-24 22:33:15.184 W/HERMES#HalAdapter( 2812): getExtAidlService: getExtension is null
12-24 22:33:15.185 I/CommonUtils( 4743): isNetworkRoaming id=1
12-24 22:33:15.185 I/CommonUtils( 4743): isNetworkRoaming: false
12-24 22:33:15.185 I/AODThemeSettingsHelper( 4743): getAODSelectedThemeClock = 0
12-24 22:33:15.185 D/PluginAODManager( 4743): removeNotiCollectionListener: 
12-24 22:33:15.185 I/PluginAODImpl( 4743): onDreamingStopped()
12-24 22:33:15.185 I/AlwaysOnDisplayEx( 4743): !@AlwaysOnDisplayEx: onDestroy hashCode=8806446
12-24 22:33:15.185 I/HERMES#ISOSECHW( 1989): HermesCommand.cpp(261) cmd [107] start...
12-24 22:33:15.185 I/HERMES#ISOSECHW( 1989): HermesCommand.cpp(236) SecnvmPowerOn start.
12-24 22:33:15.185 I/HERMES#ISOSECHW( 1989): k250aCommand.cpp(225) SecnvmPowerOn start.
12-24 22:33:15.186 I/AOD_TSP@AODTspEventController( 4743): setTouchMode: return by interactive
12-24 22:33:15.186 I/AOD_TSP@AODTspEventMonitor( 4743): unregister
12-24 22:33:15.186 I/bt_shim_scanner( 4972): system/main/shim/le_scanning_manager.cc:141 Unregister: in shim layer, scannerId=2
12-24 22:33:15.186 W/bluetooth( 4972): system/gd/hci/le_scanning_manager.cc:697 unregister_scanner: unregister_scanner
12-24 22:33:15.186 I/hermesd ( 1952): !@ hermes_secnvm_service.cpp(430) HERMES_CMD_NOTIFY_LOCKED(17) cmd_ret 0
12-24 22:33:15.186 W/ContextImpl( 7531): Calling a method in the system process without a qualified user: android.app.ContextImpl.startService:2068 android.content.ContextWrapper.startService:872 android.content.ContextWrapper.startService:872 com.sec.android.diagmonagent.sa.receiver.CFLogReceiver.onReceive:56 android.app.ActivityThread.handleReceiver:5663 
12-24 22:33:15.186 I/HERMES#ISOSECHW( 1989): k250aCommand.cpp(230) SecnvmPowerOn end.
12-24 22:33:15.186 I/HERMES#ISOSECHW( 1989): HermesCommand.cpp(271) cmd [107] end...[0]
12-24 22:33:15.186 I/MCFQS   (10736): (BleScanRepository) handleBleScanWorkMessage()-[td:main] try 84ms later
12-24 22:33:15.186 D/hwvault_tee( 1952): [DBG] (nwd_hv_secnvm.cpp:164) hwvault_clear_cached_kdm start
12-24 22:33:15.186 I/bt_shim_scanner( 4972): system/main/shim/le_scanning_manager.cc:233 ScanFilterAdd: in shim layer
12-24 22:33:15.187 I/ActivityManager( 2812): Changes in 99088 19 to 11, 0 to 128
12-24 22:33:15.187 I/ActivityManager( 2812): Changes in 10117 19 to 11, 0 to 128
12-24 22:33:15.187 I/HERMES#Service( 2812): notify key guard showing to hermesd ret : 0
12-24 22:33:15.187 I/AODUiTimer( 4743): removeAODTimeTickTimerListener
12-24 22:33:15.187 W/AODAlarmTimer_AOD_CHARGING_INFO_TICK( 4743): stop : not yet started 
12-24 22:33:15.187 I/AODStateMachine( 4743): request : (RUN) --> (IDLE) : canTransition (true)
12-24 22:33:15.188 I/AODCommonUtils( 4743): isSupportLiveClockImageProcessing liveClockVersion = -1
12-24 22:33:15.188 I/AODCommonUtils( 4743): isSupportLiveClockImagePrecessing : live clock NOT work - old device
12-24 22:33:15.188 I/AODCommonUtils( 4743): isSupportLiveClock: false
12-24 22:33:15.188 I/AlwaysOnDisplayEx( 4743): clearLiveClock do not support liveclock
12-24 22:33:15.188 I/AODSettingsUtils( 4743): updateAODDisplayTime => interval : 113
12-24 22:33:15.188 I/ActivityManager( 2812): Changes in 5025 8 to 8, 128 to 0
12-24 22:33:15.188 E/SmcInvoke_MinkDescriptor( 2600): mem obj with id :16 not found in list
12-24 22:33:15.188 I/AlwaysOnDisplayEx( 4743): clearAODTspRect
12-24 22:33:15.188 D/SemNativeCarrierFeature_vendor( 9673): getInstance
12-24 22:33:15.189 I/AODManagerService( 2812): updateAODTspRectInternal union: key : com.samsung.android.app.aodservice rect : Rect(0, 0 - 0, 0)
12-24 22:33:15.189 D/SemInputDeviceManager( 2812): setProperty: (100) CMD,AOD_RECT,0,0,0,0
12-24 22:33:15.189 I/SemInputCommandService( 2812): setPropertyAllTouch: AOD_RECT,0,0,0,0 retDefault=1 retExtra=-2
12-24 22:33:15.189 I/AbsSettings( 4743): putStringInner: updated AODSettingsDBItem / display_time=8626
12-24 22:33:15.189 D/SemInputDevice:TSP( 2812): SetPropertyTask: CMD,set_aod_rect,0,0,0,0 [12-24 22:33:15.189]
12-24 22:33:15.189 E/BluetoothUtils( 4972): Need ACCESS_FINE_LOCATION permission for AttributionSource { uid = 1002, packageName = com.android.bluetooth, attributionTag = null, token = android.os.Binder@2b5e7ea, deviceId = 0, next = AttributionSource { uid = 5006, packageName = com.samsung.android.beaconmanager, attributionTag = null, token = android.os.BinderProxy@58583fc, deviceId = 0, next = null } }
12-24 22:33:15.190 I/bt_shim_scanner( 4972): system/main/shim/le_scanning_manager.cc:197 ScanFilterParamSetup: in shim layer, clientIf=1
12-24 22:33:15.190 I/AbsSettings( 4743): putStringInner: updated AODSettingsDBItem / display_time_start=1766633595189
12-24 22:33:15.190 I/DozeMachine( 4743): transition: old=FINISH req=DOZE new=FINISH
12-24 22:33:15.190 I/MODManager( 4743): clearMODIfNeeded: finish MOD
12-24 22:33:15.190 I/AOD_CONFIG@AODConfigurationController( 4743): [transitionTo] RUN >> IDLE
12-24 22:33:15.190 I/AOD_CONFIG@AODConfigurationController( 4743): unregisterMonitor MONITOR_SEMCONTEXT
12-24 22:33:15.190 D/SensorService( 2812): setSContextDataLocked ints length 2 , byte length 4
12-24 22:33:15.190 D/SensorService( 2812): setSContextDataLocked f10047c1
12-24 22:33:15.191 I/AOD_CONFIG@AODConfigurationController( 4743): unregisterMonitor MONITOR_BROADCAST_PSM
12-24 22:33:15.191 E/AOD_CONFIG@AODConfigurationController( 4743): Skipping unregisterMonitor MONITOR_BROADCAST_WALLPAPER - no registered monitor
12-24 22:33:15.191 E/AOD_CONFIG@AODConfigurationController( 4743): Skipping unregisterMonitor MONITOR_FOLD_STATE - no registered monitor
12-24 22:33:15.191 I/AOD_CONFIG@AODConfigurationController( 4743): unregisterMonitor MONITOR_BROADCAST_ROAMING
12-24 22:33:15.191 I/AOD_CONFIG@AODConfigurationController( 4743): unregisterMonitor MONITOR_WEATHER_INFO_ENABLED
12-24 22:33:15.191 I/AOD_CONFIG@AODConfigurationController( 4743): unregisterMonitor MONITOR_BROADCAST_OMC
12-24 22:33:15.191 I/AODUiController( 4743): removeBottomUI: 
12-24 22:33:15.191 I/AODTimeTickTimerEx( 4743): stop
12-24 22:33:15.192 E/LoadedApk(18268): Exception : java.lang.NullPointerException: Attempt to invoke virtual method 'boolean android.os.Looper.isPerfLogEnable()' on a null object reference
12-24 22:33:15.192 D/SatelliteController( 4968): registerForSatelliteModemStateChanged: add Listeners for ModemState
12-24 22:33:15.192 E/SatelliteController( 4968): registerForSatelliteModemStateChanged: mSatelliteSessionController is not initialized yet
12-24 22:33:15.192 D/SemContextService( 2812): lock : unregisterCallback
12-24 22:33:15.192 D/SemContextService( 2812): Service.removeListenerLocked() : listener = com.samsung.android.hardware.context.SemContextService$Listener@8b37067, service = Carrying Detection, used = 0
12-24 22:33:15.192 W/CAE     ( 2812): unregisterCallback(ContextAwareService.java:230) - [unregi 01] Mutex is locked for DEVICE_PHYSICAL_CONTEXT_MONITOR
12-24 22:33:15.192 W/CAE     ( 2812): getListener(ListenerListManager.java:127) - [getListener1]  com.samsung.android.contextaware.ContextAwareManager$CaListenerDelegate@202410
12-24 22:33:15.192 W/CAE     ( 2812): getListener(ListenerListManager.java:128) - [getListener2]  com.samsung.android.contextaware.manager.ContextAwareService$Listener@9d090d3
12-24 22:33:15.192 I/AOD_TSP@AODTspEventController( 4743): setTouchMode: return by interactive
12-24 22:33:15.192 I/ViewPositionControllerManager( 4743): setMovingEnabled: supplier - aod.u@f57cf2 -> null
12-24 22:33:15.192 V/CAE     ( 2812): stop(ContextProvider.java:155)
12-24 22:33:15.192 I/ViewPositionControllerManager( 4743): unregisterListener: Clock
12-24 22:33:15.192 I/ViewPositionControllerManager( 4743): removePositionController: component=Clock, policy=PortClock, count=1
12-24 22:33:15.192 I/AODBatteryManager( 4743): updateBatteryData: ACTION_BATTERY_CHANGED: true, isSleepModeChanged:false ,isRemainingTimeChanged: false, isUSBRestriction: false
12-24 22:33:15.192 V/CAE     ( 2812): clear(DevicePhysicalContextMonitorRunner.java:680)
12-24 22:33:15.192 I/AODBatteryManager( 4743): saveBatteryData : AOD BatteryData [mBatteryLevel=16, mBatteryStatus=DISCHARGING, mBatteryPlugType=NOT_DEFINED, mBatteryPlugged=false, mRemainingChargeTime=2351000, mBatteryChargingType=0, mBatteryChargerType=NORMAL, mBatteryOnline=NONE, mBatterySwellingMode=NONE, mBatteryProtectMode=false, mBatteryProtectModeType=4, mSleepChargingEvent=null, mSleepChargingEventFinishTime=null, mBatteryHealth=2, mIsDirectPowerMode=false, mIsUsbRestriction=false]
12-24 22:33:15.192 V/CAE     ( 2812): disable(DevicePhysicalContextMonitorRunner.java:669)
12-24 22:33:15.192 I/ChargingInfoManager( 4743): removeMessages: 
12-24 22:33:15.192 W/AODAlarmTimer_HIDE_CHARGING_INFO_TIMER( 4743): stop : not yet started 
12-24 22:33:15.192 I/ChargingInfoManager( 4743): updateChargingInfo: newState = AOD ChargingInfo [mState=NONE, mIsCharging=false, mIsPlugged=false, mIsFullyCharged=false, mIsBatteryProtectMode=false, mBetteryLevel=16, mBetteryProtectModeType4, mIsSlowChargingfalse], oldState = AOD ChargingInfo [mState=NONE, mIsCharging=false, mIsPlugged=false, mIsFullyCharged=false, mIsBatteryProtectMode=false, mBetteryLevel=16, mBetteryProtectModeType4, mIsSlowChargingfalse]
12-24 22:33:15.192 I/AODUtils( 4743): supportStandAloneCharging: not charging
12-24 22:33:15.192 I/MODManager( 4743): unregister
12-24 22:33:15.193 I/AOD_BRIGHTNESS@BrightnessManager( 4743): releaseForceState: EDGE LIGHTING
12-24 22:33:15.193 I/sysinput:aidl( 1990): onReportInformation:93, 1, cmd@set_aod_rect,0,0,0,0:0
12-24 22:33:15.193 D/AODManagerService( 2812): unregisterAODDozeCallbackInternal
12-24 22:33:15.193 I/MODManager( 4743): unregisterFingerprintListener called
12-24 22:33:15.193 D/FingerprintService.Ext( 2812): unregisterAodController: 4743
12-24 22:33:15.193 E/MODManager( 4743): hideSubUIChargingInfo skip because mAODChargingInfoSubUiPresenter is null
12-24 22:33:15.193 D/SysinputHAL_AIDL( 2812): setProperty(TSP(1)): CMD, set_aod_rect,0,0,0,0 ret=0
12-24 22:33:15.193 I/sysinput:Touch1( 1990): operator():237, OK
12-24 22:33:15.193 E/SQLiteLog( 4743): (10) POSIX Error : 11 SQLite Error : 3850
12-24 22:33:15.193 E/SQLiteLog( 4743): (10) LOCK : Getting lock (4) failed due to (11). The current owner is (7319).
12-24 22:33:15.194 D/ScoverManager( 4743): unregisterListener
12-24 22:33:15.194 I/sensors-hal( 1948): inject_sensor_data:407, handle 1502 send inject
12-24 22:33:15.194 I/sensors-hal( 1948): sendContextData:290, sensor hal 4, (0xc1, 0x47, 0x0, 0xf1)
12-24 22:33:15.194 I/sensors-hal( 1948): sendContextData:230, activities 4 c1, 1
12-24 22:33:15.194 I/sensors-hal( 1948): sendUserData:251, Activities cmd 0xc1 0x47
12-24 22:33:15.194 I/sensors-hal( 1948): create_send_context_data:80, sending create_send_context_data
12-24 22:33:15.194 I/ChargingInfoManager( 4743): removeMessages: 
12-24 22:33:15.194 W/AODAlarmTimer_HIDE_CHARGING_INFO_TIMER( 4743): stop : not yet started 
12-24 22:33:15.194 I/sensors-hal( 1948): send_context_data:694, activities, 4914309220830019584, 1320970896291267344, msgid:700
12-24 22:33:15.194 I/AODCommonUtils( 4743): setLowFrequencyDrivenMode mode: client=aod scope=normal scalability=0 node=/sys/class/lcd/panel/vrr_lfd
12-24 22:33:15.194 I/sensors-hal( 1948): sendContextData:114, common_info 4
12-24 22:33:15.194 I/sensors-hal( 1948): sendUserData:137, CommonInfo 0xc1 0x47 0x0 0xf1
12-24 22:33:15.194 I/sensors-hal( 1948): create_send_context_data:70, sending create_send_context_data
12-24 22:33:15.195 I/sensors-hal( 1948): send_context_data:694, common_info, 4914309147815575552, 1320970896291267344, msgid:700
12-24 22:33:15.195 I/sensors-hal( 1948): write_algo_lcd_onoff_state:196, algo_lcd_onoff : 0xf1
12-24 22:33:15.195 I/AODPreventBurnInMonitor( 4743): stopAlarm = false
12-24 22:33:15.195 I/sensors-hal( 1948): qsh_conn_resp_cb:930, resp_value = 0 for activities 
12-24 22:33:15.195 I/sensors-hal( 1948): qsh_conn_resp_cb:930, resp_value = 0 for common_info 
12-24 22:33:15.195 I/SSC_DAEMON( 2026): handleSensorTestReqMsg:85, Sensor type :13, Msg type:15
12-24 22:33:15.196 I/SSC_DAEMON( 2026): physicalSensorTestReqMsg:162, 0.algo_id:18, num:3
