12-26 18:12:07.818  2812  6029 D InsetsSourceProvider: updateControlForTarget: control=InsetsSourceControl: {e4a90001 mType=navigationBars initiallyVisible mSurfacePosition=Point(2205, 0) mInsetsHint=Insets{left=0, top=0, right=135, bottom=0}}, target=Window{acc3015 u0 com.risa.app/com.risa.app.MainActivity}, from=com.android.server.wm.InsetsStateController.onControlTargetChanged:83 com.android.server.wm.InsetsPolicy.updateBarControlTarget:225 com.android.server.wm.DisplayPolicy.updateSystemBarAttributes:262 com.android.server.wm.WindowManagerService.updateFocusedWindowLocked:372 com.android.server.wm.WindowManagerService.relayoutWindow:1350 
12-26 18:12:07.818  2812  6029 D WindowManager: updateSystemBarAttributes: displayId=0, focusedCanBeNavColorWin=false, win=Window{acc3015 u0 com.risa.app/com.risa.app.MainActivity}, navColorWin=Window{acc3015 u0 com.risa.app/com.risa.app.MainActivity}, caller=com.android.server.wm.WindowManagerService.updateFocusedWindowLocked:372 com.android.server.wm.WindowManagerService.relayoutWindow:1350 com.android.server.wm.Session.relayout:27 
12-26 18:12:07.819  2812  6029 V SystemKeyManager: updateFocusedWindow() is called, com.risa.app/com.risa.app.MainActivity
12-26 18:12:07.838  2812  7912 D SurfaceComposerClient: setCornerRadius ## acc3015 com.risa.app/com.risa.app.MainActivity#75445 cornerRadius=0.000000
12-26 18:12:07.839  2812  7912 D SurfaceComposerClient: setCornerRadius ## acc3015 com.risa.app/com.risa.app.MainActivity#75445 cornerRadius=0.000000
12-26 18:12:07.848 13990 13990 I InsetsSourceConsumer: applyRequestedVisibilityToControl: visible=true, type=statusBars, host=com.risa.app/com.risa.app.MainActivity
12-26 18:12:07.849  2059  2059 D SurfaceFlinger:        DEVICE |           60086592471070 | 00000102 | RGBA_8888    |    0.0    0.0 2340.0 1080.0 |    0    0 1080 2340 | beb6089 SurfaceView[com.risa.app/com.risa.app.MainActivity]@0(BLAST)#75536 (491)
12-26 18:12:07.849  2059  2059 D SurfaceFlinger:        DEVICE |           60086592471076 | 00002100 | RGBA_8888    |    0.0    0.0 1080.0 2340.0 |    0    0 1080 2340 | com.risa.app/com.risa.app.MainActivity$_13990#75533 (2)
12-26 18:12:07.849 13990 13990 I InsetsSourceConsumer: applyRequestedVisibilityToControl: visible=true, type=navigationBars, host=com.risa.app/com.risa.app.MainActivity
12-26 18:12:07.849  2059  2401 D SurfaceFlinger: [input] setFocusedWindow: acc3015 com.risa.app/com.risa.app.MainActivity
12-26 18:12:07.849  2812  7779 D InputDispatcher: Once focus requested (0): acc3015 com.risa.app/com.risa.app.MainActivity
12-26 18:12:07.849  2812  7779 D InputDispatcher: Focus entered window (0): acc3015 com.risa.app/com.risa.app.MainActivity
12-26 18:12:07.849 13990 13990 I flutter : EPG: Persisted programs to DB (300 channels)
12-26 18:12:07.851  2812  4220 I ImeTracker: com.risa.app:543219a9: onRequestHide at ORIGIN_SERVER reason HIDE_SAME_WINDOW_FOCUSED_WITHOUT_EDITOR fromUser false
12-26 18:12:07.852 13990 13990 I ImeTracker: com.risa.app:543219a9: onCancelled at PHASE_CLIENT_ALREADY_HIDDEN
12-26 18:12:07.865  8163  8163 I HBD     : b [AiWriter] setContact : com.risa.app
12-26 18:12:08.354  2812  3124 D SGM:GameManager: identifyForegroundApp. com.risa.app, mCurrentUserId: 0, callerUserId: 0
12-26 18:12:08.771  2812  4617 D SGM:GameManager: identifyGamePackage. com.risa.app, mCurrentUserId: 0, callingMethodInfo: com.samsung.android.game.SemGameManager.isGamePackage(SemGameManager.java:106)
12-26 18:12:08.771  2812  4617 D SGM:SemGameManager: isGamePackage(), pkgName=com.risa.app, ret=false
12-26 18:12:08.905 13990 13990 I flutter : EPG: Saved normalized mapping (310 entries) to /data/user/0/com.risa.app/files/epg_normalized.json
12-26 18:12:08.905 13990 13990 I flutter : EPG: Successfully parsed 300 channels and 305 IDs
12-26 18:12:08.905 13990 13990 I flutter : EPG: Service state - URL: https://dragtvplus.lol/xmltv.php?username=bobby&password=09052757, Available channels: 305, Loaded channels: 300
12-26 18:12:08.915 13990 13990 I flutter : EPG: Initializing...
12-26 18:12:08.919 13990 13990 I flutter : EPG: Initializing with URL: https://dragtvplus.lol/xmltv.php?username=bobby&password=09052757
12-26 18:12:08.922 13990 13990 I flutter : EPG: Loaded normalized mapping from file (310 entries)
12-26 18:12:08.924 13990 13990 I flutter : EPG: Cache is valid. Age: 33 minutes. Size: 66.00 MB
12-26 18:12:08.924 13990 13990 I flutter : EPG: Using valid cached file, skipping download.
12-26 18:12:08.925 13990 13990 I flutter : EPG: Starting background parsing...
12-26 18:12:08.932 13990 13990 I flutter : EPG: Init skipped (in flight)
12-26 18:12:09.470 13990 13990 I flutter : EPG: Persisted programs to DB (300 channels)
12-26 18:12:09.805  1176  1176 D io_stats: !@ Write_top(KB): com.risa.app(13990) 50860 kworker/u16:5(9201) 20224 kworker/u16:15(19518) 14848
12-26 18:12:10.331 13990 13990 I flutter : EPG: Saved normalized mapping (310 entries) to /data/user/0/com.risa.app/files/epg_normalized.json
12-26 18:12:10.331 13990 13990 I flutter : EPG: Successfully parsed 300 channels and 305 IDs
12-26 18:12:10.331 13990 13990 I flutter : EPG: Service state - URL: https://dragtvplus.lol/xmltv.php?username=bobby&password=09052757, Available channels: 305, Loaded channels: 300
12-26 18:12:10.333 13990 13990 I flutter : EPG: Initializing...
12-26 18:12:10.335 13990 13990 I flutter : EPG: Initializing with URL: https://dragtvplus.lol/xmltv.php?username=bobby&password=09052757
12-26 18:12:10.339 13990 13990 I flutter : EPG: Loaded normalized mapping from file (310 entries)
12-26 18:12:10.340 13990 13990 I flutter : EPG: Cache is valid. Age: 33 minutes. Size: 66.00 MB
12-26 18:12:10.340 13990 13990 I flutter : EPG: Using valid cached file, skipping download.
12-26 18:12:10.341 13990 13990 I flutter : EPG: Starting background parsing...
12-26 18:12:10.350 13990 13990 I flutter : EPG: Init skipped (in flight)
12-26 18:12:10.917 13990 13990 I flutter : EPG: Persisted programs to DB (300 channels)
12-26 18:12:11.738 13990 13990 I flutter : EPG: Saved normalized mapping (310 entries) to /data/user/0/com.risa.app/files/epg_normalized.json
12-26 18:12:11.738 13990 13990 I flutter : EPG: Successfully parsed 300 channels and 305 IDs
12-26 18:12:11.738 13990 13990 I flutter : EPG: Service state - URL: https://dragtvplus.lol/xmltv.php?username=bobby&password=09052757, Available channels: 305, Loaded channels: 300
12-26 18:12:11.751 13990 13990 I flutter : EPG: Initializing...
12-26 18:12:11.754 13990 13990 I flutter : EPG: Initializing with URL: https://dragtvplus.lol/xmltv.php?username=bobby&password=09052757
12-26 18:12:11.757 13990 13990 I flutter : EPG: Loaded normalized mapping from file (310 entries)
12-26 18:12:11.758 13990 13990 I flutter : EPG: Cache is valid. Age: 33 minutes. Size: 66.00 MB
12-26 18:12:11.758 13990 13990 I flutter : EPG: Using valid cached file, skipping download.
12-26 18:12:11.759 13990 13990 I flutter : EPG: Starting background parsing...
12-26 18:12:11.767 13990 13990 I flutter : EPG: Init skipped (in flight)
12-26 18:12:11.782  2812  4617 D SGM:GameManager: identifyGamePackage. com.risa.app, mCurrentUserId: 0, callingMethodInfo: com.samsung.android.game.SemGameManager.isGamePackage(SemGameManager.java:106)
12-26 18:12:11.782  2812  4617 D SGM:SemGameManager: isGamePackage(), pkgName=com.risa.app, ret=false
12-26 18:12:12.383 13990 13990 I flutter : EPG: Persisted programs to DB (300 channels)
12-26 18:12:13.177 13990 13990 I flutter : EPG: Saved normalized mapping (310 entries) to /data/user/0/com.risa.app/files/epg_normalized.json
12-26 18:12:13.177 13990 13990 I flutter : EPG: Successfully parsed 300 channels and 305 IDs
12-26 18:12:13.177 13990 13990 I flutter : EPG: Service state - URL: https://dragtvplus.lol/xmltv.php?username=bobby&password=09052757, Available channels: 305, Loaded channels: 300
12-26 18:12:13.187 13990 13990 I flutter : EPG: Initializing...
12-26 18:12:13.190 13990 13990 I flutter : EPG: Initializing with URL: https://dragtvplus.lol/xmltv.php?username=bobby&password=09052757
12-26 18:12:13.195 13990 13990 I flutter : EPG: Loaded normalized mapping from file (310 entries)
12-26 18:12:13.197 13990 13990 I flutter : EPG: Cache is valid. Age: 33 minutes. Size: 66.00 MB
12-26 18:12:13.197 13990 13990 I flutter : EPG: Using valid cached file, skipping download.
12-26 18:12:13.197 13990 13990 I flutter : EPG: Starting background parsing...
12-26 18:12:13.204 13990 13990 I flutter : EPG: Init skipped (in flight)
12-26 18:12:13.807  1176  1176 D io_stats: !@ Write_top(KB): com.risa.app(13990) 70980 kworker/u16:5(9201) 4424 kworker/u16:3(9199) 572
12-26 18:12:13.910 13990 13990 I flutter : EPG: Persisted programs to DB (300 channels)
12-26 18:12:14.615 13990 13990 I flutter : EPG: Saved normalized mapping (310 entries) to /data/user/0/com.risa.app/files/epg_normalized.json
12-26 18:12:14.615 13990 13990 I flutter : EPG: Successfully parsed 300 channels and 305 IDs
12-26 18:12:14.615 13990 13990 I flutter : EPG: Service state - URL: https://dragtvplus.lol/xmltv.php?username=bobby&password=09052757, Available channels: 305, Loaded channels: 300
12-26 18:12:14.622 13990 13990 I flutter : EPG: Initializing...
12-26 18:12:14.625 13990 13990 I flutter : EPG: Initializing with URL: https://dragtvplus.lol/xmltv.php?username=bobby&password=09052757
12-26 18:12:14.634 13990 13990 I flutter : EPG: Loaded normalized mapping from file (310 entries)
12-26 18:12:14.636 13990 13990 I flutter : EPG: Cache is valid. Age: 33 minutes. Size: 66.00 MB
12-26 18:12:14.636 13990 13990 I flutter : EPG: Using valid cached file, skipping download.
12-26 18:12:14.637 13990 13990 I flutter : EPG: Starting background parsing...
12-26 18:12:14.639 13990 13990 I flutter : EPG: Init skipped (in flight)
12-26 18:12:14.808  2812  4617 D SGM:GameManager: identifyGamePackage. com.risa.app, mCurrentUserId: 0, callingMethodInfo: com.samsung.android.game.SemGameManager.isGamePackage(SemGameManager.java:106)
12-26 18:12:14.809  2812  4617 D SGM:SemGameManager: isGamePackage(), pkgName=com.risa.app, ret=false
12-26 18:12:15.228 13990 13990 I flutter : EPG: Persisted programs to DB (300 channels)
12-26 18:12:16.059 13990 13990 I flutter : EPG: Saved normalized mapping (310 entries) to /data/user/0/com.risa.app/files/epg_normalized.json
12-26 18:12:16.059 13990 13990 I flutter : EPG: Successfully parsed 300 channels and 305 IDs
12-26 18:12:16.059 13990 13990 I flutter : EPG: Service state - URL: https://dragtvplus.lol/xmltv.php?username=bobby&password=09052757, Available channels: 305, Loaded channels: 300
12-26 18:12:16.074 13990 13990 I flutter : EPG: Initializing...
12-26 18:12:16.076 13990 13990 I flutter : EPG: Initializing with URL: https://dragtvplus.lol/xmltv.php?username=bobby&password=09052757
12-26 18:12:16.081 13990 13990 I flutter : EPG: Loaded normalized mapping from file (310 entries)
12-26 18:12:16.083 13990 13990 I flutter : EPG: Cache is valid. Age: 33 minutes. Size: 66.00 MB
12-26 18:12:16.083 13990 13990 I flutter : EPG: Using valid cached file, skipping download.
12-26 18:12:16.084 13990 13990 I flutter : EPG: Starting background parsing...
12-26 18:12:16.091 13990 13990 I flutter : EPG: Init skipped (in flight)
12-26 18:12:16.771 13990 13990 I flutter : EPG: Persisted programs to DB (300 channels)
12-26 18:12:17.481 13990 13990 I flutter : EPG: Saved normalized mapping (310 entries) to /data/user/0/com.risa.app/files/epg_normalized.json
12-26 18:12:17.481 13990 13990 I flutter : EPG: Successfully parsed 300 channels and 305 IDs
12-26 18:12:17.481 13990 13990 I flutter : EPG: Service state - URL: https://dragtvplus.lol/xmltv.php?username=bobby&password=09052757, Available channels: 305, Loaded channels: 300
12-26 18:12:17.491 13990 13990 I flutter : EPG: Initializing...
12-26 18:12:17.494 13990 13990 I flutter : EPG: Initializing with URL: https://dragtvplus.lol/xmltv.php?username=bobby&password=09052757
12-26 18:12:17.499 13990 13990 I flutter : EPG: Loaded normalized mapping from file (310 entries)
12-26 18:12:17.500 13990 13990 I flutter : EPG: Cache is valid. Age: 33 minutes. Size: 66.00 MB
12-26 18:12:17.500 13990 13990 I flutter : EPG: Using valid cached file, skipping download.
12-26 18:12:17.501 13990 13990 I flutter : EPG: Starting background parsing...
12-26 18:12:17.507 13990 13990 I flutter : EPG: Init skipped (in flight)
12-26 18:12:17.809  1176  1176 D io_stats: !@ Write_top(KB): com.risa.app(13990) 72124 kworker/u16:3(9199) 4036 chbox:googleapp(10253) 4
12-26 18:12:17.810  2812  4617 D SGM:GameManager: identifyGamePackage. com.risa.app, mCurrentUserId: 0, callingMethodInfo: com.samsung.android.game.SemGameManager.isGamePackage(SemGameManager.java:106)
12-26 18:12:17.810  2812  4617 D SGM:SemGameManager: isGamePackage(), pkgName=com.risa.app, ret=false
12-26 18:12:18.030 13990 13990 I flutter : EPG: Persisted programs to DB (300 channels)
12-26 18:12:18.905 13990 13990 I flutter : EPG: Saved normalized mapping (310 entries) to /data/user/0/com.risa.app/files/epg_normalized.json
12-26 18:12:18.906 13990 13990 I flutter : EPG: Successfully parsed 300 channels and 305 IDs
12-26 18:12:18.906 13990 13990 I flutter : EPG: Service state - URL: https://dragtvplus.lol/xmltv.php?username=bobby&password=09052757, Available channels: 305, Loaded channels: 300
12-26 18:12:18.911 13990 13990 I flutter : EPG: Initializing...
12-26 18:12:18.913 13990 13990 I flutter : EPG: Initializing with URL: https://dragtvplus.lol/xmltv.php?username=bobby&password=09052757
12-26 18:12:18.915 13990 13990 I flutter : EPG: Loaded normalized mapping from file (310 entries)
12-26 18:12:18.916 13990 13990 I flutter : EPG: Cache is valid. Age: 33 minutes. Size: 66.00 MB
12-26 18:12:18.917 13990 13990 I flutter : EPG: Using valid cached file, skipping download.
12-26 18:12:18.917 13990 13990 I flutter : EPG: Starting background parsing...
12-26 18:12:18.928 13990 13990 I flutter : EPG: Init skipped (in flight)
12-26 18:12:19.482 13990 13990 I flutter : EPG: Persisted programs to DB (300 channels)
12-26 18:12:20.317 13990 13990 I flutter : EPG: Saved normalized mapping (310 entries) to /data/user/0/com.risa.app/files/epg_normalized.json
12-26 18:12:20.317 13990 13990 I flutter : EPG: Successfully parsed 300 channels and 305 IDs
12-26 18:12:20.317 13990 13990 I flutter : EPG: Service state - URL: https://dragtvplus.lol/xmltv.php?username=bobby&password=09052757, Available channels: 305, Loaded channels: 300
12-26 18:12:20.329 13990 13990 I flutter : EPG: Initializing...
12-26 18:12:20.332 13990 13990 I flutter : EPG: Initializing with URL: https://dragtvplus.lol/xmltv.php?username=bobby&password=09052757
12-26 18:12:20.339 13990 13990 I flutter : EPG: Loaded normalized mapping from file (310 entries)
12-26 18:12:20.341 13990 13990 I flutter : EPG: Cache is valid. Age: 33 minutes. Size: 66.00 MB
12-26 18:12:20.341 13990 13990 I flutter : EPG: Using valid cached file, skipping download.
12-26 18:12:20.342 13990 13990 I flutter : EPG: Starting background parsing...
12-26 18:12:20.346 13990 13990 I flutter : EPG: Init skipped (in flight)
12-26 18:12:20.829  2812  4617 D SGM:GameManager: identifyGamePackage. com.risa.app, mCurrentUserId: 0, callingMethodInfo: com.samsung.android.game.SemGameManager.isGamePackage(SemGameManager.java:106)
12-26 18:12:20.829  2812  4617 D SGM:SemGameManager: isGamePackage(), pkgName=com.risa.app, ret=false
12-26 18:12:21.120 13990 13990 I flutter : EPG: Persisted programs to DB (300 channels)
12-26 18:12:21.714 13990 13990 I flutter : EPG: Saved normalized mapping (310 entries) to /data/user/0/com.risa.app/files/epg_normalized.json
12-26 18:12:21.714 13990 13990 I flutter : EPG: Successfully parsed 300 channels and 305 IDs
12-26 18:12:21.715 13990 13990 I flutter : EPG: Service state - URL: https://dragtvplus.lol/xmltv.php?username=bobby&password=09052757, Available channels: 305, Loaded channels: 300
12-26 18:12:21.730 13990 13990 I flutter : EPG: Initializing...
12-26 18:12:21.734 13990 13990 I flutter : EPG: Initializing with URL: https://dragtvplus.lol/xmltv.php?username=bobby&password=09052757
12-26 18:12:21.741 13990 13990 I flutter : EPG: Loaded normalized mapping from file (310 entries)
12-26 18:12:21.743 13990 13990 I flutter : EPG: Cache is valid. Age: 33 minutes. Size: 66.00 MB
12-26 18:12:21.743 13990 13990 I flutter : EPG: Using valid cached file, skipping download.
12-26 18:12:21.744 13990 13990 I flutter : EPG: Starting background parsing...
12-26 18:12:21.746 13990 13990 I flutter : EPG: Init skipped (in flight)
12-26 18:12:21.812  1176  1176 D io_stats: !@ Write_top(KB): com.risa.app(13990) 71112 kworker/u16:3(9199) 2624 rdash.driverapp(4350) 4
12-26 18:12:22.448 13990 13990 I flutter : EPG: Persisted programs to DB (300 channels)
12-26 18:12:23.131 13990 13990 I flutter : EPG: Saved normalized mapping (310 entries) to /data/user/0/com.risa.app/files/epg_normalized.json
12-26 18:12:23.131 13990 13990 I flutter : EPG: Successfully parsed 300 channels and 305 IDs
12-26 18:12:23.132 13990 13990 I flutter : EPG: Service state - URL: https://dragtvplus.lol/xmltv.php?username=bobby&password=09052757, Available channels: 305, Loaded channels: 300
12-26 18:12:23.149 13990 13990 I flutter : EPG: Initializing...
12-26 18:12:23.152 13990 13990 I flutter : EPG: Initializing with URL: https://dragtvplus.lol/xmltv.php?username=bobby&password=09052757
12-26 18:12:23.163 13990 13990 I flutter : EPG: Loaded normalized mapping from file (310 entries)
12-26 18:12:23.165 13990 13990 I flutter : EPG: Cache is valid. Age: 33 minutes. Size: 66.00 MB
12-26 18:12:23.165 13990 13990 I flutter : EPG: Using valid cached file, skipping download.
12-26 18:12:23.166 13990 13990 I flutter : EPG: Init skipped (in flight)
12-26 18:12:23.169 13990 13990 I flutter : EPG: Starting background parsing...
12-26 18:12:23.182 13990 13990 I flutter : EPG: Init skipped (in flight)
12-26 18:12:23.839  2812  4617 D SGM:GameManager: identifyGamePackage. com.risa.app, mCurrentUserId: 0, callingMethodInfo: com.samsung.android.game.SemGameManager.isGamePackage(SemGameManager.java:106)
12-26 18:12:23.839  2812  4617 D SGM:SemGameManager: isGamePackage(), pkgName=com.risa.app, ret=false
12-26 18:12:23.941 13990 13990 I flutter : EPG: Persisted programs to DB (300 channels)
12-26 18:12:24.578 13990 13990 I flutter : EPG: Saved normalized mapping (310 entries) to /data/user/0/com.risa.app/files/epg_normalized.json
12-26 18:12:24.578 13990 13990 I flutter : EPG: Successfully parsed 300 channels and 305 IDs
12-26 18:12:24.578 13990 13990 I flutter : EPG: Service state - URL: https://dragtvplus.lol/xmltv.php?username=bobby&password=09052757, Available channels: 305, Loaded channels: 300
12-26 18:12:24.582 13990 13990 I flutter : EPG: Initializing...
12-26 18:12:24.585 13990 13990 I flutter : EPG: Initializing with URL: https://dragtvplus.lol/xmltv.php?username=bobby&password=09052757
12-26 18:12:24.589 13990 13990 I flutter : EPG: Loaded normalized mapping from file (310 entries)
12-26 18:12:24.589 13990 13990 I flutter : EPG: Cache is valid. Age: 33 minutes. Size: 66.00 MB
12-26 18:12:24.589 13990 13990 I flutter : EPG: Using valid cached file, skipping download.
12-26 18:12:24.590 13990 13990 I flutter : EPG: Starting background parsing...
12-26 18:12:24.599 13990 13990 I flutter : EPG: Init skipped (in flight)
12-26 18:12:25.149 13990 13990 I flutter : EPG: Persisted programs to DB (300 channels)
12-26 18:12:25.814  1176  1176 D io_stats: !@ Write_top(KB): com.risa.app(13990) 56028 kworker/u16:3(9199) 2116 .sec.imsservice(5025) 8
12-26 18:12:25.928 13990 13990 I flutter : EPG: Saved normalized mapping (310 entries) to /data/user/0/com.risa.app/files/epg_normalized.json
12-26 18:12:25.928 13990 13990 I flutter : EPG: Successfully parsed 300 channels and 305 IDs
12-26 18:12:25.928 13990 13990 I flutter : EPG: Service state - URL: https://dragtvplus.lol/xmltv.php?username=bobby&password=09052757, Available channels: 305, Loaded channels: 300
12-26 18:12:25.935 13990 13990 I flutter : EPG: Initializing...
12-26 18:12:25.936 13990 13990 I flutter : EPG: Initializing with URL: https://dragtvplus.lol/xmltv.php?username=bobby&password=09052757
12-26 18:12:25.937 13990 13990 I flutter : EPG: Loaded normalized mapping from file (310 entries)
12-26 18:12:25.938 13990 13990 I flutter : EPG: Cache is valid. Age: 33 minutes. Size: 66.00 MB
12-26 18:12:25.938 13990 13990 I flutter : EPG: Using valid cached file, skipping download.
12-26 18:12:25.939 13990 13990 I flutter : EPG: Starting background parsing...
12-26 18:12:25.951 13990 13990 I flutter : EPG: Init skipped (in flight)
12-26 18:12:26.331 13990 13990 I flutter : EPG: Persisted programs to DB (300 channels)
12-26 18:12:26.842  2812  4617 D SGM:GameManager: identifyGamePackage. com.risa.app, mCurrentUserId: 0, callingMethodInfo: com.samsung.android.game.SemGameManager.isGamePackage(SemGameManager.java:106)
12-26 18:12:26.842  2812  4617 D SGM:SemGameManager: isGamePackage(), pkgName=com.risa.app, ret=false
12-26 18:12:27.241 13990 13990 I flutter : EPG: Saved normalized mapping (310 entries) to /data/user/0/com.risa.app/files/epg_normalized.json
12-26 18:12:27.241 13990 13990 I flutter : EPG: Successfully parsed 300 channels and 305 IDs
12-26 18:12:27.241 13990 13990 I flutter : EPG: Service state - URL: https://dragtvplus.lol/xmltv.php?username=bobby&password=09052757, Available channels: 305, Loaded channels: 300
12-26 18:12:27.253 13990 13990 I flutter : EPG: Initializing...
12-26 18:12:27.254 13990 13990 I flutter : EPG: Initializing with URL: https://dragtvplus.lol/xmltv.php?username=bobby&password=09052757
12-26 18:12:27.257 13990 13990 I flutter : EPG: Loaded normalized mapping from file (310 entries)
12-26 18:12:27.259 13990 13990 I flutter : EPG: Cache is valid. Age: 33 minutes. Size: 66.00 MB
12-26 18:12:27.259 13990 13990 I flutter : EPG: Using valid cached file, skipping download.
12-26 18:12:27.259 13990 13990 I flutter : EPG: Starting background parsing...
12-26 18:12:27.269 13990 13990 I flutter : EPG: Init skipped (in flight)
12-26 18:12:27.611 13990 13990 I flutter : EPG: Persisted programs to DB (300 channels)
12-26 18:12:28.625 13990 13990 I flutter : EPG: Saved normalized mapping (310 entries) to /data/user/0/com.risa.app/files/epg_normalized.json
12-26 18:12:28.626 13990 13990 I flutter : EPG: Successfully parsed 300 channels and 305 IDs
12-26 18:12:28.626 13990 13990 I flutter : EPG: Service state - URL: https://dragtvplus.lol/xmltv.php?username=bobby&password=09052757, Available channels: 305, Loaded channels: 300
12-26 18:12:28.637 13990 13990 I flutter : EPG: Initializing...
12-26 18:12:28.640 13990 13990 I flutter : EPG: Initializing with URL: https://dragtvplus.lol/xmltv.php?username=bobby&password=09052757
12-26 18:12:28.647 13990 13990 I flutter : EPG: Loaded normalized mapping from file (310 entries)
12-26 18:12:28.648 13990 13990 I flutter : EPG: Cache is valid. Age: 33 minutes. Size: 66.00 MB
12-26 18:12:28.648 13990 13990 I flutter : EPG: Using valid cached file, skipping download.
12-26 18:12:28.649 13990 13990 I flutter : EPG: Starting background parsing...
12-26 18:12:28.654 13990 13990 I flutter : EPG: Init skipped (in flight)
12-26 18:12:29.174 13990 13990 I flutter : EPG: Persisted programs to DB (300 channels)
12-26 18:12:29.816  1176  1176 D io_stats: !@ Write_top(KB): com.risa.app(13990) 71156 kworker/u16:3(9199) 8816 f2fs_ckpt-254:6(1290) 492
12-26 18:12:29.874  2812  4617 D SGM:GameManager: identifyGamePackage. com.risa.app, mCurrentUserId: 0, callingMethodInfo: com.samsung.android.game.SemGameManager.isGamePackage(SemGameManager.java:106)
12-26 18:12:29.875  2812  4617 D SGM:SemGameManager: isGamePackage(), pkgName=com.risa.app, ret=false
12-26 18:12:30.078 13990 13990 I flutter : EPG: Saved normalized mapping (310 entries) to /data/user/0/com.risa.app/files/epg_normalized.json
12-26 18:12:30.079 13990 13990 I flutter : EPG: Successfully parsed 300 channels and 305 IDs
12-26 18:12:30.079 13990 13990 I flutter : EPG: Service state - URL: https://dragtvplus.lol/xmltv.php?username=bobby&password=09052757, Available channels: 305, Loaded channels: 300
12-26 18:12:30.089 13990 13990 I flutter : EPG: Initializing...
12-26 18:12:30.092 13990 13990 I flutter : EPG: Initializing with URL: https://dragtvplus.lol/xmltv.php?username=bobby&password=09052757
12-26 18:12:30.099 13990 13990 I flutter : EPG: Loaded normalized mapping from file (310 entries)
12-26 18:12:30.101 13990 13990 I flutter : EPG: Cache is valid. Age: 33 minutes. Size: 66.00 MB
12-26 18:12:30.101 13990 13990 I flutter : EPG: Using valid cached file, skipping download.
12-26 18:12:30.102 13990 13990 I flutter : EPG: Starting background parsing...
12-26 18:12:30.106 13990 13990 I flutter : EPG: Init skipped (in flight)
12-26 18:12:30.156  2059  2059 I SurfaceFlinger: [com.risa.app/com.risa.app.MainActivity$_13990#75533] setFrameRateCategory: HighHint
12-26 18:12:30.743 13990 13990 I flutter : EPG: Persisted programs to DB (300 channels)
12-26 18:12:31.527 13990 13990 I flutter : EPG: Saved normalized mapping (310 entries) to /data/user/0/com.risa.app/files/epg_normalized.json
12-26 18:12:31.527 13990 13990 I flutter : EPG: Successfully parsed 300 channels and 305 IDs
12-26 18:12:31.528 13990 13990 I flutter : EPG: Service state - URL: https://dragtvplus.lol/xmltv.php?username=bobby&password=09052757, Available channels: 305, Loaded channels: 300
12-26 18:12:31.541 13990 13990 I flutter : EPG: Initializing...
12-26 18:12:31.543 13990 13990 I flutter : EPG: Initializing with URL: https://dragtvplus.lol/xmltv.php?username=bobby&password=09052757
12-26 18:12:31.548 13990 13990 I flutter : EPG: Loaded normalized mapping from file (310 entries)
12-26 18:12:31.549 13990 13990 I flutter : EPG: Cache is valid. Age: 33 minutes. Size: 66.00 MB
12-26 18:12:31.550 13990 13990 I flutter : EPG: Using valid cached file, skipping download.
12-26 18:12:31.550 13990 13990 I flutter : EPG: Starting background parsing...
12-26 18:12:31.557 13990 13990 I flutter : EPG: Init skipped (in flight)
12-26 18:12:32.121 13990 13990 I flutter : EPG: Persisted programs to DB (300 channels)
12-26 18:12:32.894  2812  4617 D SGM:GameManager: identifyGamePackage. com.risa.app, mCurrentUserId: 0, callingMethodInfo: com.samsung.android.game.SemGameManager.isGamePackage(SemGameManager.java:106)
12-26 18:12:32.894  2812  4617 D SGM:SemGameManager: isGamePackage(), pkgName=com.risa.app, ret=false
12-26 18:12:32.916 13990 13990 I flutter : EPG: Saved normalized mapping (310 entries) to /data/user/0/com.risa.app/files/epg_normalized.json
12-26 18:12:32.916 13990 13990 I flutter : EPG: Successfully parsed 300 channels and 305 IDs
12-26 18:12:32.916 13990 13990 I flutter : EPG: Service state - URL: https://dragtvplus.lol/xmltv.php?username=bobby&password=09052757, Available channels: 305, Loaded channels: 300
12-26 18:12:32.925 13990 13990 I flutter : EPG: Initializing...
12-26 18:12:32.927 13990 13990 I flutter : EPG: Initializing with URL: https://dragtvplus.lol/xmltv.php?username=bobby&password=09052757
12-26 18:12:32.929 13990 13990 I flutter : EPG: Loaded normalized mapping from file (310 entries)
12-26 18:12:32.930 13990 13990 I flutter : EPG: Cache is valid. Age: 33 minutes. Size: 66.00 MB
12-26 18:12:32.930 13990 13990 I flutter : EPG: Using valid cached file, skipping download.
12-26 18:12:32.930 13990 13990 I flutter : EPG: Starting background parsing...
12-26 18:12:32.943 13990 13990 I flutter : EPG: Init skipped (in flight)
12-26 18:12:33.175  2059  2059 I SurfaceFlinger: [com.risa.app/com.risa.app.MainActivity$_13990#75533] setFrameRateCategory: NoPreference
12-26 18:12:33.568 13990 13990 I flutter : EPG: Persisted programs to DB (300 channels)
12-26 18:12:33.822  1176  1176 D io_stats: !@ Write_top(KB): com.risa.app(13990) 74720 kworker/u16:8(29483) 2208 f2fs_ckpt-254:6(1290) 60
12-26 18:12:34.331 13990 13990 I flutter : EPG: Saved normalized mapping (310 entries) to /data/user/0/com.risa.app/files/epg_normalized.json
12-26 18:12:34.331 13990 13990 I flutter : EPG: Successfully parsed 300 channels and 305 IDs
12-26 18:12:34.331 13990 13990 I flutter : EPG: Service state - URL: https://dragtvplus.lol/xmltv.php?username=bobby&password=09052757, Available channels: 305, Loaded channels: 300
12-26 18:12:34.344 13990 13990 I flutter : EPG: Initializing...
12-26 18:12:34.346 13990 13990 I flutter : EPG: Initializing with URL: https://dragtvplus.lol/xmltv.php?username=bobby&password=09052757
12-26 18:12:34.350 13990 13990 I flutter : EPG: Loaded normalized mapping from file (310 entries)
12-26 18:12:34.352 13990 13990 I flutter : EPG: Cache is valid. Age: 33 minutes. Size: 66.00 MB
12-26 18:12:34.352 13990 13990 I flutter : EPG: Using valid cached file, skipping download.
12-26 18:12:34.353 13990 13990 I flutter : EPG: Starting background parsing...
12-26 18:12:34.361 13990 13990 I flutter : EPG: Init skipped (in flight)
12-26 18:12:34.903 13990 13990 I flutter : EPG: Persisted programs to DB (300 channels)
12-26 18:12:35.720 13990 13990 I flutter : EPG: Saved normalized mapping (310 entries) to /data/user/0/com.risa.app/files/epg_normalized.json
12-26 18:12:35.720 13990 13990 I flutter : EPG: Successfully parsed 300 channels and 305 IDs
12-26 18:12:35.720 13990 13990 I flutter : EPG: Service state - URL: https://dragtvplus.lol/xmltv.php?username=bobby&password=09052757, Available channels: 305, Loaded channels: 300
12-26 18:12:35.728 13990 13990 I flutter : EPG: Initializing...
12-26 18:12:35.731 13990 13990 I flutter : EPG: Initializing with URL: https://dragtvplus.lol/xmltv.php?username=bobby&password=09052757
12-26 18:12:35.736 13990 13990 I flutter : EPG: Loaded normalized mapping from file (310 entries)
12-26 18:12:35.737 13990 13990 I flutter : EPG: Cache is valid. Age: 33 minutes. Size: 66.00 MB
12-26 18:12:35.737 13990 13990 I flutter : EPG: Using valid cached file, skipping download.
12-26 18:12:35.738 13990 13990 I flutter : EPG: Starting background parsing...
12-26 18:12:35.745 13990 13990 I flutter : EPG: Init skipped (in flight)
12-26 18:12:35.903  2812  4617 D SGM:GameManager: identifyGamePackage. com.risa.app, mCurrentUserId: 0, callingMethodInfo: com.samsung.android.game.SemGameManager.isGamePackage(SemGameManager.java:106)
12-26 18:12:35.903  2812  4617 D SGM:SemGameManager: isGamePackage(), pkgName=com.risa.app, ret=false
12-26 18:12:36.449 13990 13990 I flutter : EPG: Persisted programs to DB (300 channels)
12-26 18:12:37.140 13990 13990 I flutter : EPG: Saved normalized mapping (310 entries) to /data/user/0/com.risa.app/files/epg_normalized.json
12-26 18:12:37.140 13990 13990 I flutter : EPG: Successfully parsed 300 channels and 305 IDs
12-26 18:12:37.140 13990 13990 I flutter : EPG: Service state - URL: https://dragtvplus.lol/xmltv.php?username=bobby&password=09052757, Available channels: 305, Loaded channels: 300
12-26 18:12:37.146 13990 13990 I flutter : EPG: Initializing...
12-26 18:12:37.149 13990 13990 I flutter : EPG: Initializing with URL: https://dragtvplus.lol/xmltv.php?username=bobby&password=09052757
12-26 18:12:37.152 13990 13990 I flutter : EPG: Loaded normalized mapping from file (310 entries)
12-26 18:12:37.154 13990 13990 I flutter : EPG: Cache is valid. Age: 33 minutes. Size: 66.00 MB
12-26 18:12:37.154 13990 13990 I flutter : EPG: Using valid cached file, skipping download.
12-26 18:12:37.155 13990 13990 I flutter : EPG: Starting background parsing...
12-26 18:12:37.164 13990 13990 I flutter : EPG: Init skipped (in flight)
12-26 18:12:37.734  2059  4306 I SurfaceFlinger: Capture layer list: 	 Background for beb6089 SurfaceView[com.risa.app/com.risa.app.MainActivity]@0#75537(seamlessTransition:0)
12-26 18:12:37.734  2059  4306 I SurfaceFlinger: Capture layer list: 	 beb6089 SurfaceView[com.risa.app/com.risa.app.MainActivity]@0(BLAST)#75536(seamlessTransition:0)
12-26 18:12:37.734  2059  4306 I SurfaceFlinger: Capture layer list: 	 com.risa.app/com.risa.app.MainActivity$_13990#75533(seamlessTransition:0)
12-26 18:12:37.736  2059  2251 D RenderEngine: [SEC_SF_EFFECTS] drawLayersInternal,1483, Rendering layer beb6089 SurfaceView[com.risa.app/com.risa.app.MainActivity]@0(BLAST)#75536 at index 1
12-26 18:12:37.736  2059  2251 D RenderEngine: [SEC_SF_EFFECTS] drawLayersInternal,1483, Rendering layer com.risa.app/com.risa.app.MainActivity$_13990#75533 at index 2
12-26 18:12:37.799 13990 13990 I flutter : EPG: Persisted programs to DB (300 channels)
12-26 18:12:37.824  1176  1176 D io_stats: !@ Write_top(KB): com.risa.app(13990) 74768 kworker/u16:5(9201) 936 rdash.driverapp(4350) 20
12-26 18:12:38.555 13990 13990 I flutter : EPG: Saved normalized mapping (310 entries) to /data/user/0/com.risa.app/files/epg_normalized.json
12-26 18:12:38.555 13990 13990 I flutter : EPG: Successfully parsed 300 channels and 305 IDs
12-26 18:12:38.555 13990 13990 I flutter : EPG: Service state - URL: https://dragtvplus.lol/xmltv.php?username=bobby&password=09052757, Available channels: 305, Loaded channels: 300
12-26 18:12:38.563 13990 13990 I flutter : EPG: Initializing...
12-26 18:12:38.567 13990 13990 I flutter : EPG: Initializing with URL: https://dragtvplus.lol/xmltv.php?username=bobby&password=09052757
12-26 18:12:38.575 13990 13990 I flutter : EPG: Loaded normalized mapping from file (310 entries)
12-26 18:12:38.577 13990 13990 I flutter : EPG: Cache is valid. Age: 33 minutes. Size: 66.00 MB
12-26 18:12:38.577 13990 13990 I flutter : EPG: Using valid cached file, skipping download.
12-26 18:12:38.578 13990 13990 I flutter : EPG: Starting background parsing...
12-26 18:12:38.580 13990 13990 I flutter : EPG: Init skipped (in flight)
12-26 18:12:38.927  2812  4617 D SGM:GameManager: identifyGamePackage. com.risa.app, mCurrentUserId: 0, callingMethodInfo: com.samsung.android.game.SemGameManager.isGamePackage(SemGameManager.java:106)
12-26 18:12:38.928  2812  4617 D SGM:SemGameManager: isGamePackage(), pkgName=com.risa.app, ret=false
12-26 18:12:39.209 13990 13990 I flutter : EPG: Persisted programs to DB (300 channels)
12-26 18:12:39.972 13990 13990 I flutter : EPG: Saved normalized mapping (310 entries) to /data/user/0/com.risa.app/files/epg_normalized.json
12-26 18:12:39.972 13990 13990 I flutter : EPG: Successfully parsed 300 channels and 305 IDs
12-26 18:12:39.972 13990 13990 I flutter : EPG: Service state - URL: https://dragtvplus.lol/xmltv.php?username=bobby&password=09052757, Available channels: 305, Loaded channels: 300
12-26 18:12:39.983 13990 13990 I flutter : EPG: Initializing...
12-26 18:12:39.986 13990 13990 I flutter : EPG: Initializing with URL: https://dragtvplus.lol/xmltv.php?username=bobby&password=09052757
12-26 18:12:39.992 13990 13990 I flutter : EPG: Loaded normalized mapping from file (310 entries)
12-26 18:12:39.994 13990 13990 I flutter : EPG: Cache is valid. Age: 33 minutes. Size: 66.00 MB
12-26 18:12:39.994 13990 13990 I flutter : EPG: Using valid cached file, skipping download.
12-26 18:12:39.995 13990 13990 I flutter : EPG: Starting background parsing...
12-26 18:12:40.000 13990 13990 I flutter : EPG: Init skipped (in flight)
12-26 18:12:40.800 13990 13990 I flutter : EPG: Persisted programs to DB (300 channels)
12-26 18:12:41.401 13990 13990 I flutter : EPG: Saved normalized mapping (310 entries) to /data/user/0/com.risa.app/files/epg_normalized.json
12-26 18:12:41.401 13990 13990 I flutter : EPG: Successfully parsed 300 channels and 305 IDs
12-26 18:12:41.401 13990 13990 I flutter : EPG: Service state - URL: https://dragtvplus.lol/xmltv.php?username=bobby&password=09052757, Available channels: 305, Loaded channels: 300
12-26 18:12:41.418 13990 13990 I flutter : EPG: Initializing...
12-26 18:12:41.421 13990 13990 I flutter : EPG: Initializing with URL: https://dragtvplus.lol/xmltv.php?username=bobby&password=09052757
12-26 18:12:41.432 13990 13990 I flutter : EPG: Loaded normalized mapping from file (310 entries)
12-26 18:12:41.434 13990 13990 I flutter : EPG: Cache is valid. Age: 33 minutes. Size: 66.00 MB
12-26 18:12:41.434 13990 13990 I flutter : EPG: Using valid cached file, skipping download.
12-26 18:12:41.434 13990 13990 I flutter : EPG: Init skipped (in flight)
12-26 18:12:41.440 13990 13990 I flutter : EPG: Starting background parsing...
12-26 18:12:41.452 13990 13990 I flutter : EPG: Init skipped (in flight)
12-26 18:12:41.828  1176  1176 D io_stats: !@ Write_top(KB): com.risa.app(13990) 71580 kworker/u16:15(19518) 6020 kworker/u16:3(9199) 1892
12-26 18:12:41.946  2812  4617 D SGM:GameManager: identifyGamePackage. com.risa.app, mCurrentUserId: 0, callingMethodInfo: com.samsung.android.game.SemGameManager.isGamePackage(SemGameManager.java:106)
12-26 18:12:41.946  2812  4617 D SGM:SemGameManager: isGamePackage(), pkgName=com.risa.app, ret=false
12-26 18:12:42.031 13990 13990 I flutter : EPG: Persisted programs to DB (300 channels)
12-26 18:12:42.869 13990 13990 I flutter : EPG: Saved normalized mapping (310 entries) to /data/user/0/com.risa.app/files/epg_normalized.json
12-26 18:12:42.869 13990 13990 I flutter : EPG: Successfully parsed 300 channels and 305 IDs
12-26 18:12:42.869 13990 13990 I flutter : EPG: Service state - URL: https://dragtvplus.lol/xmltv.php?username=bobby&password=09052757, Available channels: 305, Loaded channels: 300
12-26 18:12:42.886 13990 13990 I flutter : EPG: Initializing...
12-26 18:12:42.890 13990 13990 I flutter : EPG: Initializing with URL: https://dragtvplus.lol/xmltv.php?username=bobby&password=09052757
12-26 18:12:42.893 13990 13990 I flutter : EPG: Loaded normalized mapping from file (310 entries)
12-26 18:12:42.895 13990 13990 I flutter : EPG: Cache is valid. Age: 33 minutes. Size: 66.00 MB
12-26 18:12:42.895 13990 13990 I flutter : EPG: Using valid cached file, skipping download.
12-26 18:12:42.896 13990 13990 I flutter : EPG: Starting background parsing...
12-26 18:12:42.903 13990 13990 I flutter : EPG: Init skipped (in flight)
12-26 18:12:43.576 13990 13990 I flutter : EPG: Persisted programs to DB (300 channels)
12-26 18:12:44.300 13990 13990 I flutter : EPG: Saved normalized mapping (310 entries) to /data/user/0/com.risa.app/files/epg_normalized.json
12-26 18:12:44.300 13990 13990 I flutter : EPG: Successfully parsed 300 channels and 305 IDs
12-26 18:12:44.300 13990 13990 I flutter : EPG: Service state - URL: https://dragtvplus.lol/xmltv.php?username=bobby&password=09052757, Available channels: 305, Loaded channels: 300
12-26 18:12:44.304 13990 13990 I flutter : EPG: Initializing...
12-26 18:12:44.308 13990 13990 I flutter : EPG: Initializing with URL: https://dragtvplus.lol/xmltv.php?username=bobby&password=09052757
12-26 18:12:44.316 13990 13990 I flutter : EPG: Loaded normalized mapping from file (310 entries)
12-26 18:12:44.317 13990 13990 I flutter : EPG: Cache is valid. Age: 33 minutes. Size: 66.00 MB
12-26 18:12:44.317 13990 13990 I flutter : EPG: Using valid cached file, skipping download.
12-26 18:12:44.318 13990 13990 I flutter : EPG: Starting background parsing...
12-26 18:12:44.321 13990 13990 I flutter : EPG: Init skipped (in flight)
12-26 18:12:44.967  2812  4617 D SGM:GameManager: identifyGamePackage. com.risa.app, mCurrentUserId: 0, callingMethodInfo: com.samsung.android.game.SemGameManager.isGamePackage(SemGameManager.java:106)
12-26 18:12:44.967  2812  4617 D SGM:SemGameManager: isGamePackage(), pkgName=com.risa.app, ret=false
12-26 18:12:44.991 13990 13990 I flutter : EPG: Persisted programs to DB (300 channels)
12-26 18:12:45.753 13990 13990 I flutter : EPG: Saved normalized mapping (310 entries) to /data/user/0/com.risa.app/files/epg_normalized.json
12-26 18:12:45.753 13990 13990 I flutter : EPG: Successfully parsed 300 channels and 305 IDs
12-26 18:12:45.753 13990 13990 I flutter : EPG: Service state - URL: https://dragtvplus.lol/xmltv.php?username=bobby&password=09052757, Available channels: 305, Loaded channels: 300
12-26 18:12:45.756 13990 13990 I flutter : EPG: Initializing...
12-26 18:12:45.758 13990 13990 I flutter : EPG: Initializing with URL: https://dragtvplus.lol/xmltv.php?username=bobby&password=09052757
12-26 18:12:45.764 13990 13990 I flutter : EPG: Loaded normalized mapping from file (310 entries)
12-26 18:12:45.765 13990 13990 I flutter : EPG: Cache is valid. Age: 33 minutes. Size: 66.00 MB
12-26 18:12:45.765 13990 13990 I flutter : EPG: Using valid cached file, skipping download.
12-26 18:12:45.766 13990 13990 I flutter : EPG: Starting background parsing...
12-26 18:12:45.772 13990 13990 I flutter : EPG: Init skipped (in flight)
12-26 18:12:45.831  1176  1176 D io_stats: !@ Write_top(KB): com.risa.app(13990) 72064 kworker/u16:8(29483) 6404 kworker/u16:3(9199) 20
12-26 18:12:46.487 13990 13990 I flutter : EPG: Persisted programs to DB (300 channels)
12-26 18:12:47.170 13990 13990 I flutter : EPG: Saved normalized mapping (310 entries) to /data/user/0/com.risa.app/files/epg_normalized.json
12-26 18:12:47.170 13990 13990 I flutter : EPG: Successfully parsed 300 channels and 305 IDs
12-26 18:12:47.170 13990 13990 I flutter : EPG: Service state - URL: https://dragtvplus.lol/xmltv.php?username=bobby&password=09052757, Available channels: 305, Loaded channels: 300
12-26 18:12:47.174 13990 13990 I flutter : EPG: Initializing...
12-26 18:12:47.176 13990 13990 I flutter : EPG: Initializing with URL: https://dragtvplus.lol/xmltv.php?username=bobby&password=09052757
12-26 18:12:47.179 13990 13990 I flutter : EPG: Loaded normalized mapping from file (310 entries)
12-26 18:12:47.180 13990 13990 I flutter : EPG: Cache is valid. Age: 33 minutes. Size: 66.00 MB
12-26 18:12:47.180 13990 13990 I flutter : EPG: Using valid cached file, skipping download.
12-26 18:12:47.180 13990 13990 I flutter : EPG: Starting background parsing...
12-26 18:12:47.191 13990 13990 I flutter : EPG: Init skipped (in flight)
12-26 18:12:47.544 13990 13990 I flutter : EPG: Persisted programs to DB (300 channels)
12-26 18:12:48.483 13990 13990 I flutter : EPG: Saved normalized mapping (310 entries) to /data/user/0/com.risa.app/files/epg_normalized.json
12-26 18:12:48.483 13990 13990 I flutter : EPG: Successfully parsed 300 channels and 305 IDs
12-26 18:12:48.483 13990 13990 I flutter : EPG: Service state - URL: https://dragtvplus.lol/xmltv.php?username=bobby&password=09052757, Available channels: 305, Loaded channels: 300
12-26 18:12:48.491 13990 13990 I flutter : EPG: Initializing...
12-26 18:12:48.493 13990 13990 I flutter : EPG: Initializing with URL: https://dragtvplus.lol/xmltv.php?username=bobby&password=09052757
12-26 18:12:48.498 13990 13990 I flutter : EPG: Loaded normalized mapping from file (310 entries)
12-26 18:12:48.499 13990 13990 I flutter : EPG: Cache is valid. Age: 34 minutes. Size: 66.00 MB
12-26 18:12:48.499 13990 13990 I flutter : EPG: Using valid cached file, skipping download.
12-26 18:12:48.499 13990 13990 I flutter : EPG: Starting background parsing...
12-26 18:12:48.508 13990 13990 I flutter : EPG: Init skipped (in flight)
12-26 18:12:48.887 13990 13990 I flutter : EPG: Persisted programs to DB (300 channels)
12-26 18:12:49.789 13990 13990 I flutter : EPG: Saved normalized mapping (310 entries) to /data/user/0/com.risa.app/files/epg_normalized.json
12-26 18:12:49.789 13990 13990 I flutter : EPG: Successfully parsed 300 channels and 305 IDs
12-26 18:12:49.789 13990 13990 I flutter : EPG: Service state - URL: https://dragtvplus.lol/xmltv.php?username=bobby&password=09052757, Available channels: 305, Loaded channels: 300
12-26 18:12:49.793 13990 13990 I flutter : EPG: Initializing...
12-26 18:12:49.796 13990 13990 I flutter : EPG: Initializing with URL: https://dragtvplus.lol/xmltv.php?username=bobby&password=09052757
12-26 18:12:49.798 13990 13990 I flutter : EPG: Loaded normalized mapping from file (310 entries)
12-26 18:12:49.799 13990 13990 I flutter : EPG: Cache is valid. Age: 34 minutes. Size: 66.00 MB
12-26 18:12:49.799 13990 13990 I flutter : EPG: Using valid cached file, skipping download.
12-26 18:12:49.799 13990 13990 I flutter : EPG: Starting background parsing...
12-26 18:12:49.810 13990 13990 I flutter : EPG: Init skipped (in flight)
12-26 18:12:49.832  1176  1176 D io_stats: !@ Write_top(KB): com.risa.app(13990) 74264 .gms.persistent(12332) 3236 f2fs_ckpt-254:6(1290) 1308
12-26 18:12:50.207 13990 13990 I flutter : EPG: Persisted programs to DB (300 channels)
12-26 18:12:51.169 13990 13990 I flutter : EPG: Saved normalized mapping (310 entries) to /data/user/0/com.risa.app/files/epg_normalized.json
12-26 18:12:51.169 13990 13990 I flutter : EPG: Successfully parsed 300 channels and 305 IDs
12-26 18:12:51.169 13990 13990 I flutter : EPG: Service state - URL: https://dragtvplus.lol/xmltv.php?username=bobby&password=09052757, Available channels: 305, Loaded channels: 300
12-26 18:12:51.179 13990 13990 I flutter : EPG: Initializing...
12-26 18:12:51.182 13990 13990 I flutter : EPG: Initializing with URL: https://dragtvplus.lol/xmltv.php?username=bobby&password=09052757
12-26 18:12:51.188 13990 13990 I flutter : EPG: Loaded normalized mapping from file (310 entries)
12-26 18:12:51.190 13990 13990 I flutter : EPG: Cache is valid. Age: 34 minutes. Size: 66.00 MB
12-26 18:12:51.190 13990 13990 I flutter : EPG: Using valid cached file, skipping download.
12-26 18:12:51.191 13990 13990 I flutter : EPG: Starting background parsing...
12-26 18:12:51.196 13990 13990 I flutter : EPG: Init skipped (in flight)
12-26 18:12:51.857 13990 13990 I flutter : EPG: Persisted programs to DB (300 channels)
12-26 18:12:52.602 13990 13990 I flutter : EPG: Saved normalized mapping (310 entries) to /data/user/0/com.risa.app/files/epg_normalized.json
12-26 18:12:52.602 13990 13990 I flutter : EPG: Successfully parsed 300 channels and 305 IDs
12-26 18:12:52.602 13990 13990 I flutter : EPG: Service state - URL: https://dragtvplus.lol/xmltv.php?username=bobby&password=09052757, Available channels: 305, Loaded channels: 300
12-26 18:12:52.613 13990 13990 I flutter : EPG: Initializing...
12-26 18:12:52.616 13990 13990 I flutter : EPG: Initializing with URL: https://dragtvplus.lol/xmltv.php?username=bobby&password=09052757
12-26 18:12:52.624 13990 13990 I flutter : EPG: Loaded normalized mapping from file (310 entries)
12-26 18:12:52.625 13990 13990 I flutter : EPG: Cache is valid. Age: 34 minutes. Size: 66.00 MB
12-26 18:12:52.625 13990 13990 I flutter : EPG: Using valid cached file, skipping download.
12-26 18:12:52.626 13990 13990 I flutter : EPG: Starting background parsing...
12-26 18:12:52.630 13990 13990 I flutter : EPG: Init skipped (in flight)
12-26 18:12:53.147 13990 13990 I flutter : EPG: Persisted programs to DB (300 channels)
12-26 18:12:53.834  1176  1176 D io_stats: !@ Write_top(KB): com.risa.app(13990) 54732 .gms.persistent(12332) 2116 system_server(2812) 1192
12-26 18:12:54.024 13990 13990 I flutter : EPG: Saved normalized mapping (310 entries) to /data/user/0/com.risa.app/files/epg_normalized.json
12-26 18:12:54.024 13990 13990 I flutter : EPG: Successfully parsed 300 channels and 305 IDs
12-26 18:12:54.024 13990 13990 I flutter : EPG: Service state - URL: https://dragtvplus.lol/xmltv.php?username=bobby&password=09052757, Available channels: 305, Loaded channels: 300
12-26 18:12:54.025  2812  4617 D SGM:GameManager: identifyGamePackage. com.risa.app, mCurrentUserId: 0, callingMethodInfo: com.samsung.android.game.SemGameManager.isGamePackage(SemGameManager.java:106)
12-26 18:12:54.025  2812  4617 D SGM:SemGameManager: isGamePackage(), pkgName=com.risa.app, ret=false
12-26 18:12:54.032 13990 13990 I flutter : EPG: Initializing...
12-26 18:12:54.035 13990 13990 I flutter : EPG: Initializing with URL: https://dragtvplus.lol/xmltv.php?username=bobby&password=09052757
12-26 18:12:54.041 13990 13990 I flutter : EPG: Loaded normalized mapping from file (310 entries)
12-26 18:12:54.041 13990 13990 I flutter : EPG: Cache is valid. Age: 34 minutes. Size: 66.00 MB
12-26 18:12:54.042 13990 13990 I flutter : EPG: Using valid cached file, skipping download.
12-26 18:12:54.042 13990 13990 I flutter : EPG: Starting background parsing...
12-26 18:12:54.048 13990 13990 I flutter : EPG: Init skipped (in flight)
12-26 18:12:54.669 13990 13990 I flutter : EPG: Persisted programs to DB (300 channels)
12-26 18:12:55.464 13990 13990 I flutter : EPG: Saved normalized mapping (310 entries) to /data/user/0/com.risa.app/files/epg_normalized.json
12-26 18:12:55.464 13990 13990 I flutter : EPG: Successfully parsed 300 channels and 305 IDs
12-26 18:12:55.464 13990 13990 I flutter : EPG: Service state - URL: https://dragtvplus.lol/xmltv.php?username=bobby&password=09052757, Available channels: 305, Loaded channels: 300
12-26 18:12:55.467 13990 13990 I flutter : EPG: Initializing...
12-26 18:12:55.469 13990 13990 I flutter : EPG: Initializing with URL: https://dragtvplus.lol/xmltv.php?username=bobby&password=09052757
12-26 18:12:55.475 13990 13990 I flutter : EPG: Loaded normalized mapping from file (310 entries)
12-26 18:12:55.476 13990 13990 I flutter : EPG: Cache is valid. Age: 34 minutes. Size: 66.00 MB
12-26 18:12:55.476 13990 13990 I flutter : EPG: Using valid cached file, skipping download.
12-26 18:12:55.477 13990 13990 I flutter : EPG: Starting background parsing...
12-26 18:12:55.483 13990 13990 I flutter : EPG: Init skipped (in flight)
12-26 18:12:55.992 13990 13990 I flutter : EPG: Persisted programs to DB (300 channels)
12-26 18:12:56.868 13990 13990 I flutter : EPG: Saved normalized mapping (310 entries) to /data/user/0/com.risa.app/files/epg_normalized.json
12-26 18:12:56.868 13990 13990 I flutter : EPG: Successfully parsed 300 channels and 305 IDs
12-26 18:12:56.869 13990 13990 I flutter : EPG: Service state - URL: https://dragtvplus.lol/xmltv.php?username=bobby&password=09052757, Available channels: 305, Loaded channels: 300
12-26 18:12:56.886 13990 13990 I flutter : EPG: Initializing...
12-26 18:12:56.890 13990 13990 I flutter : EPG: Initializing with URL: https://dragtvplus.lol/xmltv.php?username=bobby&password=09052757
