12-24 22:33:15.196 I/SSC_DAEMON( 2026): physicalSensorTestReqMsg:162, 1.algo_id:20, num:3
12-24 22:33:15.196 I/SSC_DAEMON( 2026): physicalSensorTestReqMsg:162, 2.algo_id:21, num:3
12-24 22:33:15.196 I/CAMERA_CONTROLLER( 9438): [95]ScreenOnOffWorker.doWork():68 - Coroutine ScreenOnOffWorker Received action=android.intent.action.SCREEN_ON
12-24 22:33:15.196 I/CAMERA_CONTROLLER( 9438): [95]ProviderServiceImpl.receiveScreenOnEvent():4
12-24 22:33:15.196 I/CAMERA_CONTROLLER( 9438): [95]ProviderServiceImpl.receiveScreenOnEvent():14 - needLaunchCamera = false
12-24 22:33:15.197 I/sensors-hal( 1948): qsh_conn_event_cb:857, SCHED_FIFO(10) for qmi_cbk
12-24 22:33:15.197 I/health-service( 1987): [api] getHealthInfo() (u:1000 p:2812)
12-24 22:33:15.197 I/sensors-hal( 1948): qsh_conn_event_cb:890, event[0] sensor:Pocket Position Mode  Wakeup, msg_id=715, ts=3097311843158
12-24 22:33:15.197 I/sensors-hal( 1948): qsh_conn_event_cb:890, event[0] sensor:Pocket mode  Wakeup, msg_id=715, ts=3097311840548
12-24 22:33:15.197 E/libprotobuf-native( 1948): [libprotobuf ERROR external/protobuf/src/google/protobuf/message_lite.cc:133] Can't parse message of type "sns_std_sensor_event" because it is missing required fields: (cannot determine missing fields for lite message)
12-24 22:33:15.197 I/SSC_DAEMON( 2026): autoRotationOdEvent:24, 3, 1, 0
12-24 22:33:15.198 I/SSC_DAEMON( 2026): pocketModeOptionDefineEvent:23, 3
12-24 22:33:15.198 D/SmartAlertController( 2812): ACTION_SCREEN_ON, reason = 1
12-24 22:33:15.198 I/SSC_DAEMON( 2026): pocketPosModeOptionDefineEvent:25, OD event:255,0,0,0,0
12-24 22:33:15.198 I/BatteryService_BatteryPropertiesRegistrar( 2812): [getProperty]id:4
12-24 22:33:15.198 I/BatteryService_BatteryPropertiesRegistrar( 2812): [getProperty]prop.long:-9223372036854775808 ,prop.string:null
12-24 22:33:15.198 I/CAE     ( 2812): handleMessage(CaPowerManager.java:273) - SCREEN_ON_INTENT
12-24 22:33:15.198 W/hwvault_tee( 1952): [WRN] (nwd_hv_common.cpp:217) TA: hwvault [INF] (tz_module_open:527) caller ta: securefp(8)
12-24 22:33:15.198 W/hwvault_tee( 1952): [WRN] (nwd_hv_common.cpp:217) TA: hwvault [INF] (tz_module_open:532) used for cred
12-24 22:33:15.198 W/hwvault_tee( 1952): [WRN] (nwd_hv_common.cpp:217) TA: hwvault [INF] (get_cached_cred:69) get_cached_cred requested idx=11
12-24 22:33:15.198 W/hwvault_tee( 1952): [WRN] (nwd_hv_common.cpp:217) TA: hwvault [INF] (get_cached_cred:77) get_cached_cred read from updated_cred_during_lock
12-24 22:33:15.198 W/hwvault_tee( 1952): [WRN] (nwd_hv_common.cpp:217) TA: hwvault [INF] (tz_module_open:527) caller ta: securefp(8)
12-24 22:33:15.198 W/hwvault_tee( 1952): [WRN] (nwd_hv_common.cpp:217) TA: hwvault [INF] (tz_module_open:532) used for cred
12-24 22:33:15.198 W/hwvault_tee( 1952): [WRN] (nwd_hv_common.cpp:217) TA: hwvault [INF] (get_cached_cred:69) get_cached_cred requested idx=11
12-24 22:33:15.198 W/hwvault_tee( 1952): [WRN] (nwd_hv_common.cpp:217) TA: hwvault [INF] (get_cached_cred:77) get_cached_cred read from updated_cred_during_lock
12-24 22:33:15.198 W/hwvault_tee( 1952): [WRN] (nwd_hv_common.cpp:217) TA: hwvault [WRN] (swd_hv_clear_cached_kdm:473) last time(0x0000000000000000), curtime(0x00000000099d85b4)
12-24 22:33:15.198 W/hwvault_tee( 1952): [WRN] (nwd_hv_common.cpp:217) TA: hwvault [INF] (tz_process_command:149) HV_TZ_CMD_CLEAR_CACHED_KDM ret 0, cmd ret 18
12-24 22:33:15.198 I/hwvault_tee( 1952): [INFO] (nwd_hv_secnvm.cpp:172) hwvault_clear_cached_kdm ret 0x12
12-24 22:33:15.198 I/hermesd ( 1952): !@ hermes_command_handler.cpp(1484) timer expired and notified of locked state, clear cached kdm :2018
12-24 22:33:15.199 E/SmcInvoke_MinkDescriptor( 2600): mem obj with id :18 not found in list
12-24 22:33:15.199 I/bauth_TLC_Communicator( 2600): Check the Trustlet return code is completed
12-24 22:33:15.199 D/SensorService( 2812): setSContextDataLocked ints length 2 , byte length 4
12-24 22:33:15.199 D/SensorService( 2812): setSContextDataLocked 38b2
12-24 22:33:15.199 I/vendor.samsung.hardware.biometrics.fingerprint-service( 2600): adlg : [s] 436 183
12-24 22:33:15.199 I/vendor.samsung.hardware.biometrics.fingerprint-service( 2600): adlg : [000] 4c 10 5e 00 f8 7b 18 00 00 00 00 cb 00 00 00 00
12-24 22:33:15.199 I/vendor.samsung.hardware.biometrics.fingerprint-service( 2600): adlg : [001] 00 00 00 00 00 00 00 00 00 00 00 00 00 00 00 00
12-24 22:33:15.199 I/vendor.samsung.hardware.biometrics.fingerprint-service( 2600): adlg : [002] 00 00 00 00 00 00 00 00 00 00 00 00 00 00 00 00
12-24 22:33:15.199 I/vendor.samsung.hardware.biometrics.fingerprint-service( 2600): adlg : [003] 00 00 00 00 00 00 00 00 00 00 00 00 00 00 00 00
12-24 22:33:15.199 I/vendor.samsung.hardware.biometrics.fingerprint-service( 2600): adlg : [004] 00 00 00 00 00 00 00 00 00 00 00 00 00 00 00 00
12-24 22:33:15.199 I/vendor.samsung.hardware.biometrics.fingerprint-service( 2600): adlg : [005] 00 00 00 00 00 00 00 00 00 00 00 00 00 00 4c 08
12-24 22:33:15.199 I/vendor.samsung.hardware.biometrics.fingerprint-service( 2600): adlg : [006] 45 00 7e 9d 18 00 00 00 05 cb 00 00 00 07 1f 4f
12-24 22:33:15.199 I/vendor.samsung.hardware.biometrics.fingerprint-service( 2600): adlg : [007] 00 f6 14 11 20 28 24 1a 16 26 09 07 00 00 00 00
12-24 22:33:15.199 I/vendor.samsung.hardware.biometrics.fingerprint-service( 2600): adlg : [008] 00 00 00 00 00 00 00 00 27 12 66 64 00 20 25 08
12-24 22:33:15.199 I/vendor.samsung.hardware.biometrics.fingerprint-service( 2600): adlg : [009] 0c 10 00 46 04 00 60 02 00 00 00 00 00 00 01 00
12-24 22:33:15.199 I/vendor.samsung.hardware.biometrics.fingerprint-service( 2600): adlg : [010] 00 01 00 00 00 00 00 00 00 00 00 00 00 00 00 00
12-24 22:33:15.199 I/vendor.samsung.hardware.biometrics.fingerprint-service( 2600): adlg : [e] 436 183
12-24 22:33:15.199 I/sensors-hal( 1948): inject_sensor_data:407, handle 1502 send inject
12-24 22:33:15.199 I/sensors-hal( 1948): sendContextData:290, sensor hal 4, (0xb2, 0x38, 0x0, 0x0)
12-24 22:33:15.199 I/sensors-hal( 1948): sendContextData:349, enable:178, handle:19, algo:26935296
12-24 22:33:15.199 I/sensors-hal( 1948): sendContextData:181, AOD disable
12-24 22:33:15.199 I/sensors-hal( 1948): send_sync_sensor_request:508, send sync request
12-24 22:33:15.199 I/sensors-hal( 1948): send_sync_sensor_request:518, send_sync_sensor_request before send_request for aod with SUID low=4803839888859682 high=1320970896291267344
12-24 22:33:15.200 I/sensors-hal( 1948): send_sync_sensor_request:537, wait for notification of response
12-24 22:33:15.200 I/CAMERA_CONTROLLER( 9438): [95]a.q():2 - Screen locked
12-24 22:33:15.200 I/CAMERA_CONTROLLER( 9438): [95]a.q():2
12-24 22:33:15.200 I/sensors-hal( 1948): qsh_conn_resp_cb:930, resp_value = 0 for aod 
12-24 22:33:15.200 I/sensors-hal( 1948): send_sync_sensor_request:543, takes 0 ms to receive the response with 0
12-24 22:33:15.200 I/vendor.samsung.hardware.biometrics.fingerprint-service( 2600): adlg : [436] done l:183 r:0
12-24 22:33:15.200 I/vendor.samsung.hardware.biometrics.fingerprint-service( 2600): acsf 0
12-24 22:33:15.201 I/FingerprintRequestClient( 2812): request[34] FP_FINISH (107ms) RESULT: 0
12-24 22:33:15.201 I/WM-WorkerWrapper( 9438): Worker result SUCCESS for Work [ id=b015ff5c-938f-447a-abf8-6ec9e336216d, tags={ com.samsung.android.companionapps.cameracontroller.receiver.ScreenOnOffWorker } ]
12-24 22:33:15.201 W/android.system.suspend-service( 1229): getWakeLockStats +
12-24 22:33:15.201 I/android.system.suspend-service( 1229): name: PowerManagerService.Display, isActive: 1, LC: 142056999, AC: 1, AT: 117, TT: 89751062
12-24 22:33:15.201 I/android.system.suspend-service( 1229): name: PowerManager.SuspendLockout, isActive: 1, LC: 142056999, AC: 1, AT: 117, TT: 89509849
12-24 22:33:15.201 I/KeyguardTransitionRepository( 4743): STARTED transition: TransitionStep(from=DOZING, to=LOCKSCREEN, value=0.0, transitionState=STARTED, ownerName=FromDozingTransitionInteractor)
12-24 22:33:15.202 E/SmartFaceManager( 2812): checkForSmartStay S
12-24 22:33:15.202 E/SmartFaceManager/ServiceManagerGlobal( 2812): bind to smart face service
12-24 22:33:15.202 I/SmartFaceManager/ServiceManagerGlobal( 2812): bindService started
12-24 22:33:15.202 I/MR2ServiceImpl( 2812): Updating composite discovery preference | preference: RouteDiscoveryRequest{ preferredFeatures={}, activeScan=false }, active routers: []
12-24 22:33:15.202 W/android.system.suspend-service( 1229): getWakeLockStats -
12-24 22:33:15.202 I/EPDG -- SIM0 IwlanNetworkService( 5572): requestNetworkRegistrationInfo for domain 2
12-24 22:33:15.202 I/DigitalHorizontalClockView_LOCK_SCREEN_2@528( 4743): updateShadowStyle: shadow : [ShadowStyle: shadowRadius = 5.625, shadowDx = 0.0, shadowDy = 0.0, shadowColor = 1A000000]
12-24 22:33:15.202 I/DigitalHorizontalClockView_LOCK_SCREEN_2@528( 4743): updatePaletteItemTransition : paletteItem = SOLID color : FF34B9D2, animation = false, dozeAmount = 0.868765
12-24 22:33:15.203 I/FaceWidgetKeyguardNIOController( 4743): clock dateColor changed #ff34b9d2
12-24 22:33:15.203 I/NotificationIconsOnlyContainer( 4743): updateIconColor() : FF34B9D2, 
12-24 22:33:15.203 I/KeyguardClockProvider( 4743): getClockVisibility:0
12-24 22:33:15.203 D/SGGLockStarManager( 4743): isClockAnimationEnable, result null
12-24 22:33:15.203 D/SGGLockStarManager( 4743): isClockAnimationEnable, result null
12-24 22:33:15.203 D/FaceWidgetClockPage( 4743): isNeedToTransition() true
12-24 22:33:15.203 I/NowBarColorModel#25881751( 4743): notifyColorChanged isWhiteWallpaper false darkAmount 0.868765  darkMode false nowBarMode LOCKSCREEN dozing false
12-24 22:33:15.203 D/BackgroundInstallControlService( 2812): Package event received: 0
12-24 22:33:15.203 D/MediaExpandStateObserver( 4743): onChanged MediaExpandStateModel(type=NONE, clockY=0.0, clockValidMaxScale=1.0, hasAnimation=true, isDozing=false, darkAmount=0.868765, isMediaOutput=false)
12-24 22:33:15.203 D/MediaExpandStateObserver( 4743): animateClipContainer NONE NONE
12-24 22:33:15.203 D/BackgroundInstallControlService( 2812): Package event received: 0
12-24 22:33:15.203 D/CAE     ( 2812): getFaultDetectionResult(DevicePhysicalContextMonitorRunner.java:704) - true
12-24 22:33:15.203 I/CAE     ( 2812): notifyCmdProcessResultObserver(ContextProvider.java:627) - CheckResult = 0, Cause = Success
12-24 22:33:15.203 I/SecKeyguardClockPositionAlgorithm( 4743): prepareClockContainerHeightChanging:
12-24 22:33:15.203 I/SecKeyguardClockPositionAlgorithm( 4743): setup() mStatusBarHeight = 84, mDarkAmount = 0.868765, mHeight = 2340, mFaceWidgetContainerHeight = 327, mCurrentClockType = 2
12-24 22:33:15.203 I/BiometricContextProvider( 2812): onDisplayStateChanged: DISPLAY_STATE_LOCKSCREEN
12-24 22:33:15.203 I/SecKeyguardClockPositionAlgorithm( 4743): run() , stackScrollerPadding=658, isCenterAlignType=true, topMargin=318, clockH=293, keyguardNotificationIconsOnlyY=656, mIsAODPositionApplied=false
12-24 22:33:15.203 I/PluginFaceWidgetManager( 4743): isEditMode = false
12-24 22:33:15.203 I/NowBarItemManager( 4743): getVisibleList isScreenTurnedOn = true / aodShowState false shouldControlScreenOff false visibleList size = 0
12-24 22:33:15.204 D/KeyguardStatusBarViewController( 4743): Visibility changed! - mDozing=false, mFirstBypassAttempt=false, mKeyguardUpdateMonitor.shouldListenForFace()=false, mDelayShowingKeyguardStatusBar=false, mDisableStateTracker.isDisabled()=false, Flags.glanceableHubV2()=false, mCommunalShowing=false, mExplicitAlpha=-1.0, mHiddenByKnox=false, isLockStarStatusBarEnabled()=true
12-24 22:33:15.204 I/FaceWidgetViewModel( 4743): onNioViewStateUpdated : alpha 0.28954422, visibility 4
12-24 22:33:15.204 D/KeyguardStatusBarViewExt( 4743): v:4, a:0.29, com.android.systemui.statusbar.phone.KeyguardStatusBarViewController.updateViewState:34 com.android.systemui.statusbar.phone.KeyguardStatusBarViewController$$ExternalSyntheticLambda8.onAnimationUpdate:19 androidx.core.animation.ValueAnimator.animateValue:44 androidx.core.animation.ValueAnimator.doAnimationFrame:195 androidx.core.animation.AnimationHandler$FrameCallbackProvider16.doFrame:28 
12-24 22:33:15.204 I/FaceWidgetViewModel( 4743): onNioViewStateUpdated : alpha 0.28954422, visibility 0
12-24 22:33:15.204 D/KeyguardStatusBarViewExt( 4743): v:0, a:0.29, com.android.systemui.statusbar.phone.KeyguardStatusBarViewController.updateViewState:34 com.android.systemui.statusbar.phone.KeyguardStatusBarViewController$$ExternalSyntheticLambda8.onAnimationUpdate:19 androidx.core.animation.ValueAnimator.animateValue:44 androidx.core.animation.ValueAnimator.doAnimationFrame:195 androidx.core.animation.AnimationHandler$FrameCallbackProvider16.doFrame:28 
12-24 22:33:15.204 E/SmartFaceServiceStarter(17044): onCreate
12-24 22:33:15.204 I/SmartFaceService(17044): SmartFaceService constructor for user: 0
12-24 22:33:15.204 I/vendor.samsung.hardware.biometrics.fingerprint-service( 2600): onContextChanged
12-24 22:33:15.204 I/SecKeyguardClockPositionAlgorithm( 4743): prepareClockContainerHeightChanging:
12-24 22:33:15.204 I/SecKeyguardClockPositionAlgorithm( 4743): setup() mStatusBarHeight = 84, mDarkAmount = 0.868765, mHeight = 2340, mFaceWidgetContainerHeight = 318, mCurrentClockType = 2
12-24 22:33:15.204 I/SecKeyguardClockPositionAlgorithm( 4743): getClockContainerHeight() supplier = 293, bottom margin = 47, real height = 318
12-24 22:33:15.204 I/SecKeyguardClockPositionAlgorithm( 4743): getClockContainerHeight() supplier = 293, bottom margin = 0, real height = 318
12-24 22:33:15.204 I/PluginFaceWidgetManager( 4743): isEditMode = false
12-24 22:33:15.204 I/NowBarItemManager( 4743): getVisibleList isScreenTurnedOn = true / aodShowState false shouldControlScreenOff false visibleList size = 0
12-24 22:33:15.205 I/SmartFaceService(17044): Using HAL 3
12-24 22:33:15.205 I/EPDG -- SIM1 IwlanNetworkService( 5572): requestNetworkRegistrationInfo for domain 2
12-24 22:33:15.205 I/SecKeyguardClockPositionAlgorithm( 4743): prepareClockContainerHeightChanging:
12-24 22:33:15.205 I/EPDG -- SIM1 IwlanNetworkService( 5572): Calling onRequestNetworkRegistrationInfoComplete.resultCode = 0, netState = NetworkRegistrationInfo{ domain=PS transportType=WLAN registrationState=UNKNOWN networkRegistrationState=UNKNOWN roamingType=NOT_ROAMING accessNetworkTechnology=IWLAN rejectCause=0 emergencyEnabled=false availableServices=[] cellIdentity=null voiceSpecificInfo=null dataSpecificInfo=null nrState=**** rRplmn= isUsingCarrierAggregation=false isNonTerrestrialNetwork=TERRESTRIAL}
12-24 22:33:15.205 I/PluginFaceWidgetManager( 4743): isEditMode = false
12-24 22:33:15.205 I/NowBarItemManager( 4743): getVisibleList isScreenTurnedOn = true / aodShowState false shouldControlScreenOff false visibleList size = 0
12-24 22:33:15.205 D/CAE     ( 2812): doCommendProcess(ContextAwareService.java:396) - complete notify the operation result.
12-24 22:33:15.205 I/CAE     ( 2812): displayUsedCountForService(ContextAwareService.java:460) - totalCnt = 0, serviceCount = 0, subCollectionCount = 0
12-24 22:33:15.205 D/CAE     ( 2812): showListenerList(ContextAwareService.java:325) - ===== Context Aware Service List =====
12-24 22:33:15.205 I/CAE     ( 2812): showListenerList(ContextAwareService.java:334) - Listener : com.samsung.android.contextaware.manager.ContextAwareService$Listener@9d090d3, Service : SLOCATION_RUNNER(1)
12-24 22:33:15.205 I/CAE     ( 2812): showListenerList(ContextAwareService.java:334) - Listener : com.samsung.android.contextaware.manager.ContextAwareService$Listener@9d090d3, Service : CH_LOC_TRIGGER(1)
12-24 22:33:15.205 I/CAE     ( 2812): showListenerList(ContextAwareService.java:334) - Listener : com.samsung.android.contextaware.manager.ContextAwareService$Listener@9d090d3, Service : FREE_FALL_DETECTION(1)
12-24 22:33:15.205 I/CAE     ( 2812): showListenerList(ContextAwareService.java:334) - Listener : com.samsung.android.contextaware.manager.ContextAwareService$Listener@9d090d3, Service : SENSOR_STATUS_CHECK_RUNNER(1)
12-24 22:33:15.205 I/CAE     ( 2812): showListenerList(ContextAwareService.java:334) - Listener : com.samsung.android.contextaware.manager.ContextAwareService$Listener@9d090d3, Service : PEDOMETER_CURRENT_INFO(1)
12-24 22:33:15.205 I/CAE     ( 2812): showListenerList(ContextAwareService.java:334) - Listener : com.samsung.android.contextaware.manager.ContextAwareService$Listener@9d090d3, Service : ACTIVITY_TRACKER(1)
12-24 22:33:15.205 I/CAE     ( 2812): showListenerList(ContextAwareService.java:334) - Listener : com.samsung.android.contextaware.manager.ContextAwareService$Listener@9d090d3, Service : ACTIVITY_TRACKER_CURRENT_INFO(1)
12-24 22:33:15.205 I/CAE     ( 2812): showListenerList(ContextAwareService.java:334) - Listener : com.samsung.android.contextaware.manager.ContextAwareService$Listener@9d090d3, Service : ACTIVITY_TRACKER_INTERRUPT(1)
12-24 22:33:15.206 I/CAE     ( 2812): showListenerList(ContextAwareService.java:334) - Listener : com.samsung.android.contextaware.manager.ContextAwareService$Listener@9d090d3, Service : ACTIVITY_TRACKER_BATCH(1)
12-24 22:33:15.206 I/CAE     ( 2812): showListenerList(ContextAwareService.java:334) - Listener : com.samsung.android.contextaware.manager.ContextAwareService$Listener@9d090d3, Service : PEDOMETER(1)
12-24 22:33:15.206 W/CAE     ( 2812): unregisterCallback(ContextAwareService.java:251) - [unregi 02] Mutex is unlocked for DEVICE_PHYSICAL_CONTEXT_MONITOR
12-24 22:33:15.206 D/SemContextService( 2812): 	.unregisterCallback : 12, client= com.samsung.android.app.aodservice
12-24 22:33:15.206 D/BackgroundInstallControlService( 2812): Package event received: 0
12-24 22:33:15.206 D/SemContextService( 2812): unlock : unregisterCallback
12-24 22:33:15.206 I/ChimeraSystemEventListener( 2812): onReceive() - action: android.intent.action.SCREEN_ON
12-24 22:33:15.206 D/SemContextManager( 4743):   .unregisterListener : listener = aod.BD0@2c18193, service=Carrying Detection
12-24 22:33:15.206 I/sensors-hal( 1948): set_config:64, no need to adjust sample_period_ns due to reporting_mode = 2
12-24 22:33:15.206 I/sensors-hal( 1948): send_sensor_config_request:645, dt=ambient_light: convert sample_period=200000000 to batch_period=200000
12-24 22:33:15.206 I/sensors-hal( 1948): send_sync_sensor_request:508, send sync request
12-24 22:33:15.206 I/sensors-hal( 1948): send_sync_sensor_request:518, send_sync_sensor_request before send_request for ambient_light with SUID low=3046173514946711665 high=5156882063447517846
12-24 22:33:15.206 I/sensors-hal( 1948): send_sync_sensor_request:537, wait for notification of response
12-24 22:33:15.206 D/SemNativeCarrierFeature_vendor( 9673): getInstance
12-24 22:33:15.207 I/sensors-hal( 1948): qsh_conn_resp_cb:930, resp_value = 0 for ambient_light 
12-24 22:33:15.207 I/EPDG -- SIM0 IwlanNetworkService( 5572): Calling onRequestNetworkRegistrationInfoComplete.resultCode = 0, netState = NetworkRegistrationInfo{ domain=PS transportType=WLAN registrationState=HOME networkRegistrationState=HOME roamingType=NOT_ROAMING accessNetworkTechnology=IWLAN rejectCause=0 emergencyEnabled=false availableServices=[DATA] cellIdentity=null voiceSpecificInfo=null dataSpecificInfo=null nrState=**** rRplmn= isUsingCarrierAggregation=false isNonTerrestrialNetwork=TERRESTRIAL}
12-24 22:33:15.207 D/SemNativeCarrierFeature_vendor( 9673): getInstance
12-24 22:33:15.208 I/BSS_DisplayStateManager(19880): handleDisplayStateChanged: ON -> ON
12-24 22:33:15.208 I/bt_shim_scanner( 4972): system/main/shim/le_scanning_manager.cc:233 ScanFilterAdd: in shim layer
12-24 22:33:15.209 I/BSS_AodStatusMonitor(19880): updateValue: true, 0, false, 0, 0, false
12-24 22:33:15.209 I/BSS_UdfpsKeyguardClient(19880): handleOnAodStatusChanged
12-24 22:33:15.210 I/VRI[FP Iconview]@9878bf7(19880): onDisplayChanged oldDisplayState=4 newDisplayState=2
12-24 22:33:15.210 I/bt_shim_scanner( 4972): system/main/shim/le_scanning_manager.cc:197 ScanFilterParamSetup: in shim layer, clientIf=1
12-24 22:33:15.210 I/health-service( 1987): [api] getHealthInfo() (u:1000 p:2812)
12-24 22:33:15.211 I/bt_shim_scanner( 4972): system/main/shim/le_scanning_manager.cc:151 Scan: in shim layer stopped
12-24 22:33:15.211 W/ScanManager( 4972): There is no scan radio to stop
12-24 22:33:15.211 W/bluetooth( 4972): system/gd/hci/le_scanning_manager.cc:716 scan: address_manager_registered_
12-24 22:33:15.211 I/bt_shim_scanner( 4972): system/main/shim/le_scanning_manager.cc:335 SetScanParameters: in shim layer, scannerId1m=1, scannerIdCoded=0
12-24 22:33:15.211 W/bluetooth( 4972): system/gd/hci/le_scanning_manager.cc:768 stop_scan: stop_scan
12-24 22:33:15.211 W/bt_shim_scanner( 4972): system/main/shim/le_scanning_manager.cc:365 SetScanParameters: Set scan params scan_int_1m : 3120, scan_win_1m : 160, Duty : 5.13% | scan_int_coded : 0, scan_win_coded : 0, Duty : nan%
12-24 22:33:15.211 I/bluetooth( 4972): system/gd/hci/le_address_manager.cc:278 unregister_client: Client unregistered
12-24 22:33:15.211 I/bt_shim_scanner( 4972): system/main/shim/le_scanning_manager.cc:151 Scan: in shim layer started
12-24 22:33:15.211 I/bluetooth( 4972): system/gd/hci/le_scanning_manager.cc:765 stop_scan: Scanning already stopped, return!
12-24 22:33:15.211 W/bluetooth( 4972): system/gd/hci/le_scanning_manager.cc:732 start_scan: start_scan
12-24 22:33:15.211 W/bluetooth( 4972): system/gd/hci/le_scanning_manager.cc:735 start_scan: Register address manager
12-24 22:33:15.211 I/bluetooth( 4972): system/gd/hci/le_address_manager.cc:263 register_client: Client registered
12-24 22:33:15.211 I/BSS_AodStatusMonitor(19880): updateValue: true, 0, false, 0, 0, false
12-24 22:33:15.211 I/BSS_UdfpsKeyguardClient(19880): handleOnAodStatusChanged
12-24 22:33:15.212 D/SemNativeCarrierFeature_vendor( 9673): getInstance
12-24 22:33:15.212 I/SurfaceFlinger( 2059): RequestedLayer [com.samsung.android.wallpaper.live.layered.LayeredWallpaperService$_4927#92] hidden!! flag  from(1) --> to(0)
12-24 22:33:15.212 I/SurfaceFlinger( 2059): RequestedLayer [WallpaperWindowToken{82337fa showWhenLocked=false}#83] hidden!! flag  from(1) --> to(0)
12-24 22:33:15.214 I/EPDG -- SIM0 IwlanNetworkService( 5572): requestNetworkRegistrationInfo for domain 2
12-24 22:33:15.214 I/sensors-hal( 1948): send_sync_sensor_request:543, takes 7 ms to receive the response with 0
12-24 22:33:15.214 I/sensors-hal( 1948): batch:363, android.sensor.light/51, period=200000000, max_latency=0 request completed
12-24 22:33:15.214 I/EPDG -- SIM0 IwlanNetworkService( 5572): Calling onRequestNetworkRegistrationInfoComplete.resultCode = 0, netState = NetworkRegistrationInfo{ domain=PS transportType=WLAN registrationState=HOME networkRegistrationState=HOME roamingType=NOT_ROAMING accessNetworkTechnology=IWLAN rejectCause=0 emergencyEnabled=false availableServices=[DATA] cellIdentity=null voiceSpecificInfo=null dataSpecificInfo=null nrState=**** rRplmn= isUsingCarrierAggregation=false isNonTerrestrialNetwork=TERRESTRIAL}
12-24 22:33:15.215 I/SmartFaceService(17044): mActiveServiceType: 100
12-24 22:33:15.215 I/SmartFaceService(17044): mStayEnabled:true
12-24 22:33:15.215 I/SmartFaceService(17044): Service Type to Worker: 0
12-24 22:33:15.215 I/SmartFaceService(17044): Last Active clients:0 Current Active clients: 0
12-24 22:33:15.216 I/[MCFDs]_ContinuityBleAdv@1a5b404( 7624): stopAdvertiser - unset
12-24 22:33:15.218 W/BtGatt.AdvertiseManager( 4972): stopAdvertisingSet() - Enter the mNativeInterface
12-24 22:33:15.218 I/bt_shim_advertiser( 4972): system/main/shim/le_advertising_manager.cc:80 Unregister: in shim layer
12-24 22:33:15.218 I/bluetooth_core::gatt::server::isolation_manager( 4972): removing server (if any) associated with advertiser AdvertiserId(0)
12-24 22:33:15.218 W/bluetooth( 4972): system/gd/hci/le_advertising_manager.cc:443 remove_advertiser: advertiser_id =0
12-24 22:33:15.218 E/BtGatt.AdvertiseManager( 4972): [GSIM LOG]: gsimLogHandler, msg: MESSAGE_ADV_SET_STOP, appName: com.samsung.android.mcfds, id: 0, isLegacy: true
12-24 22:33:15.218 D/SensorManager( 2812): registerListener :: 51, STK33F11 Light Ambient Light Sensor Non-wakeup, 200000, 0, com.android.server.biometrics.log.ALSProbe$1@87d5b2e
12-24 22:33:15.218 V/ALSProbe( 2812): Enable ALS: 142433070
12-24 22:33:15.218 I/SmartFaceService(17044): Fold state changed = false
12-24 22:33:15.218 I/SmartFaceService(17044): mActiveServiceType: 100
12-24 22:33:15.219 I/SmartFaceService(17044): Service Type to Worker: 0
12-24 22:33:15.219 I/SmartFaceService(17044): Last Active clients:0 Current Active clients: 0
12-24 22:33:15.219 D/SurfaceFlinger( 2059): Display 4630946662957460867 HWC layers:
12-24 22:33:15.219 D/SurfaceFlinger( 2059):        DEVICE |           21161303867424 | 00000100 | RGBA_8888    |    0.0    0.0 1080.0 2340.0 |    0    0 1080 2340 | Wallpaper BBQ wrapper 6_lock#93 (3248)
12-24 22:33:15.219 D/SurfaceFlinger( 2059):        DEVICE |           20371029902322 | 00002100 | RGBA_8888    |    0.0    0.0 1080.0   84.0 |    0    0 1080   84 | StatusBar$_4743#112 (89486)
12-24 22:33:15.219 D/SurfaceFlinger( 2059):        DEVICE |           20371029902372 | 00002100 | RGBA_8888    |    0.0    0.0 1080.0 2340.0 |    0    0 1080 2340 | NotificationShade$_4743#49439 (35)
12-24 22:33:15.219 D/SurfaceFlinger( 2059):        DEVICE |           36532991819980 | 00002100 | RGBA_8888    |    0.0    0.0  111.0  114.0 |  485    0  596  114 | $_8506#153 (202)
12-24 22:33:15.219 D/SurfaceFlinger( 2059):        DEVICE |          122393683034798 | 00002100 | RGBA_8888    |    0.0    0.0 1080.0 2340.0 |    0    0 1080 2340 | $_28497#49440 (1)
12-24 22:33:15.219 D/SurfaceFlinger( 2059):        DEVICE |           85383949844529 | 00002140 | RGBA_8888    |    6.0    6.0 1086.0 2346.0 |    0    0 1080 2340 | FP Iconview$_19880#49443 (25)
12-24 22:33:15.219 D/SurfaceFlinger( 2059): 
12-24 22:33:15.219 I/bt_shim_scanner( 4972): system/main/shim/le_scanning_manager.cc:197 ScanFilterParamSetup: in shim layer, clientIf=2
12-24 22:33:15.220 I/bt_shim_scanner( 4972): system/main/shim/le_scanning_manager.cc:197 ScanFilterParamSetup: in shim layer, clientIf=2
12-24 22:33:15.220 E/ScanManager( 4972): [GSIM LOG]: gsimLogHandler, msg: MESSAGE_SCAN_STOP, appName: com.samsung.android.mdx.kit, scannerId: 2, reportDelayMillis=0
12-24 22:33:15.220 D/MobileIconViewModel( 4743): [] (0/1) connected=true dataConnected=false dataType=OverriddenIcon(iconGroup=IconGroup(5G_NA), iconId=2131235772) networkType=NR/NR_NSA simCard=ETC
12-24 22:33:15.220 D/WifiConnectivityMonitor( 2812): Fetch Detect Mode : 1
12-24 22:33:15.220 I/SmartFaceService(17044): from registerCoverManager -> mClearCoverOpened: true
12-24 22:33:15.220 I/SmartFaceService(17044): SmartFaceService Started.
12-24 22:33:15.221 I/SmartFaceService(17044): SmartFaceService constructor done
12-24 22:33:15.221 E/SmartFaceServiceStarter(17044): onBind
12-24 22:33:15.221 D/KeyguardUpdateMonitor( 4743): handleDreamingStateChanged() dreaming : true -> false
12-24 22:33:15.221 D/KeyguardFingerprint( 4743): shouldListenForFingerprint ( isFingerprintEnabled = true , mKeyguardIsVisible = true , mDeviceInteractive = true , mPrimaryBouncerIsOrWillBeShowing = false , mPrimaryBouncerFullyShown = false , mGoingToSleep = false , mSwitchingUser = false , mIsDreamingForBiometrics = false , mKeyguardUnlocking = false , mKeyguardGoingAway = false , mKeyguardShowing = true , mKeyguardOccluded = false , mSystemReady = true , mHasFocus = true
12-24 22:33:15.221 D/KeyguardFingerprint( 4743): updateFingerprintListeningState#mFingerprintRunningState=1 shouldListenForFingerprint=true isUdfpsEnrolled=false bioType : 1
12-24 22:33:15.221 D/PluginActionManager( 4743): stopListening
12-24 22:33:15.221 I/SmartFaceService(17044): Update service state according to cover state: true
12-24 22:33:15.221 I/SmartFaceService(17044): mActiveServiceType: 100
12-24 22:33:15.221 I/SmartFaceService(17044): Service Type to Worker: 0
12-24 22:33:15.221 I/SmartFaceService(17044): Last Active clients:0 Current Active clients: 0
12-24 22:33:15.222 I/DigitalHorizontalClockView_LOCK_SCREEN_2@528( 4743): updateShadowStyle: shadow : [ShadowStyle: shadowRadius = 5.625, shadowDx = 0.0, shadowDy = 0.0, shadowColor = 1A000000]
12-24 22:33:15.222 I/DigitalHorizontalClockView_LOCK_SCREEN_2@528( 4743): updatePaletteItemTransition : paletteItem = SOLID color : FF36C0D9, animation = false, dozeAmount = 0.6926685
12-24 22:33:15.222 I/[MCFDs]_BleScanner(Nearby)( 7624): startScan - t - 
12-24 22:33:15.222 I/FaceWidgetKeyguardNIOController( 4743): clock dateColor changed #ff36c0d9
12-24 22:33:15.222 I/NotificationIconsOnlyContainer( 4743): updateIconColor() : FF36C0D9, 
12-24 22:33:15.222 I/EPDG -- SIM1 IwlanNetworkService( 5572): requestNetworkRegistrationInfo for domain 2
12-24 22:33:15.222 I/KeyguardClockProvider( 4743): getClockVisibility:0
12-24 22:33:15.222 D/SGGLockStarManager( 4743): isClockAnimationEnable, result null
12-24 22:33:15.222 D/SGGLockStarManager( 4743): isClockAnimationEnable, result null
12-24 22:33:15.222 D/FaceWidgetClockPage( 4743): isNeedToTransition() true
12-24 22:33:15.222 I/NowBarColorModel#25881751( 4743): notifyColorChanged isWhiteWallpaper false darkAmount 0.6926685  darkMode false nowBarMode LOCKSCREEN dozing false
12-24 22:33:15.222 I/ActivityManager( 2812): Changes in 99088 11 to 19, 128 to 0
12-24 22:33:15.222 D/MediaExpandStateObserver( 4743): onChanged MediaExpandStateModel(type=NONE, clockY=0.0, clockValidMaxScale=1.0, hasAnimation=true, isDozing=false, darkAmount=0.6926685, isMediaOutput=false)
12-24 22:33:15.222 D/MediaExpandStateObserver( 4743): animateClipContainer NONE NONE
12-24 22:33:15.222 I/SecKeyguardClockPositionAlgorithm( 4743): prepareClockContainerHeightChanging:
12-24 22:33:15.222 I/ActivityManager( 2812): Changes in 10117 11 to 19, 128 to 0
12-24 22:33:15.222 I/SecKeyguardClockPositionAlgorithm( 4743): setup() mStatusBarHeight = 84, mDarkAmount = 0.6926685, mHeight = 2340, mFaceWidgetContainerHeight = 318, mCurrentClockType = 2
12-24 22:33:15.222 I/SecKeyguardClockPositionAlgorithm( 4743): run() , stackScrollerPadding=645, isCenterAlignType=true, topMargin=305, clockH=293, keyguardNotificationIconsOnlyY=643, mIsAODPositionApplied=false
12-24 22:33:15.222 I/PluginFaceWidgetManager( 4743): isEditMode = false
12-24 22:33:15.222 I/NowBarItemManager( 4743): getVisibleList isScreenTurnedOn = true / aodShowState false shouldControlScreenOff false visibleList size = 0
12-24 22:33:15.224 I/bt_shim_scanner( 4972): system/main/shim/le_scanning_manager.cc:135 RegisterScanner: in shim layer, UUID=136ddb11-72e5-4176-825d-e0290410bd5e
12-24 22:33:15.224 W/bluetooth( 4972): system/gd/hci/le_scanning_manager.cc:650 register_scanner: register_scanner
12-24 22:33:15.224 E/SmartFaceManager/ServiceManagerGlobal( 2812): smart face service connected
12-24 22:33:15.222 I/EPDG -- SIM1 IwlanNetworkService( 5572): Calling onRequestNetworkRegistrationInfoComplete.resultCode = 0, netState = NetworkRegistrationInfo{ domain=PS transportType=WLAN registrationState=UNKNOWN networkRegistrationState=UNKNOWN roamingType=NOT_ROAMING accessNetworkTechnology=IWLAN rejectCause=0 emergencyEnabled=false availableServices=[] cellIdentity=null voiceSpecificInfo=null dataSpecificInfo=null nrState=**** rRplmn= isUsingCarrierAggregation=false isNonTerrestrialNetwork=TERRESTRIAL}
12-24 22:33:15.224 E/SmartFaceManager/ServiceManagerGlobal( 2812): Service is available, connection count = 0 -> 1
12-24 22:33:15.224 E/SmartFaceManager/ServiceManagerGlobal( 2812): bind to smart face service
12-24 22:33:15.224 E/SmartFaceManager/ServiceManagerGlobal( 2812): already tried bound to smart face service
12-24 22:33:15.224 E/SmartFaceManager/ServiceManagerGlobal( 2812): Service is available, connection count = 1 -> 2
12-24 22:33:15.224 D/SmartFaceManager( 2812): Sending smart-stay-framecount-reset: to service
12-24 22:33:15.224 W/Binder  ( 2812): Outgoing transactions from this process must be FLAG_ONEWAY
12-24 22:33:15.224 W/Binder  ( 2812): java.lang.Throwable
12-24 22:33:15.224 W/Binder  ( 2812): 	at android.os.BinderProxy.transact(BinderProxy.java:566)
12-24 22:33:15.224 W/Binder  ( 2812): 	at com.samsung.android.smartface.ISmartFaceService$Stub$Proxy.setValue(ISmartFaceService.java:270)
12-24 22:33:15.224 W/Binder  ( 2812): 	at com.samsung.android.smartface.SmartFaceManager.setValue(SmartFaceManager.java:387)
12-24 22:33:15.224 W/Binder  ( 2812): 	at com.samsung.android.smartface.SmartFaceManager.checkForSmartStay(SmartFaceManager.java:442)
12-24 22:33:15.224 W/Binder  ( 2812): 	at com.android.server.power.SmartStayController$$ExternalSyntheticLambda0.run(qb/104146451 cdce0eda9f709a1c8a993f10cb7468c76086b7d2c14bd23760612f690cb74fcc:17)
12-24 22:33:15.224 W/Binder  ( 2812): 	at android.os.Handler.handleCallback(Handler.java:995)
12-24 22:33:15.224 W/Binder  ( 2812): 	at android.os.Handler.dispatchMessage(Handler.java:103)
12-24 22:33:15.224 W/Binder  ( 2812): 	at android.os.Looper.loopOnce(Looper.java:273)
12-24 22:33:15.224 W/Binder  ( 2812): 	at android.os.Looper.loop(Looper.java:363)
12-24 22:33:15.224 W/Binder  ( 2812): 	at android.os.HandlerThread.run(HandlerThread.java:85)
12-24 22:33:15.224 I/SmartFaceService(17044): setValue, key: smart-stay-framecount-reset value: 
12-24 22:33:15.224 I/DeviceBatteryInfoService( 2812): action: android.intent.action.SCREEN_ON
12-24 22:33:15.225 D/SemNativeCarrierFeature_vendor( 9673): getInstance
12-24 22:33:15.225 I/DeviceBatteryInfoService( 2812): screen on
12-24 22:33:15.225 I/WatchBatteryManager( 2812): checkSyncStart() / mSyncState:0 / mRegistered: false / mScreenOn:true / mAodShowState:0 / mConnected:false
12-24 22:33:15.225 E/ScanManager( 4972): [GSIM LOG]: gsimLogHandler, msg: MESSAGE_SCAN_START, appName: com.samsung.android.beaconmanager, scannerId: 3, reportDelayMillis=0
12-24 22:33:15.225 I/bt_shim_scanner( 4972): system/main/shim/le_scanning_manager.cc:260 ScanFilterEnable: in shim layer
12-24 22:33:15.225 E/SmartFaceManager/ServiceManagerGlobal( 2812): unbind from smart face service, connection count = 2 -> 1
12-24 22:33:15.225 I/bt_shim_scanner( 4972): system/main/shim/le_scanning_manager.cc:233 ScanFilterAdd: in shim layer
12-24 22:33:15.225 E/SmartFaceManager/ServiceManagerGlobal( 2812): bind to smart face service
12-24 22:33:15.225 E/SmartFaceManager/ServiceManagerGlobal( 2812): already tried bound to smart face service
12-24 22:33:15.225 E/SmartFaceManager/ServiceManagerGlobal( 2812): Service is available, connection count = 1 -> 2
12-24 22:33:15.226 I/SmartFaceService(17044): register:161313417
12-24 22:33:15.226 I/SmartFaceService(17044): register, serviceType(100) pid 2812
12-24 22:33:15.226 I/SmartFaceService.Client(17044): New SmartFaceService.Client, service type: 100 pid: 2812
12-24 22:33:15.226 I/SmartFaceService(17044): Service Type to Worker: 100
12-24 22:33:15.226 I/SmartFaceService(17044): Last Active clients:0 Current Active clients: 1
12-24 22:33:15.226 I/SmartFaceService(17044): We have active clients. open camera
12-24 22:33:15.226 I/FaceWidgetViewModel( 4743): onNioViewStateUpdated : alpha 0.38682455, visibility 0
12-24 22:33:15.226 I/SecKeyguardClockPositionAlgorithm( 4743): prepareClockContainerHeightChanging:
12-24 22:33:15.226 I/SmartFaceService(17044): mWakeLock.acquire() in FD
12-24 22:33:15.226 I/SecKeyguardClockPositionAlgorithm( 4743): setup() mStatusBarHeight = 84, mDarkAmount = 0.6926685, mHeight = 2340, mFaceWidgetContainerHeight = 305, mCurrentClockType = 2
12-24 22:33:15.226 I/SecKeyguardClockPositionAlgorithm( 4743): getClockContainerHeight() supplier = 293, bottom margin = 47, real height = 305
12-24 22:33:15.226 I/SecKeyguardClockPositionAlgorithm( 4743): getClockContainerHeight() supplier = 293, bottom margin = 0, real height = 305
12-24 22:33:15.226 I/PluginFaceWidgetManager( 4743): isEditMode = false
12-24 22:33:15.226 I/NowBarItemManager( 4743): getVisibleList isScreenTurnedOn = true / aodShowState false shouldControlScreenOff false visibleList size = 0
12-24 22:33:15.227 I/SecKeyguardClockPositionAlgorithm( 4743): prepareClockContainerHeightChanging:
12-24 22:33:15.227 I/PluginFaceWidgetManager( 4743): isEditMode = false
12-24 22:33:15.227 I/NowBarItemManager( 4743): getVisibleList isScreenTurnedOn = true / aodShowState false shouldControlScreenOff false visibleList size = 0
12-24 22:33:15.227 I/sensors-hal( 1948): qsh_conn_event_cb:890, event[0] sensor:Pocket Position Mode  Wakeup, msg_id=1025, ts=3097312387623
12-24 22:33:15.227 I/bt_shim_scanner( 4972): system/main/shim/le_scanning_manager.cc:197 ScanFilterParamSetup: in shim layer, clientIf=3
12-24 22:33:15.227 I/sensors-hal( 1948): handle_sns_client_event:73, pocket_pos_mode_event: ts = 161313417107326 ns; value = [2, 2, 6, 2, 0, 21093000, 0, 0, 0, 0]
12-24 22:33:15.227 I/CameraController(17044): openCamera S
12-24 22:33:15.228 D/SemNativeCarrierFeature_vendor( 9673): getInstance
12-24 22:33:15.228 D/PluginActionManager( 4743): onPluginDisconnected
12-24 22:33:15.228 D/DozeService( 4743): onPluginDisconnected: PluginAOD plugin=com.samsung.android.app.aodservice.plugin.PluginAODImpl@5bd58ad
12-24 22:33:15.228 I/CameraV2Controller(17044): handleMessage(1) { when=-1ms what=1 obj=java.util.concurrent.CountDownLatch@ef7a5e4[Count = 1] target=a.h }
12-24 22:33:15.228 D/DozeService( 4743): stopAlwaysOnDisplay: mAODPlugin=null
12-24 22:33:15.228 I/PluginAODImpl( 4743): onDestroy()
12-24 22:33:15.229 D/BluetoothAdapter(18268): isLeEnabled(): ON
12-24 22:33:15.229 I/DigitalHorizontalClockView_LOCK_SCREEN_2@528( 4743): updateShadowStyle: shadow : [ShadowStyle: shadowRadius = 5.625, shadowDx = 0.0, shadowDy = 0.0, shadowColor = 1A000000]
12-24 22:33:15.229 I/DigitalHorizontalClockView_LOCK_SCREEN_2@528( 4743): updatePaletteItemTransition : paletteItem = SOLID color : FF38C7E1, animation = false, dozeAmount = 0.49927935
12-24 22:33:15.229 I/FaceWidgetKeyguardNIOController( 4743): clock dateColor changed #ff38c7e1
12-24 22:33:15.229 I/NotificationIconsOnlyContainer( 4743): updateIconColor() : FF38C7E1, 
12-24 22:33:15.229 I/KeyguardClockProvider( 4743): getClockVisibility:0
12-24 22:33:15.229 D/SGGLockStarManager( 4743): isClockAnimationEnable, result null
12-24 22:33:15.229 D/SGGLockStarManager( 4743): isClockAnimationEnable, result null
12-24 22:33:15.229 D/FaceWidgetClockPage( 4743): isNeedToTransition() true
12-24 22:33:15.229 I/NowBarColorModel#25881751( 4743): notifyColorChanged isWhiteWallpaper false darkAmount 0.49927935  darkMode false nowBarMode LOCKSCREEN dozing false
12-24 22:33:15.229 D/MediaExpandStateObserver( 4743): onChanged MediaExpandStateModel(type=NONE, clockY=0.0, clockValidMaxScale=1.0, hasAnimation=true, isDozing=false, darkAmount=0.49927935, isMediaOutput=false)
12-24 22:33:15.229 D/MediaExpandStateObserver( 4743): animateClipContainer NONE NONE
12-24 22:33:15.229 I/SecKeyguardClockPositionAlgorithm( 4743): prepareClockContainerHeightChanging:
12-24 22:33:15.229 I/SecKeyguardClockPositionAlgorithm( 4743): setup() mStatusBarHeight = 84, mDarkAmount = 0.49927935, mHeight = 2340, mFaceWidgetContainerHeight = 305, mCurrentClockType = 2
12-24 22:33:15.229 I/SecKeyguardClockPositionAlgorithm( 4743): run() , stackScrollerPadding=631, isCenterAlignType=true, topMargin=291, clockH=293, keyguardNotificationIconsOnlyY=629, mIsAODPositionApplied=false
12-24 22:33:15.229 I/PluginFaceWidgetManager( 4743): isEditMode = false
12-24 22:33:15.229 I/NowBarItemManager( 4743): getVisibleList isScreenTurnedOn = true / aodShowState false shouldControlScreenOff false visibleList size = 0
12-24 22:33:15.229 I/FaceWidgetViewModel( 4743): onNioViewStateUpdated : alpha 0.47492647, visibility 0
12-24 22:33:15.230 I/SecKeyguardClockPositionAlgorithm( 4743): prepareClockContainerHeightChanging:
12-24 22:33:15.230 I/SecKeyguardClockPositionAlgorithm( 4743): setup() mStatusBarHeight = 84, mDarkAmount = 0.49927935, mHeight = 2340, mFaceWidgetContainerHeight = 291, mCurrentClockType = 2
12-24 22:33:15.230 I/SecKeyguardClockPositionAlgorithm( 4743): getClockContainerHeight() supplier = 293, bottom margin = 47, real height = 291
12-24 22:33:15.230 I/SecKeyguardClockPositionAlgorithm( 4743): getClockContainerHeight() supplier = 293, bottom margin = 0, real height = 291
12-24 22:33:15.230 I/PluginFaceWidgetManager( 4743): isEditMode = false
12-24 22:33:15.230 I/NowBarItemManager( 4743): getVisibleList isScreenTurnedOn = true / aodShowState false shouldControlScreenOff false visibleList size = 0
12-24 22:33:15.230 I/SecKeyguardClockPositionAlgorithm( 4743): prepareClockContainerHeightChanging:
12-24 22:33:15.230 I/PluginFaceWidgetManager( 4743): isEditMode = false
12-24 22:33:15.230 I/NowBarItemManager( 4743): getVisibleList isScreenTurnedOn = true / aodShowState false shouldControlScreenOff false visibleList size = 0
12-24 22:33:15.230 D/PowerManagerService( 2812): [api] acquire WakeLock DRAW_WAKE_LOCK                    '234:draw' (uid=10214 pid=28497 displayId=0 lock=191586)
12-24 22:33:15.230 I/bt_shim_scanner( 4972): system/main/shim/le_scanning_manager.cc:233 ScanFilterAdd: in shim layer
12-24 22:33:15.231 I/NearbyDiscovery(18268): (REDACTED) ApFastPairScanner: isScreenOn=%s, isLocationEnabled=%s, disableLocationRequirement=%s, isDiscoveryScanningEnabled=%s, during24GhzWifiWarmingUpPeriod=%s
12-24 22:33:15.231 I/bt_shim_scanner( 4972): system/main/shim/le_scanning_manager.cc:197 ScanFilterParamSetup: in shim layer, clientIf=3
12-24 22:33:15.231 I/bt_shim_scanner( 4972): system/main/shim/le_scanning_manager.cc:233 ScanFilterAdd: in shim layer
12-24 22:33:15.232 D/SecContentProvider( 2812): query(), uri = 30 selection = isCameraEnabled
12-24 22:33:15.232 D/SecContentProvider( 2812): called from android.uid.system:1000
12-24 22:33:15.232 D/RestrictionPolicy( 2812): isCameraEnabled ret(true) userId(0) cxtInfo.mCallerUid(1000) cxtInfo.mContainerId(0)
12-24 22:33:15.232 I/NearbyDiscovery(18268): (REDACTED) ApFastPairScanner: Start scanning internally, %s
12-24 22:33:15.232 D/BluetoothAdapter(18268): isLeEnabled(): ON
12-24 22:33:15.232 I/bt_shim_scanner( 4972): system/main/shim/le_scanning_manager.cc:197 ScanFilterParamSetup: in shim layer, clientIf=3
12-24 22:33:15.233 V/AccessibilityManagerService( 2812): onUserStateChangedLocked for userId: 0, forceUpdate: false
12-24 22:33:15.233 I/bt_shim_scanner( 4972): system/main/shim/le_scanning_manager.cc:233 ScanFilterAdd: in shim layer
12-24 22:33:15.233 I/bt_shim_scanner( 4972): system/main/shim/le_scanning_manager.cc:197 ScanFilterParamSetup: in shim layer, clientIf=3
12-24 22:33:15.233 I/bt_shim_scanner( 4972): system/main/shim/le_scanning_manager.cc:233 ScanFilterAdd: in shim layer
12-24 22:33:15.233 W/ActivityManager( 2812): Unable to start service Intent { cmp=you.in.spark.energy.ring.gen/.Engine } U=0: not found
12-24 22:33:15.233 D/KNOX_MDM_SettingsProvider( 2812): isChangeAllowed() : name = accessibility_enabled
12-24 22:33:15.234 D/MagnificationConnectionManager( 2812): requestConnection :false mConnectionState : 3
12-24 22:33:15.234 W/MagnificationConnectionManager( 2812): requestConnection duplicated request: connect=false, mConnectionState=DISCONNECTED
12-24 22:33:15.234 I/bt_shim_scanner( 4972): system/main/shim/le_scanning_manager.cc:197 ScanFilterParamSetup: in shim layer, clientIf=3
12-24 22:33:15.234 I/bt_shim_scanner( 4972): system/main/shim/le_scanning_manager.cc:233 ScanFilterAdd: in shim layer
12-24 22:33:15.235 I/bt_shim_scanner( 4972): system/main/shim/le_scanning_manager.cc:197 ScanFilterParamSetup: in shim layer, clientIf=3
12-24 22:33:15.235 D/BluetoothLeScanner(18268): Start Scan with callback
12-24 22:33:15.235 I/bt_shim_scanner( 4972): system/main/shim/le_scanning_manager.cc:233 ScanFilterAdd: in shim layer
12-24 22:33:15.236 I/bt_shim_scanner( 4972): system/main/shim/le_scanning_manager.cc:197 ScanFilterParamSetup: in shim layer, clientIf=3
12-24 22:33:15.236 I/bt_shim_scanner( 4972): system/main/shim/le_scanning_manager.cc:233 ScanFilterAdd: in shim layer
12-24 22:33:15.236 I/bt_shim_scanner( 4972): system/main/shim/le_scanning_manager.cc:197 ScanFilterParamSetup: in shim layer, clientIf=3
12-24 22:33:15.236 I/bt_shim_scanner( 4972): system/main/shim/le_scanning_manager.cc:233 ScanFilterAdd: in shim layer
12-24 22:33:15.240 W/ContextImpl( 7531): Calling a method in the system process without a qualified user: android.app.ContextImpl.startService:2068 android.content.ContextWrapper.startService:872 android.content.ContextWrapper.startService:872 com.sec.android.diagmonagent.sa.receiver.CFLogReceiver.onReceive:56 android.app.ActivityThread.handleReceiver:5663 
12-24 22:33:15.240 I/bt_shim_scanner( 4972): system/main/shim/le_scanning_manager.cc:197 ScanFilterParamSetup: in shim layer, clientIf=3
12-24 22:33:15.240 D/PocketSensitivityManager( 2812): POCKET POSSENSOR : state 2 posState 2 posCase 6 pedoState 2 pedoCase 0 version 21093000
12-24 22:33:15.241 I/AccessibilityManagerService( 2812): semIsAccessibilityServiceEnabled()
12-24 22:33:15.241 D/PocketModeEvent( 2812): MSG_TYPE_DISABLE_INSENSITIVE_MODE
12-24 22:33:15.241 D/SemInputDeviceManager( 2812): setProperty: (100) CMD,LOW_SENSITIVITY,0
12-24 22:33:15.241 I/AccessibilityManagerService( 2812): semIsAccessibilityServiceEnabled()
12-24 22:33:15.241 D/AS.AudioService( 2812): Accessibility volume enabled = false
12-24 22:33:15.241 I/SemInputCommandService( 2812): setPropertyAllTouch: LOW_SENSITIVITY,0 retDefault=1 retExtra=-2
12-24 22:33:15.241 I/bt_shim_scanner( 4972): system/main/shim/le_scanning_manager.cc:233 ScanFilterAdd: in shim layer
12-24 22:33:15.241 D/SemInputDevice:TSP( 2812): SetPropertyTask: CMD,low_sensitivity_mode_enable,0 [12-24 22:33:15.241]
12-24 22:33:15.241 I/bt_shim_scanner( 4972): system/main/shim/le_scanning_manager.cc:135 RegisterScanner: in shim layer, UUID=ef1ce1bd-16f5-4235-933a-b4613ae496a0
12-24 22:33:15.241 I/bt_shim_scanner( 4972): system/main/shim/le_scanning_manager.cc:197 ScanFilterParamSetup: in shim layer, clientIf=3
12-24 22:33:15.241 I/CameraController(17044): isCameraAllowed: true
12-24 22:33:15.241 W/bluetooth( 4972): system/gd/hci/le_scanning_manager.cc:650 register_scanner: register_scanner
12-24 22:33:15.241 D/BluetoothLeScanner(18268): onScannerRegistered() - status=0 scannerId=4 mScannerId=0
12-24 22:33:15.242 D/SemWifiSwitchForIndividualAppsService( 2812): stopTCPMonitoring : already stopped
12-24 22:33:15.242 D/SemWifiP2pGoPowerSave( 2812): handleScreenState: true
12-24 22:33:15.243 I/BatchScanningManager(18268): Batch scanner stopped/cancelled (if it was running/scheduled). [CONTEXT service_id=284 ]
12-24 22:33:15.243 D/SemStrongRssiRoaming( 2812): updateConnectStateAndBand()
12-24 22:33:15.243 D/SemStrongRssiRoaming( 2812): updateRclCondition()
12-24 22:33:15.243 I/SafetyCenterAccessibilityListener(29469): accessibility event occurred, safety center feature not enabled.
12-24 22:33:15.243 D/SemStrongRssiRoaming( 2812):  RCL [5785, 5220]
12-24 22:33:15.243 D/SemStrongRssiRoaming( 2812): updatePollingState 51, 59
12-24 22:33:15.244 V/WifiProfileShare( 2812): screen on
12-24 22:33:15.244 I/NearbyDiscovery(18268): (REDACTED) ApFastPairScanner: Start scanning, mode=%s
12-24 22:33:15.245 I/[MCFServer]_BleScanner(Subscriber)( 6433): buildScanFilters -  # of service = 1, Data = [02140000050100000001], Mask = [FFFF0000FFFF00000001]
12-24 22:33:15.245 I/[MCFServer]_BleScanner(Subscriber)( 6433): startScan - t - 
12-24 22:33:15.246 I/bt_shim_scanner( 4972): system/main/shim/le_scanning_manager.cc:135 RegisterScanner: in shim layer, UUID=03631624-1be4-42a0-b4a6-d7239f8cc094
12-24 22:33:15.246 I/DigitalHorizontalClockView_LOCK_SCREEN_2@528( 4743): updateShadowStyle: shadow : [ShadowStyle: shadowRadius = 5.625, shadowDx = 0.0, shadowDy = 0.0, shadowColor = 1A000000]
12-24 22:33:15.246 I/DigitalHorizontalClockView_LOCK_SCREEN_2@528( 4743): updatePaletteItemTransition : paletteItem = SOLID color : FF39CCE7, animation = false, dozeAmount = 0.3600725
12-24 22:33:15.246 W/bluetooth( 4972): system/gd/hci/le_scanning_manager.cc:650 register_scanner: register_scanner
12-24 22:33:15.246 I/FaceWidgetKeyguardNIOController( 4743): clock dateColor changed #ff39cce7
12-24 22:33:15.246 I/NotificationIconsOnlyContainer( 4743): updateIconColor() : FF39CCE7, 
12-24 22:33:15.246 I/KeyguardClockProvider( 4743): getClockVisibility:0
12-24 22:33:15.246 D/SGGLockStarManager( 4743): isClockAnimationEnable, result null
12-24 22:33:15.246 D/SGGLockStarManager( 4743): isClockAnimationEnable, result null
12-24 22:33:15.246 D/FaceWidgetClockPage( 4743): isNeedToTransition() true
12-24 22:33:15.246 I/NowBarColorModel#25881751( 4743): notifyColorChanged isWhiteWallpaper false darkAmount 0.3600725  darkMode false nowBarMode LOCKSCREEN dozing false
12-24 22:33:15.246 D/MediaExpandStateObserver( 4743): onChanged MediaExpandStateModel(type=NONE, clockY=0.0, clockValidMaxScale=1.0, hasAnimation=true, isDozing=false, darkAmount=0.3600725, isMediaOutput=false)
12-24 22:33:15.246 D/MediaExpandStateObserver( 4743): animateClipContainer NONE NONE
12-24 22:33:15.246 I/SecKeyguardClockPositionAlgorithm( 4743): prepareClockContainerHeightChanging:
12-24 22:33:15.246 I/SecKeyguardClockPositionAlgorithm( 4743): setup() mStatusBarHeight = 84, mDarkAmount = 0.3600725, mHeight = 2340, mFaceWidgetContainerHeight = 291, mCurrentClockType = 2
12-24 22:33:15.247 I/SecKeyguardClockPositionAlgorithm( 4743): run() , stackScrollerPadding=621, isCenterAlignType=true, topMargin=281, clockH=293, keyguardNotificationIconsOnlyY=619, mIsAODPositionApplied=false
12-24 22:33:15.247 I/PluginFaceWidgetManager( 4743): isEditMode = false
12-24 22:33:15.247 I/NowBarItemManager( 4743): getVisibleList isScreenTurnedOn = true / aodShowState false shouldControlScreenOff false visibleList size = 0
12-24 22:33:15.247 I/FaceWidgetViewModel( 4743): onNioViewStateUpdated : alpha 0.55093336, visibility 0
12-24 22:33:15.247 I/SecKeyguardClockPositionAlgorithm( 4743): prepareClockContainerHeightChanging:
