12-26 18:11:27.110 13990 13990 I flutter : EPG: Saved normalized mapping (310 entries) to /data/user/0/com.risa.app/files/epg_normalized.json
12-26 18:11:27.110 13990 13990 I flutter : EPG: Successfully parsed 300 channels and 305 IDs
12-26 18:11:27.110 13990 13990 I flutter : EPG: Service state - URL: https://dragtvplus.lol/xmltv.php?username=bobby&password=09052757, Available channels: 305, Loaded channels: 300
12-26 18:11:27.119 13990 13990 I flutter : EPG: Initializing...
12-26 18:11:27.121 13990 13990 I flutter : EPG: Initializing with URL: https://dragtvplus.lol/xmltv.php?username=bobby&password=09052757
12-26 18:11:27.124 13990 13990 I flutter : EPG: Loaded normalized mapping from file (310 entries)
12-26 18:11:27.125 13990 13990 I flutter : EPG: Cache is valid. Age: 32 minutes. Size: 66.00 MB
12-26 18:11:27.125 13990 13990 I flutter : EPG: Using valid cached file, skipping download.
12-26 18:11:27.125 13990 13990 I flutter : EPG: Starting background parsing...
12-26 18:11:27.136 13990 13990 I flutter : EPG: Init skipped (in flight)
12-26 18:11:27.511 13990 13990 I flutter : EPG: Persisted programs to DB (300 channels)
12-26 18:11:28.438 13990 13990 I flutter : EPG: Saved normalized mapping (310 entries) to /data/user/0/com.risa.app/files/epg_normalized.json
12-26 18:11:28.438 13990 13990 I flutter : EPG: Successfully parsed 300 channels and 305 IDs
12-26 18:11:28.438 13990 13990 I flutter : EPG: Service state - URL: https://dragtvplus.lol/xmltv.php?username=bobby&password=09052757, Available channels: 305, Loaded channels: 300
12-26 18:11:28.454 13990 13990 I flutter : EPG: Initializing...
12-26 18:11:28.456 13990 13990 I flutter : EPG: Initializing with URL: https://dragtvplus.lol/xmltv.php?username=bobby&password=09052757
12-26 18:11:28.459 13990 13990 I flutter : EPG: Loaded normalized mapping from file (310 entries)
12-26 18:11:28.460 13990 13990 I flutter : EPG: Cache is valid. Age: 32 minutes. Size: 66.00 MB
12-26 18:11:28.460 13990 13990 I flutter : EPG: Using valid cached file, skipping download.
12-26 18:11:28.461 13990 13990 I flutter : EPG: Starting background parsing...
12-26 18:11:28.471 13990 13990 I flutter : EPG: Init skipped (in flight)
12-26 18:11:28.852 13990 13990 I flutter : EPG: Persisted programs to DB (300 channels)
12-26 18:11:29.600  2812  4617 D SGM:GameManager: identifyGamePackage. com.risa.app, mCurrentUserId: 0, callingMethodInfo: com.samsung.android.game.SemGameManager.isGamePackage(SemGameManager.java:106)
12-26 18:11:29.600  2812  4617 D SGM:SemGameManager: isGamePackage(), pkgName=com.risa.app, ret=false
12-26 18:11:29.774  1176  1176 D io_stats: !@ Write_top(KB): com.risa.app(13990) 56316 f2fs_ckpt-254:6(1290) 240 kworker/u16:15(19518) 168
12-26 18:11:29.855 13990 13990 I flutter : EPG: Saved normalized mapping (310 entries) to /data/user/0/com.risa.app/files/epg_normalized.json
12-26 18:11:29.855 13990 13990 I flutter : EPG: Successfully parsed 300 channels and 305 IDs
12-26 18:11:29.855 13990 13990 I flutter : EPG: Service state - URL: https://dragtvplus.lol/xmltv.php?username=bobby&password=09052757, Available channels: 305, Loaded channels: 300
12-26 18:11:29.872 13990 13990 I flutter : EPG: Initializing...
12-26 18:11:29.875 13990 13990 I flutter : EPG: Initializing with URL: https://dragtvplus.lol/xmltv.php?username=bobby&password=09052757
12-26 18:11:29.883 13990 13990 I flutter : EPG: Loaded normalized mapping from file (310 entries)
12-26 18:11:29.885 13990 13990 I flutter : EPG: Cache is valid. Age: 32 minutes. Size: 66.00 MB
12-26 18:11:29.885 13990 13990 I flutter : EPG: Using valid cached file, skipping download.
12-26 18:11:29.886 13990 13990 I flutter : EPG: Starting background parsing...
12-26 18:11:29.889 13990 13990 I flutter : EPG: Init skipped (in flight)
12-26 18:11:30.552 13990 13990 I flutter : EPG: Persisted programs to DB (300 channels)
12-26 18:11:31.291 13990 13990 I flutter : EPG: Saved normalized mapping (310 entries) to /data/user/0/com.risa.app/files/epg_normalized.json
12-26 18:11:31.292 13990 13990 I flutter : EPG: Successfully parsed 300 channels and 305 IDs
12-26 18:11:31.292 13990 13990 I flutter : EPG: Service state - URL: https://dragtvplus.lol/xmltv.php?username=bobby&password=09052757, Available channels: 305, Loaded channels: 300
12-26 18:11:31.307 13990 13990 I flutter : EPG: Initializing...
12-26 18:11:31.310 13990 13990 I flutter : EPG: Initializing with URL: https://dragtvplus.lol/xmltv.php?username=bobby&password=09052757
12-26 18:11:31.316 13990 13990 I flutter : EPG: Loaded normalized mapping from file (310 entries)
12-26 18:11:31.318 13990 13990 I flutter : EPG: Cache is valid. Age: 32 minutes. Size: 66.00 MB
12-26 18:11:31.318 13990 13990 I flutter : EPG: Using valid cached file, skipping download.
12-26 18:11:31.319 13990 13990 I flutter : EPG: Starting background parsing...
12-26 18:11:31.324 13990 13990 I flutter : EPG: Init skipped (in flight)
12-26 18:11:31.913 13990 13990 I flutter : EPG: Persisted programs to DB (300 channels)
12-26 18:11:32.601  2812  4617 D SGM:GameManager: identifyGamePackage. com.risa.app, mCurrentUserId: 0, callingMethodInfo: com.samsung.android.game.SemGameManager.isGamePackage(SemGameManager.java:106)
12-26 18:11:32.601  2812  4617 D SGM:SemGameManager: isGamePackage(), pkgName=com.risa.app, ret=false
12-26 18:11:32.698 13990 13990 I flutter : EPG: Saved normalized mapping (310 entries) to /data/user/0/com.risa.app/files/epg_normalized.json
12-26 18:11:32.698 13990 13990 I flutter : EPG: Successfully parsed 300 channels and 305 IDs
12-26 18:11:32.698 13990 13990 I flutter : EPG: Service state - URL: https://dragtvplus.lol/xmltv.php?username=bobby&password=09052757, Available channels: 305, Loaded channels: 300
12-26 18:11:32.709 13990 13990 I flutter : EPG: Initializing...
12-26 18:11:32.710 13990 13990 I flutter : EPG: Initializing with URL: https://dragtvplus.lol/xmltv.php?username=bobby&password=09052757
12-26 18:11:32.713 13990 13990 I flutter : EPG: Loaded normalized mapping from file (310 entries)
12-26 18:11:32.714 13990 13990 I flutter : EPG: Cache is valid. Age: 32 minutes. Size: 66.00 MB
12-26 18:11:32.714 13990 13990 I flutter : EPG: Using valid cached file, skipping download.
12-26 18:11:32.715 13990 13990 I flutter : EPG: Starting background parsing...
12-26 18:11:32.725 13990 13990 I flutter : EPG: Init skipped (in flight)
12-26 18:11:33.423 13990 13990 I flutter : EPG: Persisted programs to DB (300 channels)
12-26 18:11:33.626  2059  2059 I SurfaceFlinger: [com.risa.app/com.risa.app.MainActivity$_13990#75533] setFrameRateCategory: HighHint
12-26 18:11:33.777  1176  1176 D io_stats: !@ Write_top(KB): com.risa.app(13990) 73560 kworker/u16:3(9199) 880 kworker/u16:5(9201) 528
12-26 18:11:34.159 13990 13990 I flutter : EPG: Saved normalized mapping (310 entries) to /data/user/0/com.risa.app/files/epg_normalized.json
12-26 18:11:34.159 13990 13990 I flutter : EPG: Successfully parsed 300 channels and 305 IDs
12-26 18:11:34.159 13990 13990 I flutter : EPG: Service state - URL: https://dragtvplus.lol/xmltv.php?username=bobby&password=09052757, Available channels: 305, Loaded channels: 300
12-26 18:11:34.178 13990 13990 I flutter : EPG: Initializing...
12-26 18:11:34.182 13990 13990 I flutter : EPG: Initializing with URL: https://dragtvplus.lol/xmltv.php?username=bobby&password=09052757
12-26 18:11:34.187 13990 13990 I flutter : EPG: Loaded normalized mapping from file (310 entries)
12-26 18:11:34.189 13990 13990 I flutter : EPG: Cache is valid. Age: 32 minutes. Size: 66.00 MB
12-26 18:11:34.189 13990 13990 I flutter : EPG: Using valid cached file, skipping download.
12-26 18:11:34.190 13990 13990 I flutter : EPG: Starting background parsing...
12-26 18:11:34.194 13990 13990 I flutter : EPG: Init skipped (in flight)
12-26 18:11:34.969 13990 13990 I flutter : EPG: Persisted programs to DB (300 channels)
12-26 18:11:35.592 13990 13990 I flutter : EPG: Saved normalized mapping (310 entries) to /data/user/0/com.risa.app/files/epg_normalized.json
12-26 18:11:35.592 13990 13990 I flutter : EPG: Successfully parsed 300 channels and 305 IDs
12-26 18:11:35.592 13990 13990 I flutter : EPG: Service state - URL: https://dragtvplus.lol/xmltv.php?username=bobby&password=09052757, Available channels: 305, Loaded channels: 300
12-26 18:11:35.594 13990 13990 I flutter : EPG: Initializing...
12-26 18:11:35.597 13990 13990 I flutter : EPG: Initializing with URL: https://dragtvplus.lol/xmltv.php?username=bobby&password=09052757
12-26 18:11:35.603 13990 13990 I flutter : EPG: Loaded normalized mapping from file (310 entries)
12-26 18:11:35.604 13990 13990 I flutter : EPG: Cache is valid. Age: 32 minutes. Size: 66.00 MB
12-26 18:11:35.604 13990 13990 I flutter : EPG: Using valid cached file, skipping download.
12-26 18:11:35.605 13990 13990 I flutter : EPG: Starting background parsing...
12-26 18:11:35.611 13990 13990 I flutter : EPG: Init skipped (in flight)
12-26 18:11:35.621  2812  4617 D SGM:GameManager: identifyGamePackage. com.risa.app, mCurrentUserId: 0, callingMethodInfo: com.samsung.android.game.SemGameManager.isGamePackage(SemGameManager.java:106)
12-26 18:11:35.621  2812  4617 D SGM:SemGameManager: isGamePackage(), pkgName=com.risa.app, ret=false
12-26 18:11:36.397 13990 13990 I flutter : EPG: Persisted programs to DB (300 channels)
12-26 18:11:36.697  2059  2059 I SurfaceFlinger: [com.risa.app/com.risa.app.MainActivity$_13990#75533] setFrameRateCategory: NoPreference
12-26 18:11:37.004 13990 13990 I flutter : EPG: Saved normalized mapping (310 entries) to /data/user/0/com.risa.app/files/epg_normalized.json
12-26 18:11:37.005 13990 13990 I flutter : EPG: Successfully parsed 300 channels and 305 IDs
12-26 18:11:37.005 13990 13990 I flutter : EPG: Service state - URL: https://dragtvplus.lol/xmltv.php?username=bobby&password=09052757, Available channels: 305, Loaded channels: 300
12-26 18:11:37.014 13990 13990 I flutter : EPG: Initializing...
12-26 18:11:37.017 13990 13990 I flutter : EPG: Initializing with URL: https://dragtvplus.lol/xmltv.php?username=bobby&password=09052757
12-26 18:11:37.022 13990 13990 I flutter : EPG: Loaded normalized mapping from file (310 entries)
12-26 18:11:37.023 13990 13990 I flutter : EPG: Cache is valid. Age: 32 minutes. Size: 66.00 MB
12-26 18:11:37.023 13990 13990 I flutter : EPG: Using valid cached file, skipping download.
12-26 18:11:37.024 13990 13990 I flutter : EPG: Starting background parsing...
12-26 18:11:37.031 13990 13990 I flutter : EPG: Init skipped (in flight)
12-26 18:11:37.621  2059  4306 I SurfaceFlinger: Capture layer list: 	 Background for beb6089 SurfaceView[com.risa.app/com.risa.app.MainActivity]@0#75537(seamlessTransition:0)
12-26 18:11:37.621  2059  4306 I SurfaceFlinger: Capture layer list: 	 beb6089 SurfaceView[com.risa.app/com.risa.app.MainActivity]@0(BLAST)#75536(seamlessTransition:0)
12-26 18:11:37.621  2059  4306 I SurfaceFlinger: Capture layer list: 	 com.risa.app/com.risa.app.MainActivity$_13990#75533(seamlessTransition:0)
12-26 18:11:37.622  2059  2251 D RenderEngine: [SEC_SF_EFFECTS] drawLayersInternal,1483, Rendering layer beb6089 SurfaceView[com.risa.app/com.risa.app.MainActivity]@0(BLAST)#75536 at index 1
12-26 18:11:37.622  2059  2251 D RenderEngine: [SEC_SF_EFFECTS] drawLayersInternal,1483, Rendering layer com.risa.app/com.risa.app.MainActivity$_13990#75533 at index 2
12-26 18:11:37.688 13990 13990 I flutter : EPG: Persisted programs to DB (300 channels)
12-26 18:11:37.779  1176  1176 D io_stats: !@ Write_top(KB): com.risa.app(13990) 74696 kworker/u16:3(9199) 2692 rdash.driverapp(4350) 40
12-26 18:11:38.424 13990 13990 I flutter : EPG: Saved normalized mapping (310 entries) to /data/user/0/com.risa.app/files/epg_normalized.json
12-26 18:11:38.424 13990 13990 I flutter : EPG: Successfully parsed 300 channels and 305 IDs
12-26 18:11:38.424 13990 13990 I flutter : EPG: Service state - URL: https://dragtvplus.lol/xmltv.php?username=bobby&password=09052757, Available channels: 305, Loaded channels: 300
12-26 18:11:38.432 13990 13990 I flutter : EPG: Initializing...
12-26 18:11:38.435 13990 13990 I flutter : EPG: Initializing with URL: https://dragtvplus.lol/xmltv.php?username=bobby&password=09052757
12-26 18:11:38.442 13990 13990 I flutter : EPG: Loaded normalized mapping from file (310 entries)
12-26 18:11:38.443 13990 13990 I flutter : EPG: Cache is valid. Age: 32 minutes. Size: 66.00 MB
12-26 18:11:38.443 13990 13990 I flutter : EPG: Using valid cached file, skipping download.
12-26 18:11:38.443 13990 13990 I flutter : EPG: Starting background parsing...
12-26 18:11:38.449 13990 13990 I flutter : EPG: Init skipped (in flight)
12-26 18:11:38.635  2812  4617 D SGM:GameManager: identifyGamePackage. com.risa.app, mCurrentUserId: 0, callingMethodInfo: com.samsung.android.game.SemGameManager.isGamePackage(SemGameManager.java:106)
12-26 18:11:38.635  2812  4617 D SGM:SemGameManager: isGamePackage(), pkgName=com.risa.app, ret=false
12-26 18:11:39.115 13990 13990 I flutter : EPG: Persisted programs to DB (300 channels)
12-26 18:11:39.849 13990 13990 I flutter : EPG: Saved normalized mapping (310 entries) to /data/user/0/com.risa.app/files/epg_normalized.json
12-26 18:11:39.849 13990 13990 I flutter : EPG: Successfully parsed 300 channels and 305 IDs
12-26 18:11:39.849 13990 13990 I flutter : EPG: Service state - URL: https://dragtvplus.lol/xmltv.php?username=bobby&password=09052757, Available channels: 305, Loaded channels: 300
12-26 18:11:39.867 13990 13990 I flutter : EPG: Initializing...
12-26 18:11:39.871 13990 13990 I flutter : EPG: Initializing with URL: https://dragtvplus.lol/xmltv.php?username=bobby&password=09052757
12-26 18:11:39.883 13990 13990 I flutter : EPG: Loaded normalized mapping from file (310 entries)
12-26 18:11:39.885 13990 13990 I flutter : EPG: Init skipped (in flight)
12-26 18:11:39.890 13990 13990 I flutter : EPG: Cache is valid. Age: 32 minutes. Size: 66.00 MB
12-26 18:11:39.890 13990 13990 I flutter : EPG: Using valid cached file, skipping download.
12-26 18:11:39.891 13990 13990 I flutter : EPG: Starting background parsing...
12-26 18:11:39.900 13990 13990 I flutter : EPG: Init skipped (in flight)
12-26 18:11:40.419 13990 13990 I flutter : EPG: Persisted programs to DB (300 channels)
12-26 18:11:41.288 13990 13990 I flutter : EPG: Saved normalized mapping (310 entries) to /data/user/0/com.risa.app/files/epg_normalized.json
12-26 18:11:41.288 13990 13990 I flutter : EPG: Successfully parsed 300 channels and 305 IDs
12-26 18:11:41.289 13990 13990 I flutter : EPG: Service state - URL: https://dragtvplus.lol/xmltv.php?username=bobby&password=09052757, Available channels: 305, Loaded channels: 300
12-26 18:11:41.302 13990 13990 I flutter : EPG: Initializing...
12-26 18:11:41.305 13990 13990 I flutter : EPG: Initializing with URL: https://dragtvplus.lol/xmltv.php?username=bobby&password=09052757
12-26 18:11:41.310 13990 13990 I flutter : EPG: Loaded normalized mapping from file (310 entries)
12-26 18:11:41.311 13990 13990 I flutter : EPG: Cache is valid. Age: 32 minutes. Size: 66.00 MB
12-26 18:11:41.311 13990 13990 I flutter : EPG: Using valid cached file, skipping download.
12-26 18:11:41.312 13990 13990 I flutter : EPG: Starting background parsing...
12-26 18:11:41.319 13990 13990 I flutter : EPG: Init skipped (in flight)
12-26 18:11:41.648  2812  4617 D SGM:GameManager: identifyGamePackage. com.risa.app, mCurrentUserId: 0, callingMethodInfo: com.samsung.android.game.SemGameManager.isGamePackage(SemGameManager.java:106)
12-26 18:11:41.648  2812  4617 D SGM:SemGameManager: isGamePackage(), pkgName=com.risa.app, ret=false
12-26 18:11:41.782  1176  1176 D io_stats: !@ Write_top(KB): com.risa.app(13990) 68568 kworker/u16:5(9201) 55052 kworker/u16:15(19518) 7516
12-26 18:11:41.940 13990 13990 I flutter : EPG: Persisted programs to DB (300 channels)
12-26 18:11:42.711 13990 13990 I flutter : EPG: Saved normalized mapping (310 entries) to /data/user/0/com.risa.app/files/epg_normalized.json
12-26 18:11:42.711 13990 13990 I flutter : EPG: Successfully parsed 300 channels and 305 IDs
12-26 18:11:42.711 13990 13990 I flutter : EPG: Service state - URL: https://dragtvplus.lol/xmltv.php?username=bobby&password=09052757, Available channels: 305, Loaded channels: 300
12-26 18:11:42.719 13990 13990 I flutter : EPG: Initializing...
12-26 18:11:42.722 13990 13990 I flutter : EPG: Initializing with URL: https://dragtvplus.lol/xmltv.php?username=bobby&password=09052757
12-26 18:11:42.726 13990 13990 I flutter : EPG: Loaded normalized mapping from file (310 entries)
12-26 18:11:42.728 13990 13990 I flutter : EPG: Cache is valid. Age: 32 minutes. Size: 66.00 MB
12-26 18:11:42.728 13990 13990 I flutter : EPG: Using valid cached file, skipping download.
12-26 18:11:42.729 13990 13990 I flutter : EPG: Starting background parsing...
12-26 18:11:42.735 13990 13990 I flutter : EPG: Init skipped (in flight)
12-26 18:11:43.346 13990 13990 I flutter : EPG: Persisted programs to DB (300 channels)
12-26 18:11:44.140 13990 13990 I flutter : EPG: Saved normalized mapping (310 entries) to /data/user/0/com.risa.app/files/epg_normalized.json
12-26 18:11:44.140 13990 13990 I flutter : EPG: Successfully parsed 300 channels and 305 IDs
12-26 18:11:44.140 13990 13990 I flutter : EPG: Service state - URL: https://dragtvplus.lol/xmltv.php?username=bobby&password=09052757, Available channels: 305, Loaded channels: 300
12-26 18:11:44.155 13990 13990 I flutter : EPG: Initializing...
12-26 18:11:44.159 13990 13990 I flutter : EPG: Initializing with URL: https://dragtvplus.lol/xmltv.php?username=bobby&password=09052757
12-26 18:11:44.170 13990 13990 I flutter : EPG: Loaded normalized mapping from file (310 entries)
12-26 18:11:44.172 13990 13990 I flutter : EPG: Cache is valid. Age: 32 minutes. Size: 66.00 MB
12-26 18:11:44.172 13990 13990 I flutter : EPG: Using valid cached file, skipping download.
12-26 18:11:44.172 13990 13990 I flutter : EPG: Init skipped (in flight)
12-26 18:11:44.177 13990 13990 I flutter : EPG: Starting background parsing...
12-26 18:11:44.189 13990 13990 I flutter : EPG: Init skipped (in flight)
12-26 18:11:44.654  2812  4617 D SGM:GameManager: identifyGamePackage. com.risa.app, mCurrentUserId: 0, callingMethodInfo: com.samsung.android.game.SemGameManager.isGamePackage(SemGameManager.java:106)
12-26 18:11:44.654  2812  4617 D SGM:SemGameManager: isGamePackage(), pkgName=com.risa.app, ret=false
12-26 18:11:44.946 13990 13990 I flutter : EPG: Persisted programs to DB (300 channels)
12-26 18:11:45.588 13990 13990 I flutter : EPG: Saved normalized mapping (310 entries) to /data/user/0/com.risa.app/files/epg_normalized.json
12-26 18:11:45.588 13990 13990 I flutter : EPG: Successfully parsed 300 channels and 305 IDs
12-26 18:11:45.588 13990 13990 I flutter : EPG: Service state - URL: https://dragtvplus.lol/xmltv.php?username=bobby&password=09052757, Available channels: 305, Loaded channels: 300
12-26 18:11:45.606 13990 13990 I flutter : EPG: Initializing...
12-26 18:11:45.609 13990 13990 I flutter : EPG: Initializing with URL: https://dragtvplus.lol/xmltv.php?username=bobby&password=09052757
12-26 18:11:45.614 13990 13990 I flutter : EPG: Loaded normalized mapping from file (310 entries)
12-26 18:11:45.615 13990 13990 I flutter : EPG: Cache is valid. Age: 32 minutes. Size: 66.00 MB
12-26 18:11:45.616 13990 13990 I flutter : EPG: Using valid cached file, skipping download.
12-26 18:11:45.616 13990 13990 I flutter : EPG: Starting background parsing...
12-26 18:11:45.622 13990 13990 I flutter : EPG: Init skipped (in flight)
12-26 18:11:45.784  1176  1176 D io_stats: !@ Write_top(KB): com.risa.app(13990) 71584 kworker/u16:15(19518) 3972 f2fs_ckpt-254:6(1290) 328
12-26 18:11:46.347 13990 13990 I flutter : EPG: Persisted programs to DB (300 channels)
12-26 18:11:47.033 13990 13990 I flutter : EPG: Saved normalized mapping (310 entries) to /data/user/0/com.risa.app/files/epg_normalized.json
12-26 18:11:47.033 13990 13990 I flutter : EPG: Successfully parsed 300 channels and 305 IDs
12-26 18:11:47.033 13990 13990 I flutter : EPG: Service state - URL: https://dragtvplus.lol/xmltv.php?username=bobby&password=09052757, Available channels: 305, Loaded channels: 300
12-26 18:11:47.042 13990 13990 I flutter : EPG: Initializing...
12-26 18:11:47.045 13990 13990 I flutter : EPG: Initializing with URL: https://dragtvplus.lol/xmltv.php?username=bobby&password=09052757
12-26 18:11:47.049 13990 13990 I flutter : EPG: Loaded normalized mapping from file (310 entries)
12-26 18:11:47.050 13990 13990 I flutter : EPG: Cache is valid. Age: 32 minutes. Size: 66.00 MB
12-26 18:11:47.050 13990 13990 I flutter : EPG: Using valid cached file, skipping download.
12-26 18:11:47.051 13990 13990 I flutter : EPG: Starting background parsing...
12-26 18:11:47.059 13990 13990 I flutter : EPG: Init skipped (in flight)
12-26 18:11:47.679  2812  4617 D SGM:GameManager: identifyGamePackage. com.risa.app, mCurrentUserId: 0, callingMethodInfo: com.samsung.android.game.SemGameManager.isGamePackage(SemGameManager.java:106)
12-26 18:11:47.679  2812  4617 D SGM:SemGameManager: isGamePackage(), pkgName=com.risa.app, ret=false
12-26 18:11:47.706 13990 13990 I flutter : EPG: Persisted programs to DB (300 channels)
12-26 18:11:48.471 13990 13990 I flutter : EPG: Saved normalized mapping (310 entries) to /data/user/0/com.risa.app/files/epg_normalized.json
12-26 18:11:48.471 13990 13990 I flutter : EPG: Successfully parsed 300 channels and 305 IDs
12-26 18:11:48.471 13990 13990 I flutter : EPG: Service state - URL: https://dragtvplus.lol/xmltv.php?username=bobby&password=09052757, Available channels: 305, Loaded channels: 300
12-26 18:11:48.475 13990 13990 I flutter : EPG: Initializing...
12-26 18:11:48.477 13990 13990 I flutter : EPG: Initializing with URL: https://dragtvplus.lol/xmltv.php?username=bobby&password=09052757
12-26 18:11:48.482 13990 13990 I flutter : EPG: Loaded normalized mapping from file (310 entries)
12-26 18:11:48.483 13990 13990 I flutter : EPG: Cache is valid. Age: 33 minutes. Size: 66.00 MB
12-26 18:11:48.483 13990 13990 I flutter : EPG: Using valid cached file, skipping download.
12-26 18:11:48.484 13990 13990 I flutter : EPG: Starting background parsing...
12-26 18:11:48.492 13990 13990 I flutter : EPG: Init skipped (in flight)
12-26 18:11:49.169 13990 13990 I flutter : EPG: Persisted programs to DB (300 channels)
12-26 18:11:49.786  1176  1176 D io_stats: !@ Write_top(KB): com.risa.app(13990) 55060 kworker/u16:15(19518) 2364 rdash.driverapp(4350) 12
12-26 18:11:49.879 13990 13990 I flutter : EPG: Saved normalized mapping (310 entries) to /data/user/0/com.risa.app/files/epg_normalized.json
12-26 18:11:49.879 13990 13990 I flutter : EPG: Successfully parsed 300 channels and 305 IDs
12-26 18:11:49.879 13990 13990 I flutter : EPG: Service state - URL: https://dragtvplus.lol/xmltv.php?username=bobby&password=09052757, Available channels: 305, Loaded channels: 300
12-26 18:11:49.895 13990 13990 I flutter : EPG: Initializing...
12-26 18:11:49.898 13990 13990 I flutter : EPG: Initializing with URL: https://dragtvplus.lol/xmltv.php?username=bobby&password=09052757
12-26 18:11:49.901 13990 13990 I flutter : EPG: Loaded normalized mapping from file (310 entries)
12-26 18:11:49.902 13990 13990 I flutter : EPG: Cache is valid. Age: 33 minutes. Size: 66.00 MB
12-26 18:11:49.902 13990 13990 I flutter : EPG: Using valid cached file, skipping download.
12-26 18:11:49.903 13990 13990 I flutter : EPG: Starting background parsing...
12-26 18:11:49.912 13990 13990 I flutter : EPG: Init skipped (in flight)
12-26 18:11:50.492 13990 13990 I flutter : EPG: Persisted programs to DB (300 channels)
12-26 18:11:50.694  2812  4617 D SGM:GameManager: identifyGamePackage. com.risa.app, mCurrentUserId: 0, callingMethodInfo: com.samsung.android.game.SemGameManager.isGamePackage(SemGameManager.java:106)
12-26 18:11:50.694  2812  4617 D SGM:SemGameManager: isGamePackage(), pkgName=com.risa.app, ret=false
12-26 18:11:51.278 13990 13990 I flutter : EPG: Saved normalized mapping (310 entries) to /data/user/0/com.risa.app/files/epg_normalized.json
12-26 18:11:51.278 13990 13990 I flutter : EPG: Successfully parsed 300 channels and 305 IDs
12-26 18:11:51.278 13990 13990 I flutter : EPG: Service state - URL: https://dragtvplus.lol/xmltv.php?username=bobby&password=09052757, Available channels: 305, Loaded channels: 300
12-26 18:11:51.279 13990 13990 I flutter : EPG: Initializing...
12-26 18:11:51.281 13990 13990 I flutter : EPG: Initializing with URL: https://dragtvplus.lol/xmltv.php?username=bobby&password=09052757
12-26 18:11:51.291 13990 13990 I flutter : EPG: Loaded normalized mapping from file (310 entries)
12-26 18:11:51.292 13990 13990 I flutter : EPG: Cache is valid. Age: 33 minutes. Size: 66.00 MB
12-26 18:11:51.293 13990 13990 I flutter : EPG: Using valid cached file, skipping download.
12-26 18:11:51.293 13990 13990 I flutter : EPG: Starting background parsing...
12-26 18:11:51.296 13990 13990 I flutter : EPG: Init skipped (in flight)
12-26 18:11:51.735 13990 13990 I flutter : EPG: Persisted programs to DB (300 channels)
12-26 18:11:52.588 13990 13990 I flutter : EPG: Saved normalized mapping (310 entries) to /data/user/0/com.risa.app/files/epg_normalized.json
12-26 18:11:52.588 13990 13990 I flutter : EPG: Successfully parsed 300 channels and 305 IDs
12-26 18:11:52.588 13990 13990 I flutter : EPG: Service state - URL: https://dragtvplus.lol/xmltv.php?username=bobby&password=09052757, Available channels: 305, Loaded channels: 300
12-26 18:11:52.597 13990 13990 I flutter : EPG: Initializing...
12-26 18:11:52.599 13990 13990 I flutter : EPG: Initializing with URL: https://dragtvplus.lol/xmltv.php?username=bobby&password=09052757
12-26 18:11:52.601 13990 13990 I flutter : EPG: Loaded normalized mapping from file (310 entries)
12-26 18:11:52.602 13990 13990 I flutter : EPG: Cache is valid. Age: 33 minutes. Size: 66.00 MB
12-26 18:11:52.602 13990 13990 I flutter : EPG: Using valid cached file, skipping download.
12-26 18:11:52.602 13990 13990 I flutter : EPG: Starting background parsing...
12-26 18:11:52.613 13990 13990 I flutter : EPG: Init skipped (in flight)
12-26 18:11:52.974 13990 13990 I flutter : EPG: Persisted programs to DB (300 channels)
12-26 18:11:53.677  2812  6029 D SurfaceComposerClient: setCornerRadius ## acc3015 com.risa.app/com.risa.app.MainActivity#75445 cornerRadius=0.000000
12-26 18:11:53.678  2812  6029 D SurfaceComposerClient: setCornerRadius ## acc3015 com.risa.app/com.risa.app.MainActivity#75445 cornerRadius=0.000000
12-26 18:11:53.682  2812  6029 D SurfaceComposerClient: setCornerRadius ## acc3015 com.risa.app/com.risa.app.MainActivity#75445 cornerRadius=0.000000
12-26 18:11:53.682  2812  6029 D SurfaceComposerClient: setCornerRadius ## acc3015 com.risa.app/com.risa.app.MainActivity#75445 cornerRadius=0.000000
12-26 18:11:53.695  2812  4617 D SGM:GameManager: identifyGamePackage. com.risa.app, mCurrentUserId: 0, callingMethodInfo: com.samsung.android.game.SemGameManager.isGamePackage(SemGameManager.java:106)
12-26 18:11:53.695  2812  4617 D SGM:SemGameManager: isGamePackage(), pkgName=com.risa.app, ret=false
12-26 18:11:53.697  2812  3125 D SurfaceComposerClient: setCornerRadius ## acc3015 com.risa.app/com.risa.app.MainActivity#75445 cornerRadius=0.000000
12-26 18:11:53.697  2812  3125 D SurfaceComposerClient: setCornerRadius ## acc3015 com.risa.app/com.risa.app.MainActivity#75445 cornerRadius=0.000000
12-26 18:11:53.719  2059  2059 D SurfaceFlinger:        CLIENT |           60086592471070 | 00000102 | RGBA_8888    |    0.0    0.0 2340.0 1080.0 |    0    0 1080 2340 | beb6089 SurfaceView[com.risa.app/com.risa.app.MainActivity]@0(BLAST)#75536 (436)
12-26 18:11:53.719  2059  2059 D SurfaceFlinger:        CLIENT |           60086592471076 | 00002100 | RGBA_8888    |    0.0    0.0 1080.0 2340.0 |    0    0 1080 2340 | com.risa.app/com.risa.app.MainActivity$_13990#75533 (2)
12-26 18:11:53.788  1176  1176 D io_stats: !@ Write_top(KB): com.risa.app(13990) 74368 f2fs_ckpt-254:6(1290) 124 ugin:persistent(8676) 8
12-26 18:11:53.907 13990 13990 I flutter : EPG: Saved normalized mapping (310 entries) to /data/user/0/com.risa.app/files/epg_normalized.json
12-26 18:11:53.907 13990 13990 I flutter : EPG: Successfully parsed 300 channels and 305 IDs
12-26 18:11:53.907 13990 13990 I flutter : EPG: Service state - URL: https://dragtvplus.lol/xmltv.php?username=bobby&password=09052757, Available channels: 305, Loaded channels: 300
12-26 18:11:53.916 13990 13990 I flutter : EPG: Initializing...
12-26 18:11:53.918 13990 13990 I flutter : EPG: Initializing with URL: https://dragtvplus.lol/xmltv.php?username=bobby&password=09052757
12-26 18:11:53.920 13990 13990 I flutter : EPG: Loaded normalized mapping from file (310 entries)
12-26 18:11:53.921 13990 13990 I flutter : EPG: Cache is valid. Age: 33 minutes. Size: 66.00 MB
12-26 18:11:53.921 13990 13990 I flutter : EPG: Using valid cached file, skipping download.
12-26 18:11:53.921 13990 13990 I flutter : EPG: Starting background parsing...
12-26 18:11:53.932 13990 13990 I flutter : EPG: Init skipped (in flight)
12-26 18:11:54.334 13990 13990 I flutter : EPG: Persisted programs to DB (300 channels)
12-26 18:11:55.245 13990 13990 I flutter : EPG: Saved normalized mapping (310 entries) to /data/user/0/com.risa.app/files/epg_normalized.json
12-26 18:11:55.245 13990 13990 I flutter : EPG: Successfully parsed 300 channels and 305 IDs
12-26 18:11:55.245 13990 13990 I flutter : EPG: Service state - URL: https://dragtvplus.lol/xmltv.php?username=bobby&password=09052757, Available channels: 305, Loaded channels: 300
12-26 18:11:55.250 13990 13990 I flutter : EPG: Initializing...
12-26 18:11:55.252 13990 13990 I flutter : EPG: Initializing with URL: https://dragtvplus.lol/xmltv.php?username=bobby&password=09052757
12-26 18:11:55.257 13990 13990 I flutter : EPG: Loaded normalized mapping from file (310 entries)
12-26 18:11:55.258 13990 13990 I flutter : EPG: Cache is valid. Age: 33 minutes. Size: 66.00 MB
12-26 18:11:55.258 13990 13990 I flutter : EPG: Using valid cached file, skipping download.
12-26 18:11:55.258 13990 13990 I flutter : EPG: Starting background parsing...
12-26 18:11:55.267 13990 13990 I flutter : EPG: Init skipped (in flight)
12-26 18:11:55.738 13990 13990 I flutter : EPG: Persisted programs to DB (300 channels)
12-26 18:11:56.563 13990 13990 I flutter : EPG: Saved normalized mapping (310 entries) to /data/user/0/com.risa.app/files/epg_normalized.json
12-26 18:11:56.563 13990 13990 I flutter : EPG: Successfully parsed 300 channels and 305 IDs
12-26 18:11:56.563 13990 13990 I flutter : EPG: Service state - URL: https://dragtvplus.lol/xmltv.php?username=bobby&password=09052757, Available channels: 305, Loaded channels: 300
12-26 18:11:56.568 13990 13990 I flutter : EPG: Initializing...
12-26 18:11:56.570 13990 13990 I flutter : EPG: Initializing with URL: https://dragtvplus.lol/xmltv.php?username=bobby&password=09052757
12-26 18:11:56.575 13990 13990 I flutter : EPG: Loaded normalized mapping from file (310 entries)
12-26 18:11:56.576 13990 13990 I flutter : EPG: Cache is valid. Age: 33 minutes. Size: 66.00 MB
12-26 18:11:56.576 13990 13990 I flutter : EPG: Using valid cached file, skipping download.
12-26 18:11:56.577 13990 13990 I flutter : EPG: Starting background parsing...
12-26 18:11:56.584 13990 13990 I flutter : EPG: Init skipped (in flight)
12-26 18:11:56.702  2812  4617 D SGM:GameManager: identifyGamePackage. com.risa.app, mCurrentUserId: 0, callingMethodInfo: com.samsung.android.game.SemGameManager.isGamePackage(SemGameManager.java:106)
12-26 18:11:56.703  2812  4617 D SGM:SemGameManager: isGamePackage(), pkgName=com.risa.app, ret=false
12-26 18:11:57.143 13990 13990 I flutter : EPG: Persisted programs to DB (300 channels)
12-26 18:11:57.652  2059  2059 I SurfaceFlinger: [com.risa.app/com.risa.app.MainActivity$_13990#75533] setFrameRateCategory: HighHint
12-26 18:11:57.706  2812  6029 D SurfaceComposerClient: setCornerRadius ## acc3015 com.risa.app/com.risa.app.MainActivity#75445 cornerRadius=0.000000
12-26 18:11:57.707  2812  6029 D SurfaceComposerClient: setCornerRadius ## acc3015 com.risa.app/com.risa.app.MainActivity#75445 cornerRadius=0.000000
12-26 18:11:57.791  1176  1176 D io_stats: !@ Write_top(KB): com.risa.app(13990) 74948 rmt_storage(2062) 4096 f2fs_ckpt-254:6(1290) 128
12-26 18:11:57.885 13990 13990 I flutter : EPG: Saved normalized mapping (310 entries) to /data/user/0/com.risa.app/files/epg_normalized.json
12-26 18:11:57.885 13990 13990 I flutter : EPG: Successfully parsed 300 channels and 305 IDs
12-26 18:11:57.885 13990 13990 I flutter : EPG: Service state - URL: https://dragtvplus.lol/xmltv.php?username=bobby&password=09052757, Available channels: 305, Loaded channels: 300
12-26 18:11:57.887 13990 13990 I flutter : EPG: Initializing...
12-26 18:11:57.889 13990 13990 I flutter : EPG: Initializing with URL: https://dragtvplus.lol/xmltv.php?username=bobby&password=09052757
12-26 18:11:57.891 13990 13990 I flutter : EPG: Loaded normalized mapping from file (310 entries)
12-26 18:11:57.892 13990 13990 I flutter : EPG: Cache is valid. Age: 33 minutes. Size: 66.00 MB
12-26 18:11:57.892 13990 13990 I flutter : EPG: Using valid cached file, skipping download.
12-26 18:11:57.893 13990 13990 I flutter : EPG: Starting background parsing...
12-26 18:11:57.904 13990 13990 I flutter : EPG: Init skipped (in flight)
12-26 18:11:58.188  2812  6029 D SurfaceComposerClient: setCornerRadius ## acc3015 com.risa.app/com.risa.app.MainActivity#75445 cornerRadius=0.000000
12-26 18:11:58.188  2812  6029 D SurfaceComposerClient: setCornerRadius ## acc3015 com.risa.app/com.risa.app.MainActivity#75445 cornerRadius=0.000000
12-26 18:11:58.408 13990 13990 I flutter : EPG: Persisted programs to DB (300 channels)
12-26 18:11:58.711  2812  6029 D SurfaceComposerClient: setCornerRadius ## acc3015 com.risa.app/com.risa.app.MainActivity#75445 cornerRadius=0.000000
12-26 18:11:58.712  2812  6029 D SurfaceComposerClient: setCornerRadius ## acc3015 com.risa.app/com.risa.app.MainActivity#75445 cornerRadius=0.000000
12-26 18:11:58.746  2059  2059 D SurfaceFlinger:        DEVICE |           60086592471073 | 00000102 | RGBA_8888    |    0.0    0.0 2340.0 1080.0 |    0    0 1080 2340 | beb6089 SurfaceView[com.risa.app/com.risa.app.MainActivity]@0(BLAST)#75536 (464)
12-26 18:11:58.746  2059  2059 D SurfaceFlinger:        DEVICE |           60086592471076 | 00002100 | RGBA_8888    |    0.0    0.0 1080.0 2340.0 |    0    0 1080 2340 | com.risa.app/com.risa.app.MainActivity$_13990#75533 (2)
12-26 18:11:59.242 13990 13990 I flutter : EPG: Saved normalized mapping (310 entries) to /data/user/0/com.risa.app/files/epg_normalized.json
12-26 18:11:59.242 13990 13990 I flutter : EPG: Successfully parsed 300 channels and 305 IDs
12-26 18:11:59.242 13990 13990 I flutter : EPG: Service state - URL: https://dragtvplus.lol/xmltv.php?username=bobby&password=09052757, Available channels: 305, Loaded channels: 300
12-26 18:11:59.255 13990 13990 I flutter : EPG: Initializing...
12-26 18:11:59.258 13990 13990 I flutter : EPG: Initializing with URL: https://dragtvplus.lol/xmltv.php?username=bobby&password=09052757
12-26 18:11:59.265 13990 13990 I flutter : EPG: Loaded normalized mapping from file (310 entries)
12-26 18:11:59.266 13990 13990 I flutter : EPG: Cache is valid. Age: 33 minutes. Size: 66.00 MB
12-26 18:11:59.266 13990 13990 I flutter : EPG: Using valid cached file, skipping download.
12-26 18:11:59.267 13990 13990 I flutter : EPG: Starting background parsing...
12-26 18:11:59.271 13990 13990 I flutter : EPG: Init skipped (in flight)
12-26 18:11:59.726  2812  4617 D SGM:GameManager: identifyGamePackage. com.risa.app, mCurrentUserId: 0, callingMethodInfo: com.samsung.android.game.SemGameManager.isGamePackage(SemGameManager.java:106)
12-26 18:11:59.726  2812  4617 D SGM:SemGameManager: isGamePackage(), pkgName=com.risa.app, ret=false
12-26 18:12:00.023 13990 13990 I flutter : EPG: Persisted programs to DB (300 channels)
12-26 18:12:00.681 13990 13990 I flutter : EPG: Saved normalized mapping (310 entries) to /data/user/0/com.risa.app/files/epg_normalized.json
12-26 18:12:00.681 13990 13990 I flutter : EPG: Successfully parsed 300 channels and 305 IDs
12-26 18:12:00.681 13990 13990 I flutter : EPG: Service state - URL: https://dragtvplus.lol/xmltv.php?username=bobby&password=09052757, Available channels: 305, Loaded channels: 300
12-26 18:12:00.689 13990 13990 I flutter : EPG: Initializing...
12-26 18:12:00.692 13990 13990 I flutter : EPG: Initializing with URL: https://dragtvplus.lol/xmltv.php?username=bobby&password=09052757
12-26 18:12:00.697 13990 13990 I flutter : EPG: Loaded normalized mapping from file (310 entries)
12-26 18:12:00.699 13990 13990 I flutter : EPG: Cache is valid. Age: 33 minutes. Size: 66.00 MB
12-26 18:12:00.699 13990 13990 I flutter : EPG: Using valid cached file, skipping download.
12-26 18:12:00.699 13990 13990 I flutter : EPG: Starting background parsing...
12-26 18:12:00.706 13990 13990 I flutter : EPG: Init skipped (in flight)
12-26 18:12:00.756  2059  2059 I SurfaceFlinger: [com.risa.app/com.risa.app.MainActivity$_13990#75533] setFrameRateCategory: NoPreference
12-26 18:12:01.383 13990 13990 I flutter : EPG: Persisted programs to DB (300 channels)
12-26 18:12:01.801  1176  1176 D io_stats: !@ Write_top(KB): com.risa.app(13990) 72420 kworker/u16:15(19518) 2400 kworker/u16:3(9199) 1052
12-26 18:12:02.135 13990 13990 I flutter : EPG: Saved normalized mapping (310 entries) to /data/user/0/com.risa.app/files/epg_normalized.json
12-26 18:12:02.135 13990 13990 I flutter : EPG: Successfully parsed 300 channels and 305 IDs
12-26 18:12:02.135 13990 13990 I flutter : EPG: Service state - URL: https://dragtvplus.lol/xmltv.php?username=bobby&password=09052757, Available channels: 305, Loaded channels: 300
12-26 18:12:02.141 13990 13990 I flutter : EPG: Initializing...
12-26 18:12:02.143 13990 13990 I flutter : EPG: Initializing with URL: https://dragtvplus.lol/xmltv.php?username=bobby&password=09052757
12-26 18:12:02.147 13990 13990 I flutter : EPG: Loaded normalized mapping from file (310 entries)
12-26 18:12:02.149 13990 13990 I flutter : EPG: Cache is valid. Age: 33 minutes. Size: 66.00 MB
12-26 18:12:02.149 13990 13990 I flutter : EPG: Using valid cached file, skipping download.
12-26 18:12:02.150 13990 13990 I flutter : EPG: Starting background parsing...
12-26 18:12:02.159 13990 13990 I flutter : EPG: Init skipped (in flight)
12-26 18:12:02.694 13990 13990 I flutter : EPG: Persisted programs to DB (300 channels)
12-26 18:12:02.743  2812  4617 D SGM:GameManager: identifyGamePackage. com.risa.app, mCurrentUserId: 0, callingMethodInfo: com.samsung.android.game.SemGameManager.isGamePackage(SemGameManager.java:106)
12-26 18:12:02.743  2812  4617 D SGM:SemGameManager: isGamePackage(), pkgName=com.risa.app, ret=false
12-26 18:12:03.073  2812  5479 D SurfaceComposerClient: setCornerRadius ## acc3015 com.risa.app/com.risa.app.MainActivity#75445 cornerRadius=0.000000
12-26 18:12:03.073  2812  5479 D SurfaceComposerClient: setCornerRadius ## acc3015 com.risa.app/com.risa.app.MainActivity#75445 cornerRadius=0.000000
12-26 18:12:03.105  2812  3122 D WindowManager: requestTransientBars: swipeTarget=Window{2dee577 u0 StatusBar}, controlTarget=Window{acc3015 u0 com.risa.app/com.risa.app.MainActivity}, canShowTransient=false, restorePositionTypes=0x3, from=com.android.server.wm.DisplayPolicy$1.onSwipeFromTop:51 com.android.server.wm.SystemGesturesPointerEventListener.onPointerEvent:537 
12-26 18:12:03.443  2812  5479 D SurfaceComposerClient: setCornerRadius ## acc3015 com.risa.app/com.risa.app.MainActivity#75445 cornerRadius=0.000000
12-26 18:12:03.443  2812  5479 D SurfaceComposerClient: setCornerRadius ## acc3015 com.risa.app/com.risa.app.MainActivity#75445 cornerRadius=0.000000
12-26 18:12:03.467  2812  3125 D SurfaceComposerClient: setCornerRadius ## acc3015 com.risa.app/com.risa.app.MainActivity#75445 cornerRadius=0.000000
12-26 18:12:03.467  2812  3125 D SurfaceComposerClient: setCornerRadius ## acc3015 com.risa.app/com.risa.app.MainActivity#75445 cornerRadius=0.000000
12-26 18:12:03.468  2812  6510 D SurfaceComposerClient: setCornerRadius ## acc3015 com.risa.app/com.risa.app.MainActivity#75445 cornerRadius=0.000000
12-26 18:12:03.468  2812  6510 D SurfaceComposerClient: setCornerRadius ## acc3015 com.risa.app/com.risa.app.MainActivity#75445 cornerRadius=0.000000
12-26 18:12:03.475  2812  6029 D SurfaceComposerClient: setCornerRadius ## acc3015 com.risa.app/com.risa.app.MainActivity#75445 cornerRadius=0.000000
12-26 18:12:03.476  2812  6029 D SurfaceComposerClient: setCornerRadius ## acc3015 com.risa.app/com.risa.app.MainActivity#75445 cornerRadius=0.000000
12-26 18:12:03.496  2059  2059 D SurfaceFlinger:        CLIENT |           60086592471070 | 00000102 | RGBA_8888    |    0.0    0.0 2340.0 1080.0 |    0    0 1080 2340 | beb6089 SurfaceView[com.risa.app/com.risa.app.MainActivity]@0(BLAST)#75536 (476)
12-26 18:12:03.496  2059  2059 D SurfaceFlinger:        CLIENT |           60086592471076 | 00002100 | RGBA_8888    |    0.0    0.0 1080.0 2340.0 |    0    0 1080 2340 | com.risa.app/com.risa.app.MainActivity$_13990#75533 (2)
12-26 18:12:03.526  2812  5479 D SurfaceComposerClient: setCornerRadius ## acc3015 com.risa.app/com.risa.app.MainActivity#75445 cornerRadius=0.000000
12-26 18:12:03.526  2812  5479 D SurfaceComposerClient: setCornerRadius ## acc3015 com.risa.app/com.risa.app.MainActivity#75445 cornerRadius=0.000000
12-26 18:12:03.527  2812  5479 D WindowManager: Changing focus from Window{acc3015 u0 com.risa.app/com.risa.app.MainActivity} to Window{82e812a u0 NotificationShade} displayId=0 Callers=com.android.server.wm.WindowManagerService.relayoutWindow:1350 com.android.server.wm.Session.relayout:27 com.android.server.wm.Session.relayoutAsync:14 android.view.IWindowSession$Stub.onTransact:854 
12-26 18:12:03.527  2812  5479 D InsetsSourceProvider: updateFakeControlTarget: fakeControl=InsetsSourceControl: {4c0000 mType=statusBars mSurfacePosition=Point(0, 0) mInsetsHint=Insets{left=0, top=0, right=0, bottom=0}}, fakeTarget=Window{acc3015 u0 com.risa.app/com.risa.app.MainActivity}
12-26 18:12:03.528  2812  5479 D InsetsSourceProvider: updateFakeControlTarget: fakeControl=InsetsSourceControl: {e4a90001 mType=navigationBars mSurfacePosition=Point(0, 0) mInsetsHint=Insets{left=0, top=0, right=0, bottom=0}}, fakeTarget=Window{acc3015 u0 com.risa.app/com.risa.app.MainActivity}
12-26 18:12:03.528  2812  5479 D WindowManager: updateSystemBarAttributes: displayId=0, focusedCanBeNavColorWin=false, win=Window{82e812a u0 NotificationShade}, navColorWin=Window{acc3015 u0 com.risa.app/com.risa.app.MainActivity}, caller=com.android.server.wm.WindowManagerService.updateFocusedWindowLocked:372 com.android.server.wm.WindowManagerService.relayoutWindow:1350 com.android.server.wm.Session.relayout:27 
12-26 18:12:03.541  2812  3125 D SurfaceComposerClient: setCornerRadius ## acc3015 com.risa.app/com.risa.app.MainActivity#75445 cornerRadius=0.000000
12-26 18:12:03.541  2812  3125 D SurfaceComposerClient: setCornerRadius ## acc3015 com.risa.app/com.risa.app.MainActivity#75445 cornerRadius=0.000000
12-26 18:12:03.562  2812  3124 D SurfaceComposerClient: setCornerRadius ## acc3015 com.risa.app/com.risa.app.MainActivity#75445 cornerRadius=0.000000
12-26 18:12:03.563  2812  6029 D InputDispatcher: Focus left window (0): acc3015 com.risa.app/com.risa.app.MainActivity
12-26 18:12:03.637 13990 13990 I flutter : EPG: Saved normalized mapping (310 entries) to /data/user/0/com.risa.app/files/epg_normalized.json
12-26 18:12:03.637 13990 13990 I flutter : EPG: Successfully parsed 300 channels and 305 IDs
12-26 18:12:03.637 13990 13990 I flutter : EPG: Service state - URL: https://dragtvplus.lol/xmltv.php?username=bobby&password=09052757, Available channels: 305, Loaded channels: 300
12-26 18:12:03.643 13990 13990 I flutter : EPG: Initializing...
12-26 18:12:03.645 13990 13990 I flutter : EPG: Initializing with URL: https://dragtvplus.lol/xmltv.php?username=bobby&password=09052757
12-26 18:12:03.647 13990 13990 I flutter : EPG: Loaded normalized mapping from file (310 entries)
12-26 18:12:03.648 13990 13990 I flutter : EPG: Cache is valid. Age: 33 minutes. Size: 66.00 MB
12-26 18:12:03.648 13990 13990 I flutter : EPG: Using valid cached file, skipping download.
12-26 18:12:03.648 13990 13990 I flutter : EPG: Starting background parsing...
12-26 18:12:03.660 13990 13990 I flutter : EPG: Init skipped (in flight)
12-26 18:12:04.064 13990 13990 I flutter : EPG: Persisted programs to DB (300 channels)
12-26 18:12:05.527 13990 13990 I flutter : EPG: Saved normalized mapping (310 entries) to /data/user/0/com.risa.app/files/epg_normalized.json
12-26 18:12:05.527 13990 13990 I flutter : EPG: Successfully parsed 300 channels and 305 IDs
12-26 18:12:05.527 13990 13990 I flutter : EPG: Service state - URL: https://dragtvplus.lol/xmltv.php?username=bobby&password=09052757, Available channels: 305, Loaded channels: 300
12-26 18:12:05.545 13990 13990 I flutter : EPG: Initializing...
12-26 18:12:05.546 13990 13990 I flutter : EPG: Initializing with URL: https://dragtvplus.lol/xmltv.php?username=bobby&password=09052757
12-26 18:12:05.551 13990 13990 I flutter : EPG: Loaded normalized mapping from file (310 entries)
12-26 18:12:05.552 13990 13990 I flutter : EPG: Cache is valid. Age: 33 minutes. Size: 66.00 MB
12-26 18:12:05.552 13990 13990 I flutter : EPG: Using valid cached file, skipping download.
12-26 18:12:05.552 13990 13990 I flutter : EPG: Starting background parsing...
12-26 18:12:05.561 13990 13990 I flutter : EPG: Init skipped (in flight)
12-26 18:12:05.749  2812  4617 D SGM:GameManager: identifyGamePackage. com.risa.app, mCurrentUserId: 0, callingMethodInfo: com.samsung.android.game.SemGameManager.isGamePackage(SemGameManager.java:106)
12-26 18:12:05.749  2812  4617 D SGM:SemGameManager: isGamePackage(), pkgName=com.risa.app, ret=false
12-26 18:12:05.803  1176  1176 D io_stats: !@ Write_top(KB): com.risa.app(13990) 70456 kworker/u16:5(9201) 4504 kworker/u16:3(9199) 2272
12-26 18:12:05.880 13990 13990 I flutter : EPG: Persisted programs to DB (300 channels)
12-26 18:12:07.453 13990 13990 I flutter : EPG: Saved normalized mapping (310 entries) to /data/user/0/com.risa.app/files/epg_normalized.json
12-26 18:12:07.453 13990 13990 I flutter : EPG: Successfully parsed 300 channels and 305 IDs
12-26 18:12:07.453 13990 13990 I flutter : EPG: Service state - URL: https://dragtvplus.lol/xmltv.php?username=bobby&password=09052757, Available channels: 305, Loaded channels: 300
12-26 18:12:07.463 13990 13990 I flutter : EPG: Initializing...
12-26 18:12:07.465 13990 13990 I flutter : EPG: Initializing with URL: https://dragtvplus.lol/xmltv.php?username=bobby&password=09052757
12-26 18:12:07.467 13990 13990 I flutter : EPG: Loaded normalized mapping from file (310 entries)
12-26 18:12:07.468 13990 13990 I flutter : EPG: Cache is valid. Age: 33 minutes. Size: 66.00 MB
12-26 18:12:07.468 13990 13990 I flutter : EPG: Using valid cached file, skipping download.
12-26 18:12:07.469 13990 13990 I flutter : EPG: Starting background parsing...
12-26 18:12:07.480 13990 13990 I flutter : EPG: Init skipped (in flight)
12-26 18:12:07.682  2059  2225 I SurfaceFlinger: Capture layer list: 	 Background for beb6089 SurfaceView[com.risa.app/com.risa.app.MainActivity]@0#75537(seamlessTransition:0)
12-26 18:12:07.682  2059  2225 I SurfaceFlinger: Capture layer list: 	 beb6089 SurfaceView[com.risa.app/com.risa.app.MainActivity]@0(BLAST)#75536(seamlessTransition:0)
12-26 18:12:07.682  2059  2225 I SurfaceFlinger: Capture layer list: 	 com.risa.app/com.risa.app.MainActivity$_13990#75533(seamlessTransition:0)
12-26 18:12:07.682  2059  2251 D RenderEngine: [SEC_SF_EFFECTS] drawLayersInternal,1483, Rendering layer beb6089 SurfaceView[com.risa.app/com.risa.app.MainActivity]@0(BLAST)#75536 at index 1
12-26 18:12:07.682  2059  2251 D RenderEngine: [SEC_SF_EFFECTS] drawLayersInternal,1483, Rendering layer com.risa.app/com.risa.app.MainActivity$_13990#75533 at index 2
12-26 18:12:07.811  2812  6029 D SurfaceComposerClient: setCornerRadius ## acc3015 com.risa.app/com.risa.app.MainActivity#75445 cornerRadius=0.000000
12-26 18:12:07.812  2812  6029 D SurfaceComposerClient: setCornerRadius ## acc3015 com.risa.app/com.risa.app.MainActivity#75445 cornerRadius=0.000000
12-26 18:12:07.816  2812  6029 D SurfaceComposerClient: setCornerRadius ## acc3015 com.risa.app/com.risa.app.MainActivity#75445 cornerRadius=0.000000
12-26 18:12:07.817  2812  6029 D SurfaceComposerClient: setCornerRadius ## acc3015 com.risa.app/com.risa.app.MainActivity#75445 cornerRadius=0.000000
12-26 18:12:07.817  2812  6029 D WindowManager: Changing focus from Window{82e812a u0 NotificationShade} to Window{acc3015 u0 com.risa.app/com.risa.app.MainActivity} displayId=0 Callers=com.android.server.wm.WindowManagerService.relayoutWindow:1350 com.android.server.wm.Session.relayout:27 com.android.server.wm.Session.relayoutAsync:14 android.view.IWindowSession$Stub.onTransact:854 
12-26 18:12:07.818  2812  6029 D InsetsSourceProvider: updateControlForTarget: control=InsetsSourceControl: {4c0000 mType=statusBars initiallyVisible mSurfacePosition=Point(0, 0) mInsetsHint=Insets{left=0, top=84, right=0, bottom=0}}, target=Window{acc3015 u0 com.risa.app/com.risa.app.MainActivity}, from=com.android.server.wm.InsetsStateController.onControlTargetChanged:83 com.android.server.wm.InsetsPolicy.updateBarControlTarget:212 com.android.server.wm.DisplayPolicy.updateSystemBarAttributes:262 com.android.server.wm.WindowManagerService.updateFocusedWindowLocked:372 com.android.server.wm.WindowManagerService.relayoutWindow:1350 
