12-24 22:33:15.247 I/SecKeyguardClockPositionAlgorithm( 4743): setup() mStatusBarHeight = 84, mDarkAmount = 0.3600725, mHeight = 2340, mFaceWidgetContainerHeight = 281, mCurrentClockType = 2
12-24 22:33:15.247 I/SecKeyguardClockPositionAlgorithm( 4743): getClockContainerHeight() supplier = 293, bottom margin = 47, real height = 281
12-24 22:33:15.247 I/SecKeyguardClockPositionAlgorithm( 4743): getClockContainerHeight() supplier = 293, bottom margin = 0, real height = 281
12-24 22:33:15.247 I/PluginFaceWidgetManager( 4743): isEditMode = false
12-24 22:33:15.247 I/NowBarItemManager( 4743): getVisibleList isScreenTurnedOn = true / aodShowState false shouldControlScreenOff false visibleList size = 0
12-24 22:33:15.247 I/WindowManager( 2812): Relayout Window{cb11e4b u0 com.jamworks.alwaysondisplay}: viewVisibility=8 req=1080x2840 ty=2032 d0
12-24 22:33:15.248 I/SecKeyguardClockPositionAlgorithm( 4743): prepareClockContainerHeightChanging:
12-24 22:33:15.248 I/PluginFaceWidgetManager( 4743): isEditMode = false
12-24 22:33:15.248 I/NowBarItemManager( 4743): getVisibleList isScreenTurnedOn = true / aodShowState false shouldControlScreenOff false visibleList size = 0
12-24 22:33:15.250 E/ScanManager( 4972): [GSIM LOG]: gsimLogHandler, msg: MESSAGE_SCAN_START, appName: com.samsung.android.mcfds, scannerId: 2, reportDelayMillis=0
12-24 22:33:15.250 I/bt_shim_scanner( 4972): system/main/shim/le_scanning_manager.cc:260 ScanFilterEnable: in shim layer
12-24 22:33:15.250 I/bt_shim_scanner( 4972): system/main/shim/le_scanning_manager.cc:233 ScanFilterAdd: in shim layer
12-24 22:33:15.250 I/bt_shim_scanner( 4972): system/main/shim/le_scanning_manager.cc:197 ScanFilterParamSetup: in shim layer, clientIf=2
12-24 22:33:15.251 E/LoadedApk(18268): Exception : java.lang.NullPointerException: Attempt to invoke virtual method 'boolean android.os.Looper.isPerfLogEnable()' on a null object reference
12-24 22:33:15.251 I/WindowManager( 2812): Relayout hash=cb11e4b, pid=28497, syncId=-1: mAttrs={(0,0)(1080x2840) gr=TOP LEFT CENTER sim={adjust=pan} ty=ACCESSIBILITY_OVERLAY fmt=TRANSLUCENT
12-24 22:33:15.251 I/WindowManager( 2812):   fl=d000318
12-24 22:33:15.251 I/WindowManager( 2812):   vsysui=700
12-24 22:33:15.251 I/WindowManager( 2812):   bhv=1
12-24 22:33:15.251 I/WindowManager( 2812):   frameRateBoostOnTouch=true
12-24 22:33:15.251 I/WindowManager( 2812):   dvrrWindowFrameRateHint=true naviIconColor=0}
12-24 22:33:15.251 D/SemNativeCarrierFeature_vendor( 9673): getInstance
12-24 22:33:15.252 I/sysinput:aidl( 1990): onReportInformation:91, 1, cmd@low_sensitivity_mode_enabl
12-24 22:33:15.253 I/VRI[]@1d1df21(28497): Relayout returned: old=(0,0,1080,2840) new=(0,0,1080,2840) relayoutAsync=false req=(1080,2840)8 dur=6 res=0x0 s={false 0x0} ch=false seqId=0
12-24 22:33:15.253 D/SV[247299996 ](28497): updateSurface: surface is not valid
12-24 22:33:15.253 I/SV[247299996 ](28497): releaseSurfaces: viewRoot = VRI[]@1d1df21
12-24 22:33:15.253 D/SysinputHAL_AIDL( 2812): setProperty(TSP(1)): CMD, low_sensitivity_mode_enable,0 ret=0
12-24 22:33:15.253 D/VRI[]@1d1df21(28497): applyTransactionOnDraw applyImmediately
12-24 22:33:15.253 D/LocationManagerService( 2812): screen interactive is now true
12-24 22:33:15.253 I/sysinput:Touch1( 1990): operator():237, OK
12-24 22:33:15.253 D/SV[247299996 ](28497): updateSurface: surface is not valid
12-24 22:33:15.253 E/ScanManager( 4972): [GSIM LOG]: gsimLogHandler, msg: MESSAGE_SCAN_START, appName: com.google.android.gms, scannerId: 4, reportDelayMillis=0
12-24 22:33:15.253 I/SV[247299996 ](28497): releaseSurfaces: viewRoot = VRI[]@1d1df21
12-24 22:33:15.253 D/VRI[]@1d1df21(28497): applyTransactionOnDraw applyImmediately
12-24 22:33:15.254 I/bt_shim_scanner( 4972): system/main/shim/le_scanning_manager.cc:260 ScanFilterEnable: in shim layer
12-24 22:33:15.254 I/ActivityManager( 2812): Changes in 10078 10 to 10, 0 to 128
12-24 22:33:15.254 I/CameraV2Controller(17044): Selected Camera ID: 1, FoV: 80.628204, Zoom: 1.0111848
12-24 22:33:15.255 I/bt_shim_scanner( 4972): system/main/shim/le_scanning_manager.cc:233 ScanFilterAdd: in shim layer
12-24 22:33:15.255 V/WifiAwareStateManager( 2812): BroadcastReceiver: action=android.intent.action.SCREEN_ON
12-24 22:33:15.255 D/Camera3-Utils( 2463): Set real time priority for thread (tid 14633)
12-24 22:33:15.255 I/CameraService( 2463): CameraService::connect call (PID 17044 UID 1000 "com.samsung.android.smartface", camera ID 1) and Camera API version 2
12-24 22:33:15.256 I/CameraService( 2463): isUidActiveLocked E: uid 1000, callingPackage com.samsung.android.smartface, isRegistered true
12-24 22:33:15.256 I/CameraService( 2463): isUidActiveLocked X: return true.
12-24 22:33:15.256 D/HWUI    (28497): CacheManager::trimMemory(20)
12-24 22:33:15.256 W/ContextImpl( 7531): Calling a method in the system process without a qualified user: android.app.ContextImpl.startService:2068 android.content.ContextWrapper.startService:872 android.content.ContextWrapper.startService:872 com.sec.android.diagmonagent.sa.receiver.CFLogReceiver.onReceive:56 android.app.ActivityThread.handleReceiver:5663 
12-24 22:33:15.256 I/hwservicemanager(  936): getTransport: Cannot find entry vendor.samsung.hardware.biometrics.face@3.0::ISehBiometricsFace/default in either framework or device VINTF manifest.
12-24 22:33:15.256 I/wificond( 2505): Pno scan stopped
12-24 22:33:15.256 D/LOWI-9.0.1.74( 2587): [LOWI-Scan] wait_event:Wait done with Cmd 78
12-24 22:33:15.256 D/LOWI-9.0.1.74( 2587): [LOWI-Scan] do_listen_events: Rcvd valid Netlink Cmd 0 Err 0
12-24 22:33:15.256 I/sec_fr_SehFace( 1951): SehFace::getServicePid
12-24 22:33:15.256 I/sec_fr_SehFace( 1951): FaceServicePID : 1951
12-24 22:33:15.257 E/cameraserver( 2463): isBiometricsFaceService : face AIDL HAL Pid(1951) is not same with callingPid(17044)
12-24 22:33:15.257 I/EDMNativeHelperService( 2812): isCameraEnabled
12-24 22:33:15.257 D/EDMNativeHelper( 2812): isCameraEnabled
12-24 22:33:15.257 D/EDMNativeHelper( 2812): checking for camera in EnterpriseDeviceManagerService
12-24 22:33:15.257 D/EnterpriseDeviceManagerService( 2812): isCameraEnabledNative
12-24 22:33:15.257 D/EnterpriseDeviceManagerService( 2812): checking for camera in restriction policy
12-24 22:33:15.257 D/RestrictionPolicy( 2812): isCameraEnabled ret(true) userId(0) cxtInfo.mCallerUid(1000) cxtInfo.mContainerId(0)
12-24 22:33:15.257 I/CameraService( 2463): CameraService::validateClientPermissionsLocked is ok : calling pid 17044, calling uid 1000, client com.samsung.android.smartface , cameraservice pid=2463, device user 0, currently allowed device users: 0
12-24 22:33:15.257 I/CameraService( 2463): CameraService::handleEvictionsLocked
12-24 22:33:15.257 I/cameraserver( 2463): this package is a smart face service app.
12-24 22:33:15.257 I/CameraService( 2463): wouldEvictLocked: [incoming client] owner = 17044, priority-score=990, cost=51, returnIncompatibleClients=false
12-24 22:33:15.257 I/CameraService( 2463): wouldEvictLocked: [cost info] current cost=0, adding cost=51, total cost=51, max cost=100
12-24 22:33:15.257 I/CameraService( 2463): wouldEvictLocked: [highestPriority] owner=17044, score=990
12-24 22:33:15.257 I/CameraFlashlight( 2463): prepareDeviceOpen: prepare for device open(cameraId=1)
12-24 22:33:15.257 I/Camera2ClientBase( 2463): Camera 1: Opened. Client: com.samsung.android.smartface (PID 17044, UID 1000)
12-24 22:33:15.257 I/CameraDeviceClient( 2463): CameraDeviceClient 1: Opened
12-24 22:33:15.257 I/CameraService( 2463): makeClient: Camera2 API, rotationOverride 0
12-24 22:33:15.258 I/bt_shim_scanner( 4972): system/main/shim/le_scanning_manager.cc:197 ScanFilterParamSetup: in shim layer, clientIf=4
12-24 22:33:15.259 I/sensors-hal( 1948): handle_sns_std_sensor_event:131, [SSC_LIGHT] A: 9(9),c:0,b:332,m:13,cl:0,l:9,s:-1,l0:2080,l1:352,s0:0,s1:0,acl:3,opr:0.00,f(r):0,u(bl):0,if:0,wi:0,si:0,po:0(N:0)
12-24 22:33:15.259 I/CameraService( 2463): service.camera.client set to com.samsung.android.smartface
12-24 22:33:15.259 I/sensors-hal( 1948): qsh_conn_event_cb:857, SCHED_FIFO(10) for qmi_cbk
12-24 22:33:15.259 I/sensors-hal( 1948): handle_sns_std_sensor_event:90, light_cct: ts = 161313446473680 ns; value = [9, 9, 0, 0, 12, 332, 0, 22, 2080, 0]
12-24 22:33:15.259 I/WindowManager( 2812): Relayout Window{14a1d1 u0 com.jamworks.alwaysondisplay}: viewVisibility=8 req=1080x2840 ty=2032 d0
12-24 22:33:15.259 I/CameraManagerGlobal( 2812): Camera 1 facing CAMERA_FACING_FRONT state now CAMERA_STATE_OPENING for client com.samsung.android.smartface API Level 2 User Id 0Device Id 0
12-24 22:33:15.259 E/WindowManager( 2812): win=Window{14a1d1 u0 com.jamworks.alwaysondisplay} destroySurfaces: appStopped=true cleanupOnResume=false win.mWindowRemovalAllowed=false win.mRemoveOnExit=false win.mViewVisibility=8 caller=com.android.server.wm.WindowManagerService.tryStartExitingAnimation:134 com.android.server.wm.WindowManagerService.relayoutWindow:1138 com.android.server.wm.Session.relayout:27 android.view.IWindowSession$Stub.onTransact:829 com.android.server.wm.Session.onTransact:1 android.os.Binder.execTransactInternal:1457 android.os.Binder.execTransact:1401 
12-24 22:33:15.259 I/CameraManagerGlobal( 2812): onCameraDeviceStateChangedLocked: post device state update
12-24 22:33:15.259 I/CameraManagerGlobal( 2812): onCameraDeviceStateChangedLocked: post device state update
12-24 22:33:15.259 I/CameraManagerGlobal( 4743): Camera 1 facing CAMERA_FACING_FRONT state now CAMERA_STATE_OPENING for client com.samsung.android.smartface API Level 2 User Id 0Device Id 0
12-24 22:33:15.260 I/CameraManagerGlobal( 4743): onCameraDeviceStateChangedLocked: post device state update
12-24 22:33:15.260 I/CameraManagerGlobal( 7534): Camera 1 facing CAMERA_FACING_FRONT state now CAMERA_STATE_OPENING for client com.samsung.android.smartface API Level 2 User Id 0Device Id 0
12-24 22:33:15.260 D/BBA2    ( 2812): updateWindowVisible for pid : 28497, visible : 0
12-24 22:33:15.260 I/CameraManagerGlobal( 4743): onCameraDeviceStateChangedLocked: post device state update
12-24 22:33:15.260 I/RequestInjectorService( 2812): Samsung Camera is opened. ignore VT Camera Setting.
12-24 22:33:15.260 I/CameraManagerGlobal(18092): Camera 1 facing CAMERA_FACING_FRONT state now CAMERA_STATE_OPENING for client com.samsung.android.smartface API Level 2 User Id 0Device Id 0
12-24 22:33:15.260 I/CameraManagerGlobal( 5018): Camera 1 facing CAMERA_FACING_FRONT state now CAMERA_STATE_OPENING for client com.samsung.android.smartface API Level 2 User Id 0Device Id 0
12-24 22:33:15.260 I/CameraManagerGlobal( 7624): Camera 1 facing CAMERA_FACING_FRONT state now CAMERA_STATE_OPENING for client com.samsung.android.smartface API Level 2 User Id 0Device Id 0
12-24 22:33:15.260 I/CameraManagerGlobal(31939): Camera 1 facing CAMERA_FACING_FRONT state now CAMERA_STATE_OPENING for client com.samsung.android.smartface API Level 2 User Id 0Device Id 0
12-24 22:33:15.260 I/bt_shim_scanner( 4972): system/main/shim/le_scanning_manager.cc:233 ScanFilterAdd: in shim layer
12-24 22:33:15.260 I/CameraManagerGlobal( 7550): Camera 1 facing CAMERA_FACING_FRONT state now CAMERA_STATE_OPENING for client com.samsung.android.smartface API Level 2 User Id 0Device Id 0
12-24 22:33:15.260 I/CameraManagerGlobal(11172): Camera 1 facing CAMERA_FACING_FRONT state now CAMERA_STATE_OPENING for client com.samsung.android.smartface API Level 2 User Id 0Device Id 0
12-24 22:33:15.260 I/CameraManagerGlobal(23820): Camera 1 facing CAMERA_FACING_FRONT state now CAMERA_STATE_OPENING for client com.samsung.android.smartface API Level 2 User Id 0Device Id 0
12-24 22:33:15.260 I/CameraManagerGlobal(11172): onCameraDeviceStateChangedLocked: post device state update
12-24 22:33:15.260 I/CameraManagerGlobal( 8163): Camera 1 facing CAMERA_FACING_FRONT state now CAMERA_STATE_OPENING for client com.samsung.android.smartface API Level 2 User Id 0Device Id 0
12-24 22:33:15.260 I/CameraManagerGlobal(17044): Camera 1 facing CAMERA_FACING_FRONT state now CAMERA_STATE_OPENING for client com.samsung.android.smartface API Level 2 User Id 0Device Id 0
12-24 22:33:15.260 I/Camera2ClientBase( 2463): initializeImpl: Initializing client for camera 1
12-24 22:33:15.260 D/ijt/Camera3-RequestInjector( 2463): RequestInjector[1] Mapper created
12-24 22:33:15.260 I/CameraManagerGlobal( 7550): onCameraDeviceStateChangedLocked: post device state update
12-24 22:33:15.260 I/Camera3-Device( 2463): Camera3Device: Created device for camera 1
12-24 22:33:15.260 I/CameraManagerGlobal( 7550): onCameraDeviceStateChangedLocked: post device state update
12-24 22:33:15.260 I/AidlCamera3-Device( 2463): new AidlCamera3Device E
12-24 22:33:15.260 I/AidlCamera3-Device( 2463): SEH CameraDeviceCallback extension configure E
12-24 22:33:15.260 I/bt_shim_scanner( 4972): system/main/shim/le_scanning_manager.cc:197 ScanFilterParamSetup: in shim layer, clientIf=4
12-24 22:33:15.260 I/AidlCamera3-Device( 2463): SEH CameraDeviceCallback extension configured X
12-24 22:33:15.260 I/AidlCamera3-Device( 2463): new AidlCamera3Device X
12-24 22:33:15.261 I/WindowManager( 2812): Relayout hash=14a1d1, pid=28497, syncId=-1: mAttrs={(0,0)(1080x2840) gr=TOP LEFT CENTER sim={adjust=pan} ty=ACCESSIBILITY_OVERLAY fmt=TRANSLUCENT
12-24 22:33:15.261 I/WindowManager( 2812):   fl=d000318
12-24 22:33:15.261 I/WindowManager( 2812):   vsysui=700
12-24 22:33:15.261 I/WindowManager( 2812):   bhv=1
12-24 22:33:15.261 I/WindowManager( 2812):   frameRateBoostOnTouch=true
12-24 22:33:15.261 I/WindowManager( 2812):   dvrrWindowFrameRateHint=true naviIconColor=0}
12-24 22:33:15.261 D/SatelliteController( 4968): registerForSatelliteModemStateChanged: add Listeners for ModemState
12-24 22:33:15.261 E/SatelliteController( 4968): registerForSatelliteModemStateChanged: mSatelliteSessionController is not initialized yet
12-24 22:33:15.261 I/CameraManagerGlobal(30581): Camera 1 facing CAMERA_FACING_FRONT state now CAMERA_STATE_OPENING for client com.samsung.android.smartface API Level 2 User Id 0Device Id 0
12-24 22:33:15.261 I/bt_shim_scanner( 4972): system/main/shim/le_scanning_manager.cc:151 Scan: in shim layer stopped
12-24 22:33:15.261 W/bluetooth( 4972): system/gd/hci/le_scanning_manager.cc:716 scan: address_manager_registered_
12-24 22:33:15.261 W/bluetooth( 4972): system/gd/hci/le_scanning_manager.cc:768 stop_scan: stop_scan
12-24 22:33:15.261 I/bluetooth( 4972): system/gd/hci/le_address_manager.cc:278 unregister_client: Client unregistered
12-24 22:33:15.261 I/bt_shim_scanner( 4972): system/main/shim/le_scanning_manager.cc:335 SetScanParameters: in shim layer, scannerId1m=4, scannerIdCoded=0
12-24 22:33:15.261 W/bt_shim_scanner( 4972): system/main/shim/le_scanning_manager.cc:365 SetScanParameters: Set scan params scan_int_1m : 958.125, scan_win_1m : 191.25, Duty : 19.96% | scan_int_coded : 0, scan_win_coded : 0, Duty : nan%
12-24 22:33:15.261 I/bt_shim_scanner( 4972): system/main/shim/le_scanning_manager.cc:151 Scan: in shim layer started
12-24 22:33:15.261 I/CameraManagerGlobal(23582): Camera 1 facing CAMERA_FACING_FRONT state now CAMERA_STATE_OPENING for client com.samsung.android.smartface API Level 2 User Id 0Device Id 0
12-24 22:33:15.261 I/CameraManagerGlobal(19807): Camera 1 facing CAMERA_FACING_FRONT state now CAMERA_STATE_OPENING for client com.samsung.android.smartface API Level 2 User Id 0Device Id 0
12-24 22:33:15.261 I/bluetooth( 4972): system/gd/hci/le_scanning_manager.cc:765 stop_scan: Scanning already stopped, return!
12-24 22:33:15.261 W/bluetooth( 4972): system/gd/hci/le_scanning_manager.cc:732 start_scan: start_scan
12-24 22:33:15.261 W/bluetooth( 4972): system/gd/hci/le_scanning_manager.cc:735 start_scan: Register address manager
12-24 22:33:15.261 I/bluetooth( 4972): system/gd/hci/le_address_manager.cc:263 register_client: Client registered
12-24 22:33:15.261 I/hwservicemanager(  936): getTransport: Cannot find entry vendor.samsung.hardware.biometrics.face@3.0::ISehBiometricsFace/default in either framework or device VINTF manifest.
12-24 22:33:15.262 I/SideFpsEventHandler( 2812): notifyPowerPressed
12-24 22:33:15.262 I/CameraManagerGlobal(21108): Camera 1 facing CAMERA_FACING_FRONT state now CAMERA_STATE_OPENING for client com.samsung.android.smartface API Level 2 User Id 0Device Id 0
12-24 22:33:15.262 I/Telecom ( 2812): SamsungTelecomServiceImpl : isRinging - callingPackage : android
12-24 22:33:15.262 D/PhoneWindowManager( 2812): powerPress: eventTime=142056749 interactive=true count=1 mShortPressOnPowerBehavior=1 systemKeyRequested=false
12-24 22:33:15.262 V/PhoneWindowManager( 2812): Ignoring short press of power button because the device is not interactive. interactive=true, beganFromNonInteractive=true
12-24 22:33:15.263 I/sec_fr_SehFace( 1951): SehFace::getServicePid
12-24 22:33:15.263 I/sec_fr_SehFace( 1951): FaceServicePID : 1951
12-24 22:33:15.263 E/cameraserver( 2463): isBiometricsFaceService : face AIDL HAL Pid(1951) is not same with callingPid(17044)
12-24 22:33:15.263 I/SurfaceFlinger( 2059): [LayerHierarchy{RequestedLayerState{$_28497#49440} no children}] reparent to OffscreenRoot
12-24 22:33:15.263 D/CameraService( 2463): notifyCameraOpening: Bypassing checkOp for uid 1000
12-24 22:33:15.263 I/CameraService( 2463): increaseCamConnRef: ref=1
12-24 22:33:15.263 I/SurfaceFlinger( 2059): [LayerHierarchy{RequestedLayerState{$_28497#49440} no children}] RelativeParent to null
12-24 22:33:15.263 I/CameraService( 2463): increaseCamConnRef: service.camera.running set to 1
12-24 22:33:15.263 I/CameraService( 2463): Translate updateStatus callback for camera id 1
12-24 22:33:15.263 I/CameraService( 2463):  to 1
12-24 22:33:15.263 I/DigitalHorizontalClockView_LOCK_SCREEN_2@528( 4743): updateShadowStyle: shadow : [ShadowStyle: shadowRadius = 5.625, shadowDx = 0.0, shadowDy = 0.0, shadowColor = 1A000000]
12-24 22:33:15.263 I/DigitalHorizontalClockView_LOCK_SCREEN_2@528( 4743): updatePaletteItemTransition : paletteItem = SOLID color : FF3ACFEB, animation = false, dozeAmount = 0.2639487
12-24 22:33:15.263 D/AidlCamera3-Device( 2463): CameraPerf: initialize E
12-24 22:33:15.263 D/AidlCamera3-Device( 2463): initialize: mInterfaceLock.lock()
12-24 22:33:15.263 D/CameraProviderManager( 2463): CameraPerf: openAidlSession E
12-24 22:33:15.263 I/CameraManagerGlobal( 4743): postSingleUpdate device: camera id 1 status STATUS_NOT_AVAILABLE
12-24 22:33:15.264 I/Samsung_CameraDevice_impl( 1986): [CAMKPI] camera3->open : E
12-24 22:33:15.264 I/Unihal  ( 1986): UniDebugLog.cpp: __unihal_log_status_update: 60: UpdateLogStatus 0000000d ERR 1 PERF 0 WARN 4 INFO 8 DEBUG 0 DUMP 0 STRACE 0 META 0
12-24 22:33:15.264 I/CameraManagerGlobal(30581): postSingleUpdate device: camera id 1 status STATUS_NOT_AVAILABLE
12-24 22:33:15.264 I/Unihal  ( 1986): UniHal3InterfaceEntry.cpp: uni_open_camera_hardware: 614: [UNIKPI][1] UniHAL->open: E
12-24 22:33:15.264 I/Unihal  ( 1986): UniHal3InterfaceEntry.cpp: uni_open_camera_hardware: 617: UNIHAL_VERSION = "plus1.0"
12-24 22:33:15.264 I/Unihal  ( 1986): UniHalPlusMediator.cpp: CheckFakeOpen: 928: camid: 1, device: 0xb400007334ba6d30
12-24 22:33:15.264 I/Unihal  ( 1986): UniHalPlusMediator.cpp: CheckFakeOpen: 956: Is fake open : FALSE
12-24 22:33:15.264 I/Unihal  ( 1986): UniHalPlusMediator.cpp: OpenCamera: 81: Device:0xb400007334ba6d30: E
12-24 22:33:15.264 I/Unihal  ( 1986): CameraDevice.cpp: OpenCameraHardware_v3: 425: name : 1 camera id : 1
12-24 22:33:15.264 W/ContextImpl( 7531): Calling a method in the system process without a qualified user: android.app.ContextImpl.startService:2068 android.content.ContextWrapper.startService:872 android.content.ContextWrapper.startService:872 com.sec.android.diagmonagent.sa.receiver.CFLogReceiver.onReceive:56 android.app.ActivityThread.handleReceiver:5663 
12-24 22:33:15.264 I/Unihal  ( 1986): CameraDevice.cpp: OpenCameraHardware_v3: 448: [UNIKPI][1] VndHAL->open: E
12-24 22:33:15.264 I/CameraManagerGlobal( 4743): postSingleUpdate device: camera id 1 status STATUS_NOT_AVAILABLE
12-24 22:33:15.264 E/LoadedApk(18268): Exception : java.lang.NullPointerException: Attempt to invoke virtual method 'boolean android.os.Looper.isPerfLogEnable()' on a null object reference
12-24 22:33:15.264 I/CameraManagerGlobal(23582): postSingleUpdate device: camera id 1 status STATUS_NOT_AVAILABLE
12-24 22:33:15.264 I/FaceWidgetKeyguardNIOController( 4743): clock dateColor changed #ff3acfeb
12-24 22:33:15.264 I/NotificationIconsOnlyContainer( 4743): updateIconColor() : FF3ACFEB, 
12-24 22:33:15.264 I/KeyguardClockProvider( 4743): getClockVisibility:0
12-24 22:33:15.264 D/SGGLockStarManager( 4743): isClockAnimationEnable, result null
12-24 22:33:15.264 D/SGGLockStarManager( 4743): isClockAnimationEnable, result null
12-24 22:33:15.264 I/CameraManagerGlobal( 8163): postSingleUpdate device: camera id 1 status STATUS_NOT_AVAILABLE
12-24 22:33:15.264 D/FaceWidgetClockPage( 4743): isNeedToTransition() true
12-24 22:33:15.264 I/HBD     ( 8163): EagleEye EagleEyeHoneyBee Camera is used by another app, camId = 1 
12-24 22:33:15.264 I/NowBarColorModel#25881751( 4743): notifyColorChanged isWhiteWallpaper false darkAmount 0.2639487  darkMode false nowBarMode LOCKSCREEN dozing false
12-24 22:33:15.264 I/CHI     ( 1986): [SS_LOW ]: [CHI         ]: chxextensionmodule.cpp: SecCameraFadvise: 34037: /vendor/lib64/libthirdparty_zoomtranslator_imp.so fd 65
12-24 22:33:15.264 D/MediaExpandStateObserver( 4743): onChanged MediaExpandStateModel(type=NONE, clockY=0.0, clockValidMaxScale=1.0, hasAnimation=true, isDozing=false, darkAmount=0.2639487, isMediaOutput=false)
12-24 22:33:15.264 I/CHI     ( 1986): [SS_LOW ]: [CHI         ]: chxextensionmodule.cpp: SecCameraFadvise: 34037: /vendor/lib64/libcamxncsdatafactory.so fd 65
12-24 22:33:15.264 D/MediaExpandStateObserver( 4743): animateClipContainer NONE NONE
12-24 22:33:15.264 I/CHI     ( 1986): [SS_LOW ]: [CHI         ]: chxextensionmodule.cpp: SecCameraFadvise: 34037: /vendor/lib64/libtflitecore.so fd 65
12-24 22:33:15.264 I/CameraManagerGlobal( 7624): postSingleUpdate device: camera id 1 status STATUS_NOT_AVAILABLE
12-24 22:33:15.265 I/CHI     ( 1986): [SS_LOW ]: [CHI         ]: chxextensionmodule.cpp: SecCameraFadvise: 34037: /vendor/lib64/libcamximageformatutils.so fd 65
12-24 22:33:15.265 I/[MCFDs]_RemoteMediaHandler( 7624): onCameraUnavailable - 
12-24 22:33:15.265 I/CHI     ( 1986): [SS_LOW ]: [CHI         ]: chxextensionmodule.cpp: SecCameraFadvise: 34037: /vendor/lib64/hw/camera.qcom.so fd 65
12-24 22:33:15.265 I/SecKeyguardClockPositionAlgorithm( 4743): prepareClockContainerHeightChanging:
12-24 22:33:15.265 I/SecKeyguardClockPositionAlgorithm( 4743): setup() mStatusBarHeight = 84, mDarkAmount = 0.2639487, mHeight = 2340, mFaceWidgetContainerHeight = 281, mCurrentClockType = 2
12-24 22:33:15.265 I/SecKeyguardClockPositionAlgorithm( 4743): run() , stackScrollerPadding=614, isCenterAlignType=true, topMargin=274, clockH=293, keyguardNotificationIconsOnlyY=612, mIsAODPositionApplied=false
12-24 22:33:15.265 E/ANDR-PERF-UTIL( 1980): ANDR-PERF-UTIL: save_node_val() 366: Failed to read /sys/class/mmc_host/mmc0/clk_scaling/enable
12-24 22:33:15.265 I/PluginFaceWidgetManager( 4743): isEditMode = false
12-24 22:33:15.265 E/ANDR-PERF-OPTSHANDLER( 1980): ANDR-PERF-OPTSHANDLER: modify_sysfsnode() 1093: Failed to read /sys/class/mmc_host/mmc0/clk_scaling/enable
12-24 22:33:15.265 I/NowBarItemManager( 4743): getVisibleList isScreenTurnedOn = true / aodShowState false shouldControlScreenOff false visibleList size = 0
12-24 22:33:15.265 E/ANDR-PERF-RESOURCEQS( 1980): ANDR-PERF-RESOURCEQS: AddAndApply() 167: Failed to apply optimization [11, 4]
12-24 22:33:15.265 I/CameraManagerGlobal(31939): postSingleUpdate device: camera id 1 status STATUS_NOT_AVAILABLE
12-24 22:33:15.265 E/ScanManager( 4972): [GSIM LOG]: gsimLogHandler, msg: MESSAGE_SCAN_START, appName: com.samsung.android.mcfserver, scannerId: 5, reportDelayMillis=0
12-24 22:33:15.265 I/bt_shim_scanner( 4972): system/main/shim/le_scanning_manager.cc:260 ScanFilterEnable: in shim layer
12-24 22:33:15.265 I/CHI     ( 1986): [SS_LOW ]: [CHI         ]: chxextensionmodule.cpp: SecCameraFadvise: 34037: /vendor/lib64/hw/camera.qcom.sm8650.so fd 65
12-24 22:33:15.265 I/CameraManagerGlobal( 7550): postSingleUpdate device: camera id 1 status STATUS_NOT_AVAILABLE
12-24 22:33:15.265 I/CameraManagerGlobal( 7550): postSingleUpdate device: camera id 1 status STATUS_NOT_AVAILABLE
12-24 22:33:15.266 I/CameraManagerGlobal(11172): postSingleUpdate device: camera id 1 status STATUS_NOT_AVAILABLE
12-24 22:33:15.266 I/CameraManagerGlobal( 2812): postSingleUpdate device: camera id 1 status STATUS_NOT_AVAILABLE
12-24 22:33:15.266 I/CameraManagerGlobal(21108): postSingleUpdate device: camera id 1 status STATUS_NOT_AVAILABLE
12-24 22:33:15.266 I/CameraManagerGlobal( 2812): postSingleUpdate device: camera id 1 status STATUS_NOT_AVAILABLE
12-24 22:33:15.266 I/CHI     ( 1986): [SS_LOW ]: [CHI         ]: chxextensionmodule.cpp: SecCameraFadvise: 34037: /vendor/lib64/hw/com.qti.chi.override.so fd 65
12-24 22:33:15.266 I/bt_shim_scanner( 4972): system/main/shim/le_scanning_manager.cc:233 ScanFilterAdd: in shim layer
12-24 22:33:15.266 I/bt_shim_scanner( 4972): system/main/shim/le_scanning_manager.cc:197 ScanFilterParamSetup: in shim layer, clientIf=5
12-24 22:33:15.266 D/SemContextEngineService( 2812): ACTION_SCREEN_ON
12-24 22:33:15.267 I/CameraService_worker( 2812): DeviceInjector, onSemCameraDeviceRawStatus 1 -2
12-24 22:33:15.268 E/WifiScanningService( 2812): Failed to unregister death recipient! com.android.server.wifi.scanner.WifiScanningServiceImpl$InternalListener@2de8841
12-24 22:33:15.268 I/FaceWidgetViewModel( 4743): onNioViewStateUpdated : alpha 0.61456424, visibility 0
12-24 22:33:15.268 I/SecKeyguardClockPositionAlgorithm( 4743): prepareClockContainerHeightChanging:
12-24 22:33:15.268 I/SecKeyguardClockPositionAlgorithm( 4743): setup() mStatusBarHeight = 84, mDarkAmount = 0.2639487, mHeight = 2340, mFaceWidgetContainerHeight = 274, mCurrentClockType = 2
12-24 22:33:15.268 I/SecKeyguardClockPositionAlgorithm( 4743): getClockContainerHeight() supplier = 293, bottom margin = 47, real height = 274
12-24 22:33:15.268 I/SecKeyguardClockPositionAlgorithm( 4743): getClockContainerHeight() supplier = 293, bottom margin = 0, real height = 274
12-24 22:33:15.268 I/PluginFaceWidgetManager( 4743): isEditMode = false
12-24 22:33:15.269 W/ContextImpl( 7531): Calling a method in the system process without a qualified user: android.app.ContextImpl.startService:2068 android.content.ContextWrapper.startService:872 android.content.ContextWrapper.startService:872 com.sec.android.diagmonagent.sa.receiver.CFLogReceiver.onReceive:56 android.app.ActivityThread.handleReceiver:5663 
12-24 22:33:15.269 I/NowBarItemManager( 4743): getVisibleList isScreenTurnedOn = true / aodShowState false shouldControlScreenOff false visibleList size = 0
12-24 22:33:15.269 I/seh_thermal_service( 1991): registerThermalChangedCallback ISehThermalChangedCallback: 0xb400006d63a6b970
12-24 22:33:15.269 W/vendor.samsung.hardware.thermal-service( 1991): AIBinder_linkToDeath is being called with a non-null cookie and no onUnlink callback set. This might not be intended. AIBinder_DeathRecipient_setOnUnlinked should be called first.
12-24 22:33:15.269 W/vendor.samsung.hardware.camera.provider-service_64( 1986): AIBinder_linkToDeath is being called with a non-null cookie and no onUnlink callback set. This might not be intended. AIBinder_DeathRecipient_setOnUnlinked should be called first.
12-24 22:33:15.269 I/CHI     ( 1986): [SS_LOW ]: [CHI         ]: chxextensionmodule.cpp: ExecuteMemBoost: 27603: Set MemBoost(2) by 0
12-24 22:33:15.269 I/CHI     ( 1986): [SS_LOW ]: [CHI         ]: chxextensionmodule.cpp: ExecuteMemBoost: 27616: Set MemBoostRbin(2) by 0
12-24 22:33:15.269 I/SecKeyguardClockPositionAlgorithm( 4743): prepareClockContainerHeightChanging:
12-24 22:33:15.269 I/PluginFaceWidgetManager( 4743): isEditMode = false
12-24 22:33:15.269 I/NowBarItemManager( 4743): getVisibleList isScreenTurnedOn = true / aodShowState false shouldControlScreenOff false visibleList size = 0
12-24 22:33:15.269 I/VRI[]@6cc0c70(28497): Relayout returned: old=(0,0,1080,2840) new=(0,0,1080,2840) relayoutAsync=false req=(1080,2840)8 dur=9 res=0x2 s={false 0x0} ch=true seqId=0
12-24 22:33:15.269 D/VRI[]@6cc0c70(28497): Not drawing due to not visible. Reason=View.GONE
12-24 22:33:15.269 I/SurfaceFlinger( 2059): id=49440 Removed $_28497#49440 (305)
12-24 22:33:15.269 D/SurfaceFlinger( 2059): Display 4630946662957460867 HWC layers:
12-24 22:33:15.269 D/SurfaceFlinger( 2059):        DEVICE |           21161303867425 | 00000100 | RGBA_8888    |    0.0    0.0 1080.0 2340.0 |    0    0 1080 2340 | Wallpaper BBQ wrapper 6_lock#93 (3250)
12-24 22:33:15.269 D/SurfaceFlinger( 2059):        DEVICE |           20371029902322 | 00002100 | RGBA_8888    |    0.0    0.0 1080.0   84.0 |    0    0 1080   84 | StatusBar$_4743#112 (89486)
12-24 22:33:15.269 D/SurfaceFlinger( 2059):        DEVICE |           20371029902373 | 00002100 | RGBA_8888    |    0.0    0.0 1080.0 2340.0 |    0    0 1080 2340 | NotificationShade$_4743#49439 (38)
12-24 22:33:15.269 D/SurfaceFlinger( 2059):        DEVICE |           36532991819980 | 00002100 | RGBA_8888    |    0.0    0.0  111.0  114.0 |  485    0  596  114 | $_8506#153 (202)
12-24 22:33:15.269 D/SurfaceFlinger( 2059):        DEVICE |           85383949844530 | 00002140 | RGBA_8888    |    6.0    6.0 1086.0 2346.0 |    0    0 1080 2340 | FP Iconview$_19880#49443 (28)
12-24 22:33:15.269 D/SurfaceFlinger( 2059): 
12-24 22:33:15.270 I/WindowManager( 2812): Relayout Window{9c35cb1 u0 com.jamworks.alwaysondisplay}: viewVisibility=8 req=31x31 ty=2032 d0
12-24 22:33:15.270 I/NearbyDiscovery(18268): (REDACTED) FastPairHandler: Received action %s
12-24 22:33:15.271 D/CollapsedStatusBarFragmentExt( 4743): onCameraOpened(cId:1, pId:com.samsung.android.smartface)    shouldHideIconsForNextAppWindow:false, lastFullscreen(pkg:com.sec.android.app.shealth, flag:true),    keyguard(fa:false, ga:false, oc:false, show:true)
12-24 22:33:15.271 D/CollapsedStatusBarFragmentExt( 4743): updateHideIconsForNextAppWindow(CameraManager.AvailabilityCallback) shouldHideIconsForNextAppWindow will be true    shouldHideIconsForNextAppWindow:false, lastFullscreen(pkg:com.sec.android.app.shealth, flag:true),    keyguard(fa:false, ga:false, oc:false, show:true)
12-24 22:33:15.271 I/NearbyDiscovery(18268): (REDACTED) PureOffloadFastPairScanner: eventType=%s, isInternalReq=%s, isScanning=%s, isScanningAllowed=%s
12-24 22:33:15.271 I/CameraManagerGlobal(15033): Camera 1 facing CAMERA_FACING_FRONT state now CAMERA_STATE_OPENING for client com.samsung.android.smartface API Level 2 User Id 0Device Id 0
12-24 22:33:15.271 I/WindowManager( 2812): Relayout hash=9c35cb1, pid=28497, syncId=-1: mAttrs={(250,28)(31x31) gr=TOP LEFT CENTER sim={adjust=pan} ty=ACCESSIBILITY_OVERLAY fmt=TRANSLUCENT preferredRefreshRate=120.0
12-24 22:33:15.271 I/WindowManager( 2812):   fl=d000318
12-24 22:33:15.271 I/WindowManager( 2812):   vsysui=700
12-24 22:33:15.271 I/WindowManager( 2812):   bhv=1
12-24 22:33:15.271 I/WindowManager( 2812):   frameRateBoostOnTouch=true
12-24 22:33:15.271 I/WindowManager( 2812):   dvrrWindowFrameRateHint=true naviIconColor=0}
12-24 22:33:15.271 I/CameraManagerGlobal(15033): postSingleUpdate device: camera id 1 status STATUS_NOT_AVAILABLE
12-24 22:33:15.272 I/MCFQS   (10736): (BleScanRepository) updateBleScan()-[td:main] screenOn new REQUEST_ONLY
12-24 22:33:15.272 I/MCFQS   (10736): (BleScanRepository) startBleScan()-[td:main] (data:[420108],mask:[ffffe8]) , cb=113752540
12-24 22:33:15.272 I/[MCFDs]_ContinuityBleAdv@1a5b404( 7624): onAdvertisingSetStopped - 
12-24 22:33:15.272 I/CXCP    (31939): Unavailable camera 1 detected
12-24 22:33:15.272 I/VRI[]@706012a(28497): Relayout returned: old=(250,28,281,59) new=(250,28,281,59) relayoutAsync=false req=(31,31)8 dur=3 res=0x0 s={false 0x0} ch=false seqId=0
12-24 22:33:15.272 D/SV[78514124 ](28497): updateSurface: surface is not valid
12-24 22:33:15.272 I/SV[78514124 ](28497): releaseSurfaces: viewRoot = VRI[]@706012a
12-24 22:33:15.272 D/VRI[]@706012a(28497): applyTransactionOnDraw applyImmediately
12-24 22:33:15.272 I/CXCP    (31939): Loaded CameraIdList [CameraId-0, CameraId-1, CameraId-2, CameraId-3]
12-24 22:33:15.272 D/CXCP    (31939): Emitting camera ID list: [CameraId-0, CameraId-1, CameraId-2, CameraId-3]
12-24 22:33:15.272 I/SDM     ( 1978): ResourceImpl::SetMaxBandwidthMode: new bandwidth mode=1
12-24 22:33:15.273 D/SV[78514124 ](28497): updateSurface: surface is not valid
12-24 22:33:15.273 I/SV[78514124 ](28497): releaseSurfaces: viewRoot = VRI[]@706012a
12-24 22:33:15.273 D/VRI[]@706012a(28497): applyTransactionOnDraw applyImmediately
12-24 22:33:15.273 I/Unihal  ( 1986): CameraDevice.cpp: OpenCameraHardware_v3: 448: [UNIKPI][1] VndHAL->open: X
12-24 22:33:15.273 I/Unihal  ( 1986): UniState.cpp: transitState: 102: Transiting to state 1
12-24 22:33:15.273 I/Unihal  ( 1986): ParameterManager.cpp: SetCharacteristics: 194: Registered camera characteristics successfully : cameraId=1, characteristics=0xb400007234a72060
12-24 22:33:15.273 I/Unihal  ( 1986): ScenarioManager.cpp: ScenarioManager: 96: Use latest front segmentation mode = 0
12-24 22:33:15.273 I/Unihal  ( 1986): ScenarioManager.cpp: ScenarioManager: 105: Use latest rear segmentation mode = 0
12-24 22:33:15.273 I/Unihal  ( 1986): UniHalPlusMediator.cpp: CreateOpenManager: 204: Device:0xb400007334bcc2a0: E
12-24 22:33:15.273 I/Unihal  ( 1986): UniHalPlusMediator.h: PrintOpenDeviceInfo: 181: CreateOpenManager
12-24 22:33:15.273 I/Unihal  ( 1986): UniHalPlusMediator.h: operator(): 190: HwDevice=0xb400007334bcc2a0, FWK ID=1, OpenMgr(0)=0xb4000073b4b8b5b0, state=0, newDev=0x0
12-24 22:33:15.273 I/Unihal  ( 1986): UniHalPlusMediator.cpp: CreateOpenManager: 204: Device:0xb400007334bcc2a0: X
12-24 22:33:15.273 I/Unihal  ( 1986): UniHalPlusMediator.h: PrintOpenDeviceInfo: 181: OpenCamera
12-24 22:33:15.273 I/Unihal  ( 1986): UniHalPlusMediator.h: operator(): 190: HwDevice=0xb400007334bcc2a0, FWK ID=1, OpenMgr(0)=0xb4000073b4b8b5b0, state=0, newDev=0x0
12-24 22:33:15.273 I/Unihal  ( 1986): UniHalPlusMediator.cpp: OpenCamera: 81: Device:0xb400007334ba6d30: X
12-24 22:33:15.273 I/Unihal  ( 1986): UniHal3InterfaceEntry.cpp: uni_open_camera_hardware: 614: [UNIKPI][1] UniHAL->open: X
12-24 22:33:15.273 I/Samsung_CameraDevice_impl( 1986): [CAMKPI] camera3->open : X
12-24 22:33:15.273 I/Unihal  ( 1986): UniHalPlusMediator.cpp: Initialize: 326: Device:0xb400007334bcc2a0: E
12-24 22:33:15.273 I/Unihal  ( 1986): UniState.cpp: transitState: 102: Transiting to state 2
12-24 22:33:15.273 D/KeyguardSecIndicationPolicy( 4743): remove e mpty pos = DEFAULT, type =         UNLOCK_GUIDE
12-24 22:33:15.273 D/KeyguardSecIndicationPolicy( 4743):  remove Item pos = DEFAULT, type =         UNLOCK_GUIDE
12-24 22:33:15.274 V/WifiAwareStateManager( 2812): WaitState{ when=-18ms what=1 arg1=120 target=com.android.wifi.x.com.android.internal.util.StateMachine$SmHandler }
12-24 22:33:15.274 V/WifiAwareStateManager( 2812): processCommand: msg={ when=-18ms what=1 arg1=120 target=com.android.wifi.x.com.android.internal.util.StateMachine$SmHandler }
12-24 22:33:15.274 V/WifiAwareStateManager( 2812): reconfigureLocal(): transactionId=529
12-24 22:33:15.274 I/Unihal  ( 1986): UniHalPlusMediator.cpp: Initialize: 326: Device:0xb400007334bcc2a0: X
12-24 22:33:15.275 W/ContextImpl( 7531): Calling a method in the system process without a qualified user: android.app.ContextImpl.startService:2068 android.content.ContextWrapper.startService:872 android.content.ContextWrapper.startService:872 com.sec.android.diagmonagent.sa.receiver.CFLogReceiver.onReceive:56 android.app.ActivityThread.handleReceiver:5663 
12-24 22:33:15.275 I/bt_shim_scanner( 4972): system/main/shim/le_scanning_manager.cc:135 RegisterScanner: in shim layer, UUID=f78dab16-8bed-4dff-a645-bc2fb38a5cf6
12-24 22:33:15.275 W/bluetooth( 4972): system/gd/hci/le_scanning_manager.cc:650 register_scanner: register_scanner
12-24 22:33:15.276 I/ActivityManager( 2812): Changes in 10109 10 to 10, 0 to 128
12-24 22:33:15.277 I/NearbyDiscovery(18268): (REDACTED) ApFastPairScanner: isScreenOn=%s, isLocationEnabled=%s, disableLocationRequirement=%s, isDiscoveryScanningEnabled=%s, during24GhzWifiWarmingUpPeriod=%s
12-24 22:33:15.279 I/SurfaceFlinger( 2059): destroyed $_28497#49440 form LifecycleManager
12-24 22:33:15.279 I/SurfaceFlinger( 2059): id=49440 onLayerDestroyed from LayerHierarchyBuilder(RequestedLayerState{$_28497#49440 !handle})
12-24 22:33:15.281 D/BluetoothAdapter(18268): isLeEnabled(): ON
12-24 22:33:15.281 I/NearbyDiscovery(18268): (REDACTED) ApFastPairScanner: eventType=%s, intReq=%s, scanning=%s, scanAllowed=%s, bleEnabled=%s, lockScanRate=%s, startScanningByLowPowerMode=%s
12-24 22:33:15.281 I/NearbyDiscovery(18268): FastPairController: onSystemStateChanged: skip due to flag disabled [CONTEXT service_id=265 ]
12-24 22:33:15.281 I/DigitalHorizontalClockView_LOCK_SCREEN_2@528( 4743): updateShadowStyle: shadow : [ShadowStyle: shadowRadius = 5.625, shadowDx = 0.0, shadowDy = 0.0, shadowColor = 1A000000]
12-24 22:33:15.281 I/DigitalHorizontalClockView_LOCK_SCREEN_2@528( 4743): updatePaletteItemTransition : paletteItem = SOLID color : FF3BD2EE, animation = false, dozeAmount = 0.1862091
12-24 22:33:15.281 I/FaceWidgetKeyguardNIOController( 4743): clock dateColor changed #ff3bd2ee
12-24 22:33:15.281 I/NotificationIconsOnlyContainer( 4743): updateIconColor() : FF3BD2EE, 
12-24 22:33:15.281 I/KeyguardClockProvider( 4743): getClockVisibility:0
12-24 22:33:15.281 D/SGGLockStarManager( 4743): isClockAnimationEnable, result null
12-24 22:33:15.281 D/SGGLockStarManager( 4743): isClockAnimationEnable, result null
12-24 22:33:15.281 D/FaceWidgetClockPage( 4743): isNeedToTransition() true
12-24 22:33:15.281 I/NowBarColorModel#25881751( 4743): notifyColorChanged isWhiteWallpaper false darkAmount 0.1862091  darkMode false nowBarMode LOCKSCREEN dozing false
12-24 22:33:15.281 D/MediaExpandStateObserver( 4743): onChanged MediaExpandStateModel(type=NONE, clockY=0.0, clockValidMaxScale=1.0, hasAnimation=true, isDozing=false, darkAmount=0.1862091, isMediaOutput=false)
12-24 22:33:15.281 D/MediaExpandStateObserver( 4743): animateClipContainer NONE NONE
12-24 22:33:15.281 I/SecKeyguardClockPositionAlgorithm( 4743): prepareClockContainerHeightChanging:
12-24 22:33:15.281 I/SecKeyguardClockPositionAlgorithm( 4743): setup() mStatusBarHeight = 84, mDarkAmount = 0.1862091, mHeight = 2340, mFaceWidgetContainerHeight = 274, mCurrentClockType = 2
12-24 22:33:15.282 I/SecKeyguardClockPositionAlgorithm( 4743): run() , stackScrollerPadding=608, isCenterAlignType=true, topMargin=268, clockH=293, keyguardNotificationIconsOnlyY=606, mIsAODPositionApplied=false
12-24 22:33:15.282 I/PluginFaceWidgetManager( 4743): isEditMode = false
12-24 22:33:15.282 I/NowBarItemManager( 4743): getVisibleList isScreenTurnedOn = true / aodShowState false shouldControlScreenOff false visibleList size = 0
12-24 22:33:15.282 I/Layer   ( 2059): id=49440 Destroyed $_28497#49440
12-24 22:33:15.282 I/[MCFDs]_ContinuityBleAdv@1a5b404( 7624): startAdvertiser - md(a)[021861 B1BC6382A20100800B071106 861018505B02AA20F0 179B 341E12D5 ], 432
12-24 22:33:15.282 D/PowerManagerService( 2812): [api] DreamReceiver: onReceive: android.intent.action.DREAMING_STOPPED
12-24 22:33:15.282 I/FaceWidgetViewModel( 4743): onNioViewStateUpdated : alpha 0.6746475, visibility 0
12-24 22:33:15.282 I/EyeComfortSolutionService( 2812): action  :  android.intent.action.TIME_TICK
12-24 22:33:15.282 I/SecKeyguardClockPositionAlgorithm( 4743): prepareClockContainerHeightChanging:
12-24 22:33:15.282 I/SecKeyguardClockPositionAlgorithm( 4743): setup() mStatusBarHeight = 84, mDarkAmount = 0.1862091, mHeight = 2340, mFaceWidgetContainerHeight = 268, mCurrentClockType = 2
12-24 22:33:15.283 I/SecKeyguardClockPositionAlgorithm( 4743): getClockContainerHeight() supplier = 293, bottom margin = 47, real height = 268
12-24 22:33:15.283 I/SecKeyguardClockPositionAlgorithm( 4743): getClockContainerHeight() supplier = 293, bottom margin = 0, real height = 268
12-24 22:33:15.283 I/EyeComfortSolutionService( 2812): Week : Wed , Hour : 22 , Minute : 33 , TimeValue : 1353 , wakeup state, defaultBedTime : 0 , start sleep : -360
12-24 22:33:15.283 I/EyeComfortSolutionService( 2812): currentWakeupStep : 28
12-24 22:33:15.283 I/PluginFaceWidgetManager( 4743): isEditMode = false
12-24 22:33:15.283 I/NowBarItemManager( 4743): getVisibleList isScreenTurnedOn = true / aodShowState false shouldControlScreenOff false visibleList size = 0
12-24 22:33:15.283 I/SecKeyguardClockPositionAlgorithm( 4743): prepareClockContainerHeightChanging:
12-24 22:33:15.283 I/PluginFaceWidgetManager( 4743): isEditMode = false
12-24 22:33:15.283 I/NowBarItemManager( 4743): getVisibleList isScreenTurnedOn = true / aodShowState false shouldControlScreenOff false visibleList size = 0
12-24 22:33:15.283 I/SCH_AidlCameraDeviceSession( 1986): SEH CameraDevice callback extension acquired.
12-24 22:33:15.283 I/SCH_AidlCameraDeviceSession( 1986): SEH Success to set CameraDeviceSession Extention
12-24 22:33:15.284 D/CameraProviderManager( 2463): CameraPerf: openAidlSession X (20ms)
12-24 22:33:15.284 D/AidlCamera3-Device( 2463): CameraPerf: initialize X (20ms)
12-24 22:33:15.284 D/Camera3-Device( 2463): CameraPerf: initializeCommonLocked: E
12-24 22:33:15.284 I/Camera3-Status( 2463): addComponent: Adding new component 0 - InflightRequests
12-24 22:33:15.285 I/Camera3-Status( 2463): addComponent: Adding new component 1 - RequestThread
12-24 22:33:15.285 I/Camera3-Device( 2463): setCameraMute, enabled = false, supported = true
12-24 22:33:15.285 D/Camera3-Device( 2463): initializeCommonLocked mTimestampOffset = 19256393955003ns.
12-24 22:33:15.285 D/Camera3-Device( 2463): CameraPerf: initializeCommonLocked: X (0ms)
12-24 22:33:15.285 E/Camera2-FrameProcessorBase( 2463): FrameProcessorBase: created
12-24 22:33:15.285 E/Camera2-FrameProcessorBase( 2463): registerListener: Registering listener for frame id range 0 - 2147483647
12-24 22:33:15.286 I/CameraService( 2463): connectHelper: overrideCameraMuteMode = false, isCameraPrivacyEnabled = false
12-24 22:33:15.286 I/Camera3-Device( 2463): setCameraMute, enabled = false, supported = true
12-24 22:33:15.286 I/CameraService( 2463): CameraService::finishConnectLocked E
12-24 22:33:15.286 I/CameraService( 2463): wouldEvictLocked: [incoming client] owner = 17044, priority-score=990, cost=51, returnIncompatibleClients=false
12-24 22:33:15.286 I/CameraService( 2463): wouldEvictLocked: [cost info] current cost=0, adding cost=51, total cost=51, max cost=100
12-24 22:33:15.286 I/CameraService( 2463): wouldEvictLocked: [highestPriority] owner=17044, score=990
12-24 22:33:15.286 I/CameraService( 2463): addAndEvict: push the client(owner 17044, priorityScore 990, state 0) to mClients
12-24 22:33:15.286 I/CameraService( 2463): CameraService::finishConnectLocked X
12-24 22:33:15.286 I/CameraDeviceClient( 2463): notifyAppPackageName
12-24 22:33:15.286 D/AidlCamera3-Device( 2463): CameraPerf: setParameters E
12-24 22:33:15.286 I/Unihal  ( 1986): UniHal3InterfaceEntry.cpp: uni_set_parameters: 483: set_parameters : pkgName=com.samsung.android.smartface;
12-24 22:33:15.287 D/AidlCamera3-Device( 2463): CameraPerf: setParameters X (0ms)
12-24 22:33:15.287 I/CameraService( 2463): Notified package name to HAL.
12-24 22:33:15.287 I/CameraServiceProxyWrapper( 2463): updateProxyDeviceState: notifyCameraState for Camera ID 1, newState 0, facing 1, clientName com.samsung.android.smartface, apiLevel 2
12-24 22:33:15.287 D/SatelliteController( 4968): registerForSatelliteModemStateChanged: add Listeners for ModemState
12-24 22:33:15.287 E/SatelliteController( 4968): registerForSatelliteModemStateChanged: mSatelliteSessionController is not initialized yet
12-24 22:33:15.287 I/AudioManager( 2812): setParameters keyValuePairs = cameraFacing=front
12-24 22:33:15.287 I/CameraManagerGlobal( 2812): Camera 1 facing CAMERA_FACING_FRONT state now CAMERA_STATE_OPEN for client com.samsung.android.smartface API Level 2 User Id 0Device Id 0
12-24 22:33:15.287 I/CameraManagerGlobal(18092): Camera 1 facing CAMERA_FACING_FRONT state now CAMERA_STATE_OPEN for client com.samsung.android.smartface API Level 2 User Id 0Device Id 0
12-24 22:33:15.287 I/CameraManagerGlobal( 2812): onCameraDeviceStateChangedLocked: post device state update
12-24 22:33:15.287 I/CameraManagerGlobal( 2812): onCameraDeviceStateChangedLocked: post device state update
12-24 22:33:15.287 I/CameraManagerGlobal(31939): Camera 1 facing CAMERA_FACING_FRONT state now CAMERA_STATE_OPEN for client com.samsung.android.smartface API Level 2 User Id 0Device Id 0
12-24 22:33:15.287 I/CameraManagerGlobal(23820): Camera 1 facing CAMERA_FACING_FRONT state now CAMERA_STATE_OPEN for client com.samsung.android.smartface API Level 2 User Id 0Device Id 0
12-24 22:33:15.287 I/CameraManagerGlobal(30581): Camera 1 facing CAMERA_FACING_FRONT state now CAMERA_STATE_OPEN for client com.samsung.android.smartface API Level 2 User Id 0Device Id 0
12-24 22:33:15.287 I/CameraManagerGlobal(21108): Camera 1 facing CAMERA_FACING_FRONT state now CAMERA_STATE_OPEN for client com.samsung.android.smartface API Level 2 User Id 0Device Id 0
12-24 22:33:15.287 I/CameraManagerGlobal( 4743): Camera 1 facing CAMERA_FACING_FRONT state now CAMERA_STATE_OPEN for client com.samsung.android.smartface API Level 2 User Id 0Device Id 0
12-24 22:33:15.287 I/CameraManagerGlobal( 4743): onCameraDeviceStateChangedLocked: post device state update
12-24 22:33:15.288 I/CameraManagerGlobal( 4743): onCameraDeviceStateChangedLocked: post device state update
12-24 22:33:15.288 I/CHI     ( 1986): [SS_LOW ]: [CHI_FAST_AEC]: chxextensionmodule.cpp: ChxFastAecRunUseCase: 18314: [CAMKPI] FastAecThread: E
12-24 22:33:15.288 I/CHI     ( 1986): [SS_LOW ]: [CHI_FAST_AEC]: chxextensionmodule.cpp: ChxFastAecConfigureStreams: 18346: [CAMKPI] ChxFastAecConfigureStreams: E
12-24 22:33:15.288 I/CameraManagerGlobal(23582): Camera 1 facing CAMERA_FACING_FRONT state now CAMERA_STATE_OPEN for client com.samsung.android.smartface API Level 2 User Id 0Device Id 0
12-24 22:33:15.288 I/CHI     ( 1986): [SS_INFO]: [SS_LOG_LEVEL]: 1, [DEVELOPER_LOG_LEVEL]: 0
12-24 22:33:15.288 I/CHI     ( 1986): [SS_LOW ]: [CHI         ]: chxusecaseutils.cpp: SecGetMatchingUsecase: 8164: use samsug camera = 0, use factoy camera = 0, use shooting mode = 0 = numPhysicalCameras = 1
12-24 22:33:15.288 I/CameraManagerGlobal( 7550): Camera 1 facing CAMERA_FACING_FRONT state now CAMERA_STATE_OPEN for client com.samsung.android.smartface API Level 2 User Id 0Device Id 0
12-24 22:33:15.288 I/CameraManagerGlobal( 7550): onCameraDeviceStateChangedLocked: post device state update
12-24 22:33:15.288 I/CameraManagerGlobal( 7550): onCameraDeviceStateChangedLocked: post device state update
12-24 22:33:15.288 I/CameraManagerGlobal(19807): Camera 1 facing CAMERA_FACING_FRONT state now CAMERA_STATE_OPEN for client com.samsung.android.smartface API Level 2 User Id 0Device Id 0
12-24 22:33:15.288 I/CameraManagerGlobal( 7534): Camera 1 facing CAMERA_FACING_FRONT state now CAMERA_STATE_OPEN for client com.samsung.android.smartface API Level 2 User Id 0Device Id 0
12-24 22:33:15.288 D/AudioFlinger( 2029): setParameters: filtered dev setParameters keyvalue cameraFacing=front
12-24 22:33:15.288 D/SemWifiCoexManager( 2812): onCameraDeviceStateChanged:  cameraId=1 facing=1 newCameraState=0 clientName=com.samsung.android.smartface
12-24 22:33:15.288 I/CHI     ( 1986): [SS_LOW ]: [CHI         ]: chxextensionmodule.cpp: ExecuteMemBoost: 27603: Set MemBoost(2) by 1
12-24 22:33:15.288 I/EadCameraController( 7534): onCameraDeviceStateChanged:  cameraId=1 facing=1 newCameraState=0 clientName=com.samsung.android.smartface
12-24 22:33:15.288 I/CHI     ( 1986): [SS_LOW ]: [CHI         ]: chxextensionmodule.cpp: ExecuteMemBoost: 27616: Set MemBoostRbin(2) by 1
12-24 22:33:15.288 I/CameraManagerGlobal(17044): Camera 1 facing CAMERA_FACING_FRONT state now CAMERA_STATE_OPEN for client com.samsung.android.smartface API Level 2 User Id 0Device Id 0
12-24 22:33:15.288 I/CHI     ( 1986): [SS_LOW ]: [CHI         ]: chxusecaseutils.cpp: SecGetMatchingUsecase: 8462: Matching Usecase id = SecFastAec
12-24 22:33:15.288 I/CameraManagerGlobal(15033): Camera 1 facing CAMERA_FACING_FRONT state now CAMERA_STATE_OPEN for client com.samsung.android.smartface API Level 2 User Id 0Device Id 0
12-24 22:33:15.288 I/RequestInjectorService( 2812): Samsung Camera is opened. ignore VT Camera Setting.
12-24 22:33:15.288 I/CHI     ( 1986): [SS_LOW ]: [CHI         ]: chxusecaseutils.cpp: SecGetMatchingUsecase: 8164: use samsug camera = 0, use factoy camera = 0, use shooting mode = 0 = numPhysicalCameras = 1
12-24 22:33:15.288 I/CHI     ( 1986): [SS_LOW ]: [CHI         ]: chxextensionmodule.cpp: ExecuteMemBoost: 27603: Set MemBoost(2) by 1
12-24 22:33:15.288 I/CHI     ( 1986): [SS_LOW ]: [CHI         ]: chxextensionmodule.cpp: ExecuteMemBoost: 27616: Set MemBoostRbin(2) by 1
12-24 22:33:15.288 I/CHI     ( 1986): [SS_LOW ]: [CHI         ]: chxusecaseutils.cpp: SecGetMatchingUsecase: 8462: Matching Usecase id = SecFastAec
12-24 22:33:15.288 I/CHI     ( 1986): [SS_LOW ]: [CHI         ]: chxsecadaptiveperf.cpp: GetAdaptivePowerLevel: 345: loadAvgFloat : 6.570000, loadAvgProcess : 49, AvailableMemory : 2696696
12-24 22:33:15.288 I/CHI     ( 1986): [SS_LOW ]: [CHI         ]: chxsecadaptiveperf.cpp: AcquireHyperVIntOverLimit: 154: AcquireHyperVIntOverLimit : overlimit[3302400], cpuMinLimit[3302400], duration[3000]
12-24 22:33:15.288 I/CameraManagerGlobal( 7624): Camera 1 facing CAMERA_FACING_FRONT state now CAMERA_STATE_OPEN for client com.samsung.android.smartface API Level 2 User Id 0Device Id 0
