12-24 22:33:15.125 I/VRI[AssetBrowserActivity]@d2b900a(17215): onDisplayChanged oldDisplayState=4 newDisplayState=2
12-24 22:33:15.125 I/EventReceiver_FLP( 5340): BroadcastReceiver : ACTION_SCREEN_ON
12-24 22:33:15.125 I/EventReceiver_FLP( 5340): BroadcastReceiver finished
12-24 22:33:15.125 D/AS.DesktopModeHelper( 2812): onDisplayChanged: #Id=0
12-24 22:33:15.125 D/SensorManager( 2812): registerListener :: 11, lsm6dsv LSM6DSV Accelerometer Non-wakeup, 200000, 0, com.samsung.android.gesture.PocketMotionManager$1@ab7af8c
12-24 22:33:15.125 D/PocketMotionManager( 2812): register acc sensor
12-24 22:33:15.125 I/SettingManager_FLP( 5340): LocationPowerSave is changed to false by screen state
12-24 22:33:15.125 D/SemContextService( 2812): lock : registerCallback
12-24 22:33:15.126 D/SemContextService( 2812): 	.registerCallback : 12, client= android
12-24 22:33:15.126 D/SemContextService( 2812): unlock : registerCallback
12-24 22:33:15.126 D/SemContextManager( 2812):   .registerListener : listener = com.samsung.android.gesture.PocketMotionManager@9f4369f, service=Activity Tracker
12-24 22:33:15.126 E/PocketMotionManager( 2812): register activity tracker
12-24 22:33:15.126 D/SemContextService( 2812): lock : requestToUpdate
12-24 22:33:15.126 I/VRI[]@6cc0c70(28497): onDisplayChanged oldDisplayState=4 newDisplayState=2
12-24 22:33:15.127 I/VRI[]@1d1df21(28497): onDisplayChanged oldDisplayState=4 newDisplayState=2
12-24 22:33:15.127 D/PerProcessNandswap$NandswapHandler( 2812): nandswap end for non-activity com.samsung.android.networkdiagnostic(pid 4725) ret:18267455488 adj:925
12-24 22:33:15.127 I/VRI[]@d715aa3(28497): onDisplayChanged oldDisplayState=4 newDisplayState=2
12-24 22:33:15.127 I/VRI[]@706012a(28497): onDisplayChanged oldDisplayState=4 newDisplayState=2
12-24 22:33:15.127 I/NearbyDiscovery(18268): (REDACTED) FastPairDisplayObserver: %s -> %s
12-24 22:33:15.128 D/NfcService( 5022): handleMessage: MSG_APPLY_SCREEN_STATEON_LOCKED
12-24 22:33:15.128 D/[NFC_SE]SamsungExtension( 5022): onLogEventNotified() item:[mCommandApdus: [mResponseApdus: , mCallingApi= 0, mAction= 518, mCallingPId = 0, mRfFieldOnTime= null
12-24 22:33:15.128 D/[NFC_SE]NfcOemLogHelper( 5022): reportLogEvent = [mCommandApdus: [mResponseApdus: , mCallingApi= 0, mAction= 518, mCallingPId = 0, mRfFieldOnTime= null
12-24 22:33:15.128 D/[NFC_SE]NfcOemLogHelper( 5022): try to send FLD_ERROR
12-24 22:33:15.128 D/[NFC_SE]NfcOemLogHelper( 5022): RF Field is disabled
12-24 22:33:15.128 I/SDM     ( 1978): DisplayBase::WaitForCompletion: Cached retire fence is in ready state
12-24 22:33:15.128 I/SDM     ( 1978): DisplayBase::GetPendingDisplayState: pending_power_state 2 for display 68-0
12-24 22:33:15.128 I/VSyncReactor( 2059): Current= 60, Period= 30, hwcPeriod= 60
12-24 22:33:15.129 I/AODBottomUIContainer( 4743): getCalculatedBottomLimit: [keep : 2340]
12-24 22:33:15.129 I/FaceWidgetPositionControllerImpl[PortClock]( 4743): updatePositionIfNeeded contentWidth=1080 contentHeight=293 contentStart=220 contentBottom=740 contentEnd=830 musicHeight=0 nioBottom= 740, contentLocation=[-15, 328] isLandscape=false
12-24 22:33:15.129 I/AODFaceWidgetManager( 4743): getLockClockGravity: clip layout gravity = 17
12-24 22:33:15.129 D/libnfc_nci( 5022): nfcManager_doSetScreenState: state = 4 prevScreenState= 2, discovry_param = 1
12-24 22:33:15.129 I/AODUiController( 4743): updatePosition: isPositionChanged:false,isOffsetChanged:false
12-24 22:33:15.129 I/SecKeyguardClockPositionAlgorithm( 4743): prepareClockContainerHeightChanging:
12-24 22:33:15.129 W/CAE     ( 2812): getContextInfo(ContextAwareService.java:419) - [getContext 01] Mutex is locked for ACTIVITY_TRACKER_CURRENT_INFO
12-24 22:33:15.129 W/CAE     ( 2812): getListener(ListenerListManager.java:127) - [getListener1]  com.samsung.android.contextaware.ContextAwareManager$CaListenerDelegate@202410
12-24 22:33:15.129 W/CAE     ( 2812): getListener(ListenerListManager.java:128) - [getListener2]  com.samsung.android.contextaware.manager.ContextAwareService$Listener@9d090d3
12-24 22:33:15.129 D/SV[37956462 Shell$HomeActivity](22853): updateSurface: surface is not valid
12-24 22:33:15.129 I/PluginFaceWidgetManager( 4743): isEditMode = false
12-24 22:33:15.129 D/SensorService( 2812): setSContextDataLocked ints length 2 , byte length 4
12-24 22:33:15.129 D/SensorService( 2812): setSContextDataLocked d10db4
12-24 22:33:15.129 I/NowBarItemManager( 4743): getVisibleList isScreenTurnedOn = true / aodShowState true shouldControlScreenOff false visibleList size = 0
12-24 22:33:15.129 I/SV[37956462 Shell$HomeActivity](22853): releaseSurfaces: viewRoot = VRI[Shell$HomeActivity]@ed676cd
12-24 22:33:15.129 D/VRI[Shell$HomeActivity]@ed676cd(22853): applyTransactionOnDraw applyImmediately
12-24 22:33:15.129 D/SV[247299996 ](28497): updateSurface: surface is not valid
12-24 22:33:15.129 I/SV[247299996 ](28497): releaseSurfaces: viewRoot = VRI[]@1d1df21
12-24 22:33:15.129 D/SemWifiApAdvancedAutohotspotService( 2812): prev history :10
12-24 22:33:15.129 D/VRI[]@1d1df21(28497): applyTransactionOnDraw applyImmediately
12-24 22:33:15.130 D/SemWifiApSmartGattClient( 2812): mHotspotVersion value : 0
12-24 22:33:15.130 D/SV[78514124 ](28497): updateSurface: surface is not valid
12-24 22:33:15.130 I/SV[78514124 ](28497): releaseSurfaces: viewRoot = VRI[]@706012a
12-24 22:33:15.130 D/VRI[]@706012a(28497): applyTransactionOnDraw applyImmediately
12-24 22:33:15.130 I/SecKeyguardClockPositionAlgorithm( 4743): prepareClockContainerHeightChanging:
12-24 22:33:15.130 V/CAE     ( 2812): enable(ActivityTrackerCurrentInfoRunner.java:178)
12-24 22:33:15.130 I/PluginFaceWidgetManager( 4743): isEditMode = false
12-24 22:33:15.130 I/NowBarItemManager( 4743): getVisibleList isScreenTurnedOn = true / aodShowState true shouldControlScreenOff false visibleList size = 0
12-24 22:33:15.130 I/SemMdnieManagerService( 2812): AOD_SHOW_STATE_SETTINGS onChange. mAlwaysOnDisplayEnabled : false , mDisplayOn : true , mDisplayState : 2
12-24 22:33:15.130 V/CAE     ( 2812): clear(ActivityTrackerCurrentInfoRunner.java:202)
12-24 22:33:15.130 I/AODSettingsHelper( 7319): onChange() COMPLETED elapsed= 1
12-24 22:33:15.130 I/sensors-hal( 1948): inject_sensor_data:407, handle 1502 send inject
12-24 22:33:15.130 I/sensors-hal( 1948): sendContextData:290, sensor hal 4, (0xb4, 0xd, 0xd1, 0x0)
12-24 22:33:15.130 I/sensors-hal( 1948): sendContextData:230, activities 4 b4, 1
12-24 22:33:15.130 I/sensors-hal( 1948): sendUserData:251, Activities cmd 0xb4 0xd
12-24 22:33:15.130 I/sensors-hal( 1948): sendUserData:260, Activities LCD on
12-24 22:33:15.130 I/SemWifiApAdvancedAutohotspotService( 2812): getAdvnacedConnectionSetting() : 1
12-24 22:33:15.130 I/SemWifiApAdvancedAutohotspotService( 2812): Never option is chosen
12-24 22:33:15.130 I/sensors-hal( 1948): create_send_context_data:80, sending create_send_context_data
12-24 22:33:15.130 I/sensors-hal( 1948): send_context_data:694, activities, 4914309220830019584, 1320970896291267344, msgid:700
12-24 22:33:15.131 I/sensors-hal( 1948): sendContextData:114, common_info 4
12-24 22:33:15.131 I/sensors-hal( 1948): sendUserData:135, CommonInfo 0xb4 0xd 0xd1 0x0, 16143451948922734592
12-24 22:33:15.131 I/sensors-hal( 1948): create_send_context_data:70, sending create_send_context_data
12-24 22:33:15.131 I/sensors-hal( 1948): send_context_data:694, common_info, 4914309147815575552, 1320970896291267344, msgid:700
12-24 22:33:15.131 I/M0      ( 7550): limitCPUFreq:: freq = -1
12-24 22:33:15.131 D/NxpGenExtn( 5022): vendor_nfc_handle_event Enter eventCode:11
12-24 22:33:15.131 D/NxpGenExtn( 5022): phNxpExtn_HandleVendorNciMsg Not vendor specific command!!
12-24 22:33:15.131 I/NxpGenExtn( 5022): phNxpExtn_Write NCI datalen:4
12-24 22:33:15.131 I/NxpGenExtn( 5022): processExtnWrite Enter dataLen:4
12-24 22:33:15.131 I/NxpPropExtn( 5022): phNxpProp_ProcessExtnWrite PropExtensionController Enter dataLen:4
12-24 22:33:15.131 I/NxpPropExtn( 5022): processExtnWrite Enter
12-24 22:33:15.131 D/NxpPropExtn( 5022): NciStateMonitor processExtnWrite Enter
12-24 22:33:15.131 D/NxpPropExtn( 5022): processExtnWrite Enter current screen state is:2,nciNtf.back():2
12-24 22:33:15.131 D/NxpPropExtn( 5022): resendRequired, resend required
12-24 22:33:15.131 D/NxpGenExtn( 5022): write Enter wLength:4
12-24 22:33:15.131 D/SV[215526312 MainActivity](18684): updateSurface: surface is not valid
12-24 22:33:15.131 I/SV[215526312 MainActivity](18684): releaseSurfaces: viewRoot = VRI[MainActivity]@a198084
12-24 22:33:15.131 D/VRI[MainActivity]@a198084(18684): applyTransactionOnDraw applyImmediately
12-24 22:33:15.131 D/NxpGenExtn( 5022): palenQueueWrite Enter wLength:4
12-24 22:33:15.131 D/VRI[NavigationBar0]@a1e7fe1( 4743): Resumed drawing after screen turned on
12-24 22:33:15.131 D/BackgroundInstallControlService( 2812): Package event received: 0
12-24 22:33:15.131 I/VRI[NavigationBar0]@a1e7fe1( 4743): registerCallbackForPendingTransactions
12-24 22:33:15.131 D/NavBarStateManager( 4743): NavBarStates(0) canUseNavBarBackgroundFrame: false
12-24 22:33:15.132 I/sensors-hal( 1948): qsh_conn_resp_cb:930, resp_value = 0 for activities 
12-24 22:33:15.132 I/sensors-hal( 1948): qsh_conn_resp_cb:930, resp_value = 0 for common_info 
12-24 22:33:15.132 D/NxpGenExtn( 5022): enQueueWriteInternal Enter wLength:4
12-24 22:33:15.132 I/android.hardware.nfc-service.nxp( 2456): write
12-24 22:33:15.132 D/BackgroundInstallControlService( 2812): Package event received: 0
12-24 22:33:15.133 I/SSC_DAEMON( 2026): handleSensorTestReqMsg:85, Sensor type :4, Msg type:15
12-24 22:33:15.133 W/android.system.suspend-service( 1229): getWakeLockStats -
12-24 22:33:15.133 I/VRI[NavigationBar0]@a1e7fe1( 4743): mWNT: t=0xb4000075fe7cdd50 mBlastBufferQueue=0xb40000775e6aea10 fn= 38946 HdrRenderState mRenderHdrSdrRatio=1.0 caller= android.view.ViewRootImpl$10.onFrameDraw:6536 android.view.ViewRootImpl$4.onFrameDraw:2489 android.view.ThreadedRenderer$1.onFrameDraw:718 
12-24 22:33:15.133 I/SSC_DAEMON( 2026): physicalSensorTestReqMsg:130, s:4, m:15
12-24 22:33:15.133 W/KeyguardSecurityViewFlipper( 4743): onMeasure: widthSpec MeasureSpec: EXACTLY 1080 should be AT_MOST
12-24 22:33:15.133 W/KeyguardSecurityViewFlipper( 4743): onMeasure: heightSpec MeasureSpec: EXACTLY 2205 should be AT_MOST
12-24 22:33:15.133 W/KeyguardSecurityViewFlipper( 4743): onMeasure: widthSpec MeasureSpec: EXACTLY 1080 should be AT_MOST
12-24 22:33:15.133 W/KeyguardSecurityViewFlipper( 4743): onMeasure: heightSpec MeasureSpec: EXACTLY 2205 should be AT_MOST
12-24 22:33:15.133 I/bt_shim_scanner( 4972): system/main/shim/le_scanning_manager.cc:197 ScanFilterParamSetup: in shim layer, clientIf=1
12-24 22:33:15.133 D/NavigationBar( 4743): setImeWindowStatus displayId=0 vis=0 backDisposition=0 showImeSwitcher=false isImeVisible=false
12-24 22:33:15.135 D/vendor.qti.bluetooth@1.1-ibs_handler( 1941): SerialClockVote: vote for UART CLK ON
12-24 22:33:15.135 D/AppController( 4743): screen_on : action = android.intent.action.SCREEN_ON
12-24 22:33:15.135 D/AppController( 4743): screen_on : regist SensorManager 
12-24 22:33:15.135 E/ScanManager( 4972): [GSIM LOG]: gsimLogHandler, msg: MESSAGE_SCAN_STOP, appName: android, scannerId: 1, reportDelayMillis=0
12-24 22:33:15.136 I/ScanManager( 4972): handleScreenOn()
12-24 22:33:15.136 D/BackgroundInstallControlService( 2812): Package event received: 0
12-24 22:33:15.136 D/BackgroundInstallControlService( 2812): Package event received: 0
12-24 22:33:15.136 D/BackgroundInstallControlService( 2812): Package event received: 0
12-24 22:33:15.136 D/BackgroundInstallControlService( 2812): Package event received: 0
12-24 22:33:15.136 D/PhoneInterfaceManager( 4968): setDataEnabledForReason() Reason=1 Pid=2812 App=system
12-24 22:33:15.136 I/SemMdnieManagerService( 2812): DDI setNightMode : true, index : 71, str : (1 71)
12-24 22:33:15.136 I/health-service( 1987): [api] update() (u:1000 p:2812)
12-24 22:33:15.136 I/health-service( 1987): [api] getHealthInfo() (u:1000 p:2812)
12-24 22:33:15.136 D/BackgroundInstallControlService( 2812): Package event received: 0
12-24 22:33:15.136 I/NearbyDiscovery(18268): (REDACTED) PureOffloadFastPairScanner: eventType=%s, isInternalReq=%s, isScanning=%s, isScanningAllowed=%s
12-24 22:33:15.136 W/ContextImpl( 7531): Calling a method in the system process without a qualified user: android.app.ContextImpl.startService:2068 android.content.ContextWrapper.startService:872 android.content.ContextWrapper.startService:872 com.sec.android.diagmonagent.sa.receiver.CFLogReceiver.onReceive:56 android.app.ActivityThread.handleReceiver:5663 
12-24 22:33:15.137 I/EPDG -- SIM0 [EpdgIntentReceiver:Main]( 5572): received: android.intent.action.SCREEN_ON
12-24 22:33:15.137 I/EPDG -- SIM0 [EpdgIntentReceiver:Main]( 5572): complete: android.intent.action.SCREEN_ON
12-24 22:33:15.137 I/EPDG -- SIM0 [EpdgHandler]( 5572): Event received: SCREEN_ON cid - 0
12-24 22:33:15.137 I/EPDG -- SIM0 [EpdgSubscription]( 5572): getIsScreenOn: returning: true
12-24 22:33:15.137 I/EPDG -- SIM0 [EpdgServerSelection]( 5572): isEpdgServerDnsValid(): returning resulttrue
12-24 22:33:15.137 I/EPDG -- SIM0 [EpdgSubscription]( 5572): isPdnConnectedOverWifi: returning result: true for apnType: ims
12-24 22:33:15.137 I/EPDG -- SIM0 [SMARTWIFI]( 5572): isProfiling, hash=130167218, started=true
12-24 22:33:15.138 D/vendor.qti.bluetooth@1.1-wake_lock( 1941): Acquire wakelock is acquired 
12-24 22:33:15.138 I/vendor.qti.bluetooth@1.1-ibs_handler( 1941): DeviceWakeUp: Writing IBS_WAKE_IND
12-24 22:33:15.138 D/BackgroundInstallControlService( 2812): Package event received: 0
12-24 22:33:15.138 D/BackgroundInstallControlService( 2812): Package event received: 0
12-24 22:33:15.138 D/BackgroundInstallControlService( 2812): Package event received: 0
12-24 22:33:15.138 D/SemNativeCarrierFeature_vendor( 9673): getInstance
12-24 22:33:15.138 I/EPDG -- SIM0 [SMARTWIFI]( 5572): Rssi : -40 highrange : -71 lowrange : -80 mIsRssiInHystersis : false
12-24 22:33:15.138 I/SSC_DAEMON( 2026): light_event_log:188, light_msg(4/15): lcd on - 12,-1,-1,13
12-24 22:33:15.138 D/SecQuickSettingsAffordanceInteractor( 4743): isEnabled: SecPanelSplitHelper.isEnabled is false
12-24 22:33:15.138 D/DisplayLifecycle( 4743): updateDisplay id = 0
12-24 22:33:15.138 I/Keyguard.AODTouchModeManager( 4743): onDisplayChanged newDisplayState=2, currentDisplayState=4, displayId=0
12-24 22:33:15.139 D/BackgroundInstallControlService( 2812): Package event received: 0
12-24 22:33:15.139 I/SSC_DAEMON( 2026): handleSensorTestReqMsg:85, Sensor type :13, Msg type:15
12-24 22:33:15.139 I/SSC_DAEMON( 2026): physicalSensorTestReqMsg:162, 0.algo_id:20, num:1
12-24 22:33:15.139 I/AODTriggers( 4743): onAODEventDispatched = 4 / eventData = aod.e0@d1ea5db
12-24 22:33:15.139 I/AOD_LIVE_CLOCK@LiveClockController( 4743): updateDisplayState: DISPLAY_STATE_ON
12-24 22:33:15.139 D/KNOX_MDM_SettingsProvider( 2812): isChangeAllowed() : name = aod_show_state
12-24 22:33:15.139 I/SSC_DAEMON( 2026): pocketModeOptionDefineEvent:23, 2
12-24 22:33:15.139 D/KNOX_MDM_SettingsProvider( 2812): edmUri: content://com.sec.knox.provider/RestrictionPolicy3
12-24 22:33:15.139 D/KNOX_MDM_SettingsProvider( 2812): projectionArgs: isSettingsChangesAllowed
12-24 22:33:15.139 D/KNOX_MDM_SettingsProvider( 2812): selectionArgs: false
12-24 22:33:15.139 D/KNOX_MDM_SettingsProvider( 2812): selectionArgs: 10049
12-24 22:33:15.139 D/SecContentProvider( 2812): query(), uri = 17 selection = isSettingsChangesAllowed
12-24 22:33:15.139 D/SecContentProvider( 2812): called from android.uid.systemui:10049
12-24 22:33:15.139 D/RestrictionPolicy( 2812): isSettingsChangesAllowedAsUser, userId 0 : true
12-24 22:33:15.139 D/KNOX_MDM_SettingsProvider( 2812): ret = 1
12-24 22:33:15.139 I/sensors-hal( 1948): qsh_conn_event_cb:890, event[0] sensor:Pocket mode  Wakeup, msg_id=715, ts=3097310741400
12-24 22:33:15.140 I/NearbyDiscovery(18268): (REDACTED) ApFastPairScanner: isScreenOn=%s, isLocationEnabled=%s, disableLocationRequirement=%s, isDiscoveryScanningEnabled=%s, during24GhzWifiWarmingUpPeriod=%s
12-24 22:33:15.140 E/libprotobuf-native( 1948): [libprotobuf ERROR external/protobuf/src/google/protobuf/message_lite.cc:133] Can't parse message of type "sns_std_sensor_event" because it is missing required fields: (cannot determine missing fields for lite message)
12-24 22:33:15.140 D/SensorService( 2812): setSContextDataLocked ints length 2 , byte length 4
12-24 22:33:15.140 D/SensorService( 2812): setSContextDataLocked 11ab8
12-24 22:33:15.140 D/SettingsProvider( 2812): PUT_ret(/system/aod_show_state), callingPackage:com.android.systemui
12-24 22:33:15.140 W/AODSettingsHelper( 4743): setAODShowState  AOD shown(AODShowState)? false
12-24 22:33:15.140 I/sensors-hal( 1948): inject_sensor_data:407, handle 1502 send inject
12-24 22:33:15.140 I/sensors-hal( 1948): sendContextData:290, sensor hal 4, (0xb8, 0x1a, 0x1, 0x0)
12-24 22:33:15.140 I/sensors-hal( 1948): sendContextData:230, activities 4 b8, 1
12-24 22:33:15.140 I/sensors-hal( 1948): sendUserData:251, Activities cmd 0xb8 0x1a
12-24 22:33:15.140 I/sensors-hal( 1948): create_send_context_data:80, sending create_send_context_data
12-24 22:33:15.140 I/sensors-hal( 1948): send_context_data:694, activities, 4914309220830019584, 1320970896291267344, msgid:700
12-24 22:33:15.140 D/QSClockBellTower( 4743): He is ready to ring the bell. (((QSClockBellSound - TimeText:10:33, TimeContentDescription:10:33 PM, DateText:Wed, December 24, ShortDateText:Wed, Dec 24, Demo:false)))
12-24 22:33:15.140 I/sensors-hal( 1948): qsh_conn_resp_cb:930, resp_value = 0 for activities 
12-24 22:33:15.140 D/QSClock ( 4743): StatusBar clock=10:33 notifyTimeChanged(QSClockBellSound - TimeText:10:33, TimeContentDescription:10:33 PM, DateText:Wed, December 24, ShortDateText:Wed, Dec 24, Demo:false) clockVisibleByPolicy=true, clockVisibleByUser=true, visible=false, parent=android.widget.LinearLayout{5cda3ef V.E...... ......ID 0,0-0,67 #7f0a069b app:id/left_clock_container} caller=com.android.systemui.statusbar.phone.fragment.CollapsedStatusBarFragment.animateHiddenState:96 com.android.systemui.statusbar.phone.fragment.CollapsedStatusBarFragment.updateStatusBarVisibilitiesInner:260 com.android.systemui.statusbar.phone.fragment.CollapsedStatusBarFragment.updateStatusBarVisibilities:65 com.android.systemui.statusbar.phone.fragment.CollapsedStatusBarFragment.disable:71 com.android.systemui.statusbar.CommandQueue$H.handleMessage:2997  
12-24 22:33:15.140 D/QSClockBellTower( 4743): Everyone heard the bell. run(currentTime:1766633595140, getTime():Wed Dec 24 22:33:15 EST 2025, getTimeZone():libcore.util.ZoneInfo[mDstSavings=3600000,mUseDst=true,mDelegate=[id="America/New_York",mRawOffset=-18000000,mEarliestRawOffset=-17762000,transitions=360]])
12-24 22:33:15.140 D/BioUnlock( 4743): onBrightnessChanged isAodBrighterThanNormal=true, displayState=2 brightness=0.8039216 adjustedBrightness=1.3023529
12-24 22:33:15.141 I/VRI[LockscreenShortcutBlur]@16c09b2( 4743): onDisplayChanged oldDisplayState=4 newDisplayState=2
12-24 22:33:15.141 D/BackgroundInstallControlService( 2812): Package event received: 0
12-24 22:33:15.141 D/BackgroundInstallControlService( 2812): Package event received: 0
12-24 22:33:15.141 D/BackgroundInstallControlService( 2812): Package event received: 0
12-24 22:33:15.141 D/BackgroundInstallControlService( 2812): Package event received: 0
12-24 22:33:15.141 D/BackgroundInstallControlService( 2812): Package event received: 0
12-24 22:33:15.141 D/AiAgentEffect( 4743): updateState: State(isGeminiForeground=false, isForeground=false, isPlaying=false, isUsingMicForEffect=false, isFolderOpened=true, isAODShown=false, isDozing=false, isScreenOn=true), vis=false, attached=true, animating=false, showing=false, hiding=false, playing=false
12-24 22:33:15.141 D/CAE     ( 2812): getFaultDetectionResult(ActivityTrackerCurrentInfoRunner.java:214) - true
12-24 22:33:15.141 I/CAE     ( 2812): notifyCmdProcessResultObserver(ContextProvider.java:627) - CheckResult = 0, Cause = Success
12-24 22:33:15.141 W/CAE     ( 2812): getContextInfo(ContextAwareService.java:446) - [getContext 02] Mutex is unlocked for ACTIVITY_TRACKER_CURRENT_INFO
12-24 22:33:15.141 D/SemContextService( 2812):     .requestToUpdate() : service = Activity Tracker
12-24 22:33:15.141 D/SemContextService( 2812): unlock : requestToUpdate
12-24 22:33:15.141 D/SemContextManager( 2812):   .requestToUpdate : listener = com.samsung.android.gesture.PocketMotionManager@9f4369f, service=Activity Tracker
12-24 22:33:15.141 I/VRI[NavigationBar0]@a1e7fe1( 4743): onDisplayChanged oldDisplayState=4 newDisplayState=2
12-24 22:33:15.141 E/PocketMotionManager( 2812): request activity tracker
12-24 22:33:15.141 D/PocketProximityManager( 2812): setStateOut()
12-24 22:33:15.141 D/PocketModeEvent( 2812): register prox type : 3
12-24 22:33:15.141 D/BluetoothAdapter(18268): isLeEnabled(): ON
12-24 22:33:15.141 I/VRI[NotificationShade]@ba703ab( 4743): onDisplayChanged oldDisplayState=4 newDisplayState=2
12-24 22:33:15.141 I/VRI[StatusBar]@7fb7895( 4743): onDisplayChanged oldDisplayState=4 newDisplayState=2
12-24 22:33:15.141 I/NearbyDiscovery(18268): (REDACTED) ApFastPairScanner: eventType=%s, intReq=%s, scanning=%s, scanAllowed=%s, bleEnabled=%s, lockScanRate=%s, startScanningByLowPowerMode=%s
12-24 22:33:15.141 I/VRI[Bouncer]@64eee41( 4743): onDisplayChanged oldDisplayState=4 newDisplayState=2
12-24 22:33:15.141 I/sysinput:aidl( 1990): onReportInformation:93, 1, enabled@2,1:0
12-24 22:33:15.141 I/VRI[AiAgentEffectView]@68d19eb( 4743): onDisplayChanged oldDisplayState=4 newDisplayState=2
12-24 22:33:15.141 D/SecLifecycle( 4743): wakefulness=2
12-24 22:33:15.141 D/FaceWidgetViewModel( 4743): onFinishedWakingUp()
12-24 22:33:15.141 D/FaceWidgetViewModel( 4743): updateInfoParameters(waking up) isAODState = false, clockSidePadding = (0, 0), musicSidePadding = (30, 30)
12-24 22:33:15.142 D/FaceWidgetWakefulnessLifecycle( 4743): onFinishedWakingUp
12-24 22:33:15.142 I/sensors-hal( 1948): qsh_conn_event_cb:890, event[0] sensor:activities  Wakeup, msg_id=1025, ts=3097310785803
12-24 22:33:15.142 I/sensors-hal( 1948): handle_sns_client_event:92, activities_event: msgid:1025
12-24 22:33:15.142 I/sensors-hal( 1948): handle_sns_client_event:102, activities_event index 1 number 1 total 10
12-24 22:33:15.142 I/sensors-hal( 1948): submit_data:155, Activities -0.000003 ts 3097310785803
12-24 22:33:15.142 I/sensors-hal( 1948): set_config:60, sample_period_ns is adjusted to 200000000 based on min/max delay_ns
12-24 22:33:15.142 I/sensors-hal( 1948): batch:363, com.samsung.sensor.light_cct/1511, period=200000000, max_latency=0 request completed
12-24 22:33:15.142 D/SysinputHAL_AIDL( 2812): activate(TSP(1)),2,1 ret=0
12-24 22:33:15.142 I/sysinput:Touch1( 1990): operator():132, 2,1 OK
12-24 22:33:15.142 E/NowBarCardStackView( 4743): getTopCard topCard is null view size = 0
12-24 22:33:15.142 I/SemMdnieManagerService( 2812): AOD_SHOW_STATE_SETTINGS onChange. mAlwaysOnDisplayEnabled : false , mDisplayOn : true , mDisplayState : 2
12-24 22:33:15.142 I/NowBarCardViewModel( 4743): NowBarPackageNameForSALogging topCard = 
12-24 22:33:15.142 D/FaceWidgetViewModel( 4743): shouldContainerVisible() reason = (onFinishedWakingUp) true
12-24 22:33:15.142 D/LockscreenNotificationIconsOnlyController( 4743): mWakefulnessObserver onFinishedWakingUp 
12-24 22:33:15.142 D/DozeServiceHost( 4743): stopDozing
12-24 22:33:15.142 D/DozeServiceHost( 4743): updateDozing dozing = false / dozingRequested = false / state = KEYGUARD mode = 0
12-24 22:33:15.142 I/AODUiController( 4743): setIsDozing dozing:false
12-24 22:33:15.142 I/AODUiController( 4743): detachAODView true
12-24 22:33:15.142 I/AODClockViewModel( 4743): clearAllreason LiveClockManager is not null
12-24 22:33:15.142 I/AODClockViewModel( 4743): setLiveClockVisibility: visible = false / reason = 0 disabled LiveClock
12-24 22:33:15.142 D/BackgroundInstallControlService( 2812): Package event received: 0
12-24 22:33:15.142 I/ChargingInfoManager( 4743): setShowBatteryInfo: false plugged: false
12-24 22:33:15.143 I/ChargingInfoManager( 4743): removeMessages: 
12-24 22:33:15.143 W/AODAlarmTimer_HIDE_CHARGING_INFO_TIMER( 4743): stop : not yet started 
12-24 22:33:15.143 I/ChargingInfoManager( 4743): updateChargingInfo: newState = AOD ChargingInfo [mState=NONE, mIsCharging=false, mIsPlugged=false, mIsFullyCharged=false, mIsBatteryProtectMode=false, mBetteryLevel=16, mBetteryProtectModeType4, mIsSlowChargingfalse], oldState = AOD ChargingInfo [mState=NONE, mIsCharging=false, mIsPlugged=false, mIsFullyCharged=false, mIsBatteryProtectMode=false, mBetteryLevel=16, mBetteryProtectModeType4, mIsSlowChargingfalse]
12-24 22:33:15.143 D/BackgroundInstallControlService( 2812): Package event received: 0
12-24 22:33:15.143 D/FaceWidgetViewModel( 4743): requestAODState() true -> false,  isNeedToTransition = false
12-24 22:33:15.143 I/vendor.qti.bluetooth@1.1-ibs_handler( 1941): ProcessIbsCmd: Received IBS_WAKE_ACK: 0xFC
12-24 22:33:15.143 I/vendor.qti.bluetooth@1.1-ibs_handler( 1941): ProcessIbsCmd: Signal wack_cond_
12-24 22:33:15.143 D/FaceWidgetViewModel( 4743): updateInfoParameters(aod) isAODState = false, clockSidePadding = (0, 0), musicSidePadding = (30, 30)
12-24 22:33:15.143 D/FaceWidgetMusicPageShownManager( 4743): mCurrentMediaData is NULL
12-24 22:33:15.143 D/FaceWidgetMusicPageShownManager( 4743): updateMusicPageShownState() show = false, reattach = false, reason = aod
12-24 22:33:15.143 D/FaceWidgetMusicPageShownManager( 4743): skip to show media panel
12-24 22:33:15.143 D/FaceWidgetViewModel( 4743): updatePageState() >> START >> LockscreenPageState=LOCK_AMBIENT, mReturningPageState=SMALL, mNotiCount=-1, mIsScreenTurnedOn=true, mIsNeedToForceUpdate=false
12-24 22:33:15.143 D/FaceWidgetPagesController( 4743): setPageState() pageState = LOCK_AMBIENT -> SMALL, forceUpdate = false
12-24 22:33:15.143 D/vendor.qti.bluetooth@1.1-ibs_handler( 1941): DeviceWakeUp: Unblocked from waiting for FC, pthread_cond_timedwait ret = 0
12-24 22:33:15.143 D/FaceWidgetClockPage( 4743): setPageState() pageType = SMALL  [ page state :LOCK_AMBIENT, orientation : 1] com.samsung.android.app.facewidget.pages.clock.FaceWidgetClockPage{b973c8 V.E...... ........ 0,0-1080,293 #7f0a21e6 app:id/keyguard_clock_page}
12-24 22:33:15.143 D/BackgroundInstallControlService( 2812): Package event received: 0
12-24 22:33:15.143 I/sensors-hal( 1948): activate:300, com.samsung.sensor.light_cct/1511 en=1
12-24 22:33:15.143 I/sensors-hal( 1948): acquire_qsh_interface:139, acquire_qsh_interface with sensor_id 12 , conn_type 3 
12-24 22:33:15.143 I/sensors-hal( 1948): worker:51, worker(0xb400006fc191ecb0) is created with tid= 28599
12-24 22:33:15.143 I/vendor.qti.bluetooth@1.1-ibs_handler( 1941): ProcessIbsCmd: Received IBS_WAKE_IND: 0xFD
12-24 22:33:15.143 I/vendor.qti.bluetooth@1.1-ibs_handler( 1941): ProcessIbsCmd: Writing IBS_WAKE_ACK
12-24 22:33:15.144 I/SemMdnieManagerService( 2812): DDI setNightMode : true, index : 71, str : (1 71)
12-24 22:33:15.144 I/SysUIResourceUtils( 4743): isKeyguardThemeImageClockEnabled: false
12-24 22:33:15.144 I/FaceWidgetClockRoamManager( 4743): shouldShowDualClock() isRoamingClockEnabled=false, isEasyModeEnabled=false, mIsNetworkRoaming=false
12-24 22:33:15.144 D/BackgroundInstallControlService( 2812): Package event received: 0
12-24 22:33:15.144 D/BackgroundInstallControlService( 2812): Package event received: 0
12-24 22:33:15.144 D/BackgroundInstallControlService( 2812): Package event received: 0
12-24 22:33:15.144 D/BackgroundInstallControlService( 2812): Package event received: 0
12-24 22:33:15.144 D/BackgroundInstallControlService( 2812): Package event received: 0
12-24 22:33:15.144 D/BackgroundInstallControlService( 2812): Package event received: 0
12-24 22:33:15.144 D/BackgroundInstallControlService( 2812): Package event received: 0
12-24 22:33:15.144 D/BackgroundInstallControlService( 2812): Package event received: 0
12-24 22:33:15.144 D/BackgroundInstallControlService( 2812): Package event received: 0
12-24 22:33:15.144 D/BackgroundInstallControlService( 2812): Package event received: 0
12-24 22:33:15.144 D/BackgroundInstallControlService( 2812): Package event received: 0
12-24 22:33:15.144 D/BackgroundInstallControlService( 2812): Package event received: 0
12-24 22:33:15.144 D/BackgroundInstallControlService( 2812): Package event received: 0
12-24 22:33:15.144 D/BackgroundInstallControlService( 2812): Package event received: 0
12-24 22:33:15.144 I/SysUIResourceUtils( 4743): isKeyguardThemeImageClockEnabled: false
12-24 22:33:15.144 I/[MCFDs]_IntentUtil( 7624): emitToConsumer - (SCREEN_STATE) ACTION_ID_SCREEN_ON, consumer size=4
12-24 22:33:15.144 I/[MCFServer]_SubscriberManager( 6433): onReceive - ACTION_ID_SCREEN_ON
12-24 22:33:15.144 D/FaceWidgetClockPage( 4743): getConsideredClockType() , isExpanded=false, isEmergencyMode=false, isMBU=false, isThemeClockEnabled=false, isThemeImageClock=false, shouldShowDualClock=false, shouldShowDefaultClock=false, shouldShowLockThemeClockToAOD=false, aodClockType=2, newClockType=2
12-24 22:33:15.144 I/[MCFServer]_CasterManager( 6433): onReceive - ACTION_ID_SCREEN_ON
12-24 22:33:15.144 I/FaceWidgetViewModel( 4743): onClockTransitionEnded() SMALL, isKeyguardVisible= true
12-24 22:33:15.144 I/KeyguardClockProvider( 4743): getClockVisibility:0
12-24 22:33:15.144 D/FaceWidgetViewModel( 4743): setClipLayoutVisibility() currentState = SMALL setting visibility = 0
12-24 22:33:15.144 I/DigitalHorizontalClockView_LOCK_SCREEN_2@528( 4743): refreshColor: Custom
12-24 22:33:15.144 I/DigitalHorizontalClockView_LOCK_SCREEN_2@528( 4743): updateBaseTargetPaletteItem: base=SOLID color : FF3CD8F5, target=SOLID color : FF32B4CC
12-24 22:33:15.144 I/DigitalHorizontalClockView_LOCK_SCREEN_2@528( 4743): setCustomColorInternal : color = #ff3cd8f5 > #ff32b4cc, mIsWhiteWallpaper = false
12-24 22:33:15.145 I/FaceWidgetKeyguardNIOController( 4743): clock dateColor changed #ff32b4cc
12-24 22:33:15.145 I/NotificationIconsOnlyContainer( 4743): updateIconColor() : FF32B4CC, 
12-24 22:33:15.145 I/KeyguardClockProvider( 4743): getClockVisibility:0
12-24 22:33:15.145 D/SGGLockStarManager( 4743): isClockAnimationEnable, result null
12-24 22:33:15.145 D/SGGLockStarManager( 4743): isClockAnimationEnable, result null
12-24 22:33:15.145 D/FaceWidgetClockPage( 4743): isNeedToTransition() false - blocked by AOD
12-24 22:33:15.145 D/SecKeyguardStatusViewObserver( 4743): onChanged() FaceWidgetContainerLiveData{mIsContainerVisible=true, mClipLayoutVisibility=0, mRotation=0, mIsDashBoardVIRunning=false, mIsAdditionalInfoVisible=0, mAdditionalInfoGravity=17, mClockSideStartPadding=0, mClockSideEndPadding=0, mMusicSideStartPadding=30, mMusicSideEndPadding=30, mInfoSideStartPadding=0, mInfoSideEndPadding=0, mClipLayoutWidth = -1, mAdditionalInfoRemoteView=null, mIsAdditionalViewGoingToSleep=false, mConfig=CustomConfiguration{fontScale=1.0, screenLayout=268435810, orientation=1, screenWidthDp=384, screenHeightDp=832, smallestScreenWidthDp=384, densityDpi=450, uiMode=33, isRTL=false, mConfiguration={1.0 310mcc260mnc [en_US] ldltr sw384dp w384dp h832dp 450dpi nrml long hdr widecg port night finger -keyb/v/h -nav/h winConfig={ mBounds=Rect(0, 0 - 1080, 2340) mAppBounds=Rect(0, 0 - 1080, 2340) mMaxBounds=Rect(0, 0 - 1080, 2340) mDisplayRotation=ROTATION_0 mWindowingMode=fullscreen mActivityType=undefined mAlwaysOnTop=undefined mRotation=ROTATION_0 mStageConfig=undefined mEmbedActivityMode=undefined mPopOver=undefined mOverlappingWithCutout=false} as.2 s.14859 fontWeightAdjustment=0 ff=0 bf=-1 bts=0 cst=1.0 nightDim=0 themeSeq=0}}}
12-24 22:33:15.145 I/SurfaceFlinger( 2059): finalizeDisplayModeChange 4630946662957460867
12-24 22:33:15.145 D/FaceWidgetPagesController( 4743): onGravityChanged()
12-24 22:33:15.145 D/BackgroundInstallControlService( 2812): Package event received: 0
12-24 22:33:15.145 D/BackgroundInstallControlService( 2812): Package event received: 0
12-24 22:33:15.145 I/StretchMeasureDataCalculator( 4743): setGravity: 49, isStart=false, isEnd=false, isCenterHorizontal=true
12-24 22:33:15.145 D/FaceWidgetClockPage( 4743): setClockGravity() gravity = 49
12-24 22:33:15.145 D/BackgroundInstallControlService( 2812): Package event received: 0
12-24 22:33:15.145 D/FaceWidgetClockPage( 4743): updateClockPadding 
12-24 22:33:15.145 D/BackgroundInstallControlService( 2812): Package event received: 0
12-24 22:33:15.145 D/BackgroundInstallControlService( 2812): Package event received: 0
12-24 22:33:15.145 D/LocalDisplayAdapter( 2812): updateActiveModeLocked for d=4630946662957460867, mActiveModeId=10, mActiveSfDisplayMode=DisplayMode{id=9, width=1080, height=2340, xDpi=386.366, yDpi=385.948, peakRefreshRate=60.000004, vsyncRate=60.000004, appVsyncOffsetNanos=16666666, presentationDeadlineNanos=17666666, supportedHdrTypes=[4, 2, 3], group=1080}
12-24 22:33:15.145 I/SecKeyguardClockPositionAlgorithm( 4743): prepareClockContainerHeightChanging:
12-24 22:33:15.145 I/PluginFaceWidgetManager( 4743): isEditMode = false
12-24 22:33:15.145 I/NowBarItemManager( 4743): getVisibleList isScreenTurnedOn = true / aodShowState true shouldControlScreenOff false visibleList size = 0
12-24 22:33:15.145 I/DisplayDeviceRepository( 2812): Display device changed render timings: "Built-in Screen", renderFrameRate=60.000004, presentationDeadlineNanos=17666666, appVsyncOffsetNanos=16666666, frameRateOverrides=[]
12-24 22:33:15.146 D/SatelliteController( 4968): handleCmdUpdateNtnSignalStrengthReporting: ignore request, satellite is disabled
12-24 22:33:15.146 I/SecKeyguardClockPositionAlgorithm( 4743): prepareClockContainerHeightChanging:
12-24 22:33:15.146 I/PluginFaceWidgetManager( 4743): isEditMode = false
12-24 22:33:15.146 I/NowBarItemManager( 4743): getVisibleList isScreenTurnedOn = true / aodShowState true shouldControlScreenOff false visibleList size = 0
12-24 22:33:15.146 I/minksocket( 1917): MinkIPC MESSAGE: ( 1917:2109 ) MinkIPC_QRTR_Service:351 minkipc = 0xb400007b89f109f0 sock = 34, client with node 1 port 5784 went down
12-24 22:33:15.146 I/minksocket( 1917): MinkIPC MESSAGE: ( 1917:2095 ) MinkIPC_QRTR_Service:351 minkipc = 0xb400007b89f12410 sock = 12, client with node 1 port 5784 went down
12-24 22:33:15.146 D/FaceWidgetRemoteViewsPage_com.sec.android.app.voicenote#record_( 4743): setPageState() pageType = SMALL  [ page state :LOCK_AMBIENT, orientation : 1] com.samsung.android.app.facewidget.pages.remoteview.FaceWidgetRemoteViewsPage{5ce80ed VFE...... ......I. 0,0-0,0}
12-24 22:33:15.146 D/FaceWidgetRemoteViewsPage_com.samsung.android.oneconnect#ID_( 4743): setPageState() pageType = SMALL  [ page state :LOCK_AMBIENT, orientation : 1] com.samsung.android.app.facewidget.pages.remoteview.FaceWidgetRemoteViewsPage{f118035 VFE...... ......I. 0,0-0,0}
12-24 22:33:15.146 D/FaceWidgetRemoteViewsPage_com.samsung.android.forest#screenTime_( 4743): setPageState() pageType = SMALL  [ page state :LOCK_AMBIENT, orientation : 1] com.samsung.android.app.facewidget.pages.remoteview.FaceWidgetRemoteViewsPage{942d317 VFE...... ......I. 0,0-0,0}
12-24 22:33:15.146 D/FaceWidgetRemoteViewsPage_com.sec.android.daemonapp#weather_( 4743): setPageState() pageType = SMALL  [ page state :LOCK_AMBIENT, orientation : 1] com.samsung.android.app.facewidget.pages.remoteview.FaceWidgetRemoteViewsPage{c66eab1 VFE...... ......I. 0,0-0,0}
12-24 22:33:15.146 D/FaceWidgetCalendarEventPage( 4743): setPageState() pageType = SMALL  [ page state :LOCK_AMBIENT, orientation : 1] com.samsung.android.app.facewidget.pages.calendar.FaceWidgetCalendarEventPage{34662be VFE...... ......I. 0,0-0,0}
12-24 22:33:15.146 D/FaceWidgetRemoteViewsPage_com.samsung.android.app.routines#dashboard_( 4743): setPageState() pageType = SMALL  [ page state :LOCK_AMBIENT, orientation : 1] com.samsung.android.app.facewidget.pages.remoteview.FaceWidgetRemoteViewsPage{4b38e3b VFE...... ......I. 0,0-0,0}
12-24 22:33:15.146 D/FaceWidgetMusicPage( 4743): setPageState() pageType = SMALL  [ page state :LOCK_AMBIENT, orientation : 1] com.samsung.android.app.facewidget.pages.music.FaceWidgetMusicPage{a7be240 VFE...C.. ......I. 0,0-0,0}
12-24 22:33:15.146 D/FaceWidgetMusicPage( 4743): updateContentsView()
12-24 22:33:15.146 D/FaceWidgetMusicPage( 4743): attachContentsView LOCKSCREEN SMALL false
12-24 22:33:15.146 D/FaceWidgetMusicPage( 4743): initViews, mPageState = SMALL isFullMode = false mIsExpandMode = true
12-24 22:33:15.146 I/VSyncReactor( 2059): Current= 60, Period= 30, hwcPeriod= 60
12-24 22:33:15.146 D/FaceWidgetMusicPage( 4743): getNowBarMusicHeight ratio = 0.6775 height = 2340 ret = 1585.35
12-24 22:33:15.146 D/FaceWidgetMusicViewModel( 4743): updateMusicPageColorForVisibility
12-24 22:33:15.146 D/FaceWidgetMusicViewModel( 4743): updateMusicPageColorForVisibility, useLightModeColor = false
12-24 22:33:15.146 D/FaceWidgetAlarmPage( 4743): setPageState() pageType = SMALL  [ page state :LOCK_AMBIENT, orientation : 1] com.samsung.android.app.facewidget.pages.alarm.FaceWidgetAlarmPage{5a46e5 VFE...... ......I. 0,0-0,0}
12-24 22:33:15.146 D/FaceWidgetMusicPageShownManager( 4743): mCurrentMediaData is NULL
12-24 22:33:15.146 D/FaceWidgetMusicPageShownManager( 4743): updateMusicPageShownState() show = false, reattach = false, reason = update
12-24 22:33:15.146 D/FaceWidgetMusicPageShownManager( 4743): skip to show media panel
12-24 22:33:15.146 D/FaceWidgetViewModel( 4743): updatePageState() << END << toState = SMALL
12-24 22:33:15.146 D/FaceWidgetDashBoard( 4743): setAODState false
12-24 22:33:15.146 I/ComplicationWidgetPluginController( 4743):  requestAODState false dark : 1.0 / dozing : true
12-24 22:33:15.146 I/DisplayValues( 4743): initValues currentWidth 1080 currentHeight = 2340
12-24 22:33:15.146 I/NowBarColorModel#25881751( 4743): notifyColorChanged isWhiteWallpaper false darkAmount 1.0  darkMode false nowBarMode LOCKSCREEN dozing true
12-24 22:33:15.146 I/NowBarCardStackView( 4743): updateCardVisibilityByExpandState false / viewMode = LOCKSCREEN
12-24 22:33:15.146 I/AODDataSettings[8.0.6]:AODDataManager( 4743): refreshDisplay
12-24 22:33:15.146 I/minksocket( 1917): MinkIPC MESSAGE: ( 1917:2095 ) MinkIPC_QRTR_Service:351 minkipc = 0xb400007b89f12410 sock = 12, client with node 1 port 5785 went down
12-24 22:33:15.147 I/minksocket( 1917): MinkIPC MESSAGE: ( 1917:2109 ) MinkIPC_QRTR_Service:351 minkipc = 0xb400007b89f109f0 sock = 34, client with node 1 port 5785 went down
12-24 22:33:15.147 D/BackgroundInstallControlService( 2812): Package event received: 0
12-24 22:33:15.147 D/BackgroundInstallControlService( 2812): Package event received: 0
12-24 22:33:15.147 D/BackgroundInstallControlService( 2812): Package event received: 0
12-24 22:33:15.147 I/AODDataSettings[8.0.6]:AODDataManager( 4743): changeDisplay=DisplayImpl(type=SingleDisplay, orientation=Portrait, aodState=LockScreenOnly)
12-24 22:33:15.147 I/DataStoreState( 4743): setDisplay : DisplayImpl(type=SingleDisplay, orientation=Portrait, aodState=LockScreenOnly)
12-24 22:33:15.147 I/AODDataSettings[8.0.6]:AODDataManager( 4743): getCurrentSize() from windowConfig = 1080.0x2340.0
12-24 22:33:15.147 I/DataStoreState( 4743): setRootSize : 1080.0x2340.0
12-24 22:33:15.147 I/FaceWidgetViewModel( 4743): onClockTransitionEnded() SMALL, isKeyguardVisible= true
12-24 22:33:15.147 I/KeyguardClockProvider( 4743): getClockVisibility:0
12-24 22:33:15.147 D/FaceWidgetViewModel( 4743): setClipLayoutVisibility() currentState = SMALL setting visibility = 0
12-24 22:33:15.147 I/DigitalHorizontalClockView_LOCK_SCREEN_2@528( 4743): refreshColor: Custom
12-24 22:33:15.147 I/DigitalHorizontalClockView_LOCK_SCREEN_2@528( 4743): updateBaseTargetPaletteItem: base=SOLID color : FF3CD8F5, target=SOLID color : FF32B4CC
12-24 22:33:15.147 I/DigitalHorizontalClockView_LOCK_SCREEN_2@528( 4743): setCustomColorInternal : color = #ff3cd8f5 > #ff32b4cc, mIsWhiteWallpaper = false
12-24 22:33:15.147 I/FaceWidgetKeyguardNIOController( 4743): clock dateColor changed #ff32b4cc
12-24 22:33:15.147 I/NotificationIconsOnlyContainer( 4743): updateIconColor() : FF32B4CC, 
12-24 22:33:15.147 I/SSC_DAEMON( 2026): handleSensorTestReqMsg:85, Sensor type :4, Msg type:11
12-24 22:33:15.147 I/SSC_DAEMON( 2026): physicalSensorTestReqMsg:130, s:4, m:11
12-24 22:33:15.147 I/KeyguardClockProvider( 4743): getClockVisibility:0
12-24 22:33:15.147 D/SGGLockStarManager( 4743): isClockAnimationEnable, result null
12-24 22:33:15.147 D/SGGLockStarManager( 4743): isClockAnimationEnable, result null
12-24 22:33:15.147 D/FaceWidgetClockPage( 4743): isNeedToTransition() true
12-24 22:33:15.147 I/minksocket( 1917): MinkIPC MESSAGE: ( 1917:2109 ) MinkIPC_QRTR_Service:351 minkipc = 0xb400007b89f109f0 sock = 34, client with node 1 port 5786 went down
12-24 22:33:15.147 D/SecKeyguardStatusViewObserver( 4743): onChanged() FaceWidgetContainerLiveData{mIsContainerVisible=true, mClipLayoutVisibility=0, mRotation=0, mIsDashBoardVIRunning=false, mIsAdditionalInfoVisible=0, mAdditionalInfoGravity=17, mClockSideStartPadding=0, mClockSideEndPadding=0, mMusicSideStartPadding=30, mMusicSideEndPadding=30, mInfoSideStartPadding=0, mInfoSideEndPadding=0, mClipLayoutWidth = -1, mAdditionalInfoRemoteView=null, mIsAdditionalViewGoingToSleep=false, mConfig=CustomConfiguration{fontScale=1.0, screenLayout=268435810, orientation=1, screenWidthDp=384, screenHeightDp=832, smallestScreenWidthDp=384, densityDpi=450, uiMode=33, isRTL=false, mConfiguration={1.0 310mcc260mnc [en_US] ldltr sw384dp w384dp h832dp 450dpi nrml long hdr widecg port night finger -keyb/v/h -nav/h winConfig={ mBounds=Rect(0, 0 - 1080, 2340) mAppBounds=Rect(0, 0 - 1080, 2340) mMaxBounds=Rect(0, 0 - 1080, 2340) mDisplayRotation=ROTATION_0 mWindowingMode=fullscreen mActivityType=undefined mAlwaysOnTop=undefined mRotation=ROTATION_0 mStageConfig=undefined mEmbedActivityMode=undefined mPopOver=undefined mOverlappingWithCutout=false} as.2 s.14859 fontWeightAdjustment=0 ff=0 bf=-1 bts=0 cst=1.0 nightDim=0 themeSeq=0}}}
12-24 22:33:15.147 D/FaceWidgetPagesController( 4743): onGravityChanged()
12-24 22:33:15.147 I/minksocket( 1917): MinkIPC MESSAGE: ( 1917:2095 ) MinkIPC_QRTR_Service:351 minkipc = 0xb400007b89f12410 sock = 12, client with node 1 port 5786 went down
12-24 22:33:15.147 I/StretchMeasureDataCalculator( 4743): setGravity: 49, isStart=false, isEnd=false, isCenterHorizontal=true
12-24 22:33:15.147 D/FaceWidgetClockPage( 4743): setClockGravity() gravity = 49
12-24 22:33:15.147 D/FaceWidgetClockPage( 4743): updateClockPadding 
12-24 22:33:15.147 I/SecKeyguardClockPositionAlgorithm( 4743): prepareClockContainerHeightChanging:
12-24 22:33:15.148 I/PluginFaceWidgetManager( 4743): isEditMode = false
12-24 22:33:15.148 I/NowBarItemManager( 4743): getVisibleList isScreenTurnedOn = true / aodShowState true shouldControlScreenOff false visibleList size = 0
12-24 22:33:15.148 I/[MCFDs]_ContextManager( 7624): onContextChanged - DEVICE STATE : LOCKED
12-24 22:33:15.148 I/[MCFDs]_AccountHelper( 7624): updateHashAndMask - type[1], mask[2155C365B5], filter[9D3641C7B4], hash[BC6382A201], rotate[40894]
12-24 22:33:15.148 I/sensors-hal( 1948): qsh_qmi:31, qsh_qmi
12-24 22:33:15.148 I/sensors-hal( 1948): register_cb:304, suid(low=3046173514946711665,high=5084824469409589910) is new. register callbacks
12-24 22:33:15.148 I/sensors-hal( 1948): send_sync_sensor_request:508, send sync request
12-24 22:33:15.148 I/sensors-hal( 1948): send_sync_sensor_request:518, send_sync_sensor_request before send_request for light_cct with SUID low=3046173514946711665 high=5084824469409589910
12-24 22:33:15.148 I/sensors-hal( 1948): send_sync_sensor_request:537, wait for notification of response
12-24 22:33:15.148 D/SLocation( 2812): DeviceStatusNotifyManager - broadcastReceiver.onReceive start 161313340
12-24 22:33:15.148 D/SLocation( 2812): DeviceStatusNotifyManager - broadcastReceiver.onReceive end 161313340
12-24 22:33:15.148 I/SLocation( 2812): DeviceStatusNotifyManager - received action : android.intent.action.SCREEN_ON, package : null
12-24 22:33:15.148 D/FaceWidgetViewModel( 4743): shouldContainerVisible() reason = (aod) true
12-24 22:33:15.148 I/AODClockViewModel( 4743): destroy: 
12-24 22:33:15.149 I/AODUiController( 4743): resetOverlayContainer: 
12-24 22:33:15.149 I/ViewPositionControllerManager( 4743): unregisterListener: PinButton
12-24 22:33:15.149 I/ViewPositionControllerManager( 4743): removePositionController: component=PinButton, policy=PortPinButton, count=1
12-24 22:33:15.149 I/HoneySpace.SystemUiRepository( 5148): systemUiFlags: overview_disabled|home_disabled|navbar_hidden|notif_expanded|keygrd_visible|device_dozing|awake|notif_visible
12-24 22:33:15.149 I/AODPinController( 4743): setPinIconVisibility : false
12-24 22:33:15.149 I/AOD_BRIGHTNESS@BrightnessManager( 4743): releaseForceState: COVER
12-24 22:33:15.149 W/AODAlarmTimer_AOD_CHARGING_INFO_TICK( 4743): stop : not yet started 
12-24 22:33:15.149 D/FaceWidgetViewModel( 4743): setDozing false
12-24 22:33:15.149 D/FaceWidgetMusicPageShownManager( 4743): mCurrentMediaData is NULL
12-24 22:33:15.149 D/FaceWidgetMusicPageShownManager( 4743): updateMusicPageShownState() show = false, reattach = false, reason = doze
12-24 22:33:15.149 D/FaceWidgetMusicPageShownManager( 4743): skip to show media panel
12-24 22:33:15.149 D/LiftUpHandler( 2812): [LTW] Stopped already.
12-24 22:33:15.149 D/FaceWidgetMusicPage( 4743): getNowBarMusicHeight ratio = 0.6775 height = 2340 ret = 1585.35
12-24 22:33:15.149 I/NotificationIconsOnlyContainer( 4743): updateIsWhiteWallpaper() : mIsWhiteWallpaper=0
12-24 22:33:15.149 I/ViewPositionControllerManager( 4743): unregisterListener: NIO
12-24 22:33:15.149 I/ViewPositionControllerManager( 4743): removePositionController: component=NIO, policy=PortNIO, count=2
12-24 22:33:15.149 I/ComplicationWidgetPluginController( 4743):  setDozing false 1.0
12-24 22:33:15.149 D/StackScroller( 4743): onDisplayChanged for predraw skip to 2
12-24 22:33:15.149 E/AbsSettings( 4743): refreshInner: refreshedSettingsDBItem key enabled_complication_widgets_id_list val = 
12-24 22:33:15.149 I/ComplicationManager( 4743): isComplicationVisible : true (dozing=false isFolderOpened=false isLand=false  isAODThemeImageOnly=false)
12-24 22:33:15.149 I/KeyguardDozeTransitionManager( 4743): setDozing: false
12-24 22:33:15.149 I/AODThemeSettingsHelper( 4743): getAODSelectedThemeClock = 0
12-24 22:33:15.149 I/ViewPositionControllerManager( 4743): unregisterListener: NowBar
12-24 22:33:15.149 I/ViewPositionControllerManager( 4743): removePositionController: component=NowBar, policy=PortBottom, count=1
12-24 22:33:15.149 I/NowBarColorModel#25881751( 4743): notifyColorChanged isWhiteWallpaper false darkAmount 1.0  darkMode false nowBarMode LOCKSCREEN dozing false
12-24 22:33:15.149 I/ViewPositionControllerManager( 4743): unregisterListener: Battery
12-24 22:33:15.149 I/ViewPositionControllerManager( 4743): removePositionController: component=Battery, policy=PortBattery, count=1
12-24 22:33:15.149 D/WifiDisplayAdapter( 2812): isFitToActiveDisplayLocked : false
12-24 22:33:15.149 I/ViewPositionControllerManager( 4743): removePositionController: component=NIO, policy=PortNIO, count=1
12-24 22:33:15.149 D/MediaExpandStateObserver( 4743): onChanged MediaExpandStateModel(type=NONE, clockY=0.0, clockValidMaxScale=1.0, hasAnimation=true, isDozing=false, darkAmount=1.0, isMediaOutput=false)
12-24 22:33:15.149 D/MediaExpandStateObserver( 4743): animateClipContainer NONE NONE
12-24 22:33:15.149 I/ComplicationWidgetPluginController( 4743):  animateContents true
12-24 22:33:15.149 D/KeyguardSecAffordanceView( 4743): reset LeftShortcut
12-24 22:33:15.149 D/KeyguardSecAffordanceView( 4743): reset RightShortcut
12-24 22:33:15.150 D/KeyguardTouchAnimator( 4743): reset unlockExecuted=false
12-24 22:33:15.150 D/KeyguardEditModeAnimatorController( 4743): reset true
12-24 22:33:15.150 D/KeyguardTouchAnimator( 4743): resetChildViewVI(): isUnlockExecuted=false scale=1.0
12-24 22:33:15.150 I/PluginFaceWidgetManager( 4743): isEditMode = false
12-24 22:33:15.150 I/NowBarItemManager( 4743): getVisibleList isScreenTurnedOn = true / aodShowState true shouldControlScreenOff false visibleList size = 0
12-24 22:33:15.150 I/HBD     ( 8163): DeX h DeX mode state change in non-main thread 
12-24 22:33:15.150 I/HBD     ( 8163): DeX h DeX mode state change: 3 
12-24 22:33:15.150 D/SemNativeCarrierFeature_vendor( 9673): getInstance
12-24 22:33:15.150 I/minksocket( 1917): MinkIPC MESSAGE: ( 1917:2109 ) MinkIPC_QRTR_Service:351 minkipc = 0xb400007b89f109f0 sock = 34, client with node 1 port 5787 went down
12-24 22:33:15.150 I/minksocket( 1917): MinkIPC MESSAGE: ( 1917:2095 ) MinkIPC_QRTR_Service:351 minkipc = 0xb400007b89f12410 sock = 12, client with node 1 port 5787 went down
12-24 22:33:15.149 I/sensors-hal( 1948): qsh_conn_resp_cb:930, resp_value = 0 for light_cct 
12-24 22:33:15.151 I/sensors-hal( 1948): send_sync_sensor_request:543, takes 3 ms to receive the response with 0
12-24 22:33:15.152 E/LSO_LSOInterface( 4743): LSO Service is not yet ready!!!
12-24 22:33:15.152 D/KeyguardUpdateMonitor( 4743): isUserUnlocked userId:0, unlocked:true
12-24 22:33:15.152 D/KeyguardSecAffordanceView( 4743): sendBlockingTouchAreaToWallpaper rect: Rect(0, 0 - 0, 0), nowBarVisible: false, RightShortcut
12-24 22:33:15.152 D/KeyguardUpdateMonitor( 4743): isUserUnlocked userId:0, unlocked:true
12-24 22:33:15.152 D/KeyguardSecAffordanceView( 4743): sendBlockingTouchAreaToWallpaper rect: Rect(0, 0 - 0, 0), nowBarVisible: false, LeftShortcut
12-24 22:33:15.152 D/KeyguardStatusBarViewController( 4743): Visibility changed! - mDozing=false, mFirstBypassAttempt=false, mKeyguardUpdateMonitor.shouldListenForFace()=false, mDelayShowingKeyguardStatusBar=false, mDisableStateTracker.isDisabled()=false, Flags.glanceableHubV2()=false, mCommunalShowing=false, mExplicitAlpha=-1.0, mHiddenByKnox=false, isLockStarStatusBarEnabled()=true
