12-26 18:13:21.244  2812  7779 D SGM:GameManager: identifyGamePackage. com.risa.app, mCurrentUserId: 0, callingMethodInfo: com.samsung.android.game.IGameManagerService$Stub.onTransact(IGameManagerService.java:247)
12-26 18:13:21.279  2812  3125 D SurfaceComposerClient: setCornerRadius ## acc3015 com.risa.app/com.risa.app.MainActivity#75445 cornerRadius=0.000000
12-26 18:13:21.280  2812  6682 D SurfaceComposerClient: setCornerRadius ## acc3015 com.risa.app/com.risa.app.MainActivity#75445 cornerRadius=0.000000
12-26 18:13:21.280  2812  6682 D SurfaceComposerClient: setCornerRadius ## acc3015 com.risa.app/com.risa.app.MainActivity#75445 cornerRadius=0.000000
12-26 18:13:21.280  2812  6682 D WindowManager: Changing focus from Window{82e812a u0 NotificationShade} to Window{acc3015 u0 com.risa.app/com.risa.app.MainActivity} displayId=0 Callers=com.android.server.wm.WindowManagerService.relayoutWindow:1350 com.android.server.wm.Session.relayout:27 com.android.server.wm.Session.relayoutAsync:14 android.view.IWindowSession$Stub.onTransact:854 
12-26 18:13:21.281  2812  6682 D InsetsSourceProvider: updateControlForTarget: control=InsetsSourceControl: {4c0000 mType=statusBars initiallyVisible mSurfacePosition=Point(0, 0) mInsetsHint=Insets{left=0, top=84, right=0, bottom=0}}, target=Window{acc3015 u0 com.risa.app/com.risa.app.MainActivity}, from=com.android.server.wm.InsetsStateController.onControlTargetChanged:83 com.android.server.wm.InsetsPolicy.updateBarControlTarget:212 com.android.server.wm.DisplayPolicy.updateSystemBarAttributes:262 com.android.server.wm.WindowManagerService.updateFocusedWindowLocked:372 com.android.server.wm.WindowManagerService.relayoutWindow:1350 
12-26 18:13:21.282  2812  6682 D InsetsSourceProvider: updateControlForTarget: control=InsetsSourceControl: {e4a90001 mType=navigationBars initiallyVisible mSurfacePosition=Point(0, 2205) mInsetsHint=Insets{left=0, top=0, right=0, bottom=135}}, target=Window{acc3015 u0 com.risa.app/com.risa.app.MainActivity}, from=com.android.server.wm.InsetsStateController.onControlTargetChanged:83 com.android.server.wm.InsetsPolicy.updateBarControlTarget:225 com.android.server.wm.DisplayPolicy.updateSystemBarAttributes:262 com.android.server.wm.WindowManagerService.updateFocusedWindowLocked:372 com.android.server.wm.WindowManagerService.relayoutWindow:1350 
12-26 18:13:21.282  2812  6682 D WindowManager: updateSystemBarAttributes: displayId=0, focusedCanBeNavColorWin=false, win=Window{acc3015 u0 com.risa.app/com.risa.app.MainActivity}, navColorWin=Window{acc3015 u0 com.risa.app/com.risa.app.MainActivity}, caller=com.android.server.wm.WindowManagerService.updateFocusedWindowLocked:372 com.android.server.wm.WindowManagerService.relayoutWindow:1350 com.android.server.wm.Session.relayout:27 
12-26 18:13:21.282  2812  6682 V SystemKeyManager: updateFocusedWindow() is called, com.risa.app/com.risa.app.MainActivity
12-26 18:13:21.284  2059  2059 D SurfaceFlinger:   SOLID_COLOR |                        0 | 00000002 | N/A          |    0.0    0.0    0.0    0.0 |    0    0 1080 2340 | Background for beb6089 SurfaceView[c[...]p/com.risa.app.MainActivity]@0#75574 (0)
12-26 18:13:21.284  2059  2059 D SurfaceFlinger:        DEVICE |           60086592471092 | 00000102 | RGBA_8888    |    0.0    0.0 2340.0 1080.0 |    0    0 1080 2340 | beb6089 SurfaceView[com.risa.app/com.risa.app.MainActivity]@0(BLAST)#75573 (4)
12-26 18:13:21.284  2059  2059 D SurfaceFlinger:        DEVICE |           60086592471095 | 00002100 | RGBA_8888    |    0.0    0.0 1080.0 2340.0 |    0    0 1080 2340 | com.risa.app/com.risa.app.MainActivity$_13990#75569 (2)
12-26 18:13:21.288  2812  6682 I WindowManager: Reparenting to leash, surface=Surface(name=b2b727b SnapshotStartingWindow for taskId=21268)/@0x13fee86, leashParent=Surface(name=ActivityRecord{94270540 u0 com.risa.app/.MainActivity t21268})/@0x6ce8245
12-26 18:13:21.290  2812  6682 D SurfaceComposerClient: setCornerRadius ## acc3015 com.risa.app/com.risa.app.MainActivity#75445 cornerRadius=0.000000
12-26 18:13:21.290  2812  6682 D SurfaceComposerClient: setCornerRadius ## acc3015 com.risa.app/com.risa.app.MainActivity#75445 cornerRadius=0.000000
12-26 18:13:21.292  2059  2059 I SurfaceFlinger: [Surface(name=b2b727b SnapshotStartingWindow for taskId=21268)/@0x13fee86 - animation-leash of window_animation#75577] attach to parent LayerHierarchy{RequestedLayerState{ActivityRecord{94270540 u0 com.risa.app/.MainActivity t21268}#75433 parentId=75432} 4 children}
12-26 18:13:21.292  2812  3125 D SurfaceComposerClient: setCornerRadius ## acc3015 com.risa.app/com.risa.app.MainActivity#75445 cornerRadius=0.000000
12-26 18:13:21.313  2059  2059 D SurfaceFlinger:   SOLID_COLOR |                        0 | 00000002 | N/A          |    0.0    0.0    0.0    0.0 |    0    0 1080 2340 | Background for beb6089 SurfaceView[c[...]p/com.risa.app.MainActivity]@0#75574 (0)
12-26 18:13:21.313  2059  2059 D SurfaceFlinger:        DEVICE |           60086592471092 | 00000102 | RGBA_8888    |    0.0    0.0 2340.0 1080.0 |    0    0 1080 2340 | beb6089 SurfaceView[com.risa.app/com.risa.app.MainActivity]@0(BLAST)#75573 (4)
12-26 18:13:21.313  2059  2059 D SurfaceFlinger:        DEVICE |           60086592471095 | 00002100 | RGBA_8888    |    0.0    0.0 1080.0 2340.0 |    0    0 1080 2340 | com.risa.app/com.risa.app.MainActivity$_13990#75569 (2)
12-26 18:13:21.313  2059  2401 D SurfaceFlinger: [input] setFocusedWindow: acc3015 com.risa.app/com.risa.app.MainActivity
12-26 18:13:21.316 13990 13990 I InsetsSourceConsumer: applyRequestedVisibilityToControl: visible=true, type=statusBars, host=com.risa.app/com.risa.app.MainActivity
12-26 18:13:21.316 13990 13990 I InsetsSourceConsumer: applyRequestedVisibilityToControl: visible=true, type=navigationBars, host=com.risa.app/com.risa.app.MainActivity
12-26 18:13:21.318  2812  6682 D SurfaceComposerClient: setCornerRadius ## acc3015 com.risa.app/com.risa.app.MainActivity#75445 cornerRadius=0.000000
12-26 18:13:21.318  2812  6682 D SurfaceComposerClient: setCornerRadius ## acc3015 com.risa.app/com.risa.app.MainActivity#75445 cornerRadius=0.000000
12-26 18:13:21.320  2812  8608 D InputDispatcher: Once focus requested (0): acc3015 com.risa.app/com.risa.app.MainActivity
12-26 18:13:21.320  2812  8608 D InputDispatcher: Focus entered window (0): acc3015 com.risa.app/com.risa.app.MainActivity
12-26 18:13:21.322  2812  4220 I ImeTracker: com.risa.app:2b6c3c5e: onRequestHide at ORIGIN_SERVER reason HIDE_SAME_WINDOW_FOCUSED_WITHOUT_EDITOR fromUser false
12-26 18:13:21.324 13990 13990 I ImeTracker: com.risa.app:2b6c3c5e: onCancelled at PHASE_CLIENT_ALREADY_HIDDEN
12-26 18:13:21.326  2812  2858 D SurfaceComposerClient: setCornerRadius ## acc3015 com.risa.app/com.risa.app.MainActivity#75445 cornerRadius=0.000000
12-26 18:13:21.326  2812  2858 D SurfaceComposerClient: setCornerRadius ## acc3015 com.risa.app/com.risa.app.MainActivity#75445 cornerRadius=0.000000
12-26 18:13:21.329  2059  2059 D SurfaceFlinger:        DEVICE |           60086592471092 | 00000102 | RGBA_8888    |    0.0    0.0 2340.0 1080.0 |    0    0 1080 2340 | beb6089 SurfaceView[com.risa.app/com.risa.app.MainActivity]@0(BLAST)#75573 (4)
12-26 18:13:21.329  2059  2059 D SurfaceFlinger:        DEVICE |           60086592471095 | 00002100 | RGBA_8888    |    0.0    0.0 1080.0 2340.0 |    0    0 1080 2340 | com.risa.app/com.risa.app.MainActivity$_13990#75569 (2)
12-26 18:13:21.329  2812  2812 D MdnieScenarioControlService:  packageName : com.risa.app    className : com.risa.app.MainActivity
12-26 18:13:21.331  2812  4227 D SGM:FgCheckThread:   handleUserPresent(). resume signal is needed for com.risa.app
12-26 18:13:21.343  2812  7779 D SurfaceComposerClient: setCornerRadius ## acc3015 com.risa.app/com.risa.app.MainActivity#75445 cornerRadius=0.000000
12-26 18:13:21.343  2812  7779 D SurfaceComposerClient: setCornerRadius ## acc3015 com.risa.app/com.risa.app.MainActivity#75445 cornerRadius=0.000000
12-26 18:13:21.348  8163  8163 I HBD     : b [AiWriter] setContact : com.risa.app
12-26 18:13:21.359  2812  7779 D SurfaceComposerClient: setCornerRadius ## acc3015 com.risa.app/com.risa.app.MainActivity#75445 cornerRadius=0.000000
12-26 18:13:21.360  2812  7779 D SurfaceComposerClient: setCornerRadius ## acc3015 com.risa.app/com.risa.app.MainActivity#75445 cornerRadius=0.000000
12-26 18:13:21.376  2812  7998 V WindowManager:    ChangeInfo{f9fb5f3 container=ActivityRecord{94270540 u0 com.risa.app/.MainActivity t21268} flags=0x0}
12-26 18:13:21.376  2812  7998 V WindowManager:    ChangeInfo{d62b2b0 container=Task{aaedc95 #21268 type=standard I=com.risa.app/.MainActivity} flags=0x10}
12-26 18:13:21.376  2812  7998 D WindowManager: rotationForOrientation, orientationSource=ActivityRecord{94270540 u0 com.risa.app/.MainActivity t21268}
12-26 18:13:21.378  2812  7998 D WindowManager: prepareSync <SYNC_STATE_WAITING_FOR_DRAW>, mPrepareSyncSeqId=0, win=Window{acc3015 u0 com.risa.app/com.risa.app.MainActivity}
12-26 18:13:21.378  2812  7998 V WindowManager: Override sync-method for acc3015 com.risa.app/com.risa.app.MainActivity because seamless rotating, caller=com.android.server.wm.DisplayContent.setSeamlessTransitionForFixedRotation:22 com.android.server.wm.DisplayContent.requestChangeTransition:96 com.android.server.wm.DisplayRotation.updateRotationUnchecked:760 com.android.server.wm.DisplayRotation.updateOrientation:79 com.android.server.wm.DisplayContent.continueUpdateOrientationForDiffOrienLaunchingApp:63 
12-26 18:13:21.378  2812  7998 D ChangeTransitionController:    ChangeInfo{f9fb5f3 container=ActivityRecord{94270540 u0 com.risa.app/.MainActivity t21268} flags=0x0}
12-26 18:13:21.378  2812  7998 D ChangeTransitionController:    ChangeInfo{d62b2b0 container=Task{aaedc95 #21268 type=standard I=com.risa.app/.MainActivity} flags=0x10}
12-26 18:13:21.379  2812  3125 I WindowManager: Reparenting to original parent: Surface(name=ActivityRecord{94270540 u0 com.risa.app/.MainActivity t21268})/@0x6ce8245, destroy=true, surface=Surface(name=b2b727b SnapshotStartingWindow for taskId=21268)/@0x13fee86
12-26 18:13:21.394  2812  3124 V WindowManager: Collecting in transition 5585: Task{aaedc95 #21268 type=standard I=com.risa.app/.MainActivity}, caller=com.android.server.wm.TransitionController$$ExternalSyntheticLambda2.accept:34 com.android.server.wm.Task.forAllLeafTasks:6 com.android.server.wm.WindowContainer.forAllLeafTasks:4 com.android.server.wm.DisplayArea.forAllLeafTasks:4 com.android.server.wm.WindowContainer.forAllLeafTasks:4 
12-26 18:13:21.394  2812  3124 V WindowManager: Collecting in transition 5585: ActivityRecord{94270540 u0 com.risa.app/.MainActivity t21268}, caller=com.android.server.wm.TransitionController$$ExternalSyntheticLambda2.accept:21 com.android.server.wm.ActivityRecord.forAllActivities:2 com.android.server.wm.WindowContainer.forAllActivities:8 com.android.server.wm.WindowContainer.forAllActivities:6 com.android.server.wm.TransitionController$$ExternalSyntheticLambda2.accept:107 
12-26 18:13:21.394  2059  2059 D SurfaceFlinger:        DEVICE |           60086592471093 | 00000102 | RGBA_8888    |    0.0    0.0 2340.0 1080.0 |    0    0 1080 2340 | beb6089 SurfaceView[com.risa.app/com.risa.app.MainActivity]@0(BLAST)#75573 (5)
12-26 18:13:21.394  2059  2059 D SurfaceFlinger:        DEVICE |           60086592471095 | 00002100 | RGBA_8888    |    0.0    0.0 1080.0 2340.0 |    0    0 1080 2340 | com.risa.app/com.risa.app.MainActivity$_13990#75569 (2)
12-26 18:13:21.397  2812  3124 D SurfaceComposerClient: setCornerRadius ## acc3015 com.risa.app/com.risa.app.MainActivity#75445 cornerRadius=0.000000
12-26 18:13:21.398  2812  3124 D SurfaceComposerClient: setCornerRadius ## acc3015 com.risa.app/com.risa.app.MainActivity#75445 cornerRadius=0.000000
12-26 18:13:21.401 13990 13990 I InsetsController: onStateChanged: host=com.risa.app/com.risa.app.MainActivity, from=android.view.ViewRootImpl.onInsetsStateChanged:3026, state=InsetsState: {mDisplayFrame=Rect(0, 0 - 2340, 1080), mDisplayCutout=DisplayCutout{insets=Rect(84, 0 - 0, 0) waterfall=Insets{left=0, top=0, right=0, bottom=0} boundingRect={Bounds=[Rect(0, 514 - 84, 565), Rect(0, 0 - 0, 0), Rect(0, 0 - 0, 0), Rect(0, 0 - 0, 0)]} cutoutPathParserInfo={CutoutPathParserInfo{displayWidth=1080 displayHeight=2340 physicalDisplayWidth=1080 physicalDisplayHeight=2340 density={2.8125} cutoutSpec={M 0,0 H -9.066666666666667 V 29.86666666666667 H 9.066666666666667 V 0 H 0 Z @dp} rotation={1} scale={1.0} physicalPixelDisplaySizeRatio={1.0}}} sideOverrides={}}, mRoundedCorners=RoundedCorners{[RoundedCorner{position=TopLeft, radius=101, center=Point(101, 101)}, RoundedCorner{position=TopRight, radius=101, center=Point(2239, 101)}, RoundedCorner{position=BottomRight, radius=101, center=Point(2239, 979)}, RoundedCorner{position=BottomLeft, radius=101, center=Point(101, 979)}]}  mRoundedCornerFrame=Rect(0, 0 - 2340, 1080), mPrivacyIndicatorBounds=PrivacyIndicatorBounds {static bounds=Rect(2216, 0 - 2340, 84) rotation=1}, mDisplayShape=DisplayShape{ spec=1406003047 displayWidth=1080 displayHeight=2340 physicalPixelDisplaySizeRatio=0.75 rotation=1 offsetX=0 offsetY=0 scale=1.0}, mSources= { InsetsSource: {e4a90001 mType=navigationBars mFrame=[2205,0][2340,1080] mVisible=true mFlags= mSideHint=RIGHT mBoundingRects=null}, InsetsSource: {e4a90004 mType=systemGestures mFrame=[0,0][0,0] mVisible=true mFlags= mSideHint=NONE mBoundingRects=null}, InsetsSource: {e4a90005 mType=mandatorySystemGestures mFrame=[2205,0][2340,1080] mVisible=true mFlags= mSideHint=RIGHT mBoundingRects=null}, InsetsSource: {e4a90006 mType=tappableElement mFrame=[2205,0][2340,1080] mVisible=true mFlags= mSideHint=RIGHT mBoundingRects=null}, InsetsSource: {e4a90024 mType=systemGestures mFrame=[0,0][0,0] mVisible=true mFlags= mSideHint=NONE mBoundingRects=null}, InsetsSource: {3 mType=ime mFrame=[0,0][0,0] mVisible=false mFlags= mSideHint=NONE mBoundingRects=null}, InsetsSource: {7 mType=displayCutout mFrame=[0,0][84,1080] mVisible=true mFlags= mSideHint=LEFT mBoundingRects=null}, InsetsSource: {4c0000 mType=statusBars mFrame=[0,0][2340,84] mVisible=true mFlags= mSideHint=TOP mBoundingRects=null}, InsetsSource: {4c0005 mType=mandatorySystemGestures mFrame=[0,0][2340,84] mVisible=true mFlags= mSideHint=TOP mBoundingRects=null}, InsetsSource: {4c0006 mType=tappableElement mFrame=[0,0][2340,84] mVisible=true mFlags= mSideHint=TOP mBoundingRects=null} }
12-26 18:13:21.410  2812  6374 D SurfaceComposerClient: setCornerRadius ## acc3015 com.risa.app/com.risa.app.MainActivity#75445 cornerRadius=0.000000
12-26 18:13:21.410  2812  6374 D SurfaceComposerClient: setCornerRadius ## acc3015 com.risa.app/com.risa.app.MainActivity#75445 cornerRadius=0.000000
12-26 18:13:21.411  2812  4150 D SurfaceComposerClient: setCornerRadius ## acc3015 com.risa.app/com.risa.app.MainActivity#75445 cornerRadius=0.000000
12-26 18:13:21.412  2812  4150 D SurfaceComposerClient: setCornerRadius ## acc3015 com.risa.app/com.risa.app.MainActivity#75445 cornerRadius=0.000000
12-26 18:13:21.414  2812  6510 D SurfaceComposerClient: setCornerRadius ## acc3015 com.risa.app/com.risa.app.MainActivity#75445 cornerRadius=0.000000
12-26 18:13:21.414  2812  6510 D SurfaceComposerClient: setCornerRadius ## acc3015 com.risa.app/com.risa.app.MainActivity#75445 cornerRadius=0.000000
12-26 18:13:21.420  2812  3125 D SurfaceComposerClient: setCornerRadius ## acc3015 com.risa.app/com.risa.app.MainActivity#75445 cornerRadius=0.000000
12-26 18:13:21.421  2812  3125 D SurfaceComposerClient: setCornerRadius ## acc3015 com.risa.app/com.risa.app.MainActivity#75445 cornerRadius=0.000000
12-26 18:13:21.424  2812  3125 D SurfaceComposerClient: setCornerRadius ## acc3015 com.risa.app/com.risa.app.MainActivity#75445 cornerRadius=0.000000
12-26 18:13:21.431  2812  3125 D SurfaceComposerClient: setCornerRadius ## acc3015 com.risa.app/com.risa.app.MainActivity#75445 cornerRadius=0.000000
12-26 18:13:21.431  2812  3125 D SurfaceComposerClient: setCornerRadius ## acc3015 com.risa.app/com.risa.app.MainActivity#75445 cornerRadius=0.000000
12-26 18:13:21.466  2812  7779 D SurfaceComposerClient: setCornerRadius ## acc3015 com.risa.app/com.risa.app.MainActivity#75445 cornerRadius=0.000000
12-26 18:13:21.467  2812  7779 D SurfaceComposerClient: setCornerRadius ## acc3015 com.risa.app/com.risa.app.MainActivity#75445 cornerRadius=0.000000
12-26 18:13:21.467  2812  7779 D ChangeTransitionController:    ChangeInfo{31e373d container=ActivityRecord{94270540 u0 com.risa.app/.MainActivity t21268} flags=0x0}
12-26 18:13:21.467  2812  7779 D ChangeTransitionController:    ChangeInfo{ee04b32 container=Task{aaedc95 #21268 type=standard I=com.risa.app/.MainActivity} flags=0x0}
12-26 18:13:21.467  2812  7779 V WindowManager: Start calculating TransitionInfo based on participants: {WindowToken{d8d159 type=2040 android.os.BinderProxy@376cc5d}, ActivityRecord{94270540 u0 com.risa.app/.MainActivity t21268}, Task{aaedc95 #21268 type=standard I=com.risa.app/.MainActivity}, Display{#0 state=ON size=2340x1080 ROTATION_90}}
12-26 18:13:21.467  2812  7779 V WindowManager:   Final targets: [ChangeInfo{b0ece7 container=WindowToken{d8d159 type=2040 android.os.BinderProxy@376cc5d} flags=0x0}, ChangeInfo{ee04b32 container=Task{aaedc95 #21268 type=standard I=com.risa.app/.MainActivity} flags=0x0}, ChangeInfo{52d7094 container=DefaultTaskDisplayArea_d0@90254262 flags=0x10}, ChangeInfo{7157083 container=Display{#0 state=ON size=2340x1080 ROTATION_90} flags=0x1}]
12-26 18:13:21.468  2812  7779 I SurfaceControlRegistry: show, t=StartTransaction_SyncId<5585> sc=ActivityRecord{94270540 u0 com.risa.app/.MainActivity t21268}, caller=android.view.SurfaceControl$Transaction.show:3557 com.android.server.wm.Transition.onTransactionReady:2048 com.android.server.wm.BLASTSyncEngine$SyncGroup.finishNow:240 com.android.server.wm.BLASTSyncEngine.onSurfacePlacement:263 com.android.server.wm.RootWindowContainer.performSurfacePlacementNoTrace:1083 com.android.server.wm.WindowSurfacePlacer.performSurfacePlacement:166 
12-26 18:13:21.468  2812  7779 V WindowManager:         {WCT{RemoteToken{aaf322d Task{aaedc95 #21268 type=standard I=com.risa.app/.MainActivity}}} m=CHANGE f=EDGE_EXTENSION_RESTRICTION p=WCT{RemoteToken{70b963d DefaultTaskDisplayArea_d0@90254262}} leash=Surface(name=Task=21268)/@0x29bffd6 sb=Rect(0, 0 - 1080, 2340) eb=Rect(0, 0 - 2340, 1080) epz=Point(2340, 1080) d=0 r=0->1:0 taskParent=-1 inset=Rect(84, 84 - 135, 0) allowAppBgLayer=true},
12-26 18:13:21.469  2812  3121 V WindowManager:         {WCT{RemoteToken{aaf322d Task{aaedc95 #21268 type=standard I=com.risa.app/.MainActivity}}} m=CHANGE f=EDGE_EXTENSION_RESTRICTION p=WCT{RemoteToken{70b963d DefaultTaskDisplayArea_d0@90254262}} leash=Surface(name=Task=21268)/@0x29bffd6 sb=Rect(0, 0 - 1080, 2340) eb=Rect(0, 0 - 2340, 1080) epz=Point(2340, 1080) d=0 r=0->1:0 taskParent=-1 inset=Rect(84, 84 - 135, 0) allowAppBgLayer=true},
12-26 18:13:21.477  2059  2059 I SurfaceFlinger: [LayerHierarchy{RequestedLayerState{ImeContainer#15 parentId=75433 relativeParentId=75445 z=1} 1 children}] reparent to LayerHierarchy{RequestedLayerState{ActivityRecord{94270540 u0 com.risa.app/.MainActivity t21268}#75433 parentId=75432} 4 children}
12-26 18:13:21.477  2059  2059 I SurfaceFlinger: [LayerHierarchy{RequestedLayerState{ImeContainer#15 parentId=75433 relativeParentId=75445 z=1} 1 children}] RelativeParent to LayerHierarchy{RequestedLayerState{acc3015 com.risa.app/com.risa.app.MainActivity#75445 parentId=75433} 2 children}
12-26 18:13:21.480  2812  6682 V WindowManager:    ChangeInfo{31e373d container=ActivityRecord{94270540 u0 com.risa.app/.MainActivity t21268} flags=0x0}
12-26 18:13:21.480  2812  6682 V WindowManager:    ChangeInfo{ee04b32 container=Task{aaedc95 #21268 type=standard I=com.risa.app/.MainActivity} flags=0x0}
12-26 18:13:21.480  2812  6682 D ChangeTransitionController:    ChangeInfo{31e373d container=ActivityRecord{94270540 u0 com.risa.app/.MainActivity t21268} flags=0x0}
12-26 18:13:21.480  2812  6682 D ChangeTransitionController:    ChangeInfo{ee04b32 container=Task{aaedc95 #21268 type=standard I=com.risa.app/.MainActivity} flags=0x0}
12-26 18:13:21.480  2812  6682 D WindowManager: rotationForOrientation, orientationSource=ActivityRecord{94270540 u0 com.risa.app/.MainActivity t21268}
12-26 18:13:21.544  2059  2059 D SurfaceFlinger:        DEVICE |           60086592471093 | 00000102 | RGBA_8888    |    0.0    0.0 2340.0 1080.0 |    0    0 1080 2340 | beb6089 SurfaceView[com.risa.app/com.risa.app.MainActivity]@0(BLAST)#75573 (5)
12-26 18:13:21.544  2059  2059 D SurfaceFlinger:        DEVICE |           60086592471095 | 00002100 | RGBA_8888    |    0.0    0.0 1080.0 2340.0 |    0    0 1080 2340 | com.risa.app/com.risa.app.MainActivity$_13990#75569 (2)
12-26 18:13:21.546  2812  3125 D SurfaceComposerClient: setCornerRadius ## acc3015 com.risa.app/com.risa.app.MainActivity#75445 cornerRadius=0.000000
12-26 18:13:21.644  2812  2860 D SurfaceComposerClient: setCornerRadius ## acc3015 com.risa.app/com.risa.app.MainActivity#75445 cornerRadius=0.000000
12-26 18:13:21.644  2812  2860 D SurfaceComposerClient: setCornerRadius ## acc3015 com.risa.app/com.risa.app.MainActivity#75445 cornerRadius=0.000000
12-26 18:13:21.645  2812  6029 D SurfaceComposerClient: setCornerRadius ## acc3015 com.risa.app/com.risa.app.MainActivity#75445 cornerRadius=0.000000
12-26 18:13:21.646  2812  6029 D SurfaceComposerClient: setCornerRadius ## acc3015 com.risa.app/com.risa.app.MainActivity#75445 cornerRadius=0.000000
12-26 18:13:21.672  2812  6029 D SurfaceComposerClient: setCornerRadius ## acc3015 com.risa.app/com.risa.app.MainActivity#75445 cornerRadius=0.000000
12-26 18:13:21.673  2812  6029 D SurfaceComposerClient: setCornerRadius ## acc3015 com.risa.app/com.risa.app.MainActivity#75445 cornerRadius=0.000000
12-26 18:13:21.678  2812  3125 D SurfaceComposerClient: setCornerRadius ## acc3015 com.risa.app/com.risa.app.MainActivity#75445 cornerRadius=0.000000
12-26 18:13:21.678  2812  3125 D SurfaceComposerClient: setCornerRadius ## acc3015 com.risa.app/com.risa.app.MainActivity#75445 cornerRadius=0.000000
12-26 18:13:21.679  2812  6029 D SurfaceComposerClient: setCornerRadius ## acc3015 com.risa.app/com.risa.app.MainActivity#75445 cornerRadius=0.000000
12-26 18:13:21.679  2812  6029 D SurfaceComposerClient: setCornerRadius ## acc3015 com.risa.app/com.risa.app.MainActivity#75445 cornerRadius=0.000000
12-26 18:13:21.680 13990 13990 I InsetsSourceConsumer: applyRequestedVisibilityToControl: visible=true, type=navigationBars, host=com.risa.app/com.risa.app.MainActivity
12-26 18:13:21.682  2812  3125 D SurfaceComposerClient: setCornerRadius ## acc3015 com.risa.app/com.risa.app.MainActivity#75445 cornerRadius=0.000000
12-26 18:13:21.682  2812  3125 D SurfaceComposerClient: setCornerRadius ## acc3015 com.risa.app/com.risa.app.MainActivity#75445 cornerRadius=0.000000
12-26 18:13:21.684  2812  6029 D SurfaceComposerClient: setCornerRadius ## acc3015 com.risa.app/com.risa.app.MainActivity#75445 cornerRadius=0.000000
12-26 18:13:21.684  2812  6029 D SurfaceComposerClient: setCornerRadius ## acc3015 com.risa.app/com.risa.app.MainActivity#75445 cornerRadius=0.000000
12-26 18:13:21.689  2812  3125 D SurfaceComposerClient: setCornerRadius ## acc3015 com.risa.app/com.risa.app.MainActivity#75445 cornerRadius=0.000000
12-26 18:13:21.689  2812  3125 D SurfaceComposerClient: setCornerRadius ## acc3015 com.risa.app/com.risa.app.MainActivity#75445 cornerRadius=0.000000
12-26 18:13:21.732  2059  2059 D SurfaceFlinger:        DEVICE |           60086592471093 | 00000102 | RGBA_8888    |    0.0    0.0 2340.0 1080.0 |    0    0 1080 2340 | beb6089 SurfaceView[com.risa.app/com.risa.app.MainActivity]@0(BLAST)#75573 (5)
12-26 18:13:21.732  2059  2059 D SurfaceFlinger:        DEVICE |           60086592471095 | 00002100 | RGBA_8888    |    0.0    0.0 1080.0 2340.0 |    0    0 1080 2340 | com.risa.app/com.risa.app.MainActivity$_13990#75569 (2)
12-26 18:13:21.828  2812  3124 D SGM:GameManager: identifyForegroundApp. com.risa.app, mCurrentUserId: 0, callerUserId: 0
12-26 18:13:21.895  2812  3125 D SurfaceComposerClient: setCornerRadius ## acc3015 com.risa.app/com.risa.app.MainActivity#75445 cornerRadius=0.000000
12-26 18:13:21.912  2812  3125 D SurfaceComposerClient: setCornerRadius ## acc3015 com.risa.app/com.risa.app.MainActivity#75445 cornerRadius=0.000000
12-26 18:13:22.527  2812  2860 D SurfaceComposerClient: setCornerRadius ## acc3015 com.risa.app/com.risa.app.MainActivity#75445 cornerRadius=0.000000
12-26 18:13:22.527  2812  2860 D SurfaceComposerClient: setCornerRadius ## acc3015 com.risa.app/com.risa.app.MainActivity#75445 cornerRadius=0.000000
12-26 18:13:22.530  2812  7779 D SurfaceComposerClient: setCornerRadius ## acc3015 com.risa.app/com.risa.app.MainActivity#75445 cornerRadius=0.000000
12-26 18:13:22.530  2812  7779 D SurfaceComposerClient: setCornerRadius ## acc3015 com.risa.app/com.risa.app.MainActivity#75445 cornerRadius=0.000000
12-26 18:13:22.699 13990 13990 I flutter : EPG: Saved normalized mapping (310 entries) to /data/user/0/com.risa.app/files/epg_normalized.json
12-26 18:13:22.699 13990 13990 I flutter : EPG: Successfully parsed 300 channels and 305 IDs
12-26 18:13:22.699 13990 13990 I flutter : EPG: Service state - URL: https://dragtvplus.lol/xmltv.php?username=bobby&password=09052757, Available channels: 305, Loaded channels: 300
12-26 18:13:22.710 13990 13990 I flutter : EPG: Initializing...
12-26 18:13:22.712 13990 13990 I flutter : EPG: Initializing with URL: https://dragtvplus.lol/xmltv.php?username=bobby&password=09052757
12-26 18:13:22.716 13990 13990 I flutter : EPG: Loaded normalized mapping from file (310 entries)
12-26 18:13:22.717 13990 13990 I flutter : EPG: Cache is valid. Age: 34 minutes. Size: 66.00 MB
12-26 18:13:22.717 13990 13990 I flutter : EPG: Using valid cached file, skipping download.
12-26 18:13:22.718 13990 13990 I flutter : EPG: Starting background parsing...
12-26 18:13:22.727 13990 13990 I flutter : EPG: Init skipped (in flight)
12-26 18:13:23.123 13990 13990 I flutter : EPG: Persisted programs to DB (300 channels)
12-26 18:13:24.082 13990 13990 I flutter : EPG: Saved normalized mapping (310 entries) to /data/user/0/com.risa.app/files/epg_normalized.json
12-26 18:13:24.082 13990 13990 I flutter : EPG: Successfully parsed 300 channels and 305 IDs
12-26 18:13:24.082 13990 13990 I flutter : EPG: Service state - URL: https://dragtvplus.lol/xmltv.php?username=bobby&password=09052757, Available channels: 305, Loaded channels: 300
12-26 18:13:24.095 13990 13990 I flutter : EPG: Initializing...
12-26 18:13:24.098 13990 13990 I flutter : EPG: Initializing with URL: https://dragtvplus.lol/xmltv.php?username=bobby&password=09052757
12-26 18:13:24.105 13990 13990 I flutter : EPG: Loaded normalized mapping from file (310 entries)
12-26 18:13:24.107 13990 13990 I flutter : EPG: Cache is valid. Age: 34 minutes. Size: 66.00 MB
12-26 18:13:24.107 13990 13990 I flutter : EPG: Using valid cached file, skipping download.
12-26 18:13:24.108 13990 13990 I flutter : EPG: Starting background parsing...
12-26 18:13:24.112 13990 13990 I flutter : EPG: Init skipped (in flight)
12-26 18:13:24.366  2812  4617 D SGM:GameManager: identifyGamePackage. com.risa.app, mCurrentUserId: 0, callingMethodInfo: com.samsung.android.game.SemGameManager.isGamePackage(SemGameManager.java:106)
12-26 18:13:24.366  2812  4617 D SGM:SemGameManager: isGamePackage(), pkgName=com.risa.app, ret=false
12-26 18:13:24.619 13990 13990 I flutter : EPG: Persisted programs to DB (300 channels)
12-26 18:13:25.031  2812  8483 D SurfaceComposerClient: setCornerRadius ## acc3015 com.risa.app/com.risa.app.MainActivity#75445 cornerRadius=0.000000
12-26 18:13:25.032  2812  8483 D SurfaceComposerClient: setCornerRadius ## acc3015 com.risa.app/com.risa.app.MainActivity#75445 cornerRadius=0.000000
12-26 18:13:25.065  2059  2059 D SurfaceFlinger:        DEVICE |           60086592471092 | 00000102 | RGBA_8888    |    0.0    0.0 2340.0 1080.0 |    0    0 1080 2340 | beb6089 SurfaceView[com.risa.app/com.risa.app.MainActivity]@0(BLAST)#75573 (14)
12-26 18:13:25.065  2059  2059 D SurfaceFlinger:        DEVICE |           60086592471095 | 00002100 | RGBA_8888    |    0.0    0.0 1080.0 2340.0 |    0    0 1080 2340 | com.risa.app/com.risa.app.MainActivity$_13990#75569 (2)
12-26 18:13:25.485 13990 13990 I flutter : EPG: Saved normalized mapping (310 entries) to /data/user/0/com.risa.app/files/epg_normalized.json
12-26 18:13:25.485 13990 13990 I flutter : EPG: Successfully parsed 300 channels and 305 IDs
12-26 18:13:25.485 13990 13990 I flutter : EPG: Service state - URL: https://dragtvplus.lol/xmltv.php?username=bobby&password=09052757, Available channels: 305, Loaded channels: 300
12-26 18:13:25.497 13990 13990 I flutter : EPG: Initializing...
12-26 18:13:25.498 13990 13990 I flutter : EPG: Initializing with URL: https://dragtvplus.lol/xmltv.php?username=bobby&password=09052757
12-26 18:13:25.503 13990 13990 I flutter : EPG: Loaded normalized mapping from file (310 entries)
12-26 18:13:25.504 13990 13990 I flutter : EPG: Cache is valid. Age: 34 minutes. Size: 66.00 MB
12-26 18:13:25.504 13990 13990 I flutter : EPG: Using valid cached file, skipping download.
12-26 18:13:25.505 13990 13990 I flutter : EPG: Starting background parsing...
12-26 18:13:25.513 13990 13990 I flutter : EPG: Init skipped (in flight)
12-26 18:13:25.897 13990 13990 I flutter : EPG: Persisted programs to DB (300 channels)
12-26 18:13:25.901  1176  1176 D io_stats: !@ Write_top(KB): com.risa.app(13990) 74712 droid.daemonapp(15698) 1132 f2fs_ckpt-254:6(1290) 408
12-26 18:13:26.907 13990 13990 I flutter : EPG: Saved normalized mapping (310 entries) to /data/user/0/com.risa.app/files/epg_normalized.json
12-26 18:13:26.907 13990 13990 I flutter : EPG: Successfully parsed 300 channels and 305 IDs
12-26 18:13:26.907 13990 13990 I flutter : EPG: Service state - URL: https://dragtvplus.lol/xmltv.php?username=bobby&password=09052757, Available channels: 305, Loaded channels: 300
12-26 18:13:26.914 13990 13990 I flutter : EPG: Initializing...
12-26 18:13:26.916 13990 13990 I flutter : EPG: Initializing with URL: https://dragtvplus.lol/xmltv.php?username=bobby&password=09052757
12-26 18:13:26.920 13990 13990 I flutter : EPG: Loaded normalized mapping from file (310 entries)
12-26 18:13:26.921 13990 13990 I flutter : EPG: Cache is valid. Age: 34 minutes. Size: 66.00 MB
12-26 18:13:26.921 13990 13990 I flutter : EPG: Using valid cached file, skipping download.
12-26 18:13:26.922 13990 13990 I flutter : EPG: Starting background parsing...
12-26 18:13:26.931 13990 13990 I flutter : EPG: Init skipped (in flight)
12-26 18:13:27.263 13990 13990 I flutter : EPG: Persisted programs to DB (300 channels)
12-26 18:13:27.370  2812  4617 D SGM:GameManager: identifyGamePackage. com.risa.app, mCurrentUserId: 0, callingMethodInfo: com.samsung.android.game.SemGameManager.isGamePackage(SemGameManager.java:106)
12-26 18:13:27.371  2812  4617 D SGM:SemGameManager: isGamePackage(), pkgName=com.risa.app, ret=false
12-26 18:13:28.295 13990 13990 I flutter : EPG: Saved normalized mapping (310 entries) to /data/user/0/com.risa.app/files/epg_normalized.json
12-26 18:13:28.295 13990 13990 I flutter : EPG: Successfully parsed 300 channels and 305 IDs
12-26 18:13:28.295 13990 13990 I flutter : EPG: Service state - URL: https://dragtvplus.lol/xmltv.php?username=bobby&password=09052757, Available channels: 305, Loaded channels: 300
12-26 18:13:28.299 13990 13990 I flutter : EPG: Initializing...
12-26 18:13:28.301 13990 13990 I flutter : EPG: Initializing with URL: https://dragtvplus.lol/xmltv.php?username=bobby&password=09052757
12-26 18:13:28.307 13990 13990 I flutter : EPG: Loaded normalized mapping from file (310 entries)
12-26 18:13:28.308 13990 13990 I flutter : EPG: Cache is valid. Age: 34 minutes. Size: 66.00 MB
12-26 18:13:28.308 13990 13990 I flutter : EPG: Using valid cached file, skipping download.
12-26 18:13:28.309 13990 13990 I flutter : EPG: Starting background parsing...
12-26 18:13:28.316 13990 13990 I flutter : EPG: Init skipped (in flight)
12-26 18:13:28.844 13990 13990 I flutter : EPG: Persisted programs to DB (300 channels)
12-26 18:13:29.689 13990 13990 I flutter : EPG: Saved normalized mapping (310 entries) to /data/user/0/com.risa.app/files/epg_normalized.json
12-26 18:13:29.689 13990 13990 I flutter : EPG: Successfully parsed 300 channels and 305 IDs
12-26 18:13:29.689 13990 13990 I flutter : EPG: Service state - URL: https://dragtvplus.lol/xmltv.php?username=bobby&password=09052757, Available channels: 305, Loaded channels: 300
12-26 18:13:29.699 13990 13990 I flutter : EPG: Initializing...
12-26 18:13:29.701 13990 13990 I flutter : EPG: Initializing with URL: https://dragtvplus.lol/xmltv.php?username=bobby&password=09052757
12-26 18:13:29.706 13990 13990 I flutter : EPG: Loaded normalized mapping from file (310 entries)
12-26 18:13:29.707 13990 13990 I flutter : EPG: Cache is valid. Age: 34 minutes. Size: 66.00 MB
12-26 18:13:29.707 13990 13990 I flutter : EPG: Using valid cached file, skipping download.
12-26 18:13:29.707 13990 13990 I flutter : EPG: Starting background parsing...
12-26 18:13:29.716 13990 13990 I flutter : EPG: Init skipped (in flight)
12-26 18:13:29.903  1176  1176 D io_stats: !@ Write_top(KB): com.risa.app(13990) 70960 kworker/u16:15(19518) 3608 system_server(2812) 48
12-26 18:13:30.381  2812  4617 D SGM:GameManager: identifyGamePackage. com.risa.app, mCurrentUserId: 0, callingMethodInfo: com.samsung.android.game.SemGameManager.isGamePackage(SemGameManager.java:106)
12-26 18:13:30.381  2812  4617 D SGM:SemGameManager: isGamePackage(), pkgName=com.risa.app, ret=false
12-26 18:13:30.406 13990 13990 I flutter : EPG: Persisted programs to DB (300 channels)
12-26 18:13:31.108 13990 13990 I flutter : EPG: Saved normalized mapping (310 entries) to /data/user/0/com.risa.app/files/epg_normalized.json
12-26 18:13:31.108 13990 13990 I flutter : EPG: Successfully parsed 300 channels and 305 IDs
12-26 18:13:31.108 13990 13990 I flutter : EPG: Service state - URL: https://dragtvplus.lol/xmltv.php?username=bobby&password=09052757, Available channels: 305, Loaded channels: 300
12-26 18:13:31.119 13990 13990 I flutter : EPG: Initializing...
12-26 18:13:31.122 13990 13990 I flutter : EPG: Initializing with URL: https://dragtvplus.lol/xmltv.php?username=bobby&password=09052757
12-26 18:13:31.127 13990 13990 I flutter : EPG: Loaded normalized mapping from file (310 entries)
12-26 18:13:31.128 13990 13990 I flutter : EPG: Cache is valid. Age: 34 minutes. Size: 66.00 MB
12-26 18:13:31.128 13990 13990 I flutter : EPG: Using valid cached file, skipping download.
12-26 18:13:31.129 13990 13990 I flutter : EPG: Starting background parsing...
12-26 18:13:31.135 13990 13990 I flutter : EPG: Init skipped (in flight)
12-26 18:13:31.609 13990 13990 I flutter : EPG: Persisted programs to DB (300 channels)
12-26 18:13:32.537 13990 13990 I flutter : EPG: Saved normalized mapping (310 entries) to /data/user/0/com.risa.app/files/epg_normalized.json
12-26 18:13:32.537 13990 13990 I flutter : EPG: Successfully parsed 300 channels and 305 IDs
12-26 18:13:32.537 13990 13990 I flutter : EPG: Service state - URL: https://dragtvplus.lol/xmltv.php?username=bobby&password=09052757, Available channels: 305, Loaded channels: 300
12-26 18:13:32.552 13990 13990 I flutter : EPG: Initializing...
12-26 18:13:32.555 13990 13990 I flutter : EPG: Initializing with URL: https://dragtvplus.lol/xmltv.php?username=bobby&password=09052757
12-26 18:13:32.560 13990 13990 I flutter : EPG: Loaded normalized mapping from file (310 entries)
12-26 18:13:32.562 13990 13990 I flutter : EPG: Cache is valid. Age: 34 minutes. Size: 66.00 MB
12-26 18:13:32.562 13990 13990 I flutter : EPG: Using valid cached file, skipping download.
12-26 18:13:32.563 13990 13990 I flutter : EPG: Starting background parsing...
12-26 18:13:32.570 13990 13990 I flutter : EPG: Init skipped (in flight)
12-26 18:13:33.087 13990 13990 I flutter : EPG: Persisted programs to DB (300 channels)
12-26 18:13:33.406  2812  4617 D SGM:GameManager: identifyGamePackage. com.risa.app, mCurrentUserId: 0, callingMethodInfo: com.samsung.android.game.SemGameManager.isGamePackage(SemGameManager.java:106)
12-26 18:13:33.406  2812  4617 D SGM:SemGameManager: isGamePackage(), pkgName=com.risa.app, ret=false
12-26 18:13:33.905  1176  1176 D io_stats: !@ Write_top(KB): com.risa.app(13990) 55252 droid.daemonapp(15698) 8 le.watch7plugin(9438) 4
12-26 18:13:33.957 13990 13990 I flutter : EPG: Saved normalized mapping (310 entries) to /data/user/0/com.risa.app/files/epg_normalized.json
12-26 18:13:33.958 13990 13990 I flutter : EPG: Successfully parsed 300 channels and 305 IDs
12-26 18:13:33.958 13990 13990 I flutter : EPG: Service state - URL: https://dragtvplus.lol/xmltv.php?username=bobby&password=09052757, Available channels: 305, Loaded channels: 300
12-26 18:13:33.972 13990 13990 I flutter : EPG: Initializing...
12-26 18:13:33.976 13990 13990 I flutter : EPG: Initializing with URL: https://dragtvplus.lol/xmltv.php?username=bobby&password=09052757
12-26 18:13:33.985 13990 13990 I flutter : EPG: Loaded normalized mapping from file (310 entries)
12-26 18:13:33.987 13990 13990 I flutter : EPG: Cache is valid. Age: 34 minutes. Size: 66.00 MB
12-26 18:13:33.987 13990 13990 I flutter : EPG: Using valid cached file, skipping download.
12-26 18:13:33.988 13990 13990 I flutter : EPG: Starting background parsing...
12-26 18:13:33.989 13990 13990 I flutter : EPG: Init skipped (in flight)
12-26 18:13:34.588 13990 13990 I flutter : EPG: Persisted programs to DB (300 channels)
12-26 18:13:35.385 13990 13990 I flutter : EPG: Saved normalized mapping (310 entries) to /data/user/0/com.risa.app/files/epg_normalized.json
12-26 18:13:35.385 13990 13990 I flutter : EPG: Successfully parsed 300 channels and 305 IDs
12-26 18:13:35.385 13990 13990 I flutter : EPG: Service state - URL: https://dragtvplus.lol/xmltv.php?username=bobby&password=09052757, Available channels: 305, Loaded channels: 300
12-26 18:13:35.390 13990 13990 I flutter : EPG: Initializing...
12-26 18:13:35.392 13990 13990 I flutter : EPG: Initializing with URL: https://dragtvplus.lol/xmltv.php?username=bobby&password=09052757
12-26 18:13:35.397 13990 13990 I flutter : EPG: Loaded normalized mapping from file (310 entries)
12-26 18:13:35.398 13990 13990 I flutter : EPG: Cache is valid. Age: 34 minutes. Size: 66.00 MB
12-26 18:13:35.398 13990 13990 I flutter : EPG: Using valid cached file, skipping download.
12-26 18:13:35.399 13990 13990 I flutter : EPG: Starting background parsing...
12-26 18:13:35.407 13990 13990 I flutter : EPG: Init skipped (in flight)
12-26 18:13:36.046 13990 13990 I flutter : EPG: Persisted programs to DB (300 channels)
12-26 18:13:36.418  2812  4617 D SGM:GameManager: identifyGamePackage. com.risa.app, mCurrentUserId: 0, callingMethodInfo: com.samsung.android.game.SemGameManager.isGamePackage(SemGameManager.java:106)
12-26 18:13:36.418  2812  4617 D SGM:SemGameManager: isGamePackage(), pkgName=com.risa.app, ret=false
12-26 18:13:36.806 13990 13990 I flutter : EPG: Saved normalized mapping (310 entries) to /data/user/0/com.risa.app/files/epg_normalized.json
12-26 18:13:36.807 13990 13990 I flutter : EPG: Successfully parsed 300 channels and 305 IDs
12-26 18:13:36.807 13990 13990 I flutter : EPG: Service state - URL: https://dragtvplus.lol/xmltv.php?username=bobby&password=09052757, Available channels: 305, Loaded channels: 300
12-26 18:13:36.808 13990 13990 I flutter : EPG: Initializing...
12-26 18:13:36.811 13990 13990 I flutter : EPG: Initializing with URL: https://dragtvplus.lol/xmltv.php?username=bobby&password=09052757
12-26 18:13:36.814 13990 13990 I flutter : EPG: Loaded normalized mapping from file (310 entries)
12-26 18:13:36.815 13990 13990 I flutter : EPG: Cache is valid. Age: 34 minutes. Size: 66.00 MB
12-26 18:13:36.815 13990 13990 I flutter : EPG: Using valid cached file, skipping download.
12-26 18:13:36.816 13990 13990 I flutter : EPG: Starting background parsing...
12-26 18:13:36.825 13990 13990 I flutter : EPG: Init skipped (in flight)
12-26 18:13:37.453 13990 13990 I flutter : EPG: Persisted programs to DB (300 channels)
12-26 18:13:37.907  1176  1176 D io_stats: !@ Write_top(KB): com.risa.app(13990) 73356 kworker/u16:15(19518) 7504 rdash.driverapp(4350) 28
12-26 18:13:38.217 13990 13990 I flutter : EPG: Saved normalized mapping (310 entries) to /data/user/0/com.risa.app/files/epg_normalized.json
12-26 18:13:38.217 13990 13990 I flutter : EPG: Successfully parsed 300 channels and 305 IDs
12-26 18:13:38.217 13990 13990 I flutter : EPG: Service state - URL: https://dragtvplus.lol/xmltv.php?username=bobby&password=09052757, Available channels: 305, Loaded channels: 300
12-26 18:13:38.226 13990 13990 I flutter : EPG: Initializing...
12-26 18:13:38.228 13990 13990 I flutter : EPG: Initializing with URL: https://dragtvplus.lol/xmltv.php?username=bobby&password=09052757
12-26 18:13:38.234 13990 13990 I flutter : EPG: Loaded normalized mapping from file (310 entries)
12-26 18:13:38.235 13990 13990 I flutter : EPG: Cache is valid. Age: 34 minutes. Size: 66.00 MB
12-26 18:13:38.235 13990 13990 I flutter : EPG: Using valid cached file, skipping download.
12-26 18:13:38.235 13990 13990 I flutter : EPG: Starting background parsing...
12-26 18:13:38.243 13990 13990 I flutter : EPG: Init skipped (in flight)
12-26 18:13:38.795 13990 13990 I flutter : EPG: Persisted programs to DB (300 channels)
12-26 18:13:39.418  2812  4617 D SGM:GameManager: identifyGamePackage. com.risa.app, mCurrentUserId: 0, callingMethodInfo: com.samsung.android.game.SemGameManager.isGamePackage(SemGameManager.java:106)
12-26 18:13:39.418  2812  4617 D SGM:SemGameManager: isGamePackage(), pkgName=com.risa.app, ret=false
12-26 18:13:39.547 13990 13990 I flutter : EPG: Saved normalized mapping (310 entries) to /data/user/0/com.risa.app/files/epg_normalized.json
12-26 18:13:39.547 13990 13990 I flutter : EPG: Successfully parsed 300 channels and 305 IDs
12-26 18:13:39.547 13990 13990 I flutter : EPG: Service state - URL: https://dragtvplus.lol/xmltv.php?username=bobby&password=09052757, Available channels: 305, Loaded channels: 300
12-26 18:13:39.561 13990 13990 I flutter : EPG: Initializing...
12-26 18:13:39.563 13990 13990 I flutter : EPG: Initializing with URL: https://dragtvplus.lol/xmltv.php?username=bobby&password=09052757
12-26 18:13:39.566 13990 13990 I flutter : EPG: Loaded normalized mapping from file (310 entries)
12-26 18:13:39.567 13990 13990 I flutter : EPG: Cache is valid. Age: 34 minutes. Size: 66.00 MB
12-26 18:13:39.567 13990 13990 I flutter : EPG: Using valid cached file, skipping download.
12-26 18:13:39.567 13990 13990 I flutter : EPG: Starting background parsing...
12-26 18:13:39.578 13990 13990 I flutter : EPG: Init skipped (in flight)
12-26 18:13:39.957 13990 13990 I flutter : EPG: Persisted programs to DB (300 channels)
12-26 18:13:40.876 13990 13990 I flutter : EPG: Saved normalized mapping (310 entries) to /data/user/0/com.risa.app/files/epg_normalized.json
12-26 18:13:40.876 13990 13990 I flutter : EPG: Successfully parsed 300 channels and 305 IDs
12-26 18:13:40.876 13990 13990 I flutter : EPG: Service state - URL: https://dragtvplus.lol/xmltv.php?username=bobby&password=09052757, Available channels: 305, Loaded channels: 300
12-26 18:13:40.879 13990 13990 I flutter : EPG: Initializing...
12-26 18:13:40.881 13990 13990 I flutter : EPG: Initializing with URL: https://dragtvplus.lol/xmltv.php?username=bobby&password=09052757
12-26 18:13:40.885 13990 13990 I flutter : EPG: Loaded normalized mapping from file (310 entries)
12-26 18:13:40.886 13990 13990 I flutter : EPG: Cache is valid. Age: 34 minutes. Size: 66.00 MB
12-26 18:13:40.886 13990 13990 I flutter : EPG: Using valid cached file, skipping download.
12-26 18:13:40.887 13990 13990 I flutter : EPG: Starting background parsing...
12-26 18:13:40.895 13990 13990 I flutter : EPG: Init skipped (in flight)
12-26 18:13:41.268 13990 13990 I flutter : EPG: Persisted programs to DB (300 channels)
12-26 18:13:41.910  1176  1176 D io_stats: !@ Write_top(KB): com.risa.app(13990) 74748 kworker/u16:15(19518) 232 adiotime.player(16114) 152
12-26 18:13:42.234 13990 13990 I flutter : EPG: Saved normalized mapping (310 entries) to /data/user/0/com.risa.app/files/epg_normalized.json
12-26 18:13:42.234 13990 13990 I flutter : EPG: Successfully parsed 300 channels and 305 IDs
12-26 18:13:42.234 13990 13990 I flutter : EPG: Service state - URL: https://dragtvplus.lol/xmltv.php?username=bobby&password=09052757, Available channels: 305, Loaded channels: 300
12-26 18:13:42.247 13990 13990 I flutter : EPG: Initializing...
12-26 18:13:42.250 13990 13990 I flutter : EPG: Initializing with URL: https://dragtvplus.lol/xmltv.php?username=bobby&password=09052757
12-26 18:13:42.260 13990 13990 I flutter : EPG: Loaded normalized mapping from file (310 entries)
12-26 18:13:42.261 13990 13990 I flutter : EPG: Cache is valid. Age: 34 minutes. Size: 66.00 MB
12-26 18:13:42.262 13990 13990 I flutter : EPG: Using valid cached file, skipping download.
12-26 18:13:42.262 13990 13990 I flutter : EPG: Starting background parsing...
12-26 18:13:42.264 13990 13990 I flutter : EPG: Init skipped (in flight)
12-26 18:13:42.449  2812  4617 D SGM:GameManager: identifyGamePackage. com.risa.app, mCurrentUserId: 0, callingMethodInfo: com.samsung.android.game.SemGameManager.isGamePackage(SemGameManager.java:106)
12-26 18:13:42.449  2812  4617 D SGM:SemGameManager: isGamePackage(), pkgName=com.risa.app, ret=false
12-26 18:13:42.961 13990 13990 I flutter : EPG: Persisted programs to DB (300 channels)
12-26 18:13:43.689 13990 13990 I flutter : EPG: Saved normalized mapping (310 entries) to /data/user/0/com.risa.app/files/epg_normalized.json
12-26 18:13:43.689 13990 13990 I flutter : EPG: Successfully parsed 300 channels and 305 IDs
12-26 18:13:43.689 13990 13990 I flutter : EPG: Service state - URL: https://dragtvplus.lol/xmltv.php?username=bobby&password=09052757, Available channels: 305, Loaded channels: 300
12-26 18:13:43.697 13990 13990 I flutter : EPG: Initializing...
12-26 18:13:43.700 13990 13990 I flutter : EPG: Initializing with URL: https://dragtvplus.lol/xmltv.php?username=bobby&password=09052757
12-26 18:13:43.707 13990 13990 I flutter : EPG: Loaded normalized mapping from file (310 entries)
12-26 18:13:43.708 13990 13990 I flutter : EPG: Cache is valid. Age: 34 minutes. Size: 66.00 MB
12-26 18:13:43.708 13990 13990 I flutter : EPG: Using valid cached file, skipping download.
12-26 18:13:43.708 13990 13990 I flutter : EPG: Starting background parsing...
12-26 18:13:43.715 13990 13990 I flutter : EPG: Init skipped (in flight)
12-26 18:13:44.314 13990 13990 I flutter : EPG: Persisted programs to DB (300 channels)
12-26 18:13:45.243 13990 13990 I flutter : EPG: Saved normalized mapping (310 entries) to /data/user/0/com.risa.app/files/epg_normalized.json
12-26 18:13:45.243 13990 13990 I flutter : EPG: Successfully parsed 300 channels and 305 IDs
12-26 18:13:45.243 13990 13990 I flutter : EPG: Service state - URL: https://dragtvplus.lol/xmltv.php?username=bobby&password=09052757, Available channels: 305, Loaded channels: 300
12-26 18:13:45.250 13990 13990 I flutter : EPG: Initializing...
12-26 18:13:45.253 13990 13990 I flutter : EPG: Initializing with URL: https://dragtvplus.lol/xmltv.php?username=bobby&password=09052757
12-26 18:13:45.258 13990 13990 I flutter : EPG: Loaded normalized mapping from file (310 entries)
12-26 18:13:45.259 13990 13990 I flutter : EPG: Cache is valid. Age: 34 minutes. Size: 66.00 MB
12-26 18:13:45.259 13990 13990 I flutter : EPG: Using valid cached file, skipping download.
12-26 18:13:45.260 13990 13990 I flutter : EPG: Starting background parsing...
12-26 18:13:45.267 13990 13990 I flutter : EPG: Init skipped (in flight)
12-26 18:13:45.454  2812  4617 D SGM:GameManager: identifyGamePackage. com.risa.app, mCurrentUserId: 0, callingMethodInfo: com.samsung.android.game.SemGameManager.isGamePackage(SemGameManager.java:106)
12-26 18:13:45.454  2812  4617 D SGM:SemGameManager: isGamePackage(), pkgName=com.risa.app, ret=false
12-26 18:13:45.911  1176  1176 D io_stats: !@ Write_top(KB): com.risa.app(13990) 74216 kworker/u16:3(9199) 5884
12-26 18:13:45.986 13990 13990 I flutter : EPG: Persisted programs to DB (300 channels)
12-26 18:13:46.781 13990 13990 I flutter : EPG: Saved normalized mapping (310 entries) to /data/user/0/com.risa.app/files/epg_normalized.json
12-26 18:13:46.781 13990 13990 I flutter : EPG: Successfully parsed 300 channels and 305 IDs
12-26 18:13:46.781 13990 13990 I flutter : EPG: Service state - URL: https://dragtvplus.lol/xmltv.php?username=bobby&password=09052757, Available channels: 305, Loaded channels: 300
12-26 18:13:46.785 13990 13990 I flutter : EPG: Initializing...
12-26 18:13:46.788 13990 13990 I flutter : EPG: Initializing with URL: https://dragtvplus.lol/xmltv.php?username=bobby&password=09052757
12-26 18:13:46.793 13990 13990 I flutter : EPG: Loaded normalized mapping from file (310 entries)
12-26 18:13:46.795 13990 13990 I flutter : EPG: Cache is valid. Age: 34 minutes. Size: 66.00 MB
12-26 18:13:46.795 13990 13990 I flutter : EPG: Using valid cached file, skipping download.
12-26 18:13:46.796 13990 13990 I flutter : EPG: Starting background parsing...
12-26 18:13:46.801 13990 13990 I flutter : EPG: Init skipped (in flight)
12-26 18:13:47.527 13990 13990 I flutter : EPG: Persisted programs to DB (300 channels)
12-26 18:13:48.326 13990 13990 I flutter : EPG: Saved normalized mapping (310 entries) to /data/user/0/com.risa.app/files/epg_normalized.json
12-26 18:13:48.326 13990 13990 I flutter : EPG: Successfully parsed 300 channels and 305 IDs
