12-26 19:21:23.997  2812  3125 D SurfaceComposerClient: setCornerRadius ## 10b5f71 Splash Screen com.risa.app#77981 cornerRadius=0.000000
12-26 19:21:23.997  2812  3125 D SurfaceComposerClient: setCornerRadius ## 97c905b com.risa.app/com.risa.app.MainActivity#77991 cornerRadius=0.000000
12-26 19:21:24.005  2059  2059 I SurfaceFlinger: RequestedLayer [1f63524 SurfaceView[com.risa.app/com.risa.app.MainActivity]@0#77997] hidden!! flag  from(1) --> to(0)
12-26 19:21:24.005  2059  2059 I SurfaceFlinger: RequestedLayer [Bounds for - com.risa.app/com.risa.app.MainActivity@0#77996] hidden!! flag  from(1) --> to(0)
12-26 19:21:24.005  2059  2059 I SurfaceFlinger: RequestedLayer [Background for 1f63524 SurfaceView[c[...]p/com.risa.app.MainActivity]@0#77999] hidden!! flag  from(1) --> to(0)
12-26 19:21:24.005  2059  2059 I SurfaceFlinger: [LayerHierarchy{RequestedLayerState{Background for 1f63524 SurfaceView[com.risa.app/com.risa.app.MainActivity]@0#77999 parentId=77997 relativeParentId=77993 z=-2147483648} no children}] RelativeParent to LayerHierarchy{RequestedLayerState{com.risa.app/com.risa.app.MainActivity$_2959#77993 parentId=77991} 2 children}
12-26 19:21:24.005  2059  2059 I SurfaceFlinger: [LayerHierarchy{RequestedLayerState{1f63524 SurfaceView[com.risa.app/com.risa.app.MainActivity]@0#77997 parentId=77996 relativeParentId=77993 z=-2} 2 children}] RelativeParent to LayerHierarchy{RequestedLayerState{com.risa.app/com.risa.app.MainActivity$_2959#77993 parentId=77991} 3 children}
12-26 19:21:24.005  2059  2059 I SurfaceFlinger: [Surface(name=97c905b com.risa.app/com.risa.app.MainActivity)/@0x19e8cc - animation-leash of starting_reveal#78000] attach to parent LayerHierarchy{RequestedLayerState{ActivityRecord{71983042 u0 com.risa.app/.MainActivity t21292}#77936 parentId=77935} 5 children}
12-26 19:21:24.022  2059  2059 I SurfaceFlinger: RequestedLayer [com.risa.app/com.risa.app.MainActivity$_2959#77993] hidden!! flag  from(1) --> to(0)
12-26 19:21:24.022  2059  2059 I SurfaceFlinger: [LayerHierarchy{RequestedLayerState{97c905b com.risa.app/com.risa.app.MainActivity#77991 parentId=78000} 1 children}] reparent to LayerHierarchy{RequestedLayerState{Surface(name=97c905b com.risa.app/com.risa.app.MainActivity)/@0x19e8cc - animation-leash of starting_reveal#78000 parentId=77936} 1 children}
12-26 19:21:24.027  2812  3125 D SurfaceComposerClient: setCornerRadius ## 10b5f71 Splash Screen com.risa.app#77981 cornerRadius=0.000000
12-26 19:21:24.027  2812  3125 D SurfaceComposerClient: setCornerRadius ## 97c905b com.risa.app/com.risa.app.MainActivity#77991 cornerRadius=0.000000
12-26 19:21:24.029  2059  2059 D SurfaceFlinger:        DEVICE |           12708808228878 | 00000102 | RGBA_8888    |    0.0    0.0 2340.0 1024.0 |    0    0 1024 2340 | 1f63524 SurfaceView[com.risa.app/com.risa.app.MainActivity]@0(BLAST)#77998 (3)
12-26 19:21:24.029  2059  2059 D SurfaceFlinger:        DEVICE |           12708808228881 | 00002100 | RGBA_8888    |   56.0    0.0 1080.0 2340.0 |    0    0 1024 2340 | com.risa.app/com.risa.app.MainActivity$_2959#77993 (1)
12-26 19:21:24.029  2059  2059 D SurfaceFlinger:        DEVICE |           20371029913492 | 00002100 | RGBA_8888    |    0.0    0.0 2340.0 1080.0 |    0    0 1080 2340 | Splash Screen com.risa.app$_4743#77984 (2)
12-26 19:21:24.029  2812  7783 D InputDispatcher: Focus entered window (0): 97c905b com.risa.app/com.risa.app.MainActivity
12-26 19:21:24.032  2812  4220 I ImeTracker: com.risa.app:bb9d393a: onRequestHide at ORIGIN_SERVER reason HIDE_UNSPECIFIED_WINDOW fromUser false
12-26 19:21:24.037  2959  2959 I ImeTracker: com.risa.app:bb9d393a: onCancelled at PHASE_CLIENT_ALREADY_HIDDEN
12-26 19:21:24.039  2812  4151 D InsetsSourceProvider: updateControlForTarget: control=InsetsSourceControl: {3 mType=ime mSurfacePosition=Point(84, 84) mInsetsHint=Insets{left=0, top=0, right=0, bottom=586}}, target=Window{97c905b u0 com.risa.app/com.risa.app.MainActivity}, from=com.android.server.wm.ImeInsetsSourceProvider.updateControlForTarget:17 com.android.server.wm.InsetsStateController.onControlTargetChanged:83 com.android.server.wm.DisplayContent.updateImeControlTarget:21 com.android.server.wm.DisplayContent.updateImeInputAndControlTarget:156 com.android.server.wm.WindowManagerService$LocalService.updateInputMethodTargetWindow:64 
12-26 19:21:24.040  2812  3125 D SurfaceComposerClient: setCornerRadius ## 10b5f71 Splash Screen com.risa.app#77981 cornerRadius=0.000000
12-26 19:21:24.040  2812  3125 D SurfaceComposerClient: setCornerRadius ## 97c905b com.risa.app/com.risa.app.MainActivity#77991 cornerRadius=0.000000
12-26 19:21:24.044  2812  4151 I WindowManager: Relayout Window{10b5f71 u0 Splash Screen com.risa.app}: viewVisibility=8 req=2340x1080 ty=3 d0
12-26 19:21:24.044  2812  4151 D SurfaceComposerClient: setCornerRadius ## 97c905b com.risa.app/com.risa.app.MainActivity#77991 cornerRadius=0.000000
12-26 19:21:24.045  2812  4151 D SurfaceComposerClient: setCornerRadius ## 10b5f71 Splash Screen com.risa.app#77981 cornerRadius=0.000000
12-26 19:21:24.045  2812  4151 D SurfaceComposerClient: setCornerRadius ## 97c905b com.risa.app/com.risa.app.MainActivity#77991 cornerRadius=0.000000
12-26 19:21:24.047  2812  4151 D WindowManager: Starting window removed Window{10b5f71 u0 Splash Screen com.risa.app}
12-26 19:21:24.047  2812  4151 I WindowManager: Cancelling animation restarting=false, leash=Surface(name=Surface(name=97c905b com.risa.app/com.risa.app.MainActivity)/@0x19e8cc - animation-leash of starting_reveal)/@0x9be7715
12-26 19:21:24.047  2812  4151 I WindowManager: Reparenting to original parent: Surface(name=ActivityRecord{71983042 u0 com.risa.app/.MainActivity t21292})/@0x7ecc94d, destroy=false, surface=Surface(name=97c905b com.risa.app/com.risa.app.MainActivity)/@0x19e8cc
12-26 19:21:24.047  2812  4151 V WindowManager: Remove Window{10b5f71 u0 Splash Screen com.risa.app}: mSurfaceControl=Surface(name=Splash Screen com.risa.app$_4743)/@0x27bf1a6 mAnimatingExit=false mRemoveOnExit=false mHasSurface=true surfaceShowing=true animating=false app-animation=false callers=com.android.server.wm.Session.remove:16 android.view.IWindowSession$Stub.onTransact:804 com.android.server.wm.Session.onTransact:1 android.os.Binder.execTransactInternal:1462 android.os.Binder.execTransact:1401 <bottom of call stack> 
12-26 19:21:24.047  2812  4151 D SurfaceComposerClient: setCornerRadius ## 97c905b com.risa.app/com.risa.app.MainActivity#77991 cornerRadius=0.000000
12-26 19:21:24.048  2812  4151 D SurfaceComposerClient: setCornerRadius ## 97c905b com.risa.app/com.risa.app.MainActivity#77991 cornerRadius=0.000000
12-26 19:21:24.048  2812  3125 D SurfaceComposerClient: setCornerRadius ## 97c905b com.risa.app/com.risa.app.MainActivity#77991 cornerRadius=0.000000
12-26 19:21:24.051  8163  8163 I HBD     : b [AiWriter] setContact : com.risa.app
12-26 19:21:24.056  2812  3125 D SurfaceComposerClient: setCornerRadius ## 97c905b com.risa.app/com.risa.app.MainActivity#77991 cornerRadius=0.000000
12-26 19:21:24.072  2059  2059 I SurfaceFlinger: [LayerHierarchy{RequestedLayerState{ImeContainer#15 parentId=77936 relativeParentId=77991 z=1} 1 children}] RelativeParent to LayerHierarchy{RequestedLayerState{97c905b com.risa.app/com.risa.app.MainActivity#77991 parentId=77936} 2 children}
12-26 19:21:24.072  2059  2059 I SurfaceFlinger: [LayerHierarchy{RequestedLayerState{10b5f71 Splash Screen com.risa.app#77981 z=2147483647} 1 children}] reparent to OffscreenRoot
12-26 19:21:24.072  2059  2059 I SurfaceFlinger: [LayerHierarchy{RequestedLayerState{10b5f71 Splash Screen com.risa.app#77981 z=2147483647} 1 children}] RelativeParent to null
12-26 19:21:24.072  2059  2059 I SurfaceFlinger: [LayerHierarchy{RequestedLayerState{97c905b com.risa.app/com.risa.app.MainActivity#77991 parentId=77936} 2 children}] reparent to LayerHierarchy{RequestedLayerState{ActivityRecord{71983042 u0 com.risa.app/.MainActivity t21292}#77936 parentId=77935} 4 children}
12-26 19:21:24.072  2059  2059 I SurfaceFlinger: [LayerHierarchy{RequestedLayerState{Splash Screen com.risa.app$_4743#77984} no children}] reparent to OffscreenRoot
12-26 19:21:24.072  2059  2059 I SurfaceFlinger: [LayerHierarchy{RequestedLayerState{Splash Screen com.risa.app$_4743#77984} no children}] RelativeParent to null
12-26 19:21:24.072  2059  2059 I SurfaceFlinger: [LayerHierarchy{RequestedLayerState{Surface(name=97c905b com.risa.app/com.risa.app.MainActivity)/@0x19e8cc - animation-leash of starting_reveal#78000} no children}] reparent to OffscreenRoot
12-26 19:21:24.072  2059  2059 I SurfaceFlinger: [LayerHierarchy{RequestedLayerState{Surface(name=97c905b com.risa.app/com.risa.app.MainActivity)/@0x19e8cc - animation-leash of starting_reveal#78000} no children}] RelativeParent to null
12-26 19:21:24.076  2059  2426 I SurfaceFlinger: id=77981 Removed 10b5f71 Splash Screen com.risa.app#77981 (336)
12-26 19:21:24.076  2059  2426 I SurfaceFlinger: id=77984 Removed Splash Screen com.risa.app$_4743#77984 (336)
12-26 19:21:24.077  2812  3125 D SurfaceComposerClient: setCornerRadius ## 97c905b com.risa.app/com.risa.app.MainActivity#77991 cornerRadius=0.000000
12-26 19:21:24.079  2059  2059 D SurfaceFlinger:        DEVICE |           12708808228876 | 00000102 | RGBA_8888    |    0.0    0.0 2340.0 1080.0 |    0    0 1080 2340 | 1f63524 SurfaceView[com.risa.app/com.risa.app.MainActivity]@0(BLAST)#77998 (6)
12-26 19:21:24.079  2059  2059 D SurfaceFlinger:        DEVICE |           12708808228881 | 00002100 | RGBA_8888    |    0.0    0.0 1080.0 2340.0 |    0    0 1080 2340 | com.risa.app/com.risa.app.MainActivity$_2959#77993 (1)
12-26 19:21:24.088  2059  2059 I SurfaceFlinger: destroyed 10b5f71 Splash Screen com.risa.app#77981 form LifecycleManager
12-26 19:21:24.088  2059  2059 I SurfaceFlinger: destroyed Splash Screen com.risa.app$_4743#77984 form LifecycleManager
12-26 19:21:24.088  2059  2059 I SurfaceFlinger: id=77981 onLayerDestroyed from LayerHierarchyBuilder(RequestedLayerState{10b5f71 Splash Screen com.risa.app#77981 !handle z=2147483647})
12-26 19:21:24.088  2059  2059 I SurfaceFlinger: id=77984 onLayerDestroyed from LayerHierarchyBuilder(RequestedLayerState{Splash Screen com.risa.app$_4743#77984 !handle})
12-26 19:21:24.089  2059  2059 I Layer   : id=77981 Destroyed 10b5f71 Splash Screen com.risa.app#77981
12-26 19:21:24.089  2059  2059 I Layer   : id=77984 Destroyed Splash Screen com.risa.app$_4743#77984
12-26 19:21:24.120  2959  2959 I flutter : startup: 314ms - StartupLoader: ready to enter MyApp
12-26 19:21:24.122  2959  2959 I flutter : startup: 316ms - MyAppState initState
12-26 19:21:24.122  2959  2959 I flutter : startup: 316ms - MyApp initialization: clear old playlists
12-26 19:21:24.123  2959  2959 I flutter : startup: 317ms - MyApp initialization: playlists cleared
12-26 19:21:24.123  2959  2959 I flutter : startup: 317ms - MyApp initialization: check disclaimer
12-26 19:21:24.123  2959  2959 I flutter : startup: 317ms - MyApp initialization: disclaimer checked
12-26 19:21:24.123  2959  2959 I flutter : startup: 317ms - MyApp initialization: check/load playlist
12-26 19:21:24.124  2959  2959 I flutter : Main: Saved computed epg_url for Xtream: https://dragtvplus.lol/xmltv.php?username=bobby&password=09052757
12-26 19:21:24.124  2959  2959 I flutter : startup: 318ms - MyApp initialization: playlist check finished
12-26 19:21:24.124  2959  2959 I flutter : startup: 318ms - MyApp initialization: complete
12-26 19:21:24.140  2959  2959 I flutter : content_focus: Shell registered focus callback token=1
12-26 19:21:24.140  2959  2959 I flutter : content_focus: Registered content focus: LiveTVScreen (token: 1)
12-26 19:21:24.140  2959  2959 I flutter : EPG: Initializing...
12-26 19:21:24.140  2959  2959 I flutter : EPG: Init skipped (in flight)
12-26 19:21:24.158  2959  2959 I flutter : startup: 352ms - ChannelProvider.autoLoadPlaylist invoked
12-26 19:21:24.158  2959  2959 I flutter : ChannelProvider: Auto-loading playlist...
12-26 19:21:24.160  2812  7912 D CoreBackPreview: Window{97c905b u0 com.risa.app/com.risa.app.MainActivity}: Setting back callback OnBackInvokedCallbackInfo{mCallback=android.window.IOnBackInvokedCallback$Stub$Proxy@8eaacdf, mPriority=0, mIsAnimationCallback=true, mOverrideBehavior=0}
12-26 19:21:24.160  2959  2959 W WindowOnBackDispatcher: sendCancelIfRunning: isInProgress=false callback=io.flutter.embedding.android.FlutterActivity$1@3b019d
12-26 19:21:24.160  2812  7912 D CoreBackPreview: Window{97c905b u0 com.risa.app/com.risa.app.MainActivity}: Setting back callback OnBackInvokedCallbackInfo{mCallback=android.window.IOnBackInvokedCallback$Stub$Proxy@11bd2c, mPriority=-1, mIsAnimationCallback=false, mOverrideBehavior=0}
12-26 19:21:24.167  2959  2959 I flutter : EPG: Initializing with URL: https://dragtvplus.lol/xmltv.php?username=bobby&password=09052757
12-26 19:21:24.168  2959  2959 I flutter : EPG: Loaded normalized mapping from file (317 entries)
12-26 19:21:24.168  2959  2959 I flutter : ChannelProvider: Playlist type: xtream
12-26 19:21:24.168  2959  2959 I flutter : ChannelProvider: Xtream account configured
12-26 19:21:24.168  2959  2959 I flutter : ChannelProvider: Loading playlist URL: https://dragtvplus.lol/get.php?username=bobby&password=09052757&type=m3u_plus&output=ts
12-26 19:21:24.168  2959  2959 I flutter : startup: 362ms - ChannelProvider.autoLoadPlaylist: downloading playlist
12-26 19:21:24.168  2959  2959 I flutter : [PERF] START: PLAYLIST_LOAD_TOTAL
12-26 19:21:24.168  2959  2959 I flutter : [PERF] Memory check (Before playlist load)
12-26 19:21:24.168  2959  2959 I flutter : [PERF] START: PLAYLIST_LOAD_TOTAL
12-26 19:21:24.168  2959  2959 I flutter : ChannelProvider: Loading playlist from URL: https://dragtvplus.lol/get.php?username=bobby&password=09052757&type=m3u_plus&output=ts (using PlaylistLoader)
12-26 19:21:24.168  2959  2959 I flutter : EPG: Loaded 0 mappings from DB
12-26 19:21:24.169  2959  2959 I flutter : EPG: Cache is valid. Age: 3 minutes. Size: 65.30 MB
12-26 19:21:24.169  2959  2959 I flutter : EPG: Using valid cached file, skipping download.
12-26 19:21:24.169  2959  2959 I flutter : EPG: Starting background parsing...
12-26 19:21:24.173  2959  2959 I flutter : EPG: Init skipped (already loading)
12-26 19:21:24.179  2959  2959 I flutter : ChannelProvider: DB channel page failed: Unsupported operation: read-only
12-26 19:21:24.403  2812  4657 D NetdEventListenerService: DNS Requested by 184, 11279(com.risa.app), SUCCESS, 229ms
12-26 19:21:24.405  2812  4657 D NetdEventListenerService: DNS Requested by 184, 11279(com.risa.app), SUCCESS, 219ms
12-26 19:21:24.540  2812  3124 D SGM:GameManager: identifyForegroundApp. com.risa.app, mCurrentUserId: 0, callerUserId: 0
12-26 19:21:25.379  2812  4617 D SGM:GameManager: identifyGamePackage. com.risa.app, mCurrentUserId: 0, callingMethodInfo: com.samsung.android.game.SemGameManager.isGamePackage(SemGameManager.java:106)
12-26 19:21:25.379  2812  4617 D SGM:SemGameManager: isGamePackage(), pkgName=com.risa.app, ret=false
12-26 19:21:25.659  2959  2959 I flutter : startup: 1853ms - ChannelProvider.autoLoadPlaylist invoked
12-26 19:21:25.659  2959  2959 I flutter : ChannelProvider: Auto-loading playlist...
12-26 19:21:25.662  2959  2959 I flutter : ChannelProvider: Playlist type: xtream
12-26 19:21:25.662  2959  2959 I flutter : ChannelProvider: Xtream account configured
12-26 19:21:25.662  2959  2959 I flutter : ChannelProvider: Loading playlist URL: https://dragtvplus.lol/get.php?username=bobby&password=09052757&type=m3u_plus&output=ts
12-26 19:21:25.662  2959  2959 I flutter : startup: 1856ms - ChannelProvider.autoLoadPlaylist: downloading playlist
12-26 19:21:25.662  2959  2959 I flutter : [PERF] START: PLAYLIST_LOAD_TOTAL
12-26 19:21:25.662  2959  2959 I flutter : [PERF] Memory check (Before playlist load)
12-26 19:21:25.662  2959  2959 I flutter : [PERF] START: PLAYLIST_LOAD_TOTAL
12-26 19:21:25.662  2959  2959 I flutter : ChannelProvider: Loading playlist from URL: https://dragtvplus.lol/get.php?username=bobby&password=09052757&type=m3u_plus&output=ts (using PlaylistLoader)
12-26 19:21:25.677  2812  4657 D NetdEventListenerService: DNS Requested by 184, 11279(com.risa.app), SUCCESS, 5ms
12-26 19:21:25.678  2959  2959 I flutter : ChannelProvider: DB channel page failed: Unsupported operation: read-only
12-26 19:21:25.680  2812  4657 D NetdEventListenerService: DNS Requested by 184, 11279(com.risa.app), SUCCESS, 0ms
12-26 19:21:25.780  2959  2959 I flutter : EPG: Saved normalized mapping (317 entries) to /data/user/0/com.risa.app/files/epg_normalized.json
12-26 19:21:25.780  2959  2959 I flutter : EPG: Successfully parsed 307 channels and 312 IDs
12-26 19:21:25.780  2959  2959 I flutter : EPG: Service state - URL: https://dragtvplus.lol/xmltv.php?username=bobby&password=09052757, Available channels: 312, Loaded channels: 307
12-26 19:21:25.791  2959  2959 I flutter : EPG: Initializing...
12-26 19:21:25.791  2959  2959 I flutter : EPG: Initializing with URL: https://dragtvplus.lol/xmltv.php?username=bobby&password=09052757
12-26 19:21:25.794  2959  2959 I flutter : EPG: Loaded normalized mapping from file (317 entries)
12-26 19:21:25.797  2959  2959 I flutter : EPG: Loaded 0 mappings from DB
12-26 19:21:25.799  2959  2959 I flutter : EPG: Cache is valid. Age: 3 minutes. Size: 65.30 MB
12-26 19:21:25.799  2959  2959 I flutter : EPG: Using valid cached file, skipping download.
12-26 19:21:25.800  2959  2959 I flutter : EPG: Starting background parsing...
12-26 19:21:25.807  2959  2959 I flutter : EPG: Init skipped (already loading)
12-26 19:21:26.018  2812  4151 D SurfaceComposerClient: setCornerRadius ## 97c905b com.risa.app/com.risa.app.MainActivity#77991 cornerRadius=0.000000
12-26 19:21:26.019  2812  4151 D SurfaceComposerClient: setCornerRadius ## 97c905b com.risa.app/com.risa.app.MainActivity#77991 cornerRadius=0.000000
12-26 19:21:26.049  2059  2059 D SurfaceFlinger:        DEVICE |           12708808228878 | 00000102 | RGBA_8888    |    0.0    0.0 2340.0 1080.0 |    0    0 1080 2340 | 1f63524 SurfaceView[com.risa.app/com.risa.app.MainActivity]@0(BLAST)#77998 (123)
12-26 19:21:26.049  2059  2059 D SurfaceFlinger:        DEVICE |           12708808228881 | 00002100 | RGBA_8888    |    0.0    0.0 1080.0 2340.0 |    0    0 1080 2340 | com.risa.app/com.risa.app.MainActivity$_2959#77993 (1)
12-26 19:21:26.537  1176  1176 D io_stats: !@ Write_top(KB): com.risa.app(2959) 22928 kworker/u16:4(2983) 22784 kworker/u16:2(23818) 3640
12-26 19:21:27.153  2959  2959 I flutter : EPG: Persisted programs to DB (307 channels)
12-26 19:21:27.574  2959  2959 I flutter : EPG: Saved normalized mapping (317 entries) to /data/user/0/com.risa.app/files/epg_normalized.json
12-26 19:21:27.574  2959  2959 I flutter : EPG: Successfully parsed 307 channels and 312 IDs
12-26 19:21:27.574  2959  2959 I flutter : EPG: Service state - URL: https://dragtvplus.lol/xmltv.php?username=bobby&password=09052757, Available channels: 312, Loaded channels: 307
12-26 19:21:27.575  2959  2959 I flutter : EPG: Initializing...
12-26 19:21:27.576  2959  2959 I flutter : EPG: Initializing with URL: https://dragtvplus.lol/xmltv.php?username=bobby&password=09052757
12-26 19:21:27.579  2959  2959 I flutter : EPG: Loaded normalized mapping from file (317 entries)
12-26 19:21:27.580  2959  2959 I flutter : EPG: Loaded 0 mappings from DB
12-26 19:21:27.581  2959  2959 I flutter : EPG: Cache is valid. Age: 3 minutes. Size: 65.30 MB
12-26 19:21:27.581  2959  2959 I flutter : EPG: Using valid cached file, skipping download.
12-26 19:21:27.582  2959  2959 I flutter : EPG: Starting background parsing...
12-26 19:21:27.593  2959  2959 I flutter : EPG: Init skipped (already loading)
12-26 19:21:28.390  2812  4617 D SGM:GameManager: identifyGamePackage. com.risa.app, mCurrentUserId: 0, callingMethodInfo: com.samsung.android.game.SemGameManager.isGamePackage(SemGameManager.java:106)
12-26 19:21:28.390  2812  4617 D SGM:SemGameManager: isGamePackage(), pkgName=com.risa.app, ret=false
12-26 19:21:28.502  2959  2959 I flutter : EPG: Persisted programs to DB (307 channels)
12-26 19:21:29.352  2959  2959 I flutter : EPG: Saved normalized mapping (317 entries) to /data/user/0/com.risa.app/files/epg_normalized.json
12-26 19:21:29.352  2959  2959 I flutter : EPG: Successfully parsed 307 channels and 312 IDs
12-26 19:21:29.353  2959  2959 I flutter : EPG: Service state - URL: https://dragtvplus.lol/xmltv.php?username=bobby&password=09052757, Available channels: 312, Loaded channels: 307
12-26 19:21:29.361  2959  2959 I flutter : EPG: Initializing...
12-26 19:21:29.361  2959  2959 I flutter : EPG: Initializing with URL: https://dragtvplus.lol/xmltv.php?username=bobby&password=09052757
12-26 19:21:29.366  2959  2959 I flutter : EPG: Loaded normalized mapping from file (317 entries)
12-26 19:21:29.367  2959  2959 I flutter : EPG: Loaded 0 mappings from DB
12-26 19:21:29.370  2959  2959 I flutter : EPG: Cache is valid. Age: 3 minutes. Size: 65.30 MB
12-26 19:21:29.370  2959  2959 I flutter : EPG: Using valid cached file, skipping download.
12-26 19:21:29.371  2959  2959 I flutter : EPG: Starting background parsing...
12-26 19:21:29.378  2959  2959 I flutter : EPG: Init skipped (already loading)
12-26 19:21:29.387  2959  3415 D ProfileInstaller: Installing profile for com.risa.app
12-26 19:21:30.269  2959  2959 I flutter : EPG: Persisted programs to DB (307 channels)
12-26 19:21:30.539  1176  1176 D io_stats: !@ Write_top(KB): com.risa.app(2959) 52252 kworker/u16:3(16099) 3896 facebook.katana(5849) 28
12-26 19:21:31.134  2959  2959 I flutter : EPG: Saved normalized mapping (317 entries) to /data/user/0/com.risa.app/files/epg_normalized.json
12-26 19:21:31.134  2959  2959 I flutter : EPG: Successfully parsed 307 channels and 312 IDs
12-26 19:21:31.134  2959  2959 I flutter : EPG: Service state - URL: https://dragtvplus.lol/xmltv.php?username=bobby&password=09052757, Available channels: 312, Loaded channels: 307
12-26 19:21:31.146  2959  2959 I flutter : EPG: Initializing...
12-26 19:21:31.149  2959  2959 I flutter : EPG: Initializing with URL: https://dragtvplus.lol/xmltv.php?username=bobby&password=09052757
12-26 19:21:31.153  2959  2959 I flutter : EPG: Loaded normalized mapping from file (317 entries)
12-26 19:21:31.158  2959  2959 I flutter : EPG: Loaded 0 mappings from DB
12-26 19:21:31.160  2959  2959 I flutter : EPG: Cache is valid. Age: 3 minutes. Size: 65.30 MB
12-26 19:21:31.160  2959  2959 I flutter : EPG: Using valid cached file, skipping download.
12-26 19:21:31.161  2959  2959 I flutter : EPG: Starting background parsing...
12-26 19:21:31.163  2959  2959 I flutter : EPG: Init skipped (already loading)
12-26 19:21:31.400  2812  4617 D SGM:GameManager: identifyGamePackage. com.risa.app, mCurrentUserId: 0, callingMethodInfo: com.samsung.android.game.SemGameManager.isGamePackage(SemGameManager.java:106)
12-26 19:21:31.400  2812  4617 D SGM:SemGameManager: isGamePackage(), pkgName=com.risa.app, ret=false
12-26 19:21:32.157  2959  2959 I flutter : ChannelProvider: DB channel page failed: Unsupported operation: read-only
12-26 19:21:32.166  2959  2959 I flutter : EPG: Persisted programs to DB (307 channels)
12-26 19:21:32.956  2959  2959 I flutter : EPG: Saved normalized mapping (317 entries) to /data/user/0/com.risa.app/files/epg_normalized.json
12-26 19:21:32.956  2959  2959 I flutter : EPG: Successfully parsed 307 channels and 312 IDs
12-26 19:21:32.957  2959  2959 I flutter : EPG: Service state - URL: https://dragtvplus.lol/xmltv.php?username=bobby&password=09052757, Available channels: 312, Loaded channels: 307
12-26 19:21:32.965  2959  2959 I flutter : EPG: Initializing...
12-26 19:21:32.965  2959  2959 I flutter : EPG: Initializing with URL: https://dragtvplus.lol/xmltv.php?username=bobby&password=09052757
12-26 19:21:32.968  2959  2959 I flutter : EPG: Loaded normalized mapping from file (317 entries)
12-26 19:21:32.969  2959  2959 I flutter : EPG: Loaded 0 mappings from DB
12-26 19:21:32.970  2959  2959 I flutter : EPG: Cache is valid. Age: 3 minutes. Size: 65.30 MB
12-26 19:21:32.970  2959  2959 I flutter : EPG: Using valid cached file, skipping download.
12-26 19:21:32.971  2959  2959 I flutter : EPG: Starting background parsing...
12-26 19:21:32.981  2959  2959 I flutter : EPG: Init skipped (already loading)
12-26 19:21:33.947  2959  2959 I flutter : EPG: Persisted programs to DB (307 channels)
12-26 19:21:34.433  2812  4617 D SGM:GameManager: identifyGamePackage. com.risa.app, mCurrentUserId: 0, callingMethodInfo: com.samsung.android.game.SemGameManager.isGamePackage(SemGameManager.java:106)
12-26 19:21:34.433  2812  4617 D SGM:SemGameManager: isGamePackage(), pkgName=com.risa.app, ret=false
12-26 19:21:34.541  1176  1176 D io_stats: !@ Write_top(KB): com.risa.app(2959) 50076 kworker/u16:1(21549) 1524 rdash.driverapp(4350) 60
12-26 19:21:34.720  2959  2959 I flutter : EPG: Saved normalized mapping (317 entries) to /data/user/0/com.risa.app/files/epg_normalized.json
12-26 19:21:34.720  2959  2959 I flutter : EPG: Successfully parsed 307 channels and 312 IDs
12-26 19:21:34.720  2959  2959 I flutter : EPG: Service state - URL: https://dragtvplus.lol/xmltv.php?username=bobby&password=09052757, Available channels: 312, Loaded channels: 307
12-26 19:21:34.733  2959  2959 I flutter : EPG: Initializing...
12-26 19:21:34.734  2959  2959 I flutter : EPG: Initializing with URL: https://dragtvplus.lol/xmltv.php?username=bobby&password=09052757
12-26 19:21:34.737  2959  2959 I flutter : EPG: Loaded normalized mapping from file (317 entries)
12-26 19:21:34.739  2959  2959 I flutter : EPG: Loaded 0 mappings from DB
12-26 19:21:34.741  2959  2959 I flutter : EPG: Cache is valid. Age: 3 minutes. Size: 65.30 MB
12-26 19:21:34.741  2959  2959 I flutter : EPG: Using valid cached file, skipping download.
12-26 19:21:34.741  2959  2959 I flutter : EPG: Starting background parsing...
12-26 19:21:34.750  2959  2959 I flutter : EPG: Init skipped (already loading)
12-26 19:21:35.804  2959  2959 I flutter : EPG: Persisted programs to DB (307 channels)
12-26 19:21:36.479  2959  2959 I flutter : EPG: Saved normalized mapping (317 entries) to /data/user/0/com.risa.app/files/epg_normalized.json
12-26 19:21:36.479  2959  2959 I flutter : EPG: Successfully parsed 307 channels and 312 IDs
12-26 19:21:36.479  2959  2959 I flutter : EPG: Service state - URL: https://dragtvplus.lol/xmltv.php?username=bobby&password=09052757, Available channels: 312, Loaded channels: 307
12-26 19:21:36.486  2959  2959 I flutter : EPG: Initializing...
12-26 19:21:36.486  2959  2959 I flutter : EPG: Initializing with URL: https://dragtvplus.lol/xmltv.php?username=bobby&password=09052757
12-26 19:21:36.491  2959  2959 I flutter : EPG: Loaded normalized mapping from file (317 entries)
12-26 19:21:36.492  2959  2959 I flutter : EPG: Loaded 0 mappings from DB
12-26 19:21:36.494  2959  2959 I flutter : EPG: Cache is valid. Age: 3 minutes. Size: 65.30 MB
12-26 19:21:36.494  2959  2959 I flutter : EPG: Using valid cached file, skipping download.
12-26 19:21:36.494  2959  2959 I flutter : EPG: Starting background parsing...
12-26 19:21:36.503  2959  2959 I flutter : EPG: Init skipped (already loading)
12-26 19:21:37.210  2959  2959 I flutter : ChannelProvider: Error loading playlist: Exception: Cancelled
12-26 19:21:37.210  2959  2959 I flutter : ChannelProvider: Stack trace: #0      PlaylistLoader.loadFromUrl (package:iptv_player/providers/playlist_loader.dart:37)
12-26 19:21:37.210  2959  2959 I flutter : <asynchronous suspension>
12-26 19:21:37.210  2959  2959 I flutter : #1      ChannelProvider._loadPlaylistFromUrlImpl (package:iptv_player/providers/channel_provider.dart:1124)
12-26 19:21:37.210  2959  2959 I flutter : <asynchronous suspension>
12-26 19:21:37.210  2959  2959 I flutter : #2      ChannelProvider.loadPlaylistFromUrl (package:iptv_player/providers/channel_provider.dart:1085)
12-26 19:21:37.210  2959  2959 I flutter : <asynchronous suspension>
12-26 19:21:37.210  2959  2959 I flutter : #3      ChannelProvider.autoLoadPlaylist (package:iptv_player/providers/channel_provider.dart:1059)
12-26 19:21:37.210  2959  2959 I flutter : <asynchronous suspension>
12-26 19:21:37.210  2959  2959 I flutter : 
12-26 19:21:37.210  2959  2959 I flutter : ChannelProvider: Auto-load playlist failed: Exception: Cancelled
12-26 19:21:37.210  2959  2959 I flutter : startup: 13404ms - ChannelProvider.autoLoadPlaylist: failed (Exception: Cancelled)
12-26 19:21:37.242  2959  2959 I flutter : ChannelProvider: DB channel page failed: Unsupported operation: read-only
12-26 19:21:37.457  2812  4617 D SGM:GameManager: identifyGamePackage. com.risa.app, mCurrentUserId: 0, callingMethodInfo: com.samsung.android.game.SemGameManager.isGamePackage(SemGameManager.java:106)
12-26 19:21:37.457  2812  4617 D SGM:SemGameManager: isGamePackage(), pkgName=com.risa.app, ret=false
12-26 19:21:37.817  2959  2959 I flutter : EPG: Persisted programs to DB (307 channels)
12-26 19:21:38.224  2959  2959 I flutter : EPG: Saved normalized mapping (317 entries) to /data/user/0/com.risa.app/files/epg_normalized.json
12-26 19:21:38.224  2959  2959 I flutter : EPG: Successfully parsed 307 channels and 312 IDs
12-26 19:21:38.224  2959  2959 I flutter : EPG: Service state - URL: https://dragtvplus.lol/xmltv.php?username=bobby&password=09052757, Available channels: 312, Loaded channels: 307
12-26 19:21:38.237  2959  2959 I flutter : EPG: Initializing...
12-26 19:21:38.237  2959  2959 I flutter : EPG: Initializing with URL: https://dragtvplus.lol/xmltv.php?username=bobby&password=09052757
12-26 19:21:38.240  2959  2959 I flutter : EPG: Loaded normalized mapping from file (317 entries)
12-26 19:21:38.240  2959  2959 I flutter : EPG: Loaded 0 mappings from DB
12-26 19:21:38.241  2959  2959 I flutter : EPG: Cache is valid. Age: 3 minutes. Size: 65.30 MB
12-26 19:21:38.241  2959  2959 I flutter : EPG: Using valid cached file, skipping download.
12-26 19:21:38.241  2959  2959 I flutter : EPG: Starting background parsing...
12-26 19:21:38.254  2959  2959 I flutter : EPG: Init skipped (already loading)
12-26 19:21:38.543  1176  1176 D io_stats: !@ Write_top(KB): com.risa.app(2959) 72152 c.android.sdhms(7550) 4
12-26 19:21:38.794  2959  2959 I flutter : EPG: Persisted programs to DB (307 channels)
12-26 19:21:39.842  2959  2959 I flutter : EPG: Saved normalized mapping (317 entries) to /data/user/0/com.risa.app/files/epg_normalized.json
12-26 19:21:39.842  2959  2959 I flutter : EPG: Successfully parsed 307 channels and 312 IDs
12-26 19:21:39.842  2959  2959 I flutter : EPG: Service state - URL: https://dragtvplus.lol/xmltv.php?username=bobby&password=09052757, Available channels: 312, Loaded channels: 307
12-26 19:21:39.855  2959  2959 I flutter : EPG: Initializing...
12-26 19:21:39.855  2959  2959 I flutter : EPG: Initializing with URL: https://dragtvplus.lol/xmltv.php?username=bobby&password=09052757
12-26 19:21:39.857  2959  2959 I flutter : EPG: Loaded normalized mapping from file (317 entries)
12-26 19:21:39.858  2959  2959 I flutter : EPG: Loaded 0 mappings from DB
12-26 19:21:39.858  2959  2959 I flutter : EPG: Cache is valid. Age: 3 minutes. Size: 65.30 MB
12-26 19:21:39.858  2959  2959 I flutter : EPG: Using valid cached file, skipping download.
12-26 19:21:39.859  2959  2959 I flutter : EPG: Starting background parsing...
12-26 19:21:39.873  2959  2959 I flutter : EPG: Init skipped (already loading)
12-26 19:21:40.172  2959  2959 I flutter : ChannelProvider: DB channel page failed: Uns