12-26 19:41:28.850  2812  5188 D CoreBackPreview: Window{71e49b5 u0 com.risa.app/com.risa.app.MainActivity}: Setting back callback OnBackInvokedCallbackInfo{mCallback=android.window.IOnBackInvokedCallback$Stub$Proxy@59d5dd4, mPriority=-1, mIsAnimationCallback=false, mOverrideBehavior=0}
12-26 19:41:29.229  2812  3124 D SGM:GameManager: identifyForegroundApp. com.risa.app, mCurrentUserId: 0, callerUserId: 0
12-26 19:41:30.891  2812  4617 D SGM:GameManager: identifyGamePackage. com.risa.app, mCurrentUserId: 0, callingMethodInfo: com.samsung.android.game.SemGameManager.isGamePackage(SemGameManager.java:106)
12-26 19:41:30.891  2812  4617 D SGM:SemGameManager: isGamePackage(), pkgName=com.risa.app, ret=false
12-26 19:41:30.892  2812  4865 D CoreBackPreview: Window{71e49b5 u0 com.risa.app/com.risa.app.MainActivity}: Setting back callback OnBackInvokedCallbackInfo{mCallback=android.window.IOnBackInvokedCallback$Stub$Proxy@c436507, mPriority=0, mIsAnimationCallback=true, mOverrideBehavior=0}
12-26 19:41:30.893  2812  4865 D CoreBackPreview: Window{71e49b5 u0 com.risa.app/com.risa.app.MainActivity}: Setting back callback OnBackInvokedCallbackInfo{mCallback=android.window.IOnBackInvokedCallback$Stub$Proxy@be45634, mPriority=-1, mIsAnimationCallback=false, mOverrideBehavior=0}
12-26 19:41:30.893  2812  4865 D CoreBackPreview: Window{71e49b5 u0 com.risa.app/com.risa.app.MainActivity}: Setting back callback OnBackInvokedCallbackInfo{mCallback=android.window.IOnBackInvokedCallback$Stub$Proxy@2b4bc5d, mPriority=0, mIsAnimationCallback=true, mOverrideBehavior=0}
12-26 19:41:31.129  1176  1176 D io_stats: !@ Write_top(KB): com.risa.app(20434) 2772 kworker/u16:1(21549) 2564 roid.honeyboard(8163) 80
12-26 19:41:31.162  2812  4865 D CoreBackPreview: Window{71e49b5 u0 com.risa.app/com.risa.app.MainActivity}: Setting back callback OnBackInvokedCallbackInfo{mCallback=android.window.IOnBackInvokedCallback$Stub$Proxy@546b9d2, mPriority=-1, mIsAnimationCallback=false, mOverrideBehavior=0}
12-26 19:41:33.082  2812  4865 D CoreBackPreview: Window{71e49b5 u0 com.risa.app/com.risa.app.MainActivity}: Setting back callback OnBackInvokedCallbackInfo{mCallback=android.window.IOnBackInvokedCallback$Stub$Proxy@1d4291, mPriority=0, mIsAnimationCallback=true, mOverrideBehavior=0}
12-26 19:41:33.904  2812  4617 D SGM:GameManager: identifyGamePackage. com.risa.app, mCurrentUserId: 0, callingMethodInfo: com.samsung.android.game.SemGameManager.isGamePackage(SemGameManager.java:106)
12-26 19:41:33.904  2812  4617 D SGM:SemGameManager: isGamePackage(), pkgName=com.risa.app, ret=false
12-26 19:41:35.132  1176  1176 D io_stats: !@ Write_top(KB): com.risa.app(20434) 30348 rdash.driverapp(4350) 36 emon.lvoverseas(12787) 8
12-26 19:41:36.924  2812  4617 D SGM:GameManager: identifyGamePackage. com.risa.app, mCurrentUserId: 0, callingMethodInfo: com.samsung.android.game.SemGameManager.isGamePackage(SemGameManager.java:106)
12-26 19:41:36.924  2812  4617 D SGM:SemGameManager: isGamePackage(), pkgName=com.risa.app, ret=false
12-26 19:41:39.134  1176  1176 D io_stats: !@ Write_top(KB): com.risa.app(20434) 25988 kworker/u16:13(14954) 4640 martsuggestions(7492) 4
12-26 19:41:39.943  2812  4617 D SGM:GameManager: identifyGamePackage. com.risa.app, mCurrentUserId: 0, callingMethodInfo: com.samsung.android.game.SemGameManager.isGamePackage(SemGameManager.java:106)
12-26 19:41:39.943  2812  4617 D SGM:SemGameManager: isGamePackage(), pkgName=com.risa.app, ret=false
12-26 19:41:42.954  2812  4617 D SGM:GameManager: identifyGamePackage. com.risa.app, mCurrentUserId: 0, callingMethodInfo: com.samsung.android.game.SemGameManager.isGamePackage(SemGameManager.java:106)
12-26 19:41:42.954  2812  4617 D SGM:SemGameManager: isGamePackage(), pkgName=com.risa.app, ret=false
12-26 19:41:43.137  1176  1176 D io_stats: !@ Write_top(KB): com.risa.app(20434) 43020 f2fs_ckpt-254:6(1290) 260 rdash.driverapp(4350) 24
12-26 19:41:45.988  2812  4617 D SGM:GameManager: identifyGamePackage. com.risa.app, mCurrentUserId: 0, callingMethodInfo: com.samsung.android.game.SemGameManager.isGamePackage(SemGameManager.java:106)
12-26 19:41:45.988  2812  4617 D SGM:SemGameManager: isGamePackage(), pkgName=com.risa.app, ret=false
12-26 19:41:47.141  1176  1176 D io_stats: !@ Write_top(KB): kworker/u16:13(14954) 28516 com.risa.app(20434) 18276 kworker/u16:4(9806) 15792
12-26 19:41:48.988  2812  4617 D SGM:GameManager: identifyGamePackage. com.risa.app, mCurrentUserId: 0, callingMethodInfo: com.samsung.android.game.SemGameManager.isGamePackage(SemGameManager.java:106)
12-26 19:41:48.989  2812  4617 D SGM:SemGameManager: isGamePackage(), pkgName=com.risa.app, ret=false
12-26 19:41:51.143  1176  1176 D io_stats: !@ Write_top(KB): kworker/u16:13(14954) 65248 com.risa.app(20434) 23524 kworker/u16:7(14948) 4284
12-26 19:41:52.005  2812  4617 D SGM:GameManager: identifyGamePackage. com.risa.app, mCurrentUserId: 0, callingMethodInfo: com.samsung.android.game.SemGameManager.isGamePackage(SemGameManager.java:106)
12-26 19:41:52.005  2812  4617 D SGM:SemGameManager: isGamePackage(), pkgName=com.risa.app, ret=false
12-26 19:41:55.011  2812  4617 D SGM:GameManager: identifyGamePackage. com.risa.app, mCurrentUserId: 0, callingMethodInfo: com.samsung.android.game.SemGameManager.isGamePackage(SemGameManager.java:106)
12-26 19:41:55.011  2812  4617 D SGM:SemGameManager: isGamePackage(), pkgName=com.risa.app, ret=false
12-26 19:41:55.146  1176  1176 D io_stats: !@ Write_top(KB): com.risa.app(20434) 30568 kworker/u16:13(14954) 3668 rdash.driverapp(4350) 12
12-26 19:41:58.024  2812  4617 D SGM:GameManager: identifyGamePackage. com.risa.app, mCurrentUserId: 0, callingMethodInfo: com.samsung.android.game.SemGameManager.isGamePackage(SemGameManager.java:106)
12-26 19:41:58.024  2812  4617 D SGM:SemGameManager: isGamePackage(), pkgName=com.risa.app, ret=false
12-26 19:41:59.148  1176  1176 D io_stats: !@ Read_top(KB): com.risa.app(20434) 10632 ced.android.gms(10202) 548 earchbox:search(4414) 304
12-26 19:41:59.148  1176  1176 D io_stats: !@ Write_top(KB): com.risa.app(20434) 33288 f2fs_ckpt-254:6(1290) 172 kworker/u16:13(14954) 44
12-26 19:42:01.056  2812  4617 D SGM:GameManager: identifyGamePackage. com.risa.app, mCurrentUserId: 0, callingMethodInfo: com.samsung.android.game.SemGameManager.isGamePackage(SemGameManager.java:106)
12-26 19:42:01.057  2812  4617 D SGM:SemGameManager: isGamePackage(), pkgName=com.risa.app, ret=false
12-26 19:42:03.151  1176  1176 D io_stats: !@ Write_top(KB): com.risa.app(20434) 1524 rdash.driverapp(4350) 36 soft.appmanager(8380) 16
12-26 19:42:04.076  2812  4617 D SGM:GameManager: identifyGamePackage. com.risa.app, mCurrentUserId: 0, callingMethodInfo: com.samsung.android.game.SemGameManager.isGamePackage(SemGameManager.java:106)
12-26 19:42:04.076  2812  4617 D SGM:SemGameManager: isGamePackage(), pkgName=com.risa.app, ret=false
12-26 19:42:07.107  2812  4617 D SGM:GameManager: identifyGamePackage. com.risa.app, mCurrentUserId: 0, callingMethodInfo: com.samsung.android.game.SemGameManager.isGamePackage(SemGameManager.java:106)
12-26 19:42:07.107  2812  4617 D SGM:SemGameManager: isGamePackage(), pkgName=com.risa.app, ret=false
12-26 19:42:10.126  2812  4617 D SGM:GameManager: identifyGamePackage. com.risa.app, mCurrentUserId: 0, callingMethodInfo: com.samsung.android.game.SemGameManager.isGamePackage(SemGameManager.java:106)
12-26 19:42:10.127  2812  4617 D SGM:SemGameManager: isGamePackage(), pkgName=com.risa.app, ret=false
12-26 19:42:11.155  1176  1176 D io_stats: !@ Write_top(KB): kworker/u16:7(14948) 2600 com.risa.app(20434) 1548 droid.rubin.app(3560) 24
12-26 19:42:13.129  2812  4617 D SGM:GameManager: identifyGamePackage. com.risa.app, mCurrentUserId: 0, callingMethodInfo: com.samsung.android.game.SemGameManager.isGamePackage(SemGameManager.java:106)
12-26 19:42:13.129  2812  4617 D SGM:SemGameManager: isGamePackage(), pkgName=com.risa.app, ret=false
12-26 19:42:15.156  1176  1176 D io_stats: !@ Write_top(KB): kworker/u16:13(14954) 51968 kworker/u16:4(9806) 8704 com.risa.app(20434) 4052
12-26 19:42:16.149  2812  4617 D SGM:GameManager: identifyGamePackage. com.risa.app, mCurrentUserId: 0, callingMethodInfo: com.samsung.android.game.SemGameManager.isGamePackage(SemGameManager.java:106)
12-26 19:42:16.149  2812  4617 D SGM:SemGameManager: isGamePackage(), pkgName=com.risa.app, ret=false
12-26 19:42:17.824  2812  5188 D ActivityManager: android.util.PerfLog.ACTION_BOTTLENECK_HINT onTransact() from uid = 1000 with avg = 19, reason = INPUTD, description = 71e49b5 com.risa.app/com.risa.app.MainActivity, jank = 0
12-26 19:42:19.164  1176  1176 D io_stats: !@ Write_top(KB): com.risa.app(20434) 20032 kworker/u16:7(14948) 5728 f2fs_ckpt-254:6(1290) 44
12-26 19:42:19.169  2812  4617 D SGM:GameManager: identifyGamePackage. com.risa.app, mCurrentUserId: 0, callingMethodInfo: com.samsung.android.game.SemGameManager.isGamePackage(SemGameManager.java:106)
12-26 19:42:19.169  2812  4617 D SGM:SemGameManager: isGamePackage(), pkgName=com.risa.app, ret=false
12-26 19:42:22.172  2812  4617 D SGM:GameManager: identifyGamePackage. com.risa.app, mCurrentUserId: 0, callingMethodInfo: com.samsung.android.game.SemGameManager.isGamePackage(SemGameManager.java:106)
12-26 19:42:22.172  2812  4617 D SGM:SemGameManager: isGamePackage(), pkgName=com.risa.app, ret=false
12-26 19:42:23.167  1176  1176 D io_stats: !@ Write_top(KB): com.risa.app(20434) 2108 rdash.driverapp(4350) 28 soft.appmanager(8380) 16
12-26 19:42:25.193  2812  4617 D SGM:GameManager: identifyGamePackage. com.risa.app, mCurrentUserId: 0, callingMethodInfo: com.samsung.android.game.SemGameManager.isGamePackage(SemGameManager.java:106)
12-26 19:42:25.194  2812  4617 D SGM:SemGameManager: isGamePackage(), pkgName=com.risa.app, ret=false
12-26 19:42:27.172  1176  1176 D io_stats: !@ Write_top(KB): kworker/u16:13(14954) 2880 com.risa.app(20434) 888
12-26 19:42:28.204  2812  4617 D SGM:GameManager: identifyGamePackage. com.risa.app, mCurrentUserId: 0, callingMethodInfo: com.samsung.android.game.SemGameManager.isGamePackage(SemGameManager.java:106)
12-26 19:42:28.205  2812  4617 D SGM:SemGameManager: isGamePackage(), pkgName=com.risa.app, ret=false
12-26 19:42:31.175  1176  1176 D io_stats: !@ Write_top(KB): kworker/u16:4(9806) 2452 com.risa.app(20434) 1056 soft.appmanager(8380) 16
12-26 19:42:31.218  2812  4617 D SGM:GameManager: identifyGamePackage. com.risa.app, mCurrentUserId: 0, callingMethodInfo: com.samsung.android.game.SemGameManager.isGamePackage(SemGameManager.java:106)
12-26 19:42:31.218  2812  4617 D SGM:SemGameManager: isGamePackage(), pkgName=com.risa.app, ret=false
12-26 19:42:34.236  2812  4617 D SGM:GameManager: identifyGamePackage. com.risa.app, mCurrentUserId: 0, callingMethodInfo: com.samsung.android.game.SemGameManager.isGamePackage(SemGameManager.java:106)
12-26 19:42:34.236  2812  4617 D SGM:SemGameManager: isGamePackage(), pkgName=com.risa.app, ret=false
12-26 19:42:35.177  1176  1176 D io_stats: !@ Write_top(KB): com.risa.app(20434) 3052 kworker/u16:13(14954) 2664 system_server(2812) 432
12-26 19:42:37.247  2812  4617 D SGM:GameManager: identifyGamePackage. com.risa.app, mCurrentUserId: 0, callingMethodInfo: com.samsung.android.game.SemGameManager.isGamePackage(SemGameManager.java:106)
12-26 19:42:37.248  2812  4617 D SGM:SemGameManager: isGamePackage(), pkgName=com.risa.app, ret=false
12-26 19:42:39.180  1176  1176 D io_stats: !@ Write_top(KB): com.risa.app(20434) 2576
12-26 19:42:40.261  2812  4617 D SGM:GameManager: identifyGamePackage. com.risa.app, mCurrentUserId: 0, callingMethodInfo: com.samsung.android.game.SemGameManager.isGamePackage(SemGameManager.java:106)
12-26 19:42:40.262  2812  4617 D SGM:SemGameManager: isGamePackage(), pkgName=com.risa.app, ret=false
12-26 19:42:43.185  1176  1176 D io_stats: !@ Write_top(KB): com.risa.app(20434) 5328 kworker/u16:4(9806) 2444 soft.appmanager(8380) 16
12-26 19:42:43.267  2812  4617 D SGM:GameManager: identifyGamePackage. com.risa.app, mCurrentUserId: 0, callingMethodInfo: com.samsung.android.game.SemGameManager.isGamePackage(SemGameManager.java:106)
12-26 19:42:43.267  2812  4617 D SGM:SemGameManager: isGamePackage(), pkgName=com.risa.app, ret=false
12-26 19:42:46.307  2812  4617 D SGM:GameManager: identifyGamePackage. com.risa.app, mCurrentUserId: 0, callingMethodInfo: com.samsung.android.game.SemGameManager.isGamePackage(SemGameManager.java:106)
12-26 19:42:46.307  2812  4617 D SGM:SemGameManager: isGamePackage(), pkgName=com.risa.app, ret=false
12-26 19:42:47.187  1176  1176 D io_stats: !@ Write_top(KB): kworker/u16:7(14948) 2524 c.android.sdhms(7550) 960 com.risa.app(20434) 24
12-26 19:42:49.307  2812  4617 D SGM:GameManager: identifyGamePackage. com.risa.app, mCurrentUserId: 0, callingMethodInfo: com.samsung.android.game.SemGameManager.isGamePackage(SemGameManager.java:106)
12-26 19:42:49.307  2812  4617 D SGM:SemGameManager: isGamePackage(), pkgName=com.risa.app, ret=false
12-26 19:42:51.189  1176  1176 D io_stats: !@ Write_top(KB): kworker/u16:7(14948) 163076 f2fs_ckpt-254:6(1290) 484 com.risa.app(20434) 80
12-26 19:42:52.328  2812  4617 D SGM:GameManager: identifyGamePackage. com.risa.app, mCurrentUserId: 0, callingMethodInfo: com.samsung.android.game.SemGameManager.isGamePackage(SemGameManager.java:106)
12-26 19:42:52.328  2812  4617 D SGM:SemGameManager: isGamePackage(), pkgName=com.risa.app, ret=false
12-26 19:42:55.346  2812  4617 D SGM:GameManager: identifyGamePackage. com.risa.app, mCurrentUserId: 0, callingMethodInfo: com.samsung.android.game.SemGameManager.isGamePackage(SemGameManager.java:106)
12-26 19:42:55.347  2812  4617 D SGM:SemGameManager: isGamePackage(), pkgName=com.risa.app, ret=false
12-26 19:42:58.360  2812  4617 D SGM:GameManager: identifyGamePackage. com.risa.app, mCurrentUserId: 0, callingMethodInfo: com.samsung.android.game.SemGameManager.isGamePackage(SemGameManager.java:106)
12-26 19:42:58.360  2812  4617 D SGM:SemGameManager: isGamePackage(), pkgName=com.risa.app, ret=false
12-26 19:42:59.195  1176  1176 D io_stats: !@ Write_top(KB): kworker/u16:13(14954) 21752 com.risa.app(20434) 104
12-26 19:43:01.379  2812  4617 D SGM:GameManager: identifyGamePackage. com.risa.app, mCurrentUserId: 0, callingMethodInfo: com.samsung.android.game.SemGameManager.isGamePackage(SemGameManager.java:106)
12-26 19:43:01.379  2812  4617 D SGM:SemGameManager: isGamePackage(), pkgName=com.risa.app, ret=false
12-26 19:43:04.387  2812  4617 D SGM:GameManager: identifyGamePackage. com.risa.app, mCurrentUserId: 0, callingMethodInfo: com.samsung.android.game.SemGameManager.isGamePackage(SemGameManager.java:106)
12-26 19:43:04.387  2812  4617 D SGM:SemGameManager: isGamePackage(), pkgName=com.risa.app, ret=false
12-26 19:43:07.411  2812  4617 D SGM:GameManager: identifyGamePackage. com.risa.app, mCurrentUserId: 0, callingMethodInfo: com.samsung.android.game.SemGameManager.isGamePackage(SemGameManager.java:106)
12-26 19:43:07.411  2812  4617 D SGM:SemGameManager: isGamePackage(), pkgName=com.risa.app, ret=false
12-26 19:43:10.086 20434 20470 E AndroidRuntime: FATAL EXCEPTION: flutter-worker-1
12-26 19:43:10.086 20434 20470 E AndroidRuntime: Process: com.risa.app, PID: 20434
12-26 19:43:10.086 20434 20470 E AndroidRuntime: 	at io.flutter.plugin.common.StandardMessageCodec.readBytes(StandardMessageCodec.java:320)
12-26 19:43:10.086 20434 20470 E AndroidRuntime: 	at io.flutter.plugin.common.StandardMessageCodec.readValueOfType(StandardMessageCodec.java:380)
12-26 19:43:10.086 20434 20470 E AndroidRuntime: 	at io.flutter.plugin.common.StandardMessageCodec.readValue(StandardMessageCodec.java:340)
12-26 19:43:10.086 20434 20470 E AndroidRuntime: 	at io.flutter.plugin.common.StandardMessageCodec.readValueOfType(StandardMessageCodec.java:424)
12-26 19:43:10.086 20434 20470 E AndroidRuntime: 	at io.flutter.plugin.common.StandardMessageCodec.readValue(StandardMessageCodec.java:340)
12-26 19:43:10.086 20434 20470 E AndroidRuntime: 	at io.flutter.plugin.common.StandardMessageCodec.readValueOfType(StandardMessageCodec.java:434)
12-26 19:43:10.086 20434 20470 E AndroidRuntime: 	at io.flutter.plugin.common.StandardMessageCodec.readValue(StandardMessageCodec.java:340)
12-26 19:43:10.086 20434 20470 E AndroidRuntime: 	at io.flutter.plugin.common.StandardMessageCodec.readValueOfType(StandardMessageCodec.java:424)
12-26 19:43:10.086 20434 20470 E AndroidRuntime: 	at io.flutter.plugin.common.StandardMessageCodec.readValue(StandardMessageCodec.java:340)
12-26 19:43:10.086 20434 20470 E AndroidRuntime: 	at io.flutter.plugin.common.StandardMessageCodec.readValueOfType(StandardMessageCodec.java:434)
12-26 19:43:10.086 20434 20470 E AndroidRuntime: 	at io.flutter.plugin.common.StandardMessageCodec.readValue(StandardMessageCodec.java:340)
12-26 19:43:10.086 20434 20470 E AndroidRuntime: 	at io.flutter.plugin.common.StandardMethodCodec.decodeMethodCall(StandardMethodCodec.java:49)
12-26 19:43:10.086 20434 20470 E AndroidRuntime: 	at io.flutter.plugin.common.MethodChannel$IncomingMethodCallHandler.onMessage(MethodChannel.java:265)
12-26 19:43:10.086 20434 20470 E AndroidRuntime: 	at io.flutter.embedding.engine.dart.DartMessenger.invokeHandler(DartMessenger.java:292)
12-26 19:43:10.086 20434 20470 E AndroidRuntime: 	at io.flutter.embedding.engine.dart.DartMessenger.lambda$dispatchMessageToQueue$0$io-flutter-embedding-engine-dart-DartMessenger(DartMessenger.java:319)
12-26 19:43:10.086 20434 20470 E AndroidRuntime: 	at io.flutter.embedding.engine.dart.DartMessenger$$ExternalSyntheticLambda0.run(D8$$SyntheticClass:0)
12-26 19:43:10.086 20434 20470 E AndroidRuntime: 	at io.flutter.embedding.engine.dart.DartMessenger$SerialTaskQueue.flush(DartMessenger.java:173)
12-26 19:43:10.086 20434 20470 E AndroidRuntime: 	at io.flutter.embedding.engine.dart.DartMessenger$SerialTaskQueue.lambda$dispatch$0$io-flutter-embedding-engine-dart-DartMessenger$SerialTaskQueue(DartMessenger.java:163)
12-26 19:43:10.086 20434 20470 E AndroidRuntime: 	at io.flutter.embedding.engine.dart.DartMessenger$SerialTaskQueue$$ExternalSyntheticLambda0.run(D8$$SyntheticClass:0)
12-26 19:43:10.108  2812 21284 W ActivityManager: crash : com.risa.app,11280
12-26 19:43:10.109  2812  7779 W ActivityTaskManager:   Force finishing activity com.risa.app/.MainActivity
12-26 19:43:10.112  2812  7779 V WindowManager: Collecting in transition 5847: Task{79e80b1 #21301 type=standard I=com.risa.app/.MainActivity}, caller=com.android.server.wm.Transition.collectExistenceChange:40 com.android.server.wm.Transition.collectClose:7 com.android.server.wm.ActivityRecord.finishIfPossible:50 com.android.server.wm.ActivityRecord.finishIfPossible:1 com.android.server.wm.RootWindowContainer$$ExternalSyntheticLambda34.accept:179 
12-26 19:43:10.112  2812  7779 D WindowManager: prepareSync <SYNC_STATE_WAITING_FOR_DRAW>, mPrepareSyncSeqId=0, win=Window{71e49b5 u0 com.risa.app/com.risa.app.MainActivity}
12-26 19:43:10.113  4743  4800 V WindowManagerShell: Transition requested (#5847): android.os.BinderProxy@8cf0e8b TransitionRequestInfo { type = CLOSE, triggerTask = TaskInfo{userId=0 taskId=21301 effectiveUid=11280 displayId=0 isRunning=true baseIntent=Intent { act=android.intent.action.MAIN cat=[android.intent.category.LAUNCHER] flg=0x10200000 cmp=com.risa.app/.MainActivity } baseActivity=ComponentInfo{com.risa.app/com.risa.app.MainActivity} topActivity=ComponentInfo{com.risa.app/com.risa.app.MainActivity} origActivity=null realActivity=ComponentInfo{com.risa.app/com.risa.app.MainActivity} numActivities=1 lastActiveTime=323805678 supportsMultiWindow=true resizeMode=2 isResizeable=true minWidth=-1 minHeight=-1 maxWidth=-1 maxHeight=-1 defaultMinSize=220 desktopDefaultMinSize=304 token=WCT{android.window.IWindowContainerToken$Stub$Proxy@119bb68} topActivityType=1 pictureInPictureParams=null shouldDockBigOverlays=false launchIntoPipHostTaskId=-1 lastParentTaskIdBeforePip=-1 displayCutoutSafeInsets=Rect(0, 0 - 0, 0) topActivityInfo=ActivityInfo{97eab81 com.risa.app.MainActivity} launchCookies=[android.os.BinderProxy@d65a8aa] positionInParent=Point(0, 0) parentTaskId=-1 isFocused=true isVisible=true isVisibleRequested=true isTopActivityNoDisplay=false isSleeping=false locusId=null displayAreaFeatureId=1 isTopActivityTransparent=false isActivityStackTransparent=false lastNonFullscreenBounds=Rect(81, 559 - 999, 1729) capturedLink=null capturedLinkTimestamp=0 requestedVisibleTypes=-9 topActivityRequestOpenInBrowserEducationTimestamp=0 appCompatTaskInfo=AppCompatTaskInfo { topActivityInSizeCompat=false eligibleForLetterboxEducation= false isLetterboxEducationEnabled= false isLetterboxDoubleTapEnabled= false eligibleForUserAspectRatioButton= false topActivityBoundsLetterboxed= false isFromLetterboxDoubleTap= false topActivityLetterboxVerticalPosition= -1 topActivityLetterboxHorizontalPosition= -1 topActivityLetterboxWidth=-1 topActivityLetterboxHeight=-1 topActivityAppBounds=Rect(0, 0 - 2340, 1080) isUserFullscreenOverrideEnabled=false isSystemFullscreenOverrideEnabled=false hasMinAspectRatioOverride=false topActivityLetterboxBounds=null cameraCompatTaskInfo=CameraCompatTaskInfo { freeformCameraCompatMode=inactive} topActivityBounds=null topActivityInDisplayCompat=false singleTapFromLetterbox=false} topActivityMainWindowFrame=null originallySupportedMultiWindow=true hasWallpaper=false rootAffinity=null isTopTaskInStage=false CoverLauncherWidgetTask=false LaunchedFromAppsCoverLauncherTask=false LaunchedFromMultistarCoverLauncherTask=false isAllowedSeamlessRotation=false isTopTransparentActivity=true isAliasManaged=false hasConfigChanged=false snappingGuideBounds=null isAiKeyRemoveAppTask=false lastDesktopWindowingBounds=null lastExternalDesktopWindowingBounds=null safeCutoutInsets=null}, pipChange = null, remoteTransition = null, displayChange = null, flags = 16, debugId = 5847 }
12-26 19:43:10.113  2812  7779 D ActivityTaskManager: scheduleTopResumedActivityChanged, onTop=false, r=ActivityRecord{202106712 u0 com.risa.app/.MainActivity t21301 f}}, caller=com.android.server.wm.ActivityTaskSupervisor.scheduleTopResumedActivityStateLossIfNeeded:19 com.android.server.wm.ActivityTaskSupervisor.updateTopResumedActivityIfNeeded:20 com.android.server.wm.TaskDisplayArea.positionChildAt:252 com.android.server.wm.WindowContainer.positionChildAt:84 com.android.server.wm.Task.positionChildAt:19 com.android.server.wm.Task.moveToFront:40 
12-26 19:43:10.114  2812  7779 V WindowManager: Collecting in transition 5847: ActivityRecord{202106712 u0 com.risa.app/.MainActivity t21301 f}}, caller=com.android.server.wm.TransitionController.collect:7 com.android.server.wm.ActivityRecord.setVisibility:132 com.android.server.wm.ActivityRecord.finishIfPossible:87 com.android.server.wm.ActivityRecord.finishIfPossible:1 com.android.server.wm.RootWindowContainer$$ExternalSyntheticLambda34.accept:179 
12-26 19:43:10.170  7550  7550 I SDHMS:PowerAnomaly:Gatherer:AppError: update AppError : uid=11280, pkg=com.risa.app, errorType=crash
12-26 19:43:10.174  7550  7550 I SDHMS:PowerAnomaly:Analyzer:AppError: analyze app error : uid=11280, pkg=com.risa.app, appErrorCount=2
12-26 19:43:10.239  2812  7779 D WindowManager: Changing focus from Window{71e49b5 u0 com.risa.app/com.risa.app.MainActivity} to null displayId=0 Callers=com.android.server.wm.WindowManagerService.relayoutWindow:1350 com.android.server.wm.Session.relayout:27 android.view.IWindowSession$Stub.onTransact:829 com.android.server.wm.Session.onTransact:1 
12-26 19:43:10.314  2812  7998 I WindowManager: WIN DEATH: Window{71e49b5 u0 com.risa.app/com.risa.app.MainActivity}
12-26 19:43:10.315  2812  7998 V WindowManager: Remove Window{71e49b5 u0 com.risa.app/com.risa.app.MainActivity}: mSurfaceControl=Surface(name=com.risa.app/com.risa.app.MainActivity$_20434)/@0xf89125a mAnimatingExit=false mRemoveOnExit=false mHasSurface=true surfaceShowing=true animating=false app-animation=false callers=com.android.server.wm.Session.binderDied:85 android.os.IBinder$DeathRecipient.binderDied:346 android.os.BinderProxy.sendDeathNotice:848 <bottom of call stack> <bottom of call stack> <bottom of call stack> 
12-26 19:43:10.316  2812  7880 I ActivityManager: Process com.risa.app (pid 20434) has died: fg  TOP (2180,1874)
12-26 19:43:10.321  2812  7880 V WindowManager: Collecting in transition 5847: Task{79e80b1 #21301 type=standard I=com.risa.app/.MainActivity}, caller=com.android.server.wm.Transition.collectClose:12 com.android.server.wm.WindowProcessController.handleAppDied$1:465 com.android.server.am.ActivityManagerService.handleAppDiedLocked:248 com.android.server.am.ActivityManagerService.appDiedLocked:570 com.android.server.am.ActivityManagerService$AppDeathRecipient.binderDied:17 
12-26 19:43:10.321  2812  7880 V WindowManager: Collecting in transition 5847: ActivityRecord{202106712 u0 com.risa.app/.MainActivity t21301 f}}, caller=com.android.server.wm.TransitionController.collect:7 com.android.server.wm.ActivityRecord.onRemovedFromDisplay:258 com.android.server.wm.ActivityRecord.removeFromHistory:173 com.android.server.wm.WindowProcessController.handleAppDied$1:507 com.android.server.am.ActivityManagerService.handleAppDiedLocked:248 
12-26 19:43:10.331  2812  3124 D SGM:FgCheckThread: pkgName: com.risa.app is not in foreground
12-26 19:43:10.331  2812  3124 D SGM:FgCheckThread: noteStopComponent(), received pkgName: com.risa.app, focusedPkgName: com.sec.android.app.launcher, userId: 0
12-26 19:43:10.385  2812  3125 D ChangeTransitionController:    ChangeInfo{7d8c5ba container=Task{79e80b1 #21301 type=standard I=com.risa.app/.MainActivity} flags=0x0}
12-26 19:43:10.385  2812  3125 D ChangeTransitionController:    ChangeInfo{4e8c61 container=ActivityRecord{202106712 u0 com.risa.app/.MainActivity t21301 f} isExiting} flags=0x0}
12-26 19:43:10.385  2812  3125 V WindowManager: Start calculating TransitionInfo based on participants: {Task{3c60ba8 #1 type=home}, Task{79e80b1 #21301 type=standard I=com.risa.app/.MainActivity}, Task{a2f92a1 #8 type=home I=com.sec.android.app.launcher/.activities.LauncherActivity}, ActivityRecord{202106712 u0 com.risa.app/.MainActivity t21301 f} isExiting}, WallpaperWindowToken{d2924d7 showWhenLocked=false}_<system>, ActivityRecord{241675760 u0 com.sec.android.app.launcher/.activities.LauncherActivity t8}}
12-26 19:43:10.385  2812  3125 V WindowManager:   Final targets: [ChangeInfo{7e75dc container=Task{3c60ba8 #1 type=home} flags=0x30}, ChangeInfo{7d8c5ba container=Task{79e80b1 #21301 type=standard I=com.risa.app/.MainActivity} flags=0x10}, ChangeInfo{43d8386 container=WallpaperWindowToken{d2924d7 showWhenLocked=false}_<system> flags=0x0}]
12-26 19:43:10.387  2812  3125 V WindowManager:         {WCT{RemoteToken{c04120b Task{79e80b1 #21301 type=standard I=com.risa.app/.MainActivity}}} m=CLOSE f=EDGE_EXTENSION_RESTRICTION leash=Surface(name=Task=21301)/@0xac94b85 sb=Rect(0, 0 - 2340, 1080) eb=Rect(0, 0 - 2340, 1080) epz=Point(2340, 1080) d=0 taskParent=-1 inset=Rect(0, 0 - 0, 0) dim=true allowAppBgLayer=true},
12-26 19:43:10.397  2812  3121 V WindowManager: Sent Transition (#5847) createdAt=12-26 19:43:10.109 via request=TransitionRequestInfo { type = CLOSE, triggerTask = TaskInfo{userId=0 taskId=21301 effectiveUid=11280 displayId=0 isRunning=true baseIntent=Intent { act=android.intent.action.MAIN cat=[android.intent.category.LAUNCHER] flg=0x10200000 cmp=com.risa.app/.MainActivity } baseActivity=ComponentInfo{com.risa.app/com.risa.app.MainActivity} topActivity=ComponentInfo{com.risa.app/com.risa.app.MainActivity} origActivity=null realActivity=ComponentInfo{com.risa.app/com.risa.app.MainActivity} numActivities=1 lastActiveTime=323805678 supportsMultiWindow=true resizeMode=2 isResizeable=true minWidth=-1 minHeight=-1 maxWidth=-1 maxHeight=-1 defaultMinSize=220 desktopDefaultMinSize=304 token=WCT{RemoteToken{c04120b Task{79e80b1 #21301 type=standard I=com.risa.app/.MainActivity}}} topActivityType=1 pictureInPictureParams=null shouldDockBigOverlays=false launchIntoPipHostTaskId=-1 lastParentTaskIdBeforePip=-1 displayCutoutSafeInsets=Rect(0, 0 - 0, 0) topActivityInfo=ActivityInfo{283fda6 com.risa.app.MainActivity} launchCookies=[android.os.BinderProxy@ddfc3e7] positionInParent=Point(0, 0) parentTaskId=-1 isFocused=true isVisible=true isVisibleRequested=true isTopActivityNoDisplay=false isSleeping=false locusId=null displayAreaFeatureId=1 isTopActivityTransparent=false isActivityStackTransparent=false lastNonFullscreenBounds=Rect(81, 559 - 999, 1729) capturedLink=null capturedLinkTimestamp=0 requestedVisibleTypes=-9 topActivityRequestOpenInBrowserEducationTimestamp=0 appCompatTaskInfo=AppCompatTaskInfo { topActivityInSizeCompat=false eligibleForLetterboxEducation= false isLetterboxEducationEnabled= false isLetterboxDoubleTapEnabled= false eligibleForUserAspectRatioButton= false topActivityBoundsLetterboxed= false isFromLetterboxDoubleTap= false topActivityLetterboxVerticalPosition= -1 topActivityLetterboxHorizontalPosition= -1 topActivityLetterboxWidth=-1 topActivityLetterboxHeight=-1 topActivityAppBounds=Rect(0, 0 - 2340, 1080) isUserFullscreenOverrideEnabled=false isSystemFullscreenOverrideEnabled=false hasMinAspectRatioOverride=false topActivityLetterboxBounds=null cameraCompatTaskInfo=CameraCompatTaskInfo { freeformCameraCompatMode=inactive} topActivityBounds=null topActivityInDisplayCompat=false singleTapFromLetterbox=false} topActivityMainWindowFrame=null originallySupportedMultiWindow=true hasWallpaper=false rootAffinity=null isTopTaskInStage=false CoverLauncherWidgetTask=false LaunchedFromAppsCoverLauncherTask=false LaunchedFromMultistarCoverLauncherTask=false isAllowedSeamlessRotation=false isTopTransparentActivity=true isAliasManaged=false hasConfigChanged=false snappingGuideBounds=null isAiKeyRemoveAppTask=false lastDesktopWindowingBounds=null lastExternalDesktopWindowingBounds=null safeCutoutInsets=null}, pipChange = null, remoteTransition = null, displayChange = null, flags = 16, debugId = 5847 }
12-26 19:43:10.397  2812  3121 V WindowManager:         {WCT{RemoteToken{c04120b Task{79e80b1 #21301 type=standard I=com.risa.app/.MainActivity}}} m=CLOSE f=EDGE_EXTENSION_RESTRICTION leash=Surface(name=Task=21301)/@0xac94b85 sb=Rect(0, 0 - 2340, 1080) eb=Rect(0, 0 - 2340, 1080) epz=Point(2340, 1080) d=0 taskParent=-1 inset=Rect(0, 0 - 0, 0) dim=true allowAppBgLayer=true},
12-26 19:43:10.579  2812  7779 V WindowManager:    ChangeInfo{7d8c5ba container=Task{79e80b1 #21301 type=standard I=com.risa.app/.MainActivity} flags=0x10}
12-26 19:43:10.579  2812  7779 V WindowManager:    ChangeInfo{4e8c61 container=ActivityRecord{202106712 u0 com.risa.app/.MainActivity t21301 f} isExiting} flags=0x0}
12-26 19:43:10.579  2812  7779 V WindowManager: Setting visibility of Window{71e49b5 u0 com.risa.app/com.risa.app.MainActivity EXITING}: false, caller=com.android.server.wm.WindowContainer.sendAppVisibilityToClients:19 com.android.server.wm.WindowToken.setClientVisible:48 com.android.server.wm.ActivityRecord.commitVisibility:186 com.android.server.wm.TransitionController.finishTransition:846 com.android.server.wm.WindowOrganizerController.finishTransitionInner:31 
12-26 19:43:10.579  2812  7779 W WindowManager: Exception thrown during dispatchAppVisibility Window{71e49b5 u0 com.risa.app/com.risa.app.MainActivity EXITING}
12-26 19:43:10.581  2812  7779 D WindowManager: prepareSync <SYNC_STATE_WAITING_FOR_DRAW>, mPrepareSyncSeqId=0, win=Window{71e49b5 u0 com.risa.app/com.risa.app.MainActivity EXITING}
12-26 19:43:10.582  2812  7779 D ChangeTransitionController:    ChangeInfo{7d8c5ba container=Task{79e80b1 #21301 type=standard I=com.risa.app/.MainActivity} flags=0x10}
12-26 19:43:10.582  2812  7779 D ChangeTransitionController:    ChangeInfo{4e8c61 container=ActivityRecord{202106712 u0 com.risa.app/.MainActivity t21301 f} isExiting} flags=0x0}
12-26 19:43:10.637  2812  7779 V WindowManager: Remove Window{71e49b5 u0 com.risa.app/com.risa.app.MainActivity EXITING}: mSurfaceControl=Surface(name=com.risa.app/com.risa.app.MainActivity$_20434)/@0xf89125a mAnimatingExit=true mRemoveOnExit=true mHasSurface=true surfaceShowing=true animating=false app-animation=false callers=com.android.server.wm.WindowToken.removeAllWindowsIfPossible:45 com.android.server.wm.WindowToken.removeIfPossible:16 com.android.server.wm.WindowToken.handleCompleteDeferredRemoval:5 com.android.server.wm.WindowContainer.handleCompleteDeferredRemoval:21 com.android.server.wm.TaskFragment.handleCompleteDeferredRemoval:17 com.android.server.wm.WindowContainer.handleCompleteDeferredRemoval:21 
12-26 19:43:10.637  2812  7779 V WindowManager: Remove Window{71e49b5 u0 com.risa.app/com.risa.app.MainActivity EXITING}: mSurfaceControl=Surface(name=com.risa.app/com.risa.app.MainActivity$_20434)/@0xf89125a mAnimatingExit=true mRemoveOnExit=true mHasSurface=true surfaceShowing=true animating=false app-animation=false callers=com.android.server.wm.WindowToken.removeAllWindowsIfPossible:45 com.android.server.wm.WindowToken.removeIfPossible:16 com.android.server.wm.ActivityRecord.onRemovedFromDisplay:407 com.android.server.wm.ActivityRecord.removeImmediately:46 com.android.server.wm.WindowToken.removeIfPossible:19 com.android.server.wm.WindowToken.handleCompleteDeferredRemoval:5 
12-26 19:43:10.638  2059  2224 I SurfaceFlinger: id=78824 Removed 90eeaca ActivityRecordInputSink com.risa.app/.MainActivity#78824 (335)
12-26 19:43:10.641  2059  2059 I SurfaceFlinger: RequestedLayer [ActivityRecord{202106712 u0 com.risa.app/.MainActivity t21301}#78816] hidden!! flag  from(0) --> to(1)
12-26 19:43:10.658  2059  2059 I SurfaceFlinger: [LayerHierarchy{RequestedLayerState{com.risa.app/com.risa.app.MainActivity$_20434#78832} 3 children}] reparent to OffscreenRoot
12-26 19:43:10.658  2059  2059 I SurfaceFlinger: [LayerHierarchy{RequestedLayerState{com.risa.app/com.risa.app.MainActivity$_20434#78832} 3 children}] RelativeParent to null
12-26 19:43:10.658  2059  2059 I SurfaceFlinger: [LayerHierarchy{RequestedLayerState{71e49b5 com.risa.app/com.risa.app.MainActivity#78828} no children}] reparent to OffscreenRoot
12-26 19:43:10.658  2059  2059 I SurfaceFlinger: [LayerHierarchy{RequestedLayerState{71e49b5 com.risa.app/com.risa.app.MainActivity#78828} no children}] RelativeParent to null
12-26 19:43:10.658  2059  2059 I SurfaceFlinger: [LayerHierarchy{RequestedLayerState{ActivityRecord{202106712 u0 com.risa.app/.MainActivity t21301}#78816} 1 children}] reparent to OffscreenRoot
12-26 19:43:10.658  2059  2059 I SurfaceFlinger: [LayerHierarchy{RequestedLayerState{ActivityRecord{202106712 u0 com.risa.app/.MainActivity t21301}#78816} 1 children}] RelativeParent to null
12-26 19:43:10.659  2059  2059 I SurfaceFlinger: id=78816 Removed ActivityRecord{202106712 u0 com.risa.app/.MainActivity t21301}#78816 (337)
12-26 19:43:10.659  2059  2059 I SurfaceFlinger: id=78828 Removed 71e49b5 com.risa.app/com.risa.app.MainActivity#78828 (337)
12-26 19:43:10.659  2059  2059 I SurfaceFlinger: id=78832 Removed com.risa.app/com.risa.app.MainActivity$_20434#78832 (337)
12-26 19:43:10.674  2059  2059 I SurfaceFlinger: destroyed com.risa.app/com.risa.app.MainActivity$_20434#78832 form LifecycleManager
12-26 19:43:10.674  2059  2059 I SurfaceFlinger: destroyed 71e49b5 com.risa.app/com.risa.app.MainActivity#78828 form LifecycleManager
12-26 19:43:10.674  2059  2059 I SurfaceFlinger: destroyed Bounds for - com.risa.app/com.risa.app.MainActivity@0#78835 form LifecycleManager
12-26 19:43:10.674  2059  2059 I SurfaceFlinger: destroyed 466a9b7 SurfaceView[com.risa.app/com.risa.app.MainActivity]@0#78836 form LifecycleManager
12-26 19:43:10.674  2059  2059 I SurfaceFlinger: destroyed ActivityRecord{202106712 u0 com.risa.app/.MainActivity t21301}#78816 form LifecycleManager
12-26 19:43:10.674  2059  2059 I SurfaceFlinger: destroyed 90eeaca ActivityRecordInputSink com.risa.app/.MainActivity#78824 form LifecycleManager
12-26 19:43:10.674  2059  2059 I SurfaceFlinger: destroyed 466a9b7 SurfaceView[com.risa.app/com.risa.app.MainActivity]@0(BLAST)#78837 form LifecycleManager
12-26 19:43:10.674  2059  2059 I SurfaceFlinger: destroyed Background for 466a9b7 SurfaceView[com.risa.app/com.risa.app.MainActivity]@0#78838 form LifecycleManager
12-26 19:43:10.674  2059  2059 I SurfaceFlinger: id=78832 onLayerDestroyed from LayerHierarchyBuilder(RequestedLayerState{com.risa.app/com.risa.app.MainActivity$_20434#78832 !handle})
12-26 19:43:10.674  2059  2059 I SurfaceFlinger: id=78828 onLayerDestroyed from LayerHierarchyBuilder(RequestedLayerState{71e49b5 com.risa.app/com.risa.app.MainActivity#78828 !handle})
12-26 19:43:10.674  2059  2059 I SurfaceFlinger: id=78835 onLayerDestroyed from LayerHierarchyBuilder(RequestedLayerState{Bounds for - com.risa.app/com.risa.app.MainActivity@0#78835 !handle})
12-26 19:43:10.674  2059  2059 I SurfaceFlinger: id=78836 onLayerDestroyed from LayerHierarchyBuilder(RequestedLayerState{466a9b7 SurfaceView[com.risa.app/com.risa.app.MainActivity]@0#78836 !handle z=-2})
12-26 19:43:10.674  2059  2059 I SurfaceFlinger: id=78816 onLayerDestroyed from LayerHierarchyBuilder(RequestedLayerState{ActivityRecord{202106712 u0 com.risa.app/.MainActivity t21301}#78816 !handle})
12-26 19:43:10.674  2059  2059 I SurfaceFlinger: id=78824 onLayerDestroyed from LayerHierarchyBuilder(RequestedLayerState{90eeaca ActivityRecordInputSink com.risa.app/.MainActivity#78824 !handle z=-2147483648})
12-26 19:43:10.674  2059  2059 I SurfaceFlinger: id=78837 onLayerDestroyed from LayerHierarchyBuilder(RequestedLayerState{466a9b7 SurfaceView[com.risa.app/com.risa.app.MainActivity]@0(BLAST)#78837 !handle})
12-26 19:43:10.674  2059  2059 I SurfaceFlinger: id=78838 onLayerDestroyed from LayerHierarchyBuilder(RequestedLayerState{Background for 466a9b7 SurfaceView[com.risa.app/com.risa.app.MainActivity]@0#78838 !handle z=-2147483648})
12-26 19:43:10.675  2059  2059 I Layer   : id=78832 Destroyed com.risa.app/com.risa.app.MainActivity$_20434#78832
12-26 19:43:10.675  2059  2059 I Layer   : id=78828 Destroyed 71e49b5 com.risa.app/com.risa.app.MainActivity#78828
12-26 19:43:10.675  2059  2059 I Layer   : id=78835 Destroyed Bounds for - com.risa.app/com.risa.app.MainActivity@0#78835
12-26 19:43:10.675  2059  2059 I Layer   : id=78836 Destroyed 466a9b7 SurfaceView[com.risa.app/com.risa.app.MainActivity]@0#78836
12-26 19:43:10.