12-26 19:39:19.438  2812  6028 I ActivityTaskManager: START u0 {act=android.intent.action.MAIN cat=[android.intent.category.LAUNCHER] flg=0x34000000 xflg=0x4 pkg=com.risa.app cmp=com.risa.app/.MainActivity} with LAUNCH_SINGLE_TOP from uid 10082 (sr=254417737) (BAL_ALLOW_VISIBLE_WINDOW) result code=0
12-26 19:39:19.440  4743  4800 V WindowManagerShell: Transition requested (#5833): android.os.BinderProxy@2d7cb9d TransitionRequestInfo { type = OPEN, triggerTask = TaskInfo{userId=0 taskId=21299 effectiveUid=11280 displayId=0 isRunning=true baseIntent=Intent { act=android.intent.action.MAIN cat=[android.intent.category.LAUNCHER] flg=0x34000000 pkg=com.risa.app cmp=com.risa.app/.MainActivity } baseActivity=ComponentInfo{com.risa.app/com.risa.app.MainActivity} topActivity=ComponentInfo{com.risa.app/com.risa.app.MainActivity} origActivity=null realActivity=ComponentInfo{com.risa.app/com.risa.app.MainActivity} numActivities=1 lastActiveTime=323677629 supportsMultiWindow=true resizeMode=2 isResizeable=true minWidth=-1 minHeight=-1 maxWidth=-1 maxHeight=-1 defaultMinSize=220 desktopDefaultMinSize=304 token=WCT{android.window.IWindowContainerToken$Stub$Proxy@e59b812} topActivityType=1 pictureInPictureParams=null shouldDockBigOverlays=false launchIntoPipHostTaskId=-1 lastParentTaskIdBeforePip=-1 displayCutoutSafeInsets=Rect(0, 84 - 0, 0) topActivityInfo=ActivityInfo{2350be3 com.risa.app.MainActivity} launchCookies=[] positionInParent=Point(0, 0) parentTaskId=-1 isFocused=false isVisible=false isVisibleRequested=false isTopActivityNoDisplay=false isSleeping=false locusId=null displayAreaFeatureId=1 isTopActivityTransparent=false isActivityStackTransparent=false lastNonFullscreenBounds=Rect(81, 559 - 999, 1729) capturedLink=null capturedLinkTimestamp=0 requestedVisibleTypes=-9 topActivityRequestOpenInBrowserEducationTimestamp=0 appCompatTaskInfo=AppCompatTaskInfo { topActivityInSizeCompat=false eligibleForLetterboxEducation= false isLetterboxEducationEnabled= false isLetterboxDoubleTapEnabled= false eligibleForUserAspectRatioButton= false topActivityBoundsLetterboxed= false isFromLetterboxDoubleTap= false topActivityLetterboxVerticalPosition= -1 topActivityLetterboxHorizontalPosition= -1 topActivityLetterboxWidth=-1 topActivityLetterboxHeight=-1 topActivityAppBounds=Rect(0, 0 - 1080, 2340) isUserFullscreenOverrideEnabled=false isSystemFullscreenOverrideEnabled=false hasMinAspectRatioOverride=false topActivityLetterboxBounds=null cameraCompatTaskInfo=CameraCompatTaskInfo { freeformCameraCompatMode=inactive} topActivityBounds=null topActivityInDisplayCompat=false singleTapFromLetterbox=false} topActivityMainWindowFrame=null originallySupportedMultiWindow=true hasWallpaper=false rootAffinity=null isTopTaskInStage=false CoverLauncherWidgetTask=false LaunchedFromAppsCoverLauncherTask=false LaunchedFromMultistarCoverLauncherTask=false isAllowedSeamlessRotation=false isTopTransparentActivity=false isAliasManaged=false hasConfigChanged=false snappingGuideBounds=null isAiKeyRemoveAppTask=false lastDesktopWindowingBounds=null lastExternalDesktopWindowingBounds=null safeCutoutInsets=null}, pipChange = null, remoteTransition = null, displayChange = null, flags = 0, debugId = 5833 }
12-26 19:39:19.441  2812  6028 I AppsFilter: interaction: PackageSetting{36a78f3 com.android.microdroid.empty_payload/10341} -> PackageSetting{4ef7b19 com.risa.app/11280} BLOCKED
12-26 19:39:19.441  2812  6028 I AppsFilter: interaction: PackageSetting{70fe029 com.iptvsubz.accessibilityoverlay/10424} -> PackageSetting{4ef7b19 com.risa.app/11280} BLOCKED
12-26 19:39:19.441  2812  6028 I AppsFilter: interaction: PackageSetting{c51fae com.example.iptpvtsubs_2/10832} -> PackageSetting{4ef7b19 com.risa.app/11280} BLOCKED
12-26 19:39:19.441  2812  6028 V WindowManager: Collecting in transition 5833: ActivityRecord{177831650 u0 com.risa.app/.MainActivity t21299}, caller=com.android.server.wm.TransitionController.collect:7 com.android.server.wm.ActivityRecord.setVisibility:132 com.android.server.wm.EnsureActivitiesVisibleHelper.process:459 com.android.server.wm.TaskFragment.updateActivityVisibilities:12 com.android.server.wm.Task$$ExternalSyntheticLambda37.accept:37 
12-26 19:39:19.446  2812  8703 D WindowManager: prepareSync <SYNC_STATE_WAITING_FOR_DRAW>, mPrepareSyncSeqId=0, win=Window{b70e578 u0 Splash Screen com.risa.app}
12-26 19:39:19.447  2812  8703 V WindowManager: addWindow: ActivityRecord{177831650 u0 com.risa.app/.MainActivity t21299} startingWindow=Window{b70e578 u0 Splash Screen com.risa.app}
12-26 19:39:19.447  2812  8703 D WindowManager: rotationForOrientation, orientationSource=ActivityRecord{177831650 u0 com.risa.app/.MainActivity t21299}
12-26 19:39:19.447  2812  8703 D ActivityTaskManager: applyFixedRotationTransform, r=ActivityRecord{177831650 u0 com.risa.app/.MainActivity t21299}, caller=com.android.server.wm.ActivityRecord.applyFixedRotationTransform:20 com.android.server.wm.DisplayContent.startFixedRotationTransform:63 com.android.server.wm.DisplayContent.setFixedRotationLaunchingApp:47 com.android.server.wm.DisplayContent.handleTopActivityLaunchingInDifferentOrientation:286 com.android.server.wm.DisplayContent.updateOrientation:40 
12-26 19:39:19.448  2812  8703 D WindowManager: setFixedRotationLaunchingAppUnchecked, rotation=1, r=ActivityRecord{177831650 u0 com.risa.app/.MainActivity t21299}, caller=com.android.server.wm.DisplayContent.setFixedRotationLaunchingAppUnchecked:131 com.android.server.wm.DisplayContent.setFixedRotationLaunchingApp:50 com.android.server.wm.DisplayContent.handleTopActivityLaunchingInDifferentOrientation:286 com.android.server.wm.DisplayContent.updateOrientation:40 com.android.server.wm.WindowManagerService.addWindowInner:690 
12-26 19:39:19.466  2812  5150 D WindowManager: makeSurface duration=0 name=Splash Screen com.risa.app$_4743
12-26 19:39:19.469  2812  3154 I ActivityManager: Start proc 18918:com.risa.app/u0a1280 for next-top-activity {com.risa.app/com.risa.app.MainActivity}
12-26 19:39:19.483  2812  5150 D WindowManager: finishDrawingWindow: Window{b70e578 u0 Splash Screen com.risa.app} mDrawState=DRAW_PENDING seqId=0
12-26 19:39:19.484  2812  5150 V WindowManager: Finishing drawing window Window{b70e578 u0 Splash Screen com.risa.app}: mDrawState=DRAW_PENDING
12-26 19:39:19.484  2812  5150 V WindowManager: Draw state now committed in Window{b70e578 u0 Splash Screen com.risa.app}
12-26 19:39:19.486  2812  3125 V WindowManager: performShowLocked: mDrawState=HAS_DRAWN in Window{b70e578 u0 Splash Screen com.risa.app}
12-26 19:39:19.486  2812  3125 D WindowManagerServiceExt: updateTaskbarTargetIfNeeded: cn=ComponentInfo{com.risa.app/com.risa.app.MainActivity} occludesParent=true isInSplitScreenMode=false
12-26 19:39:19.486  2812  3125 D ChangeTransitionController:    ChangeInfo{48e90e1 container=Task{312d5a9 #21299 type=standard I=com.risa.app/.MainActivity} flags=0x0}
12-26 19:39:19.486  2812  3125 D ChangeTransitionController:    ChangeInfo{5dedcc7 container=ActivityRecord{177831650 u0 com.risa.app/.MainActivity t21299} flags=0x0}
12-26 19:39:19.486  2812  3125 V WindowManager: Start calculating TransitionInfo based on participants: {Task{312d5a9 #21299 type=standard I=com.risa.app/.MainActivity}, ActivityRecord{54855137 u0 com.sec.android.app.myfiles/.ui.MainActivity t21290}, ActivityRecord{90193184 u0 com.google.android.packageinstaller/com.android.packageinstaller.DeleteStagedFileOnResult t21290}, ActivityRecord{177831650 u0 com.risa.app/.MainActivity t21299}, ActivityRecord{254417737 u0 com.google.android.packageinstaller/com.android.packageinstaller.InstallSuccess t21290 f}}}
12-26 19:39:19.486  2812  3125 V WindowManager:   Final targets: [ChangeInfo{48e90e1 container=Task{312d5a9 #21299 type=standard I=com.risa.app/.MainActivity} flags=0x10}, ChangeInfo{dcb9ac container=Task{9343f06 #21290 type=standard I=com.sec.android.app.myfiles/.ui.MainActivity} flags=0x10}]
12-26 19:39:19.487  2812  3125 V WindowManager:         {WCT{RemoteToken{731c498 Task{312d5a9 #21299 type=standard I=com.risa.app/.MainActivity}}} m=OPEN f=NONE leash=Surface(name=Task=21299)/@0xcedb60a sb=Rect(0, 0 - 1080, 2340) eb=Rect(0, 0 - 1080, 2340) epz=Point(1080, 2340) d=0 endFixedRotation=1 taskParent=-1 inset=Rect(84, 84 - 0, 0) dim=true},
12-26 19:39:19.498  2812  3121 V WindowManager: Sent Transition (#5833) createdAt=12-26 19:39:19.430 via request=TransitionRequestInfo { type = OPEN, triggerTask = TaskInfo{userId=0 taskId=21299 effectiveUid=11280 displayId=0 isRunning=true baseIntent=Intent { act=android.intent.action.MAIN cat=[android.intent.category.LAUNCHER] flg=0x34000000 pkg=com.risa.app cmp=com.risa.app/.MainActivity } baseActivity=ComponentInfo{com.risa.app/com.risa.app.MainActivity} topActivity=ComponentInfo{com.risa.app/com.risa.app.MainActivity} origActivity=null realActivity=ComponentInfo{com.risa.app/com.risa.app.MainActivity} numActivities=1 lastActiveTime=323677629 supportsMultiWindow=true resizeMode=2 isResizeable=true minWidth=-1 minHeight=-1 maxWidth=-1 maxHeight=-1 defaultMinSize=220 desktopDefaultMinSize=304 token=WCT{RemoteToken{731c498 Task{312d5a9 #21299 type=standard I=com.risa.app/.MainActivity}}} topActivityType=1 pictureInPictureParams=null shouldDockBigOverlays=false launchIntoPipHostTaskId=-1 lastParentTaskIdBeforePip=-1 displayCutoutSafeInsets=Rect(0, 84 - 0, 0) topActivityInfo=ActivityInfo{f692f2d com.risa.app.MainActivity} launchCookies=[] positionInParent=Point(0, 0) parentTaskId=-1 isFocused=false isVisible=false isVisibleRequested=false isTopActivityNoDisplay=false isSleeping=false locusId=null displayAreaFeatureId=1 isTopActivityTransparent=false isActivityStackTransparent=false lastNonFullscreenBounds=Rect(81, 559 - 999, 1729) capturedLink=null capturedLinkTimestamp=0 requestedVisibleTypes=-9 topActivityRequestOpenInBrowserEducationTimestamp=0 appCompatTaskInfo=AppCompatTaskInfo { topActivityInSizeCompat=false eligibleForLetterboxEducation= false isLetterboxEducationEnabled= false isLetterboxDoubleTapEnabled= false eligibleForUserAspectRatioButton= false topActivityBoundsLetterboxed= false isFromLetterboxDoubleTap= false topActivityLetterboxVerticalPosition= -1 topActivityLetterboxHorizontalPosition= -1 topActivityLetterboxWidth=-1 topActivityLetterboxHeight=-1 topActivityAppBounds=Rect(0, 0 - 1080, 2340) isUserFullscreenOverrideEnabled=false isSystemFullscreenOverrideEnabled=false hasMinAspectRatioOverride=false topActivityLetterboxBounds=null cameraCompatTaskInfo=CameraCompatTaskInfo { freeformCameraCompatMode=inactive} topActivityBounds=null topActivityInDisplayCompat=false singleTapFromLetterbox=false} topActivityMainWindowFrame=null originallySupportedMultiWindow=true hasWallpaper=false rootAffinity=null isTopTaskInStage=false CoverLauncherWidgetTask=false LaunchedFromAppsCoverLauncherTask=false LaunchedFromMultistarCoverLauncherTask=false isAllowedSeamlessRotation=false isTopTransparentActivity=false isAliasManaged=false hasConfigChanged=false snappingGuideBounds=null isAiKeyRemoveAppTask=false lastDesktopWindowingBounds=null lastExternalDesktopWindowingBounds=null safeCutoutInsets=null}, pipChange = null, remoteTransition = null, displayChange = null, flags = 0, debugId = 5833 }
12-26 19:39:19.498  2812  3121 V WindowManager:         {WCT{RemoteToken{731c498 Task{312d5a9 #21299 type=standard I=com.risa.app/.MainActivity}}} m=OPEN f=NONE leash=Surface(name=Task=21299)/@0xcedb60a sb=Rect(0, 0 - 1080, 2340) eb=Rect(0, 0 - 1080, 2340) epz=Point(1080, 2340) d=0 endFixedRotation=1 taskParent=-1 inset=Rect(84, 84 - 0, 0) dim=true},
12-26 19:39:19.499  2812  3125 D InsetsSourceProvider: updateControlForTarget: control=InsetsSourceControl: {4c0000 mType=statusBars initiallyVisible mSurfacePosition=Point(0, 0) mInsetsHint=Insets{left=0, top=84, right=0, bottom=0}}, target=Window{b70e578 u0 Splash Screen com.risa.app}, from=com.android.server.wm.InsetsStateController.onControlTargetChanged:83 com.android.server.wm.InsetsPolicy.updateBarControlTarget:212 com.android.server.wm.DisplayPolicy.updateSystemBarAttributes:262 com.android.server.wm.DisplayPolicy.finishPostLayoutPolicyLw:17 com.android.server.wm.RootWindowContainer.applySurfaceChangesTransaction$1:195 
12-26 19:39:19.499  2812  3125 D InsetsSourceProvider: updateControlForTarget: control=InsetsSourceControl: {e4a90001 mType=navigationBars initiallyVisible mSurfacePosition=Point(0, 2205) mInsetsHint=Insets{left=0, top=0, right=0, bottom=135}}, target=Window{b70e578 u0 Splash Screen com.risa.app}, from=com.android.server.wm.InsetsStateController.onControlTargetChanged:83 com.android.server.wm.InsetsPolicy.updateBarControlTarget:225 com.android.server.wm.DisplayPolicy.updateSystemBarAttributes:262 com.android.server.wm.DisplayPolicy.finishPostLayoutPolicyLw:17 com.android.server.wm.RootWindowContainer.applySurfaceChangesTransaction$1:195 
12-26 19:39:19.499  2812  3125 D WindowManager: updateSystemBarAttributes: displayId=0, focusedCanBeNavColorWin=false, win=Window{b70e578 u0 Splash Screen com.risa.app}, navColorWin=Window{b70e578 u0 Splash Screen com.risa.app}, caller=com.android.server.wm.DisplayPolicy.finishPostLayoutPolicyLw:17 com.android.server.wm.RootWindowContainer.applySurfaceChangesTransaction$1:195 com.android.server.wm.RootWindowContainer.performSurfacePlacementNoTrace:59 
12-26 19:39:19.511  2812  3125 I WindowManager: notifyInsetsControlChanged, removed=false, win=Window{b70e578 u0 Splash Screen com.risa.app}, caller=com.android.server.wm.InsetsStateController$$ExternalSyntheticLambda1.run:137 com.android.server.wm.WindowAnimator$$ExternalSyntheticLambda2.onTransactionCommitted:26 android.view.SurfaceControl$Transaction$$ExternalSyntheticLambda4.run:0 android.os.Handler.handleCallback:995 android.os.Handler.dispatchMessage:103 android.os.Looper.loopOnce:273 
12-26 19:39:19.524  2812  5150 D SGM:GameManager: identifyGamePackage. com.risa.app, mCurrentUserId: 0, callingMethodInfo: com.samsung.android.game.IGameManagerService$Stub.onTransact(IGameManagerService.java:247)
12-26 19:39:19.648  2812  4526 D MdnieScenarioControlService:  packageName : com.risa.app    className : com.risa.app.MainActivity
12-26 19:39:19.703  2812  5150 D SGM:FgCheckThread: notifyAppCreated(), packageName: com.risa.app, userId: 0, sendRet: true
12-26 19:39:19.703  2812  4227 D SGM:FgCheckThread: onLooperPrepared(), msg: MSG_APP_CREATE, pkgName: com.risa.app, userId: 0
12-26 19:39:19.704  2812  5150 D SGM:FgCheckThread:   sendRunningComponentFocus(), pkgName: com.risa.app, userId: 0
12-26 19:39:19.704  2812  4227 D SGM:FgCheckThread: onLooperPrepared(), msg: MSG_TASK_FOCUSED, pkgName: com.risa.app, userId: 0
12-26 19:39:19.704  2812  4227 D SGM:FgCheckThread:   handleTaskFocused(), pkgName: com.risa.app, userID:0
12-26 19:39:19.704  2812  4227 D SGM:FgCheckThread:   handleResume(). pkgName: com.risa.app, userId: 0, category: non-game
12-26 19:39:19.704  2812  4227 D SGM:FgCheckThread: notifyFocusInOut(). of pkg: com.risa.app, type: 4, isSecGameFamily: false, userId: 0
12-26 19:39:19.704  2812  5150 D ActivityTaskManager: scheduleTopResumedActivityChanged, onTop=true, r=ActivityRecord{177831650 u0 com.risa.app/.MainActivity t21299}, caller=com.android.server.wm.ActivityTaskSupervisor.scheduleTopResumedActivityStateIfNeeded:18 com.android.server.wm.ActivityTaskSupervisor.updateTopResumedActivityIfNeeded:54 com.android.server.wm.TaskFragment.setResumedActivity:30 com.android.server.wm.ActivityRecord.setState:100 com.android.server.wm.ActivityTaskSupervisor.realStartActivityLocked:477 com.android.server.wm.RootWindowContainer.attachApplication:92 
12-26 19:39:19.705  2812  3124 D SGM:FgCheckThread: noteResumeComponent(), received pkgName: com.risa.app, userId: 0
12-26 19:39:19.705  2812  4227 D SGM:FgCheckThread: onLooperPrepared(), msg: MSG_APP_RESUME, pkgName: com.risa.app, userid: 0
12-26 19:39:19.706 18918 18918 D ActivityThread: com.risa.app will use render engine as VK
12-26 19:39:19.706  2812  3124 D SGM:GameManager: identifyGamePackage. com.risa.app, mCurrentUserId: 0, callingMethodInfo: com.samsung.android.game.SemGameManager.isGamePackage(SemGameManager.java:106)
12-26 19:39:19.706  2812  3124 D SGM:SemGameManager: isGamePackage(), pkgName=com.risa.app, ret=false
12-26 19:39:19.708  7550 10500 I SDHMS:k : handleResumeComponent : put = com.risa.app, userid = 0 instanceid =97822510
12-26 19:39:19.746  2812  7998 V WindowManager:    ChangeInfo{48e90e1 container=Task{312d5a9 #21299 type=standard I=com.risa.app/.MainActivity} flags=0x10}
12-26 19:39:19.746  2812  7998 V WindowManager:    ChangeInfo{5dedcc7 container=ActivityRecord{177831650 u0 com.risa.app/.MainActivity t21299} flags=0x0}
12-26 19:39:19.750  2812  7998 D WindowManager: prepareSync <SYNC_STATE_WAITING_FOR_DRAW>, mPrepareSyncSeqId=0, win=Window{b70e578 u0 Splash Screen com.risa.app}
12-26 19:39:19.750  2812  7998 V WindowManager: Override sync-method for b70e578 Splash Screen com.risa.app because seamless rotating, caller=com.android.server.wm.DisplayContent.setSeamlessTransitionForFixedRotation:22 com.android.server.wm.DisplayContent.requestChangeTransition:96 com.android.server.wm.DisplayRotation.updateRotationUnchecked:760 com.android.server.wm.DisplayRotation.updateOrientation:79 com.android.server.wm.DisplayContent.continueUpdateOrientationForDiffOrienLaunchingApp:63 
12-26 19:39:19.751  2812  7998 D ChangeTransitionController:    ChangeInfo{48e90e1 container=Task{312d5a9 #21299 type=standard I=com.risa.app/.MainActivity} flags=0x10}
12-26 19:39:19.751  2812  7998 D ChangeTransitionController:    ChangeInfo{5dedcc7 container=ActivityRecord{177831650 u0 com.risa.app/.MainActivity t21299} flags=0x0}
12-26 19:39:19.772  2812  3124 V WindowManager: Collecting in transition 5834: Task{312d5a9 #21299 type=standard I=com.risa.app/.MainActivity}, caller=com.android.server.wm.TransitionController$$ExternalSyntheticLambda2.accept:34 com.android.server.wm.Task.forAllLeafTasks:6 com.android.server.wm.WindowContainer.forAllLeafTasks:4 com.android.server.wm.DisplayArea.forAllLeafTasks:4 com.android.server.wm.WindowContainer.forAllLeafTasks:4 
12-26 19:39:19.772  2812  3124 V WindowManager: Collecting in transition 5834: ActivityRecord{177831650 u0 com.risa.app/.MainActivity t21299}, caller=com.android.server.wm.TransitionController$$ExternalSyntheticLambda2.accept:21 com.android.server.wm.ActivityRecord.forAllActivities:2 com.android.server.wm.WindowContainer.forAllActivities:8 com.android.server.wm.WindowContainer.forAllActivities:6 com.android.server.wm.TransitionController$$ExternalSyntheticLambda2.accept:107 
12-26 19:39:19.785  2812  3124 D ChangeTransitionController:    ChangeInfo{61f4c4b container=Task{312d5a9 #21299 type=standard I=com.risa.app/.MainActivity} flags=0x0}
12-26 19:39:19.785  2812  3124 D ChangeTransitionController:    ChangeInfo{80d7f41 container=ActivityRecord{177831650 u0 com.risa.app/.MainActivity t21299} flags=0x0}
12-26 19:39:19.785  2812  3124 V WindowManager: Start calculating TransitionInfo based on participants: {Task{312d5a9 #21299 type=standard I=com.risa.app/.MainActivity}, ActivityRecord{177831650 u0 com.risa.app/.MainActivity t21299}, Display{#0 state=ON size=2340x1080 ROTATION_90}}
12-26 19:39:19.785  2812  3124 V WindowManager:   Final targets: [ChangeInfo{61f4c4b container=Task{312d5a9 #21299 type=standard I=com.risa.app/.MainActivity} flags=0x0}, ChangeInfo{1948628 container=DefaultTaskDisplayArea_d0@90254262 flags=0x10}, ChangeInfo{7cb2ce6 container=Display{#0 state=ON size=2340x1080 ROTATION_90} flags=0x1}]
12-26 19:39:19.787  2812  3124 V WindowManager:         {WCT{RemoteToken{731c498 Task{312d5a9 #21299 type=standard I=com.risa.app/.MainActivity}}} m=CHANGE f=NONE p=WCT{RemoteToken{70b963d DefaultTaskDisplayArea_d0@90254262}} leash=Surface(name=Task=21299)/@0xcedb60a sb=Rect(0, 0 - 1080, 2340) eb=Rect(0, 0 - 2340, 1080) epz=Point(2340, 1080) d=0 r=0->1:-1 taskParent=-1 inset=Rect(84, 84 - 135, 0)},
12-26 19:39:19.787  2812  3121 V WindowManager:         {WCT{RemoteToken{731c498 Task{312d5a9 #21299 type=standard I=com.risa.app/.MainActivity}}} m=CHANGE f=NONE p=WCT{RemoteToken{70b963d DefaultTaskDisplayArea_d0@90254262}} leash=Surface(name=Task=21299)/@0xcedb60a sb=Rect(0, 0 - 1080, 2340) eb=Rect(0, 0 - 2340, 1080) epz=Point(2340, 1080) d=0 r=0->1:-1 taskParent=-1 inset=Rect(84, 84 - 135, 0)},
12-26 19:39:19.798  2812  4151 V WindowManager:    ChangeInfo{61f4c4b container=Task{312d5a9 #21299 type=standard I=com.risa.app/.MainActivity} flags=0x0}
12-26 19:39:19.798  2812  4151 V WindowManager:    ChangeInfo{80d7f41 container=ActivityRecord{177831650 u0 com.risa.app/.MainActivity t21299} flags=0x0}
12-26 19:39:19.799  2812  4151 D ChangeTransitionController:    ChangeInfo{61f4c4b container=Task{312d5a9 #21299 type=standard I=com.risa.app/.MainActivity} flags=0x0}
12-26 19:39:19.799  2812  4151 D ChangeTransitionController:    ChangeInfo{80d7f41 container=ActivityRecord{177831650 u0 com.risa.app/.MainActivity t21299} flags=0x0}
12-26 19:39:19.800  2812  4151 D WindowManager: rotationForOrientation, orientationSource=ActivityRecord{177831650 u0 com.risa.app/.MainActivity t21299}
12-26 19:39:19.885  2812  4151 D SGM:GameManager: identifyGamePackage. com.risa.app, mCurrentUserId: 0, callingMethodInfo: com.samsung.android.game.IGameManagerService$Stub.onTransact(IGameManagerService.java:247)
12-26 19:39:19.914  2812  3125 I WindowManager: notifyInsetsControlChanged, removed=false, win=Window{b70e578 u0 Splash Screen com.risa.app}, caller=com.android.server.wm.InsetsStateController$$ExternalSyntheticLambda1.run:137 com.android.server.wm.WindowAnimator$$ExternalSyntheticLambda2.onTransactionCommitted:26 android.view.SurfaceControl$Transaction$$ExternalSyntheticLambda4.run:0 android.os.Handler.handleCallback:995 android.os.Handler.dispatchMessage:103 android.os.Looper.loopOnce:273 
12-26 19:39:19.938  2812  7625 D CoreBackPreview: Window{c380fef u0 com.risa.app/com.risa.app.MainActivity}: Setting back callback OnBackInvokedCallbackInfo{mCallback=android.window.IOnBackInvokedCallback$Stub$Proxy@fd8c03d, mPriority=-1, mIsAnimationCallback=false, mOverrideBehavior=0}
12-26 19:39:19.964  2812  5150 D WindowManager: makeSurface duration=1 name=com.risa.app/com.risa.app.MainActivity$_18918
12-26 19:39:19.965  2812  5150 D WindowManager: Changing focus from null to Window{c380fef u0 com.risa.app/com.risa.app.MainActivity} displayId=0 Callers=com.android.server.wm.WindowManagerService.relayoutWindow:1350 com.android.server.wm.Session.relayout:27 android.view.IWindowSession$Stub.onTransact:829 com.android.server.wm.Session.onTransact:1 
12-26 19:39:19.965  2812  5150 D InsetsSourceProvider: updateControlForTarget: control=InsetsSourceControl: {4c0000 mType=statusBars initiallyVisible mSurfacePosition=Point(0, 0) mInsetsHint=Insets{left=0, top=84, right=0, bottom=0}}, target=Window{c380fef u0 com.risa.app/com.risa.app.MainActivity}, from=com.android.server.wm.InsetsStateController.onControlTargetChanged:83 com.android.server.wm.InsetsPolicy.updateBarControlTarget:212 com.android.server.wm.DisplayPolicy.updateSystemBarAttributes:262 com.android.server.wm.WindowManagerService.updateFocusedWindowLocked:372 com.android.server.wm.WindowManagerService.relayoutWindow:1350 
12-26 19:39:19.966  2812  5150 D InsetsSourceProvider: updateControlForTarget: control=InsetsSourceControl: {e4a90001 mType=navigationBars initiallyVisible mSurfacePosition=Point(2205, 0) mInsetsHint=Insets{left=0, top=0, right=135, bottom=0}}, target=Window{c380fef u0 com.risa.app/com.risa.app.MainActivity}, from=com.android.server.wm.InsetsStateController.onControlTargetChanged:83 com.android.server.wm.InsetsPolicy.updateBarControlTarget:225 com.android.server.wm.DisplayPolicy.updateSystemBarAttributes:262 com.android.server.wm.WindowManagerService.updateFocusedWindowLocked:372 com.android.server.wm.WindowManagerService.relayoutWindow:1350 
12-26 19:39:19.966  2812  5150 V SystemKeyManager: updateFocusedWindow() is called, com.risa.app/com.risa.app.MainActivity
12-26 19:39:19.997  2812  3125 I WindowManager: notifyInsetsControlChanged, removed=false, win=Window{b70e578 u0 Splash Screen com.risa.app}, caller=com.android.server.wm.InsetsStateController$$ExternalSyntheticLambda1.run:137 com.android.server.wm.WindowAnimator$$ExternalSyntheticLambda2.onTransactionCommitted:26 android.view.SurfaceControl$Transaction$$ExternalSyntheticLambda4.run:0 android.os.Handler.handleCallback:995 android.os.Handler.dispatchMessage:103 android.os.Looper.loopOnce:273 
12-26 19:39:20.007  2812  7625 D WindowManager: rotationForOrientation, orientationSource=ActivityRecord{177831650 u0 com.risa.app/.MainActivity t21299}
12-26 19:39:20.086  2812  5150 D WindowManager: finishDrawingWindow: Window{c380fef u0 com.risa.app/com.risa.app.MainActivity} mDrawState=DRAW_PENDING seqId=0
12-26 19:39:20.095  2812  3125 V WindowManager: Finish starting ActivityRecord{177831650 u0 com.risa.app/.MainActivity t21299}: first real window is shown, no animation
12-26 19:39:20.095  2812  3125 V WindowManager: Schedule remove starting ActivityRecord{177831650 u0 com.risa.app/.MainActivity t21299} startingWindow=Window{b70e578 u0 Splash Screen com.risa.app} animate=true Callers=com.android.server.wm.ActivityRecord.removeStartingWindow:178 com.android.server.wm.WindowState.performShowLocked:155 com.android.server.wm.WindowStateAnimator.commitFinishDrawingLocked:73 com.android.server.wm.DisplayContent$$ExternalSyntheticLambda1.accept$com$android$server$wm$DisplayContent$$ExternalSyntheticLambda37:23 com.android.server.wm.DisplayContent$$ExternalSyntheticLambda1.accept:143 
12-26 19:39:20.095  2812  3125 D TaskOrganizerController: applyStartingWindowAnimation, window=Window{c380fef u0 com.risa.app/com.risa.app.MainActivity}, caller=com.android.server.wm.TaskOrganizerController.removeStartingWindow:132 com.android.server.wm.StartingSurfaceController$StartingSurface.remove:23 com.android.server.wm.ActivityRecord.removeStartingWindowAnimation:171 
12-26 19:39:20.096  2812  3125 I WindowManager: Reparenting to leash, surface=Surface(name=c380fef com.risa.app/com.risa.app.MainActivity)/@0x55e3ed7, leashParent=Surface(name=ActivityRecord{177831650 u0 com.risa.app/.MainActivity t21299})/@0x19073c4
12-26 19:39:20.097  2812  3125 D WindowManager: makeSurface duration=1 leash=Surface(name=Surface(name=c380fef com.risa.app/com.risa.app.MainActivity)/@0x55e3ed7 - animation-leash of starting_reveal)/@0xb5f32ad
12-26 19:39:20.098  2812  3125 V WindowManager: performShowLocked: mDrawState=HAS_DRAWN in Window{c380fef u0 com.risa.app/com.risa.app.MainActivity}
12-26 19:39:20.101  2812  3121 I Pageboost: Launch time gathered : pid 18918 com.risa.app 670
12-26 19:39:20.121  2812  6029 D InsetsSourceProvider: updateControlForTarget: control=InsetsSourceControl: {3 mType=ime mSurfacePosition=Point(0, 84) mInsetsHint=Insets{left=0, top=0, right=0, bottom=1008}}, target=Window{c380fef u0 com.risa.app/com.risa.app.MainActivity}, from=com.android.server.wm.ImeInsetsSourceProvider.updateControlForTarget:17 com.android.server.wm.InsetsStateController.onControlTargetChanged:83 com.android.server.wm.DisplayContent.updateImeControlTarget:21 com.android.server.wm.DisplayContent.updateImeInputAndControlTarget:156 com.android.server.wm.WindowManagerService$LocalService.updateInputMethodTargetWindow:64 
12-26 19:39:20.125  2812  3124 D SGM:FgCheckThread: getForegroundApp(), foregroundPkgName=com.risa.app
12-26 19:39:20.128  2812  3122 D SGM:GameManager: identifyForegroundApp. com.risa.app, mCurrentUserId: 0, callerUserId: 0
12-26 19:39:20.128  2812  3122 D SGM:GameManager: identifyForegroundApp. com.risa.app, mCurrentUserId: 0, callerUserId: 0
12-26 19:39:20.151  2812  3124 D SGM:FgCheckThread: noteStopComponent(), received pkgName: com.sec.android.app.myfiles, focusedPkgName: com.risa.app, userId: 0
12-26 19:39:20.155  2812  3124 D SGM:FgCheckThread: getForegroundApp(), foregroundPkgName=com.risa.app
12-26 19:39:20.155  2812  3124 D SGM:FgCheckThread: noteStopComponent(), received pkgName: com.google.android.packageinstaller, focusedPkgName: com.risa.app, userId: 0
12-26 19:39:20.170  2812  3124 D SGM:FgCheckThread: getForegroundApp(), foregroundPkgName=com.risa.app
12-26 19:39:20.170  2812  3124 D SGM:FgCheckThread: noteStopComponent(), received pkgName: com.google.android.packageinstaller, focusedPkgName: com.risa.app, userId: 0
12-26 19:39:20.190  2812  3122 D SGM:GameManager: identifyForegroundApp. com.risa.app, mCurrentUserId: 0, callerUserId: 0
12-26 19:39:20.191  2812  3122 D SGM:GameManager: identifyForegroundApp. com.risa.app, mCurrentUserId: 0, callerUserId: 0
12-26 19:39:20.197  2812  7779 D WindowManager: Starting window removed Window{b70e578 u0 Splash Screen com.risa.app}
12-26 19:39:20.197  2812  7779 I WindowManager: Cancelling animation restarting=false, leash=Surface(name=Surface(name=c380fef com.risa.app/com.risa.app.MainActivity)/@0x55e3ed7 - animation-leash of starting_reveal)/@0xb5f32ad
12-26 19:39:20.197  2812  7779 I WindowManager: Reparenting to original parent: Surface(name=ActivityRecord{177831650 u0 com.risa.app/.MainActivity t21299})/@0x19073c4, destroy=false, surface=Surface(name=c380fef com.risa.app/com.risa.app.MainActivity)/@0x55e3ed7
12-26 19:39:20.198  2812  7779 V WindowManager: Remove Window{b70e578 u0 Splash Screen com.risa.app}: mSurfaceControl=Surface(name=Splash Screen com.risa.app$_4743)/@0x92f8b8d mAnimatingExit=false mRemoveOnExit=false mHasSurface=true surfaceShowing=false animating=false app-animation=false callers=com.android.server.wm.Session.remove:16 android.view.IWindowSession$Stub.onTransact:804 com.android.server.wm.Session.onTransact:1 android.os.Binder.execTransactInternal:1462 android.os.Binder.execTransact:1401 <bottom of call stack> 
12-26 19:39:20.223  2812  4741 D CoreBackPreview: Window{c380fef u0 com.risa.app/com.risa.app.MainActivity}: Setting back callback OnBackInvokedCallbackInfo{mCallback=android.window.IOnBackInvokedCallback$Stub$Proxy@3f65e90, mPriority=0, mIsAnimationCallback=true, mOverrideBehavior=0}
12-26 19:39:20.223  2812  4741 D CoreBackPreview: Window{c380fef u0 com.risa.app/com.risa.app.MainActivity}: Setting back callback OnBackInvokedCallbackInfo{mCallback=android.window.IOnBackInvokedCallback$Stub$Proxy@4165389, mPriority=-1, mIsAnimationCallback=false, mOverrideBehavior=0}
12-26 19:39:20.321  2812  4526 D MdnieScenarioControlService:  packageName : com.risa.app    className : com.risa.app.MainActivity
12-26 19:39:20.622  2812  3124 D SGM:GameManager: identifyForegroundApp. com.risa.app, mCurrentUserId: 0, callerUserId: 0
12-26 19:39:21.093  2812  4617 D SGM:GameManager: identifyGamePackage. com.risa.app, mCurrentUserId: 0, callingMethodInfo: com.samsung.android.game.SemGameManager.isGamePackage(SemGameManager.java:106)
12-26 19:39:21.093  2812  4617 D SGM:SemGameManager: isGamePackage(), pkgName=com.risa.app, ret=false
12-26 19:39:23.054  1176  1176 D io_stats: !@ Read_top(KB): com.risa.app(18918) 19580 kworker/u16:1(21549) 9252 ch_zygote(18888) 8244
12-26 19:39:24.116  2812  4617 D SGM:GameManager: identifyGamePackage. com.risa.app, mCurrentUserId: 0, callingMethodInfo: com.samsung.android.game.SemGameManager.isGamePackage(SemGameManager.java:106)
12-26 19:39:24.116  2812  4617 D SGM:SemGameManager: isGamePackage(), pkgName=com.risa.app, ret=false
12-26 19:39:24.763  2812  4712 I Pageboost: db create : CREATE TABLE IF NOT EXISTS comrisaapp (FILENAME TEXT, OFFSET INTEGER, SIZE INTEGER, FORVRAMDISK INTEGER, BITMAP BLOB, unique (FILENAME, OFFSET) );
12-26 19:39:24.769  2812  4712 I Pageboost: db create : CREATE TABLE IF NOT EXISTS comrisaapp (FILENAME TEXT, OFFSET INTEGER, SIZE INTEGER, FORVRAMDISK INTEGER, BITMAP BLOB, unique (FILENAME, OFFSET) );
12-26 19:39:24.864  2812  4712 I Pageboost: db update :com.risa.app ret 1
12-26 19:39:24.930  2812  4712 I Pageboost: memUsage collected : 171351 60652 20632 for com.risa.app 18918
12-26 19:39:27.130  2812  4617 D SGM:GameManager: identifyGamePackage. com.risa.app, mCurrentUserId: 0, callingMethodInfo: com.samsung.android.game.SemGameManager.isGamePackage(SemGameManager.java:106)
12-26 19:39:27.130  2812  4617 D SGM:SemGameManager: isGamePackage(), pkgName=com.risa.app, ret=false
12-26 19:39:30.154  2812  4617 D SGM:GameManager: identifyGamePackage. com.risa.app, mCurrentUserId: 0, callingMethodInfo: com.samsung.android.game.SemGameManager.isGamePackage(SemGameManager.java:106)
12-26 19:39:30.154  2812  4617 D SGM:SemGameManager: isGamePackage(), pkgName=com.risa.app, ret=false
12-26 19:39:33.179  2812  4617 D SGM:GameManager: identifyGamePackage. com.risa.app, mCurrentUserId: 0, callingMethodInfo: com.samsung.android.game.SemGameManager.isGamePackage(SemGameManager.java:106)
12-26 19:39:33.179  2812  4617 D SGM:SemGameManager: isGamePackage(), pkgName=com.risa.app, ret=false
12-26 19:39:33.360  2812  5150 D CoreBackPreview: Window{c380fef u0 com.risa.app/com.risa.app.MainActivity}: Setting back callback OnBackInvokedCallbackInfo{mCallback=android.window.IOnBackInvokedCallback$Stub$Proxy@6af1bd4, mPriority=0, mIsAnimationCallback=true, mOverrideBehavior=0}
12-26 19:39:33.361  2812  5150 D CoreBackPreview: Window{c380fef u0 com.risa.app/com.risa.app.MainActivity}: Setting back callback OnBackInvokedCallbackInfo{mCallback=android.window.IOnBackInvokedCallback$Stub$Proxy@d01a17d, mPriority=-1, mIsAnimationCallback=false, mOverrideBehavior=0}
12-26 19:39:33.361  2812  5150 D CoreBackPreview: Window{c380fef u0 com.risa.app/com.risa.app.MainActivity}: Setting back callback OnBackInvokedCallbackInfo{mCallback=android.window.IOnBackInvokedCallback$Stub$Proxy@c940872, mPriority=0, mIsAnimationCallback=true, mOverrideBehavior=0}
12-26 19:39:33.596  2812  5150 D CoreBackPreview: Window{c380fef u0 com.risa.app/com.risa.app.MainActivity}: Setting back callback OnBackInvokedCallbackInfo{mCallback=android.window.IOnBackInvokedCallback$Stub$Proxy@502aa1f, mPriority=-1, mIsAnimationCallback=false, mOverrideBehavior=0}
12-26 19:39:35.064  1176  1176 D io_stats: !@ Read_top(KB): com.risa.app(18918) 760 kworker/u16:1(21549) 256 gle.android.gms(23559) 64
12-26 19:39:35.064  1176  1176 D io_stats: !@ Write_top(KB): kworker/u16:4(9806) 1680 com.risa.app(18918) 268 emon.lvoverseas(12787) 8
12-26 19:39:36.208  2812  4617 D SGM:GameManager: identifyGamePackage. com.risa.app, mCurrentUserId: 0, callingMethodInfo: com.samsung.android.game.SemGameManager.isGamePackage(SemGameManager.java:106)
12-26 19:39:36.209  2812  4617 D SGM:SemGameManager: isGamePackage(), pkgName=com.risa.app, ret=false
12-26 19:39:38.458  2812  7779 D WindowManager: updateSystemBarAttributes: displayId=0, focusedCanBeNavColorWin=false, win=Window{c380fef u0 com.risa.app/com.risa.app.MainActivity}, navColorWin=Window{c380fef u0 com.risa.app/com.risa.app.MainActivity}, caller=com.android.server.wm.InsetsStateController.onRequestedVisibleTypesChanged:86 com.android.server.wm.InsetsPolicy.onRequestedVisibleTypesChanged:3 com.android.server.wm.Session.updateRequestedVisibleTypes:37 
12-26 19:39:38.479  2812  7779 D ContentCapturePerUserService: Notified activity assist data for activity: Token{5d4a72e ActivityRecord{177831650 u0 com.risa.app/.MainActivity t21299}} without a session Id
12-26 19:39:38.573  2812  7779 D CoreBackPreview: Window{c380fef u0 com.risa.app/com.risa.app.MainActivity}: Setting back callback OnBackInvokedCallbackInfo{mCallback=android.window.IOnBackInvokedCallback$Stub$Proxy@8a50e00, mPriority=0, mIsAnimationCallback=true, mOverrideBehavior=0}
12-26 19:39:38.634  2812  3125 D InsetsSourceProvider: updateVisibility: serverVisible=true, clientVisible=true, source=InsetsSource: {3 mType=ime mFrame=[84,494][2205,1080] mVisible=true mFlags= mSideHint=BOTTOM mBoundingRects=null}, controlTarget=Window{c380fef u0 com.risa.app/com.risa.app.MainActivity}, from=com.android.server.wm.ImeInsetsSourceProvider.updateVisibility:7 com.android.server.wm.InsetsSourceProvider.setServerVisible:6 com.android.server.wm.ImeInsetsSourceProvider.setServerVisible:75 com.android.server.wm.InsetsSourceProvider.onPostLayout:30 com.android.server.wm.ImeInsetsSourceProvider.onPostLayout:3 com.android.server.wm.InsetsStateController.onPostLayout:26 com.android.server.wm.RootWindowContainer.applySurfaceChangesTransaction$1:203 com.android.server.wm.RootWindowContainer.performSurfacePlacementNoTrace:59 com.android.server.wm.WindowSurfacePlacer.performSurfacePlacement:166 com.android.server.wm.WindowSurfacePlacer$Traverser.run:14 
12-26 19:39:39.066  1176  1176 D io_stats: !@ Write_top(KB): f2fs_ckpt-254:6(1290) 368 com.risa.app(18918) 276 roid.honeyboard(8163) 204
12-26 19:39:39.242  2812  4617 D SGM:GameManager: identifyGamePackage. com.risa.app, mCurrentUserId: 0, callingMethodInfo: com.samsung.android.game.SemGameManager.isGamePackage(SemGameManager.java:106)
12-26 19:39:39.242  2812  4617 D SGM:SemGameManager: isGamePackage(), pkgName=com.risa.app, ret=false
12-26 19:39:42.269  2812  4617 D SGM:GameManager: identifyGamePackage. com.risa.app, mCurrentUserId: 0, callingMethodInfo: com.samsung.android.game.SemGameManager.isGamePackage(SemGameManager.java:106)
12-26 19:39:42.269  2812  4617 D SGM:SemGameManager: isGamePackage(), pkgName=com.risa.app, ret=false
12-26 19:39:42.578  2812  4151 D ContentCapturePerUserService: Notified activity assist data for activity: Token{5d4a72e ActivityRecord{177831650 u0 com.risa.app/.MainActivity t21299}} without a session Id
12-26 19:39:43.068  1176  1176 D io_stats: !@ Write_top(KB): com.risa.app(18918) 276 id.diagmonagent(7531) 124 kworker/u16:13(14954) 60
12-26 19:39:44.543  2812  4151 D ContentCapturePerUserService: Notified activity assist data for activity: Token{5d4a72e ActivityRecord{177831650 u0 com.risa.app/.MainActivity t21299}} without a session Id
12-26 19:39:45.310  2812  4617 D SGM:GameManager: identifyGamePackage. com.risa.app, mCurrentUserId: 0, callingMethodInfo: com.samsung.android.game.SemGameManager.isGamePackage(SemGameManager.java:106)
12-26 19:39:45.310  2812  4617 D SGM:SemGameManager: isGamePackage(), pkgName=com.risa.app, ret=false
12-26 19:39:46.589  2812  7625 D CoreBackPreview: startBackNavigation currentTask=Task{312d5a9 #21299 type=standard I=com.risa.app/.MainActivity}, topRunningActivity=ActivityRecord{177831650 u0 com.risa.app/.MainActivity t21299}, callbackInfo=OnBackInvokedCallbackInfo{mCallback=android.window.IOnBackInvokedCallback$Stub$Proxy@8a50e00, mPriority=0, mIsAnimationCallback=true, mOverrideBehavior=0}, currentFocus=Window{c380fef u0 com.risa.app/com.risa.app.MainActivity}
12-26 19:39:46.624  2812  7779 D CoreBackPreview: Window{c380fef u0 com.risa.app/com.risa.app.MainActivity}: Setting back callback OnBackInvokedCallbackInfo{mCallback=android.window.IOnBackInvokedCallback$Stub$Proxy@b088fd5, mPriority=-1, mIsAnimationCallback=false, mOverrideBehavior=0}
12-26 19:39:46.776  2812  4151 D InsetsSourceProvider: updateVisibility: serverVisible=true, clientVisible=false, source=InsetsSource: {3 mType=ime mFrame=[84,494][2205,1080] mVisible=false mFlags= mSideHint=BOTTOM mBoundingRects=null}, controlTarget=Window{c380fef u0 com.risa.app/com.risa.app.MainActivity}, from=com.android.server.wm.ImeInsetsSourceProvider.updateVisibility:7 com.android.server.wm.InsetsSourceProvider.setClientVisible:8 com.android.server.wm.ImeInsetsSourceProvider.setClientVisible:17 com.android.server.wm.InsetsSourceProvider.updateClientVisibility:20 com.android.server.wm.ImeInsetsSourceProvider.updateClientVisibility:142 com.android.server.wm.InsetsStateController.onRequestedVisibleTypesChanged:44 com.android.server.wm.InsetsPolicy.onRequestedVisibleTypesChanged:3 com.android.server.wm.Session.updateRequestedVisibleTypes:37 android.view.IWindowSession$Stub.onTransact:1188 com.android.server.wm.Session.onTransact:1 
12-26 19:39:46.778  2812  4151 D InsetsSourceProvider: updateControlForTarget: control=InsetsSourceControl: {e4a90001 mType=navigationBars initiallyVisible mSurfacePosition=Point(2205, 0) mInsetsHint=Insets{left=0, top=0, right=135, bottom=0}}, target=Window{c380fef u0 com.risa.app/com.risa.app.MainActivity}, from=com.android.server.wm.InsetsStateController.onControlTargetChanged:83 com.android.server.wm.InsetsPolicy.updateBarControlTarget:225 com.android.server.wm.DisplayPolicy.updateSystemBarAttributes:262 com.android.server.wm.InsetsStateController.onRequestedVisibleTypesChanged:86 com.android.server.wm.InsetsPolicy.onRequestedVisibleTypesChanged:3 
12-26 19:39:46.779  2812  4151 D WindowManager: updateSystemBarAttributes: displayId=0, focusedCanBeNavColorWin=false, win=Window{c380fef u0 com.risa.app/com.risa.app.MainActivity}, navColorWin=Window{c380fef u0 com.risa.app/com.risa.app.MainActivity}, caller=com.android.server.wm.InsetsStateController.onRequestedVisibleTypesChanged:86 com.android.server.wm.InsetsPolicy.onRequestedVisibleTypesChanged:3 com.android.server.wm.Session.updateRequestedVisibleTypes:37 
12-26 19:39:47.196  2812  6029 D InsetsSourceProvider: updateControlForTarget: control=InsetsSourceControl: {3 mType=ime mSurfacePosition=Point(84, 84) mInsetsHint=Insets{left=0, top=0, right=0, bottom=586}}, target=Window{c380fef u0 com.risa.app/com.risa.app.MainActivity}, from=com.android.server.wm.ImeInsetsSourceProvider.updateControlForTarget:17 com.android.server.wm.ImeInsetsSourceProvider.setServerVisible:68 com.android.server.wm.InsetsSourceProvider.onPostLayout:30 com.android.server.wm.ImeInsetsSourceProvider.onPostLayout:3 com.android.server.wm.InsetsStateController.onPostLayout:26 
12-26 19:39:47.324  2812  3124 D SGM:GameManager: identifyForegroundApp. com.risa.app, mCurrentUserId: 0, callerUserId: 0
12-26 19:39:48.323  2812  4617 D SGM:GameManager: identifyGamePackage. com.risa.app, mCurrentUserId: 0, callingMethodInfo: com.samsung.android.game.SemGameManager.isGamePackage(SemGameManager.java:106)
12-26 19:39:48.323  2812  4617 D SGM:SemGameManager: isGamePackage(), pkgName=com.risa.app, ret=false
12-26 19:39:51.347  2812  4617 D SGM:GameManager: identifyGamePackage. com.risa.app, mCurrentUserId: 0, callingMethodInfo: com.samsung.android.game.SemGameManager.isGamePackage(SemGameManager.java:106)
12-26 19:39:51.347  2812  4617 D SGM:SemGameManager: isGamePackage(), pkgName=com.risa.app, ret=false
12-26 19:39:54.352  2812  4617 D SGM:GameManager: identifyGamePackage. com.risa.app, mCurrentUserId: 0, callingMethodInfo: com.samsung.android.game.SemGameManager.isGamePackage(SemGameManager.java:106)
12-26 19:39:54.353  2812  4617 D SGM:SemGameManager: isGamePackage(), pkgName=com.risa.app, ret=false
12-26 19:39:55.074  1176  1176 D io_stats: !@ Write_top(KB): com.risa.app(18918) 12020 chbox:googleapp(10253) 176 android.vending(22204) 60
12-26 19:39:57.377  2812  4617 D SGM:GameManager: identifyGamePackage. com.risa.app, mCurrentUserId: 0, callingMethodInfo: com.samsung.android.game.SemGameManager.isGamePackage(SemGameManager.java:106)
12-26 19:39:57.377  2812  4617 D SGM:SemGameManager: isGamePackage(), pkgName=com.risa.app, ret=false
12-26 19:39:59.076  1176  1176 D io_stats: !@ Write_top(KB): com.risa.app(18918) 10540 kworker/u16:7(14948) 2048 rdash.driverapp(4350) 24
12-26 19:40:00.384  2812  4617 D SGM:GameManager: identifyGamePackage. com.risa.app, mCurrentUserId: 0, callingMethodInfo: com.samsung.android.game.SemGameManager.isGamePackage(SemGameManager.java:106)
12-26 19:40:00.384  2812  4617 D SGM:SemGameManager: isGamePackage(), pkgName=com.risa.app, ret=false
12-26 19:40:03.078  1176  1176 D io_stats: !@ Write_top(KB): kworker/u16:1(21549) 22092 com.risa.app(18918) 9884 kworker/u16:4(9806) 4968
12-26 19:40:03.393  2812  4617 D SGM:GameManager: identifyGamePackage. com.risa.app, mCurrentUserId: 0, callingMethodInfo: com.samsung.android.game.SemGameManager.isGamePackage(SemGameManager.java:106)
12-26 19:40:03.393  2812  4617 D SGM:SemGameManager: isGamePackage(), pkgName=com.risa.app, ret=false
12-26 19:40:06.412  2812  4617 D SGM:GameManager: identifyGamePackage. com.risa.app, mCurrentUserId: 0, callingMethodInfo: com.samsung.android.game.SemGameManager.isGamePackage(SemGameManager.java:106)
12-26 19:40:06.413  2812  4617 D SGM:SemGameManager: isGamePackage(), pkgName=com.risa.app, ret=false
12-26 19:40:07.079  1176  1176 D io_stats: !@ Write_top(KB): kworker/u16:4(9806) 48844 com.risa.app(18918) 13640 kworker/u16:1(21549) 13564
12-26 19:40:09.431  2812  4617 D SGM:GameManager: identifyGamePackage. com.risa.app, mCurrentUserId: 0, callingMethodInfo: com.samsung.android.game.SemGameManager.isGamePackage(SemGameManager.java:106)
12-26 19:40:09.434  2812  4617 D SGM:SemGameManager: isGamePackage(), pkgName=com.risa.app, ret=false
12-26 19:40:11.082  1176  1176 D io_stats: !@ Write_top(KB): kworker/u16:13(14954) 12120 com.risa.app(18918) 6800 kworker/u16:1(21549) 2304
12-26 19:40:12.467  2812  4617 D SGM:GameManager: identifyGamePackage. com.risa.app, mCurrentUserId: 0, callingMethodInfo: com.samsung.android.game.SemGameManager.isGamePackage(SemGameManager.java:106)
12-26 19:40:12.467  2812  4617 D SGM:SemGameManager: isGamePackage(), pkgName=com.risa.app, ret=false
12-26 19:40:15.085  1176  1176 D io_stats: !@ Write_top(KB): com.risa.app(18918) 15348 f2fs_ckpt-254:6(1290) 376 .gms.persistent(12332) 68
12-26 19:40:15.466  2812  4617 D SGM:GameManager: identifyGamePackage. com.risa.app, mCurrentUserId: 0, callingMethodInfo: com.samsung.android.game.SemGameManager.isGamePackage(SemGameManager.java:106)
12-26 19:40:15.466  2812  4617 D SGM:SemGameManager: isGamePackage(), pkgName=com.risa.app, ret=false
12-26 19:40:18.483  2812  4617 D SGM:GameManager: identifyGamePackage. com.risa.app, mCurrentUserId: 0, callingMethodInfo: com.samsung.android.game.SemGameManager.isGamePackage(SemGameManager.java:106)
12-26 19:40:18.483  2812  4617 D SGM:SemGameManager: isGamePackage(), pkgName=com.risa.app, ret=false
12-26 19:40:19.087  1176  1176 D io_stats: !@ Write_top(KB): com.risa.app(18918) 27400 kworker/u16:1(21549) 28 system_server(2812) 12
12-26 19:40:21.501  2812  4617 D SGM:GameManager: identifyGamePackage. com.risa.app, mCurrentUserId: 0, callingMethodInfo: com.samsung.android.game.SemGameManager.isGamePackage(SemGameManager.java:106)
12-26 19:40:21.501  2812  4617 D SGM:SemGameManager: isGamePackage(), pkgName=com.risa.app, ret=false
12-26 19:40:23.088  1176  1176 D io_stats: !@ Write_top(KB): kworker/u16:4(9806) 168768 com.risa.app(18918) 18644 kworker/u16:1(21549) 3356
12-26 19:40:24.514  2812  4617 D SGM:GameManager: identifyGamePackage. com.risa.app, mCurrentUserId: 0, callingMethodInfo: com.samsung.android.game.SemGameManager.isGamePackage(SemGameManager.java:106)
12-26 19:40:24.514  2812  4617 D SGM:SemGameManager: isGamePackage(), pkgName=com.risa.app, ret=false
12-26 19:40:27.525  2812  6510 D ActivityManager: android.util.PerfLog.ACTION_BOTTLENECK_HINT onTransact() from uid = 1000 with avg = 38, reason = INPUTD, description = c380fef com.risa.app/com.risa.app.MainActivity, jank = 0
12-26 19:40:27.527  2812  4617 D SGM:GameManager: identifyGamePackage. com.risa.app, mCurrentUserId: 0, callingMethodInfo: com.samsung.android.game.SemGameManager.isGamePackage(SemGameManager.java:106)
12-26 19:40:27.527  2812  4617 D SGM:SemGameManager: isGamePackage(), pkgName=com.risa.app, ret=false
12-26 19:40:28.043  2812  3124 D SGM:GameManager: identifyForegroundApp. com.risa.app, mCurrentUserId: 0, callerUserId: 0
12-26 19:40:30.543  2812  4617 D SGM:GameManager: identifyGamePackage. com.risa.app, mCurrentUserId: 0, callingMethodInfo: com.samsung.android.game.SemGameManager.isGamePackage(SemGameManager.java:106)
12-26 19:40:30.543  2812  4617 D SGM:SemGameManager: isGamePackage(), pkgName=com.risa.app, ret=false
12-26 19:40:32.770 18918 18941 E AndroidRuntime: FATAL EXCEPTION: flutter-worker-1
12-26 19:40:32.770 18918 18941 E AndroidRuntime: Process: com.risa.app, PID: 18918
12-26 19:40:32.770 18918 18941 E AndroidRuntime: 	at io.flutter.plugin.common.StandardMessageCodec.readBytes(StandardMessageCodec.java:320)
12-26 19:40:32.770 18918 18941 E AndroidRuntime: 	at io.flutter.plugin.common.StandardMessageCodec.readValueOfType(StandardMessageCodec.java:380)
12-26 19:40:32.770 18918 18941 E AndroidRuntime: 	at io.flutter.plugin.common.StandardMessageCodec.readValue(StandardMessageCodec.java:340)
12-26 19:40:32.770 18918 18941 E AndroidRuntime: 	at io.flutter.plugin.common.StandardMessageCodec.readValueOfType(StandardMessageCodec.java:434)
12-26 19:40:32.770 18918 18941 E AndroidRuntime: 	at io.flutter.plugin.common.StandardMessageCodec.readValue(StandardMessageCodec.java:340)
12-26 19:40:32.770 18918 18941 E AndroidRuntime: 	at io.flutter.plugin.common.StandardMessageCodec.readValueOfType(StandardMessageCodec.java:424)
12-26 19:40:32.770 18918 18941 E AndroidRuntime: 	at io.flutter.plugin.common.StandardMessageCodec.readValue(StandardMessageCodec.java:340)
12-26 19:40:32.770 18918 18941 E AndroidRuntime: 	at io.flutter.plugin.common.StandardMessageCodec.readValueOfType(StandardMessageCodec.java:434)
12-26 19:40:32.770 18918 18941 E AndroidRuntime: 	at io.flutter.plugin.common.StandardMessageCodec.readValue(StandardMessageCodec.java:340)
12-26 19:40:32.770 18918 18941 E AndroidRuntime: 	at io.flutter.plugin.common.StandardMethodCodec.decodeMethodCall(StandardMethodCodec.java:49)
12-26 19:40:32.770 18918 18941 E AndroidRuntime: 	at io.flutter.plugin.common.MethodChannel$IncomingMethodCallHandler.onMessage(MethodChannel.java:265)
12-26 19:40:32.770 18918 18941 E AndroidRuntime: 	at io.flutter.embedding.engine.dart.DartMessenger.invokeHandler(DartMessenger.java:292)
12-26 19:40:32.770 18918 18941 E AndroidRuntime: 	at io.flutter.embedding.engine.dart.DartMessenger.lambda$dispatchMessageToQueue$0$io-flutter-embedding-engine-dart-DartMessenger(DartMessenger.java:319)
12-26 19:40:32.770 18918 18941 E AndroidRuntime: 	at io.flutter.embedding.engine.dart.DartMessenger$$ExternalSyntheticLambda0.run(D8$$SyntheticClass:0)
