12-26 18:14:25.199  2812  8608 D ActivityTaskManager: scheduleTopResumedActivityChanged, onTop=true, r=ActivityRecord{94270540 u0 com.risa.app/.MainActivity t21268}, caller=com.android.server.wm.ActivityTaskSupervisor.scheduleTopResumedActivityStateIfNeeded:18 com.android.server.wm.ActivityTaskSupervisor.updateTopResumedActivityIfNeeded:54 com.android.server.wm.TaskFragment.setResumedActivity:30 com.android.server.wm.ActivityRecord.setState:100 com.android.server.wm.TaskFragment.resumeTopActivity:1705 com.android.server.wm.Task.resumeTopActivityInnerLocked:119 
12-26 18:14:25.199  2812  8608 D WindowManager: rotationForOrientation, orientationSource=ActivityRecord{94270540 u0 com.risa.app/.MainActivity t21268}
12-26 18:14:25.200  2812  8608 D ActivityTaskManager: applyFixedRotationTransform, r=ActivityRecord{94270540 u0 com.risa.app/.MainActivity t21268}, caller=com.android.server.wm.ActivityRecord.applyFixedRotationTransform:20 com.android.server.wm.DisplayContent.startFixedRotationTransform:63 com.android.server.wm.DisplayContent.setFixedRotationLaunchingApp:47 com.android.server.wm.DisplayContent.handleTopActivityLaunchingInDifferentOrientation:286 com.android.server.wm.DisplayContent.updateOrientation:40 
12-26 18:14:25.203  2812  8608 D WindowManager: setFixedRotationLaunchingAppUnchecked, rotation=1, r=ActivityRecord{94270540 u0 com.risa.app/.MainActivity t21268}, caller=com.android.server.wm.DisplayContent.setFixedRotationLaunchingAppUnchecked:131 com.android.server.wm.DisplayContent.setFixedRotationLaunchingApp:50 com.android.server.wm.DisplayContent.handleTopActivityLaunchingInDifferentOrientation:286 com.android.server.wm.DisplayContent.updateOrientation:40 com.android.server.wm.DisplayContent.updateOrientationAndComputeConfig:48 
12-26 18:14:25.204  2812  8608 D WindowManagerServiceExt: updateTaskbarTargetIfNeeded: cn=ComponentInfo{com.risa.app/com.risa.app.MainActivity} occludesParent=true isInSplitScreenMode=false
12-26 18:14:25.204  2812  8608 V WindowManager: Add starting ActivityRecord{94270540 u0 com.risa.app/.MainActivity t21268}: startingData=SnapshotStartingData{ca7a1ec removeAfterTransaction= 0}
12-26 18:14:25.204  2812  8608 V WindowManager: Added starting ActivityRecord{94270540 u0 com.risa.app/.MainActivity t21268}: startingWindow=null startingView=com.android.server.wm.StartingSurfaceController$StartingSurface@f3e09b5
12-26 18:14:25.205  2812  3124 D SGM:FgCheckThread: noteResumeComponent(), received pkgName: com.risa.app, userId: 0
12-26 18:14:25.206  2812  4227 D SGM:FgCheckThread: onLooperPrepared(), msg: MSG_APP_RESUME, pkgName: com.risa.app, userid: 0
12-26 18:14:25.207  2812  3125 D BLASTSyncEngine: SyncGroup 5589:  Unfinished container: ActivityRecord{94270540 u0 com.risa.app/.MainActivity t21268} mSyncState=2
12-26 18:14:25.209  2812  8608 V WindowManager: addWindow: ActivityRecord{94270540 u0 com.risa.app/.MainActivity t21268} startingWindow=Window{a62f0d8 u0 SnapshotStartingWindow for taskId=21268}
12-26 18:14:25.211  2812  5181 D BLASTSyncEngine: SyncGroup 5589:  Unfinished container: ActivityRecord{94270540 u0 com.risa.app/.MainActivity t21268} mSyncState=2
12-26 18:14:25.216  7550 15612 I SDHMS:k : handleResumeComponent : put = com.risa.app, userid = 0 instanceid =65503658
12-26 18:14:25.216  2812  3125 D ChangeTransitionController:    ChangeInfo{1824284 container=ActivityRecord{94270540 u0 com.risa.app/.MainActivity t21268} flags=0x0}
12-26 18:14:25.216  2812  3125 D ChangeTransitionController:    ChangeInfo{ad2ba6d container=Task{aaedc95 #21268 type=standard I=com.risa.app/.MainActivity} flags=0x0}
12-26 18:14:25.216  2812  3125 V WindowManager: Start calculating TransitionInfo based on participants: {ActivityRecord{94270540 u0 com.risa.app/.MainActivity t21268}}
12-26 18:14:25.216  2812  3125 V WindowManager:   Final targets: [ChangeInfo{ad2ba6d container=Task{aaedc95 #21268 type=standard I=com.risa.app/.MainActivity} flags=0x10}, ChangeInfo{14f1097 container=DefaultTaskDisplayArea_d0@90254262 flags=0x10}]
12-26 18:14:25.217  2812  3125 V WindowManager:         {WCT{RemoteToken{aaf322d Task{aaedc95 #21268 type=standard I=com.risa.app/.MainActivity}}} m=TO_FRONT f=NONE p=WCT{RemoteToken{70b963d DefaultTaskDisplayArea_d0@90254262}} leash=Surface(name=Task=21268)/@0x29bffd6 sb=Rect(0, 0 - 1080, 2340) eb=Rect(0, 0 - 1080, 2340) epz=Point(1080, 2340) d=0 endFixedRotation=1 taskParent=-1 inset=Rect(84, 84 - 0, 0) allowAppBgLayer=true},
12-26 18:14:25.218  2812  7880 D InsetsSourceProvider: updateFakeControlTarget: fakeControl=InsetsSourceControl: {4c0000 mType=statusBars mSurfacePosition=Point(0, 0) mInsetsHint=Insets{left=0, top=0, right=0, bottom=0}}, fakeTarget=Window{acc3015 u0 com.risa.app/com.risa.app.MainActivity}
12-26 18:14:25.218  2812  7880 D InsetsSourceProvider: updateFakeControlTarget: fakeControl=InsetsSourceControl: {e4a90001 mType=navigationBars mSurfacePosition=Point(0, 0) mInsetsHint=Insets{left=0, top=0, right=0, bottom=0}}, fakeTarget=Window{acc3015 u0 com.risa.app/com.risa.app.MainActivity}
12-26 18:14:25.220  2812  3121 V WindowManager:         {WCT{RemoteToken{aaf322d Task{aaedc95 #21268 type=standard I=com.risa.app/.MainActivity}}} m=TO_FRONT f=NONE p=WCT{RemoteToken{70b963d DefaultTaskDisplayArea_d0@90254262}} leash=Surface(name=Task=21268)/@0x29bffd6 sb=Rect(0, 0 - 1080, 2340) eb=Rect(0, 0 - 1080, 2340) epz=Point(1080, 2340) d=0 endFixedRotation=1 taskParent=-1 inset=Rect(84, 84 - 0, 0) allowAppBgLayer=true},
12-26 18:14:25.248  2812  7783 D WindowManager: makeSurface duration=0 name=com.risa.app/com.risa.app.MainActivity$_13990
12-26 18:14:25.291  2812  7797 D WindowManager: finishDrawingWindow: Window{acc3015 u0 com.risa.app/com.risa.app.MainActivity} mDrawState=DRAW_PENDING seqId=0
12-26 18:14:25.291  2812  3125 V WindowManager: Finish starting ActivityRecord{94270540 u0 com.risa.app/.MainActivity t21268}: first real window is shown, no animation
12-26 18:14:25.292  2812  3125 V WindowManager: Schedule remove starting ActivityRecord{94270540 u0 com.risa.app/.MainActivity t21268} startingWindow=Window{a62f0d8 u0 SnapshotStartingWindow for taskId=21268} animate=false Callers=com.android.server.wm.ActivityRecord.removeStartingWindow:178 com.android.server.wm.WindowState.performShowLocked:155 com.android.server.wm.WindowStateAnimator.commitFinishDrawingLocked:73 com.android.server.wm.DisplayContent$$ExternalSyntheticLambda1.accept$com$android$server$wm$DisplayContent$$ExternalSyntheticLambda37:23 com.android.server.wm.DisplayContent$$ExternalSyntheticLambda1.accept:143 
12-26 18:14:25.292  2812  3125 V WindowManager: performShowLocked: mDrawState=HAS_DRAWN in Window{acc3015 u0 com.risa.app/com.risa.app.MainActivity}
12-26 18:14:25.300  2812  6682 D WindowManager: finishDrawingWindow: Window{acc3015 u0 com.risa.app/com.risa.app.MainActivity} mDrawState=HAS_DRAWN seqId=0
12-26 18:14:25.356  2812  3122 D WindowManager: rotationForOrientation, orientationSource=ActivityRecord{94270540 u0 com.risa.app/.MainActivity t21268}
12-26 18:14:25.371  2812  8483 D WindowManager: Changing focus from Window{82e812a u0 NotificationShade} to Window{acc3015 u0 com.risa.app/com.risa.app.MainActivity} displayId=0 Callers=com.android.server.wm.WindowManagerService.relayoutWindow:1350 com.android.server.wm.Session.relayout:27 com.android.server.wm.Session.relayoutAsync:14 android.view.IWindowSession$Stub.onTransact:854 
12-26 18:14:25.372  2812  8483 D InsetsSourceProvider: updateControlForTarget: control=InsetsSourceControl: {4c0000 mType=statusBars initiallyVisible mSurfacePosition=Point(0, 0) mInsetsHint=Insets{left=0, top=84, right=0, bottom=0}}, target=Window{acc3015 u0 com.risa.app/com.risa.app.MainActivity}, from=com.android.server.wm.InsetsStateController.onControlTargetChanged:83 com.android.server.wm.InsetsPolicy.updateBarControlTarget:212 com.android.server.wm.DisplayPolicy.updateSystemBarAttributes:262 com.android.server.wm.WindowManagerService.updateFocusedWindowLocked:372 com.android.server.wm.WindowManagerService.relayoutWindow:1350 
12-26 18:14:25.372  2812  8483 D InsetsSourceProvider: updateControlForTarget: control=InsetsSourceControl: {e4a90001 mType=navigationBars initiallyVisible mSurfacePosition=Point(0, 2205) mInsetsHint=Insets{left=0, top=0, right=0, bottom=135}}, target=Window{acc3015 u0 com.risa.app/com.risa.app.MainActivity}, from=com.android.server.wm.InsetsStateController.onControlTargetChanged:83 com.android.server.wm.InsetsPolicy.updateBarControlTarget:225 com.android.server.wm.DisplayPolicy.updateSystemBarAttributes:262 com.android.server.wm.WindowManagerService.updateFocusedWindowLocked:372 com.android.server.wm.WindowManagerService.relayoutWindow:1350 
12-26 18:14:25.372  2812  8483 D WindowManager: updateSystemBarAttributes: displayId=0, focusedCanBeNavColorWin=false, win=Window{acc3015 u0 com.risa.app/com.risa.app.MainActivity}, navColorWin=Window{acc3015 u0 com.risa.app/com.risa.app.MainActivity}, caller=com.android.server.wm.WindowManagerService.updateFocusedWindowLocked:372 com.android.server.wm.WindowManagerService.relayoutWindow:1350 com.android.server.wm.Session.relayout:27 
12-26 18:14:25.372  2812  8483 V SystemKeyManager: updateFocusedWindow() is called, com.risa.app/com.risa.app.MainActivity
12-26 18:14:25.400  2812  6510 D WindowManager: finishDrawingWindow: Window{acc3015 u0 com.risa.app/com.risa.app.MainActivity} mDrawState=HAS_DRAWN seqId=0
12-26 18:14:25.409  2812  8483 I WindowManager: Reparenting to leash, surface=Surface(name=a62f0d8 SnapshotStartingWindow for taskId=21268)/@0x16ce38, leashParent=Surface(name=ActivityRecord{94270540 u0 com.risa.app/.MainActivity t21268})/@0x6ce8245
12-26 18:14:25.454  2812  7797 D SGM:GameManager: identifyGamePackage. com.risa.app, mCurrentUserId: 0, callingMethodInfo: com.samsung.android.game.IGameManagerService$Stub.onTransact(IGameManagerService.java:247)
12-26 18:14:25.497  2812  3125 I WindowManager: Reparenting to original parent: Surface(name=ActivityRecord{94270540 u0 com.risa.app/.MainActivity t21268})/@0x6ce8245, destroy=true, surface=Surface(name=a62f0d8 SnapshotStartingWindow for taskId=21268)/@0x16ce38
12-26 18:14:25.538  2812  7783 V WindowManager:    ChangeInfo{1824284 container=ActivityRecord{94270540 u0 com.risa.app/.MainActivity t21268} flags=0x0}
12-26 18:14:25.538  2812  7783 V WindowManager:    ChangeInfo{ad2ba6d container=Task{aaedc95 #21268 type=standard I=com.risa.app/.MainActivity} flags=0x10}
12-26 18:14:25.538  2812  7783 D WindowManager: rotationForOrientation, orientationSource=ActivityRecord{94270540 u0 com.risa.app/.MainActivity t21268}
12-26 18:14:25.541  2812  7783 D WindowManager: prepareSync <SYNC_STATE_WAITING_FOR_DRAW>, mPrepareSyncSeqId=0, win=Window{acc3015 u0 com.risa.app/com.risa.app.MainActivity}
12-26 18:14:25.541  2812  7783 V WindowManager: Override sync-method for acc3015 com.risa.app/com.risa.app.MainActivity because seamless rotating, caller=com.android.server.wm.DisplayContent.setSeamlessTransitionForFixedRotation:22 com.android.server.wm.DisplayContent.requestChangeTransition:96 com.android.server.wm.DisplayRotation.updateRotationUnchecked:760 com.android.server.wm.DisplayRotation.updateOrientation:79 com.android.server.wm.DisplayContent.continueUpdateOrientationForDiffOrienLaunchingApp:63 
12-26 18:14:25.541  2812  7783 D ChangeTransitionController:    ChangeInfo{1824284 container=ActivityRecord{94270540 u0 com.risa.app/.MainActivity t21268} flags=0x0}
12-26 18:14:25.541  2812  7783 D ChangeTransitionController:    ChangeInfo{ad2ba6d container=Task{aaedc95 #21268 type=standard I=com.risa.app/.MainActivity} flags=0x10}
12-26 18:14:25.565  2812  4227 D SGM:FgCheckThread:   handleUserPresent(). resume signal is needed for com.risa.app
12-26 18:14:25.573  2812  3124 V WindowManager: Collecting in transition 5590: Task{aaedc95 #21268 type=standard I=com.risa.app/.MainActivity}, caller=com.android.server.wm.TransitionController$$ExternalSyntheticLambda2.accept:34 com.android.server.wm.Task.forAllLeafTasks:6 com.android.server.wm.WindowContainer.forAllLeafTasks:4 com.android.server.wm.DisplayArea.forAllLeafTasks:4 com.android.server.wm.WindowContainer.forAllLeafTasks:4 
12-26 18:14:25.573  2812  3124 V WindowManager: Collecting in transition 5590: ActivityRecord{94270540 u0 com.risa.app/.MainActivity t21268}, caller=com.android.server.wm.TransitionController$$ExternalSyntheticLambda2.accept:21 com.android.server.wm.ActivityRecord.forAllActivities:2 com.android.server.wm.WindowContainer.forAllActivities:8 com.android.server.wm.WindowContainer.forAllActivities:6 com.android.server.wm.TransitionController$$ExternalSyntheticLambda2.accept:107 
12-26 18:14:25.591  2812  4150 D ChangeTransitionController:    ChangeInfo{da8deb0 container=ActivityRecord{94270540 u0 com.risa.app/.MainActivity t21268} flags=0x0}
12-26 18:14:25.591  2812  4150 D ChangeTransitionController:    ChangeInfo{e0a129 container=Task{aaedc95 #21268 type=standard I=com.risa.app/.MainActivity} flags=0x0}
12-26 18:14:25.591  2812  4150 V WindowManager: Start calculating TransitionInfo based on participants: {WindowToken{d8d159 type=2040 android.os.BinderProxy@376cc5d}, ActivityRecord{94270540 u0 com.risa.app/.MainActivity t21268}, Task{aaedc95 #21268 type=standard I=com.risa.app/.MainActivity}, Display{#0 state=ON size=2340x1080 ROTATION_90}}
12-26 18:14:25.591  2812  4150 V WindowManager:   Final targets: [ChangeInfo{c32cc62 container=WindowToken{d8d159 type=2040 android.os.BinderProxy@376cc5d} flags=0x0}, ChangeInfo{e0a129 container=Task{aaedc95 #21268 type=standard I=com.risa.app/.MainActivity} flags=0x0}, ChangeInfo{1b311f3 container=DefaultTaskDisplayArea_d0@90254262 flags=0x10}, ChangeInfo{f754cae container=Display{#0 state=ON size=2340x1080 ROTATION_90} flags=0x1}]
12-26 18:14:25.592  2812  4150 V WindowManager:         {WCT{RemoteToken{aaf322d Task{aaedc95 #21268 type=standard I=com.risa.app/.MainActivity}}} m=CHANGE f=EDGE_EXTENSION_RESTRICTION p=WCT{RemoteToken{70b963d DefaultTaskDisplayArea_d0@90254262}} leash=Surface(name=Task=21268)/@0x29bffd6 sb=Rect(0, 0 - 1080, 2340) eb=Rect(0, 0 - 2340, 1080) epz=Point(2340, 1080) d=0 r=0->1:0 taskParent=-1 inset=Rect(84, 84 - 135, 0) allowAppBgLayer=true},
12-26 18:14:25.593  2812  3121 V WindowManager:         {WCT{RemoteToken{aaf322d Task{aaedc95 #21268 type=standard I=com.risa.app/.MainActivity}}} m=CHANGE f=EDGE_EXTENSION_RESTRICTION p=WCT{RemoteToken{70b963d DefaultTaskDisplayArea_d0@90254262}} leash=Surface(name=Task=21268)/@0x29bffd6 sb=Rect(0, 0 - 1080, 2340) eb=Rect(0, 0 - 2340, 1080) epz=Point(2340, 1080) d=0 r=0->1:0 taskParent=-1 inset=Rect(84, 84 - 135, 0) allowAppBgLayer=true},
12-26 18:14:25.593  2812  2812 D MdnieScenarioControlService:  packageName : com.risa.app    className : com.risa.app.MainActivity
12-26 18:14:25.601  2812  7783 V WindowManager:    ChangeInfo{da8deb0 container=ActivityRecord{94270540 u0 com.risa.app/.MainActivity t21268} flags=0x0}
12-26 18:14:25.601  2812  7783 V WindowManager:    ChangeInfo{e0a129 container=Task{aaedc95 #21268 type=standard I=com.risa.app/.MainActivity} flags=0x0}
12-26 18:14:25.601  2812  7783 D ChangeTransitionController:    ChangeInfo{da8deb0 container=ActivityRecord{94270540 u0 com.risa.app/.MainActivity t21268} flags=0x0}
12-26 18:14:25.601  2812  7783 D ChangeTransitionController:    ChangeInfo{e0a129 container=Task{aaedc95 #21268 type=standard I=com.risa.app/.MainActivity} flags=0x0}
12-26 18:14:25.601  2812  7783 D WindowManager: rotationForOrientation, orientationSource=ActivityRecord{94270540 u0 com.risa.app/.MainActivity t21268}
12-26 18:14:25.941  2812  3124 D SGM:GameManager: identifyForegroundApp. com.risa.app, mCurrentUserId: 0, callerUserId: 0
12-26 18:14:28.585  2812  4617 D SGM:GameManager: identifyGamePackage. com.risa.app, mCurrentUserId: 0, callingMethodInfo: com.samsung.android.game.SemGameManager.isGamePackage(SemGameManager.java:106)
12-26 18:14:28.585  2812  4617 D SGM:SemGameManager: isGamePackage(), pkgName=com.risa.app, ret=false
12-26 18:14:29.941  1176  1176 D io_stats: !@ Write_top(KB): com.risa.app(13990) 49728 f2fs_ckpt-254:6(1290) 348 droid.daemonapp(15698) 340
12-26 18:14:30.150 13990 13990 I flutter : EPG: Saved normalized mapping (310 entries) to /data/user/0/com.risa.app/files/epg_normalized.json
12-26 18:14:30.150 13990 13990 I flutter : EPG: Successfully parsed 300 channels and 305 IDs
12-26 18:14:30.150 13990 13990 I flutter : EPG: Service state - URL: https://dragtvplus.lol/xmltv.php?username=bobby&password=09052757, Available channels: 305, Loaded channels: 300
12-26 18:14:30.168 13990 13990 I flutter : EPG: Initializing...
12-26 18:14:30.170 13990 13990 I flutter : EPG: Initializing with URL: https://dragtvplus.lol/xmltv.php?username=bobby&password=09052757
12-26 18:14:30.174 13990 13990 I flutter : EPG: Loaded normalized mapping from file (310 entries)
12-26 18:14:30.175 13990 13990 I flutter : EPG: Cache is valid. Age: 35 minutes. Size: 66.00 MB
12-26 18:14:30.175 13990 13990 I flutter : EPG: Using valid cached file, skipping download.
12-26 18:14:30.176 13990 13990 I flutter : EPG: Starting background parsing...
12-26 18:14:30.185 13990 13990 I flutter : EPG: Init skipped (in flight)
12-26 18:14:30.735 13990 13990 I flutter : EPG: Persisted programs to DB (300 channels)
12-26 18:14:31.595  2812  4617 D SGM:GameManager: identifyGamePackage. com.risa.app, mCurrentUserId: 0, callingMethodInfo: com.samsung.android.game.SemGameManager.isGamePackage(SemGameManager.java:106)
12-26 18:14:31.595  2812  4617 D SGM:SemGameManager: isGamePackage(), pkgName=com.risa.app, ret=false
12-26 18:14:32.004 13990 13990 I flutter : EPG: Saved normalized mapping (310 entries) to /data/user/0/com.risa.app/files/epg_normalized.json
12-26 18:14:32.004 13990 13990 I flutter : EPG: Successfully parsed 300 channels and 305 IDs
12-26 18:14:32.004 13990 13990 I flutter : EPG: Service state - URL: https://dragtvplus.lol/xmltv.php?username=bobby&password=09052757, Available channels: 305, Loaded channels: 300
12-26 18:14:32.020 13990 13990 I flutter : EPG: Initializing...
12-26 18:14:32.022 13990 13990 I flutter : EPG: Initializing with URL: https://dragtvplus.lol/xmltv.php?username=bobby&password=09052757
12-26 18:14:32.027 13990 13990 I flutter : EPG: Loaded normalized mapping from file (310 entries)
12-26 18:14:32.028 13990 13990 I flutter : EPG: Cache is valid. Age: 35 minutes. Size: 66.00 MB
12-26 18:14:32.028 13990 13990 I flutter : EPG: Using valid cached file, skipping download.
12-26 18:14:32.029 13990 13990 I flutter : EPG: Starting background parsing...
12-26 18:14:32.037 13990 13990 I flutter : EPG: Init skipped (in flight)
12-26 18:14:32.465 13990 13990 I flutter : EPG: Persisted programs to DB (300 channels)
12-26 18:14:33.543 13990 13990 I flutter : EPG: Saved normalized mapping (310 entries) to /data/user/0/com.risa.app/files/epg_normalized.json
12-26 18:14:33.543 13990 13990 I flutter : EPG: Successfully parsed 300 channels and 305 IDs
12-26 18:14:33.543 13990 13990 I flutter : EPG: Service state - URL: https://dragtvplus.lol/xmltv.php?username=bobby&password=09052757, Available channels: 305, Loaded channels: 300
12-26 18:14:33.556 13990 13990 I flutter : EPG: Initializing...
12-26 18:14:33.558 13990 13990 I flutter : EPG: Initializing with URL: https://dragtvplus.lol/xmltv.php?username=bobby&password=09052757
12-26 18:14:33.560 13990 13990 I flutter : EPG: Loaded normalized mapping from file (310 entries)
12-26 18:14:33.561 13990 13990 I flutter : EPG: Cache is valid. Age: 35 minutes. Size: 66.00 MB
12-26 18:14:33.561 13990 13990 I flutter : EPG: Using valid cached file, skipping download.
12-26 18:14:33.562 13990 13990 I flutter : EPG: Starting background parsing...
12-26 18:14:33.572 13990 13990 I flutter : EPG: Init skipped (in flight)
12-26 18:14:33.944  1176  1176 D io_stats: !@ Write_top(KB): com.risa.app(13990) 72508 kworker/u16:3(9199) 4008
12-26 18:14:34.388 13990 13990 I flutter : EPG: Persisted programs to DB (300 channels)
12-26 18:14:34.617  2812  4617 D SGM:GameManager: identifyGamePackage. com.risa.app, mCurrentUserId: 0, callingMethodInfo: com.samsung.android.game.SemGameManager.isGamePackage(SemGameManager.java:106)
12-26 18:14:34.617  2812  4617 D SGM:SemGameManager: isGamePackage(), pkgName=com.risa.app, ret=false
12-26 18:14:35.354 13990 13990 I flutter : EPG: Saved normalized mapping (310 entries) to /data/user/0/com.risa.app/files/epg_normalized.json
12-26 18:14:35.354 13990 13990 I flutter : EPG: Successfully parsed 300 channels and 305 IDs
12-26 18:14:35.354 13990 13990 I flutter : EPG: Service state - URL: https://dragtvplus.lol/xmltv.php?username=bobby&password=09052757, Available channels: 305, Loaded channels: 300
12-26 18:14:35.357 13990 13990 I flutter : EPG: Initializing...
12-26 18:14:35.360 13990 13990 I flutter : EPG: Initializing with URL: https://dragtvplus.lol/xmltv.php?username=bobby&password=09052757
12-26 18:14:35.369 13990 13990 I flutter : EPG: Loaded normalized mapping from file (310 entries)
12-26 18:14:35.370 13990 13990 I flutter : EPG: Cache is valid. Age: 35 minutes. Size: 66.00 MB
12-26 18:14:35.370 13990 13990 I flutter : EPG: Using valid cached file, skipping download.
12-26 18:14:35.371 13990 13990 I flutter : EPG: Starting background parsing...
12-26 18:14:35.374 13990 13990 I flutter : EPG: Init skipped (in flight)
12-26 18:14:36.166 13990 13990 I flutter : EPG: Persisted programs to DB (300 channels)
12-26 18:14:36.892  2059  2059 I SurfaceFlinger: [com.risa.app/com.risa.app.MainActivity$_13990#75603] setFrameRateCategory: NoPreference
12-26 18:14:36.901 13990 13990 I flutter : EPG: Saved normalized mapping (310 entries) to /data/user/0/com.risa.app/files/epg_normalized.json
12-26 18:14:36.901 13990 13990 I flutter : EPG: Successfully parsed 300 channels and 305 IDs
12-26 18:14:36.901 13990 13990 I flutter : EPG: Service state - URL: https://dragtvplus.lol/xmltv.php?username=bobby&password=09052757, Available channels: 305, Loaded channels: 300
12-26 18:14:36.909 13990 13990 I flutter : EPG: Initializing...
12-26 18:14:36.913 13990 13990 I flutter : EPG: Initializing with URL: https://dragtvplus.lol/xmltv.php?username=bobby&password=09052757
12-26 18:14:36.917 13990 13990 I flutter : EPG: Loaded normalized mapping from file (310 entries)
12-26 18:14:36.918 13990 13990 I flutter : EPG: Cache is valid. Age: 35 minutes. Size: 66.00 MB
12-26 18:14:36.918 13990 13990 I flutter : EPG: Using valid cached file, skipping download.
12-26 18:14:36.919 13990 13990 I flutter : EPG: Starting background parsing...
12-26 18:14:36.926 13990 13990 I flutter : EPG: Init skipped (in flight)
12-26 18:14:37.636  2812  4617 D SGM:GameManager: identifyGamePackage. com.risa.app, mCurrentUserId: 0, callingMethodInfo: com.samsung.android.game.SemGameManager.isGamePackage(SemGameManager.java:106)
12-26 18:14:37.636  2812  4617 D SGM:SemGameManager: isGamePackage(), pkgName=com.risa.app, ret=false
12-26 18:14:37.682 13990 13990 I flutter : EPG: Persisted programs to DB (300 channels)
12-26 18:14:37.946  1176  1176 D io_stats: !@ Write_top(KB): com.risa.app(13990) 52384 kworker/u16:3(9199) 652 rdash.driverapp(4350) 28
12-26 18:14:38.459 13990 13990 I flutter : EPG: Saved normalized mapping (310 entries) to /data/user/0/com.risa.app/files/epg_normalized.json
12-26 18:14:38.459 13990 13990 I flutter : EPG: Successfully parsed 300 channels and 305 IDs
12-26 18:14:38.459 13990 13990 I flutter : EPG: Service state - URL: https://dragtvplus.lol/xmltv.php?username=bobby&password=09052757, Available channels: 305, Loaded channels: 300
12-26 18:14:38.461 13990 13990 I flutter : EPG: Initializing...
12-26 18:14:38.462 13990 13990 I flutter : EPG: Initializing with URL: https://dragtvplus.lol/xmltv.php?username=bobby&password=09052757
12-26 18:14:38.467 13990 13990 I flutter : EPG: Loaded normalized mapping from file (310 entries)
12-26 18:14:38.468 13990 13990 I flutter : EPG: Cache is valid. Age: 35 minutes. Size: 66.00 MB
12-26 18:14:38.468 13990 13990 I flutter : EPG: Using valid cached file, skipping download.
12-26 18:14:38.469 13990 13990 I flutter : EPG: Starting background parsing...
12-26 18:14:38.478 13990 13990 I flutter : EPG: Init skipped (in flight)
12-26 18:14:39.129 13990 13990 I flutter : EPG: Persisted programs to DB (300 channels)
12-26 18:14:40.016 13990 13990 I flutter : EPG: Saved normalized mapping (310 entries) to /data/user/0/com.risa.app/files/epg_normalized.json
12-26 18:14:40.016 13990 13990 I flutter : EPG: Successfully parsed 300 channels and 305 IDs
12-26 18:14:40.017 13990 13990 I flutter : EPG: Service state - URL: https://dragtvplus.lol/xmltv.php?username=bobby&password=09052757, Available channels: 305, Loaded channels: 300
12-26 18:14:40.029 13990 13990 I flutter : EPG: Initializing...
12-26 18:14:40.031 13990 13990 I flutter : EPG: Initializing with URL: https://dragtvplus.lol/xmltv.php?username=bobby&password=09052757
12-26 18:14:40.034 13990 13990 I flutter : EPG: Loaded normalized mapping from file (310 entries)
12-26 18:14:40.036 13990 13990 I flutter : EPG: Cache is valid. Age: 35 minutes. Size: 66.00 MB
12-26 18:14:40.036 13990 13990 I flutter : EPG: Using valid cached file, skipping download.
12-26 18:14:40.036 13990 13990 I flutter : EPG: Starting background parsing...
12-26 18:14:40.046 13990 13990 I flutter : EPG: Init skipped (in flight)
12-26 18:14:40.405 13990 13990 I flutter : EPG: Persisted programs to DB (300 channels)
12-26 18:14:40.657  2812  4617 D SGM:GameManager: identifyGamePackage. com.risa.app, mCurrentUserId: 0, callingMethodInfo: com.samsung.android.game.SemGameManager.isGamePackage(SemGameManager.java:106)
12-26 18:14:40.657  2812  4617 D SGM:SemGameManager: isGamePackage(), pkgName=com.risa.app, ret=false
12-26 18:14:41.541 13990 13990 I flutter : EPG: Saved normalized mapping (310 entries) to /data/user/0/com.risa.app/files/epg_normalized.json
12-26 18:14:41.541 13990 13990 I flutter : EPG: Successfully parsed 300 channels and 305 IDs
12-26 18:14:41.542 13990 13990 I flutter : EPG: Service state - URL: https://dragtvplus.lol/xmltv.php?username=bobby&password=09052757, Available channels: 305, Loaded channels: 300
12-26 18:14:41.546 13990 13990 I flutter : EPG: Initializing...
12-26 18:14:41.549 13990 13990 I flutter : EPG: Initializing with URL: https://dragtvplus.lol/xmltv.php?username=bobby&password=09052757
12-26 18:14:41.554 13990 13990 I flutter : EPG: Loaded normalized mapping from file (310 entries)
12-26 18:14:41.555 13990 13990 I flutter : EPG: Cache is valid. Age: 35 minutes. Size: 66.00 MB
12-26 18:14:41.555 13990 13990 I flutter : EPG: Using valid cached file, skipping download.
12-26 18:14:41.555 13990 13990 I flutter : EPG: Starting background parsing...
12-26 18:14:41.562 13990 13990 I flutter : EPG: Init skipped (in flight)
12-26 18:14:41.947  1176  1176 D io_stats: !@ Write_top(KB): com.risa.app(13990) 72512 kworker/u16:2(9198) 5740 system_server(2812) 428
12-26 18:14:42.226 13990 13990 I flutter : EPG: Persisted programs to DB (300 channels)
12-26 18:14:43.100 13990 13990 I flutter : EPG: Saved normalized mapping (310 entries) to /data/user/0/com.risa.app/files/epg_normalized.json
12-26 18:14:43.100 13990 13990 I flutter : EPG: Successfully parsed 300 channels and 305 IDs
12-26 18:14:43.100 13990 13990 I flutter : EPG: Service state - URL: https://dragtvplus.lol/xmltv.php?username=bobby&password=09052757, Available channels: 305, Loaded channels: 300
12-26 18:14:43.115 13990 13990 I flutter : EPG: Initializing...
12-26 18:14:43.118 13990 13990 I flutter : EPG: Initializing with URL: https://dragtvplus.lol/xmltv.php?username=bobby&password=09052757
12-26 18:14:43.123 13990 13990 I flutter : EPG: Loaded normalized mapping from file (310 entries)
12-26 18:14:43.125 13990 13990 I flutter : EPG: Cache is valid. Age: 35 minutes. Size: 66.00 MB
12-26 18:14:43.125 13990 13990 I flutter : EPG: Using valid cached file, skipping download.
12-26 18:14:43.126 13990 13990 I flutter : EPG: Starting background parsing...
12-26 18:14:43.133 13990 13990 I flutter : EPG: Init skipped (in flight)
12-26 18:14:43.659  2812  4617 D SGM:GameManager: identifyGamePackage. com.risa.app, mCurrentUserId: 0, callingMethodInfo: com.samsung.android.game.SemGameManager.isGamePackage(SemGameManager.java:106)
12-26 18:14:43.659  2812  4617 D SGM:SemGameManager: isGamePackage(), pkgName=com.risa.app, ret=false
12-26 18:14:43.807 13990 13990 I flutter : EPG: Persisted programs to DB (300 channels)
12-26 18:14:44.727 13990 13990 I flutter : EPG: Saved normalized mapping (310 entries) to /data/user/0/com.risa.app/files/epg_normalized.json
12-26 18:14:44.727 13990 13990 I flutter : EPG: Successfully parsed 300 channels and 305 IDs
12-26 18:14:44.727 13990 13990 I flutter : EPG: Service state - URL: https://dragtvplus.lol/xmltv.php?username=bobby&password=09052757, Available channels: 305, Loaded channels: 300
12-26 18:14:44.734 13990 13990 I flutter : EPG: Initializing...
12-26 18:14:44.737 13990 13990 I flutter : EPG: Initializing with URL: https://dragtvplus.lol/xmltv.php?username=bobby&password=09052757
12-26 18:14:44.744 13990 13990 I flutter : EPG: Loaded normalized mapping from file (310 entries)
12-26 18:14:44.745 13990 13990 I flutter : EPG: Cache is valid. Age: 35 minutes. Size: 66.00 MB
12-26 18:14:44.745 13990 13990 I flutter : EPG: Using valid cached file, skipping download.
12-26 18:14:44.746 13990 13990 I flutter : EPG: Starting background parsing...
12-26 18:14:44.751 13990 13990 I flutter : EPG: Init skipped (in flight)
12-26 18:14:45.292 13990 13990 I flutter : EPG: Persisted programs to DB (300 channels)
12-26 18:14:45.949  1176  1176 D io_stats: !@ Write_top(KB): com.risa.app(13990) 52104 kworker/u16:0(18727) 3316 id.diagmonagent(7531) 32
12-26 18:14:46.381 13990 13990 I flutter : EPG: Saved normalized mapping (310 entries) to /data/user/0/com.risa.app/files/epg_normalized.json
12-26 18:14:46.381 13990 13990 I flutter : EPG: Successfully parsed 300 channels and 305 IDs
12-26 18:14:46.381 13990 13990 I flutter : EPG: Service state - URL: https://dragtvplus.lol/xmltv.php?username=bobby&password=09052757, Available channels: 305, Loaded channels: 300
12-26 18:14:46.385 13990 13990 I flutter : EPG: Initializing...
12-26 18:14:46.388 13990 13990 I flutter : EPG: Initializing with URL: https://dragtvplus.lol/xmltv.php?username=bobby&password=09052757
12-26 18:14:46.392 13990 13990 I flutter : EPG: Loaded normalized mapping from file (310 entries)
12-26 18:14:46.394 13990 13990 I flutter : EPG: Cache is valid. Age: 35 minutes. Size: 66.00 MB
12-26 18:14:46.394 13990 13990 I flutter : EPG: Using valid cached file, skipping download.
12-26 18:14:46.395 13990 13990 I flutter : EPG: Starting background parsing...
12-26 18:14:46.402 13990 13990 I flutter : EPG: Init skipped (in flight)
12-26 18:14:46.668  2812  4617 D SGM:GameManager: identifyGamePackage. com.risa.app, mCurrentUserId: 0, callingMethodInfo: com.samsung.android.game.SemGameManager.isGamePackage(SemGameManager.java:106)
12-26 18:14:46.668  2812  4617 D SGM:SemGameManager: isGamePackage(), pkgName=com.risa.app, ret=false
12-26 18:14:47.164 13990 13990 I flutter : EPG: Persisted programs to DB (300 channels)
12-26 18:14:48.048 13990 13990 I flutter : EPG: Saved normalized mapping (310 entries) to /data/user/0/com.risa.app/files/epg_normalized.json
12-26 18:14:48.048 13990 13990 I flutter : EPG: Successfully parsed 300 channels and 305 IDs
12-26 18:14:48.048 13990 13990 I flutter : EPG: Service state - URL: https://dragtvplus.lol/xmltv.php?username=bobby&password=09052757, Available channels: 305, Loaded channels: 300
12-26 18:14:48.053 13990 13990 I flutter : EPG: Initializing...
12-26 18:14:48.056 13990 13990 I flutter : EPG: Initializing with URL: https://dragtvplus.lol/xmltv.php?username=bobby&password=09052757
12-26 18:14:48.061 13990 13990 I flutter : EPG: Loaded normalized mapping from file (310 entries)
12-26 18:14:48.062 13990 13990 I flutter : EPG: Cache is valid. Age: 36 minutes. Size: 66.00 MB
12-26 18:14:48.062 13990 13990 I flutter : EPG: Using valid cached file, skipping download.
12-26 18:14:48.063 13990 13990 I flutter : EPG: Starting background parsing...
12-26 18:14:48.070 13990 13990 I flutter : EPG: Init skipped (in flight)
12-26 18:14:48.521  2812  5181 D CoreBackPreview: startBackNavigation currentTask=Task{aaedc95 #21268 type=standard I=com.risa.app/.MainActivity}, topRunningActivity=ActivityRecord{94270540 u0 com.risa.app/.MainActivity t21268}, callbackInfo=OnBackInvokedCallbackInfo{mCallback=android.window.IOnBackInvokedCallback$Stub$Proxy@30a5abe, mPriority=0, mIsAnimationCallback=true, mOverrideBehavior=0}, currentFocus=Window{acc3015 u0 com.risa.app/com.risa.app.MainActivity}
12-26 18:14:48.576 13990 13990 D WindowOnBackDispatcher: onBackInvoked, callback=io.flutter.embedding.android.FlutterActivity$1@6eb215e
12-26 18:14:48.596 13990 13990 W WindowOnBackDispatcher: sendCancelIfRunning: isInProgress=false callback=io.flutter.embedding.android.FlutterActivity$1@6eb215e
12-26 18:14:48.597  2812  5181 D CoreBackPreview: Window{acc3015 u0 com.risa.app/com.risa.app.MainActivity}: Setting back callback OnBackInvokedCallbackInfo{mCallback=android.window.IOnBackInvokedCallback$Stub$Proxy@dde3664, mPriority=-1, mIsAnimationCallback=false, mOverrideBehavior=0}
12-26 18:14:48.598  2812  5181 D CoreBackPreview: Window{acc3015 u0 com.risa.app/com.risa.app.MainActivity}: Setting back callback OnBackInvokedCallbackInfo{mCallback=android.window.IOnBackInvokedCallback$Stub$Proxy@187d0cd, mPriority=0, mIsAnimationCallback=true, mOverrideBehavior=0}
12-26 18:14:48.598 13990 13990 W WindowOnBackDispatcher: sendCancelIfRunning: isInProgress=false callback=io.flutter.embedding.android.FlutterActivity$1@6eb215e
12-26 18:14:48.599  2812  5181 D CoreBackPreview: Window{acc3015 u0 com.risa.app/com.risa.app.MainActivity}: Setting back callback OnBackInvokedCallbackInfo{mCallback=android.window.IOnBackInvokedCallback$Stub$Proxy@4008d82, mPriority=-1, mIsAnimationCallback=false, mOverrideBehavior=0}
12-26 18:14:48.815 13990 13990 I flutter : EPG: Persisted programs to DB (300 channels)
12-26 18:14:48.897  2812  2858 D CoreBackPreview: Window{acc3015 u0 com.risa.app/com.risa.app.MainActivity}: Setting back callback OnBackInvokedCallbackInfo{mCallback=android.window.IOnBackInvokedCallback$Stub$Proxy@27b4c85, mPriority=0, mIsAnimationCallback=true, mOverrideBehavior=0}
12-26 18:14:49.433  2812  3122 D ActivityTaskManager: scheduleTopResumedActivityChanged, onTop=false, r=ActivityRecord{94270540 u0 com.risa.app/.MainActivity t21268}, caller=com.android.server.wm.ActivityTaskSupervisor.scheduleTopResumedActivityStateLossIfNeeded:19 com.android.server.wm.ActivityTaskSupervisor.updateTopResumedActivityIfNeeded:20 com.android.server.wm.TaskDisplayArea.positionChildAt:252 com.android.server.wm.WindowContainer.positionChildAt:84 com.android.server.wm.Task.positionChildAt:19 com.android.server.wm.Task.moveToFront:40 
12-26 18:14:49.440  2812  2858 D WindowManager: Changing focus from Window{acc3015 u0 com.risa.app/com.risa.app.MainActivity} to null displayId=0 Callers=com.android.server.wm.ActivityTaskManagerService.setLastResumedActivityUncheckLocked:264 com.android.server.wm.ActivityTaskSupervisor.updateTopResumedActivityIfNeeded:51 com.android.server.wm.TaskFragment.setResumedActivity:30 com.android.server.wm.ActivityRecord.setState:100 
12-26 18:14:49.440  2812  2858 V WindowManager: Collecting in transition 5591: ActivityRecord{94270540 u0 com.risa.app/.MainActivity t21268}, caller=com.android.server.wm.TransitionController.collect:7 com.android.server.wm.ActivityRecord.setVisibility:132 com.android.server.wm.ActivityRecord.makeInvisible:32 com.android.server.wm.EnsureActivitiesVisibleHelper.process:542 com.android.server.wm.TaskFragment.updateActivityVisibilities:12 
12-26 18:14:49.440  2812  2858 D WindowManager: prepareSync <SYNC_STATE_WAITING_FOR_DRAW>, mPrepareSyncSeqId=0, win=Window{acc3015 u0 com.risa.app/com.risa.app.MainActivity}
12-26 18:14:49.446  2812  3124 D SGM:FgCheckThread: notePauseComponent(), received pkgName: com.risa.app, userId: 0
12-26 18:14:49.458  2812  7797 D WindowManager: updateSystemBarAttributes: displayId=0, focusedCanBeNavColorWin=false, win=Window{4b40b77 u0 com.sec.android.app.launcher/com.sec.android.app.launcher.activities.LauncherActivity}, navColorWin=Window{acc3015 u0 com.risa.app/com.risa.app.MainActivity}, caller=com.android.server.wm.WindowManagerService.updateFocusedWindowLocked:372 com.android.server.wm.WindowManagerService.relayoutWindow:1350 com.android.server.wm.Session.relayout:27 
12-26 18:14:49.474  2812  6682 D InputDispatcher: Focus left window (0): acc3015 com.risa.app/com.risa.app.MainActivity
12-26 18:14:49.477  2812  3125 D ChangeTransitionController:    ChangeInfo{e043e3a container=ActivityRecord{94270540 u0 com.risa.app/.MainActivity t21268} flags=0x0}
12-26 18:14:49.477  2812  3125 D ChangeTransitionController:    ChangeInfo{8bee1 container=Task{aaedc95 #21268 type=standard I=com.risa.app/.MainActivity} flags=0x0}
12-26 18:14:49.477  2812  3125 V WindowManager: Start calculating TransitionInfo based on participants: {ActivityRecord{57540756 u0 com.sec.android.app.launcher/.activities.LauncherActivity t-1}, Task{3c60ba8 #1 type=home}, ActivityRecord{94270540 u0 com.risa.app/.MainActivity t21268}, Task{a2f92a1 #8 type=home I=com.sec.android.app.launcher/.activities.LauncherActivity}, WallpaperWindowToken{d2924d7 showWhenLocked=false}_<system>, ActivityRecord{241675760 u0 com.sec.android.app.launcher/.activities.LauncherActivity t8}}
12-26 18:14:49.477  2812  3125 V WindowManager:   Final targets: [ChangeInfo{e7a1a5c container=Task{3c60ba8 #1 type=home} flags=0x30}, ChangeInfo{8bee1 container=Task{aaedc95 #21268 type=standard I=com.risa.app/.MainActivity} flags=0x10}, ChangeInfo{e80406 container=WallpaperWindowToken{d2924d7 showWhenLocked=false}_<system> flags=0x0}]
12-26 18:14:49.478  2812  3125 V WindowManager:         {WCT{RemoteToken{aaf322d Task{aaedc95 #21268 type=standard I=com.risa.app/.MainActivity}}} m=TO_BACK f=EDGE_EXTENSION_RESTRICTION leash=Surface(name=Task=21268)/@0x29bffd6 sb=Rect(0, 0 - 2340, 1080) eb=Rect(0, 0 - 2340, 1080) epz=Point(2340, 1080) d=0 taskParent=-1 inset=Rect(84, 84 - 135, 0) allowAppBgLayer=true},
12-26 18:14:49.480  2059  4306 I SurfaceFlinger: Capture layer list: 	 Background for beb6089 SurfaceView[com.risa.app/com.risa.app.MainActivity]@0#75607(seamlessTransition:0)
12-26 18:14:49.480  2059  4306 I SurfaceFlinger: Capture layer list: 	 beb6089 SurfaceView[com.risa.app/com.risa.app.MainActivity]@0(BLAST)#75606(seamlessTransition:0)
12-26 18:14:49.480  2059  4306 I SurfaceFlinger: Capture layer list: 	 com.risa.app/com.risa.app.MainActivity$_13990#75603(seamlessTransition:0)
12-26 18:14:49.481  2059  2251 D RenderEngine: [SEC_SF_EFFECTS] drawLayersInternal,1483, Rendering layer beb6089 SurfaceView[com.risa.app/com.risa.app.MainActivity]@0(BLAST)#75606 at index 1
12-26 18:14:49.481  2059  2251 D RenderEngine: [SEC_SF_EFFECTS] drawLayersInternal,1483, Rendering layer com.risa.app/com.risa.app.MainActivity$_13990#75603 at index 2
12-26 18:14:49.484  5148  5148 I HoneySpace.AppCloseAnimationDelegate: findTargetValue [cookie-65396, pkgName-com.risa.app]
12-26 18:14:49.493  2812  3121 V WindowManager:         {WCT{RemoteToken{aaf322d Task{aaedc95 #21268 type=standard I=com.risa.app/.MainActivity}}} m=TO_BACK f=EDGE_EXTENSION_RESTRICTION leash=Surface(name=Task=21268)/@0x29bffd6 sb=Rect(0, 0 - 2340, 1080) eb=Rect(0, 0 - 2340, 1080) epz=Point(2340, 1080) d=0 taskParent=-1 inset=Rect(84, 84 - 135, 0) allowAppBgLayer=true},
12-26 18:14:49.525  2059  2059 D SurfaceFlinger:        CLIENT |                        0 | 00000002 | N/A          |    0.0    0.0    0.0    0.0 |   18   44 1061 2296 | Background for beb6089 SurfaceView[c[...]p/com.risa.app.MainActivity]@0#75607 (0)
12-26 18:14:49.525  2059  2059 D SurfaceFlinger:        CLIENT |           60086592471110 | 00000102 | RGBA_8888    |    3.0    3.0 2329.0 1080.0 |   18   44 1061 2296 | beb6089 SurfaceView[com.risa.app/com.risa.app.MainActivity]@0(BLAST)#75606 (278)
12-26 18:14:49.525  2059  2059 D SurfaceFlinger:        CLIENT |           60086592471114 | 00002100 | RGBA_8888    |    0.0    3.0 1077.0 2329.0 |   18   44 1061 2296 | com.risa.app/com.risa.app.MainActivity$_13990#75603 (2)
12-26 18:14:49.574  2059  2059 D SurfaceFlinger:        CLIENT |                        0 | 00000002 | N/A          |    0.0    0.0    0.0    0.0 |  323  760  757 1580 | Background for beb6089 SurfaceView[c[...]p/com.risa.app.MainActivity]@0#75607 (0)
12-26 18:14:49.574  2059  2059 D SurfaceFlinger:        CLIENT |           60086592471110 | 00000102 | RGBA_8888    |   58.0   58.0 1986.0 1080.0 |  323  760  757 1580 | beb6089 SurfaceView[com.risa.app/com.risa.app.MainActivity]@0(BLAST)#75606 (278)
12-26 18:14:49.574  2059  2059 D SurfaceFlinger:        CLIENT |           60086592471114 | 00002100 | RGBA_8888    |    0.0   58.0 1022.0 1986.0 |  323  760  757 1580 | com.risa.app/com.risa.app.MainActivity$_13990#75603 (2)
12-26 18:14:49.675  2812  8703 V WindowManager:    ChangeInfo{e043e3a container=ActivityRecord{94270540 u0 com.risa.app/.MainActivity t21268} flags=0x0}
12-26 18:14:49.675  2812  8703 V WindowManager:    ChangeInfo{8bee1 container=Task{aaedc95 #21268 type=standard I=com.risa.app/.MainActivity} flags=0x10}
12-26 18:14:49.676  2812  8703 V WindowManager: Setting visibility of Window{acc3015 u0 com.risa.app/com.risa.app.MainActivity}: false, caller=com.android.server.wm.WindowContainer.sendAppVisibilityToClients:19 com.android.server.wm.WindowToken.setClientVisible:48 com.android.server.wm.ActivityRecord.commitVisibility:186 com.android.server.wm.TransitionController.finishTransition:846 com.android.server.wm.WindowOrganizerController.finishTransitionInner:31 
12-26 18:14:49.678  2812  8703 D WindowManager: prepareSync <SYNC_STATE_WAITING_FOR_DRAW>, mPrepareSyncSeqId=0, win=Window{acc3015 u0 com.risa.app/com.risa.app.MainActivity}
12-26 18:14:49.678  2812  8703 D ChangeTransitionController:    ChangeInfo{e043e3a container=ActivityRecord{94270540 u0 com.risa.app/.MainActivity t21268} flags=0x0}
12-26 18:14:49.678  2812  8703 D ChangeTransitionController:    ChangeInfo{8bee1 container=Task{aaedc95 #21268 type=standard I=com.risa.app/.MainActivity} flags=0x10}
12-26 18:14:49.688 13990 13990 I SV[199975049 MainActivity]: onWindowVisibilityChanged(8) false io.flutter.embedding.android.FlutterSurfaceView{beb6089 V.E...... ........ 0,0-2340,1080} of VRI[MainActivity]@d0b4f97
12-26 18:14:49.688 13990 13990 D SurfaceComposerClient: setCornerRadius ## beb6089 SurfaceView[com.risa.app/com.risa.app.MainActivity]@0#75605 cornerRadius=0.000000
12-26 18:14:49.689 13990 13990 I SV[199975049 MainActivity]: surfaceDestroyed callback.size 1 #2 io.flutter.embedding.android.FlutterSurfaceView{beb6089 V.E...... ........ 0,0-2340,1080}
12-26 18:14:49.720  2812  4741 I WindowManager: Relayout Window{acc3015 u0 com.risa.app/com.risa.app.MainActivity}: viewVisibility=8 req=2340x1080 ty=1 d0
12-26 18:14:49.725 13990 13990 I InsetsController: onStateChanged: host=com.risa.app/com.risa.app.MainActivity, from=android.view.ViewRootImpl.onInsetsStateChanged:3026, state=InsetsState: {mDisplayFrame=Rect(0, 0 - 2340, 1080), mDisplayCutout=DisplayCutout{insets=Rect(84, 0 - 0, 0) waterfall=Insets{left=0, top=0, right=0, bottom=0} boundingRect={Bounds=[Rect(0, 514 - 84, 565), Rect(0, 0 - 0, 0), Rect(0, 0 - 0, 0), Rect(0, 0 - 0, 0)]} cutoutPathParserInfo={CutoutPathParserInfo{displayWidth=1080 displayHeight=2340 physicalDisplayWidth=1080 physicalDisplayHeight=2340 density={2.8125} cutoutSpec={M 0,0 H -9.066666666666667 V 29.86666666666667 H 9.066666666666667 V 0 H 0 Z @dp} rotation={1} scale={1.0} physicalPixelDisplaySizeRatio={1.0}}} sideOverrides={}}, mRoundedCorners=RoundedCorners{[RoundedCorner{position=TopLeft, radius=101, center=Point(101, 101)}, RoundedCorner{position=TopRight, radius=101, center=Point(2239, 101)}, RoundedCorner{position=BottomRight, radius=101, center=Point(2239, 979)}, RoundedCorner{position=BottomLeft, radius=101, center=Point(101, 979)}]}  mRoundedCornerFrame=Rect(0, 0 - 1080, 2340), mPrivacyIndicatorBounds=PrivacyIndicatorBounds {static bounds=Rect(2216, 0 - 2340, 84) rotation=1}, mDisplayShape=DisplayShape{ spec=1406003047 displayWidth=1080 displayHeight=2340 physicalPixelDisplaySizeRatio=0.75 rotation=1 offsetX=0 offsetY=0 scale=1.0}, mSources= { InsetsSource: {e4a90001 mType=navigationBars mFrame=[2205,0][2340,1080] mVisible=true mFlags= mSideHint=RIGHT mBoundingRects=null}, InsetsSource: {e4a90004 mType=systemGestures mFrame=[0,0][0,0] mVisible=true mFlags= mSideHint=NONE mBoundingRects=null}, InsetsSource: {e4a90005 mType=mandatorySystemGestures mFrame=[2205,0][2340,1080] mVisible=true mFlags= mSideHint=RIGHT mBoundingRects=null}, InsetsSource: {e4a90006 mType=tappableElement mFrame=[2205,0][2340,1080] mVisible=true mFlags= mSideHint=RIGHT mBoundingRects=null}, InsetsSource: {e4a90024 mType=systemGestures mFrame=[0,0][0,0] mVisible=true mFlags= mSideHint=NONE mBoundingRects=null}, InsetsSource: {3 mType=ime mFrame=[0,0][0,0] mVisible=false mFlags= mSideHint=NONE mBoundingRects=null}, InsetsSource: {7 mType=displayCutout mFrame=[0,0][84,1080] mVisible=true mFlags= mSideHint=LEFT mBoundingRects=null}, InsetsSource: {4c0000 mType=statusBars mFrame=[0,0][2340,84] mVisible=true mFlags= mSideHint=TOP mBoundingRects=null}, InsetsSource: {4c0005 mType=mandatorySystemGestures mFrame=[0,0][2340,84] mVisible=true mFlags= mSideHint=TOP mBoundingRects=null}, InsetsSource: {4c0006 mType=tappableElement mFrame=[0,0][2340,84] mVisible=true mFlags= mSideHint=TOP mBoundingRects=null} }
12-26 18:14:49.728 13990 13990 I SV[199975049 MainActivity]: windowStopped(true) false io.flutter.embedding.android.FlutterSurfaceView{beb6089 V.E...... ........ 0,0-2340,1080} of VRI[MainActivity]@d0b4f97
12-26 18:14:49.737  2059  2059 I SurfaceFlinger: RequestedLayer [ActivityRecord{94270540 u0 com.risa.app/.MainActivity t21268}#75433] hidden!! flag  from(0) --> to(1)
12-26 18:14:49.738  2059  2059 I SurfaceFlinger: RequestedLayer [com.risa.app/com.risa.app.MainActivity$_13990#75603] hidden!! flag  from(0) --> to(1)
12-26 18:14:49.738  2059  2059 I SurfaceFlinger: [LayerHierarchy{RequestedLayerState{beb6089 SurfaceView[com.risa.app/com.risa.app.MainActivity]@0#75605 z=-2} 2 children}] reparent to OffscreenRoot
12-26 18:14:49.738  2059  2059 I SurfaceFlinger: [LayerHierarchy{RequestedLayerState{beb6089 SurfaceView[com.risa.app/com.risa.app.MainActivity]@0#75605 z=-2} 2 children}] RelativeParent to null
12-26 18:14:49.738  2059  2059 I SurfaceFlinger: [LayerHierarchy{RequestedLayerState{beb6089 SurfaceView[com.risa.app/com.risa.app.MainActivity]@0(BLAST)#75606} no children}] reparent to OffscreenRoot
12-26 18:14:49.738  2059  2059 I SurfaceFlinger: [LayerHierarchy{RequestedLayerState{beb6089 SurfaceView[com.risa.app/com.risa.app.MainActivity]@0(BLAST)#75606} no children}] RelativeParent to null
12-26 18:14:49.738  2059  2059 I SurfaceFlinger: [LayerHierarchy{RequestedLayerState{Background for beb6089 SurfaceView[com.risa.app/com.risa.app.MainActivity]@0#75607 z=-2147483648} no children}] reparent to OffscreenRoot
12-26 18:14:49.738  2059  2059 I SurfaceFlinger: [LayerHierarchy{RequestedLayerState{Background for beb6089 SurfaceView[com.risa.app/com.risa.app.MainActivity]@0#75607 z=-2147483648} no children}] RelativeParent to null
12-26 18:14:49.738  2059  2059 I SurfaceFlinger: [LayerHierarchy{RequestedLayerState{Bounds for - com.risa.app/com.risa.app.MainActivity@3#75604} no children}] reparent to OffscreenRoot
12-26 18:14:49.738  2059  2059 I SurfaceFlinger: [LayerHierarchy{RequestedLayerState{Bounds for - com.risa.app/com.risa.app.MainActivity@3#75604} no children}] RelativeParent to null
12-26 18:14:49.738  2059  2059 I SurfaceFlinger: id=75606 Removed beb6089 SurfaceView[com.risa.app/com.risa.app.MainActivity]@0(BLAST)#75606 (293)
12-26 18:14:49.738  2059  2059 I SurfaceFlinger: id=75605 Removed beb6089 SurfaceView[com.risa.app/com.risa.app.MainActivity]@0#75605 (293)
12-26 18:14:49.738  2059  2059 I SurfaceFlinger: id=75607 Removed Background for beb6089 SurfaceView[com.risa.app/com.risa.app.MainActivity]@0#75607 (293)
12-26 18:14:49.738  2059  2059 I SurfaceFlinger: id=75604 Removed Bounds for - com.risa.app/com.risa.app.MainActivity@3#75604 (293)
12-26 18:14:49.741 13990 13990 D VRI[MainActivity]@d0b4f97: WindowStopped on com.risa.app/com.risa.app.MainActivity set to true
12-26 18:14:49.754  2059  2059 I SurfaceFlinger: destroyed beb6089 SurfaceView[com.risa.app/com.risa.app.MainActivity]@0#75605 form LifecycleManager
12-26 18:14:49.754  2059  2059 I SurfaceFlinger: destroyed beb6089 SurfaceView[com.risa.app/com.risa.app.MainActivity]@0(BLAST)#75606 form LifecycleManager
12-26 18:14:49.754  2059  2059 I SurfaceFlinger: destroyed Background for beb6089 SurfaceView[com.risa.app/com.risa.app.MainActivity]@0#75607 form LifecycleManager
12-26 18:14:49.754  2059  2059 I SurfaceFlinger: destroyed Bounds for - com.risa.app/com.risa.app.MainActivity@3#75604 form LifecycleManager
12-26 18:14:49.754  2059  2059 I SurfaceFlinger: id=75605 onLayerDestroyed from LayerHierarchyBuilder(RequestedLayerState{beb6089 SurfaceView[com.risa.app/com.risa.app.MainActivity]@0#75605 !handle z=-2})
12-26 18:14:49.754  2059  2059 I SurfaceFlinger: id=75606 onLayerDestroyed from LayerHierarchyBuilder(RequestedLayerState{beb6089 SurfaceView[com.risa.app/com.risa.app.MainActivity]@0(BLAST)#75606 !handle})
12-26 18:14:49.754  2059  2059 I SurfaceFlinger: id=75607 onLayerDestroyed from LayerHierarchyBuilder(RequestedLayerState{Background for beb6089 SurfaceView[com.risa.app/com.risa.app.MainActivity]@0#75607 !handle z=-2147483648})
