12-26 18:56:59.351  2812  6029 D WindowManager: Changing focus from null to Window{7961135 u0 com.risa.app/com.risa.app.MainActivity} displayId=0 Callers=com.android.server.wm.WindowManagerService.relayoutWindow:1350 com.android.server.wm.Session.relayout:27 android.view.IWindowSession$Stub.onTransact:829 com.android.server.wm.Session.onTransact:1 
12-26 18:56:59.352  2812  6029 D InsetsSourceProvider: updateControlForTarget: control=InsetsSourceControl: {4c0000 mType=statusBars initiallyVisible mSurfacePosition=Point(0, 0) mInsetsHint=Insets{left=0, top=84, right=0, bottom=0}}, target=Window{7961135 u0 com.risa.app/com.risa.app.MainActivity}, from=com.android.server.wm.InsetsStateController.onControlTargetChanged:83 com.android.server.wm.InsetsPolicy.updateBarControlTarget:212 com.android.server.wm.DisplayPolicy.updateSystemBarAttributes:262 com.android.server.wm.WindowManagerService.updateFocusedWindowLocked:372 com.android.server.wm.WindowManagerService.relayoutWindow:1350 
12-26 18:56:59.352  2812  6029 D InsetsSourceProvider: updateControlForTarget: control=InsetsSourceControl: {e4a90001 mType=navigationBars initiallyVisible mSurfacePosition=Point(2205, 0) mInsetsHint=Insets{left=0, top=0, right=135, bottom=0}}, target=Window{7961135 u0 com.risa.app/com.risa.app.MainActivity}, from=com.android.server.wm.InsetsStateController.onControlTargetChanged:83 com.android.server.wm.InsetsPolicy.updateBarControlTarget:225 com.android.server.wm.DisplayPolicy.updateSystemBarAttributes:262 com.android.server.wm.WindowManagerService.updateFocusedWindowLocked:372 com.android.server.wm.WindowManagerService.relayoutWindow:1350 
12-26 18:56:59.352  2812  6029 V SystemKeyManager: updateFocusedWindow() is called, com.risa.app/com.risa.app.MainActivity
12-26 18:56:59.384  2812  3125 I WindowManager: notifyInsetsControlChanged, removed=false, win=Window{ebb7e3 u0 Splash Screen com.risa.app}, caller=com.android.server.wm.InsetsStateController$$ExternalSyntheticLambda1.run:137 com.android.server.wm.WindowAnimator$$ExternalSyntheticLambda2.onTransactionCommitted:26 android.view.SurfaceControl$Transaction$$ExternalSyntheticLambda4.run:0 android.os.Handler.handleCallback:995 android.os.Handler.dispatchMessage:103 android.os.Looper.loopOnce:273 
12-26 18:56:59.455  2812  6029 D WindowManager: rotationForOrientation, orientationSource=ActivityRecord{81368132 u0 com.risa.app/.MainActivity t21285}
12-26 18:56:59.504  2812  4741 D WindowManager: finishDrawingWindow: Window{7961135 u0 com.risa.app/com.risa.app.MainActivity} mDrawState=DRAW_PENDING seqId=0
12-26 18:56:59.509  2812  3125 V WindowManager: Finish starting ActivityRecord{81368132 u0 com.risa.app/.MainActivity t21285}: first real window is shown, no animation
12-26 18:56:59.509  2812  3125 V WindowManager: Schedule remove starting ActivityRecord{81368132 u0 com.risa.app/.MainActivity t21285} startingWindow=Window{ebb7e3 u0 Splash Screen com.risa.app} animate=true Callers=com.android.server.wm.ActivityRecord.removeStartingWindow:178 com.android.server.wm.WindowState.performShowLocked:155 com.android.server.wm.WindowStateAnimator.commitFinishDrawingLocked:73 com.android.server.wm.DisplayContent$$ExternalSyntheticLambda1.accept$com$android$server$wm$DisplayContent$$ExternalSyntheticLambda37:23 com.android.server.wm.DisplayContent$$ExternalSyntheticLambda1.accept:143 
12-26 18:56:59.510  2812  3125 D TaskOrganizerController: applyStartingWindowAnimation, window=Window{7961135 u0 com.risa.app/com.risa.app.MainActivity}, caller=com.android.server.wm.TaskOrganizerController.removeStartingWindow:132 com.android.server.wm.StartingSurfaceController$StartingSurface.remove:23 com.android.server.wm.ActivityRecord.removeStartingWindowAnimation:171 
12-26 18:56:59.510  2812  3125 I WindowManager: Reparenting to leash, surface=Surface(name=7961135 com.risa.app/com.risa.app.MainActivity)/@0x66f2d32, leashParent=Surface(name=ActivityRecord{81368132 u0 com.risa.app/.MainActivity t21285})/@0x3c7aa83
12-26 18:56:59.510  2812  3125 D WindowManager: makeSurface duration=0 leash=Surface(name=Surface(name=7961135 com.risa.app/com.risa.app.MainActivity)/@0x66f2d32 - animation-leash of starting_reveal)/@0x649b400
12-26 18:56:59.512  2812  3125 V WindowManager: performShowLocked: mDrawState=HAS_DRAWN in Window{7961135 u0 com.risa.app/com.risa.app.MainActivity}
12-26 18:56:59.514  2812  3121 I Pageboost: Launch time gathered : pid 17725 com.risa.app 1828
12-26 18:56:59.575  2812  7578 D WindowManager: Starting window removed Window{ebb7e3 u0 Splash Screen com.risa.app}
12-26 18:56:59.575  2812  7578 I WindowManager: Cancelling animation restarting=false, leash=Surface(name=Surface(name=7961135 com.risa.app/com.risa.app.MainActivity)/@0x66f2d32 - animation-leash of starting_reveal)/@0x649b400
12-26 18:56:59.575  2812  7578 I WindowManager: Reparenting to original parent: Surface(name=ActivityRecord{81368132 u0 com.risa.app/.MainActivity t21285})/@0x3c7aa83, destroy=false, surface=Surface(name=7961135 com.risa.app/com.risa.app.MainActivity)/@0x66f2d32
12-26 18:56:59.576  2812  7578 V WindowManager: Remove Window{ebb7e3 u0 Splash Screen com.risa.app}: mSurfaceControl=Surface(name=Splash Screen com.risa.app$_4743)/@0xfb83a73 mAnimatingExit=false mRemoveOnExit=false mHasSurface=true surfaceShowing=true animating=false app-animation=false callers=com.android.server.wm.Session.remove:16 android.view.IWindowSession$Stub.onTransact:804 com.android.server.wm.Session.onTransact:1 android.os.Binder.execTransactInternal:1462 android.os.Binder.execTransact:1401 <bottom of call stack> 
12-26 18:56:59.581  2812  7578 D InsetsSourceProvider: updateControlForTarget: control=InsetsSourceControl: {3 mType=ime mSurfacePosition=Point(0, 84) mInsetsHint=Insets{left=0, top=0, right=0, bottom=1008}}, target=Window{7961135 u0 com.risa.app/com.risa.app.MainActivity}, from=com.android.server.wm.ImeInsetsSourceProvider.updateControlForTarget:17 com.android.server.wm.InsetsStateController.onControlTargetChanged:83 com.android.server.wm.DisplayContent.updateImeControlTarget:21 com.android.server.wm.DisplayContent.updateImeInputAndControlTarget:156 com.android.server.wm.WindowManagerService$LocalService.updateInputMethodTargetWindow:64 
12-26 18:56:59.611  2812  3124 D SGM:FgCheckThread: getForegroundApp(), foregroundPkgName=com.risa.app
12-26 18:56:59.612  2812  3124 D SGM:FgCheckThread: noteStopComponent(), received pkgName: com.google.android.packageinstaller, focusedPkgName: com.risa.app, userId: 0
12-26 18:56:59.614  2812  3124 D SGM:FgCheckThread: getForegroundApp(), foregroundPkgName=com.risa.app
12-26 18:56:59.615  2812  3122 D SGM:GameManager: identifyForegroundApp. com.risa.app, mCurrentUserId: 0, callerUserId: 0
12-26 18:56:59.617  2812  3122 D SGM:GameManager: identifyForegroundApp. com.risa.app, mCurrentUserId: 0, callerUserId: 0
12-26 18:56:59.622  2812  3124 D SGM:FgCheckThread: noteStopComponent(), received pkgName: com.android.chrome, focusedPkgName: com.risa.app, userId: 0
12-26 18:56:59.624  2812  3124 D SGM:FgCheckThread: getForegroundApp(), foregroundPkgName=com.risa.app
12-26 18:56:59.624  2812  3124 D SGM:FgCheckThread: noteStopComponent(), received pkgName: com.google.android.packageinstaller, focusedPkgName: com.risa.app, userId: 0
12-26 18:56:59.646  2812  7625 D CoreBackPreview: Window{7961135 u0 com.risa.app/com.risa.app.MainActivity}: Setting back callback OnBackInvokedCallbackInfo{mCallback=android.window.IOnBackInvokedCallback$Stub$Proxy@de497d5, mPriority=0, mIsAnimationCallback=true, mOverrideBehavior=0}
12-26 18:56:59.646  2812  7625 D CoreBackPreview: Window{7961135 u0 com.risa.app/com.risa.app.MainActivity}: Setting back callback OnBackInvokedCallbackInfo{mCallback=android.window.IOnBackInvokedCallback$Stub$Proxy@455bbea, mPriority=-1, mIsAnimationCallback=false, mOverrideBehavior=0}
12-26 18:56:59.675  2812  3122 D SGM:GameManager: identifyForegroundApp. com.risa.app, mCurrentUserId: 0, callerUserId: 0
12-26 18:56:59.675  2812  3122 D SGM:GameManager: identifyForegroundApp. com.risa.app, mCurrentUserId: 0, callerUserId: 0
12-26 18:56:59.805  2812  4526 D MdnieScenarioControlService:  packageName : com.risa.app    className : com.risa.app.MainActivity
12-26 18:57:00.082  2812  3124 D SGM:GameManager: identifyForegroundApp. com.risa.app, mCurrentUserId: 0, callerUserId: 0
12-26 18:57:01.517  1176  1176 D io_stats: !@ Read_top(KB): com.risa.app(17725) 89772 .gms.persistent(12332) 18160 ndroid.systemui(4743) 14608
12-26 18:57:01.517  1176  1176 D io_stats: !@ Write_top(KB): com.risa.app(17725) 20856 kworker/u16:2(2374) 3320 .android.chrome(13710) 1208
12-26 18:57:01.759  2812  6029 D CoreBackPreview: Window{7961135 u0 com.risa.app/com.risa.app.MainActivity}: Setting back callback OnBackInvokedCallbackInfo{mCallback=android.window.IOnBackInvokedCallback$Stub$Proxy@8d2d397, mPriority=0, mIsAnimationCallback=true, mOverrideBehavior=0}
12-26 18:57:01.759  2812  6029 D CoreBackPreview: Window{7961135 u0 com.risa.app/com.risa.app.MainActivity}: Setting back callback OnBackInvokedCallbackInfo{mCallback=android.window.IOnBackInvokedCallback$Stub$Proxy@c064984, mPriority=-1, mIsAnimationCallback=false, mOverrideBehavior=0}
12-26 18:57:01.760  2812  6029 D CoreBackPreview: Window{7961135 u0 com.risa.app/com.risa.app.MainActivity}: Setting back callback OnBackInvokedCallbackInfo{mCallback=android.window.IOnBackInvokedCallback$Stub$Proxy@92bb56d, mPriority=0, mIsAnimationCallback=true, mOverrideBehavior=0}
12-26 18:57:01.970  2812  8483 D CoreBackPreview: Window{7961135 u0 com.risa.app/com.risa.app.MainActivity}: Setting back callback OnBackInvokedCallbackInfo{mCallback=android.window.IOnBackInvokedCallback$Stub$Proxy@c894ab, mPriority=-1, mIsAnimationCallback=false, mOverrideBehavior=0}
12-26 18:57:02.163  2812  4617 D SGM:GameManager: identifyGamePackage. com.risa.app, mCurrentUserId: 0, callingMethodInfo: com.samsung.android.game.SemGameManager.isGamePackage(SemGameManager.java:106)
12-26 18:57:02.163  2812  4617 D SGM:SemGameManager: isGamePackage(), pkgName=com.risa.app, ret=false
12-26 18:57:03.077  2812  4712 I Pageboost: db create : CREATE TABLE IF NOT EXISTS comrisaapp (FILENAME TEXT, OFFSET INTEGER, SIZE INTEGER, FORVRAMDISK INTEGER, BITMAP BLOB, unique (FILENAME, OFFSET) );
12-26 18:57:03.083  2812  4712 I Pageboost: db create : CREATE TABLE IF NOT EXISTS comrisaapp (FILENAME TEXT, OFFSET INTEGER, SIZE INTEGER, FORVRAMDISK INTEGER, BITMAP BLOB, unique (FILENAME, OFFSET) );
12-26 18:57:03.155  2812  4712 I Pageboost: db update :com.risa.app ret 1
12-26 18:57:03.191  2812  4712 I Pageboost: memUsage collected : 240168 60652 26928 for com.risa.app 17725
12-26 18:57:04.012  2812  8608 D CoreBackPreview: Window{7961135 u0 com.risa.app/com.risa.app.MainActivity}: Setting back callback OnBackInvokedCallbackInfo{mCallback=android.window.IOnBackInvokedCallback$Stub$Proxy@75fafb9, mPriority=0, mIsAnimationCallback=true, mOverrideBehavior=0}
12-26 18:57:05.178  2812  4617 D SGM:GameManager: identifyGamePackage. com.risa.app, mCurrentUserId: 0, callingMethodInfo: com.samsung.android.game.SemGameManager.isGamePackage(SemGameManager.java:106)
12-26 18:57:05.178  2812  4617 D SGM:SemGameManager: isGamePackage(), pkgName=com.risa.app, ret=false
12-26 18:57:05.519  1176  1176 D io_stats: !@ Read_top(KB): kworker/u16:8(21553) 29008 kworker/u16:2(2374) 25348 com.risa.app(17725) 14804
12-26 18:57:05.519  1176  1176 D io_stats: !@ Write_top(KB): kworker/u16:3(16099) 60960 com.risa.app(17725) 54916 kworker/u16:0(27360) 39168
12-26 18:57:08.188  2812  4617 D SGM:GameManager: identifyGamePackage. com.risa.app, mCurrentUserId: 0, callingMethodInfo: com.samsung.android.game.SemGameManager.isGamePackage(SemGameManager.java:106)
12-26 18:57:08.188  2812  4617 D SGM:SemGameManager: isGamePackage(), pkgName=com.risa.app, ret=false
12-26 18:57:09.521  1176  1176 D io_stats: !@ Write_top(KB): com.risa.app(17725) 74732 kworker/u16:2(2374) 7068 mobile.tuesdays(6765) 16
12-26 18:57:11.204  2812  4617 D SGM:GameManager: identifyGamePackage. com.risa.app, mCurrentUserId: 0, callingMethodInfo: com.samsung.android.game.SemGameManager.isGamePackage(SemGameManager.java:106)
12-26 18:57:11.204  2812  4617 D SGM:SemGameManager: isGamePackage(), pkgName=com.risa.app, ret=false
12-26 18:57:13.523  1176  1176 D io_stats: !@ Write_top(KB): com.risa.app(17725) 71548 kworker/u16:3(16099) 668 kworker/u16:8(21553) 20
12-26 18:57:14.216  2812  4617 D SGM:GameManager: identifyGamePackage. com.risa.app, mCurrentUserId: 0, callingMethodInfo: com.samsung.android.game.SemGameManager.isGamePackage(SemGameManager.java:106)
12-26 18:57:14.216  2812  4617 D SGM:SemGameManager: isGamePackage(), pkgName=com.risa.app, ret=false
12-26 18:57:16.859  2812  8608 D CoreBackPreview: startBackNavigation currentTask=Task{2efebf3 #21285 type=standard I=com.risa.app/.MainActivity}, topRunningActivity=ActivityRecord{81368132 u0 com.risa.app/.MainActivity t21285}, callbackInfo=OnBackInvokedCallbackInfo{mCallback=android.window.IOnBackInvokedCallback$Stub$Proxy@75fafb9, mPriority=0, mIsAnimationCallback=true, mOverrideBehavior=0}, currentFocus=Window{7961135 u0 com.risa.app/com.risa.app.MainActivity}
12-26 18:57:16.941  2812  8608 D CoreBackPreview: Window{7961135 u0 com.risa.app/com.risa.app.MainActivity}: Setting back callback OnBackInvokedCallbackInfo{mCallback=android.window.IOnBackInvokedCallback$Stub$Proxy@c3f9e22, mPriority=-1, mIsAnimationCallback=false, mOverrideBehavior=0}
12-26 18:57:16.942  2812  8608 D CoreBackPreview: Window{7961135 u0 com.risa.app/com.risa.app.MainActivity}: Setting back callback OnBackInvokedCallbackInfo{mCallback=android.window.IOnBackInvokedCallback$Stub$Proxy@990e0b3, mPriority=0, mIsAnimationCallback=true, mOverrideBehavior=0}
12-26 18:57:16.943  2812  8608 D CoreBackPreview: Window{7961135 u0 com.risa.app/com.risa.app.MainActivity}: Setting back callback OnBackInvokedCallbackInfo{mCallback=android.window.IOnBackInvokedCallback$Stub$Proxy@4986670, mPriority=-1, mIsAnimationCallback=false, mOverrideBehavior=0}
12-26 18:57:17.224  2812  4617 D SGM:GameManager: identifyGamePackage. com.risa.app, mCurrentUserId: 0, callingMethodInfo: com.samsung.android.game.SemGameManager.isGamePackage(SemGameManager.java:106)
12-26 18:57:17.224  2812  4617 D SGM:SemGameManager: isGamePackage(), pkgName=com.risa.app, ret=false
12-26 18:57:17.237  2812  6029 D CoreBackPreview: Window{7961135 u0 com.risa.app/com.risa.app.MainActivity}: Setting back callback OnBackInvokedCallbackInfo{mCallback=android.window.IOnBackInvokedCallback$Stub$Proxy@1ad2359, mPriority=0, mIsAnimationCallback=true, mOverrideBehavior=0}
12-26 18:57:17.525  1176  1176 D io_stats: !@ Write_top(KB): com.risa.app(17725) 44148 kworker/u16:3(16099) 20696 kworker/u16:8(21553) 12212
12-26 18:57:20.227  2812  4617 D SGM:GameManager: identifyGamePackage. com.risa.app, mCurrentUserId: 0, callingMethodInfo: com.samsung.android.game.SemGameManager.isGamePackage(SemGameManager.java:106)
12-26 18:57:20.227  2812  4617 D SGM:SemGameManager: isGamePackage(), pkgName=com.risa.app, ret=false
12-26 18:57:21.528  1176  1176 D io_stats: !@ Write_top(KB): com.risa.app(17725) 35312 kworker/u16:8(21553) 34488 kworker/u16:0(27360) 26728
12-26 18:57:23.258  2812  4617 D SGM:GameManager: identifyGamePackage. com.risa.app, mCurrentUserId: 0, callingMethodInfo: com.samsung.android.game.SemGameManager.isGamePackage(SemGameManager.java:106)
12-26 18:57:23.258  2812  4617 D SGM:SemGameManager: isGamePackage(), pkgName=com.risa.app, ret=false
12-26 18:57:25.529  1176  1176 D io_stats: !@ Write_top(KB): kworker/u16:0(27360) 43852 com.risa.app(17725) 33332 kworker/u16:2(2374) 5264
12-26 18:57:26.273  2812  4617 D SGM:GameManager: identifyGamePackage. com.risa.app, mCurrentUserId: 0, callingMethodInfo: com.samsung.android.game.SemGameManager.isGamePackage(SemGameManager.java:106)
12-26 18:57:26.273  2812  4617 D SGM:SemGameManager: isGamePackage(), pkgName=com.risa.app, ret=false
12-26 18:57:29.275  2812  4617 D SGM:GameManager: identifyGamePackage. com.risa.app, mCurrentUserId: 0, callingMethodInfo: com.samsung.android.game.SemGameManager.isGamePackage(SemGameManager.java:106)
12-26 18:57:29.275  2812  4617 D SGM:SemGameManager: isGamePackage(), pkgName=com.risa.app, ret=false
12-26 18:57:29.530  1176  1176 D io_stats: !@ Write_top(KB): com.risa.app(17725) 44680 kworker/u16:3(16099) 10164 kworker/u16:2(2374) 16
12-26 18:57:32.287  2812  4617 D SGM:GameManager: identifyGamePackage. com.risa.app, mCurrentUserId: 0, callingMethodInfo: com.samsung.android.game.SemGameManager.isGamePackage(SemGameManager.java:106)
12-26 18:57:32.287  2812  4617 D SGM:SemGameManager: isGamePackage(), pkgName=com.risa.app, ret=false
12-26 18:57:33.532  1176  1176 D io_stats: !@ Read_top(KB): com.risa.app(17725) 10636 kworker/u16:3(16099) 512 rdash.driverapp(4350) 508
12-26 18:57:33.532  1176  1176 D io_stats: !@ Write_top(KB): com.risa.app(17725) 64816 kworker/u16:3(16099) 4612 f2fs_ckpt-254:6(1290) 356
12-26 18:57:35.309  2812  4617 D SGM:GameManager: identifyGamePackage. com.risa.app, mCurrentUserId: 0, callingMethodInfo: com.samsung.android.game.SemGameManager.isGamePackage(SemGameManager.java:106)
12-26 18:57:35.310  2812  4617 D SGM:SemGameManager: isGamePackage(), pkgName=com.risa.app, ret=false
12-26 18:57:37.533  1176  1176 D io_stats: !@ Write_top(KB): com.risa.app(17725) 45288 kworker/u16:0(27360) 588 sait.sohservice(29486) 36
12-26 18:57:38.306  2812  4617 D SGM:GameManager: identifyGamePackage. com.risa.app, mCurrentUserId: 0, callingMethodInfo: com.samsung.android.game.SemGameManager.isGamePackage(SemGameManager.java:106)
12-26 18:57:38.306  2812  4617 D SGM:SemGameManager: isGamePackage(), pkgName=com.risa.app, ret=false
12-26 18:57:41.331  2812  4617 D SGM:GameManager: identifyGamePackage. com.risa.app, mCurrentUserId: 0, callingMethodInfo: com.samsung.android.game.SemGameManager.isGamePackage(SemGameManager.java:106)
12-26 18:57:41.332  2812  4617 D SGM:SemGameManager: isGamePackage(), pkgName=com.risa.app, ret=false
12-26 18:57:41.536  1176  1176 D io_stats: !@ Write_top(KB): com.risa.app(17725) 18700 kworker/u16:2(2374) 3716 jbd2/sda9-8(1164) 24
12-26 18:57:44.362  2812  4617 D SGM:GameManager: identifyGamePackage. com.risa.app, mCurrentUserId: 0, callingMethodInfo: com.samsung.android.game.SemGameManager.isGamePackage(SemGameManager.java:106)
12-26 18:57:44.363  2812  4617 D SGM:SemGameManager: isGamePackage(), pkgName=com.risa.app, ret=false
12-26 18:57:45.537  1176  1176 D io_stats: !@ Read_top(KB): com.risa.app(17725) 15372 kworker/u16:8(21553) 264 system_server(2812) 220
12-26 18:57:47.374  2812  4617 D SGM:GameManager: identifyGamePackage. com.risa.app, mCurrentUserId: 0, callingMethodInfo: com.samsung.android.game.SemGameManager.isGamePackage(SemGameManager.java:106)
12-26 18:57:47.374  2812  4617 D SGM:SemGameManager: isGamePackage(), pkgName=com.risa.app, ret=false
12-26 18:57:49.540  1176  1176 D io_stats: !@ Write_top(KB): kworker/u16:1(21549) 21900 com.risa.app(17725) 17580 mobile.tuesdays(6765) 16
12-26 18:57:50.411  2812  4617 D SGM:GameManager: identifyGamePackage. com.risa.app, mCurrentUserId: 0, callingMethodInfo: com.samsung.android.game.SemGameManager.isGamePackage(SemGameManager.java:106)
12-26 18:57:50.411  2812  4617 D SGM:SemGameManager: isGamePackage(), pkgName=com.risa.app, ret=false
12-26 18:57:53.054 17725 18189 E AndroidRuntime: FATAL EXCEPTION: flutter-worker-2
12-26 18:57:53.054 17725 18189 E AndroidRuntime: Process: com.risa.app, PID: 17725
12-26 18:57:53.054 17725 18189 E AndroidRuntime: 	at io.flutter.plugin.common.StandardMessageCodec.readBytes(StandardMessageCodec.java:320)
12-26 18:57:53.054 17725 18189 E AndroidRuntime: 	at io.flutter.plugin.common.StandardMessageCodec.readValueOfType(StandardMessageCodec.java:380)
12-26 18:57:53.054 17725 18189 E AndroidRuntime: 	at io.flutter.plugin.common.StandardMessageCodec.readValue(StandardMessageCodec.java:340)
12-26 18:57:53.054 17725 18189 E AndroidRuntime: 	at io.flutter.plugin.common.StandardMessageCodec.readValueOfType(StandardMessageCodec.java:424)
12-26 18:57:53.054 17725 18189 E AndroidRuntime: 	at io.flutter.plugin.common.StandardMessageCodec.readValue(StandardMessageCodec.java:340)
12-26 18:57:53.054 17725 18189 E AndroidRuntime: 	at io.flutter.plugin.common.StandardMessageCodec.readValueOfType(StandardMessageCodec.java:434)
12-26 18:57:53.054 17725 18189 E AndroidRuntime: 	at io.flutter.plugin.common.StandardMessageCodec.readValue(StandardMessageCodec.java:340)
12-26 18:57:53.054 17725 18189 E AndroidRuntime: 	at io.flutter.plugin.common.StandardMessageCodec.readValueOfType(StandardMessageCodec.java:424)
12-26 18:57:53.054 17725 18189 E AndroidRuntime: 	at io.flutter.plugin.common.StandardMessageCodec.readValue(StandardMessageCodec.java:340)
12-26 18:57:53.054 17725 18189 E AndroidRuntime: 	at io.flutter.plugin.common.StandardMessageCodec.readValueOfType(StandardMessageCodec.java:434)
12-26 18:57:53.054 17725 18189 E AndroidRuntime: 	at io.flutter.plugin.common.StandardMessageCodec.readValue(StandardMessageCodec.java:340)
12-26 18:57:53.054 17725 18189 E AndroidRuntime: 	at io.flutter.plugin.common.StandardMethodCodec.decodeMethodCall(StandardMethodCodec.java:49)
12-26 18:57:53.054 17725 18189 E AndroidRuntime: 	at io.flutter.plugin.common.MethodChannel$IncomingMethodCallHandler.onMessage(MethodChannel.java:265)
12-26 18:57:53.054 17725 18189 E AndroidRuntime: 	at io.flutter.embedding.engine.dart.DartMessenger.invokeHandler(DartMessenger.java:292)
12-26 18:57:53.054 17725 18189 E AndroidRuntime: 	at io.flutter.embedding.engine.dart.DartMessenger.lambda$dispatchMessageToQueue$0$io-flutter-embedding-engine-dart-DartMessenger(DartMessenger.java:319)
12-26 18:57:53.054 17725 18189 E AndroidRuntime: 	at io.flutter.embedding.engine.dart.DartMessenger$$ExternalSyntheticLambda0.run(D8$$SyntheticClass:0)
12-26 18:57:53.054 17725 18189 E AndroidRuntime: 	at io.flutter.embedding.engine.dart.DartMessenger$SerialTaskQueue.flush(DartMessenger.java:173)
12-26 18:57:53.054 17725 18189 E AndroidRuntime: 	at io.flutter.embedding.engine.dart.DartMessenger$SerialTaskQueue.lambda$dispatch$0$io-flutter-embedding-engine-dart-DartMessenger$SerialTaskQueue(DartMessenger.java:163)
12-26 18:57:53.054 17725 18189 E AndroidRuntime: 	at io.flutter.embedding.engine.dart.DartMessenger$SerialTaskQueue$$ExternalSyntheticLambda0.run(D8$$SyntheticClass:0)
12-26 18:57:53.071  2812 18238 W ActivityManager: crash : com.risa.app,11278
12-26 18:57:53.072  2812  5188 W ActivityTaskManager:   Force finishing activity com.risa.app/.MainActivity
12-26 18:57:53.076  2812  5188 V WindowManager: Collecting in transition 5701: Task{2efebf3 #21285 type=standard I=com.risa.app/.MainActivity}, caller=com.android.server.wm.Transition.collectExistenceChange:40 com.android.server.wm.Transition.collectClose:7 com.android.server.wm.ActivityRecord.finishIfPossible:50 com.android.server.wm.ActivityRecord.finishIfPossible:1 com.android.server.wm.RootWindowContainer$$ExternalSyntheticLambda34.accept:179 
12-26 18:57:53.076  2812  5188 D WindowManager: prepareSync <SYNC_STATE_WAITING_FOR_DRAW>, mPrepareSyncSeqId=0, win=Window{7961135 u0 com.risa.app/com.risa.app.MainActivity}
12-26 18:57:53.077  4743  4800 V WindowManagerShell: Transition requested (#5701): android.os.BinderProxy@93267f3 TransitionRequestInfo { type = CLOSE, triggerTask = TaskInfo{userId=0 taskId=21285 effectiveUid=11278 displayId=0 isRunning=true baseIntent=Intent { act=android.intent.action.MAIN cat=[android.intent.category.LAUNCHER] flg=0x34000000 pkg=com.risa.app cmp=com.risa.app/.MainActivity } baseActivity=ComponentInfo{com.risa.app/com.risa.app.MainActivity} topActivity=ComponentInfo{com.risa.app/com.risa.app.MainActivity} origActivity=null realActivity=ComponentInfo{com.risa.app/com.risa.app.MainActivity} numActivities=1 lastActiveTime=321136204 supportsMultiWindow=true resizeMode=2 isResizeable=true minWidth=-1 minHeight=-1 maxWidth=-1 maxHeight=-1 defaultMinSize=220 desktopDefa