12-26 18:11:08.490  2812  4617 D SGM:GameManager: identifyGamePackage. com.risa.app, mCurrentUserId: 0, callingMethodInfo: com.samsung.android.game.SemGameManager.isGamePackage(SemGameManager.java:106)
12-26 18:11:08.490  2812  4617 D SGM:SemGameManager: isGamePackage(), pkgName=com.risa.app, ret=false
12-26 18:11:08.497  2812  7880 D CoreBackPreview: Window{acc3015 u0 com.risa.app/com.risa.app.MainActivity}: Setting back callback OnBackInvokedCallbackInfo{mCallback=android.window.IOnBackInvokedCallback$Stub$Proxy@30a5abe, mPriority=0, mIsAnimationCallback=true, mOverrideBehavior=0}
12-26 18:11:09.758  1176  1176 D io_stats: !@ Read_top(KB): com.risa.app(13990) 740 f2fs_ckpt-254:6(1290) 324 adbd(16288) 296
12-26 18:11:09.759  1176  1176 D io_stats: !@ Write_top(KB): com.risa.app(13990) 54680 kworker/u16:15(19518) 980 f2fs_ckpt-254:6(1290) 584
12-26 18:11:11.511  2812  4617 D SGM:GameManager: identifyGamePackage. com.risa.app, mCurrentUserId: 0, callingMethodInfo: com.samsung.android.game.SemGameManager.isGamePackage(SemGameManager.java:106)
12-26 18:11:11.511  2812  4617 D SGM:SemGameManager: isGamePackage(), pkgName=com.risa.app, ret=false
12-26 18:11:13.760  1176  1176 D io_stats: !@ Write_top(KB): com.risa.app(13990) 74492 kworker/u16:5(9201) 1664 f2fs_ckpt-254:6(1290) 124
12-26 18:11:14.524  2812  4617 D SGM:GameManager: identifyGamePackage. com.risa.app, mCurrentUserId: 0, callingMethodInfo: com.samsung.android.game.SemGameManager.isGamePackage(SemGameManager.java:106)
12-26 18:11:14.524  2812  4617 D SGM:SemGameManager: isGamePackage(), pkgName=com.risa.app, ret=false
12-26 18:11:17.533  2812  4617 D SGM:GameManager: identifyGamePackage. com.risa.app, mCurrentUserId: 0, callingMethodInfo: com.samsung.android.game.SemGameManager.isGamePackage(SemGameManager.java:106)
12-26 18:11:17.533  2812  4617 D SGM:SemGameManager: isGamePackage(), pkgName=com.risa.app, ret=false
12-26 18:11:17.762  1176  1176 D io_stats: !@ Write_top(KB): com.risa.app(13990) 73836 kworker/u16:3(9199) 6256
12-26 18:11:20.556  2812  4617 D SGM:GameManager: identifyGamePackage. com.risa.app, mCurrentUserId: 0, callingMethodInfo: com.samsung.android.game.SemGameManager.isGamePackage(SemGameManager.java:106)
12-26 18:11:20.556  2812  4617 D SGM:SemGameManager: isGamePackage(), pkgName=com.risa.app, ret=false
12-26 18:11:21.765  1176  1176 D io_stats: !@ Write_top(KB): com.risa.app(13990) 72456 kworker/u16:15(19518) 7052 .openai.chatgpt(14448) 8
12-26 18:11:23.577  2812  4617 D SGM:GameManager: identifyGamePackage. com.risa.app, mCurrentUserId: 0, callingMethodInfo: com.samsung.android.game.SemGameManager.isGamePackage(SemGameManager.java:106)
12-26 18:11:23.577  2812  4617 D SGM:SemGameManager: isGamePackage(), pkgName=com.risa.app, ret=false
12-26 18:11:25.773  1176  1176 D io_stats: !@ Write_top(KB): com.risa.app(13990) 72556 f2fs_ckpt-254:6(1290) 112 droid.rubin.app(3560) 48
12-26 18:11:26.580  2812  4617 D SGM:GameManager: identifyGamePackage. com.risa.app, mCurrentUserId: 0, callingMethodInfo: com.samsung.android.game.SemGameManager.isGamePackage(SemGameManager.java:106)
12-26 18:11:26.580  2812  4617 D SGM:SemGameManager: isGamePackage(), pkgName=com.risa.app, ret=false
12-26 18:11:29.600  2812  4617 D SGM:GameManager: identifyGamePackage. com.risa.app, mCurrentUserId: 0, callingMethodInfo: com.samsung.android.game.SemGameManager.isGamePackage(SemGameManager.java:106)
12-26 18:11:29.600  2812  4617 D SGM:SemGameManager: isGamePackage(), pkgName=com.risa.app, ret=false
12-26 18:11:29.774  1176  1176 D io_stats: !@ Write_top(KB): com.risa.app(13990) 56316 f2fs_ckpt-254:6(1290) 240 kworker/u16:15(19518) 168
12-26 18:11:32.601  2812  4617 D SGM:GameManager: identifyGamePackage. com.risa.app, mCurrentUserId: 0, callingMethodInfo: com.samsung.android.game.SemGameManager.isGamePackage(SemGameManager.java:106)
12-26 18:11:32.601  2812  4617 D SGM:SemGameManager: isGamePackage(), pkgName=com.risa.app, ret=false
12-26 18:11:33.777  1176  1176 D io_stats: !@ Write_top(KB): com.risa.app(13990) 73560 kworker/u16:3(9199) 880 kworker/u16:5(9201) 528
12-26 18:11:35.621  2812  4617 D SGM:GameManager: identifyGamePackage. com.risa.app, mCurrentUserId: 0, callingMethodInfo: com.samsung.android.game.SemGameManager.isGamePackage(SemGameManager.java:106)
12-26 18:11:35.621  2812  4617 D SGM:SemGameManager: isGamePackage(), pkgName=com.risa.app, ret=false
12-26 18:11:37.779  1176  1176 D io_stats: !@ Write_top(KB): com.risa.app(13990) 74696 kworker/u16:3(9199) 2692 rdash.driverapp(4350) 40
12-26 18:11:38.635  2812  4617 D SGM:GameManager: identifyGamePackage. com.risa.app, mCurrentUserId: 0, callingMethodInfo: com.samsung.android.game.SemGameManager.isGamePackage(SemGameManager.java:106)
12-26 18:11:38.635  2812  4617 D SGM:SemGameManager: isGamePackage(), pkgName=com.risa.app, ret=false
12-26 18:11:41.648  2812  4617 D SGM:GameManager: identifyGamePackage. com.risa.app, mCurrentUserId: 0, callingMethodInfo: com.samsung.android.game.SemGameManager.isGamePackage(SemGameManager.java:106)
12-26 18:11:41.648  2812  4617 D SGM:SemGameManager: isGamePackage(), pkgName=com.risa.app, ret=false
12-26 18:11:41.782  1176  1176 D io_stats: !@ Write_top(KB): com.risa.app(13990) 68568 kworker/u16:5(9201) 55052 kworker/u16:15(19518) 7516
12-26 18:11:44.654  2812  4617 D SGM:GameManager: identifyGamePackage. com.risa.app, mCurrentUserId: 0, callingMethodInfo: com.samsung.android.game.SemGameManager.isGamePackage(SemGameManager.java:106)
12-26 18:11:44.654  2812  4617 D SGM:SemGameManager: isGamePackage(), pkgName=com.risa.app, ret=false
12-26 18:11:45.784  1176  1176 D io_stats: !@ Write_top(KB): com.risa.app(13990) 71584 kworker/u16:15(19518) 3972 f2fs_ckpt-254:6(1290) 328
12-26 18:11:47.679  2812  4617 D SGM:GameManager: identifyGamePackage. com.risa.app, mCurrentUserId: 0, callingMethodInfo: com.samsung.android.game.SemGameManager.isGamePackage(SemGameManager.java:106)
12-26 18:11:47.679  2812  4617 D SGM:SemGameManager: isGamePackage(), pkgName=com.risa.app, ret=false
12-26 18:11:49.786  1176  1176 D io_stats: !@ Write_top(KB): com.risa.app(13990) 55060 kworker/u16:15(19518) 2364 rdash.driverapp(4350) 12
12-26 18:11:50.694  2812  4617 D SGM:GameManager: identifyGamePackage. com.risa.app, mCurrentUserId: 0, callingMethodInfo: com.samsung.android.game.SemGameManager.isGamePackage(SemGameManager.java:106)
12-26 18:11:50.694  2812  4617 D SGM:SemGameManager: isGamePackage(), pkgName=com.risa.app, ret=false
12-26 18:11:53.695  2812  4617 D SGM:GameManager: identifyGamePackage. com.risa.app, mCurrentUserId: 0, callingMethodInfo: com.samsung.android.game.SemGameManager.isGamePackage(SemGameManager.java:106)
12-26 18:11:53.695  2812  4617 D SGM:SemGameManager: isGamePackage(), pkgName=com.risa.app, ret=false
12-26 18:11:53.788  1176  1176 D io_stats: !@ Write_top(KB): com.risa.app(13990) 74368 f2fs_ckpt-254:6(1290) 124 ugin:persistent(8676) 8
12-26 18:11:56.702  2812  4617 D SGM:GameManager: identifyGamePackage. com.risa.app, mCurrentUserId: 0, callingMethodInfo: com.samsung.android.game.SemGameManager.isGamePackage(SemGameManager.java:106)
12-26 18:11:56.703  2812  4617 D SGM:SemGameManager: isGamePackage(), pkgName=com.risa.app, ret=false
12-26 18:11:57.791  1176  1176 D io_stats: !@ Write_top(KB): com.risa.app(13990) 74948 rmt_storage(2062) 4096 f2fs_ckpt-254:6(1290) 128
12-26 18:11:59.726  2812  4617 D SGM:GameManager: identifyGamePackage. com.risa.app, mCurrentUserId: 0, callingMethodInfo: com.samsung.android.game.SemGameManager.isGamePackage(SemGameManager.java:106)
12-26 18:11:59.726  2812  4617 D SGM:SemGameManager: isGamePackage(), pkgName=com.risa.app, ret=false
12-26 18:12:01.801  1176  1176 D io_stats: !@ Write_top(KB): com.risa.app(13990) 72420 kworker/u16:15(19518) 2400 kworker/u16:3(9199) 1052
12-26 18:12:02.743  2812  4617 D SGM:GameManager: identifyGamePackage. com.risa.app, mCurrentUserId: 0, callingMethodInfo: com.samsung.android.game.SemGameManager.isGamePackage(SemGameManager.java:106)
12-26 18:12:02.743  2812  4617 D SGM:SemGameManager: isGamePackage(), pkgName=com.risa.app, ret=false
12-26 18:12:03.105  2812  3122 D WindowManager: requestTransientBars: swipeTarget=Window{2dee577 u0 StatusBar}, controlTarget=Window{acc3015 u0 com.risa.app/com.risa.app.MainActivity}, canShowTransient=false, restorePositionTypes=0x3, from=com.android.server.wm.DisplayPolicy$1.onSwipeFromTop:51 com.android.server.wm.SystemGesturesPointerEventListener.onPointerEvent:537 
12-26 18:12:03.527  2812  5479 D WindowManager: Changing focus from Window{acc3015 u0 com.risa.app/com.risa.app.MainActivity} to Window{82e812a u0 NotificationShade} displayId=0 Callers=com.android.server.wm.WindowManagerService.relayoutWindow:1350 com.android.server.wm.Session.relayout:27 com.android.server.wm.Session.relayoutAsync:14 android.view.IWindowSession$Stub.onTransact:854 
12-26 18:12:03.527  2812  5479 D InsetsSourceProvider: updateFakeControlTarget: fakeControl=InsetsSourceControl: {4c0000 mType=statusBars mSurfacePosition=Point(0, 0) mInsetsHint=Insets{left=0, top=0, right=0, bottom=0}}, fakeTarget=Window{acc3015 u0 com.risa.app/com.risa.app.MainActivity}
12-26 18:12:03.528  2812  5479 D InsetsSourceProvider: updateFakeControlTarget: fakeControl=InsetsSourceControl: {e4a90001 mType=navigationBars mSurfacePosition=Point(0, 0) mInsetsHint=Insets{left=0, top=0, right=0, bottom=0}}, fakeTarget=Window{acc3015 u0 com.risa.app/com.risa.app.MainActivity}
12-26 18:12:03.528  2812  5479 D WindowManager: updateSystemBarAttributes: displayId=0, focusedCanBeNavColorWin=false, win=Window{82e812a u0 NotificationShade}, navColorWin=Window{acc3015 u0 com.risa.app/com.risa.app.MainActivity}, caller=com.android.server.wm.WindowManagerService.updateFocusedWindowLocked:372 com.android.server.wm.WindowManagerService.relayoutWindow:1350 com.android.server.wm.Session.relayout:27 
12-26 18:12:05.749  2812  4617 D SGM:GameManager: identifyGamePackage. com.risa.app, mCurrentUserId: 0, callingMethodInfo: com.samsung.android.game.SemGameManager.isGamePackage(SemGameManager.java:106)
12-26 18:12:05.749  2812  4617 D SGM:SemGameManager: isGamePackage(), pkgName=com.risa.app, ret=false
12-26 18:12:05.803  1176  1176 D io_stats: !@ Write_top(KB): com.risa.app(13990) 70456 kworker/u16:5(9201) 4504 kworker/u16:3(9199) 2272
12-26 18:12:07.817  2812  6029 D WindowManager: Changing focus from Window{82e812a u0 NotificationShade} to Window{acc3015 u0 com.risa.app/com.risa.app.MainActivity} displayId=0 Callers=com.android.server.wm.WindowManagerService.relayoutWindow:1350 com.android.server.wm.Session.relayout:27 com.android.server.wm.Session.relayoutAsync:14 android.view.IWindowSession$Stub.onTransact:854 
12-26 18:12:07.818  2812  6029 D InsetsSourceProvider: updateControlForTarget: control=InsetsSourceControl: {4c0000 mType=statusBars initiallyVisible mSurfacePosition=Point(0, 0) mInsetsHint=Insets{left=0, top=84, right=0, bottom=0}}, target=Window{acc3015 u0 com.risa.app/com.risa.app.MainActivity}, from=com.android.server.wm.InsetsStateController.onControlTargetChanged:83 com.android.server.wm.InsetsPolicy.updateBarControlTarget:212 com.android.server.wm.DisplayPolicy.updateSystemBarAttributes:262 com.android.server.wm.WindowManagerService.updateFocusedWindowLocked:372 com.android.server.wm.WindowManagerService.relayoutWindow:1350 
12-26 18:12:07.818  2812  6029 D InsetsSourceProvider: updateControlForTarget: control=InsetsSourceControl: {e4a90001 mType=navigationBars initiallyVisible mSurfacePosition=Point(2205, 0) mInsetsHint=Insets{left=0, top=0, right=135, bottom=0}}, target=Window{acc3015 u0 com.risa.app/com.risa.app.MainActivity}, from=com.android.server.wm.InsetsStateController.onControlTargetChanged:83 com.android.server.wm.InsetsPolicy.updateBarControlTarget:225 com.android.server.wm.DisplayPolicy.updateSystemBarAttributes:262 com.android.server.wm.WindowManagerService.updateFocusedWindowLocked:372 com.android.server.wm.WindowManagerService.relayoutWindow:1350 
12-26 18:12:07.818  2812  6029 D WindowManager: updateSystemBarAttributes: displayId=0, focusedCanBeNavColorWin=false, win=Window{acc3015 u0 com.risa.app/com.risa.app.MainActivity}, navColorWin=Window{acc3015 u0 com.risa.app/com.risa.app.MainActivity}, caller=com.android.server.wm.WindowManagerService.updateFocusedWindowLocked:372 com.android.server.wm.WindowManagerService.relayoutWindow:1350 com.android.server.wm.Session.relayout:27 
12-26 18:12:07.819  2812  6029 V SystemKeyManager: updateFocusedWindow() is called, com.risa.app/com.risa.app.MainActivity
12-26 18:12:08.354  2812  3124 D SGM:GameManager: identifyForegroundApp. com.risa.app, mCurrentUserId: 0, callerUserId: 0
12-26 18:12:08.771  2812  4617 D SGM:GameManager: identifyGamePackage. com.risa.app, mCurrentUserId: 0, callingMethodInfo: com.samsung.android.game.SemGameManager.isGamePackage(SemGameManager.java:106)
12-26 18:12:08.771  2812  4617 D SGM:SemGameManager: isGamePackage(), pkgName=com.risa.app, ret=false
12-26 18:12:09.805  1176  1176 D io_stats: !@ Write_top(KB): com.risa.app(13990) 50860 kworker/u16:5(9201) 20224 kworker/u16:15(19518) 14848
12-26 18:12:11.782  2812  4617 D SGM:GameManager: identifyGamePackage. com.risa.app, mCurrentUserId: 0, callingMethodInfo: com.samsung.android.game.SemGameManager.isGamePackage(SemGameManager.java:106)
12-26 18:12:11.782  2812  4617 D SGM:SemGameManager: isGamePackage(), pkgName=com.risa.app, ret=false
12-26 18:12:13.807  1176  1176 D io_stats: !@ Write_top(KB): com.risa.app(13990) 70980 kworker/u16:5(9201) 4424 kworker/u16:3(9199) 572
12-26 18:12:14.808  2812  4617 D SGM:GameManager: identifyGamePackage. com.risa.app, mCurrentUserId: 0, callingMethodInfo: com.samsung.android.game.SemGameManager.isGamePackage(SemGameManager.java:106)
12-26 18:12:14.809  2812  4617 D SGM:SemGameManager: isGamePackage(), pkgName=com.risa.app, ret=false
12-26 18:12:17.809  1176  1176 D io_stats: !@ Write_top(KB): com.risa.app(13990) 72124 kworker/u16:3(9199) 4036 chbox:googleapp(10253) 4
12-26 18:12:17.810  2812  4617 D SGM:GameManager: identifyGamePackage. com.risa.app, mCurrentUserId: 0, callingMethodInfo: com.samsung.android.game.SemGameManager.isGamePackage(SemGameManager.java:106)
12-26 18:12:17.810  2812  4617 D SGM:SemGameManager: isGamePackage(), pkgName=com.risa.app, ret=false
12-26 18:12:20.829  2812  4617 D SGM:GameManager: identifyGamePackage. com.risa.app, mCurrentUserId: 0, callingMethodInfo: com.samsung.android.game.SemGameManager.isGamePackage(SemGameManager.java:106)
12-26 18:12:20.829  2812  4617 D SGM:SemGameManager: isGamePackage(), pkgName=com.risa.app, ret=false
12-26 18:12:21.812  1176  1176 D io_stats: !@ Write_top(KB): com.risa.app(13990) 71112 kworker/u16:3(9199) 2624 rdash.driverapp(4350) 4
12-26 18:12:23.839  2812  4617 D SGM:GameManager: identifyGamePackage. com.risa.app, mCurrentUserId: 0, callingMethodInfo: com.samsung.android.game.SemGameManager.isGamePackage(SemGameManager.java:106)
12-26 18:12:23.839  2812  4617 D SGM:SemGameManager: isGamePackage(), pkgName=com.risa.app, ret=false
12-26 18:12:25.814  1176  1176 D io_stats: !@ Write_top(KB): com.risa.app(13990) 56028 kworker/u16:3(9199) 2116 .sec.imsservice(5025) 8
12-26 18:12:26.842  2812  4617 D SGM:GameManager: identifyGamePackage. com.risa.app, mCurrentUserId: 0, callingMethodInfo: com.samsung.android.game.SemGameManager.isGamePackage(SemGameManager.java:106)
12-26 18:12:26.842  2812  4617 D SGM:SemGameManager: isGamePackage(), pkgName=com.risa.app, ret=false
12-26 18:12:29.816  1176  1176 D io_stats: !@ Write_top(KB): com.risa.app(13990) 71156 kworker/u16:3(9199) 8816 f2fs_ckpt-254:6(1290) 492
12-26 18:12:29.874  2812  4617 D SGM:GameManager: identifyGamePackage. com.risa.app, mCurrentUserId: 0, callingMethodInfo: com.samsung.android.game.SemGameManager.isGamePackage(SemGameManager.java:106)
12-26 18:12:29.875  2812  4617 D SGM:SemGameManager: isGamePackage(), pkgName=com.risa.app, ret=false
12-26 18:12:32.894  2812  4617 D SGM:GameManager: identifyGamePackage. com.risa.app, mCurrentUserId: 0, callingMethodInfo: com.samsung.android.game.SemGameManager.isGamePackage(SemGameManager.java:106)
12-26 18:12:32.894  2812  4617 D SGM:SemGameManager: isGamePackage(), pkgName=com.risa.app, ret=false
12-26 18:12:33.822  1176  1176 D io_stats: !@ Write_top(KB): com.risa.app(13990) 74720 kworker/u16:8(29483) 2208 f2fs_ckpt-254:6(1290) 60
12-26 18:12:35.903  2812  4617 D SGM:GameManager: identifyGamePackage. com.risa.app, mCurrentUserId: 0, callingMethodInfo: com.samsung.android.game.SemGameManager.isGamePackage(SemGameManager.java:106)
12-26 18:12:35.903  2812  4617 D SGM:SemGameManager: isGamePackage(), pkgName=com.risa.app, ret=false
12-26 18:12:37.824  1176  1176 D io_stats: !@ Write_top(KB): com.risa.app(13990) 74768 kworker/u16:5(9201) 936 rdash.driverapp(4350) 20
12-26 18:12:38.927  2812  4617 D SGM:GameManager: identifyGamePackage. com.risa.app, mCurrentUserId: 0, callingMethodInfo: com.samsung.android.game.SemGameManager.isGamePackage(SemGameManager.java:106)
12-26 18:12:38.928  2812  4617 D SGM:SemGameManager: isGamePackage(), pkgName=com.risa.app, ret=false
12-26 18:12:41.828  1176  1176 D io_stats: !@ Write_top(KB): com.risa.app(13990) 71580 kworker/u16:15(19518) 6020 kworker/u16:3(9199) 1892
12-26 18:12:41.946  2812  4617 D SGM:GameManager: identifyGamePackage. com.risa.app, mCurrentUserId: 0, callingMethodInfo: com.samsung.android.game.SemGameManager.isGamePackage(SemGameManager.java:106)
12-26 18:12:41.946  2812  4617 D SGM:SemGameManager: isGamePackage(), pkgName=com.risa.app, ret=false
12-26 18:12:44.967  2812  4617 D SGM:GameManager: identifyGamePackage. com.risa.app, mCurrentUserId: 0, callingMethodInfo: com.samsung.android.game.SemGameManager.isGamePackage(SemGameManager.java:106)
12-26 18:12:44.967  2812  4617 D SGM:SemGameManager: isGamePackage(), pkgName=com.risa.app, ret=false
12-26 18:12:45.831  1176  1176 D io_stats: !@ Write_top(KB): com.risa.app(13990) 72064 kworker/u16:8(29483) 6404 kworker/u16:3(9199) 20
12-26 18:12:49.832  1176  1176 D io_stats: !@ Write_top(KB): com.risa.app(13990) 74264 .gms.persistent(12332) 3236 f2fs_ckpt-254:6(1290) 1308
12-26 18:12:53.834  1176  1176 D io_stats: !@ Write_top(KB): com.risa.app(13990) 54732 .gms.persistent(12332) 2116 system_server(2812) 1192
12-26 18:12:54.025  2812  4617 D SGM:GameManager: identifyGamePackage. com.risa.app, mCurrentUserId: 0, callingMethodInfo: com.samsung.android.game.SemGameManager.isGamePackage(SemGameManager.java:106)
12-26 18:12:54.025  2812  4617 D SGM:SemGameManager: isGamePackage(), pkgName=com.risa.app, ret=false
12-26 18:12:57.036  2812  4617 D SGM:GameManager: identifyGamePackage. com.risa.app, mCurrentUserId: 0, callingMethodInfo: com.samsung.android.game.SemGameManager.isGamePackage(SemGameManager.java:106)
12-26 18:12:57.036  2812  4617 D SGM:SemGameManager: isGamePackage(), pkgName=com.risa.app, ret=false
12-26 18:12:57.838  1176  1176 D io_stats: !@ Write_top(KB): com.risa.app(13990) 74728 kworker/u16:5(9201) 1724 f2fs_ckpt-254:6(1290) 120
12-26 18:13:00.053  2812  4617 D SGM:GameManager: identifyGamePackage. com.risa.app, mCurrentUserId: 0, callingMethodInfo: com.samsung.android.game.SemGameManager.isGamePackage(SemGameManager.java:106)
12-26 18:13:00.053  2812  4617 D SGM:SemGameManager: isGamePackage(), pkgName=com.risa.app, ret=false
12-26 18:13:00.390  2812  3210 D ActivityTaskManager: scheduleTopResumedActivityChanged, onTop=false, r=ActivityRecord{94270540 u0 com.risa.app/.MainActivity t21268}, caller=com.android.server.wm.ActivityTaskSupervisor.scheduleTopResumedActivityStateLossIfNeeded:19 com.android.server.wm.ActivityTaskSupervisor.updateTopResumedActivityIfNeeded:20 com.android.server.wm.TaskFragment.setResumedActivity:30 com.android.server.wm.ActivityRecord.setState:91 com.android.server.wm.TaskFragment.startPausing$1:209 com.android.server.wm.Task$$ExternalSyntheticLambda37.accept:150 
12-26 18:13:00.394  2812  6374 D WindowManager: Changing focus from Window{acc3015 u0 com.risa.app/com.risa.app.MainActivity} to null displayId=0 Callers=com.android.server.wm.ActivityRecord.commitVisibility:161 com.android.server.wm.ActivityRecord.setVisibility:623 com.android.server.wm.ActivityRecord.makeInvisible:32 com.android.server.wm.EnsureActivitiesVisibleHelper.process:542 
12-26 18:13:00.395  2812  6374 V WindowManager: Setting visibility of Window{acc3015 u0 com.risa.app/com.risa.app.MainActivity}: false, caller=com.android.server.wm.WindowContainer.sendAppVisibilityToClients:19 com.android.server.wm.WindowToken.setClientVisible:48 com.android.server.wm.ActivityRecord.commitVisibility:186 com.android.server.wm.ActivityRecord.setVisibility:623 com.android.server.wm.ActivityRecord.makeInvisible:32 
12-26 18:13:00.410  2812  3124 D SGM:FgCheckThread: notePauseComponent(), received pkgName: com.risa.app, userId: 0
12-26 18:13:00.475  2812  6510 E WindowManager: win=Window{acc3015 u0 com.risa.app/com.risa.app.MainActivity} destroySurfaces: appStopped=true cleanupOnResume=false win.mWindowRemovalAllowed=false win.mRemoveOnExit=false win.mViewVisibility=8 caller=com.android.server.wm.ActivityRecord.destroySurfaces:25 com.android.server.wm.ActivityRecord.activityStopped:192 com.android.server.wm.ActivityClientController.activityStopped:97 android.app.IActivityClientController$Stub.onTransact:740 com.android.server.wm.ActivityClientController.onTransact:1 android.os.Binder.execTransactInternal:1462 android.os.Binder.execTransact:1401 
12-26 18:13:00.475  2812  3124 D SGM:FgCheckThread: getForegroundApp(), foregroundPkgName=com.risa.app
12-26 18:13:00.476  2812  3124 D SGM:FgCheckThread: pkgName: com.risa.app is not in foreground
12-26 18:13:00.683  2812  4741 D WindowManager: prepareSync <SYNC_STATE_WAITING_FOR_DRAW>, mPrepareSyncSeqId=0, win=Window{acc3015 u0 com.risa.app/com.risa.app.MainActivity}
12-26 18:13:00.903  2812  7783 D SGM:GameManager: identifyForegroundApp. com.risa.app, mCurrentUserId: 0, callerUserId: 0
12-26 18:13:01.840  1176  1176 D io_stats: !@ Write_top(KB): kworker/u16:3(9199) 51840 com.risa.app(13990) 50956 kworker/u16:5(9201) 15616
12-26 18:13:05.885  1176  1176 D io_stats: !@ Write_top(KB): com.risa.app(13990) 23784 kworker/u16:5(9201) 4776 f2fs_ckpt-254:6(1290) 432
12-26 18:13:21.022  2812  8483 V WindowManager: Collecting in transition 5584: ActivityRecord{94270540 u0 com.risa.app/.MainActivity t21268}, caller=com.android.server.wm.TransitionController.collect:7 com.android.server.wm.ActivityRecord.setVisibility:132 com.android.server.wm.TaskFragment.resumeTopActivity:1662 com.android.server.wm.Task.resumeTopActivityInnerLocked:119 com.android.server.wm.Task.resumeTopActivityUncheckedLocked:23 
12-26 18:13:21.022  2812  8483 D WindowManager: prepareSync <SYNC_STATE_WAITING_FOR_DRAW>, mPrepareSyncSeqId=0, win=Window{acc3015 u0 com.risa.app/com.risa.app.MainActivity}
12-26 18:13:21.022  2812  8483 V WindowManager: Setting visibility of Window{acc3015 u0 com.risa.app/com.risa.app.MainActivity}: true, caller=com.android.server.wm.WindowContainer.sendAppVisibilityToClients:19 com.android.server.wm.WindowToken.setClientVisible:48 com.android.server.wm.ActivityRecord.setVisibility:486 com.android.server.wm.TaskFragment.resumeTopActivity:1662 com.android.server.wm.Task.resumeTopActivityInnerLocked:119 
12-26 18:13:21.023  2812  8483 D ActivityTaskManager: scheduleTopResumedActivityChanged, onTop=true, r=ActivityRecord{94270540 u0 com.risa.app/.MainActivity t21268}, caller=com.android.server.wm.ActivityTaskSupervisor.scheduleTopResumedActivityStateIfNeeded:18 com.android.server.wm.ActivityTaskSupervisor.updateTopResumedActivityIfNeeded:54 com.android.server.wm.TaskFragment.setResumedActivity:30 com.android.server.wm.ActivityRecord.setState:100 com.android.server.wm.TaskFragment.resumeTopActivity:1705 com.android.server.wm.Task.resumeTopActivityInnerLocked:119 
12-26 18:13:21.023  2812  8483 D WindowManager: rotationForOrientation, orientationSource=ActivityRecord{94270540 u0 com.risa.app/.MainActivity t21268}
12-26 18:13:21.023  2812  8483 D ActivityTaskManager: applyFixedRotationTransform, r=ActivityRecord{94270540 u0 com.risa.app/.MainActivity t21268}, caller=com.android.server.wm.ActivityRecord.applyFixedRotationTransform:20 com.android.server.wm.DisplayContent.startFixedRotationTransform:63 com.android.server.wm.DisplayContent.setFixedRotationLaunchingApp:47 com.android.server.wm.DisplayContent.handleTopActivityLaunchingInDifferentOrientation:286 com.android.server.wm.DisplayContent.updateOrientation:40 
12-26 18:13:21.035  2812  8483 D WindowManager: setFixedRotationLaunchingAppUnchecked, rotation=1, r=ActivityRecord{94270540 u0 com.risa.app/.MainActivity t21268}, caller=com.android.server.wm.DisplayContent.setFixedRotationLaunchingAppUnchecked:131 com.android.server.wm.DisplayContent.setFixedRotationLaunchingApp:50 com.android.server.wm.DisplayContent.handleTopActivityLaunchingInDifferentOrientation:286 com.android.server.wm.DisplayContent.updateOrientation:40 com.android.server.wm.DisplayContent.updateOrientationAndComputeConfig:48 
12-26 18:13:21.035  2812  8483 D WindowManagerServiceExt: updateTaskbarTargetIfNeeded: cn=ComponentInfo{com.risa.app/com.risa.app.MainActivity} occludesParent=true isInSplitScreenMode=false
12-26 18:13:21.036  2812  8483 V WindowManager: Add starting ActivityRecord{94270540 u0 com.risa.app/.MainActivity t21268}: startingData=SnapshotStartingData{141e980 removeAfterTransaction= 0}
12-26 18:13:21.037  2812  8483 V WindowManager: Added starting ActivityRecord{94270540 u0 com.risa.app/.MainActivity t21268}: startingWindow=null startingView=com.android.server.wm.StartingSurfaceController$StartingSurface@7359bb9
12-26 18:13:21.044  2812  3125 D BLASTSyncEngine: SyncGroup 5584:  Unfinished container: ActivityRecord{94270540 u0 com.risa.app/.MainActivity t21268} mSyncState=2
12-26 18:13:21.045  2812  3124 D SGM:FgCheckThread: noteResumeComponent(), received pkgName: com.risa.app, userId: 0
12-26 18:13:21.045  2812  4227 D SGM:FgCheckThread: onLooperPrepared(), msg: MSG_APP_RESUME, pkgName: com.risa.app, userid: 0
12-26 18:13:21.046  2812  7625 V WindowManager: addWindow: ActivityRecord{94270540 u0 com.risa.app/.MainActivity t21268} startingWindow=Window{b2b727b u0 SnapshotStartingWindow for taskId=21268}
12-26 18:13:21.047  2812  7998 D BLASTSyncEngine: SyncGroup 5584:  Unfinished container: ActivityRecord{94270540 u0 com.risa.app/.MainActivity t21268} mSyncState=2
12-26 18:13:21.071  2812  3125 D ChangeTransitionController:    ChangeInfo{f9fb5f3 container=ActivityRecord{94270540 u0 com.risa.app/.MainActivity t21268} flags=0x0}
12-26 18:13:21.071  2812  3125 D ChangeTransitionController:    ChangeInfo{d62b2b0 container=Task{aaedc95 #21268 type=standard I=com.risa.app/.MainActivity} flags=0x0}
12-26 18:13:21.071  2812  3125 V WindowManager: Start calculating TransitionInfo based on participants: {ActivityRecord{94270540 u0 com.risa.app/.MainActivity t21268}}
12-26 18:13:21.071  2812  3125 V WindowManager:   Final targets: [ChangeInfo{d62b2b0 container=Task{aaedc95 #21268 type=standard I=com.risa.app/.MainActivity} flags=0x10}, ChangeInfo{91b8062 container=DefaultTaskDisplayArea_d0@90254262 flags=0x10}]
12-26 18:13:21.073  2812  3125 V WindowManager:         {WCT{RemoteToken{aaf322d Task{aaedc95 #21268 type=standard I=com.risa.app/.MainActivity}}} m=TO_FRONT f=NONE p=WCT{RemoteToken{70b963d DefaultTaskDisplayArea_d0@90254262}} leash=Surface(name=Task=21268)/@0x29bffd6 sb=Rect(0, 0 - 1080, 2340) eb=Rect(0, 0 - 1080, 2340) epz=Point(1080, 2340) d=0 endFixedRotation=1 taskParent=-1 inset=Rect(84, 84 - 0, 0) allowAppBgLayer=true},
12-26 18:13:21.075  2812  8483 D InsetsSourceProvider: updateFakeControlTarget: fakeControl=InsetsSourceControl: {4c0000 mType=statusBars mSurfacePosition=Point(0, 0) mInsetsHint=Insets{left=0, top=0, right=0, bottom=0}}, fakeTarget=Window{acc3015 u0 com.risa.app/com.risa.app.MainActivity}
12-26 18:13:21.075  2812  8483 D InsetsSourceProvider: updateFakeControlTarget: fakeControl=InsetsSourceControl: {e4a90001 mType=navigationBars mSurfacePosition=Point(0, 0) mInsetsHint=Insets{left=0, top=0, right=0, bottom=0}}, fakeTarget=Window{acc3015 u0 com.risa.app/com.risa.app.MainActivity}
12-26 18:13:21.078  2812  7998 D WindowManager: makeSurface duration=1 name=com.risa.app/com.risa.app.MainActivity$_13990
12-26 18:13:21.082  7550 15612 I SDHMS:k : handleResumeComponent : put = com.risa.app, userid = 0 instanceid =65503658
12-26 18:13:21.091  2812  3121 V WindowManager:         {WCT{RemoteToken{aaf322d Task{aaedc95 #21268 type=standard I=com.risa.app/.MainActivity}}} m=TO_FRONT f=NONE p=WCT{RemoteToken{70b963d DefaultTaskDisplayArea_d0@90254262}} leash=Surface(name=Task=21268)/@0x29bffd6 sb=Rect(0, 0 - 1080, 2340) eb=Rect(0, 0 - 1080, 2340) epz=Point(1080, 2340) d=0 endFixedRotation=1 taskParent=-1 inset=Rect(84, 84 - 0, 0) allowAppBgLayer=true},
12-26 18:13:21.143  2812  3122 D WindowManager: rotationForOrientation, orientationSource=ActivityRecord{94270540 u0 com.risa.app/.MainActivity t21268}
12-26 18:13:21.183  2812  8608 D WindowManager: finishDrawingWindow: Window{acc3015 u0 com.risa.app/com.risa.app.MainActivity} mDrawState=DRAW_PENDING seqId=0
12-26 18:13:21.183  2812  3125 V WindowManager: Finish starting ActivityRecord{94270540 u0 com.risa.app/.MainActivity t21268}: first real window is shown, no animation
12-26 18:13:21.186  2812  3125 V WindowManager: Schedule remove starting ActivityRecord{94270540 u0 com.risa.app/.MainActivity t21268} startingWindow=Window{b2b727b u0 SnapshotStartingWindow for taskId=21268} animate=false Callers=com.android.server.wm.ActivityRecord.removeStartingWindow:178 com.android.server.wm.WindowState.performShowLocked:155 com.android.server.wm.WindowStateAnimator.commitFinishDrawingLocked:73 com.android.server.wm.DisplayContent$$ExternalSyntheticLambda1.accept$com$android$server$wm$DisplayContent$$ExternalSyntheticLambda37:23 com.android.server.wm.DisplayContent$$ExternalSyntheticLambda1.accept:143 
12-26 18:13:21.186  2812  3125 V WindowManager: performShowLocked: mDrawState=HAS_DRAWN in Window{acc3015 u0 com.risa.app/com.risa.app.MainActivity}
12-26 18:13:21.194  2812  7998 D WindowManager: updateSystemBarAttributes: displayId=0, focusedCanBeNavColorWin=false, win=Window{82e812a u0 NotificationShade}, navColorWin=Window{acc3015 u0 com.risa.app/com.risa.app.MainActivity}, caller=com.android.server.wm.InsetsStateController.onRequestedVisibleTypesChanged:86 com.android.server.wm.InsetsPolicy.onRequestedVisibleTypesChanged:3 com.android.server.wm.Session.updateRequestedVisibleTypes:37 
12-26 18:13:21.223  2812  6510 D WindowManager: finishDrawingWindow: Window{acc3015 u0 com.risa.app/com.risa.app.MainActivity} mDrawState=HAS_DRAWN seqId=0
12-26 18:13:21.244  2812  7779 D SGM:GameManager: identifyGamePackage. com.risa.app, mCurrentUserId: 0, callingMethodInfo: com.samsung.android.game.IGameManagerService$Stub.onTransact(IGameManagerService.java:247)
12-26 18:13:21.280  2812  6682 D WindowManager: Changing focus from Window{82e812a u0 NotificationShade} to Window{acc3015 u0 com.risa.app/com.risa.app.MainActivity} displayId=0 Callers=com.android.server.wm.WindowManagerService.relayoutWindow:1350 com.android.server.wm.Session.relayout:27 com.android.server.wm.Session.relayoutAsync:14 android.view.IWindowSession$Stub.onTransact:854 
12-26 18:13:21.281  2812  6682 D InsetsSourceProvider: updateControlForTarget: control=InsetsSourceControl: {4c0000 mType=statusBars initiallyVisible mSurfacePosition=Point(0, 0) mInsetsHint=Insets{left=0, top=84, right=0, bottom=0}}, target=Window{acc3015 u0 com.risa.app/com.risa.app.MainActivity}, from=com.android.server.wm.InsetsStateController.onControlTargetChanged:83 com.android.server.wm.InsetsPolicy.updateBarControlTarget:212 com.android.server.wm.DisplayPolicy.updateSystemBarAttributes:262 com.android.server.wm.WindowManagerService.updateFocusedWindowLocked:372 com.android.server.wm.WindowManagerService.relayoutWindow:1350 
12-26 18:13:21.282  2812  6682 D InsetsSourceProvider: updateControlForTarget: control=InsetsSourceControl: {e4a90001 mType=navigationBars initiallyVisible mSurfacePosition=Point(0, 2205) mInsetsHint=Insets{left=0, top=0, right=0, bottom=135}}, target=Window{acc3015 u0 com.risa.app/com.risa.app.MainActivity}, from=com.android.server.wm.InsetsStateController.onControlTargetChanged:83 com.android.server.wm.InsetsPolicy.updateBarControlTarget:225 com.android.server.wm.DisplayPolicy.updateSystemBarAttributes:262 com.android.server.wm.WindowManagerService.updateFocusedWindowLocked:372 com.android.server.wm.WindowManagerService.relayoutWindow:1350 
12-26 18:13:21.282  2812  6682 D WindowManager: updateSystemBarAttributes: displayId=0, focusedCanBeNavColorWin=false, win=Window{acc3015 u0 com.risa.app/com.risa.app.MainActivity}, navColorWin=Window{acc3015 u0 com.risa.app/com.risa.app.MainActivity}, caller=com.android.server.wm.WindowManagerService.updateFocusedWindowLocked:372 com.android.server.wm.WindowManagerService.relayoutWindow:1350 com.android.server.wm.Session.relayout:27 
12-26 18:13:21.282  2812  6682 V SystemKeyManager: updateFocusedWindow() is called, com.risa.app/com.risa.app.MainActivity
12-26 18:13:21.288  2812  6682 I WindowManager: Reparenting to leash, surface=Surface(name=b2b727b SnapshotStartingWindow for taskId=21268)/@0x13fee86, leashParent=Surface(name=ActivityRecord{94270540 u0 com.risa.app/.MainActivity t21268})/@0x6ce8245
12-26 18:13:21.329  2812  2812 D MdnieScenarioControlService:  packageName : com.risa.app    className : com.risa.app.MainActivity
12-26 18:13:21.331  2812  4227 D SGM:FgCheckThread:   handleUserPresent(). resume signal is needed for com.risa.app
12-26 18:13:21.376  2812  7998 V WindowManager:    ChangeInfo{f9fb5f3 container=ActivityRecord{94270540 u0 com.risa.app/.MainActivity t21268} flags=0x0}
12-26 18:13:21.376  2812  7998 V WindowManager:    ChangeInfo{d62b2b0 container=Task{aaedc95 #21268 type=standard I=com.risa.app/.MainActivity} flags=0x10}
12-26 18:13:21.376  2812  7998 D WindowManager: rotationForOrientation, orientationSource=ActivityRecord{94270540 u0 com.risa.app/.MainActivity t21268}
12-26 18:13:21.378  2812  7998 D WindowManager: prepareSync <SYNC_STATE_WAITING_FOR_DRAW>, mPrepareSyncSeqId=0, win=Window{acc3015 u0 com.risa.app/com.risa.app.MainActivity}
12-26 18:13:21.378  2812  7998 V WindowManager: Override sync-method for acc3015 com.risa.app/com.risa.app.MainActivity because seamless rotating, caller=com.android.server.wm.DisplayContent.setSeamlessTransitionForFixedRotation:22 com.android.server.wm.DisplayContent.requestChangeTransition:96 com.android.server.wm.DisplayRotation.updateRotationUnchecked:760 com.android.server.wm.DisplayRotation.updateOrientation:79 com.android.server.wm.DisplayContent.continueUpdateOrientationForDiffOrienLaunchingApp:63 
12-26 18:13:21.378  2812  7998 D ChangeTransitionController:    ChangeInfo{f9fb5f3 container=ActivityRecord{94270540 u0 com.risa.app/.MainActivity t21268} flags=0x0}
12-26 18:13:21.378  2812  7998 D ChangeTransitionController:    ChangeInfo{d62b2b0 container=Task{aaedc95 #21268 type=standard I=com.risa.app/.MainActivity} flags=0x10}
12-26 18:13:21.379  2812  3125 I WindowManager: Reparenting to original parent: Surface(name=ActivityRecord{94270540 u0 com.risa.app/.MainActivity t21268})/@0x6ce8245, destroy=true, surface=Surface(name=b2b727b SnapshotStartingWindow for taskId=21268)/@0x13fee86
12-26 18:13:21.394  2812  3124 V WindowManager: Collecting in transition 5585: Task{aaedc95 #21268 type=standard I=com.risa.app/.MainActivity}, caller=com.android.server.wm.TransitionController$$ExternalSyntheticLambda2.accept:34 com.android.server.wm.Task.forAllLeafTasks:6 com.android.server.wm.WindowContainer.forAllLeafTasks:4 com.android.server.wm.DisplayArea.forAllLeafTasks:4 com.android.server.wm.WindowContainer.forAllLeafTasks:4 
12-26 18:13:21.394  2812  3124 V WindowManager: Collecting in transition 5585: ActivityRecord{94270540 u0 com.risa.app/.MainActivity t21268}, caller=com.android.server.wm.TransitionController$$ExternalSyntheticLambda2.accept:21 com.android.server.wm.ActivityRecord.forAllActivities:2 com.android.server.wm.WindowContainer.forAllActivities:8 com.android.server.wm.WindowContainer.forAllActivities:6 com.android.server.wm.TransitionController$$ExternalSyntheticLambda2.accept:107 
12-26 18:13:21.467  2812  7779 D ChangeTransitionController:    ChangeInfo{31e373d container=ActivityRecord{94270540 u0 com.risa.app/.MainActivity t21268} flags=0x0}
12-26 18:13:21.467  2812  7779 D ChangeTransitionController:    ChangeInfo{ee04b32 container=Task{aaedc95 #21268 type=standard I=com.risa.app/.MainActivity} flags=0x0}
12-26 18:13:21.467  2812  7779 V WindowManager: Start calculating TransitionInfo based on participants: {WindowToken{d8d159 type=2040 android.os.BinderProxy@376cc5d}, ActivityRecord{94270540 u0 com.risa.app/.MainActivity t21268}, Task{aaedc95 #21268 type=standard I=com.risa.app/.MainActivity}, Display{#0 state=ON size=2340x1080 ROTATION_90}}
12-26 18:13:21.467  2812  7779 V WindowManager:   Final targets: [ChangeInfo{b0ece7 container=WindowToken{d8d159 type=2040 android.os.BinderProxy@376cc5d} flags=0x0}, ChangeInfo{ee04b32 container=Task{aaedc95 #21268 type=standard I=com.risa.app/.MainActivity} flags=0x0}, ChangeInfo{52d7094 container=DefaultTaskDisplayArea_d0@90254262 flags=0x10}, ChangeInfo{7157083 container=Display{#0 state=ON size=2340x1080 ROTATION_90} flags=0x1}]
12-26 18:13:21.468  2812  7779 V WindowManager:         {WCT{RemoteToken{aaf322d Task{aaedc95 #21268 type=standard I=com.risa.app/.MainActivity}}} m=CHANGE f=EDGE_EXTENSION_RESTRICTION p=WCT{RemoteToken{70b963d DefaultTaskDisplayArea_d0@90254262}} leash=Surface(name=Task=21268)/@0x29bffd6 sb=Rect(0, 0 - 1080, 2340) eb=Rect(0, 0 - 2340, 1080) epz=Point(2340, 1080) d=0 r=0->1:0 taskParent=-1 inset=Rect(84, 84 - 135, 0) allowAppBgLayer=true},
12-26 18:13:21.469  2812  3121 V WindowManager:         {WCT{RemoteToken{aaf322d Task{aaedc95 #21268 type=standard I=com.risa.app/.MainActivity}}} m=CHANGE f=EDGE_EXTENSION_RESTRICTION p=WCT{RemoteToken{70b963d DefaultTaskDisplayArea_d0@90254262}} leash=Surface(name=Task=21268)/@0x29bffd6 sb=Rect(0, 0 - 1080, 2340) eb=Rect(0, 0 - 2340, 1080) epz=Point(2340, 1080) d=0 r=0->1:0 taskParent=-1 inset=Rect(84, 84 - 135, 0) allowAppBgLayer=true},
12-26 18:13:21.480  2812  6682 V WindowManager:    ChangeInfo{31e373d container=ActivityRecord{94270540 u0 com.risa.app/.MainActivity t21268} flags=0x0}
12-26 18:13:21.480  2812  6682 V WindowManager:    ChangeInfo{ee04b32 container=Task{aaedc95 #21268 type=standard I=com.risa.app/.MainActivity} flags=0x0}
12-26 18:13:21.480  2812  6682 D ChangeTransitionController:    ChangeInfo{31e373d container=ActivityRecord{94270540 u0 com.risa.app/.MainActivity t21268} flags=0x0}
12-26 18:13:21.480  2812  6682 D ChangeTransitionController:    ChangeInfo{ee04b32 container=Task{aaedc95 #21268 type=standard I=com.risa.app/.MainActivity} flags=0x0}
12-26 18:13:21.480  2812  6682 D WindowManager: rotationForOrientation, orientationSource=ActivityRecord{94270540 u0 com.risa.app/.MainActivity t21268}
12-26 18:13:21.828  2812  3124 D SGM:GameManager: identifyForegroundApp. com.risa.app, mCurrentUserId: 0, callerUserId: 0
12-26 18:13:24.366  2812  4617 D SGM:GameManager: identifyGamePackage. com.risa.app, mCurrentUserId: 0, callingMethodInfo: com.samsung.android.game.SemGameManager.isGamePackage(SemGameManager.java:106)
12-26 18:13:24.366  2812  4617 D SGM:SemGameManager: isGamePackage(), pkgName=com.risa.app, ret=false
12-26 18:13:25.901  1176  1176 D io_stats: !@ Write_top(KB): com.risa.app(13990) 74712 droid.daemonapp(15698) 1132 f2fs_ckpt-254:6(1290) 408
12-26 18:13:27.370  2812  4617 D SGM:GameManager: identifyGamePackage. com.risa.app, mCurrentUserId: 0, callingMethodInfo: com.samsung.android.game.SemGameManager.isGamePackage(SemGameManager.java:106)
12-26 18:13:27.371  2812  4617 D SGM:SemGameManager: isGamePackage(), pkgName=com.risa.app, ret=false
12-26 18:13:29.903  1176  1176 D io_stats: !@ Write_top(KB): com.risa.app(13990) 70960 kworker/u16:15(19518) 3608 system_server(2812) 48
12-26 18:13:30.381  2812  4617 D SGM:GameManager: identifyGamePackage. com.risa.app, mCurrentUserId: 0, callingMethodInfo: com.samsung.android.game.SemGameManager.isGamePackage(SemGameManager.java:106)
12-26 18:13:30.381  2812  4617 D SGM:SemGameManager: isGamePackage(), pkgName=com.risa.app, ret=false
12-26 18:13:33.406  2812  4617 D SGM:GameManager: identifyGamePackage. com.risa.app, mCurrentUserId: 0, callingMethodInfo: com.samsung.android.game.SemGameManager.isGamePackage(SemGameManager.java:106)
12-26 18:13:33.406  2812  4617 D SGM:SemGameManager: isGamePackage(), pkgName=com.risa.app, ret=false
12-26 18:13:33.905  1176  1176 D io_stats: !@ Write_top(KB): com.risa.app(13990) 55252 droid.daemonapp(15698) 8 le.watch7plugin(9438) 4
12-26 18:13:36.418  2812  4617 D SGM:GameManager: identifyGamePackage. com.risa.app, mCurrentUserId: 0, callingMethodInfo: com.samsung.android.game.SemGameManager.isGamePackage(SemGameManager.java:106)
12-26 18:13:36.418  2812  4617 D SGM:SemGameManager: isGamePackage(), pkgName=com.risa.app, ret=false
12-26 18:13:37.907  1176  1176 D io_stats: !@ Write_top(KB): com.risa.app(13990) 73356 kworker/u16:15(19518) 7504 rdash.driverapp(4350) 28
12-26 18:13:39.418  2812  4617 D SGM:GameManager: identifyGamePackage. com.risa.app, mCurrentUserId: 0, callingMethodInfo: com.samsung.android.game.SemGameManager.isGamePackage(SemGameManager.java:106)
12-26 18:13:39.418  2812  4617 D SGM:SemGameManager: isGamePackage(), pkgName=com.risa.app, ret=false
12-26 18:13:41.910  1176  1176 D io_stats: !@ Write_top(KB): com.risa.app(13990) 74748 kworker/u16:15(19518) 232 adiotime.player(16114) 152
12-26 18:13:42.449  2812  4617 D SGM:GameManager: identifyGamePackage. com.risa.app, mCurrentUserId: 0, callingMethodInfo: com.samsung.android.game.SemGameManager.isGamePackage(SemGameManager.java:106)
12-26 18:13:42.449  2812  4617 D SGM:SemGameManager: isGamePackage(), pkgName=com.risa.app, ret=false
12-26 18:13:45.454  2812  4617 D SGM:GameManager: identifyGamePackage. com.risa.app, mCurrentUserId: 0, callingMethodInfo: com.samsung.android.game.SemGameManager.isGamePackage(SemGameManager.java:106)
12-26 18:13:45.454  2812  4617 D SGM:SemGameManager: isGamePackage(), pkgName=com.risa.app, ret=false
12-26 18:13:45.911  1176  1176 D io_stats: !@ Write_top(KB): com.risa.app(13990) 74216 kworker/u16:3(9199) 5884
12-26 18:13:48.470  2812  4617 D SGM:GameManager: identifyGamePackage. com.risa.app, mCurrentUserId: 0, callingMethodInfo: com.samsung.android.game.SemGameManager.isGamePackage(SemGameManager.java:106)
12-26 18:13:48.470  2812  4617 D SGM:SemGameManager: isGamePackage(), pkgName=com.risa.app, ret=false
12-26 18:13:49.913  1176  1176 D io_stats: !@ Write_top(KB): com.risa.app(13990) 69820 gle.android.gms(23559) 8 jbd2/sda9-8(1164) 8
12-26 18:13:51.476  2812  4617 D SGM:GameManager: identifyGamePackage. com.risa.app, mCurrentUserId: 0, callingMethodInfo: com.samsung.android.game.SemGameManager.isGamePackage(SemGameManager.java:106)
12-26 18:13:51.476  2812  4617 D SGM:SemGameManager: isGamePackage(), pkgName=com.risa.app, ret=false
12-26 18:13:53.915  1176  1176 D io_stats: !@ Write_top(KB): com.risa.app(13990) 55184 kworker/u16:3(9199) 1240 jbd2/sda9-8(1164) 20
12-26 18:13:54.484  2812  4617 D SGM:GameManager: identifyGamePackage. com.risa.app, mCurrentUserId: 0, callingMethodInfo: com.samsung.android.game.SemGameManager.isGamePackage(SemGameManager.java:106)
12-26 18:13:54.484  2812  4617 D SGM:SemGameManager: isGamePackage(), pkgName=com.risa.app, ret=false
12-26 18:13:57.509  2812  4617 D SGM:GameManager: identifyGamePackage. com.risa.app, mCurrentUserId: 0, callingMethodInfo: com.samsung.android.game.SemGameManager.isGamePackage(SemGameManager.java:106)
12-26 18:13:57.509  2812  4617 D SGM:SemGameManager: isGamePackage(), pkgName=com.risa.app, ret=false
12-26 18:13:57.917  1176  1176 D io_stats: !@ Write_top(KB): com.risa.app(13990) 51564 kworker/u16:5(9201) 1564
12-26 18:14:00.506  2812  4617 D SGM:GameManager: identifyGamePackage. com.risa.app, mCurrentUserId: 0, callingMethodInfo: com.samsung.android.game.SemGameManager.isGamePackage(SemGameManager.java:106)
12-26 18:14:00.506  2812  4617 D SGM:SemGameManager: isGamePackage(), pkgName=com.risa.app, ret=false
12-26 18:14:01.924  1176  1176 D io_stats: !@ Write_top(KB): com.risa.app(13990) 72888 kworker/u16:8(29483) 5160 f2fs_ckpt-254:6(1290) 580
12-26 18:14:03.523  2812  4617 D SGM:GameManager: identifyGamePackage. com.risa.app, mCurrentUserId: 0, callingMethodInfo: com.samsung.android.game.SemGameManager.isGamePackage(SemGameManager.java:106)
12-26 18:14:03.523  2812  4617 D SGM:SemGameManager: isGamePackage(), pkgName=com.risa.app, ret=false
12-26 18:14:05.926  1176  1176 D io_stats: !@ Write_top(KB): com.risa.app(13990) 72300 kworker/u16:15(19518) 808 f2fs_ckpt-254:6(1290) 56
12-26 18:14:06.544  2812  4617 D SGM:GameManager: identifyGamePackage. com.risa.app, mCurrentUserId: 0, callingMethodInfo: com.samsung.android.game.SemGameManager.isGamePackage(SemGameManager.java:106)
12-26 18:14:06.544  2812  4617 D SGM:SemGameManager: isGamePackage(), pkgName=com.risa.app, ret=false
12-26 18:14:09.564  2812  4617 D SGM:GameManager: identifyGamePackage. com.risa.app, mCurrentUserId: 0, callingMethodInfo: com.samsung.android.game.SemGameManager.isGamePackage(SemGameManager.java:106)
12-26 18:14:09.564  2812  4617 D SGM:SemGameManager: isGamePackage(), pkgName=com.risa.app, ret=false
12-26 18:14:09.928  1176  1176 D io_stats: !@ Write_top(KB): com.risa.app(13990) 52308
12-26 18:14:11.476  2812  3210 D ActivityTaskManager: scheduleTopResumedActivityChanged, onTop=false, r=ActivityRecord{94270540 u0 com.risa.app/.MainActivity t21268}, caller=com.android.server.wm.ActivityTaskSupervisor.scheduleTopResumedActivityStateLossIfNeeded:19 com.android.server.wm.ActivityTaskSupervisor.updateTopResumedActivityIfNeeded:20 com.android.server.wm.TaskFragment.setResumedActivity:30 com.android.server.wm.ActivityRecord.setState:91 com.android.server.wm.TaskFragment.startPausing$1:209 com.android.server.wm.Task$$ExternalSyntheticLambda37.accept:150 
12-26 18:14:11.478  2812  7998 D WindowManager: Changing focus from Window{acc3015 u0 com.risa.app/com.risa.app.MainActivity} to null displayId=0 Callers=com.android.server.wm.ActivityRecord.commitVisibility:161 com.android.server.wm.ActivityRecord.setVisibility:623 com.android.server.wm.ActivityRecord.makeInvisible:32 com.android.server.wm.EnsureActivitiesVisibleHelper.process:542 
12-26 18:14:11.479  2812  7998 V WindowManager: Setting visibility of Window{acc3015 u0 com.risa.app/com.risa.app.MainActivity}: false, caller=com.android.server.wm.WindowContainer.sendAppVisibilityToClients:19 com.android.server.wm.WindowToken.setClientVisible:48 com.android.server.wm.ActivityRecord.commitVisibility:186 com.android.server.wm.ActivityRecord.setVisibility:623 com.android.server.wm.ActivityRecord.makeInvisible:32 
12-26 18:14:11.485  2812  3124 D SGM:FgCheckThread: notePauseComponent(), received pkgName: com.risa.app, userId: 0
12-26 18:14:11.551  2812  3124 D SGM:FgCheckThread: getForegroundApp(), foregroundPkgName=com.risa.app
12-26 18:14:11.551  2812  6682 E WindowManager: win=Window{acc3015 u0 com.risa.app/com.risa.app.MainActivity} destroySurfaces: appStopped=true cleanupOnResume=false win.mWindowRemovalAllowed=false win.mRemoveOnExit=false win.mViewVisibility=8 caller=com.android.server.wm.ActivityRecord.destroySurfaces:25 com.android.server.wm.ActivityRecord.activityStopped:192 com.android.server.wm.ActivityClientController.activityStopped:97 android.app.IActivityClientController$Stub.onTransact:740 com.android.server.wm.ActivityClientController.onTransact:1 android.os.Binder.execTransactInternal:1462 android.os.Binder.execTransact:1401 
12-26 18:14:11.552  2812  3124 D SGM:FgCheckThread: pkgName: com.risa.app is not in foreground
12-26 18:14:11.734  2812  7880 D WindowManager: prepareSync <SYNC_STATE_WAITING_FOR_DRAW>, mPrepareSyncSeqId=0, win=Window{acc3015 u0 com.risa.app/com.risa.app.MainActivity}
12-26 18:14:11.896  2812  7880 D SGM:GameManager: identifyForegroundApp. com.risa.app, mCurrentUserId: 0, callerUserId: 0
12-26 18:14:13.931  1176  1176 D io_stats: !@ Write_top(KB): com.risa.app(13990) 49828 kworker/u16:15(19518) 568 system_server(2812) 424
12-26 18:14:25.199  2812  8608 V WindowManager: Collecting in transition 5589: ActivityRecord{94270540 u0 com.risa.app/.MainActivity t21268}, caller=com.android.server.wm.TransitionController.collect:7 com.android.server.wm.ActivityRecord.setVisibility:132 com.android.server.wm.TaskFragment.resumeTopActivity:1662 com.android.server.wm.Task.resumeTopActivityInnerLocked:119 com.android.server.wm.Task.resumeTopActivityUncheckedLocked:23 
12-26 18:14:25.199  2812  8608 D WindowManager: prepareSync <SYNC_STATE_WAITING_FOR_DRAW>, mPrepareSyncSeqId=0, win=Window{acc3015 u0 com.risa.app/com.risa.app.MainActivity}
12-26 18:14:25.199  2812  8608 V WindowManager: Setting visibility of Window{acc3015 u0 com.risa.app/com.risa.app.MainActivity}: true, caller=com.android.server.wm.WindowContainer.sendAppVisibilityToClients:19 com.android.server.wm.WindowToken.setClientVisible:48 com.android.server.wm.ActivityRecord.setVisibility:486 com.android.server.wm.TaskFragment.resumeTopActivity:1662 com.android.server.wm.Task.resumeTopActivityInnerLocked:119 
