12-26 19:17:39.073  2812  7951 I ActivityTaskManager: START u0 {act=android.intent.action.MAIN cat=[android.intent.category.LAUNCHER] flg=0x34000000 xflg=0x4 pkg=com.risa.app cmp=com.risa.app/.MainActivity} with LAUNCH_SINGLE_TOP from uid 10082 (sr=217620018) (BAL_ALLOW_VISIBLE_WINDOW) result code=0
12-26 19:17:39.078  2812  5181 D WindowManager: prepareSync <SYNC_STATE_WAITING_FOR_DRAW>, mPrepareSyncSeqId=0, win=Window{7845e77 u0 Splash Screen com.risa.app}
12-26 19:17:39.078  2812  5181 V WindowManager: addWindow: ActivityRecord{100479597 u0 com.risa.app/.MainActivity t21291} startingWindow=Window{7845e77 u0 Splash Screen com.risa.app}
12-26 19:17:39.094  2812  7578 I AppsFilter: interaction: PackageSetting{caedef0 com.android.microdroid.empty_payload/10341} -> PackageSetting{e049514 com.risa.app/11279} BLOCKED
12-26 19:17:39.094  2812  7578 I AppsFilter: interaction: PackageSetting{c3983fa com.iptvsubz.accessibilityoverlay/10424} -> PackageSetting{e049514 com.risa.app/11279} BLOCKED
12-26 19:17:39.095  2812  7578 I AppsFilter: interaction: PackageSetting{80f8dab com.example.iptpvtsubs_2/10832} -> PackageSetting{e049514 com.risa.app/11279} BLOCKED
12-26 19:17:39.098  2812  7578 V WindowManager: Collecting in transition 5756: ActivityRecord{100479597 u0 com.risa.app/.MainActivity t21291}, caller=com.android.server.wm.TransitionController.collect:7 com.android.server.wm.ActivityRecord.setVisibility:132 com.android.server.wm.EnsureActivitiesVisibleHelper.process:459 com.android.server.wm.TaskFragment.updateActivityVisibilities:12 com.android.server.wm.Task$$ExternalSyntheticLambda37.accept:37 
12-26 19:17:39.100  2812  6510 D WindowManager: makeSurface duration=0 name=Splash Screen com.risa.app$_4743
12-26 19:17:39.102  2812  6510 D WindowManager: rotationForOrientation, orientationSource=ActivityRecord{100479597 u0 com.risa.app/.MainActivity t21291}
12-26 19:17:39.103  2812  6510 D ActivityTaskManager: applyFixedRotationTransform, r=ActivityRecord{100479597 u0 com.risa.app/.MainActivity t21291}, caller=com.android.server.wm.ActivityRecord.applyFixedRotationTransform:20 com.android.server.wm.DisplayContent.startFixedRotationTransform:63 com.android.server.wm.DisplayContent.setFixedRotationLaunchingApp:47 com.android.server.wm.DisplayContent.handleTopActivityLaunchingInDifferentOrientation:286 com.android.server.wm.DisplayContent.updateOrientation:40 
12-26 19:17:39.104  2812  6510 D WindowManager: setFixedRotationLaunchingAppUnchecked, rotation=1, r=ActivityRecord{100479597 u0 com.risa.app/.MainActivity t21291}, caller=com.android.server.wm.DisplayContent.setFixedRotationLaunchingAppUnchecked:131 com.android.server.wm.DisplayContent.setFixedRotationLaunchingApp:50 com.android.server.wm.DisplayContent.handleTopActivityLaunchingInDifferentOrientation:286 com.android.server.wm.DisplayContent.updateOrientation:40 com.android.server.wm.DisplayContent.updateOrientation:1 
12-26 19:17:39.117  2812  7578 D WindowManager: finishDrawingWindow: Window{7845e77 u0 Splash Screen com.risa.app} mDrawState=DRAW_PENDING seqId=0
12-26 19:17:39.117  2812  7578 V WindowManager: Finishing drawing window Window{7845e77 u0 Splash Screen com.risa.app}: mDrawState=DRAW_PENDING
12-26 19:17:39.117  2812  7578 V WindowManager: Draw state now committed in Window{7845e77 u0 Splash Screen com.risa.app}
12-26 19:17:39.119  2812  3125 V WindowManager: performShowLocked: mDrawState=HAS_DRAWN in Window{7845e77 u0 Splash Screen com.risa.app}
12-26 19:17:39.119  2812  3125 D WindowManagerServiceExt: updateTaskbarTargetIfNeeded: cn=ComponentInfo{com.risa.app/com.risa.app.MainActivity} occludesParent=true isInSplitScreenMode=false
12-26 19:17:39.119  2812  3125 D ChangeTransitionController:    ChangeInfo{49c9ffa container=ActivityRecord{100479597 u0 com.risa.app/.MainActivity t21291} flags=0x0}
12-26 19:17:39.119  2812  3125 D ChangeTransitionController:    ChangeInfo{8a1808 container=Task{f79dea2 #21291 type=standard I=com.risa.app/.MainActivity} flags=0x0}
12-26 19:17:39.119  2812  3125 V WindowManager: Start calculating TransitionInfo based on participants: {ActivityRecord{54855137 u0 com.sec.android.app.myfiles/.ui.MainActivity t21290}, ActivityRecord{100479597 u0 com.risa.app/.MainActivity t21291}, ActivityRecord{217620018 u0 com.google.android.packageinstaller/com.android.packageinstaller.InstallSuccess t21290 f}}, ActivityRecord{229527846 u0 com.google.android.packageinstaller/com.android.packageinstaller.DeleteStagedFileOnResult t21290}, Task{f79dea2 #21291 type=standard I=com.risa.app/.MainActivity}}
12-26 19:17:39.119  2812  3125 V WindowManager:   Final targets: [ChangeInfo{8a1808 container=Task{f79dea2 #21291 type=standard I=com.risa.app/.MainActivity} flags=0x10}, ChangeInfo{578da37 container=Task{9343f06 #21290 type=standard I=com.sec.android.app.myfiles/.ui.MainActivity} flags=0x10}]
12-26 19:17:39.120  2812  3125 V WindowManager:         {WCT{RemoteToken{5ab70c5 Task{f79dea2 #21291 type=standard I=com.risa.app/.MainActivity}}} m=OPEN f=NONE leash=Surface(name=Task=21291)/@0x242d92f sb=Rect(0, 0 - 1080, 2340) eb=Rect(0, 0 - 1080, 2340) epz=Point(1080, 2340) d=0 endFixedRotation=1 taskParent=-1 inset=Rect(84, 84 - 0, 0) dim=true},
12-26 19:17:39.124  2812  3154 I ActivityManager: Start proc 31841:com.risa.app/u0a1279 for next-top-activity {com.risa.app/com.risa.app.MainActivity}
12-26 19:17:39.133  2812  3121 V WindowManager: Sent Transition (#5756) createdAt=12-26 19:17:39.058 via request=TransitionRequestInfo { type = OPEN, triggerTask = TaskInfo{userId=0 taskId=21291 effectiveUid=11279 displayId=0 isRunning=true baseIntent=Intent { act=android.intent.action.MAIN cat=[android.intent.category.LAUNCHER] flg=0x34000000 pkg=com.risa.app cmp=com.risa.app/.MainActivity } baseActivity=ComponentInfo{com.risa.app/com.risa.app.MainActivity} topActivity=ComponentInfo{com.risa.app/com.risa.app.MainActivity} origActivity=null realActivity=ComponentInfo{com.risa.app/com.risa.app.MainActivity} numActivities=1 lastActiveTime=322377263 supportsMultiWindow=true resizeMode=2 isResizeable=true minWidth=-1 minHeight=-1 maxWidth=-1 maxHeight=-1 defaultMinSize=220 desktopDefaultMinSize=304 token=WCT{RemoteToken{5ab70c5 Task{f79dea2 #21291 type=standard I=com.risa.app/.MainActivity}}} topActivityType=1 pictureInPictureParams=null shouldDockBigOverlays=false launchIntoPipHostTaskId=-1 lastParentTaskIdBeforePip=-1 displayCutoutSafeInsets=Rect(0, 84 - 0, 0) topActivityInfo=ActivityInfo{6528c96 com.risa.app.MainActivity} launchCookies=[] positionInParent=Point(0, 0) parentTaskId=-1 isFocused=false isVisible=false isVisibleRequested=false isTopActivityNoDisplay=false isSleeping=false locusId=null displayAreaFeatureId=1 isTopActivityTransparent=false isActivityStackTransparent=false lastNonFullscreenBounds=Rect(81, 559 - 999, 1729) capturedLink=null capturedLinkTimestamp=0 requestedVisibleTypes=-9 topActivityRequestOpenInBrowserEducationTimestamp=0 appCompatTaskInfo=AppCompatTaskInfo { topActivityInSizeCompat=false eligibleForLetterboxEducation= false isLetterboxEducationEnabled= false isLetterboxDoubleTapEnabled= false eligibleForUserAspectRatioButton= false topActivityBoundsLetterboxed= false isFromLetterboxDoubleTap= false topActivityLetterboxVerticalPosition= -1 topActivityLetterboxHorizontalPosition= -1 topActivityLetterboxWidth=-1 topActivityLetterboxHeight=-1 topActivityAppBounds=Rect(0, 0 - 1080, 2340) isUserFullscreenOverrideEnabled=false isSystemFullscreenOverrideEnabled=false hasMinAspectRatioOverride=false topActivityLetterboxBounds=null cameraCompatTaskInfo=CameraCompatTaskInfo { freeformCameraCompatMode=inactive} topActivityBounds=null topActivityInDisplayCompat=false singleTapFromLetterbox=false} topActivityMainWindowFrame=null originallySupportedMultiWindow=true hasWallpaper=false rootAffinity=null isTopTaskInStage=false CoverLauncherWidgetTask=false LaunchedFromAppsCoverLauncherTask=false LaunchedFromMultistarCoverLauncherTask=false isAllowedSeamlessRotation=false isTopTransparentActivity=false isAliasManaged=false hasConfigChanged=false snappingGuideBounds=null isAiKeyRemoveAppTask=false lastDesktopWindowingBounds=null lastExternalDesktopWindowingBounds=null safeCutoutInsets=null}, pipChange = null, remoteTransition = null, displayChange = null, flags = 0, debugId = 5756 }
12-26 19:17:39.133  2812  3121 V WindowManager:         {WCT{RemoteToken{5ab70c5 Task{f79dea2 #21291 type=standard I=com.risa.app/.MainActivity}}} m=OPEN f=NONE leash=Surface(name=Task=21291)/@0x242d92f sb=Rect(0, 0 - 1080, 2340) eb=Rect(0, 0 - 1080, 2340) epz=Point(1080, 2340) d=0 endFixedRotation=1 taskParent=-1 inset=Rect(84, 84 - 0, 0) dim=true},
12-26 19:17:39.134  2812  3125 D InsetsSourceProvider: updateControlForTarget: control=InsetsSourceControl: {4c0000 mType=statusBars initiallyVisible mSurfacePosition=Point(0, 0) mInsetsHint=Insets{left=0, top=84, right=0, bottom=0}}, target=Window{7845e77 u0 Splash Screen com.risa.app}, from=com.android.server.wm.InsetsStateController.onControlTargetChanged:83 com.android.server.wm.InsetsPolicy.updateBarControlTarget:212 com.android.server.wm.DisplayPolicy.updateSystemBarAttributes:262 com.android.server.wm.DisplayPolicy.finishPostLayoutPolicyLw:17 com.android.server.wm.RootWindowContainer.applySurfaceChangesTransaction$1:195 
12-26 19:17:39.134  2812  3125 D InsetsSourceProvider: updateControlForTarget: control=InsetsSourceControl: {e4a90001 mType=navigationBars initiallyVisible mSurfacePosition=Point(0, 2205) mInsetsHint=Insets{left=0, top=0, right=0, bottom=135}}, target=Window{7845e77 u0 Splash Screen com.risa.app}, from=com.android.server.wm.InsetsStateController.onControlTargetChanged:83 com.android.server.wm.InsetsPolicy.updateBarControlTarget:225 com.android.server.wm.DisplayPolicy.updateSystemBarAttributes:262 com.android.server.wm.DisplayPolicy.finishPostLayoutPolicyLw:17 com.android.server.wm.RootWindowContainer.applySurfaceChangesTransaction$1:195 
12-26 19:17:39.134  2812  3125 D WindowManager: updateSystemBarAttributes: displayId=0, focusedCanBeNavColorWin=false, win=Window{7845e77 u0 Splash Screen com.risa.app}, navColorWin=Window{7845e77 u0 Splash Screen com.risa.app}, caller=com.android.server.wm.DisplayPolicy.finishPostLayoutPolicyLw:17 com.android.server.wm.RootWindowContainer.applySurfaceChangesTransaction$1:195 com.android.server.wm.RootWindowContainer.performSurfacePlacementNoTrace:59 
12-26 19:17:39.149  2812  3125 I WindowManager: notifyInsetsControlChanged, removed=false, win=Window{7845e77 u0 Splash Screen com.risa.app}, caller=com.android.server.wm.InsetsStateController$$ExternalSyntheticLambda1.run:137 com.android.server.wm.WindowAnimator$$ExternalSyntheticLambda2.onTransactionCommitted:26 android.view.SurfaceControl$Transaction$$ExternalSyntheticLambda4.run:0 android.os.Handler.handleCallback:995 android.os.Handler.dispatchMessage:103 android.os.Looper.loopOnce:273 
12-26 19:17:39.170  2812  5181 D SGM:GameManager: identifyGamePackage. com.risa.app, mCurrentUserId: 0, callingMethodInfo: com.samsung.android.game.IGameManagerService$Stub.onTransact(IGameManagerService.java:247)
12-26 19:17:39.250  2812  5181 D SGM:GameManager: identifyGamePackage. com.risa.app, mCurrentUserId: 0, callingMethodInfo: com.samsung.android.game.IGameManagerService$Stub.onTransact(IGameManagerService.java:247)
12-26 19:17:39.294  2812  4526 D MdnieScenarioControlService:  packageName : com.risa.app    className : com.risa.app.MainActivity
12-26 19:17:39.358  2812  7578 D SGM:FgCheckThread: notifyAppCreated(), packageName: com.risa.app, userId: 0, sendRet: true
12-26 19:17:39.358  2812  4227 D SGM:FgCheckThread: onLooperPrepared(), msg: MSG_APP_CREATE, pkgName: com.risa.app, userId: 0
12-26 19:17:39.359  2812  7578 D SGM:FgCheckThread:   sendRunningComponentFocus(), pkgName: com.risa.app, userId: 0
12-26 19:17:39.359  2812  4227 D SGM:FgCheckThread: onLooperPrepared(), msg: MSG_TASK_FOCUSED, pkgName: com.risa.app, userId: 0
12-26 19:17:39.359  2812  4227 D SGM:FgCheckThread:   handleTaskFocused(), pkgName: com.risa.app, userID:0
12-26 19:17:39.359  2812  4227 D SGM:FgCheckThread:   handleResume(). pkgName: com.risa.app, userId: 0, category: non-game
12-26 19:17:39.359  2812  7578 D ActivityTaskManager: scheduleTopResumedActivityChanged, onTop=true, r=ActivityRecord{100479597 u0 com.risa.app/.MainActivity t21291}, caller=com.android.server.wm.ActivityTaskSupervisor.scheduleTopResumedActivityStateIfNeeded:18 com.android.server.wm.ActivityTaskSupervisor.updateTopResumedActivityIfNeeded:54 com.android.server.wm.TaskFragment.setResumedActivity:30 com.android.server.wm.ActivityRecord.setState:100 com.android.server.wm.ActivityTaskSupervisor.realStartActivityLocked:477 com.android.server.wm.RootWindowContainer.attachApplication:92 
12-26 19:17:39.359  2812  4227 D SGM:FgCheckThread: notifyFocusInOut(). of pkg: com.risa.app, type: 4, isSecGameFamily: false, userId: 0
12-26 19:17:39.360  2812  3124 D SGM:FgCheckThread: noteResumeComponent(), received pkgName: com.risa.app, userId: 0
12-26 19:17:39.360 31841 31841 D ActivityThread: com.risa.app will use render engine as VK
12-26 19:17:39.360  2812  4227 D SGM:FgCheckThread: onLooperPrepared(), msg: MSG_APP_RESUME, pkgName: com.risa.app, userid: 0
12-26 19:17:39.361  2812  3124 D SGM:GameManager: identifyGamePackage. com.risa.app, mCurrentUserId: 0, callingMethodInfo: com.samsung.android.game.SemGameManager.isGamePackage(SemGameManager.java:106)
12-26 19:17:39.361  2812  3124 D SGM:SemGameManager: isGamePackage(), pkgName=com.risa.app, ret=false
12-26 19:17:39.361  7550  8127 I SDHMS:k : handleResumeComponent : put = com.risa.app, userid = 0 instanceid =55171824
12-26 19:17:39.395  2812  7779 V WindowManager:    ChangeInfo{49c9ffa container=ActivityRecord{100479597 u0 com.risa.app/.MainActivity t21291} flags=0x0}
12-26 19:17:39.395  2812  7779 V WindowManager:    ChangeInfo{8a1808 container=Task{f79dea2 #21291 type=standard I=com.risa.app/.MainActivity} flags=0x10}
12-26 19:17:39.400  2812  7779 D WindowManager: prepareSync <SYNC_STATE_WAITING_FOR_DRAW>, mPrepareSyncSeqId=0, win=Window{7845e77 u0 Splash Screen com.risa.app}
12-26 19:17:39.401  2812  7779 V WindowManager: Override sync-method for 7845e77 Splash Screen com.risa.app because seamless rotating, caller=com.android.server.wm.DisplayContent.setSeamlessTransitionForFixedRotation:22 com.android.server.wm.DisplayContent.requestChangeTransition:96 com.android.server.wm.DisplayRotation.updateRotationUnchecked:760 com.android.server.wm.DisplayRotation.updateOrientation:79 com.android.server.wm.DisplayContent.continueUpdateOrientationForDiffOrienLaunchingApp:63 
12-26 19:17:39.401  2812  7779 D ChangeTransitionController:    ChangeInfo{49c9ffa container=ActivityRecord{100479597 u0 com.risa.app/.MainActivity t21291} flags=0x0}
12-26 19:17:39.401  2812  7779 D ChangeTransitionController:    ChangeInfo{8a1808 container=Task{f79dea2 #21291 type=standard I=com.risa.app/.MainActivity} flags=0x10}
12-26 19:17:39.421  2812  3124 V WindowManager: Collecting in transition 5757: Task{f79dea2 #21291 type=standard I=com.risa.app/.MainActivity}, caller=com.android.server.wm.TransitionController$$ExternalSyntheticLambda2.accept:34 com.android.server.wm.Task.forAllLeafTasks:6 com.android.server.wm.WindowContainer.forAllLeafTasks:4 com.android.server.wm.DisplayArea.forAllLeafTasks:4 com.android.server.wm.WindowContainer.forAllLeafTasks:4 
12-26 19:17:39.421  2812  3124 V WindowManager: Collecting in transition 5757: ActivityRecord{100479597 u0 com.risa.app/.MainActivity t21291}, caller=com.android.server.wm.TransitionController$$ExternalSyntheticLambda2.accept:21 com.android.server.wm.ActivityRecord.forAllActivities:2 com.android.server.wm.WindowContainer.forAllActivities:8 com.android.server.wm.WindowContainer.forAllActivities:6 com.android.server.wm.TransitionController$$ExternalSyntheticLambda2.accept:107 
12-26 19:17:39.435  2812  3124 D ChangeTransitionController:    ChangeInfo{40b7ef5 container=ActivityRecord{100479597 u0 com.risa.app/.MainActivity t21291} flags=0x0}
12-26 19:17:39.435  2812  3124 D ChangeTransitionController:    ChangeInfo{7fc8afb container=Task{f79dea2 #21291 type=standard I=com.risa.app/.MainActivity} flags=0x0}
12-26 19:17:39.435  2812  3124 V WindowManager: Start calculating TransitionInfo based on participants: {ActivityRecord{100479597 u0 com.risa.app/.MainActivity t21291}, Display{#0 state=ON size=2340x1080 ROTATION_90}, Task{f79dea2 #21291 type=standard I=com.risa.app/.MainActivity}}
12-26 19:17:39.435  2812  3124 V WindowManager:   Final targets: [ChangeInfo{7fc8afb container=Task{f79dea2 #21291 type=standard I=com.risa.app/.MainActivity} flags=0x0}, ChangeInfo{798a42c container=DefaultTaskDisplayArea_d0@90254262 flags=0x10}, ChangeInfo{11e48a container=Display{#0 state=ON size=2340x1080 ROTATION_90} flags=0x1}]
12-26 19:17:39.437  2812  3124 V WindowManager:         {WCT{RemoteToken{5ab70c5 Task{f79dea2 #21291 type=standard I=com.risa.app/.MainActivity}}} m=CHANGE f=NONE p=WCT{RemoteToken{70b963d DefaultTaskDisplayArea_d0@90254262}} leash=Surface(name=Task=21291)/@0x242d92f sb=Rect(0, 0 - 1080, 2340) eb=Rect(0, 0 - 2340, 1080) epz=Point(2340, 1080) d=0 r=0->1:-1 taskParent=-1 inset=Rect(84, 84 - 135, 0)},
12-26 19:17:39.438  2812  3121 V WindowManager:         {WCT{RemoteToken{5ab70c5 Task{f79dea2 #21291 type=standard I=com.risa.app/.MainActivity}}} m=CHANGE f=NONE p=WCT{RemoteToken{70b963d DefaultTaskDisplayArea_d0@90254262}} leash=Surface(name=Task=21291)/@0x242d92f sb=Rect(0, 0 - 1080, 2340) eb=Rect(0, 0 - 2340, 1080) epz=Point(2340, 1080) d=0 r=0->1:-1 taskParent=-1 inset=Rect(84, 84 - 135, 0)},
12-26 19:17:39.441  2812  6028 V WindowManager:    ChangeInfo{40b7ef5 container=ActivityRecord{100479597 u0 com.risa.app/.MainActivity t21291} flags=0x0}
12-26 19:17:39.441  2812  6028 V WindowManager:    ChangeInfo{7fc8afb container=Task{f79dea2 #21291 type=standard I=com.risa.app/.MainActivity} flags=0x0}
12-26 19:17:39.441  2812  6028 D ChangeTransitionController:    ChangeInfo{40b7ef5 container=ActivityRecord{100479597 u0 com.risa.app/.MainActivity t21291} flags=0x0}
12-26 19:17:39.441  2812  6028 D ChangeTransitionController:    ChangeInfo{7fc8afb container=Task{f79dea2 #21291 type=standard I=com.risa.app/.MainActivity} flags=0x0}
12-26 19:17:39.441  2812  6028 D WindowManager: rotationForOrientation, orientationSource=ActivityRecord{100479597 u0 com.risa.app/.MainActivity t21291}
12-26 19:17:39.530  2812  3125 I WindowManager: notifyInsetsControlChanged, removed=false, win=Window{7845e77 u0 Splash Screen com.risa.app}, caller=com.android.server.wm.InsetsStateController$$ExternalSyntheticLambda1.run:137 com.android.server.wm.WindowAnimator$$ExternalSyntheticLambda2.onTransactionCommitted:26 android.view.SurfaceControl$Transaction$$ExternalSyntheticLambda4.run:0 android.os.Handler.handleCallback:995 android.os.Handler.dispatchMessage:103 android.os.Looper.loopOnce:273 
12-26 19:17:39.648  2812  5181 D CoreBackPreview: Window{4b3a366 u0 com.risa.app/com.risa.app.MainActivity}: Setting back callback OnBackInvokedCallbackInfo{mCallback=android.window.IOnBackInvokedCallback$Stub$Proxy@ea8f39f, mPriority=-1, mIsAnimationCallback=false, mOverrideBehavior=0}
12-26 19:17:39.663  2812  7951 D WindowManager: makeSurface duration=0 name=com.risa.app/com.risa.app.MainActivity$_31841
12-26 19:17:39.664  2812  7951 D WindowManager: Changing focus from null to Window{4b3a366 u0 com.risa.app/com.risa.app.MainActivity} displayId=0 Callers=com.android.server.wm.WindowManagerService.relayoutWindow:1350 com.android.server.wm.Session.relayout:27 android.view.IWindowSession$Stub.onTransact:829 com.android.server.wm.Session.onTransact:1 
12-26 19:17:39.665  2812  7951 D InsetsSourceProvider: updateControlForTarget: control=InsetsSourceControl: {4c0000 mType=statusBars initiallyVisible mSurfacePosition=Point(0, 0) mInsetsHint=Insets{left=0, top=84, right=0, bottom=0}}, target=Window{4b3a366 u0 com.risa.app/com.risa.app.MainActivity}, from=com.android.server.wm.InsetsStateController.onControlTargetChanged:83 com.android.server.wm.InsetsPolicy.updateBarControlTarget:212 com.android.server.wm.DisplayPolicy.updateSystemBarAttributes:262 com.android.server.wm.WindowManagerService.updateFocusedWindowLocked:372 com.android.server.wm.WindowManagerService.relayoutWindow:1350 
12-26 19:17:39.665  2812  7951 D InsetsSourceProvider: updateControlForTarget: control=InsetsSourceControl: {e4a90001 mType=navigationBars initiallyVisible mSurfacePosition=Point(2205, 0) mInsetsHint=Insets{left=0, top=0, right=135, bottom=0}}, target=Window{4b3a366 u0 com.risa.app/com.risa.app.MainActivity}, from=com.android.server.wm.InsetsStateController.onControlTargetChanged:83 com.android.server.wm.InsetsPolicy.updateBarControlTarget:225 com.android.server.wm.DisplayPolicy.updateSystemBarAttributes:262 com.android.server.wm.WindowManagerService.updateFocusedWindowLocked:372 com.android.server.wm.WindowManagerService.relayoutWindow:1350 
12-26 19:17:39.665  2812  7951 V SystemKeyManager: updateFocusedWindow() is called, com.risa.app/com.risa.app.MainActivity
12-26 19:17:39.694  2812  5181 D WindowManager: rotationForOrientation, orientationSource=ActivityRecord{100479597 u0 com.risa.app/.MainActivity t21291}
12-26 19:17:39.701  2812  3125 I WindowManager: notifyInsetsControlChanged, removed=false, win=Window{7845e77 u0 Splash Screen com.risa.app}, caller=com.android.server.wm.InsetsStateController$$ExternalSyntheticLambda1.run:137 com.android.server.wm.WindowAnimator$$ExternalSyntheticLambda2.onTransactionCommitted:26 android.view.SurfaceControl$Transaction$$ExternalSyntheticLambda4.run:0 android.os.Handler.handleCallback:995 android.os.Handler.dispatchMessage:103 android.os.Looper.loopOnce:273 
12-26 19:17:39.743  2812  5181 D WindowManager: finishDrawingWindow: Window{4b3a366 u0 com.risa.app/com.risa.app.MainActivity} mDrawState=DRAW_PENDING seqId=0
12-26 19:17:39.745  2812  3125 V WindowManager: Finish starting ActivityRecord{100479597 u0 com.risa.app/.MainActivity t21291}: first real window is shown, no animation
12-26 19:17:39.745  2812  3125 V WindowManager: Schedule remove starting ActivityRecord{100479597 u0 com.risa.app/.MainActivity t21291} startingWindow=Window{7845e77 u0 Splash Screen com.risa.app} animate=true Callers=com.android.server.wm.ActivityRecord.removeStartingWindow:178 com.android.server.wm.WindowState.performShowLocked:155 com.android.server.wm.WindowStateAnimator.commitFinishDrawingLocked:73 com.android.server.wm.DisplayContent$$ExternalSyntheticLambda1.accept$com$android$server$wm$DisplayContent$$ExternalSyntheticLambda37:23 com.android.server.wm.DisplayContent$$ExternalSyntheticLambda1.accept:143 
12-26 19:17:39.745  2812  3125 D TaskOrganizerController: applyStartingWindowAnimation, window=Window{4b3a366 u0 com.risa.app/com.risa.app.MainActivity}, caller=com.android.server.wm.TaskOrganizerController.removeStartingWindow:132 com.android.server.wm.StartingSurfaceController$StartingSurface.remove:23 com.android.server.wm.ActivityRecord.removeStartingWindowAnimation:171 
12-26 19:17:39.745  2812  3125 I WindowManager: Reparenting to leash, surface=Surface(name=4b3a366 com.risa.app/com.risa.app.MainActivity)/@0x91d396d, leashParent=Surface(name=ActivityRecord{100479597 u0 com.risa.app/.MainActivity t21291})/@0x3ed9a2
12-26 19:17:39.746  2812  3125 D WindowManager: makeSurface duration=0 leash=Surface(name=Surface(name=4b3a366 com.risa.app/com.risa.app.MainActivity)/@0x91d396d - animation-leash of starting_reveal)/@0x65e3633
12-26 19:17:39.749  2812  3125 V WindowManager: performShowLocked: mDrawState=HAS_DRAWN in Window{4b3a366 u0 com.risa.app/com.risa.app.MainActivity}
12-26 19:17:39.752  2812  3121 I Pageboost: Launch time gathered : pid 31841 com.risa.app 698
12-26 19:17:39.763  2812  3122 D SGM:GameManager: identifyForegroundApp. com.risa.app, mCurrentUserId: 0, callerUserId: 0
12-26 19:17:39.764  2812  3122 D SGM:GameManager: identifyForegroundApp. com.risa.app, mCurrentUserId: 0, callerUserId: 0
12-26 19:17:39.765  2812  3124 D SGM:FgCheckThread: getForegroundApp(), foregroundPkgName=com.risa.app
12-26 19:17:39.765  2812  3124 D SGM:FgCheckThread: noteStopComponent(), received pkgName: com.sec.android.app.myfiles, focusedPkgName: com.risa.app, userId: 0
12-26 19:17:39.802  2812  7779 D InsetsSourceProvider: updateControlForTarget: control=InsetsSourceControl: {3 mType=ime mSurfacePosition=Point(0, 84) mInsetsHint=Insets{left=0, top=0, right=0, bottom=1008}}, target=Window{4b3a366 u0 com.risa.app/com.risa.app.MainActivity}, from=com.android.server.wm.ImeInsetsSourceProvider.updateControlForTarget:17 com.android.server.wm.InsetsStateController.onControlTargetChanged:83 com.android.server.wm.DisplayContent.updateImeControlTarget:21 com.android.server.wm.DisplayContent.updateImeInputAndControlTarget:156 com.android.server.wm.WindowManagerService$LocalService.updateInputMethodTargetWindow:64 
12-26 19:17:39.803  2812  3124 D SGM:FgCheckThread: getForegroundApp(), foregroundPkgName=com.risa.app
12-26 19:17:39.804  2812  3124 D SGM:FgCheckThread: noteStopComponent(), received pkgName: com.google.android.packageinstaller, focusedPkgName: com.risa.app, userId: 0
12-26 19:17:39.810  2812  7951 D WindowManager: Starting window removed Window{7845e77 u0 Splash Screen com.risa.app}
12-26 19:17:39.810  2812  7951 I WindowManager: Cancelling animation restarting=false, leash=Surface(name=Surface(name=4b3a366 com.risa.app/com.risa.app.MainActivity)/@0x91d396d - animation-leash of starting_reveal)/@0x65e3633
12-26 19:17:39.810  2812  7951 I WindowManager: Reparenting to original parent: Surface(name=ActivityRecord{100479597 u0 com.risa.app/.MainActivity t21291})/@0x3ed9a2, destroy=false, surface=Surface(name=4b3a366 com.risa.app/com.risa.app.MainActivity)/@0x91d396d
12-26 19:17:39.810  2812  7951 V WindowManager: Remove Window{7845e77 u0 Splash Screen com.risa.app}: mSurfaceControl=Surface(name=Splash Screen com.risa.app$_4743)/@0x6e0cd77 mAnimatingExit=false mRemoveOnExit=false mHasSurface=true surfaceShowing=true animating=false app-animation=false callers=com.android.server.wm.Session.remove:16 android.view.IWindowSession$Stub.onTransact:804 com.android.server.wm.Session.onTransact:1 android.os.Binder.execTransactInternal:1462 android.os.Binder.execTransact:1401 <bottom of call stack> 
12-26 19:17:39.816  2812  3124 D SGM:FgCheckThread: getForegroundApp(), foregroundPkgName=com.risa.app
12-26 19:17:39.817  2812  3124 D SGM:FgCheckThread: noteStopComponent(), received pkgName: com.google.android.packageinstaller, focusedPkgName: com.risa.app, userId: 0
12-26 19:17:39.830  2812  3122 D SGM:GameManager: identifyForegroundApp. com.risa.app, mCurrentUserId: 0, callerUserId: 0
12-26 19:17:39.832  2812  3122 D SGM:GameManager: identifyForegroundApp. com.risa.app, mCurrentUserId: 0, callerUserId: 0
12-26 19:17:39.895  2812  6028 D CoreBackPreview: Window{4b3a366 u0 com.risa.app/com.risa.app.MainActivity}: Setting back callback OnBackInvokedCallbackInfo{mCallback=android.window.IOnBackInvokedCallback$Stub$Proxy@7e79581, mPriority=0, mIsAnimationCallback=true, mOverrideBehavior=0}
12-26 19:17:39.895  2812  6028 D CoreBackPreview: Window{4b3a366 u0 com.risa.app/com.risa.app.MainActivity}: Setting back callback OnBackInvokedCallbackInfo{mCallback=android.window.IOnBackInvokedCallback$Stub$Proxy@fee2626, mPriority=-1, mIsAnimationCallback=false, mOverrideBehavior=0}
12-26 19:17:39.961  2812  4526 D MdnieScenarioControlService:  packageName : com.risa.app    className : com.risa.app.MainActivity
12-26 19:17:40.303  2812  3124 D SGM:GameManager: identifyForegroundApp. com.risa.app, mCurrentUserId: 0, callerUserId: 0
12-26 19:17:40.519  2812  4617 D SGM:GameManager: identifyGamePackage. com.risa.app, mCurrentUserId: 0, callingMethodInfo: com.samsung.android.game.SemGameManager.isGamePackage(SemGameManager.java:106)
12-26 19:17:40.519  2812  4617 D SGM:SemGameManager: isGamePackage(), pkgName=com.risa.app, ret=false
12-26 19:17:42.389  1176  1176 D io_stats: !@ Read_top(KB): com.risa.app(31841) 24956 kworker/u16:5(27430) 2152 d.process.acore(12114) 1600
12-26 19:17:42.537  2812  7779 D CoreBackPreview: Window{4b3a366 u0 com.risa.app/com.risa.app.MainActivity}: Setting back callback OnBackInvokedCallbackInfo{mCallback=android.window.IOnBackInvokedCallback$Stub$Proxy@3e4299, mPriority=0, mIsAnimationCallback=true, mOverrideBehavior=0}
12-26 19:17:42.537  2812  7779 D CoreBackPreview: Window{4b3a366 u0 com.risa.app/com.risa.app.MainActivity}: Setting back callback OnBackInvokedCallbackInfo{mCallback=android.window.IOnBackInvokedCallback$Stub$Proxy@e23295e, mPriority=-1, mIsAnimationCallback=false, mOverrideBehavior=0}
12-26 19:17:42.538  2812  7779 D CoreBackPreview: Window{4b3a366 u0 com.risa.app/com.risa.app.MainActivity}: Setting back callback OnBackInvokedCallbackInfo{mCallback=android.window.IOnBackInvokedCallback$Stub$Proxy@847713f, mPriority=0, mIsAnimationCallback=true, mOverrideBehavior=0}
12-26 19:17:42.772  2812  7779 D CoreBackPreview: Window{4b3a366 u0 com.risa.app/com.risa.app.MainActivity}: Setting back callback OnBackInvokedCallbackInfo{mCallback=android.window.IOnBackInvokedCallback$Stub$Proxy@9744ba8, mPriority=-1, mIsAnimationCallback=false, mOverrideBehavior=0}
12-26 19:17:43.529  2812  4617 D SGM:GameManager: identifyGamePackage. com.risa.app, mCurrentUserId: 0, callingMethodInfo: com.samsung.android.game.SemGameManager.isGamePackage(SemGameManager.java:106)
12-26 19:17:43.529  2812  4617 D SGM:SemGameManager: isGamePackage(), pkgName=com.risa.app, ret=false
12-26 19:17:44.402  2812  4712 I Pageboost: db create : CREATE TABLE IF NOT EXISTS comrisaapp (FILENAME TEXT, OFFSET INTEGER, SIZE INTEGER, FORVRAMDISK INTEGER, BITMAP BLOB, unique (FILENAME, OFFSET) );
12-26 19:17:44.412  2812  4712 I Pageboost: db create : CREATE TABLE IF NOT EXISTS comrisaapp (FILENAME TEXT, OFFSET INTEGER, SIZE INTEGER, FORVRAMDISK INTEGER, BITMAP BLOB, unique (FILENAME, OFFSET) );
12-26 19:17:44.529  2812  4712 I Pageboost: db update :com.risa.app ret 1
12-26 19:17:44.594  2812  4712 I Pageboost: memUsage collected : 180767 60652 22088 for com.risa.app 31841
12-26 19:17:45.738  2812  4378 D WindowManager: updateSystemBarAttributes: displayId=0, focusedCanBeNavColorWin=false, win=Window{4b3a366 u0 com.risa.app/com.risa.app.MainActivity}, navColorWin=Window{4b3a366 u0 com.risa.app/com.risa.app.MainActivity}, caller=com.android.server.wm.InsetsStateController.onRequestedVisibleTypesChanged:86 com.android.server.wm.InsetsPolicy.onRequestedVisibleTypesChanged:3 com.android.server.wm.Session.updateRequestedVisibleTypes:37 
12-26 19:17:45.765  2812  6028 D ContentCapturePerUserService: Notified activity assist data for activity: Token{349daf0 ActivityRecord{100479597 u0 com.risa.app/.MainActivity t21291}} without a session Id
12-26 19:17:45.967  2812  6028 D CoreBackPreview: Window{4b3a366 u0 com.risa.app/com.risa.app.MainActivity}: Setting back callback OnBackInvokedCallbackInfo{mCallback=android.window.IOnBackInvokedCallback$Stub$Proxy@b86611b, mPriority=0, mIsAnimationCallback=true, mOverrideBehavior=0}
12-26 19:17:46.054  2812  3125 D InsetsSourceProvider: updateVisibility: serverVisible=true, clientVisible=true, source=InsetsSource: {3 mType=ime mFrame=[84,494][2205,1080] mVisible=true mFlags= mSideHint=BOTTOM mBoundingRects=null}, controlTarget=Window{4b3a366 u0 com.risa.app/com.risa.app.MainActivity}, from=com.android.server.wm.ImeInsetsSourceProvider.updateVisibility:7 com.android.server.wm.InsetsSourceProvider.setServerVisible:6 com.android.server.wm.ImeInsetsSourceProvider.setServerVisible:75 com.android.server.wm.InsetsSourceProvider.onPostLayout:30 com.android.server.wm.ImeInsetsSourceProvider.onPostLayout:3 com.android.server.wm.InsetsStateController.onPostLayout:26 com.android.server.wm.RootWindowContainer.applySurfaceChangesTransaction$1:203 com.android.server.wm.RootWindowContainer.performSurfacePlacementNoTrace:59 com.android.server.wm.WindowSurfacePlacer.performSurfacePlacement:166 com.android.server.wm.WindowSurfacePlacer$Traverser.run:14 
12-26 19:17:46.548  2812  4617 D SGM:GameManager: identifyGamePackage. com.risa.app, mCurrentUserId: 0, callingMethodInfo: com.samsung.android.game.SemGameManager.isGamePackage(SemGameManager.java:106)
12-26 19:17:46.548  2812  4617 D SGM:SemGameManager: isGamePackage(), pkgName=com.risa.app, ret=false
12-26 19:17:49.578  2812  4617 D SGM:GameManager: identifyGamePackage. com.risa.app, mCurrentUserId: 0, callingMethodInfo: com.samsung.android.game.SemGameManager.isGamePackage(SemGameManager.java:106)
12-26 19:17:49.578  2812  4617 D SGM:SemGameManager: isGamePackage(), pkgName=com.risa.app, ret=false
12-26 19:17:50.396  1176  1176 D io_stats: !@ Write_top(KB): com.risa.app(31841) 276 f2fs_ckpt-254:6(1290) 116 sait.sohservice(29486) 16
12-26 19:17:52.574  2812  4617 D SGM:GameManager: identifyGamePackage. com.risa.app, mCurrentUserId: 0, callingMethodInfo: com.samsung.android.game.SemGameManager.isGamePackage(SemGameManager.java:106)
12-26 19:17:52.574  2812  4617 D SGM:SemGameManager: isGamePackage(), pkgName=com.risa.app, ret=false
12-26 19:17:55.327  2812  5150 D ContentCapturePerUserService: Notified activity assist data for activity: Token{349daf0 ActivityRecord{100479597 u0 com.risa.app/.MainActivity t21291}} without a session Id
12-26 19:17:55.586  2812  4617 D SGM:GameManager: identifyGamePackage. com.risa.app, mCurrentUserId: 0, callingMethodInfo: com.samsung.android.game.SemGameManager.isGamePackage(SemGameManager.java:106)
12-26 19:17:55.587  2812  4617 D SGM:SemGameManager: isGamePackage(), pkgName=com.risa.app, ret=false
12-26 19:17:57.111  2812  7578 D ContentCapturePerUserService: Notified activity assist data for activity: Token{349daf0 ActivityRecord{100479597 u0 com.risa.app/.MainActivity t21291}} without a session Id
12-26 19:17:58.602  2812  4617 D SGM:GameManager: identifyGamePackage. com.risa.app, mCurrentUserId: 0, callingMethodInfo: com.samsung.android.game.SemGameManager.isGamePackage(SemGameManager.java:106)
12-26 19:17:58.602  2812  4617 D SGM:SemGameManager: isGamePackage(), pkgName=com.risa.app, ret=false
12-26 19:17:59.698  2812  5150 D CoreBackPreview: startBackNavigation currentTask=Task{f79dea2 #21291 type=standard I=com.risa.app/.MainActivity}, topRunningActivity=ActivityRecord{100479597 u0 com.risa.app/.MainActivity t21291}, callbackInfo=OnBackInvokedCallbackInfo{mCallback=android.window.IOnBackInvokedCallback$Stub$Proxy@b86611b, mPriority=0, mIsAnimationCallback=true, mOverrideBehavior=0}, currentFocus=Window{4b3a366 u0 com.risa.app/com.risa.app.MainActivity}
12-26 19:17:59.749  2812  5150 D CoreBackPreview: Window{4b3a366 u0 com.risa.app/com.risa.app.MainActivity}: Setting back callback OnBackInvokedCallbackInfo{mCallback=android.window.IOnBackInvokedCallback$Stub$Proxy@7873e13, mPriority=-1, mIsAnimationCallback=false, mOverrideBehavior=0}
12-26 19:17:59.900  2812  7578 D InsetsSourceProvider: updateVisibility: serverVisible=true, clientVisible=false, source=InsetsSource: {3 mType=ime mFrame=[84,494][2205,1080] mVisible=false mFlags= mSideHint=BOTTOM mBoundingRects=null}, controlTarget=Window{4b3a366 u0 com.risa.app/com.risa.app.MainActivity}, from=com.android.server.wm.ImeInsetsSourceProvider.updateVisibility:7 com.android.server.wm.InsetsSourceProvider.setClientVisible:8 com.android.server.wm.ImeInsetsSourceProvider.setClientVisible:17 com.android.server.wm.InsetsSourceProvider.updateClientVisibility:20 com.android.server.wm.ImeInsetsSourceProvider.updateClientVisibility:142 com.android.server.wm.InsetsStateController.onRequestedVisibleTypesChanged:44 com.android.server.wm.InsetsPolicy.onRequestedVisibleTypesChanged:3 com.android.server.wm.Session.updateRequestedVisibleTypes:37 android.view.IWindowSession$Stub.onTransact:1188 com.android.server.wm.Session.onTransact:1 
12-26 19:17:59.903  2812  7578 D InsetsSourceProvider: updateControlForTarget: control=InsetsSourceControl: {e4a90001 mType=navigationBars initiallyVisible mSurfacePosition=Point(2205, 0) mInsetsHint=Insets{left=0, top=0, right=135, bottom=0}}, target=Window{4b3a366 u0 com.risa.app/com.risa.app.MainActivity}, from=com.android.server.wm.InsetsStateController.onControlTargetChanged:83 com.android.server.wm.InsetsPolicy.updateBarControlTarget:225 com.android.server.wm.DisplayPolicy.updateSystemBarAttributes:262 com.android.server.wm.InsetsStateController.onRequestedVisibleTypesChanged:86 com.android.server.wm.InsetsPolicy.onRequestedVisibleTypesChanged:3 
12-26 19:17:59.903  2812  7578 D WindowManager: updateSystemBarAttributes: displayId=0, focusedCanBeNavColorWin=false, win=Window{4b3a366 u0 com.risa.app/com.risa.app.MainActivity}, navColorWin=Window{4b3a366 u0 com.risa.app/com.risa.app.MainActivity}, caller=com.android.server.wm.InsetsStateController.onRequestedVisibleTypesChanged:86 com.android.server.wm.InsetsPolicy.onRequestedVisibleTypesChanged:3 com.android.server.wm.Session.updateRequestedVisibleTypes:37 
12-26 19:18:00.323  2812  6373 D InsetsSourceProvider: updateControlForTarget: control=InsetsSourceControl: {3 mType=ime mSurfacePosition=Point(84, 84) mInsetsHint=Insets{left=0, top=0, right=0, bottom=586}}, target=Window{4b3a366 u0 com.risa.app/com.risa.app.MainActivity}, from=com.android.server.wm.ImeInsetsSourceProvider.updateControlForTarget:17 com.android.server.wm.ImeInsetsSourceProvider.setServerVisible:68 com.android.server.wm.InsetsSourceProvider.onPostLayout:30 com.android.server.wm.ImeInsetsSourceProvider.onPostLayout:3 com.android.server.wm.InsetsStateController.onPostLayout:26 
12-26 19:18:00.440  2812  3124 D SGM:GameManager: identifyForegroundApp. com.risa.app, mCurrentUserId: 0, callerUserId: 0
12-26 19:18:01.614  2812  4617 D SGM:GameManager: identifyGamePackage. com.risa.app, mCurrentUserId: 0, callingMethodInfo: com.samsung.android.game.SemGameManager.isGamePackage(SemGameManager.java:106)
12-26 19:18:01.614  2812  4617 D SGM:SemGameManager: isGamePackage(), pkgName=com.risa.app, ret=false
12-26 19:18:02.406  1176  1176 D io_stats: !@ Read_top(KB): .openai.chatgpt(14448) 2548 .android.chrome(13710) 2428 com.risa.app(31841) 868
12-26 19:18:03.513  5849  5849 D ActivityThread: Package [com.risa.app] reported as REPLACED, but missing application info. Assuming REMOVED.
12-26 19:18:03.515  5849  5849 D ActivityThread: Package [com.risa.app] reported as REPLACED, but missing application info. Assuming REMOVED.
12-26 19:18:03.515  5849  5849 D ActivityThread: Package [com.risa.app] reported as REPLACED, but missing application info. Assuming REMOVED.
12-26 19:18:04.639  2812  4617 D SGM:GameManager: identifyGamePackage. com.risa.app, mCurrentUserId: 0, callingMethodInfo: com.samsung.android.game.SemGameManager.isGamePackage(SemGameManager.java:106)
12-26 19:18:04.639  2812  4617 D SGM:SemGameManager: isGamePackage(), pkgName=com.risa.app, ret=false
12-26 19:18:06.408  1176  1176 D io_stats: !@ Write_top(KB): kworker/u16:2(23818) 16764 com.risa.app(31841) 12036 facebook.katana(5849) 632
12-26 19:18:07.645  2812  4617 D SGM:GameManager: identifyGamePackage. com.risa.app, mCurrentUserId: 0, callingMethodInfo: com.samsung.android.game.SemGameManager.isGamePackage(SemGameManager.java:106)
12-26 19:18:07.645  2812  4617 D SGM:SemGameManager: isGamePackage(), pkgName=com.risa.app, ret=false
12-26 19:18:10.410  1176  1176 D io_stats: !@ Write_top(KB): com.risa.app(31841) 19868 kworker/u16:2(23818) 10976 kworker/u16:1(21549) 5888
12-26 19:18:10.655  2812  4617 D SGM:GameManager: identifyGamePackage. com.risa.app, mCurrentUserId: 0, callingMethodInfo: com.samsung.android.game.SemGameManager.isGamePackage(SemGameManager.java:106)
12-26 19:18:10.655  2812  4617 D SGM:SemGameManager: isGamePackage(), pkgName=com.risa.app, ret=false
12-26 19:18:13.671  2812  4617 D SGM:GameManager: identifyGamePackage. com.risa.app, mCurrentUserId: 0, callingMethodInfo: com.samsung.android.game.SemGameManager.isGamePackage(SemGameManager.java:106)
12-26 19:18:13.671  2812  4617 D SGM:SemGameManager: isGamePackage(), pkgName=com.risa.app, ret=false
12-26 19:18:14.412  1176  1176 D io_stats: !@ Write_top(KB): com.risa.app(31841) 17648 kworker/u16:2(23818) 11488 kworker/u16:3(16099) 6064
12-26 19:18:16.686  2812  4617 D SGM:GameManager: identifyGamePackage. com.risa.app, mCurrentUserId: 0, callingMethodInfo: com.samsung.android.game.SemGameManager.isGamePackage(SemGameManager.java:106)
12-26 19:18:16.686  2812  4617 D SGM:SemGameManager: isGamePackage(), pkgName=com.risa.app, ret=false
12-26 19:18:18.414  1176  1176 D io_stats: !@ Write_top(KB): kworker/u16:1(21549) 30984 com.risa.app(31841) 16648 kworker/u16:0(27360) 8876
12-26 19:18:19.695  2812  4617 D SGM:GameManager: identifyGamePackage. com.risa.app, mCurrentUserId: 0, callingMethodInfo: com.samsung.android.game.SemGameManager.isGamePackage(SemGameManager.java:106)
12-26 19:18:19.695  2812  4617 D SGM:SemGameManager: isGamePackage(), pkgName=com.risa.app, ret=false
12-26 19:18:22.415  1176  1176 D io_stats: !@ Write_top(KB): kworker/u16:0(27360) 19420 com.risa.app(31841) 18696 kworker/u16:2(23818) 15144
12-26 19:18:22.709  2812  4617 D SGM:GameManager: identifyGamePackage. com.risa.app, mCurrentUserId: 0, callingMethodInfo: com.samsung.android.game.SemGameManager.isGamePackage(SemGameManager.java:106)
12-26 19:18:22.709  2812  4617 D SGM:SemGameManager: isGamePackage(), pkgName=com.risa.app, ret=false
12-26 19:18:25.721  2812  4617 D SGM:GameManager: identifyGamePackage. com.risa.app, mCurrentUserId: 0, callingMethodInfo: com.samsung.android.game.SemGameManager.isGamePackage(SemGameManager.java:106)
12-26 19:18:25.722  2812  4617 D SGM:SemGameManager: isGamePackage(), pkgName=com.risa.app, ret=false
12-26 19:18:26.418  1176  1176 D io_stats: !@ Write_top(KB): com.risa.app(31841) 13312 f2fs_ckpt-254:6(1290) 100
12-26 19:18:28.734  2812  4617 D SGM:GameManager: identifyGamePackage. com.risa.app, mCurrentUserId: 0, callingMethodInfo: com.samsung.android.game.SemGameManager.isGamePackage(SemGameManager.java:106)
12-26 19:18:28.734  2812  4617 D SGM:SemGameManager: isGamePackage(), pkgName=com.risa.app, ret=false
12-26 19:18:30.421  1176  1176 D io_stats: !@ Write_top(KB): kworker/u16:2(23818) 21112 com.risa.app(31841) 13232 f2fs_ckpt-254:6(1290) 136
12-26 19:18:31.742  2812  4617 D SGM:GameManager: identifyGamePackage. com.risa.app, mCurrentUserId: 0, callingMethodInfo: com.samsung.android.game.SemGameManager.isGamePackage(SemGameManager.java:106)
12-26 19:18:31.742  2812  4617 D SGM:SemGameManager: isGamePackage(), pkgName=com.risa.app, ret=false
12-26 19:18:34.424  1176  1176 D io_stats: !@ Write_top(KB): com.risa.app(31841) 13144 kworker/u16:2(23818) 772 rdash.driverapp(4350) 56
12-26 19:18:34.761  2812  4617 D SGM:GameManager: identifyGamePackage. com.risa.app, mCurrentUserId: 0, callingMethodInfo: com.samsung.android.game.SemGameManager.isGamePackage(SemGameManager.java:106)
12-26 19:18:34.761  2812  4617 D SGM:SemGameManager: isGamePackage(), pkgName=com.risa.app, ret=false
12-26 19:18:37.774  2812  4617 D SGM:GameManager: identifyGamePackage. com.risa.app, mCurrentUserId: 0, callingMethodInfo: com.samsung.android.game.SemGameManager.isGamePackage(SemGameManager.java:106)
12-26 19:18:37.774  2812  4617 D SGM:SemGameManager: isGamePackage(), pkgName=com.risa.app, ret=false
12-26 19:18:38.426  1176  1176 D io_stats: !@ Read_top(KB): .amazon.dee.app(8281) 172 martsuggestions(7492) 56 com.risa.app(31841) 28
12-26 19:18:38.426  1176  1176 D io_stats: !@ Write_top(KB): com.risa.app(31841) 41384 kworker/u16:3(16099) 3092
12-26 19:18:40.783  2812  4617 D SGM:GameManager: identifyGamePackage. com.risa.app, mCurrentUserId: 0, callingMethodInfo: com.samsung.android.game.SemGameManager.isGamePackage(SemGameManager.java:106)
12-26 19:18:40.783  2812  4617 D SGM:SemGameManager: isGamePackage(), pkgName=com.risa.app, ret=false
12-26 19:18:42.428  1176  1176 D io_stats: !@ Write_top(KB): com.risa.app(31841) 17604 kworker/u16:1(21549) 1824 vendor.samsung.(1987) 8
12-26 19:18:43.791  2812  4617 D SGM:GameManager: identifyGamePackage. com.risa.app, mCurrentUserId: 0, callingMethodInfo: com.samsung.android.game.SemGameManager.isGamePackage(SemGameManager.java:106)
12-26 19:18:43.791  2812  4617 D SGM:SemGameManager: isGamePackage(), pkgName=com.risa.app, ret=false
12-26 19:18:46.430  1176  1176 D io_stats: !@ Read_top(KB): com.risa.app(31841) 66692 stagram.android(18251) 352 emon.lvoverseas(12787) 200
12-26 19:18:46.430  1176  1176 D io_stats: !@ Write_top(KB): kworker/u16:0(27360) 166876 m.android.phone(4968) 1580 com.risa.app(31841) 432
12-26 19:18:46.818  2812  4617 D SGM:GameManager: identifyGamePackage. com.risa.app, mCurrentUserId: 0, callingMethodInfo: com.samsung.android.game.SemGameManager.isGamePackage(SemGameManager.java:106)
12-26 19:18:46.819  2812  4617 D SGM:SemGameManager: isGamePackage(), pkgName=com.risa.app, ret=false
12-26 19:18:49.821  2812  4617 D SGM:GameManager: identifyGamePackage. com.risa.app, mCurrentUserId: 0, callingMethodInfo: com.samsung.android.game.SemGameManager.isGamePackage(SemGameManager.java:106)
12-26 19:18:49.821  2812  4617 D SGM:SemGameManager: isGamePackage(), pkgName=com.risa.app, ret=false
12-26 19:18:50.431  1176  1176 D io_stats: !@ Write_top(KB): kworker/u16:0(27360) 23204 kworker/u16:3(16099) 19712 com.risa.app(31841) 17580
12-26 19:18:52.831  2812  4617 D SGM:GameManager: identifyGamePackage. com.risa.app, mCurrentUserId: 0, callingMethodInfo: com.samsung.android.game.SemGameManager.isGamePackage(SemGameManager.java:106)
12-26 19:18:52.831  2812  4617 D SGM:SemGameManager: isGamePackage(), pkgName=com.risa.app, ret=false
12-26 19:18:53.618 31841 32512 E AndroidRuntime: FATAL EXCEPTION: flutter-worker-2
12-26 19:18:53.618 31841 32512 E AndroidRuntime: Process: com.risa.app, PID: 31841
12-26 19:18:53.618 31841 32512 E AndroidRuntime: 	at io.flutter.plugin.common.StandardMessageCodec.readValueOfType(StandardMessageCodec.java:381)
12-26 19:18:53.618 31841 32512 E AndroidRuntime: 	at io.flutter.plugin.common.StandardMessageCodec.readValue(StandardMessageCodec.java:340)
12-26 19:18:53.618 31841 32512 E AndroidRuntime: 	at io.flutter.plugin.common.StandardMessageCodec.readValueOfType(StandardMessageCodec.java:424)
12-26 19:18:53.618 31841 32512 E AndroidRuntime: 	at io.flutter.plugin.common.StandardMessageCodec.readValue(StandardMessageCodec.java:340)
12-26 19:18:53.618 31841 32512 E AndroidRuntime: 	at io.flutter.plugin.common.StandardMessageCodec.readValueOfType(StandardMessageCodec.java:434)
12-26 19:18:53.618 31841 32512 E AndroidRuntime: 	at io.flutter.plugin.common.StandardMessageCodec.readValue(StandardMessageCodec.java:340)
12-26 19:18:53.618 31841 32512 E AndroidRuntime: 	at io.flutter.plugin.common.StandardMessageCodec.readValueOfType(StandardMessageCodec.java:424)
12-26 19:18:53.618 31841 32512 E AndroidRuntime: 	at io.flutter.plugin.common.StandardMessageCodec.readValue(StandardMessageCodec.java:340)
12-26 19:18:53.618 31841 32512 E AndroidRuntime: 	at io.flutter.plugin.common.StandardMessageCodec.readValueOfType(StandardMessageCodec.java:434)
12-26 19:18:53.618 31841 32512 E AndroidRuntime: 	at io.flutter.plugin.common.StandardMessageCodec.readValue(StandardMessageCodec.java:340)
12-26 19:18:53.618 31841 32512 E AndroidRuntime: 	at io.flutter.plugin.common.StandardMethodCodec.decodeMethodCall(StandardMethodCodec.java:49)
12-26 19:18:53.618 31841 32512 E AndroidRuntime: 	at io.flutter.plugin.common.MethodChannel$IncomingMethodCallHandler.onMessage(MethodChannel.java:265)
12-26 19:18:53.618 31841 32512 E AndroidRuntime: 	at io.flutter.embedding.engine.dart.DartMessenger.invokeHandler(DartMessenger.java:292)
12-26 19:18:53.618 31841 32512 E AndroidRuntime: 	at io.flutter.embedding.engine.dart.DartMessenger.lambda$dispatchMessageToQueue$0$io-flutter-embedding-engine-dart-DartMessenger(DartMessenger.java:319)
12-26 19:18:53.618 31841 32512 E AndroidRuntime: 	at io.flutter.embedding.engine.dart.DartMessenger$$ExternalSyntheticLambda0.run(D8$$SyntheticClass:0)
12-26 19:18:53.618 31841 32512 E AndroidRuntime: 	at io.flutter.embedding.engine.dart.DartMessenger$SerialTaskQueue.flush(DartMessenger.java:173)
12-26 19:18:53.618 31841 32512 E AndroidRuntime: 	at io.flutter.embedding.engine.dart.DartMessenger$SerialTaskQueue.lambda$dispatch$0$io-flutter-embedding-engine-dart-DartMessenger$SerialTaskQueue(DartMessenger.java:163)
12-26 19:18:53.618 31841 32512 E AndroidRuntime: 	at io.flutter.embedding.engine.dart.DartMessenger$SerialTaskQueue$$ExternalSyntheticLambda0.run(D8$$SyntheticClass:0)
12-26 19:18:53.648  2812  6374 W ActivityTaskManager:   Force finishing activity com.risa.app/.MainActivity
12-26 19:18:53.649  2812 32677 W ActivityManager: crash : com.risa.app,11279
12-26 19:18:53.653  2812  6374 V WindowManager: Collecting in transition 5758: Task{f79dea2 #21291 type=standard I=com.risa.app/.MainActivity}, caller=com.android.server.wm.Transition.collectExistenceChange:40 com.android.server.wm.Transition.collectClose:7 com.android.server.wm.ActivityRecord.finishIfPossible:50 com.android.server.wm.ActivityRecord.finishIfPossible:1 com.android.server.wm.RootWindowContainer$$ExternalSyntheticLambda34.accept:179 
