12-26 19:16:14.044  2812  3152 D SGM:GosNotifyThread: sendPackageMessage(), changeType=8, pkgName=com.risa.app, userHandleId=0
12-26 19:16:14.044  2812  4229 D SGM:GosNotifyThread: notifyPackageChangedToGos(), before send intent to GOS. type:15, changeType: 8, pkgName:com.risa.app, userHandleId:0
12-26 19:16:14.044  2812  4229 D SGM:PmAppCategoryManager: getManifestCategory(), manifestCategory=-1, packageName=com.risa.app
12-26 19:16:14.044  2812  3152 D MetaDataCollector: onReceive: done pkgName=com.risa.app
12-26 19:16:14.044  2812  4229 D SGM:PmAppCategoryManager: getCategoryOverride(), categoryOverride=-1, packageName=com.risa.app
12-26 19:16:14.044  2812  4229 I SGM:GosNotifyThread: notifyPackageChangedToGos(), category from pm: com.risa.app, [-1/-1]
12-26 19:16:14.079  2812  6028 I Pageboost: onAppLaunch : com.risa.app
12-26 19:16:14.079  2812  4712 I Pageboost: Record App IO : com.risa.app pid 0
12-26 19:16:14.082  2812  6028 V WindowManager: Collecting in transition 5741: ActivityRecord{249065598 u0 com.risa.app/.MainActivity, caller=com.android.server.wm.TransitionController.collect:7 com.android.server.wm.ActivityStarter.startActivityUnchecked:98 com.android.server.wm.ActivityStarter.executeRequest:3651 com.android.server.wm.ActivityStarter.execute:1752 com.android.server.wm.ActivityTaskManagerService.startActivityAsUser:95 
12-26 19:16:14.082  2812  6028 D ActivityTaskManager: DesktopModeLaunchParamsModifier: task=null activity=ActivityRecord{249065598 u0 com.risa.app/.MainActivity t-1} task null, skipping
12-26 19:16:14.082  2812  6028 D ActivityTaskManager: TaskLaunchParamsModifier:task=null activity=ActivityRecord{249065598 u0 com.risa.app/.MainActivity t-1} display-area-from-source=DefaultTaskDisplayArea_d0@90254262 display-id=0 task-display-area-windowing-mode=1 suggested-display-area=DefaultTaskDisplayArea_d0@90254262
12-26 19:16:14.082  2812  6028 D ActivityTaskManager: DesktopModeLaunchParamsModifier: task=null activity=ActivityRecord{249065598 u0 com.risa.app/.MainActivity t-1} task null, skipping
12-26 19:16:14.082  2812  6028 D ActivityTaskManager: TaskLaunchParamsModifier:task=null activity=ActivityRecord{249065598 u0 com.risa.app/.MainActivity t-1} display-area-from-source=DefaultTaskDisplayArea_d0@90254262 display-id=0 task-display-area-windowing-mode=1 suggested-display-area=DefaultTaskDisplayArea_d0@90254262 inherit-from-source=fullscreen non-freeform-task-display-area display-area=DefaultTaskDisplayArea_d0@90254262 activity-requested-landscape freeform-size-mismatch=Rect(81, 559 - 999, 1729)
12-26 19:16:14.083  2812  6028 D ActivityTaskManager: DesktopModeLaunchParamsModifier: task=Task{a0d5292 #21289 type=standard I=com.risa.app/.MainActivity} activity=ActivityRecord{249065598 u0 com.risa.app/.MainActivity t-1} non-desktop, skipping
12-26 19:16:14.083  2812  6028 D ActivityTaskManager: TaskLaunchParamsModifier:task=Task{a0d5292 #21289 type=standard I=com.risa.app/.MainActivity} activity=ActivityRecord{249065598 u0 com.risa.app/.MainActivity t-1} display-area-from-source=DefaultTaskDisplayArea_d0@90254262 display-id=0 task-display-area-windowing-mode=1 suggested-display-area=DefaultTaskDisplayArea_d0@90254262 inherit-from-source=fullscreen non-freeform-task-display-area display-area=DefaultTaskDisplayArea_d0@90254262 activity-requested-landscape freeform-size-mismatch=Rect(81, 559 - 999, 1729)
12-26 19:16:14.084  2812  6028 V WindowManager: Collecting in transition 5741: Task{a0d5292 #21289 type=standard I=com.risa.app/.MainActivity}, caller=com.android.server.wm.Transition.collectExistenceChange:40 com.android.server.wm.ActivityStarter.startActivityInner:293 com.android.server.wm.ActivityStarter.startActivityUnchecked:111 com.android.server.wm.ActivityStarter.executeRequest:3651 com.android.server.wm.ActivityStarter.execute:1752 
12-26 19:16:14.085  2812  6028 V WindowManager: Add starting ActivityRecord{249065598 u0 com.risa.app/.MainActivity t21289}: startingData=SplashScreenStartingData{8aa05de removeAfterTransaction= 0}
12-26 19:16:14.085  2812  6028 V WindowManager: Added starting ActivityRecord{249065598 u0 com.risa.app/.MainActivity t21289}: startingWindow=null startingView=com.android.server.wm.StartingSurfaceController$StartingSurface@5e253bf
12-26 19:16:14.086  2812  6028 V WindowManager: Collecting in transition 5741: ActivityRecord{249065598 u0 com.risa.app/.MainActivity t21289}, caller=com.android.server.wm.Transition.collectExistenceChange:40 com.android.server.wm.ActivityStarter.handleStartResult:761 com.android.server.wm.ActivityStarter.startActivityUnchecked:124 com.android.server.wm.ActivityStarter.executeRequest:3651 com.android.server.wm.ActivityStarter.execute:1752 
12-26 19:16:14.086  2812  6028 V WindowManager:    ChangeInfo{9cca1ea container=Task{a0d5292 #21289 type=standard I=com.risa.app/.MainActivity} flags=0x0}
12-26 19:16:14.086  2812  6028 V WindowManager:    ChangeInfo{c454378 container=ActivityRecord{249065598 u0 com.risa.app/.MainActivity t21289} flags=0x0}
12-26 19:16:14.086  2812  6028 I ActivityTaskManager: START u0 {act=android.intent.action.MAIN cat=[android.intent.category.LAUNCHER] flg=0x34000000 xflg=0x4 pkg=com.risa.app cmp=com.risa.app/.MainActivity} with LAUNCH_SINGLE_TOP from uid 10082 (sr=131167787) (BAL_ALLOW_VISIBLE_WINDOW) result code=0
12-26 19:16:14.087  4743  4800 V WindowManagerShell: Transition requested (#5741): android.os.BinderProxy@6d10226 TransitionRequestInfo { type = OPEN, triggerTask = TaskInfo{userId=0 taskId=21289 effectiveUid=11278 displayId=0 isRunning=true baseIntent=Intent { act=android.intent.action.MAIN cat=[android.intent.category.LAUNCHER] flg=0x34000000 pkg=com.risa.app cmp=com.risa.app/.MainActivity } baseActivity=ComponentInfo{com.risa.app/com.risa.app.MainActivity} topActivity=ComponentInfo{com.risa.app/com.risa.app.MainActivity} origActivity=null realActivity=ComponentInfo{com.risa.app/com.risa.app.MainActivity} numActivities=1 lastActiveTime=322292277 supportsMultiWindow=true resizeMode=2 isResizeable=true minWidth=-1 minHeight=-1 maxWidth=-1 maxHeight=-1 defaultMinSize=220 desktopDefaultMinSize=304 token=WCT{android.window.IWindowContainerToken$Stub$Proxy@509ae67} topActivityType=1 pictureInPictureParams=null shouldDockBigOverlays=false launchIntoPipHostTaskId=-1 lastParentTaskIdBeforePip=-1 displayCutoutSafeInsets=Rect(0, 84 - 0, 0) topActivityInfo=ActivityInfo{2ecd414 com.risa.app.MainActivity} launchCookies=[] positionInParent=Point(0, 0) parentTaskId=-1 isFocused=false isVisible=false isVisibleRequested=false isTopActivityNoDisplay=false isSleeping=false locusId=null displayAreaFeatureId=1 isTopActivityTransparent=false isActivityStackTransparent=false lastNonFullscreenBounds=Rect(81, 559 - 999, 1729) capturedLink=null capturedLinkTimestamp=0 requestedVisibleTypes=-9 topActivityRequestOpenInBrowserEducationTimestamp=0 appCompatTaskInfo=AppCompatTaskInfo { topActivityInSizeCompat=false eligibleForLetterboxEducation= false isLetterboxEducationEnabled= false isLetterboxDoubleTapEnabled= false eligibleForUserAspectRatioButton= false topActivityBoundsLetterboxed= false isFromLetterboxDoubleTap= false topActivityLetterboxVerticalPosition= -1 topActivityLetterboxHorizontalPosition= -1 topActivityLetterboxWidth=-1 topActivityLetterboxHeight=-1 topActivityAppBounds=Rect(0, 0 - 1080, 2340) isUserFullscreenOverrideEnabled=false isSystemFullscreenOverrideEnabled=false hasMinAspectRatioOverride=false topActivityLetterboxBounds=null cameraCompatTaskInfo=CameraCompatTaskInfo { freeformCameraCompatMode=inactive} topActivityBounds=null topActivityInDisplayCompat=false singleTapFromLetterbox=false} topActivityMainWindowFrame=null originallySupportedMultiWindow=true hasWallpaper=false rootAffinity=null isTopTaskInStage=false CoverLauncherWidgetTask=false LaunchedFromAppsCoverLauncherTask=false LaunchedFromMultistarCoverLauncherTask=false isAllowedSeamlessRotation=false isTopTransparentActivity=false isAliasManaged=false hasConfigChanged=false snappingGuideBounds=null isAiKeyRemoveAppTask=false lastDesktopWindowingBounds=null lastExternalDesktopWindowingBounds=null safeCutoutInsets=null}, pipChange = null, remoteTransition = null, displayChange = null, flags = 0, debugId = 5741 }
12-26 19:16:14.089  2812  7880 V WindowManager: Collecting in transition 5741: ActivityRecord{249065598 u0 com.risa.app/.MainActivity t21289}, caller=com.android.server.wm.TransitionController.collect:7 com.android.server.wm.ActivityRecord.setVisibility:132 com.android.server.wm.EnsureActivitiesVisibleHelper.process:459 com.android.server.wm.TaskFragment.updateActivityVisibilities:12 com.android.server.wm.Task$$ExternalSyntheticLambda37.accept:37 
12-26 19:16:14.103  2812  6682 D WindowManager: prepareSync <SYNC_STATE_WAITING_FOR_DRAW>, mPrepareSyncSeqId=0, win=Window{9d1a28e u0 Splash Screen com.risa.app}
12-26 19:16:14.103  2812  6682 V WindowManager: addWindow: ActivityRecord{249065598 u0 com.risa.app/.MainActivity t21289} startingWindow=Window{9d1a28e u0 Splash Screen com.risa.app}
12-26 19:16:14.104  2812  6682 D WindowManager: rotationForOrientation, orientationSource=ActivityRecord{249065598 u0 com.risa.app/.MainActivity t21289}
12-26 19:16:14.104  2812  6682 D ActivityTaskManager: applyFixedRotationTransform, r=ActivityRecord{249065598 u0 com.risa.app/.MainActivity t21289}, caller=com.android.server.wm.ActivityRecord.applyFixedRotationTransform:20 com.android.server.wm.DisplayContent.startFixedRotationTransform:63 com.android.server.wm.DisplayContent.setFixedRotationLaunchingApp:47 com.android.server.wm.DisplayContent.handleTopActivityLaunchingInDifferentOrientation:286 com.android.server.wm.DisplayContent.updateOrientation:40 
12-26 19:16:14.105  2812  6682 D WindowManager: setFixedRotationLaunchingAppUnchecked, rotation=1, r=ActivityRecord{249065598 u0 com.risa.app/.MainActivity t21289}, caller=com.android.server.wm.DisplayContent.setFixedRotationLaunchingAppUnchecked:131 com.android.server.wm.DisplayContent.setFixedRotationLaunchingApp:50 com.android.server.wm.DisplayContent.handleTopActivityLaunchingInDifferentOrientation:286 com.android.server.wm.DisplayContent.updateOrientation:40 com.android.server.wm.WindowManagerService.addWindowInner:690 
12-26 19:16:14.109  2812  4878 D WindowManager: makeSurface duration=0 name=Splash Screen com.risa.app$_4743
12-26 19:16:14.117  2812  3154 I ActivityManager: Start proc 28892:com.risa.app/u0a1278 for next-top-activity {com.risa.app/com.risa.app.MainActivity}
12-26 19:16:14.130  2812  4741 D SGM:GameManager: identifyGamePackage. com.risa.app, mCurrentUserId: 0, callingMethodInfo: com.samsung.android.game.IGameManagerService$Stub.onTransact(IGameManagerService.java:247)
12-26 19:16:14.132  2812  2860 D WindowManager: finishDrawingWindow: Window{9d1a28e u0 Splash Screen com.risa.app} mDrawState=DRAW_PENDING seqId=0
12-26 19:16:14.132  2812  2860 V WindowManager: Finishing drawing window Window{9d1a28e u0 Splash Screen com.risa.app}: mDrawState=DRAW_PENDING
12-26 19:16:14.132  2812  2860 V WindowManager: Draw state now committed in Window{9d1a28e u0 Splash Screen com.risa.app}
12-26 19:16:14.134  2812  3125 V WindowManager: performShowLocked: mDrawState=HAS_DRAWN in Window{9d1a28e u0 Splash Screen com.risa.app}
12-26 19:16:14.134  2812  3125 D WindowManagerServiceExt: updateTaskbarTargetIfNeeded: cn=ComponentInfo{com.risa.app/com.risa.app.MainActivity} occludesParent=true isInSplitScreenMode=false
12-26 19:16:14.134  2812  3125 D ChangeTransitionController:    ChangeInfo{9cca1ea container=Task{a0d5292 #21289 type=standard I=com.risa.app/.MainActivity} flags=0x0}
12-26 19:16:14.134  2812  3125 D ChangeTransitionController:    ChangeInfo{c454378 container=ActivityRecord{249065598 u0 com.risa.app/.MainActivity t21289} flags=0x0}
12-26 19:16:14.134  2812  3125 V WindowManager: Start calculating TransitionInfo based on participants: {ActivityRecord{28842380 u0 com.google.android.packageinstaller/com.android.packageinstaller.DeleteStagedFileOnResult t21288}, ActivityRecord{131167787 u0 com.google.android.packageinstaller/com.android.packageinstaller.InstallSuccess t21288 f}}, Task{a0d5292 #21289 type=standard I=com.risa.app/.MainActivity}, ActivityRecord{181778710 u0 com.android.chrome/com.google.android.apps.chrome.Main t21270}, ActivityRecord{249065598 u0 com.risa.app/.MainActivity t21289}}
12-26 19:16:14.134  2812  3125 V WindowManager:   Final targets: [ChangeInfo{9cca1ea container=Task{a0d5292 #21289 type=standard I=com.risa.app/.MainActivity} flags=0x10}, ChangeInfo{9ddf77c container=Task{747d12d #21288 type=standard A=10082:com.google.android.packageinstaller} flags=0x10}, ChangeInfo{b3f305a container=Task{868b297 #21270 type=standard A=10275:com.android.chrome} flags=0x10}]
12-26 19:16:14.136  2812  3125 V WindowManager:         {WCT{RemoteToken{caff826 Task{a0d5292 #21289 type=standard I=com.risa.app/.MainActivity}}} m=OPEN f=NONE leash=Surface(name=Task=21289)/@0xd10f68 sb=Rect(0, 0 - 1080, 2340) eb=Rect(0, 0 - 1080, 2340) epz=Point(1080, 2340) d=0 endFixedRotation=1 taskParent=-1 inset=Rect(84, 84 - 0, 0) dim=true},
12-26 19:16:14.163  2812  3121 V WindowManager: Sent Transition (#5741) createdAt=12-26 19:16:14.081 via request=TransitionRequestInfo { type = OPEN, triggerTask = TaskInfo{userId=0 taskId=21289 effectiveUid=11278 displayId=0 isRunning=true baseIntent=Intent { act=android.intent.action.MAIN cat=[android.intent.category.LAUNCHER] flg=0x34000000 pkg=com.risa.app cmp=com.risa.app/.MainActivity } baseActivity=ComponentInfo{com.risa.app/com.risa.app.MainActivity} topActivity=ComponentInfo{com.risa.app/com.risa.app.MainActivity} origActivity=null realActivity=ComponentInfo{com.risa.app/com.risa.app.MainActivity} numActivities=1 lastActiveTime=322292277 supportsMultiWindow=true resizeMode=2 isResizeable=true minWidth=-1 minHeight=-1 maxWidth=-1 maxHeight=-1 defaultMinSize=220 desktopDefaultMinSize=304 token=WCT{RemoteToken{caff826 Task{a0d5292 #21289 type=standard I=com.risa.app/.MainActivity}}} topActivityType=1 pictureInPictureParams=null shouldDockBigOverlays=false launchIntoPipHostTaskId=-1 lastParentTaskIdBeforePip=-1 displayCutoutSafeInsets=Rect(0, 84 - 0, 0) topActivityInfo=ActivityInfo{9446380 com.risa.app.MainActivity} launchCookies=[] positionInParent=Point(0, 0) parentTaskId=-1 isFocused=false isVisible=false isVisibleRequested=false isTopActivityNoDisplay=false isSleeping=false locusId=null displayAreaFeatureId=1 isTopActivityTransparent=false isActivityStackTransparent=false lastNonFullscreenBounds=Rect(81, 559 - 999, 1729) capturedLink=null capturedLinkTimestamp=0 requestedVisibleTypes=-9 topActivityRequestOpenInBrowserEducationTimestamp=0 appCompatTaskInfo=AppCompatTaskInfo { topActivityInSizeCompat=false eligibleForLetterboxEducation= false isLetterboxEducationEnabled= false isLetterboxDoubleTapEnabled= false eligibleForUserAspectRatioButton= false topActivityBoundsLetterboxed= false isFromLetterboxDoubleTap= false topActivityLetterboxVerticalPosition= -1 topActivityLetterboxHorizontalPosition= -1 topActivityLetterboxWidth=-1 topActivityLetterboxHeight=-1 topActivityAppBounds=Rect(0, 0 - 1080, 2340) isUserFullscreenOverrideEnabled=false isSystemFullscreenOverrideEnabled=false hasMinAspectRatioOverride=false topActivityLetterboxBounds=null cameraCompatTaskInfo=CameraCompatTaskInfo { freeformCameraCompatMode=inactive} topActivityBounds=null topActivityInDisplayCompat=false singleTapFromLetterbox=false} topActivityMainWindowFrame=null originallySupportedMultiWindow=true hasWallpaper=false rootAffinity=null isTopTaskInStage=false CoverLauncherWidgetTask=false LaunchedFromAppsCoverLauncherTask=false LaunchedFromMultistarCoverLauncherTask=false isAllowedSeamlessRotation=false isTopTransparentActivity=false isAliasManaged=false hasConfigChanged=false snappingGuideBounds=null isAiKeyRemoveAppTask=false lastDesktopWindowingBounds=null lastExternalDesktopWindowingBounds=null safeCutoutInsets=null}, pipChange = null, remoteTransition = null, displayChange = null, flags = 0, debugId = 5741 }
12-26 19:16:14.163  2812  3121 V WindowManager:         {WCT{RemoteToken{caff826 Task{a0d5292 #21289 type=standard I=com.risa.app/.MainActivity}}} m=OPEN f=NONE leash=Surface(name=Task=21289)/@0xd10f68 sb=Rect(0, 0 - 1080, 2340) eb=Rect(0, 0 - 1080, 2340) epz=Point(1080, 2340) d=0 endFixedRotation=1 taskParent=-1 inset=Rect(84, 84 - 0, 0) dim=true},
12-26 19:16:14.163  2812  3125 D InsetsSourceProvider: updateControlForTarget: control=InsetsSourceControl: {4c0000 mType=statusBars initiallyVisible mSurfacePosition=Point(0, 0) mInsetsHint=Insets{left=0, top=84, right=0, bottom=0}}, target=Window{9d1a28e u0 Splash Screen com.risa.app}, from=com.android.server.wm.InsetsStateController.onControlTargetChanged:83 com.android.server.wm.InsetsPolicy.updateBarControlTarget:212 com.android.server.wm.DisplayPolicy.updateSystemBarAttributes:262 com.android.server.wm.DisplayPolicy.finishPostLayoutPolicyLw:17 com.android.server.wm.RootWindowContainer.applySurfaceChangesTransaction$1:195 
12-26 19:16:14.164  2812  3125 D InsetsSourceProvider: updateControlForTarget: control=InsetsSourceControl: {e4a90001 mType=navigationBars initiallyVisible mSurfacePosition=Point(0, 2205) mInsetsHint=Insets{left=0, top=0, right=0, bottom=135}}, target=Window{9d1a28e u0 Splash Screen com.risa.app}, from=com.android.server.wm.InsetsStateController.onControlTargetChanged:83 com.android.server.wm.InsetsPolicy.updateBarControlTarget:225 com.android.server.wm.DisplayPolicy.updateSystemBarAttributes:262 com.android.server.wm.DisplayPolicy.finishPostLayoutPolicyLw:17 com.android.server.wm.RootWindowContainer.applySurfaceChangesTransaction$1:195 
12-26 19:16:14.164  2812  3125 D WindowManager: updateSystemBarAttributes: displayId=0, focusedCanBeNavColorWin=false, win=Window{9d1a28e u0 Splash Screen com.risa.app}, navColorWin=Window{9d1a28e u0 Splash Screen com.risa.app}, caller=com.android.server.wm.DisplayPolicy.finishPostLayoutPolicyLw:17 com.android.server.wm.RootWindowContainer.applySurfaceChangesTransaction$1:195 com.android.server.wm.RootWindowContainer.performSurfacePlacementNoTrace:59 
12-26 19:16:14.182  2812  3125 I WindowManager: notifyInsetsControlChanged, removed=false, win=Window{9d1a28e u0 Splash Screen com.risa.app}, caller=com.android.server.wm.InsetsStateController$$ExternalSyntheticLambda1.run:137 com.android.server.wm.WindowAnimator$$ExternalSyntheticLambda2.onTransactionCommitted:26 android.view.SurfaceControl$Transaction$$ExternalSyntheticLambda4.run:0 android.os.Handler.handleCallback:995 android.os.Handler.dispatchMessage:103 android.os.Looper.loopOnce:273 
12-26 19:16:14.191  2812  6682 D SGM:GameManager: identifyGamePackage. com.risa.app, mCurrentUserId: 0, callingMethodInfo: com.samsung.android.game.IGameManagerService$Stub.onTransact(IGameManagerService.java:247)
12-26 19:16:14.316  2812  4526 D MdnieScenarioControlService:  packageName : com.risa.app    className : com.risa.app.MainActivity
12-26 19:16:14.396  2812  6682 D SGM:FgCheckThread: notifyAppCreated(), packageName: com.risa.app, userId: 0, sendRet: true
12-26 19:16:14.396  2812  4227 D SGM:FgCheckThread: onLooperPrepared(), msg: MSG_APP_CREATE, pkgName: com.risa.app, userId: 0
12-26 19:16:14.397  2812  6682 D SGM:FgCheckThread:   sendRunningComponentFocus(), pkgName: com.risa.app, userId: 0
12-26 19:16:14.397  2812  4227 D SGM:FgCheckThread: onLooperPrepared(), msg: MSG_TASK_FOCUSED, pkgName: com.risa.app, userId: 0
12-26 19:16:14.397  2812  4227 D SGM:FgCheckThread:   handleTaskFocused(), pkgName: com.risa.app, userID:0
12-26 19:16:14.397  2812  4227 D SGM:FgCheckThread:   handleResume(). pkgName: com.risa.app, userId: 0, category: non-game
12-26 19:16:14.397  2812  4227 D SGM:FgCheckThread: notifyFocusInOut(). of pkg: com.risa.app, type: 4, isSecGameFamily: false, userId: 0
12-26 19:16:14.397  2812  6682 D ActivityTaskManager: scheduleTopResumedActivityChanged, onTop=true, r=ActivityRecord{249065598 u0 com.risa.app/.MainActivity t21289}, caller=com.android.server.wm.ActivityTaskSupervisor.scheduleTopResumedActivityStateIfNeeded:18 com.android.server.wm.ActivityTaskSupervisor.updateTopResumedActivityIfNeeded:54 com.android.server.wm.TaskFragment.setResumedActivity:30 com.android.server.wm.ActivityRecord.setState:100 com.android.server.wm.ActivityTaskSupervisor.realStartActivityLocked:477 com.android.server.wm.RootWindowContainer.attachApplication:92 
12-26 19:16:14.398  2812  3124 D SGM:FgCheckThread: noteResumeComponent(), received pkgName: com.risa.app, userId: 0
12-26 19:16:14.398  2812  4227 D SGM:FgCheckThread: onLooperPrepared(), msg: MSG_APP_RESUME, pkgName: com.risa.app, userid: 0
12-26 19:16:14.399 28892 28892 D ActivityThread: com.risa.app will use render engine as VK
12-26 19:16:14.399  2812  3124 D SGM:GameManager: identifyGamePackage. com.risa.app, mCurrentUserId: 0, callingMethodInfo: com.samsung.android.game.SemGameManager.isGamePackage(SemGameManager.java:106)
12-26 19:16:14.399  2812  3124 D SGM:SemGameManager: isGamePackage(), pkgName=com.risa.app, ret=false
12-26 19:16:14.400  7550 30232 I SDHMS:k : handleResumeComponent : put = com.risa.app, userid = 0 instanceid =96523363
12-26 19:16:14.413  2812  2860 V WindowManager:    ChangeInfo{9cca1ea container=Task{a0d5292 #21289 type=standard I=com.risa.app/.MainActivity} flags=0x10}
12-26 19:16:14.413  2812  2860 V WindowManager:    ChangeInfo{c454378 container=ActivityRecord{249065598 u0 com.risa.app/.MainActivity t21289} flags=0x0}
12-26 19:16:14.416  2812  2860 D WindowManager: prepareSync <SYNC_STATE_WAITING_FOR_DRAW>, mPrepareSyncSeqId=0, win=Window{9d1a28e u0 Splash Screen com.risa.app}
12-26 19:16:14.416  2812  2860 V WindowManager: Override sync-method for 9d1a28e Splash Screen com.risa.app because seamless rotating, caller=com.android.server.wm.DisplayContent.setSeamlessTransitionForFixedRotation:22 com.android.server.wm.DisplayContent.requestChangeTransition:96 com.android.server.wm.DisplayRotation.updateRotationUnchecked:760 com.android.server.wm.DisplayRotation.updateOrientation:79 com.android.server.wm.DisplayContent.continueUpdateOrientationForDiffOrienLaunchingApp:63 
12-26 19:16:14.416  2812  2860 D ChangeTransitionController:    ChangeInfo{9cca1ea container=Task{a0d5292 #21289 type=standard I=com.risa.app/.MainActivity} flags=0x10}
12-26 19:16:14.416  2812  2860 D ChangeTransitionController:    ChangeInfo{c454378 container=ActivityRecord{249065598 u0 com.risa.app/.MainActivity t21289} flags=0x0}
12-26 19:16:14.449  2812  3124 V WindowManager: Collecting in transition 5742: Task{a0d5292 #21289 type=standard I=com.risa.app/.MainActivity}, caller=com.android.server.wm.TransitionController$$ExternalSyntheticLambda2.accept:34 com.android.server.wm.Task.forAllLeafTasks:6 com.android.server.wm.WindowContainer.forAllLeafTasks:4 com.android.server.wm.DisplayArea.forAllLeafTasks:4 com.android.server.wm.WindowContainer.forAllLeafTasks:4 
12-26 19:16:14.449  2812  3124 V WindowManager: Collecting in transition 5742: ActivityRecord{249065598 u0 com.risa.app/.MainActivity t21289}, caller=com.android.server.wm.TransitionController$$ExternalSyntheticLambda2.accept:21 com.android.server.wm.ActivityRecord.forAllActivities:2 com.android.server.wm.WindowContainer.forAllActivities:8 com.android.server.wm.WindowContainer.forAllActivities:6 com.android.server.wm.TransitionController$$ExternalSyntheticLambda2.accept:107 
12-26 19:16:14.622  2812  3124 D ChangeTransitionController:    ChangeInfo{1577b60 container=Task{a0d5292 #21289 type=standard I=com.risa.app/.MainActivity} flags=0x0}
12-26 19:16:14.622  2812  3124 D ChangeTransitionController:    ChangeInfo{3b570de container=ActivityRecord{249065598 u0 com.risa.app/.MainActivity t21289} flags=0x0}
12-26 19:16:14.622  2812  3124 V WindowManager: Start calculating TransitionInfo based on participants: {Task{a0d5292 #21289 type=standard I=com.risa.app/.MainActivity}, Display{#0 state=ON size=2340x1080 ROTATION_90}, ActivityRecord{249065598 u0 com.risa.app/.MainActivity t21289}}
12-26 19:16:14.622  2812  3124 V WindowManager:   Final targets: [ChangeInfo{1577b60 container=Task{a0d5292 #21289 type=standard I=com.risa.app/.MainActivity} flags=0x0}, ChangeInfo{a9c7363 container=DefaultTaskDisplayArea_d0@90254262 flags=0x10}, ChangeInfo{616f819 container=Display{#0 state=ON size=2340x1080 ROTATION_90} flags=0x1}]
12-26 19:16:14.624  2812  3124 V WindowManager:         {WCT{RemoteToken{caff826 Task{a0d5292 #21289 type=standard I=com.risa.app/.MainActivity}}} m=CHANGE f=NONE p=WCT{RemoteToken{70b963d DefaultTaskDisplayArea_d0@90254262}} leash=Surface(name=Task=21289)/@0xd10f68 sb=Rect(0, 0 - 1080, 2340) eb=Rect(0, 0 - 2340, 1080) epz=Point(2340, 1080) d=0 r=0->1:-1 taskParent=-1 inset=Rect(84, 84 - 135, 0)},
12-26 19:16:14.624  2812  3121 V WindowManager:         {WCT{RemoteToken{caff826 Task{a0d5292 #21289 type=standard I=com.risa.app/.MainActivity}}} m=CHANGE f=NONE p=WCT{RemoteToken{70b963d DefaultTaskDisplayArea_d0@90254262}} leash=Surface(name=Task=21289)/@0xd10f68 sb=Rect(0, 0 - 1080, 2340) eb=Rect(0, 0 - 2340, 1080) epz=Point(2340, 1080) d=0 r=0->1:-1 taskParent=-1 inset=Rect(84, 84 - 135, 0)},
12-26 19:16:14.639  2812  6373 V WindowManager:    ChangeInfo{1577b60 container=Task{a0d5292 #21289 type=standard I=com.risa.app/.MainActivity} flags=0x0}
12-26 19:16:14.639  2812  6373 V WindowManager:    ChangeInfo{3b570de container=ActivityRecord{249065598 u0 com.risa.app/.MainActivity t21289} flags=0x0}
12-26 19:16:14.641  2812  6373 D ChangeTransitionController:    ChangeInfo{1577b60 container=Task{a0d5292 #21289 type=standard I=com.risa.app/.MainActivity} flags=0x0}
12-26 19:16:14.641  2812  6373 D ChangeTransitionController:    ChangeInfo{3b570de container=ActivityRecord{249065598 u0 com.risa.app/.MainActivity t21289} flags=0x0}
12-26 19:16:14.641  2812  6373 D WindowManager: rotationForOrientation, orientationSource=ActivityRecord{249065598 u0 com.risa.app/.MainActivity t21289}
12-26 19:16:14.763  2812  3125 I WindowManager: notifyInsetsControlChanged, removed=false, win=Window{9d1a28e u0 Splash Screen com.risa.app}, caller=com.android.server.wm.InsetsStateController$$ExternalSyntheticLambda1.run:137 com.android.server.wm.WindowAnimator$$ExternalSyntheticLambda2.onTransactionCommitted:26 android.view.SurfaceControl$Transaction$$ExternalSyntheticLambda4.run:0 android.os.Handler.handleCallback:995 android.os.Handler.dispatchMessage:103 android.os.Looper.loopOnce:273 
12-26 19:16:15.741  2812  7998 D CoreBackPreview: Window{1dc98dd u0 com.risa.app/com.risa.app.MainActivity}: Setting back callback OnBackInvokedCallbackInfo{mCallback=android.window.IOnBackInvokedCallback$Stub$Proxy@e4eaa3f, mPriority=-1, mIsAnimationCallback=false, mOverrideBehavior=0}
12-26 19:16:15.758  2812  5181 D WindowManager: makeSurface duration=1 name=com.risa.app/com.risa.app.MainActivity$_28892
12-26 19:16:15.759  2812  5181 D WindowManager: Changing focus from null to Window{1dc98dd u0 com.risa.app/com.risa.app.MainActivity} displayId=0 Callers=com.android.server.wm.WindowManagerService.relayoutWindow:1350 com.android.server.wm.Session.relayout:27 android.view.IWindowSession$Stub.onTransact:829 com.android.server.wm.Session.onTransact:1 
12-26 19:16:15.760  2812  5181 D InsetsSourceProvider: updateControlForTarget: control=InsetsSourceControl: {4c0000 mType=statusBars initiallyVisible mSurfacePosition=Point(0, 0) mInsetsHint=Insets{left=0, top=84, right=0, bottom=0}}, target=Window{1dc98dd u0 com.risa.app/com.risa.app.MainActivity}, from=com.android.server.wm.InsetsStateController.onControlTargetChanged:83 com.android.server.wm.InsetsPolicy.updateBarControlTarget:212 com.android.server.wm.DisplayPolicy.updateSystemBarAttributes:262 com.android.server.wm.WindowManagerService.updateFocusedWindowLocked:372 com.android.server.wm.WindowManagerService.relayoutWindow:1350 
12-26 19:16:15.760  2812  5181 D InsetsSourceProvider: updateControlForTarget: control=InsetsSourceControl: {e4a90001 mType=navigationBars initiallyVisible mSurfacePosition=Point(2205, 0) mInsetsHint=Insets{left=0, top=0, right=135, bottom=0}}, target=Window{1dc98dd u0 com.risa.app/com.risa.app.MainActivity}, from=com.android.server.wm.InsetsStateController.onControlTargetChanged:83 com.android.server.wm.InsetsPolicy.updateBarControlTarget:225 com.android.server.wm.DisplayPolicy.updateSystemBarAttributes:262 com.android.server.wm.WindowManagerService.updateFocusedWindowLocked:372 com.android.server.wm.WindowManagerService.relayoutWindow:1350 
12-26 19:16:15.760  2812  5181 V SystemKeyManager: updateFocusedWindow() is called, com.risa.app/com.risa.app.MainActivity
12-26 19:16:15.783  2812  3125 I WindowManager: notifyInsetsControlChanged, removed=false, win=Window{9d1a28e u0 Splash Screen com.risa.app}, caller=com.android.server.wm.InsetsStateController$$ExternalSyntheticLambda1.run:137 com.android.server.wm.WindowAnimator$$ExternalSyntheticLambda2.onTransactionCommitted:26 android.view.SurfaceControl$Transaction$$ExternalSyntheticLambda4.run:0 android.os.Handler.handleCallback:995 android.os.Handler.dispatchMessage:103 android.os.Looper.loopOnce:273 
12-26 19:16:15.815  2812  4617 D SGM:GameManager: identifyGamePackage. com.risa.app, mCurrentUserId: 0, callingMethodInfo: com.samsung.android.game.SemGameManager.isGamePackage(SemGameManager.java:106)
12-26 19:16:15.815  2812  4617 D SGM:SemGameManager: isGamePackage(), pkgName=com.risa.app, ret=false
12-26 19:16:15.868  2812  5181 D WindowManager: rotationForOrientation, orientationSource=ActivityRecord{249065598 u0 com.risa.app/.MainActivity t21289}
12-26 19:16:15.916  2812  5181 D WindowManager: finishDrawingWindow: Window{1dc98dd u0 com.risa.app/com.risa.app.MainActivity} mDrawState=DRAW_PENDING seqId=0
12-26 19:16:15.917  2812  3125 V WindowManager: Finish starting ActivityRecord{249065598 u0 com.risa.app/.MainActivity t21289}: first real window is shown, no animation
12-26 19:16:15.917  2812  3125 V WindowManager: Schedule remove starting ActivityRecord{249065598 u0 com.risa.app/.MainActivity t21289} startingWindow=Window{9d1a28e u0 Splash Screen com.risa.app} animate=true Callers=com.android.server.wm.ActivityRecord.removeStartingWindow:178 com.android.server.wm.WindowState.performShowLocked:155 com.android.server.wm.WindowStateAnimator.commitFinishDrawingLocked:73 com.android.server.wm.DisplayContent$$ExternalSyntheticLambda1.accept$com$android$server$wm$DisplayContent$$ExternalSyntheticLambda37:23 com.android.server.wm.DisplayContent$$ExternalSyntheticLambda1.accept:143 
12-26 19:16:15.917  2812  3125 D TaskOrganizerController: applyStartingWindowAnimation, window=Window{1dc98dd u0 com.risa.app/com.risa.app.MainActivity}, caller=com.android.server.wm.TaskOrganizerController.removeStartingWindow:132 com.android.server.wm.StartingSurfaceController$StartingSurface.remove:23 com.android.server.wm.ActivityRecord.removeStartingWindowAnimation:171 
12-26 19:16:15.917  2812  3125 I WindowManager: Reparenting to leash, surface=Surface(name=1dc98dd com.risa.app/com.risa.app.MainActivity)/@0x4913728, leashParent=Surface(name=ActivityRecord{249065598 u0 com.risa.app/.MainActivity t21289})/@0x192dc41
12-26 19:16:15.917  2812  3125 D WindowManager: makeSurface duration=0 leash=Surface(name=Surface(name=1dc98dd com.risa.app/com.risa.app.MainActivity)/@0x4913728 - animation-leash of starting_reveal)/@0x5e9c5e6
12-26 19:16:15.918  2812  3125 V WindowManager: performShowLocked: mDrawState=HAS_DRAWN in Window{1dc98dd u0 com.risa.app/com.risa.app.MainActivity}
12-26 19:16:15.926  2812  3121 I Pageboost: Launch time gathered : pid 28892 com.risa.app 1838
12-26 19:16:15.971  2812  7998 D WindowManager: Starting window removed Window{9d1a28e u0 Splash Screen com.risa.app}
12-26 19:16:15.971  2812  7998 I WindowManager: Cancelling animation restarting=false, leash=Surface(name=Surface(name=1dc98dd com.risa.app/com.risa.app.MainActivity)/@0x4913728 - animation-leash of starting_reveal)/@0x5e9c5e6
12-26 19:16:15.971  2812  7998 I WindowManager: Reparenting to original parent: Surface(name=ActivityRecord{249065598 u0 com.risa.app/.MainActivity t21289})/@0x192dc41, destroy=false, surface=Surface(name=1dc98dd com.risa.app/com.risa.app.MainActivity)/@0x4913728
12-26 19:16:15.971  2812  7998 V WindowManager: Remove Window{9d1a28e u0 Splash Screen com.risa.app}: mSurfaceControl=Surface(name=Splash Screen com.risa.app$_4743)/@0xf3c4422 mAnimatingExit=false mRemoveOnExit=false mHasSurface=true surfaceShowing=true animating=false app-animation=false callers=com.android.server.wm.Session.remove:16 android.view.IWindowSession$Stub.onTransact:804 com.android.server.wm.Session.onTransact:1 android.os.Binder.execTransactInternal:1462 android.os.Binder.execTransact:1401 <bottom of call stack> 
12-26 19:16:15.976  2812  5181 D InsetsSourceProvider: updateControlForTarget: control=InsetsSourceControl: {3 mType=ime mSurfacePosition=Point(0, 84) mInsetsHint=Insets{left=0, top=0, right=0, bottom=1008}}, target=Window{1dc98dd u0 com.risa.app/com.risa.app.MainActivity}, from=com.android.server.wm.ImeInsetsSourceProvider.updateControlForTarget:17 com.android.server.wm.InsetsStateController.onControlTargetChanged:83 com.android.server.wm.DisplayContent.updateImeControlTarget:21 com.android.server.wm.DisplayContent.updateImeInputAndControlTarget:156 com.android.server.wm.WindowManagerService$LocalService.updateInputMethodTargetWindow:64 
12-26 19:16:15.991  2812  3124 D SGM:FgCheckThread: getForegroundApp(), foregroundPkgName=com.risa.app
12-26 19:16:15.992  2812  3124 D SGM:FgCheckThread: noteStopComponent(), received pkgName: com.google.android.packageinstaller, focusedPkgName: com.risa.app, userId: 0
12-26 19:16:16.002  2812  3124 D SGM:FgCheckThread: getForegroundApp(), foregroundPkgName=com.risa.app
12-26 19:16:16.002  2812  3124 D SGM:FgCheckThread: noteStopComponent(), received pkgName: com.google.android.packageinstaller, focusedPkgName: com.risa.app, userId: 0
12-26 19:16:16.006  2812  3122 D SGM:GameManager: identifyForegroundApp. com.risa.app, mCurrentUserId: 0, callerUserId: 0
12-26 19:16:16.007  2812  3122 D SGM:GameManager: identifyForegroundApp. com.risa.app, mCurrentUserId: 0, callerUserId: 0
12-26 19:16:16.040  2812  3124 D SGM:FgCheckThread: getForegroundApp(), foregroundPkgName=com.risa.app
12-26 19:16:16.041  2812  3122 D SGM:GameManager: identifyForegroundApp. com.risa.app, mCurrentUserId: 0, callerUserId: 0
12-26 19:16:16.043  2812  3122 D SGM:GameManager: identifyForegroundApp. com.risa.app, mCurrentUserId: 0, callerUserId: 0
12-26 19:16:16.043  2812  3124 D SGM:FgCheckThread: noteStopComponent(), received pkgName: com.android.chrome, focusedPkgName: com.risa.app, userId: 0
12-26 19:16:16.057  2812  6029 D CoreBackPreview: Window{1dc98dd u0 com.risa.app/com.risa.app.MainActivity}: Setting back callback OnBackInvokedCallbackInfo{mCallback=android.window.IOnBackInvokedCallback$Stub$Proxy@6d2b6cd, mPriority=0, mIsAnimationCallback=true, mOverrideBehavior=0}
12-26 19:16:16.057  2812  7998 D CoreBackPreview: Window{1dc98dd u0 com.risa.app/com.risa.app.MainActivity}: Setting back callback OnBackInvokedCallbackInfo{mCallback=android.window.IOnBackInvokedCallback$Stub$Proxy@af87b82, mPriority=-1, mIsAnimationCallback=false, mOverrideBehavior=0}
12-26 19:16:16.171  2812  4526 D MdnieScenarioControlService:  packageName : com.risa.app    className : com.risa.app.MainActivity
12-26 19:16:16.476  2812  3124 D SGM:GameManager: identifyForegroundApp. com.risa.app, mCurrentUserId: 0, callerUserId: 0
12-26 19:16:18.314  2812  7797 D CoreBackPreview: Window{1dc98dd u0 com.risa.app/com.risa.app.MainActivity}: Setting back callback OnBackInvokedCallbackInfo{mCallback=android.window.IOnBackInvokedCallback$Stub$Proxy@c2ca756, mPriority=0, mIsAnimationCallback=true, mOverrideBehavior=0}
12-26 19:16:18.314  2812  6029 D CoreBackPreview: Window{1dc98dd u0 com.risa.app/com.risa.app.MainActivity}: Setting back callback OnBackInvokedCallbackInfo{mCallback=android.window.IOnBackInvokedCallback$Stub$Proxy@c83a3d7, mPriority=-1, mIsAnimationCallback=false, mOverrideBehavior=0}
12-26 19:16:18.315  2812  6029 D CoreBackPreview: Window{1dc98dd u0 com.risa.app/com.risa.app.MainActivity}: Setting back callback OnBackInvokedCallbackInfo{mCallback=android.window.IOnBackInvokedCallback$Stub$Proxy@f4274c4, mPriority=0, mIsAnimationCallback=true, mOverrideBehavior=0}
12-26 19:16:18.340  1176  1176 D io_stats: !@ Read_top(KB): com.risa.app(28892) 101412 kworker/u16:1(21549) 20440 martsuggestions(7492) 9152
12-26 19:16:18.341  1176  1176 D io_stats: !@ Write_top(KB): com.risa.app(28892) 23848 kworker/u16:0(27360) 1544 .android.chrome(13710) 1012
12-26 19:16:18.502  2812  6029 D CoreBackPreview: Window{1dc98dd u0 com.risa.app/com.risa.app.MainActivity}: Setting back callback OnBackInvokedCallbackInfo{mCallback=android.window.IOnBackInvokedCallback$Stub$Proxy@2779fad, mPriority=-1, mIsAnimationCallback=false, mOverrideBehavior=0}
12-26 19:16:18.836  2812  4617 D SGM:GameManager: identifyGamePackage. com.risa.app, mCurrentUserId: 0, callingMethodInfo: com.samsung.android.game.SemGameManager.isGamePackage(SemGameManager.java:106)
12-26 19:16:18.836  2812  4617 D SGM:SemGameManager: isGamePackage(), pkgName=com.risa.app, ret=false
12-26 19:16:19.449  2812  4712 I Pageboost: db create : CREATE TABLE IF NOT EXISTS comrisaapp (FILENAME TEXT, OFFSET INTEGER, SIZE INTEGER, FORVRAMDISK INTEGER, BITMAP BLOB, unique (FILENAME, OFFSET) );
12-26 19:16:19.458  2812  4712 I Pageboost: db create : CREATE TABLE IF NOT EXISTS comrisaapp (FILENAME TEXT, OFFSET INTEGER, SIZE INTEGER, FORVRAMDISK INTEGER, BITMAP BLOB, unique (FILENAME, OFFSET) );
12-26 19:16:19.531  2812  4712 I Pageboost: db update :com.risa.app ret 1
12-26 19:16:19.571  2812  4712 I Pageboost: memUsage collected : 246315 60652 21792 for com.risa.app 28892
12-26 19:16:21.862  2812  4617 D SGM:GameManager: identifyGamePackage. com.risa.app, mCurrentUserId: 0, callingMethodInfo: com.samsung.android.game.SemGameManager.isGamePackage(SemGameManager.java:106)
12-26 19:16:21.862  2812  4617 D SGM:SemGameManager: isGamePackage(), pkgName=com.risa.app, ret=false
12-26 19:16:22.066  2812  7912 D CoreBackPreview: Window{1dc98dd u0 com.risa.app/com.risa.app.MainActivity}: Setting back callback OnBackInvokedCallbackInfo{mCallback=android.window.IOnBackInvokedCallback$Stub$Proxy@9e0e94c, mPriority=0, mIsAnimationCallback=true, mOverrideBehavior=0}
12-26 19:16:22.344  1176  1176 D io_stats: !@ Write_top(KB): com.risa.app(28892) 68988 kworker/u16:3(16099) 12100 system_server(2812) 2336
12-26 19:16:24.868  2812  4617 D SGM:GameManager: identifyGamePackage. com.risa.app, mCurrentUserId: 0, callingMethodInfo: com.samsung.android.game.SemGameManager.isGamePackage(SemGameManager.java:106)
12-26 19:16:24.868  2812  4617 D SGM:SemGameManager: isGamePackage(), pkgName=com.risa.app, ret=false
12-26 19:16:26.346  1176  1176 D io_stats: !@ Write_top(KB): kworker/u16:0(27360) 111992 com.risa.app(28892) 55216 f2fs_ckpt-254:6(1290) 608
12-26 19:16:27.891  2812  4617 D SGM:GameManager: identifyGamePackage. com.risa.app, mCurrentUserId: 0, callingMethodInfo: com.samsung.android.game.SemGameManager.isGamePackage(SemGameManager.java:106)
12-26 19:16:27.891  2812  4617 D SGM:SemGameManager: isGamePackage(), pkgName=com.risa.app, ret=false
12-26 19:16:30.350  1176  1176 D io_stats: !@ Write_top(KB): com.risa.app(28892) 72444 kworker/u16:3(16099) 6492 sait.sohservice(29486) 44
12-26 19:16:30.908  2812  4617 D SGM:GameManager: identifyGamePackage. com.risa.app, mCurrentUserId: 0, callingMethodInfo: com.samsung.android.game.SemGameManager.isGamePackage(SemGameManager.java:106)
12-26 19:16:30.908  2812  4617 D SGM:SemGameManager: isGamePackage(), pkgName=com.risa.app, ret=false
12-26 19:16:33.918  2812  4617 D SGM:GameManager: identifyGamePackage. com.risa.app, mCurrentUserId: 0, callingMethodInfo: com.samsung.android.game.SemGameManager.isGamePackage(SemGameManager.java:106)
12-26 19:16:33.918  2812  4617 D SGM:SemGameManager: isGamePackage(), pkgName=com.risa.app, ret=false
12-26 19:16:34.352  1176  1176 D io_stats: !@ Write_top(KB): com.risa.app(28892) 45128 kworker/u16:3(16099) 33116 kworker/u16:5(27430) 13228
12-26 19:16:36.932  2812  4617 D SGM:GameManager: identifyGamePackage. com.risa.app, mCurrentUserId: 0, callingMethodInfo: com.samsung.android.game.SemGameManager.isGamePackage(SemGameManager.java:106)
12-26 19:16:36.932  2812  4617 D SGM:SemGameManager: isGamePackage(), pkgName=com.risa.app, ret=false
12-26 19:16:38.353  1176  1176 D io_stats: !@ Write_top(KB): com.risa.app(28892) 39244 kworker/u16:3(16099) 36236 kworker/u16:5(27430) 30264
12-26 19:16:39.941  2812  4617 D SGM:GameManager: identifyGamePackage. com.risa.app, mCurrentUserId: 0, callingMethodInfo: com.samsung.android.game.SemGameManager.isGamePackage(SemGameManager.java:106)
12-26 19:16:39.941  2812  4617 D SGM:SemGameManager: isGamePackage(), pkgName=com.risa.app, ret=false
12-26 19:16:42.354  1176  1176 D io_stats: !@ Write_top(KB): com.risa.app(28892) 45916 kworker/u16:5(27430) 19096 android.vending(22204) 44
12-26 19:16:42.944  2812  4617 D SGM:GameManager: identifyGamePackage. com.risa.app, mCurrentUserId: 0, callingMethodInfo: com.samsung.android.game.SemGameManager.isGamePackage(SemGameManager.java:106)
12-26 19:16:42.944  2812  4617 D SGM:SemGameManager: isGamePackage(), pkgName=com.risa.app, ret=false
12-26 19:16:45.959  2812  4617 D SGM:GameManager: identifyGamePackage. com.risa.app, mCurrentUserId: 0, callingMethodInfo: com.samsung.android.game.SemGameManager.isGamePackage(SemGameManager.java:106)
12-26 19:16:45.959  2812  4617 D SGM:SemGameManager: isGamePackage(), pkgName=com.risa.app, ret=false
12-26 19:16:46.356  1176  1176 D io_stats: !@ Write_top(KB): com.risa.app(28892) 49876 f2fs_ckpt-254:6(1290) 632 kworker/u16:3(16099) 236
12-26 19:16:48.976  2812  4617 D SGM:GameManager: identifyGamePackage. com.risa.app, mCurrentUserId: 0, callingMethodInfo: com.samsung.android.game.SemGameManager.isGamePackage(SemGameManager.java:106)
12-26 19:16:48.977  2812  4617 D SGM:SemGameManager: isGamePackage(), pkgName=com.risa.app, ret=false
12-26 19:16:50.358  1176  1176 D io_stats: !@ Read_top(KB): binder:2492_2(2492) 167112 com.risa.app(28892) 10636 system_server(2812) 2344
12-26 19:16:50.358  1176  1176 D io_stats: !@ Write_top(KB): com.risa.app(28892) 26764 kworker/u16:1(21549) 476 f2fs_ckpt-254:6(1290) 88
12-26 19:16:51.994  2812  4617 D SGM:GameManager: identifyGamePackage. com.risa.app, mCurrentUserId: 0, callingMethodInfo: com.samsung.android.game.SemGameManager.isGamePackage(SemGameManager.java:106)
12-26 19:16:51.994  2812  4617 D SGM:SemGameManager: isGamePackage(), pkgName=com.risa.app, ret=false
12-26 19:16:54.360  1176  1176 D io_stats: !@ Write_top(KB): com.risa.app(28892) 19936 kworker/u16:0(27360) 2016 chbox:googleapp(10253) 8
12-26 19:16:54.676  2812  3210 D ActivityTaskManager: scheduleTopResumedActivityChanged, onTop=false, r=ActivityRecord{249065598 u0 com.risa.app/.MainActivity t21289}, caller=com.android.server.wm.ActivityTaskSupervisor.scheduleTopResumedActivityStateLossIfNeeded:19 com.android.server.wm.ActivityTaskSupervisor.updateTopResumedActivityIfNeeded:20 com.android.server.wm.TaskFragment.setResumedActivity:30 com.android.server.wm.ActivityRecord.setState:91 com.android.server.wm.TaskFragment.startPausing$1:209 com.android.server.wm.Task$$ExternalSyntheticLambda37.accept:150 
12-26 19:16:54.951  2812  5181 V WindowManager: Collecting in transition 5743: ActivityRecord{249065598 u0 com.risa.app/.MainActivity t21289}, caller=com.android.server.wm.TransitionController.collect:7 com.android.server.wm.ActivityRecord.setVisibility:132 com.android.server.wm.ActivityRecord.makeInvisible:32 com.android.server.wm.EnsureActivitiesVisibleHelper.process:542 com.android.server.wm.TaskFragment.updateActivityVisibilities:12 
12-26 19:16:54.951  2812  5181 D WindowManager: prepareSync <SYNC_STATE_WAITING_FOR_DRAW>, mPrepareSyncSeqId=0, win=Window{1dc98dd u0 com.risa.app/com.risa.app.MainActivity}
12-26 19:16:54.959  2812  5181 D WindowManager: Changing focus from Window{1dc98dd u0 com.risa.app/com.risa.app.MainActivity} to null displayId=0 Callers=com.android.server.wm.WindowManagerService.relayoutWindow:1350 com.android.server.wm.Session.relayout:27 android.view.IWindowSession$Stub.onTransact:829 com.android.server.wm.Session.onTransact:1 
12-26 19:16:54.967  2812  3125 D ChangeTransitionController:    ChangeInfo{1b0c741 container=Task{a0d5292 #21289 type=standard I=com.risa.app/.MainActivity} flags=0x0}
12-26 19:16:54.967  2812  3125 D ChangeTransitionController:    ChangeInfo{65cea27 container=ActivityRecord{249065598 u0 com.risa.app/.MainActivity t21289} flags=0x0}
12-26 19:16:54.967  2812  3125 V WindowManager: Start calculating TransitionInfo based on participants: {WallpaperWindowToken{82337fa showWhenLocked=true}_<lock>, ActivityRecord{249065598 u0 com.risa.app/.MainActivity t21289}}
12-26 19:16:54.968  2812  3125 V WindowManager:   Final targets: [ChangeInfo{1b0c741 container=Task{a0d5292 #21289 type=standard I=com.risa.app/.MainActivity} flags=0x10}, ChangeInfo{f7c11a container=DefaultTaskDisplayArea_d0@90254262 flags=0x10}, ChangeInfo{a6f544b container=WallpaperWindowToken{82337fa showWhenLocked=true}_<lock> flags=0x0}]
12-26 19:16:54.970  2812  3125 V WindowManager:         {WCT{RemoteToken{caff826 Task{a0d5292 #21289 type=standard I=com.risa.app/.MainActivity}}} m=TO_BACK f=EDGE_EXTENSION_RESTRICTION p=WCT{RemoteToken{70b963d DefaultTaskDisplayArea_d0@90254262}} leash=Surface(name=Task=21289)/@0xd10f68 sb=Rect(0, 0 - 2340, 1080) eb=Rect(0, 0 - 2340, 1080) epz=Point(2340, 1080) d=0 taskParent=-1 inset=Rect(84, 84 - 135, 0) allowAppBgLayer=true},
12-26 19:16:54.971  2812  3121 V WindowManager:         {WCT{RemoteToken{caff826 Task{a0d5292 #21289 type=standard I=com.risa.app/.MainActivity}}} m=TO_BACK f=EDGE_EXTENSION_RESTRICTION p=WCT{RemoteToken{70b963d DefaultTaskDisplayArea_d0@90254262}} leash=Surface(name=Task=21289)/@0xd10f68 sb=Rect(0, 0 - 2340, 1080) eb=Rect(0, 0 - 2340, 1080) epz=Point(2340, 1080) d=0 taskParent=-1 inset=Rect(84, 84 - 135, 0) allowAppBgLayer=true},
12-26 19:16:54.984  2812  5352 V WindowManager:    ChangeInfo{1b0c741 container=Task{a0d5292 #21289 type=standard I=com.risa.app/.MainActivity} flags=0x10}
12-26 19:16:54.984  2812  5352 V WindowManager:    ChangeInfo{65cea27 container=ActivityRecord{249065598 u0 com.risa.app/.MainActivity t21289} flags=0x0}
12-26 19:16:54.985  2812  5352 V WindowManager: Setting visibility of Window{1dc98dd u0 com.risa.app/com.risa.app.MainActivity}: false, caller=com.android.server.wm.WindowContainer.sendAppVisibilityToClients:19 com.android.server.wm.WindowToken.setClientVisible:48 com.android.server.wm.ActivityRecord.commitVisibility:186 com.android.server.wm.TransitionController.finishTransition:846 com.android.server.wm.WindowOrganizerController.finishTransitionInner:31 
12-26 19:16:55.003  2812  5352 D ChangeTransitionController:    ChangeInfo{1b0c741 container=Task{a0d5292 #21289 type=standard I=com.risa.app/.MainActivity} flags=0x10}
12-26 19:16:55.003  2812  5352 D ChangeTransitionController:    ChangeInfo{65cea27 container=ActivityRecord{249065598 u0 com.risa.app/.MainActivity t21289} flags=0x0}
12-26 19:16:55.006  2812  4617 D SGM:GameManager: identifyGamePackage. com.risa.app, mCurrentUserId: 0, callingMethodInfo: com.samsung.android.game.SemGameManager.isGamePackage(SemGameManager.java:106)
12-26 19:16:55.006  2812  4617 D SGM:SemGameManager: isGamePackage(), pkgName=com.risa.app, ret=false
12-26 19:16:55.045  2812  4741 D WindowManager: prepareSync <SYNC_STATE_WAITING_FOR_DRAW>, mPrepareSyncSeqId=0, win=Window{1dc98dd u0 com.risa.app/com.risa.app.MainActivity}
12-26 19:16:55.176  2812  3124 W ActivityTaskManager: Activity top resumed state loss timeout for ActivityRecord{249065598 u0 com.risa.app/.MainActivity t21289}
12-26 19:16:55.176  2812  3124 W ActivityTaskManager: Activity pause timeout for ActivityRecord{249065598 u0 com.risa.app/.MainActivity t21289}
12-26 19:16:55.177  2812  3124 D SGM:FgCheckThread: notePauseComponent(), received pkgName: com.risa.app, userId: 0
12-26 19:16:55.227  2812  5352 D SGM:GameManager: identifyForegroundApp. com.risa.app, mCurrentUserId: 0, callerUserId: 0
12-26 19:16:57.237  2812  4878 E WindowManager: win=Window{1dc98dd u0 com.risa.app/com.risa.app.MainActivity} destroySurfaces: appStopped=true cleanupOnResume=false win.mWindowRemovalAllowed=false win.mRemoveOnExit=false win.mViewVisibility=8 caller=com.android.server.wm.ActivityRecord.destroySurfaces:25 com.android.server.wm.ActivityRecord.activityStopped:192 com.android.server.wm.ActivityClientController.activityStopped:97 android.app.IActivityClientController$Stub.onTransact:740 com.android.server.wm.ActivityClientController.onTransact:1 android.os.Binder.execTransactInternal:1462 android.os.Binder.execTransact:1401 
12-26 19:16:57.237  2812  3124 D SGM:FgCheckThread: getForegroundApp(), foregroundPkgName=com.risa.app
12-26 19:16:57.238  2812  3124 D SGM:FgCheckThread: pkgName: com.risa.app is not in foreground
12-26 19:16:58.150  2812  4741 V WindowManager: Collecting in transition 5745: ActivityRecord{249065598 u0 com.risa.app/.MainActivity t21289}, caller=com.android.server.wm.TransitionController.collect:7 com.android.server.wm.ActivityRecord.setVisibility:132 com.android.server.wm.TaskFragment.resumeTopActivity:1662 com.android.server.wm.Task.resumeTopActivityInnerLocked:119 com.android.server.wm.Task.resumeTopActivityUncheckedLocked:23 
12-26 19:16:58.150  2812  4741 D WindowManager: prepareSync <SYNC_STATE_WAITING_FOR_DRAW>, mPrepareSyncSeqId=0, win=Window{1dc98dd u0 com.risa.app/com.risa.app.MainActivity}
