12-26 19:19:32.883   594   594 I flutter : EPG: Cache is valid. Age: 1 minutes. Size: 65.30 MB
12-26 19:19:32.883   594   594 I flutter : EPG: Using valid cached file, skipping download.
12-26 19:19:32.883   594   594 I flutter : EPG: Starting background parsing...
12-26 19:19:32.889   594   594 I flutter : EPG: Init skipped (already loading)
12-26 19:19:33.587   594   594 I flutter : EPG: Persisted programs to DB (307 channels)
12-26 19:19:34.461  1176  1176 D io_stats: !@ Write_top(KB): com.risa.app(594) 32780 kworker/u16:5(27430) 30188 kworker/u16:3(16099) 28392
12-26 19:19:34.792   594   594 I flutter : EPG: Saved normalized mapping (317 entries) to /data/user/0/com.risa.app/files/epg_normalized.json
12-26 19:19:34.792   594   594 I flutter : EPG: Successfully parsed 307 channels and 312 IDs
12-26 19:19:34.792   594   594 I flutter : EPG: Service state - URL: https://dragtvplus.lol/xmltv.php?username=bobby&password=09052757, Available channels: 312, Loaded channels: 307
12-26 19:19:34.809   594   594 I flutter : EPG: Initializing...
12-26 19:19:34.811   594   594 I flutter : EPG: Initializing with URL: https://dragtvplus.lol/xmltv.php?username=bobby&password=09052757
12-26 19:19:34.817   594   594 I flutter : EPG: Loaded normalized mapping from file (317 entries)
12-26 19:19:34.823   594   594 I flutter : EPG: Loaded 0 mappings from DB
12-26 19:19:34.824   594   594 I flutter : EPG: Cache is valid. Age: 1 minutes. Size: 65.30 MB
12-26 19:19:34.824   594   594 I flutter : EPG: Using valid cached file, skipping download.
12-26 19:19:34.825   594   594 I flutter : EPG: Starting background parsing...
12-26 19:19:34.826   594   594 I flutter : EPG: Init skipped (already loading)
12-26 19:19:35.080  2812  4617 D SGM:GameManager: identifyGamePackage. com.risa.app, mCurrentUserId: 0, callingMethodInfo: com.samsung.android.game.SemGameManager.isGamePackage(SemGameManager.java:106)
12-26 19:19:35.080  2812  4617 D SGM:SemGameManager: isGamePackage(), pkgName=com.risa.app, ret=false
12-26 19:19:35.467   594   594 I flutter : EPG: Persisted programs to DB (307 channels)
12-26 19:19:36.905   594   594 I flutter : EPG: Saved normalized mapping (317 entries) to /data/user/0/com.risa.app/files/epg_normalized.json
12-26 19:19:36.905   594   594 I flutter : EPG: Successfully parsed 307 channels and 312 IDs
12-26 19:19:36.905   594   594 I flutter : EPG: Service state - URL: https://dragtvplus.lol/xmltv.php?username=bobby&password=09052757, Available channels: 312, Loaded channels: 307
12-26 19:19:36.911   594   594 I flutter : EPG: Initializing...
12-26 19:19:36.914   594   594 I flutter : EPG: Initializing with URL: https://dragtvplus.lol/xmltv.php?username=bobby&password=09052757
12-26 19:19:36.919   594   594 I flutter : EPG: Loaded normalized mapping from file (317 entries)
12-26 19:19:36.926   594   594 I flutter : EPG: Loaded 0 mappings from DB
12-26 19:19:36.928   594   594 I flutter : EPG: Cache is valid. Age: 1 minutes. Size: 65.30 MB
12-26 19:19:36.928   594   594 I flutter : EPG: Using valid cached file, skipping download.
12-26 19:19:36.928   594   594 I flutter : EPG: Init skipped (already loading)
12-26 19:19:36.931   594   594 I flutter : EPG: Starting background parsing...
12-26 19:19:36.945   594   594 I flutter : EPG: Init skipped (already loading)
12-26 19:19:37.518   594   594 I flutter : EPG: Persisted programs to DB (307 channels)
12-26 19:19:38.089  2812  4617 D SGM:GameManager: identifyGamePackage. com.risa.app, mCurrentUserId: 0, callingMethodInfo: com.samsung.android.game.SemGameManager.isGamePackage(SemGameManager.java:106)
12-26 19:19:38.089  2812  4617 D SGM:SemGameManager: isGamePackage(), pkgName=com.risa.app, ret=false
12-26 19:19:38.463  1176  1176 D io_stats: !@ Write_top(KB): com.risa.app(594) 40888 kworker/u16:3(16099) 29092 kworker/u16:5(27430) 5616
12-26 19:19:39.223   594   594 I flutter : EPG: Saved normalized mapping (317 entries) to /data/user/0/com.risa.app/files/epg_normalized.json
12-26 19:19:39.223   594   594 I flutter : EPG: Successfully parsed 307 channels and 312 IDs
12-26 19:19:39.223   594   594 I flutter : EPG: Service state - URL: https://dragtvplus.lol/xmltv.php?username=bobby&password=09052757, Available channels: 312, Loaded channels: 307
12-26 19:19:39.230   594   594 I flutter : EPG: Initializing...
12-26 19:19:39.232   594   594 I flutter : EPG: Initializing with URL: https://dragtvplus.lol/xmltv.php?username=bobby&password=09052757
12-26 19:19:39.237   594   594 I flutter : EPG: Loaded normalized mapping from file (317 entries)
12-26 19:19:39.239   594   594 I flutter : EPG: Loaded 0 mappings from DB
12-26 19:19:39.240   594   594 I flutter : EPG: Cache is valid. Age: 1 minutes. Size: 65.30 MB
12-26 19:19:39.240   594   594 I flutter : EPG: Using valid cached file, skipping download.
12-26 19:19:39.240   594   594 I flutter : EPG: Starting background parsing...
12-26 19:19:39.247   594   594 I flutter : EPG: Init skipped (already loading)
12-26 19:19:39.742   594   594 I flutter : EPG: Persisted programs to DB (307 channels)
12-26 19:19:40.776   594   594 I flutter : EPG: Saved normalized mapping (317 entries) to /data/user/0/com.risa.app/files/epg_normalized.json
12-26 19:19:40.776   594   594 I flutter : EPG: Successfully parsed 307 channels and 312 IDs
12-26 19:19:40.776   594   594 I flutter : EPG: Service state - URL: https://dragtvplus.lol/xmltv.php?username=bobby&password=09052757, Available channels: 312, Loaded channels: 307
12-26 19:19:40.782   594   594 I flutter : EPG: Initializing...
12-26 19:19:40.784   594   594 I flutter : EPG: Initializing with URL: https://dragtvplus.lol/xmltv.php?username=bobby&password=09052757
12-26 19:19:40.786   594   594 I flutter : EPG: Loaded normalized mapping from file (317 entries)
12-26 19:19:40.787   594   594 I flutter : EPG: Loaded 0 mappings from DB
12-26 19:19:40.788   594   594 I flutter : EPG: Cache is valid. Age: 1 minutes. Size: 65.30 MB
12-26 19:19:40.788   594   594 I flutter : EPG: Using valid cached file, skipping download.
12-26 19:19:40.789   594   594 I flutter : EPG: Starting background parsing...
12-26 19:19:40.801   594   594 I flutter : EPG: Init skipped (already loading)
12-26 19:19:41.098  2812  4617 D SGM:GameManager: identifyGamePackage. com.risa.app, mCurrentUserId: 0, callingMethodInfo: com.samsung.android.game.SemGameManager.isGamePackage(SemGameManager.java:106)
12-26 19:19:41.098  2812  4617 D SGM:SemGameManager: isGamePackage(), pkgName=com.risa.app, ret=false
12-26 19:19:41.347   594   594 I flutter : EPG: Persisted programs to DB (307 channels)
12-26 19:19:42.465  1176  1176 D io_stats: !@ Write_top(KB): com.risa.app(594) 49748 kworker/u16:5(27430) 5572 f2fs_ckpt-254:6(1290) 452
12-26 19:19:42.695   594   594 I flutter : EPG: Saved normalized mapping (317 entries) to /data/user/0/com.risa.app/files/epg_normalized.json
12-26 19:19:42.695   594   594 I flutter : EPG: Successfully parsed 307 channels and 312 IDs
12-26 19:19:42.695   594   594 I flutter : EPG: Service state - URL: https://dragtvplus.lol/xmltv.php?username=bobby&password=09052757, Available channels: 312, Loaded channels: 307
12-26 19:19:42.701   594   594 I flutter : EPG: Initializing...
12-26 19:19:42.703   594   594 I flutter : EPG: Initializing with URL: https://dragtvplus.lol/xmltv.php?username=bobby&password=09052757
12-26 19:19:42.708   594   594 I flutter : EPG: Loaded normalized mapping from file (317 entries)
12-26 19:19:42.710   594   594 I flutter : EPG: Loaded 0 mappings from DB
12-26 19:19:42.711   594   594 I flutter : EPG: Cache is valid. Age: 1 minutes. Size: 65.30 MB
12-26 19:19:42.711   594   594 I flutter : EPG: Using valid cached file, skipping download.
12-26 19:19:42.712   594   594 I flutter : EPG: Starting background parsing...
12-26 19:19:42.718   594   594 I flutter : EPG: Init skipped (already loading)
12-26 19:19:43.323   594   594 I flutter : EPG: Persisted programs to DB (307 channels)
12-26 19:19:44.117  2812  4617 D SGM:GameManager: identifyGamePackage. com.risa.app, mCurrentUserId: 0, callingMethodInfo: com.samsung.android.game.SemGameManager.isGamePackage(SemGameManager.java:106)
12-26 19:19:44.117  2812  4617 D SGM:SemGameManager: isGamePackage(), pkgName=com.risa.app, ret=false
12-26 19:19:44.926   594   594 I flutter : EPG: Saved normalized mapping (317 entries) to /data/user/0/com.risa.app/files/epg_normalized.json
12-26 19:19:44.926   594   594 I flutter : EPG: Successfully parsed 307 channels and 312 IDs
12-26 19:19:44.926   594   594 I flutter : EPG: Service state - URL: https://dragtvplus.lol/xmltv.php?username=bobby&password=09052757, Available channels: 312, Loaded channels: 307
12-26 19:19:44.935   594   594 I flutter : EPG: Initializing...
12-26 19:19:44.937   594   594 I flutter : EPG: Initializing with URL: https://dragtvplus.lol/xmltv.php?username=bobby&password=09052757
12-26 19:19:44.941   594   594 I flutter : EPG: Loaded normalized mapping from file (317 entries)
12-26 19:19:44.941   594   594 I flutter : EPG: Loaded 0 mappings from DB
12-26 19:19:44.943   594   594 I flutter : EPG: Cache is valid. Age: 1 minutes. Size: 65.30 MB
12-26 19:19:44.943   594   594 I flutter : EPG: Using valid cached file, skipping download.
12-26 19:19:44.943   594   594 I flutter : EPG: Starting background parsing...
12-26 19:19:44.951   594   594 I flutter : EPG: Init skipped (already loading)
12-26 19:19:45.568   594   594 I flutter : EPG: Persisted programs to DB (307 channels)
12-26 19:19:46.122   594   594 I flutter : Debug marker: epg_diagnostic_build
12-26 19:19:46.439   594   594 I flutter : Debug marker: epg_diagnostic_build
12-26 19:19:46.468  1176  1176 D io_stats: !@ Read_top(KB): com.risa.app(594) 10592 gle.android.gms(23559) 200 rdash.driverapp(4350) 192
12-26 19:19:46.468  1176  1176 D io_stats: !@ Write_top(KB): com.risa.app(594) 54820 f2fs_ckpt-254:6(1290) 192 .amazon.dee.app(8281) 8
12-26 19:19:46.568   594   594 I flutter : ChannelProvider: DB channel page failed: Unsupported operation: read-only
12-26 19:19:47.132  2812  4617 D SGM:GameManager: identifyGamePackage. com.risa.app, mCurrentUserId: 0, callingMethodInfo: com.samsung.android.game.SemGameManager.isGamePackage(SemGameManager.java:106)
12-26 19:19:47.132  2812  4617 D SGM:SemGameManager: isGamePackage(), pkgName=com.risa.app, ret=false
12-26 19:19:50.129   594   594 I flutter : Debug marker: epg_diagnostic_build
12-26 19:19:50.153  2812  4617 D SGM:GameManager: identifyGamePackage. com.risa.app, mCurrentUserId: 0, callingMethodInfo: com.samsung.android.game.SemGameManager.isGamePackage(SemGameManager.java:106)
12-26 19:19:50.153  2812  4617 D SGM:SemGameManager: isGamePackage(), pkgName=com.risa.app, ret=false
12-26 19:19:50.237   594   594 I flutter : EPG: Saved normalized mapping (317 entries) to /data/user/0/com.risa.app/files/epg_normalized.json
12-26 19:19:50.237   594   594 I flutter : EPG: Successfully parsed 307 channels and 312 IDs
12-26 19:19:50.237   594   594 I flutter : EPG: Service state - URL: https://dragtvplus.lol/xmltv.php?username=bobby&password=09052757, Available channels: 312, Loaded channels: 307
12-26 19:19:50.246   594   594 I flutter : EPG: Initializing...
12-26 19:19:50.248   594   594 I flutter : EPG: Initializing with URL: https://dragtvplus.lol/xmltv.php?username=bobby&password=09052757
12-26 19:19:50.251   594   594 I flutter : ChannelProvider: DB channel page failed: Unsupported operation: read-only
12-26 19:19:50.471  1176  1176 D io_stats: !@ Write_top(KB): com.risa.app(594) 19816 rmt_storage(2062) 4096 kworker/u16:2(23818) 180
12-26 19:19:51.221  2059  4303 I SurfaceFlinger: Capture layer list: 	 Background for 532f851 SurfaceView[com.risa.app/com.risa.app.MainActivity]@0#77958(seamlessTransition:0)
12-26 19:19:51.221  2059  4303 I SurfaceFlinger: Capture layer list: 	 532f851 SurfaceView[com.risa.app/com.risa.app.MainActivity]@0(BLAST)#77957(seamlessTransition:0)
12-26 19:19:51.221  2059  4303 I SurfaceFlinger: Capture layer list: 	 com.risa.app/com.risa.app.MainActivity$_594#77952(seamlessTransition:0)
12-26 19:19:51.222  2059  2251 D RenderEngine: [SEC_SF_EFFECTS] drawLayersInternal,1483, Rendering layer 532f851 SurfaceView[com.risa.app/com.risa.app.MainActivity]@0(BLAST)#77957 at index 1
12-26 19:19:51.222  2059  2251 D RenderEngine: [SEC_SF_EFFECTS] drawLayersInternal,1483, Rendering layer com.risa.app/com.risa.app.MainActivity$_594#77952 at index 2
12-26 19:19:51.347  2812  7912 D SurfaceComposerClient: setCornerRadius ## cbb084 com.risa.app/com.risa.app.MainActivity#77951 cornerRadius=0.000000
12-26 19:19:51.348  2812  7912 D SurfaceComposerClient: setCornerRadius ## cbb084 com.risa.app/com.risa.app.MainActivity#77951 cornerRadius=0.000000
12-26 19:19:51.456  2059  4303 I SurfaceFlinger: Capture layer list: 	 Background for 532f851 SurfaceView[com.risa.app/com.risa.app.MainActivity]@0#77958(seamlessTransition:0)
12-26 19:19:51.456  2059  4303 I SurfaceFlinger: Capture layer list: 	 532f851 SurfaceView[com.risa.app/com.risa.app.MainActivity]@0(BLAST)#77957(seamlessTransition:0)
12-26 19:19:51.456  2059  4303 I SurfaceFlinger: Capture layer list: 	 com.risa.app/com.risa.app.MainActivity$_594#77952(seamlessTransition:0)
12-26 19:19:51.456  2059  2251 D RenderEngine: [SEC_SF_EFFECTS] drawLayersInternal,1483, Rendering layer 532f851 SurfaceView[com.risa.app/com.risa.app.MainActivity]@0(BLAST)#77957 at index 1
12-26 19:19:51.457  2059  2251 D RenderEngine: [SEC_SF_EFFECTS] drawLayersInternal,1483, Rendering layer com.risa.app/com.risa.app.MainActivity$_594#77952 at index 2
12-26 19:19:51.473  2812  3210 D ActivityTaskManager: scheduleTopResumedActivityChanged, onTop=false, r=ActivityRecord{71983042 u0 com.risa.app/.MainActivity t21292}, caller=com.android.server.wm.ActivityTaskSupervisor.scheduleTopResumedActivityStateLossIfNeeded:19 com.android.server.wm.ActivityTaskSupervisor.updateTopResumedActivityIfNeeded:20 com.android.server.wm.TaskFragment.setResumedActivity:30 com.android.server.wm.ActivityRecord.setState:91 com.android.server.wm.TaskFragment.startPausing$1:209 com.android.server.wm.Task$$ExternalSyntheticLambda37.accept:150 
12-26 19:19:51.489  2812  3125 D SurfaceComposerClient: setCornerRadius ## cbb084 com.risa.app/com.risa.app.MainActivity#77951 cornerRadius=0.000000
12-26 19:19:51.512  2812  3122 D SurfaceComposerClient: setCornerRadius ## cbb084 com.risa.app/com.risa.app.MainActivity#77951 cornerRadius=0.000000
12-26 19:19:51.782  2812  7912 V WindowManager: Collecting in transition 5763: ActivityRecord{71983042 u0 com.risa.app/.MainActivity t21292}, caller=com.android.server.wm.TransitionController.collect:7 com.android.server.wm.ActivityRecord.setVisibility:132 com.android.server.wm.ActivityRecord.makeInvisible:32 com.android.server.wm.EnsureActivitiesVisibleHelper.process:542 com.android.server.wm.TaskFragment.updateActivityVisibilities:12 
12-26 19:19:51.782  2812  7912 D WindowManager: prepareSync <SYNC_STATE_WAITING_FOR_DRAW>, mPrepareSyncSeqId=0, win=Window{cbb084 u0 com.risa.app/com.risa.app.MainActivity}
12-26 19:19:51.802  2812  7578 D WindowManager: Changing focus from Window{cbb084 u0 com.risa.app/com.risa.app.MainActivity} to null displayId=0 Callers=com.android.server.wm.WindowManagerService.relayoutWindow:1350 com.android.server.wm.Session.relayout:27 android.view.IWindowSession$Stub.onTransact:829 com.android.server.wm.Session.onTransact:1 
12-26 19:19:51.807  2812  3125 D ChangeTransitionController:    ChangeInfo{fbaa70f container=ActivityRecord{71983042 u0 com.risa.app/.MainActivity t21292} flags=0x0}
12-26 19:19:51.807  2812  3125 D ChangeTransitionController:    ChangeInfo{18f9d88 container=Task{ee411d3 #21292 type=standard I=com.risa.app/.MainActivity} flags=0x0}
12-26 19:19:51.807  2812  3125 V WindowManager: Start calculating TransitionInfo based on participants: {ActivityRecord{71983042 u0 com.risa.app/.MainActivity t21292}, WallpaperWindowToken{82337fa showWhenLocked=true}_<lock>}
12-26 19:19:51.807  2812  3125 V WindowManager:   Final targets: [ChangeInfo{18f9d88 container=Task{ee411d3 #21292 type=standard I=com.risa.app/.MainActivity} flags=0x10}, ChangeInfo{5f9e39c container=DefaultTaskDisplayArea_d0@90254262 flags=0x10}, ChangeInfo{567a1a5 container=WallpaperWindowToken{82337fa showWhenLocked=true}_<lock> flags=0x0}]
12-26 19:19:51.809  2812  3125 V WindowManager:         {WCT{RemoteToken{c964915 Task{ee411d3 #21292 type=standard I=com.risa.app/.MainActivity}}} m=TO_BACK f=EDGE_EXTENSION_RESTRICTION p=WCT{RemoteToken{70b963d DefaultTaskDisplayArea_d0@90254262}} leash=Surface(name=Task=21292)/@0xfac4ff sb=Rect(0, 0 - 2340, 1080) eb=Rect(0, 0 - 2340, 1080) epz=Point(2340, 1080) d=0 taskParent=-1 inset=Rect(84, 84 - 135, 0) allowAppBgLayer=true},
12-26 19:19:51.811  2812  3121 V WindowManager:         {WCT{RemoteToken{c964915 Task{ee411d3 #21292 type=standard I=com.risa.app/.MainActivity}}} m=TO_BACK f=EDGE_EXTENSION_RESTRICTION p=WCT{RemoteToken{70b963d DefaultTaskDisplayArea_d0@90254262}} leash=Surface(name=Task=21292)/@0xfac4ff sb=Rect(0, 0 - 2340, 1080) eb=Rect(0, 0 - 2340, 1080) epz=Point(2340, 1080) d=0 taskParent=-1 inset=Rect(84, 84 - 135, 0) allowAppBgLayer=true},
12-26 19:19:51.815  2812  7912 D InputDispatcher: Focus left window (0): cbb084 com.risa.app/com.risa.app.MainActivity
12-26 19:19:51.823  2812  7912 V WindowManager:    ChangeInfo{fbaa70f container=ActivityRecord{71983042 u0 com.risa.app/.MainActivity t21292} flags=0x0}
12-26 19:19:51.823  2812  7912 V WindowManager:    ChangeInfo{18f9d88 container=Task{ee411d3 #21292 type=standard I=com.risa.app/.MainActivity} flags=0x10}
12-26 19:19:51.824  2812  7912 V WindowManager: Setting visibility of Window{cbb084 u0 com.risa.app/com.risa.app.MainActivity}: false, caller=com.android.server.wm.WindowContainer.sendAppVisibilityToClients:19 com.android.server.wm.WindowToken.setClientVisible:48 com.android.server.wm.ActivityRecord.commitVisibility:186 com.android.server.wm.TransitionController.finishTransition:846 com.android.server.wm.WindowOrganizerController.finishTransitionInner:31 
12-26 19:19:51.825  2812  7912 D ChangeTransitionController:    ChangeInfo{fbaa70f container=ActivityRecord{71983042 u0 com.risa.app/.MainActivity t21292} flags=0x0}
12-26 19:19:51.825  2812  7912 D ChangeTransitionController:    ChangeInfo{18f9d88 container=Task{ee411d3 #21292 type=standard I=com.risa.app/.MainActivity} flags=0x10}
12-26 19:19:51.845  2059  2059 I SurfaceFlinger: RequestedLayer [com.risa.app/com.risa.app.MainActivity$_594#77952] hidden!! flag  from(0) --> to(1)
12-26 19:19:51.845  2059  2059 I SurfaceFlinger: RequestedLayer [ActivityRecord{71983042 u0 com.risa.app/.MainActivity t21292}#77936] hidden!! flag  from(0) --> to(1)
12-26 19:19:51.893  2812  7912 D WindowManager: prepareSync <SYNC_STATE_WAITING_FOR_DRAW>, mPrepareSyncSeqId=0, win=Window{cbb084 u0 com.risa.app/com.risa.app.MainActivity}
12-26 19:19:51.973  2812  3124 W ActivityTaskManager: Activity top resumed state loss timeout for ActivityRecord{71983042 u0 com.risa.app/.MainActivity t21292}
12-26 19:19:51.974  2812  3124 W ActivityTaskManager: Activity pause timeout for ActivityRecord{71983042 u0 com.risa.app/.MainActivity t21292}
12-26 19:19:51.976  2812  3124 D SGM:FgCheckThread: notePauseComponent(), received pkgName: com.risa.app, userId: 0
12-26 19:19:52.121  2812  4878 D SGM:GameManager: identifyForegroundApp. com.risa.app, mCurrentUserId: 0, callerUserId: 0
12-26 19:19:52.309  2059  4303 I SurfaceFlinger: id=77898 Removed Surface(name=4b3a366 com.risa.app/com.risa.app.MainActivity)/@0x91d396d - animation-leash of starting_reveal#77898 (338)
12-26 19:19:52.311  2059  2059 I SurfaceFlinger: destroyed Surface(name=4b3a366 com.risa.app/com.risa.app.MainActivity)/@0x91d396d - animation-leash of starting_reveal#77898 form LifecycleManager
12-26 19:19:52.311  2059  2059 I SurfaceFlinger: id=77898 onLayerDestroyed from LayerHierarchyBuilder(RequestedLayerState{Surface(name=4b3a366 com.risa.app/com.risa.app.MainActivity)/@0x91d396d - animation-leash of starting_reveal#77898 !handle})
12-26 19:19:52.312  2059  2059 I Layer   : id=77898 Destroyed Surface(name=4b3a366 com.risa.app/com.risa.app.MainActivity)/@0x91d396d - animation-leash of starting_reveal#77898
12-26 19:19:52.323  2059  2224 I SurfaceFlinger: id=77959 Removed Surface(name=cbb084 com.risa.app/com.risa.app.MainActivity)/@0x851c0e4 - animation-leash of starting_reveal#77959 (336)
12-26 19:19:52.329  2059  2059 I SurfaceFlinger: destroyed Surface(name=cbb084 com.risa.app/com.risa.app.MainActivity)/@0x851c0e4 - animation-leash of starting_reveal#77959 form LifecycleManager
12-26 19:19:52.329  2059  2059 I SurfaceFlinger: id=77959 onLayerDestroyed from LayerHierarchyBuilder(RequestedLayerState{Surface(name=cbb084 com.risa.app/com.risa.app.MainActivity)/@0x851c0e4 - animation-leash of starting_reveal#77959 !handle})
12-26 19:19:52.331  2059  2059 I Layer   : id=77959 Destroyed Surface(name=cbb084 com.risa.app/com.risa.app.MainActivity)/@0x851c0e4 - animation-leash of starting_reveal#77959
12-26 19:19:54.069   594   594 I flutter : EPG: Loaded normalized mapping from file (317 entries)
12-26 19:19:54.077  2812  4201 I InputDispatcher: cbb084 com.risa.app/com.risa.app.MainActivity spent 2255ms processing FocusEvent(hasFocus=false)
12-26 19:19:54.093   594   594 I InsetsController: onStateChanged: host=com.risa.app/com.risa.app.MainActivity, from=android.view.ViewRootImpl.onInsetsStateChanged:3026, state=InsetsState: {mDisplayFrame=Rect(0, 0 - 2340, 1080), mDisplayCutout=DisplayCutout{insets=Rect(84, 0 - 0, 0) waterfall=Insets{left=0, top=0, right=0, bottom=0} boundingRect={Bounds=[Rect(0, 514 - 84, 565), Rect(0, 0 - 0, 0), Rect(0, 0 - 0, 0), Rect(0, 0 - 0, 0)]} cutoutPathParserInfo={CutoutPathParserInfo{displayWidth=1080 displayHeight=2340 physicalDisplayWidth=1080 physicalDisplayHeight=2340 density={2.8125} cutoutSpec={M 0,0 H -9.066666666666667 V 29.86666666666667 H 9.066666666666667 V 0 H 0 Z @dp} rotation={1} scale={1.0} physicalPixelDisplaySizeRatio={1.0}}} sideOverrides={}}, mRoundedCorners=RoundedCorners{[RoundedCorner{position=TopLeft, radius=101, center=Point(101, 101)}, RoundedCorner{position=TopRight, radius=101, center=Point(2239, 101)}, RoundedCorner{position=BottomRight, radius=101, center=Point(2239, 979)}, RoundedCorner{position=BottomLeft, radius=101, center=Point(101, 979)}]}  mRoundedCornerFrame=Rect(0, 0 - 1080, 2340), mPrivacyIndicatorBounds=PrivacyIndicatorBounds {static bounds=Rect(2216, 0 - 2340, 84) rotation=1}, mDisplayShape=DisplayShape{ spec=1406003047 displayWidth=1080 displayHeight=2340 physicalPixelDisplaySizeRatio=0.75 rotation=1 offsetX=0 offsetY=0 scale=1.0}, mSources= { InsetsSource: {e4a90001 mType=navigationBars mFrame=[2205,0][2340,1080] mVisible=true mFlags= mSideHint=RIGHT mBoundingRects=null}, InsetsSource: {e4a90004 mType=systemGestures mFrame=[0,0][0,0] mVisible=true mFlags= mSideHint=NONE mBoundingRects=null}, InsetsSource: {e4a90005 mType=mandatorySystemGestures mFrame=[2205,0][2340,1080] mVisible=true mFlags= mSideHint=RIGHT mBoundingRects=null}, InsetsSource: {e4a90006 mType=tappableElement mFrame=[2205,0][2340,1080] mVisible=true mFlags= mSideHint=RIGHT mBoundingRects=null}, InsetsSource: {e4a90024 mType=systemGestures mFrame=[0,0][0,0] mVisible=true mFlags= mSideHint=NONE mBoundingRects=null}, InsetsSource: {3 mType=ime mFrame=[0,0][0,0] mVisible=false mFlags= mSideHint=NONE mBoundingRects=null}, InsetsSource: {7 mType=displayCutout mFrame=[0,0][84,1080] mVisible=true mFlags= mSideHint=LEFT mBoundingRects=null}, InsetsSource: {4c0000 mType=statusBars mFrame=[0,0][2340,84] mVisible=true mFlags= mSideHint=TOP mBoundingRects=null}, InsetsSource: {4c0005 mType=mandatorySystemGestures mFrame=[0,0][2340,84] mVisible=true mFlags= mSideHint=TOP mBoundingRects=null}, InsetsSource: {4c0006 mType=tappableElement mFrame=[0,0][2340,84] mVisible=true mFlags= mSideHint=TOP mBoundingRects=null} }
12-26 19:19:54.094   594   594 I InsetsSourceConsumer: applyRequestedVisibilityToControl: visible=true, type=navigationBars, host=com.risa.app/com.risa.app.MainActivity
12-26 19:19:54.095   594   594 D VRI[MainActivity]@ad98b9f: WindowStopped on com.risa.app/com.risa.app.MainActivity set to true
12-26 19:19:54.106   594   594 I SV[87226449 MainActivity]: windowStopped(true) false io.flutter.embedding.android.FlutterSurfaceView{532f851 V.E...... ........ 0,0-2340,1080} of VRI[MainActivity]@ad98b9f
12-26 19:19:54.106   594   594 D SurfaceComposerClient: setCornerRadius ## 532f851 SurfaceView[com.risa.app/com.risa.app.MainActivity]@0#77956 cornerRadius=0.000000
12-26 19:19:54.106   594   594 I SV[87226449 MainActivity]: surfaceDestroyed callback.size 1 #1 io.flutter.embedding.android.FlutterSurfaceView{532f851 V.E...... ........ 0,0-2340,1080}
12-26 19:19:54.114  2059  2059 I SurfaceFlinger: RequestedLayer [532f851 SurfaceView[com.risa.app/com.risa.app.MainActivity]@0#77956] hidden!! flag  from(0) --> to(1)
12-26 19:19:54.114  2059  2059 I SurfaceFlinger: [LayerHierarchy{RequestedLayerState{Bounds for - com.risa.app/com.risa.app.MainActivity@0#77955} 1 children}] reparent to OffscreenRoot
12-26 19:19:54.114  2059  2059 I SurfaceFlinger: [LayerHierarchy{RequestedLayerState{Bounds for - com.risa.app/com.risa.app.MainActivity@0#77955} 1 children}] RelativeParent to null
12-26 19:19:54.115  2059  2059 I SurfaceFlinger: id=77955 Removed Bounds for - com.risa.app/com.risa.app.MainActivity@0#77955 (333)
12-26 19:19:54.147  2059  2059 I SurfaceFlinger: destroyed Bounds for - com.risa.app/com.risa.app.MainActivity@0#77955 form LifecycleManager
12-26 19:19:54.147  2059  2059 I SurfaceFlinger: id=77955 onLayerDestroyed from LayerHierarchyBuilder(RequestedLayerState{Bounds for - com.risa.app/com.risa.app.MainActivity@0#77955 !handle})
12-26 19:19:54.148  2059  2059 I Layer   : id=77955 Destroyed Bounds for - com.risa.app/com.risa.app.MainActivity@0#77955
12-26 19:19:54.272   594   594 I SV[87226449 MainActivity]: onWindowVisibilityChanged(8) false io.flutter.embedding.android.FlutterSurfaceView{532f851 G.E...... ......I. 0,0-2340,1080} of VRI[MainActivity]@ad98b9f
12-26 19:19:54.283  2812  5352 I WindowManager: Relayout Window{cbb084 u0 com.risa.app/com.risa.app.MainActivity}: viewVisibility=8 req=2340x1080 ty=1 d0
12-26 19:19:54.290  2812  5352 E WindowManager: win=Window{cbb084 u0 com.risa.app/com.risa.app.MainActivity} destroySurfaces: appStopped=true cleanupOnResume=false win.mWindowRemovalAllowed=false win.mRemoveOnExit=false win.mViewVisibility=8 caller=com.android.server.wm.ActivityRecord.destroySurfaces:25 com.android.server.wm.ActivityRecord.activityStopped:192 com.android.server.wm.ActivityClientController.activityStopped:97 android.app.IActivityClientController$Stub.onTransact:740 com.android.server.wm.ActivityClientController.onTransact:1 android.os.Binder.execTransactInternal:1462 android.os.Binder.execTransact:1401 
12-26 19:19:54.292  2812  3124 D SGM:FgCheckThread: getForegroundApp(), foregroundPkgName=com.risa.app
12-26 19:19:54.294  2812  3124 D SGM:FgCheckThread: pkgName: com.risa.app is not in foreground
12-26 19:19:54.314  2059  2059 I SurfaceFlinger: [LayerHierarchy{RequestedLayerState{Background for 532f851 SurfaceView[com.risa.app/com.risa.app.MainActivity]@0#77958 z=-2147483648} no children}] reparent to OffscreenRoot
12-26 19:19:54.314  2059  2059 I SurfaceFlinger: [LayerHierarchy{RequestedLayerState{Background for 532f851 SurfaceView[com.risa.app/com.risa.app.MainActivity]@0#77958 z=-2147483648} no children}] RelativeParent to null
12-26 19:19:54.314  2059  2059 I SurfaceFlinger: [LayerHierarchy{RequestedLayerState{532f851 SurfaceView[com.risa.app/com.risa.app.MainActivity]@0(BLAST)#77957} no children}] reparent to OffscreenRoot
12-26 19:19:54.314  2059  2059 I SurfaceFlinger: [LayerHierarchy{RequestedLayerState{532f851 SurfaceView[com.risa.app/com.risa.app.MainActivity]@0(BLAST)#77957} no children}] RelativeParent to null
12-26 19:19:54.314  2059  2059 I SurfaceFlinger: [LayerHierarchy{RequestedLayerState{532f851 SurfaceView[com.risa.app/com.risa.app.MainActivity]@0#77956 z=-2} no children}] reparent to OffscreenRoot
12-26 19:19:54.314  2059  2059 I SurfaceFlinger: [LayerHierarchy{RequestedLayerState{532f851 SurfaceView[com.risa.app/com.risa.app.MainActivity]@0#77956 z=-2} no children}] RelativeParent to null
12-26 19:19:54.314  2059  2059 I SurfaceFlinger: [LayerHierarchy{RequestedLayerState{com.risa.app/com.risa.app.MainActivity$_594#77952} no children}] reparent to OffscreenRoot
12-26 19:19:54.314  2059  2059 I SurfaceFlinger: [LayerHierarchy{RequestedLayerState{com.risa.app/com.risa.app.MainActivity$_594#77952} no children}] RelativeParent to null
12-26 19:19:54.315  2059  2059 I SurfaceFlinger: id=77952 Removed com.risa.app/com.risa.app.MainActivity$_594#77952 (331)
12-26 19:19:54.315  2059  2059 I SurfaceFlinger: id=77957 Removed 532f851 SurfaceView[com.risa.app/com.risa.app.MainActivity]@0(BLAST)#77957 (331)
12-26 19:19:54.315  2059  2059 I SurfaceFlinger: id=77956 Removed 532f851 SurfaceView[com.risa.app/com.risa.app.MainActivity]@0#77956 (331)
12-26 19:19:54.315  2059  2059 I SurfaceFlinger: id=77958 Removed Background for 532f851 SurfaceView[com.risa.app/com.risa.app.MainActivity]@0#77958 (331)
12-26 19:19:54.348  2059  2059 I SurfaceFlinger: destroyed Background for 532f851 SurfaceView[com.risa.app/com.risa.app.MainActivity]@0#77958 form LifecycleManager
12-26 19:19:54.348  2059  2059 I SurfaceFlinger: destroyed com.risa.app/com.risa.app.MainActivity$_594#77952 form LifecycleManager
12-26 19:19:54.348  2059  2059 I SurfaceFlinger: destroyed 532f851 SurfaceView[com.risa.app/com.risa.app.MainActivity]@0(BLAST)#77957 form LifecycleManager
12-26 19:19:54.348  2059  2059 I SurfaceFlinger: destroyed 532f851 SurfaceView[com.risa.app/com.risa.app.MainActivity]@0#77956 form LifecycleManager
12-26 19:19:54.348  2059  2059 I SurfaceFlinger: id=77958 onLayerDestroyed from LayerHierarchyBuilder(RequestedLayerState{Background for 532f851 SurfaceView[com.risa.app/com.risa.app.MainActivity]@0#77958 !handle z=-2147483648})
12-26 19:19:54.348  2059  2059 I SurfaceFlinger: id=77952 onLayerDestroyed from LayerHierarchyBuilder(RequestedLayerState{com.risa.app/com.risa.app.MainActivity$_594#77952 !handle})
12-26 19:19:54.348  2059  2059 I SurfaceFlinger: id=77957 onLayerDestroyed from LayerHierarchyBuilder(RequestedLayerState{532f851 SurfaceView[com.risa.app/com.risa.app.MainActivity]@0(BLAST)#77957 !handle})
12-26 19:19:54.348  2059  2059 I SurfaceFlinger: id=77956 onLayerDestroyed from LayerHierarchyBuilder(RequestedLayerState{532f851 SurfaceView[com.risa.app/com.risa.app.MainActivity]@0#77956 !handle z=-2})
12-26 19:19:54.351  2059  2059 I Layer   : id=77958 Destroyed Background for 532f851 SurfaceView[com.risa.app/com.risa.app.MainActivity]@0#77958
12-26 19:19:54.351  2059  2059 I Layer   : id=77952 Destroyed com.risa.app/com.risa.app.MainActivity$_594#77952
12-26 19:19:54.351  2059  2059 I Layer   : id=77957 Destroyed 532f851 SurfaceView[com.risa.app/com.risa.app.MainActivity]@0(BLAST)#77957
12-26 19:19:54.353  2059  2059 I Layer   : id=77956 Destroyed 532f851 SurfaceView[com.risa.app/com.risa.app.MainActivity]@0#77956
12-26 19:19:54.474  1176  1176 D io_stats: !@ Write_top(KB): kworker/u16:5(27430) 5296 com.risa.app(594) 952 f2fs_ckpt-254:6(1290) 420
12-26 19:19:54.517   594   594 I flutter : EPG: Loaded 0 mappings from DB
12-26 19:19:54.520   594   594 I flutter : EPG: Cache is valid. Age: 1 minutes. Size: 65.30 MB
12-26 19:19:54.520   594   594 I flutter : EPG: Using valid cached file, skipping download.
12-26 19:19:54.521   594   594 I flutter : EPG: Starting background parsing...
12-26 19:19:54.736   594   594 I flutter : ChannelProvider: DB channel page failed: Unsupported operation: read-only
12-26 19:19:58.476  1176  1176 D io_stats: !@ Write_top(KB): kworker/u16:3(16099) 4244 com.risa.app(594) 944 jbd2/sda5-8(1151) 60
12-26 19:20:00.286   594   594 I flutter : EPG: Saved normalized mapping (317 entries) to /data/user/0/com.risa.app/files/epg_normalized.json
12-26 19:20:00.287   594   594 I flutter : EPG: Successfully parsed 307 channels and 312 IDs
12-26 19:20:00.287   594   594 I flutter : EPG: Service state - URL: https://dragtvplus.lol/xmltv.php?username=bobby&password=09052757, Available channels: 312, Loaded channels: 307
12-26 19:20:02.479  1176  1176 D io_stats: !@ Write_top(KB): com.risa.app(594) 28960 kworker/u16:2(23818) 1768 vendor.samsung.(1987) 8
12-26 19:20:05.870   594   594 I flutter : ChannelProvider: Saved playlist to flutter.cached_playlist for Android Auto
12-26 19:20:06.480  1176  1176 D io_stats: !@ Write_top(KB): com.risa.app(594) 34492 rdash.driverapp(4350) 64 kworker/u16:5(27430) 56
12-26 19:20:24.628   594   608 I com.risa.app: Background concurrent mark compact GC freed 24MB AllocSpace bytes, 4(34MB) LOS objects, 44% free, 59MB/107MB, paused 1.186ms,3.038ms total 152.163ms
12-26 19:20:25.253   594   608 I com.risa.app: Background concurrent mark compact GC freed 27MB AllocSpace bytes, 0(0B) LOS objects, 31% free, 105MB/153MB, paused 1.322ms,7.288ms total 262.278ms
12-26 19:20:26.098   594   608 I com.risa.app: Background concurrent mark compact GC freed 34MB AllocSpace bytes, 0(0B) LOS objects, 23% free, 155MB/203MB, paused 1.434ms,2.737ms total 382.361ms
12-26 19:20:27.300   594   608 I com.risa.app: Background concurrent mark compact GC freed 41MB AllocSpace bytes, 0(0B) LOS objects, 20% free, 183MB/231MB, paused 1.656ms,3.243ms total 367.968ms
12-26 19:20:28.394   594   608 I com.risa.app: Clamp target GC heap from 284MB to 256MB
12-26 19:20:28.394   594   608 I com.risa.app: Background concurrent mark compact GC freed 32MB AllocSpace bytes, 0(0B) LOS objects, 7% free, 236MB/256MB, paused 4.646ms,3.372ms total 364.530ms
12-26 19:20:28.398  2812  3124 D SGM:FgCheckThread: getForegroundApp(), foregroundPkgName=com.risa.app
12-26 19:20:28.399  2812  3124 D SGM:FgCheckThread: pkgName: com.risa.app is not in foreground
12-26 19:20:28.409  2812  4165 W UsageStatsService: Unexpected activity event reported! (com.risa.app/com.risa.app.MainActivity event : 23 instanceId : 262558729)
12-26 19:20:28.486   594   622 I com.risa.app: Waiting for a blocking GC Alloc
12-26 19:20:28.576   594   594 I com.risa.app: Waiting for a blocking GC Alloc
12-26 19:20:28.782   594   608 I com.risa.app: Clamp target GC heap from 281MB to 256MB
12-26 19:20:28.782   594   608 I com.risa.app: Background concurrent mark compact GC freed 21MB AllocSpace bytes, 0(0B) LOS objects, 8% free, 233MB/256MB, paused 140us,2.246ms total 299.079ms
12-26 19:20:28.782   594   622 I com.risa.app: WaitForGcToComplete blocked Alloc on Background for 296.504ms
12-26 19:20:28.782   594   594 I com.risa.app: WaitForGcToComplete blocked Alloc on Background for 206.710ms
12-26 19:20:28.783   594   594 W WindowOnBackDispatcher: sendCancelIfRunning: isInProgress=false callback=io.flutter.embedding.android.FlutterActivity$1@625847
12-26 19:20:28.783  2812  4151 D CoreBackPreview: Window{cbb084 u0 com.risa.app/com.risa.app.MainActivity}: Setting back callback null
12-26 19:20:28.796  2812  4151 V WindowManager: Remove Window{cbb084 u0 com.risa.app/com.risa.app.MainActivity}: mSurfaceControl=null mAnimatingExit=false mRemoveOnExit=false mHasSurface=false surfaceShowing=false animating=false app-animation=false callers=com.android.server.wm.Session.remove:16 android.view.IWindowSession$Stub.onTransact:804 com.android.server.wm.Session.onTransact:1 android.os.Binder.execTransactInternal:1457 android.os.Binder.execTransact:1401 <bottom of call stack> 
12-26 19:20:28.852  2059  2059 I SurfaceFlinger: [LayerHierarchy{RequestedLayerState{cbb084 com.risa.app/com.risa.app.MainActivity#77951} no children}] reparent to OffscreenRoot
12-26 19:20:28.852  2059  2059 I SurfaceFlinger: [LayerHierarchy{RequestedLayerState{cbb084 com.risa.app/com.risa.app.MainActivity#77951} no children}] RelativeParent to null
12-26 19:20:28.855  2059  2426 I SurfaceFlinger: id=77951 Removed cbb084 com.risa.app/com.risa.app.MainActivity#77951 (328)
12-26 19:20:28.885  2059  2059 I SurfaceFlinger: destroyed cbb084 com.risa.app/com.risa.app.MainActivity#77951 form LifecycleManager
12-26 19:20:28.885  2059  2059 I SurfaceFlinger: id=77951 onLayerDestroyed from LayerHierarchyBuilder(RequestedLayerState{cbb084 com.risa.app/com.risa.app.MainActivity#77951 !handle})
12-26 19:20:28.886  2059  2059 I Layer   : id=77951 Destroyed cbb084 com.risa.app/com.risa.app.MainActivity#77951
12-26 19:20:28.887   594   622 I com.risa.app: Waiting for a blocking GC Alloc
12-26 19:20:29.195   594   608 I com.risa.app: Clamp target GC heap from 293MB to 256MB
12-26 19:20:29.195   594   608 I com.risa.app: Background concurrent mark compact GC freed 10MB AllocSpace bytes, 0(0B) LOS objects, 4% free, 245MB/256MB, paused 132us,2.223ms total 310.476ms
12-26 19:20:29.195   594   622 I com.risa.app: WaitForGcToComplete blocked Alloc on Background for 307.793ms
12-26 19:20:29.244   594   622 I com.risa.app: Waiting for a blocking GC Alloc
12-26 19:20:29.544   594   608 I com.risa.app: Clamp target GC heap from 299MB to 256MB
12-26 19:20:29.545   594   608 I com.risa.app: Background concurrent mark compact GC freed 4972KB AllocSpace bytes, 0(0B) LOS objects, 1% free, 251MB/256MB, paused 124us,2.249ms total 302.059ms
12-26 19:20:29.545   594   622 I com.risa.app: WaitForGcToComplete blocked Alloc on Background for 300.367ms
12-26 19:20:29.570   594   622 I com.risa.app: Waiting for a blocking GC Alloc
12-26 19:20:29.881   594   608 I com.risa.app: Clamp target GC heap from 301MB to 256MB
12-26 19:20:29.881   594   608 I com.risa.app: Background concurrent mark compact GC freed 2348KB AllocSpace bytes, 0(0B) LOS objects, 0% free, 253MB/256MB, paused 126us,2.166ms total 315.708ms
12-26 19:20:29.881   594   622 I com.risa.app: WaitForGcToComplete blocked Alloc on Background for 311.154ms
12-26 19:20:29.892   594   622 I com.risa.app: Starting a blocking GC Alloc
12-26 19:20:30.199   594   622 I com.risa.app: Clamp target GC heap from 302MB to 256MB
12-26 19:20:30.199   594   622 I com.risa.app: Alloc concurrent mark compact GC freed 1140KB AllocSpace bytes, 0(0B) LOS objects, 0% free, 254MB/256MB, paused 105us,2.188ms total 306.258ms
12-26 19:20:30.199   594   622 I com.risa.app: Forcing collection of SoftReferences for 536B allocation
12-26 19:20:30.199   594   608 I com.risa.app: WaitForGcToComplete blocked Background on Alloc for 302.116ms
12-26 19:20:30.505   594   622 I com.risa.app: Clamp target GC heap from 302MB to 256MB
12-26 19:20:30.505   594   622 I com.risa.app: Alloc concurrent mark compact GC freed 300KB AllocSpace bytes, 0(0B) LOS objects, 0% free, 254MB/256MB, paused 111us,2.011ms total 305.456ms
12-26 19:20:31.616   594   622 W com.risa.app: Throwing OutOfMemoryError "Failed to allocate a 536 byte allocation with 1346736 free bytes and 1315KB until OOM, target footprint 268435456, growth limit 268435456; giving up on allocation because <1% of heap free after GC." (VmSize 23369312 kB)
12-26 19:20:31.624   594   622 E AndroidRuntime: FATAL EXCEPTION: flutter-worker-1
12-26 19:20:31.624   594   622 E AndroidRuntime: Process: com.risa.app, PID: 594
12-26 19:20:31.624   594   622 E AndroidRuntime: 	at io.flutter.plugin.common.StandardMessageCodec.readBytes(StandardMessageCodec.java:320)
12-26 19:20:31.624   594   622 E AndroidRuntime: 	at io.flutter.plugin.common.StandardMessageCodec.readValueOfType(StandardMessageCodec.java:380)
12-26 19:20:31.624   594   622 E AndroidRuntime: 	at io.flutter.plugin.common.StandardMessageCodec.readValue(StandardMessageCodec.java:340)
12-26 19:20:31.624   594   622 E AndroidRuntime: 	at io.flutter.plugin.common.StandardMessageCodec.readValueOfType(StandardMessageCodec.java:424)
12-26 19:20:31.624   594   622 E AndroidRuntime: 	at io.flutter.plugin.common.StandardMessageCodec.readValue(StandardMessageCodec.java:340)
12-26 19:20:31.624   594   622 E AndroidRuntime: 	at io.flutter.plugin.common.StandardMessageCodec.readValueOfType(StandardMessageCodec.java:434)
12-26 19:20:31.624   594   622 E AndroidRuntime: 	at io.flutter.plugin.common.StandardMessageCodec.readValue(StandardMessageCodec.java:340)
12-26 19:20:31.624   594   622 E AndroidRuntime: 	at io.flutter.plugin.common.StandardMessageCodec.readValueOfType(StandardMessageCodec.java:424)
12-26 19:20:31.624   594   622 E AndroidRuntime: 	at io.flutter.plugin.common.StandardMessageCodec.readValue(StandardMessageCodec.java:340)
12-26 19:20:31.624   594   622 E AndroidRuntime: 	at io.flutter.plugin.common.StandardMessageCodec.readValueOfType(StandardMessageCodec.java:434)
12-26 19:20:31.624   594   622 E AndroidRuntime: 	at io.flutter.plugin.common.StandardMessageCodec.readValue(StandardMessageCodec.java:340)
12-26 19:20:31.624   594   622 E AndroidRuntime: 	at io.flutter.plugin.common.StandardMethodCodec.decodeMethodCall(StandardMethodCodec.java:49)
12-26 19:20:31.624   594   622 E AndroidRuntime: 	at io.flutter.plugin.common.MethodChannel$IncomingMethodCallHandler.onMessage(MethodChannel.java:265)
12-26 19:20:31.624   594   622 E AndroidRuntime: 	at io.flutter.embedding.engine.dart.DartMessenger.invokeHandler(DartMessenger.java:292)
12-26 19:20:31.624   594   622 E AndroidRuntime: 	at io.flutter.embedding.engine.dart.DartMessenger.lambda$dispatchMessageToQueue$0$io-flutter-embedding-engine-dart-DartMessenger(DartMessenger.java:319)
12-26 19:20:31.624   594   622 E AndroidRuntime: 	at io.flutter.embedding.engine.dart.DartMessenger$$ExternalSyntheticLambda0.run(D8$$SyntheticClass:0)
12-26 19:20:31.624   594   622 E AndroidRuntime: 	at io.flutter.embedding.engine.dart.DartMessenger$SerialTaskQueue.flush(DartMessenger.java:173)
12-26 19:20:31.624   594   622 E AndroidRuntime: 	at io.flutter.embedding.engine.dart.DartMessenger$SerialTaskQueue.lambda$dispatch$0$io-flutter-embedding-engine-dart-DartMessenger$SerialTaskQueue(DartMessenger.java:163)
12-26 19:20:31.624   594   622 E AndroidRuntime: 	at io.flutter.embedding.engine.dart.DartMessenger$SerialTaskQueue$$ExternalSyntheticLambda0.run(D8$$SyntheticClass:0)
12-26 19:20:31.631  2812  1673 W ActivityManager: crash : com.risa.app,11279
12-26 19:20:31.744  7550  7550 I SDHMS:PowerAnomaly:Gatherer:AppError: update AppError : uid=11279, pkg=com.risa.app, errorType=crash
12-26 19:20:31.752  7550  7550 I SDHMS:PowerAnomaly:Analyzer:AppError: analyze app error : uid=11279, pkg=com.risa.app, appErrorCount=2
12-26 19:20:31.775  2812  4878 I ImeTracker: com.risa.app:b780f015: onRequestHide at ORIGIN_SERVER reason HIDE_REMOVE_CLIENT fromUser false
12-26 19:20:31.776  2812  4878 I ImeTracker: com.risa.app:b780f015: onCancelled at PHASE_SERVER_SHOULD_HIDE
12-26 19:20:31.777  2812  6028 I ActivityManager: Process com.risa.app (pid 594) has died: fg  TPSL(2003,1801)
12-26 19:21:22.004  2812  4878 V WindowManager: Add starting ActivityRecord{71983042 u0 com.risa.app/.MainActivity t21292}: startingData=SplashScreenStartingData{e0ca07e removeAfterTransaction= 0}
12-26 19:21:22.004  2812  4878 V WindowManager: Added starting ActivityRecord{71983042 u0 com.risa.app/.MainActivity t21292}: startingWindow=null startingView=com.android.server.wm.StartingSurfaceController$StartingSurface@b51b62c
12-26 19:21:22.004  2812  4878 V WindowManager: Collecting in transition 5766: ActivityRecord{71983042 u0 com.risa.app/.MainActivity t21292}, caller=com.android.server.wm.TransitionController.collect:7 com.android.server.wm.ActivityRecord.setVisibility:132 com.android.server.wm.EnsureActivitiesVisibleHelper.process:459 com.android.server.wm.TaskFragment.updateActivityVisibilities:12 com.android.server.wm.Task$$ExternalSyntheticLambda37.accept:37 
12-26 19:21:22.009  2812  3125 D BLASTSyncEngine: SyncGroup 5766:  Unfinished container: ActivityRecord{71983042 u0 com.risa.app/.MainActivity t21292} mSyncState=2
12-26 19:21:22.011  2812  6374 D WindowManager: prepareSync <SYNC_STATE_WAITING_FOR_DRAW>, mPrepareSyncSeqId=0, win=Window{10b5f71 u0 Splash Screen com.risa.app}
12-26 19:21:22.013  2812  6374 V WindowManager: addWindow: ActivityRecord{71983042 u0 com.risa.app/.MainActivity t21292} startingWindow=Window{10b5f71 u0 Splash Screen com.risa.app}
12-26 19:21:22.013  2812  6374 D WindowManager: rotationForOrientation, orientationSource=ActivityRecord{71983042 u0 com.risa.app/.MainActivity t21292}
12-26 19:21:22.013  2812  6374 D ActivityTaskManager: applyFixedRotationTransform, r=ActivityRecord{71983042 u0 com.risa.app/.MainActivity t21292}, caller=com.android.server.wm.ActivityRecord.applyFixedRotationTransform:20 com.android.server.wm.DisplayContent.startFixedRotationTransform:63 com.android.server.wm.DisplayContent.setFixedRotationLaunchingApp:47 com.android.server.wm.DisplayContent.handleTopActivityLaunchingInDifferentOrientation:286 com.android.server.wm.DisplayContent.updateOrientation:40 
12-26 19:21:22.015  2812  6374 D WindowManager: setFixedRotationLaunchingAppUnchecked, rotation=1, r=ActivityRecord{71983042 u0 com.risa.app/.MainActivity t21292}, caller=com.android.server.wm.DisplayContent.setFixedRotationLaunchingAppUnchecked:131 com.android.server.wm.DisplayContent.setFixedRotationLaunchingApp:50 com.android.server.wm.DisplayContent.handleTopActivityLaunchingInDifferentOrientation:286 com.android.server.wm.DisplayContent.updateOrientation:40 com.android.server.wm.WindowManagerService.addWindowInner:690 
12-26 19:21:22.018  2812  3122 D BLASTSyncEngine: SyncGroup 5766:  Unfinished container: ActivityRecord{71983042 u0 com.risa.app/.MainActivity t21292} mSyncState=2
12-26 19:21:22.026  2812  3125 D BLASTSyncEngine: SyncGroup 5766:  Unfinished container: ActivityRecord{71983042 u0 com.risa.app/.MainActivity t21292} mSyncState=2
12-26 19:21:22.029  2812  4878 D BLASTSyncEngine: SyncGroup 5766:  Unfinished container: ActivityRecord{71983042 u0 com.risa.app/.MainActivity t21292} mSyncState=2
12-26 19:21:22.034  2812  3154 I ActivityManager: Start proc 2959:com.risa.app/u0a1279 for top-activity {com.risa.app/com.risa.app.MainActivity}
12-26 19:21:22.036  2812  6374 D WindowManager: makeSurface duration=1 name=Splash Screen com.risa.app$_4743
12-26 19:21:22.036  2812  6374 D BLASTSyncEngine: SyncGroup 5766:  Unfinished container: ActivityRecord{71983042 u0 com.risa.app/.MainActivity t21292} mSyncState=2
12-26 19:21:22.048  2059  2225 I SurfaceFlinger: [Splash Screen com.risa.app$_4743#77984] setTransactionState with the first frame. bufferData(ID: 20371029913476, frameNumber: 1)
12-26 19:21:22.050  2812  4878 D WindowManager: finishDrawingWindow: Window{10b5f71 u0 Splash Screen com.risa.app} mDrawState=DRAW_PENDING seqId=0
12-26 19:21:22.050  2812  4878 V WindowManager: Finishing drawing window Window{10b5f71 u0 Splash Screen com.risa.app}: mDrawState=DRAW_PENDING
12-26 19:21:22.050  2812  4878 V WindowManager: Draw state now committed in Window{10b5f71 u0 Splash Screen com.risa.app}
12-26 19:21:22.053  2812  3125 D SurfaceComposerClient: setCornerRadius ## 10b5f71 Splash Screen com.risa.app#77981 cornerRadius=0.000000
12-26 19:21:22.054  2812  3125 D SurfaceComposerClient: setCornerRadius ## 10b5f71 Splash Screen com.risa.app#77981 cornerRadius=0.000000
12-26 19:21:22.054  2812  3125 V WindowManager: performShowLocked: mDrawState=HAS_DRAWN in Window{10b5f71 u0 Splash Screen com.risa.app}
12-26 19:21:22.054  2812  3125 D WindowManagerServiceExt: updateTaskbarTargetIfNeeded: cn=ComponentInfo{com.risa.app/com.risa.app.MainActivity} occludesParent=true isInSplitScreenMode=false
12-26 19:21:22.054  2812  3125 D ChangeTransitionController:    ChangeInfo{dcd45d5 container=ActivityRecord{71983042 u0 com.risa.app/.MainActivity t21292} flags=0x0}
12-26 19:21:22.054  2812  3125 D ChangeTransitionController:    ChangeInfo{16ff378 container=Task{ee411d3 #21292 type=standard I=com.risa.app/.MainActivity} flags=0x0}
12-26 19:21:22.054  2812  3125 V WindowManager: Start calculating TransitionInfo based on participants: {ActivityRecord{71983042 u0 com.risa.app/.MainActivity t21292}}
12-26 19:21:22.054  2812  3125 V WindowManager:   Final targets: [ChangeInfo{16ff378 container=Task{ee411d3 #21292 type=standard I=com.risa.app/.MainActivity} flags=0x10}, ChangeInfo{36bd1ea container=DefaultTaskDisplayArea_d0@90254262 flags=0x10}]
12-26 19:21:22.054  2959  2959 I com.risa.app: Late-enabling -Xcheck:jni
12-26 19:21:22.056  2812  3125 I SurfaceControlRegistry: show, t=StartTransaction_SyncId<5766> sc=ActivityRecord{71983042 u0 com.risa.app/.MainActivity t21292}, caller=android.view.SurfaceControl$Transaction.show:3557 com.android.server.wm.Transition.onTransactionReady:2048 com.android.server.wm.BLASTSyncEngine$SyncGroup.finishNow:240 com.android.server.wm.BLASTSyncEngine.onSurfacePlacement:263 com.android.server.wm.RootWindowContainer.performSurfacePlacementNoTrace:1083 com.android.server.wm.WindowSurfacePlacer.performSurfacePlacement:166 
12-26 19:21:22.058  2812  3125 V WindowManager:         {WCT{RemoteToken{c964915 Task{ee411d3 #21292 type=standard I=com.risa.app/.MainActivity}}} m=TO_FRONT f=NONE p=WCT{RemoteToken{70b963d DefaultTaskDisplayArea_d0@90254262}} leash=Surface(name=Task=21292)/@0xfac4ff sb=Rect(0, 0 - 1080, 2340) eb=Rect(0, 0 - 1080, 2340) epz=Point(1080, 2340) d=0 endFixedRotation=1 taskParent=-1 inset=Rect(84, 84 - 0, 0)},
12-26 19:21:22.060  2812  3121 V WindowManager:         {WCT{RemoteToken{c964915 Task{ee411d3 #21292 type=standard I=com.risa.app/.MainActivity}}} m=TO_FRONT f=NONE p=WCT{RemoteToken{70b963d DefaultTaskDisplayArea_d0@90254262}} leash=Surface(name=Task=21292)/@0xfac4ff sb=Rect(0, 0 - 1080, 2340) eb=Rect(0, 0 - 1080, 2340) epz=Point(1080, 2340) d=0 endFixedRotation=1 taskParent=-1 inset=Rect(84, 84 - 0, 0)},
12-26 19:21:22.077  2959  2959 I com.risa.app: Using CollectorTypeCMC GC.
12-26 19:21:22.083  2059  2059 I SurfaceFlinger: RequestedLayer [ActivityRecord{71983042 u0 com.risa.app/.MainActivity t21292}#77936] hidden!! flag  from(1) --> to(0)
