12-26 18:26:12.676 25091 25139 E AndroidRuntime: FATAL EXCEPTION: flutter-worker-0
12-26 18:26:12.676 25091 25139 E AndroidRuntime: Process: com.risa.app, PID: 25091
12-26 18:26:12.676 25091 25139 E AndroidRuntime: 	at io.flutter.plugin.common.StandardMessageCodec.readBytes(StandardMessageCodec.java:320)
12-26 18:26:12.676 25091 25139 E AndroidRuntime: 	at io.flutter.plugin.common.StandardMessageCodec.readValueOfType(StandardMessageCodec.java:380)
12-26 18:26:12.676 25091 25139 E AndroidRuntime: 	at io.flutter.plugin.common.StandardMessageCodec.readValue(StandardMessageCodec.java:340)
12-26 18:26:12.676 25091 25139 E AndroidRuntime: 	at io.flutter.plugin.common.StandardMessageCodec.readValueOfType(StandardMessageCodec.java:434)
12-26 18:26:12.676 25091 25139 E AndroidRuntime: 	at io.flutter.plugin.common.StandardMessageCodec.readValue(StandardMessageCodec.java:340)
12-26 18:26:12.676 25091 25139 E AndroidRuntime: 	at io.flutter.plugin.common.StandardMessageCodec.readValueOfType(StandardMessageCodec.java:424)
12-26 18:26:12.676 25091 25139 E AndroidRuntime: 	at io.flutter.plugin.common.StandardMessageCodec.readValue(StandardMessageCodec.java:340)
12-26 18:26:12.676 25091 25139 E AndroidRuntime: 	at io.flutter.plugin.common.StandardMessageCodec.readValueOfType(StandardMessageCodec.java:434)
12-26 18:26:12.676 25091 25139 E AndroidRuntime: 	at io.flutter.plugin.common.StandardMessageCodec.readValue(StandardMessageCodec.java:340)
12-26 18:26:12.676 25091 25139 E AndroidRuntime: 	at io.flutter.plugin.common.StandardMethodCodec.decodeMethodCall(StandardMethodCodec.java:49)
12-26 18:26:12.676 25091 25139 E AndroidRuntime: 	at io.flutter.plugin.common.MethodChannel$IncomingMethodCallHandler.onMessage(MethodChannel.java:265)
12-26 18:26:12.676 25091 25139 E AndroidRuntime: 	at io.flutter.embedding.engine.dart.DartMessenger.invokeHandler(DartMessenger.java:292)
12-26 18:26:12.676 25091 25139 E AndroidRuntime: 	at io.flutter.embedding.engine.dart.DartMessenger.lambda$dispatchMessageToQueue$0$io-flutter-embedding-engine-dart-DartMessenger(DartMessenger.java:319)
12-26 18:26:12.676 25091 25139 E AndroidRuntime: 	at io.flutter.embedding.engine.dart.DartMessenger$$ExternalSyntheticLambda0.run(D8$$SyntheticClass:0)
12-26 18:26:12.676 25091 25139 E AndroidRuntime: 	at io.flutter.embedding.engine.dart.DartMessenger$SerialTaskQueue.flush(DartMessenger.java:173)
12-26 18:26:12.676 25091 25139 E AndroidRuntime: 	at io.flutter.embedding.engine.dart.DartMessenger$SerialTaskQueue.lambda$dispatch$0$io-flutter-embedding-engine-dart-DartMessenger$SerialTaskQueue(DartMessenger.java:163)
12-26 18:26:12.676 25091 25139 E AndroidRuntime: 	at io.flutter.embedding.engine.dart.DartMessenger$SerialTaskQueue$$ExternalSyntheticLambda0.run(D8$$SyntheticClass:0)
12-26 18:29:03.323 27620 27620 E AndroidRuntime: Process: com.risa.app, PID: 27620
12-26 18:57:53.054 17725 18189 E AndroidRuntime: FATAL EXCEPTION: flutter-worker-2
12-26 18:57:53.054 17725 18189 E AndroidRuntime: Process: com.risa.app, PID: 17725
12-26 18:57:53.054 17725 18189 E AndroidRuntime: 	at io.flutter.plugin.common.StandardMessageCodec.readBytes(StandardMessageCodec.java:320)
12-26 18:57:53.054 17725 18189 E AndroidRuntime: 	at io.flutter.plugin.common.StandardMessageCodec.readValueOfType(StandardMessageCodec.java:380)
12-26 18:57:53.054 17725 18189 E AndroidRuntime: 	at io.flutter.plugin.common.StandardMessageCodec.readValue(StandardMessageCodec.java:340)
12-26 18:57:53.054 17725 18189 E AndroidRuntime: 	at io.flutter.plugin.common.StandardMessageCodec.readValueOfType(StandardMessageCodec.java:424)
12-26 18:57:53.054 17725 18189 E AndroidRuntime: 	at io.flutter.plugin.common.StandardMessageCodec.readValue(StandardMessageCodec.java:340)
12-26 18:57:53.054 17725 18189 E AndroidRuntime: 	at io.flutter.plugin.common.StandardMessageCodec.readValueOfType(StandardMessageCodec.java:434)
12-26 18:57:53.054 17725 18189 E AndroidRuntime: 	at io.flutter.plugin.common.StandardMessageCodec.readValue(StandardMessageCodec.java:340)
12-26 18:57:53.054 17725 18189 E AndroidRuntime: 	at io.flutter.plugin.common.StandardMessageCodec.readValueOfType(StandardMessageCodec.java:424)
12-26 18:57:53.054 17725 18189 E AndroidRuntime: 	at io.flutter.plugin.common.StandardMessageCodec.readValue(StandardMessageCodec.java:340)
12-26 18:57:53.054 17725 18189 E AndroidRuntime: 	at io.flutter.plugin.common.StandardMessageCodec.readValueOfType(StandardMessageCodec.java:434)
12-26 18:57:53.054 17725 18189 E AndroidRuntime: 	at io.flutter.plugin.common.StandardMessageCodec.readValue(StandardMessageCodec.java:340)
12-26 18:57:53.054 17725 18189 E AndroidRuntime: 	at io.flutter.plugin.common.StandardMethodCodec.decodeMethodCall(StandardMethodCodec.java:49)
12-26 18:57:53.054 17725 18189 E AndroidRuntime: 	at io.flutter.plugin.common.MethodChannel$IncomingMethodCallHandler.onMessage(MethodChannel.java:265)
12-26 18:57:53.054 17725 18189 E AndroidRuntime: 	at io.flutter.embedding.engine.dart.DartMessenger.invokeHandler(DartMessenger.java:292)
12-26 18:57:53.054 17725 18189 E AndroidRuntime: 	at io.flutter.embedding.engine.dart.DartMessenger.lambda$dispatchMessageToQueue$0$io-flutter-embedding-engine-dart-DartMessenger(DartMessenger.java:319)
12-26 18:57:53.054 17725 18189 E AndroidRuntime: 	at io.flutter.embedding.engine.dart.DartMessenger$$ExternalSyntheticLambda0.run(D8$$SyntheticClass:0)
12-26 18:57:53.054 17725 18189 E AndroidRuntime: 	at io.flutter.embedding.engine.dart.DartMessenger$SerialTaskQueue.flush(DartMessenger.java:173)
12-26 18:57:53.054 17725 18189 E AndroidRuntime: 	at io.flutter.embedding.engine.dart.DartMessenger$SerialTaskQueue.lambda$dispatch$0$io-flutter-embedding-engine-dart-DartMessenger$SerialTaskQueue(DartMessenger.java:163)
12-26 18:57:53.054 17725 18189 E AndroidRuntime: 	at io.flutter.embedding.engine.dart.DartMessenger$SerialTaskQueue$$ExternalSyntheticLambda0.run(D8$$SyntheticClass:0)
12-26 19:00:38.901 18933 20032 E AndroidRuntime: FATAL EXCEPTION: flutter-worker-2
12-26 19:00:38.901 18933 20032 E AndroidRuntime: Process: com.risa.app, PID: 18933
12-26 19:00:38.901 18933 20032 E AndroidRuntime: 	at io.flutter.plugin.common.StandardMessageCodec.readBytes(StandardMessageCodec.java:320)
12-26 19:00:38.901 18933 20032 E AndroidRuntime: 	at io.flutter.plugin.common.StandardMessageCodec.readValueOfType(StandardMessageCodec.java:380)
12-26 19:00:38.901 18933 20032 E AndroidRuntime: 	at io.flutter.plugin.common.StandardMessageCodec.readValue(StandardMessageCodec.java:340)
12-26 19:00:38.901 18933 20032 E AndroidRuntime: 	at io.flutter.plugin.common.StandardMessageCodec.readValueOfType(StandardMessageCodec.java:424)
12-26 19:00:38.901 18933 20032 E AndroidRuntime: 	at io.flutter.plugin.common.StandardMessageCodec.readValue(StandardMessageCodec.java:340)
12-26 19:00:38.901 18933 20032 E AndroidRuntime: 	at io.flutter.plugin.common.StandardMessageCodec.readValueOfType(StandardMessageCodec.java:434)
12-26 19:00:38.901 18933 20032 E AndroidRuntime: 	at io.flutter.plugin.common.StandardMessageCodec.readValue(StandardMessageCodec.java:340)
12-26 19:00:38.901 18933 20032 E AndroidRuntime: 	at io.flutter.plugin.common.StandardMessageCodec.readValueOfType(StandardMessageCodec.java:424)
12-26 19:00:38.901 18933 20032 E AndroidRuntime: 	at io.flutter.plugin.common.StandardMessageCodec.readValue(StandardMessageCodec.java:340)
12-26 19:00:38.901 18933 20032 E AndroidRuntime: 	at io.flutter.plugin.common.StandardMessageCodec.readValueOfType(StandardMessageCodec.java:434)
12-26 19:00:38.901 18933 20032 E AndroidRuntime: 	at io.flutter.plugin.common.StandardMessageCodec.readValue(StandardMessageCodec.java:340)
12-26 19:00:38.901 18933 20032 E AndroidRuntime: 	at io.flutter.plugin.common.StandardMethodCodec.decodeMethodCall(StandardMethodCodec.java:49)
12-26 19:00:38.901 18933 20032 E AndroidRuntime: 	at io.flutter.plugin.common.MethodChannel$IncomingMethodCallHandler.onMessage(MethodChannel.java:265)
12-26 19:00:38.901 18933 20032 E AndroidRuntime: 	at io.flutter.embedding.engine.dart.DartMessenger.invokeHandler(DartMessenger.java:292)
12-26 19:00:38.901 18933 20032 E AndroidRuntime: 	at io.flutter.embedding.engine.dart.DartMessenger.lambda$dispatchMessageToQueue$0$io-flutter-embedding-engine-dart-DartMessenger(DartMessenger.java:319)
12-26 19:00:38.901 18933 20032 E AndroidRuntime: 	at io.flutter.embedding.engine.dart.DartMessenger$$ExternalSyntheticLambda0.run(D8$$SyntheticClass:0)
12-26 19:00:38.901 18933 20032 E AndroidRuntime: 	at io.flutter.embedding.engine.dart.DartMessenger$SerialTaskQueue.flush(DartMessenger.java:173)
12-26 19:00:38.901 18933 20032 E AndroidRuntime: 	at io.flutter.embedding.engine.dart.DartMessenger$SerialTaskQueue.lambda$dispatch$0$io-flutter-embedding-engine-dart-DartMessenger$SerialTaskQueue(DartMessenger.java:163)
12-26 19:00:38.901 18933 20032 E AndroidRuntime: 	at io.flutter.embedding.engine.dart.DartMessenger$SerialTaskQueue$$ExternalSyntheticLambda0.run(D8$$SyntheticClass:0)
12-26 19:18:53.618 31841 32512 E AndroidRuntime: FATAL EXCEPTION: flutter-worker-2
12-26 19:18:53.618 31841 32512 E AndroidRuntime: Process: com.risa.app, PID: 31841
12-26 19:18:53.618 31841 32512 E AndroidRuntime: 	at io.flutter.plugin.common.StandardMessageCodec.readValueOfType(StandardMessageCodec.java:381)
12-26 19:18:53.618 31841 32512 E AndroidRuntime: 	at io.flutter.plugin.common.StandardMessageCodec.readValue(StandardMessageCodec.java:340)
12-26 19:18:53.618 31841 32512 E AndroidRuntime: 	at io.flutter.plugin.common.StandardMessageCodec.readValueOfType(StandardMessageCodec.java:424)
12-26 19:18:53.618 31841 32512 E AndroidRuntime: 	at io.flutter.plugin.common.StandardMessageCodec.readValue(StandardMessageCodec.java:340)
12-26 19:18:53.618 31841 32512 E AndroidRuntime: 	at io.flutter.plugin.common.StandardMessageCodec.readValueOfType(StandardMessageCodec.java:434)
12-26 19:18:53.618 31841 32512 E AndroidRuntime: 	at io.flutter.plugin.common.StandardMessageCodec.readValue(StandardMessageCodec.java:340)
12-26 19:18:53.618 31841 32512 E AndroidRuntime: 	at io.flutter.plugin.common.StandardMessageCodec.readValueOfType(StandardMessageCodec.java:424)
12-26 19:18:53.618 31841 32512 E AndroidRuntime: 	at io.flutter.plugin.common.StandardMessageCodec.readValue(StandardMessageCodec.java:340)
12-26 19:18:53.618 31841 32512 E AndroidRuntime: 	at io.flutter.plugin.common.StandardMessageCodec.readValueOfType(StandardMessageCodec.java:434)
12-26 19:18:53.618 31841 32512 E AndroidRuntime: 	at io.flutter.plugin.common.StandardMessageCodec.readValue(StandardMessageCodec.java:340)
12-26 19:18:53.618 31841 32512 E AndroidRuntime: 	at io.flutter.plugin.common.StandardMethodCodec.decodeMethodCall(StandardMethodCodec.java:49)
12-26 19:18:53.618 31841 32512 E AndroidRuntime: 	at io.flutter.plugin.common.MethodChannel$IncomingMethodCallHandler.onMessage(MethodChannel.java:265)
12-26 19:18:53.618 31841 32512 E AndroidRuntime: 	at io.flutter.embedding.engine.dart.DartMessenger.invokeHandler(DartMessenger.java:292)
12-26 19:18:53.618 31841 32512 E AndroidRuntime: 	at io.flutter.embedding.engine.dart.DartMessenger.lambda$dispatchMessageToQueue$0$io-flutter-embedding-engine-dart-DartMessenger(DartMessenger.java:319)
12-26 19:18:53.618 31841 32512 E AndroidRuntime: 	at io.flutter.embedding.engine.dart.DartMessenger$$ExternalSyntheticLambda0.run(D8$$SyntheticClass:0)
12-26 19:18:53.618 31841 32512 E AndroidRuntime: 	at io.flutter.embedding.engine.dart.DartMessenger$SerialTaskQueue.flush(DartMessenger.java:173)
12-26 19:18:53.618 31841 32512 E AndroidRuntime: 	at io.flutter.embedding.engine.dart.DartMessenger$SerialTaskQueue.lambda$dispatch$0$io-flutter-embedding-engine-dart-DartMessenger$SerialTaskQueue(DartMessenger.java:163)
12-26 19:18:53.618 31841 32512 E AndroidRuntime: 	at io.flutter.embedding.engine.dart.DartMessenger$SerialTaskQueue$$ExternalSyntheticLambda0.run(D8$$SyntheticClass:0)
12-26 19:20:31.624   594   622 E AndroidRuntime: FATAL EXCEPTION: flutter-worker-1
12-26 19:20:31.624   594   622 E AndroidRuntime: Process: com.risa.app, PID: 594
12-26 19:20:31.624   594   622 E AndroidRuntime: 	at io.flutter.plugin.common.StandardMessageCodec.readBytes(StandardMessageCodec.java:320)
12-26 19:20:31.624   594   622 E AndroidRuntime: 	at io.flutter.plugin.common.StandardMessageCodec.readValueOfType(StandardMessageCodec.java:380)
12-26 19:20:31.624   594   622 E AndroidRuntime: 	at io.flutter.plugin.common.StandardMessageCodec.readValue(StandardMessageCodec.java:340)
12-26 19:20:31.624   594   622 E AndroidRuntime: 	at io.flutter.plugin.common.StandardMessageCodec.readValueOfType(StandardMessageCodec.java:424)
12-26 19:20:31.624   594   622 E AndroidRuntime: 	at io.flutter.plugin.common.StandardMessageCodec.readValue(StandardMessageCodec.java:340)
12-26 19:20:31.624   594   622 E AndroidRuntime: 	at io.flutter.plugin.common.StandardMessageCodec.readValueOfType(StandardMessageCodec.java:434)
12-26 19:20:31.624   594   622 E AndroidRuntime: 	at io.flutter.plugin.common.StandardMessageCodec.readValue(StandardMessageCodec.java:340)
12-26 19:20:31.624   594   622 E AndroidRuntime: 	at io.flutter.plugin.common.StandardMessageCodec.readValueOfType(StandardMessageCodec.java:424)
12-26 19:20:31.624   594   622 E AndroidRuntime: 	at io.flutter.plugin.common.StandardMessageCodec.readValue(StandardMessageCodec.java:340)
12-26 19:20:31.624   594   622 E AndroidRuntime: 	at io.flutter.plugin.common.StandardMessageCodec.readValueOfType(StandardMessageCodec.java:434)
12-26 19:20:31.624   594   622 E AndroidRuntime: 	at io.flutter.plugin.common.StandardMessageCodec.readValue(StandardMessageCodec.java:340)
12-26 19:20:31.624   594   622 E AndroidRuntime: 	at io.flutter.plugin.common.StandardMethodCodec.decodeMethodCall(StandardMethodCodec.java:49)
12-26 19:20:31.624   594   622 E AndroidRuntime: 	at io.flutter.plugin.common.MethodChannel$IncomingMethodCallHandler.onMessage(MethodChannel.java:265)
12-26 19:20:31.624   594   622 E AndroidRuntime: 	at io.flutter.embedding.engine.dart.DartMessenger.invokeHandler(DartMessenger.java:292)
12-26 19:20:31.624   594   622 E AndroidRuntime: 	at io.flutter.embedding.engine.dart.DartMessenger.lambda$dispatchMessageToQueue$0$io-flutter-embedding-engine-dart-DartMessenger(DartMessenger.java:319)
12-26 19:20:31.624   594   622 E AndroidRuntime: 	at io.flutter.embedding.engine.dart.DartMessenger$$ExternalSyntheticLambda0.run(D8$$SyntheticClass:0)
12-26 19:20:31.624   594   622 E AndroidRuntime: 	at io.flutter.embedding.engine.dart.DartMessenger$SerialTaskQueue.flush(DartMessenger.java:173)
12-26 19:20:31.624   594   622 E AndroidRuntime: 	at io.flutter.embedding.engine.dart.DartMessenger$SerialTaskQueue.lambda$dispatch$0$io-flutter-embedding-engine-dart-DartMessenger$SerialTaskQueue(DartMessenger.java:163)
12-26 19:20:31.624   594   622 E AndroidRuntime: 	at io.flutter.embedding.engine.dart.DartMessenger$SerialTaskQueue$$ExternalSyntheticLambda0.run(D8$$SyntheticClass:0)
12-26 19:22:22.678  2959  3056 E AndroidRuntime: FATAL EXCEPTION: flutter-worker-1
12-26 19:22:22.678  2959  3056 E AndroidRuntime: Process: com.risa.app, PID: 2959
12-26 19:22:22.678  2959  3056 E AndroidRuntime: 	at io.flutter.plugin.common.StandardMessageCodec.readValueOfType(StandardMessageCodec.java:381)
12-26 19:22:22.678  2959  3056 E AndroidRuntime: 	at io.flutter.plugin.common.StandardMessageCodec.readValue(StandardMessageCodec.java:340)
12-26 19:22:22.678  2959  3056 E AndroidRuntime: 	at io.flutter.plugin.common.StandardMessageCodec.readValueOfType(StandardMessageCodec.java:424)
12-26 19:22:22.678  2959  3056 E AndroidRuntime: 	at io.flutter.plugin.common.StandardMessageCodec.readValue(StandardMessageCodec.java:340)
12-26 19:22:22.678  2959  3056 E AndroidRuntime: 	at io.flutter.plugin.common.StandardMessageCodec.readValueOfType(StandardMessageCodec.java:434)
12-26 19:22:22.678  2959  3056 E AndroidRuntime: 	at io.flutter.plugin.common.StandardMessageCodec.readValue(StandardMessageCodec.java:340)
12-26 19:22:22.678  2959  3056 E AndroidRuntime: 	at io.flutter.plugin.common.StandardMessageCodec.readValueOfType(StandardMessageCodec.java:424)
12-26 19:22:22.678  2959  3056 E AndroidRuntime: 	at io.flutter.plugin.common.StandardMessageCodec.readValue(StandardMessageCodec.java:340)
12-26 19:22:22.678  2959  3056 E AndroidRuntime: 	at io.flutter.plugin.common.StandardMessageCodec.readValueOfType(StandardMessageCodec.java:434)
12-26 19:22:22.678  2959  3056 E AndroidRuntime: 	at io.flutter.plugin.common.StandardMessageCodec.readValue(StandardMessageCodec.java:340)
12-26 19:22:22.678  2959  3056 E AndroidRuntime: 	at io.flutter.plugin.common.StandardMethodCodec.decodeMethodCall(StandardMethodCodec.java:49)
12-26 19:22:22.678  2959  3056 E AndroidRuntime: 	at io.flutter.plugin.common.MethodChannel$IncomingMethodCallHandler.onMessage(MethodChannel.java:265)
12-26 19:22:22.678  2959  3056 E AndroidRuntime: 	at io.flutter.embedding.engine.dart.DartMessenger.invokeHandler(DartMessenger.java:292)
12-26 19:22:22.678  2959  3056 E AndroidRuntime: 	at io.flutter.embedding.engine.dart.DartMessenger.lambda$dispatchMessageToQueue$0$io-flutter-embedding-engine-dart-DartMessenger(DartMessenger.java:319)
12-26 19:22:22.678  2959  3056 E AndroidRuntime: 	at io.flutter.embedding.engine.dart.DartMessenger$$ExternalSyntheticLambda0.run(D8$$SyntheticClass:0)
12-26 19:22:22.678  2959  3056 E AndroidRuntime: 	at io.flutter.embedding.engine.dart.DartMessenger$SerialTaskQueue.flush(DartMessenger.java:173)
12-26 19:22:22.678  2959  3056 E AndroidRuntime: 	at io.flutter.embedding.engine.dart.DartMessenger$SerialTaskQueue.lambda$dispatch$0$io-flutter-embedding-engine-dart-DartMessenger$SerialTaskQueue(DartMessenger.java:163)
12-26 19:22:22.678  2959  3056 E AndroidRuntime: 	at io.flutter.embedding.engine.dart.DartMessenger$SerialTaskQueue$$ExternalSyntheticLambda0.run(D8$$SyntheticClass:0)
12-26 19:32:23.393 11530 11559 E AndroidRuntime: FATAL EXCEPTION: flutter-worker-1
12-26 19:32:23.393 11530 11559 E AndroidRuntime: Process: com.risa.app, PID: 11530
12-26 19:32:23.393 11530 11559 E AndroidRuntime: 	at io.flutter.plugin.common.StandardMessageCodec.readValueOfType(StandardMessageCodec.java:381)
12-26 19:32:23.393 11530 11559 E AndroidRuntime: 	at io.flutter.plugin.common.StandardMessageCodec.readValue(StandardMessageCodec.java:340)
12-26 19:32:23.393 11530 11559 E AndroidRuntime: 	at io.flutter.plugin.common.StandardMessageCodec.readValueOfType(StandardMessageCodec.java:424)
12-26 19:32:23.393 11530 11559 E AndroidRuntime: 	at io.flutter.plugin.common.StandardMessageCodec.readValue(StandardMessageCodec.java:340)
12-26 19:32:23.393 11530 11559 E AndroidRuntime: 	at io.flutter.plugin.common.StandardMessageCodec.readValueOfType(StandardMessageCodec.java:434)
12-26 19:32:23.393 11530 11559 E AndroidRuntime: 	at io.flutter.plugin.common.StandardMessageCodec.readValue(StandardMessageCodec.java:340)
12-26 19:32:23.393 11530 11559 E AndroidRuntime: 	at io.flutter.plugin.common.StandardMessageCodec.readValueOfType(StandardMessageCodec.java:424)
12-26 19:32:23.393 11530 11559 E AndroidRuntime: 	at io.flutter.plugin.common.StandardMessageCodec.readValue(StandardMessageCodec.java:340)
12-26 19:32:23.393 11530 11559 E AndroidRuntime: 	at io.flutter.plugin.common.StandardMessageCodec.readValueOfType(StandardMessageCodec.java:434)
12-26 19:32:23.393 11530 11559 E AndroidRuntime: 	at io.flutter.plugin.common.StandardMessageCodec.readValue(StandardMessageCodec.java:340)
12-26 19:32:23.393 11530 11559 E AndroidRuntime: 	at io.flutter.plugin.common.StandardMethodCodec.decodeMethodCall(StandardMethodCodec.java:49)
12-26 19:32:23.393 11530 11559 E AndroidRuntime: 	at io.flutter.plugin.common.MethodChannel$IncomingMethodCallHandler.onMessage(MethodChannel.java:265)
12-26 19:32:23.393 11530 11559 E AndroidRuntime: 	at io.flutter.embedding.engine.dart.DartMessenger.invokeHandler(DartMessenger.java:292)
12-26 19:32:23.393 11530 11559 E AndroidRuntime: 	at io.flutter.embedding.engine.dart.DartMessenger.lambda$dispatchMessageToQueue$0$io-flutter-embedding-engine-dart-DartMessenger(DartMessenger.java:319)
12-26 19:32:23.393 11530 11559 E AndroidRuntime: 	at io.flutter.embedding.engine.dart.DartMessenger$$ExternalSyntheticLambda0.run(D8$$SyntheticClass:0)
12-26 19:32:23.393 11530 11559 E AndroidRuntime: 	at io.flutter.embedding.engine.dart.DartMessenger$SerialTaskQueue.flush(DartMessenger.java:173)
12-26 19:32:23.393 11530 11559 E AndroidRuntime: 	at io.flutter.embedding.engine.dart.DartMessenger$SerialTaskQueue.lambda$dispatch$0$io-flutter-embedding-engine-dart-DartMessenger$SerialTaskQueue(DartMessenger.java:163)
12-26 19:32:23.393 11530 11559 E AndroidRuntime: 	at io.flutter.embedding.engine.dart.DartMessenger$SerialTaskQueue$$ExternalSyntheticLambda0.run(D8$$SyntheticClass:0)
12-26 19:34:38.957 13920 13952 E AndroidRuntime: FATAL EXCEPTION: flutter-worker-1
12-26 19:34:38.957 13920 13952 E AndroidRuntime: Process: com.risa.app, PID: 13920
12-26 19:34:38.957 13920 13952 E AndroidRuntime: 	at io.flutter.plugin.common.StandardMessageCodec.readValueOfType(StandardMessageCodec.java:432)
12-26 19:34:38.957 13920 13952 E AndroidRuntime: 	at io.flutter.plugin.common.StandardMessageCodec.readValue(StandardMessageCodec.java:340)
12-26 19:34:38.957 13920 13952 E AndroidRuntime: 	at io.flutter.plugin.common.StandardMessageCodec.readValueOfType(StandardMessageCodec.java:424)
12-26 19:34:38.957 13920 13952 E AndroidRuntime: 	at io.flutter.plugin.common.StandardMessageCodec.readValue(StandardMessageCodec.java:340)
12-26 19:34:38.957 13920 13952 E AndroidRuntime: 	at io.flutter.plugin.common.StandardMessageCodec.readValueOfType(StandardMessageCodec.java:434)
12-26 19:34:38.957 13920 13952 E AndroidRuntime: 	at io.flutter.plugin.common.StandardMessageCodec.readValue(StandardMessageCodec.java:340)
12-26 19:34:38.957 13920 13952 E AndroidRuntime: 	at io.flutter.plugin.common.StandardMethodCodec.decodeMethodCall(StandardMethodCodec.java:49)
12-26 19:34:38.957 13920 13952 E AndroidRuntime: 	at io.flutter.plugin.common.MethodChannel$IncomingMethodCallHandler.onMessage(MethodChannel.java:265)
12-26 19:34:38.957 13920 13952 E AndroidRuntime: 	at io.flutter.embedding.engine.dart.DartMessenger.invokeHandler(DartMessenger.java:292)
12-26 19:34:38.957 13920 13952 E AndroidRuntime: 	at io.flutter.embedding.engine.dart.DartMessenger.lambda$dispatchMessageToQueue$0$io-flutter-embedding-engine-dart-DartMessenger(DartMessenger.java:319)
12-26 19:34:38.957 13920 13952 E AndroidRuntime: 	at io.flutter.embedding.engine.dart.DartMessenger$$ExternalSyntheticLambda0.run(D8$$SyntheticClass:0)
12-26 19:34:38.957 13920 13952 E AndroidRuntime: 	at io.flutter.embedding.engine.dart.DartMessenger$SerialTaskQueue.flush(DartMessenger.java:173)
12-26 19:34:38.957 13920 13952 E AndroidRuntime: 	at io.flutter.embedding.engine.dart.DartMessenger$SerialTaskQueue.lambda$dispatch$0$io-flutter-embedding-engine-dart-DartMessenger$SerialTaskQueue(DartMessenger.java:163)
12-26 19:34:38.957 13920 13952 E AndroidRuntime: 	at io.flutter.embedding.engine.dart.DartMessenger$SerialTaskQueue$$ExternalSyntheticLambda0.run(D8$$SyntheticClass:0)
12-26 19:34:38.979  2812  2860 D WindowManager: Changing focus from Window{397dab7 u0 com.risa.app/com.risa.app.MainActivity} to null displayId=0 Callers=com.android.server.wm.ActivityTaskManagerService.setLastResumedActivityUncheckLocked:264 com.android.server.wm.ActivityTaskSupervisor.updateTopResumedActivityIfNeeded:51 com.android.server.wm.TaskFragment.setResumedActivity:30 com.android.server.wm.ActivityRecord.setState:100 
12-26 19:34:38.994  2812  3124 D SGM:FgCheckThread: notePauseComponent(), received pkgName: com.risa.app, userId: 0
12-26 19:34:39.025  7550  7550 I SDHMS:PowerAnomaly:Gatherer:AppError: update AppError : uid=11279, pkg=com.risa.app, errorType=crash
12-26 19:34:39.037  7550  7550 I SDHMS:PowerAnomaly:Analyzer:AppError: analyze app error : uid=11279, pkg=com.risa.app, appErrorCount=5
12-26 19:34:39.065  2812  8703 D WindowManager: updateSystemBarAttributes: displayId=0, focusedCanBeNavColorWin=false, win=Window{4b40b77 u0 com.sec.android.app.launcher/com.sec.android.app.launcher.activities.LauncherActivity}, navColorWin=Window{397dab7 u0 com.risa.app/com.risa.app.MainActivity}, caller=com.android.server.wm.WindowManagerService.updateFocusedWindowLocked:372 com.android.server.wm.WindowManagerService.relayoutWindow:1350 com.android.server.wm.Session.relayout:27 
12-26 19:34:39.075  1176  1176 D io_stats: !@ Write_top(KB): kworker/u16:0(27360) 2628 f2fs_ckpt-254:6(1290) 320 com.risa.app(13920) 276
12-26 19:34:39.092  2812  3125 D ChangeTransitionController:    ChangeInfo{8ebc5b2 container=ActivityRecord{45806352 u0 com.risa.app/.MainActivity t21296 f}} flags=0x0}
12-26 19:34:39.092  2812  3125 D ChangeTransitionController:    ChangeInfo{a99e4ac container=Task{e088e09 #21296 type=standard I=com.risa.app/.MainActivity} flags=0x0}
12-26 19:34:39.092  2812  3125 V WindowManager: Start calculating TransitionInfo based on participants: {ActivityRecord{45806352 u0 com.risa.app/.MainActivity t21296 f}}, Task{3c60ba8 #1 type=home}, Task{a2f92a1 #8 type=home I=com.sec.android.app.launcher/.activities.LauncherActivity}, WallpaperWindowToken{d2924d7 showWhenLocked=false}_<system>, Task{e088e09 #21296 type=standard I=com.risa.app/.MainActivity}, ActivityRecord{241675760 u0 com.sec.android.app.launcher/.activities.LauncherActivity t8}}
12-26 19:34:39.092  2812  3125 V WindowManager:   Final targets: [ChangeInfo{c4b9903 container=Task{3c60ba8 #1 type=home} flags=0x30}, ChangeInfo{a99e4ac container=Task{e088e09 #21296 type=standard I=com.risa.app/.MainActivity} flags=0x10}, ChangeInfo{864c25f container=WallpaperWindowToken{d2924d7 showWhenLocked=false}_<system> flags=0x0}]
12-26 19:34:39.094  2812  3125 V WindowManager:         {WCT{RemoteToken{d79c334 Task{e088e09 #21296 type=standard I=com.risa.app/.MainActivity}}} m=CLOSE f=EDGE_EXTENSION_RESTRICTION leash=Surface(name=Task=21296)/@0xf55446 sb=Rect(0, 0 - 2340, 1080) eb=Rect(0, 0 - 2340, 1080) epz=Point(2340, 1080) d=0 taskParent=-1 inset=Rect(84, 84 - 135, 0) dim=true allowAppBgLayer=true},
12-26 19:34:39.102  2812  3121 V WindowManager: Sent Transition (#5807) createdAt=12-26 19:34:38.968 via request=TransitionRequestInfo { type = CLOSE, triggerTask = TaskInfo{userId=0 taskId=21296 effectiveUid=11279 displayId=0 isRunning=true baseIntent=Intent { act=android.intent.action.MAIN cat=[android.intent.category.LAUNCHER] flg=0x10200000 cmp=com.risa.app/.MainActivity } baseActivity=ComponentInfo{com.risa.app/com.risa.app.MainActivity} topActivity=ComponentInfo{com.risa.app/com.risa.app.MainActivity} origActivity=null realActivity=ComponentInfo{com.risa.app/com.risa.app.MainActivity} numActivities=1 lastActiveTime=323376669 supportsMultiWindow=true resizeMode=2 isResizeable=true minWidth=-1 minHeight=-1 maxWidth=-1 maxHeight=-1 defaultMinSize=220 desktopDefaultMinSize=304 token=WCT{RemoteToken{d79c334 Task{e088e09 #21296 type=standard I=com.risa.app/.MainActivity}}} topActivityType=1 pictureInPictureParams=null shouldDockBigOverlays=false launchIntoPipHostTaskId=-1 lastParentTaskIdBeforePip=-1 displayCutoutSafeInsets=Rect(0, 0 - 0, 0) topActivityInfo=ActivityInfo{abe44cc com.risa.app.MainActivity} launchCookies=[android.os.BinderProxy@dc1a315] positionInParent=Point(0, 0) parentTaskId=-1 isFocused=true isVisible=true isVisibleRequested=true isTopActivityNoDisplay=false isSleeping=false locusId=null displayAreaFeatureId=1 isTopActivityTransparent=false isActivityStackTransparent=false lastNonFullscreenBounds=Rect(81, 559 - 999, 1729) capturedLink=null capturedLinkTimestamp=0 requestedVisibleTypes=-9 topActivityRequestOpenInBrowserEducationTimestamp=0 appCompatTaskInfo=AppCompatTaskInfo { topActivityInSizeCompat=false eligibleForLetterboxEducation= false isLetterboxEducationEnabled= false isLetterboxDoubleTapEnabled= false eligibleForUserAspectRatioButton= false topActivityBoundsLetterboxed= false isFromLetterboxDoubleTap= false topActivityLetterboxVerticalPosition= -1 topActivityLetterboxHorizontalPosition= -1 topActivityLetterboxWidth=-1 topActivityLetterboxHeight=-1 topActivityAppBounds=Rect(0, 0 - 2340, 1080) isUserFullscreenOverrideEnabled=false isSystemFullscreenOverrideEnabled=false hasMinAspectRatioOverride=false topActivityLetterboxBounds=null cameraCompatTaskInfo=CameraCompatTaskInfo { freeformCameraCompatMode=inactive} topActivityBounds=null topActivityInDisplayCompat=false singleTapFromLetterbox=false} topActivityMainWindowFrame=null originallySupportedMultiWindow=true hasWallpaper=false rootAffinity=null isTopTaskInStage=false CoverLauncherWidgetTask=false LaunchedFromAppsCoverLauncherTask=false LaunchedFromMultistarCoverLauncherTask=false isAllowedSeamlessRotation=false isTopTransparentActivity=true isAliasManaged=false hasConfigChanged=false snappingGuideBounds=null isAiKeyRemoveAppTask=false lastDesktopWindowingBounds=null lastExternalDesktopWindowingBounds=null safeCutoutInsets=null}, pipChange = null, remoteTransition = null, displayChange = null, flags = 16, debugId = 5807 }
12-26 19:34:39.102  2812  3121 V WindowManager:         {WCT{RemoteToken{d79c334 Task{e088e09 #21296 type=standard I=com.risa.app/.MainActivity}}} m=CLOSE f=EDGE_EXTENSION_RESTRICTION leash=Surface(name=Task=21296)/@0xf55446 sb=Rect(0, 0 - 2340, 1080) eb=Rect(0, 0 - 2340, 1080) epz=Point(2340, 1080) d=0 taskParent=-1 inset=Rect(84, 84 - 135, 0) dim=true allowAppBgLayer=true},
12-26 19:34:39.117  2812  7998 I ActivityManager: Process com.risa.app (pid 13920) has died: prcp CRE (1788,1984)
12-26 19:34:39.118  2812  3124 D SGM:FgCheckThread: pkgName: com.risa.app is not in foreground
12-26 19:34:39.118  2812  3124 D SGM:FgCheckThread: noteStopComponent(), received pkgName: com.risa.app, focusedPkgName: com.sec.android.app.launcher, userId: 0
12-26 19:34:39.119  2812  6029 I WindowManager: WIN DEATH: Window{397dab7 u0 com.risa.app/com.risa.app.MainActivity}
12-26 19:34:39.119  2812  6029 V WindowManager: Remove Window{397dab7 u0 com.risa.app/com.risa.app.MainActivity}: mSurfaceControl=Surface(name=com.risa.app/com.risa.app.MainActivity$_13920)/@0x14ab029 mAnimatingExit=false mRemoveOnExit=false mHasSurface=true surfaceShowing=true animating=false app-animation=false callers=com.android.server.wm.Session.binderDied:85 android.os.IBinder$DeathRecipient.binderDied:346 android.os.BinderProxy.sendDeathNotice:848 <bottom of call stack> <bottom of call stack> <bottom of call stack> 
12-26 19:34:39.281  2812  6029 V WindowManager:    ChangeInfo{8ebc5b2 container=ActivityRecord{45806352 u0 com.risa.app/.MainActivity t21296 f} isExiting} flags=0x0}
12-26 19:34:39.281  2812  6029 V WindowManager:    ChangeInfo{a99e4ac container=Task{e088e09 #21296 type=standard I=com.risa.app/.MainActivity} flags=0x10}
12-26 19:34:39.282  2812  6029 V WindowManager: Setting visibility of Window{397dab7 u0 com.risa.app/com.risa.app.MainActivity EXITING}: false, caller=com.android.server.wm.WindowContainer.sendAppVisibilityToClients:19 com.android.server.wm.WindowToken.setClientVisible:48 com.android.server.wm.ActivityRecord.commitVisibility:186 com.android.server.wm.TransitionController.finishTransition:846 com.android.server.wm.WindowOrganizerController.finishTransitionInner:31 
12-26 19:34:39.283  2812  6029 W WindowManager: Exception thrown during dispatchAppVisibility Window{397dab7 u0 com.risa.app/com.risa.app.MainActivity EXITING}
12-26 19:34:39.286  2812  6029 D WindowManager: prepareSync <SYNC_STATE_WAITING_FOR_DRAW>, mPrepareSyncSeqId=0, win=Window{397dab7 u0 com.risa.app/com.risa.app.MainActivity EXITING}
12-26 19:34:39.287  2812  6029 D ChangeTransitionController:    ChangeInfo{8ebc5b2 container=ActivityRecord{45806352 u0 com.risa.app/.MainActivity t21296 f} isExiting} flags=0x0}
12-26 19:34:39.287  2812  6029 D ChangeTransitionController:    ChangeInfo{a99e4ac container=Task{e088e09 #21296 type=standard I=com.risa.app/.MainActivity} flags=0x10}
12-26 19:34:39.443  2812  6682 V WindowManager: Remove Window{397dab7 u0 com.risa.app/com.risa.app.MainActivity EXITING}: mSurfaceControl=Surface(name=com.risa.app/com.risa.app.MainActivity$_13920)/@0x14ab029 mAnimatingExit=true mRemoveOnExit=true mHasSurface=true surfaceShowing=true animating=false app-animation=false callers=com.android.server.wm.WindowToken.removeAllWindowsIfPossible:45 com.android.server.wm.WindowToken.removeIfPossible:16 com.android.server.wm.WindowToken.handleCompleteDeferredRemoval:5 com.android.server.wm.WindowContainer.handleCompleteDeferredRemoval:21 com.android.server.wm.TaskFragment.handleCompleteDeferredRemoval:17 com.android.server.wm.WindowContainer.handleCompleteDeferredRemoval:21 
12-26 19:34:39.443  2812  6682 V WindowManager: Remove Window{397dab7 u0 com.risa.app/com.risa.app.MainActivity EXITING}: mSurfaceControl=Surface(name=com.risa.app/com.risa.app.MainActivity$_13920)/@0x14ab029 mAnimatingExit=true mRemoveOnExit=true mHasSurface=true surfaceShowing=true animating=false app-animation=false callers=com.android.server.wm.WindowToken.removeAllWindowsIfPossible:45 com.android.server.wm.WindowToken.removeIfPossible:16 com.android.server.wm.ActivityRecord.onRemovedFromDisplay:407 com.android.server.wm.ActivityRecord.removeImmediately:46 com.android.server.wm.WindowToken.removeIfPossible:19 com.android.server.wm.WindowToken.handleCompleteDeferredRemoval:5 
12-26 19:39:06.595  2812  7578 I Pageboost: start alp : com.risa.app
12-26 19:39:06.595  2812  4712 I Pageboost: alp for : com.risa.app , 0
12-26 19:39:06.604  4743  4856 D ShellStartingWindow: preload Icon com.risa.app
12-26 19:39:06.621  2812  3154 I ActivityManager: Start proc 17387:com.risa.app/u0a1279 for activelaunch {com.risa.app/com.risa.app.MainActivity}
12-26 19:39:07.021  2812  7779 I AppWidgetServiceImpl: getInstalledProvidersForProfiles lock in com.risa.app
12-26 19:39:08.220  2812  7625 I ActivityManager: Killing 17387:com.risa.app/u0a1279 (adj 905): AL_Kill : over 1 slots
12-26 19:39:08.717  2812  4741 I PackageManager: pkg{com.risa.app}, user{0}, caller{10082} flags{0}
12-26 19:39:08.719  2812  3237 I AppsFilter: interaction: PackageSetting{aae1d6d com.android.microdroid.empty_payload/10341} -> PackageSetting{20ec375 com.risa.app/11279} BLOCKED
12-26 19:39:08.719  2812  3237 I AppsFilter: interaction: PackageSetting{7a329ff com.iptvsubz.accessibilityoverlay/10424} -> PackageSetting{20ec375 com.risa.app/11279} BLOCKED
12-26 19:39:08.719  2812  3237 I AppsFilter: interaction: PackageSetting{21baf63 com.example.iptpvtsubs_2/10832} -> PackageSetting{20ec375 com.risa.app/11279} BLOCKED
12-26 19:39:08.720  2812  3153 I ActivityManager: Force stopping com.risa.app appid=11279 user=0: deletePackageX
12-26 19:39:09.017  2812  4576 D BackgroundInstallControlService: handlePackageRemove: removing com.risa.app from 0
12-26 19:39:09.046  2812  3237 D AASA_PackageManager_RESTRICTED: Uninstall : userId = 0, info.uid = 11279, packageName = com.risa.app
12-26 19:39:09.057  2812  3237 I ActivityManager: Force stopping com.risa.app appid=11279 user=0: pkg removed
12-26 19:39:09.074  2812  3237 I ActivityManager: Force stopping com.risa.app appid=11279 user=0: pkg removed
12-26 19:39:09.091  2812  4152 D OverlayManager: onPackageRemoved pkgName=com.risa.app userId=0
12-26 19:39:09.091  2812  4152 I OverlayManager: updateOverlaysForTarget() called with: targetPackage = [com.risa.app], userId = [0], flags = [0]
12-26 19:39:09.092  2812  4165 D UsageStatsService: onPackageRemoved com.risa.app
12-26 19:39:09.098  2812  3152 I CredentialManager: updateProvidersWhenPackageRemoved)pkg=com.risa.app (0)
12-26 19:39:09.100  2812  4232 V StorageManagerService: Package com.risa.app does not have legacy storage
12-26 19:39:09.106  2812  4575 D ShortcutService: removing package: com.risa.app userId=0
12-26 19:39:09.115  2812  2812 I ConditionProviders: Disallowing condition provider com.risa.app (userSet: true)
12-26 19:39:09.123  2812  4168 I RollbackManager: broadcast=ACTION_PACKAGE_FULLY_REMOVED pkg=com.risa.app
12-26 19:39:09.127  2812  2812 I Telecom : CarModeTracker: Package com.risa.app is not tracked.: SSH.oR@2nU
12-26 19:39:09.127  2812  4533 D SGM:GameManager: identifyGamePackage. com.risa.app, mCurrentUserId: 0, callingMethodInfo: com.samsung.android.game.SemGameManager.isGamePackage(SemGameManager.java:106)
12-26 19:39:09.128  2812  4533 D SGM:SemGameManager: isGamePackage(), pkgName=com.risa.app, ret=false
12-26 19:39:09.132  2812  4712 I Pageboost: remove app @ runtime : com.risa.app
12-26 19:39:09.223  2812 17929 I Telecom : SamsungTelecomServiceImpl : clearAccounts - packageName : com.risa.app / callingPid : 2812 / processName : sts / callingUser : UserHandle{0}
12-26 19:39:09.990  2812  3152 I SGM:GameManager: PkgUpdateReceiver, onPackageRemoved(). pkgName=com.risa.app, userId=0
12-26 19:39:09.991  2812  3152 W SGM:Util: isPkgInstalled(), com.risa.app does not exist. 
12-26 19:39:09.991  2812  3152 D SGM:Util: isPkgInstalled(). pkgName=com.risa.app, userId=0, installed=false
12-26 19:39:09.991  2812  3152 D SGM:GosNotifyThread: sendPackageMessage(), changeType=1, pkgName=com.risa.app, userHandleId=0
12-26 19:39:10.436  2812  3152 D MetaDataCollector: onReceive: done pkgName=com.risa.app
12-26 19:39:10.441  2812  3152 D LauncherAppsService: Calling onPackageRemoved: com.risa.app, EXTRA_REPLACING: false
12-26 19:39:10.441  2812  3152 D LauncherAppsService: onPackageRemoved: triggering onPackageRemoved for user=UserHandle{0}, packageName=com.risa.app
12-26 19:39:10.442  2812  3152 D LauncherAppsService: onPackageRemoved: triggering onPackageRemoved for user=UserHandle{0}, packageName=com.risa.app
12-26 19:39:10.442  2812  3152 D LauncherAppsService: onPackageRemoved: triggering onPackageRemoved for user=UserHandle{0}, packageName=com.risa.app
12-26 19:39:10.442  2812  3152 D LauncherAppsService: onPackageRemoved: triggering onPackageRemoved for user=UserHandle{0}, packageName=com.risa.app
12-26 19:39:10.442  2812  3152 D LauncherAppsService: onPackageRemoved: triggering onPackageRemoved for user=UserHandle{0}, packageName=com.risa.app
12-26 19:39:15.620  2812  4141 I PackageInformation: com.risa.app ::20251217::20250713
12-26 19:39:15.677  2812  4141 D InstallDependencyHelper: No missing dependency for com.risa.app
12-26 19:39:15.677  2812  4141 I PackageManager:           pkg{com.risa.app}
12-26 19:39:15.775  2812  3237 D PermissionService: setAllowlistedRestrictedPermissionsUnchecked called for package - com.risa.app
12-26 19:39:15.775  2812  3237 D PermissionService: updateAdminPermissionsInternalcom.risa.app
12-26 19:39:15.822  2812  3237 D BackupManagerService: [UserID:0] restoreAtInstall pkg=com.risa.app token=4b restoreSet=338073ee6fe86497
12-26 19:39:16.255  2812  3237 I PackageManager: installation completed for package:com.risa.app. Final code path: /data/app/~~2mRmibJu3hoYIO1uw1pWAQ==/com.risa.app-cPxQfZHR-Lh9XbLLDRKwUQ==
12-26 19:39:16.255  2812  3237 I AppsFilter: interaction: PackageSetting{caedef0 com.android.microdroid.empty_payload/10341} -> PackageSetting{d26efdb com.risa.app/11280} BLOCKED
12-26 19:39:16.255  2812  3237 I AppsFilter: interaction: PackageSetting{c3983fa com.iptvsubz.accessibilityoverlay/10424} -> PackageSetting{d26efdb com.risa.app/11280} BLOCKED
12-26 19:39:16.255  2812  3237 I AppsFilter: interaction: PackageSetting{80f8dab com.example.iptpvtsubs_2/10832} -> PackageSetting{d26efdb com.risa.app/11280} BLOCKED
12-26 19:39:16.265  2812  4533 D SGM:GameManager: identifyGamePackage. com.risa.app, mCurrentUserId: 0, callingMethodInfo: com.samsung.android.game.SemGameManager.isGamePackage(SemGameManager.java:106)
12-26 19:39:16.265  2812  4533 D SGM:SemGameManager: isGamePackage(), pkgName=com.risa.app, ret=false
12-26 19:39:16.265  2812  4575 D ShortcutService: adding package: com.risa.app userId=0
12-26 19:39:16.270  2812  2812 I Telecom : SamsungOpenCommunicationPlatformPolicyPackageBroadcastReceiver : action : android.intent.action.PACKAGE_ADDED / packageName : com.risa.app
12-26 19:39:16.270  2812  4712 D SGM:GameManager: identifyGamePackage. com.risa.app, mCurrentUserId: 0, callingMethodInfo: com.samsung.android.game.SemGameManager.isGamePackage(SemGameManager.java:106)
12-26 19:39:16.270  2812  4712 D SGM:SemGameManager: isGamePackage(), pkgName=com.risa.app, ret=false
12-26 19:39:16.270  2812  4712 I Pageboost: appinfo : com.risa.app 0 0 0 0
12-26 19:39:16.270  2812  4712 D SGM:GameManager: identifyGamePackage. com.risa.app, mCurrentUserId: 0, callingMethodInfo: com.samsung.android.game.SemGameManager.isGamePackage(SemGameManager.java:106)
12-26 19:39:16.270  2812  4712 D SGM:SemGameManager: isGamePackage(), pkgName=com.risa.app, ret=false
12-26 19:39:16.270  2812  4712 I Pageboost: Reset this app info : com.risa.app 
12-26 19:39:16.271  2812  4712 I Pageboost: db create : CREATE TABLE IF NOT EXISTS comrisaapp (FILENAME TEXT, OFFSET INTEGER, SIZE INTEGER, FORVRAMDISK INTEGER, BITMAP BLOB, unique (FILENAME, OFFSET) );
12-26 19:39:16.272  2812  5489 I Telecom : SamsungOpenCommunicationPlatformPolicyPackageHandler : handleMessage : { when=-2ms what=0 obj=com.risa.app target=com.samsung.server.telecom.advancedcall.ocp.policy.broadcast.SamsungOpenCommunicationPlatformPolicyPackageHandler }.what
12-26 19:39:16.275  2812  4624 D SGM:GameManager: identifyGamePackage. com.risa.app, mCurrentUserId: 0, callingMethodInfo: com.samsung.android.game.SemGameManager.isGamePackage(SemGameManager.java:106)
12-26 19:39:16.275  2812  4624 D SGM:SemGameManager: isGamePackage(), pkgName=com.risa.app, ret=false
12-26 19:39:16.284  2812  4712 I Pageboost: add app to global @ runtime: com.risa.app
12-26 19:39:16.305  2812  4152 D OverlayManager: reconcileSettingsForPackage pkgName=com.risa.app userId=0
12-26 19:39:16.305  2812  4152 I OverlayManager: updateOverlaysForTarget() called with: targetPackage = [com.risa.app], userId = [0], flags = [0]
12-26 19:39:16.315  2812  4152 D OverlayManager: -> Updating overlay: target=com.risa.app overlays=[OverlayPaths { resourceDirs = [/product/overlay/NavigationBarMode3Button/NavigationBarMode3ButtonOverlay.apk], overlayPaths = [/product/overlay/NavigationBarMode3Button/NavigationBarMode3ButtonOverlay.apk, /data/resource-cache/android-SemWT_G_MonetPalette-LYw7.frro] }] userId=0
12-26 19:39:16.325  2812  2812 I AppsFilter: interaction: PackageSetting{36a78f3 com.android.microdroid.empty_payload/10341} -> PackageSetting{421b9b0 com.risa.app/11280} BLOCKED
12-26 19:39:16.325  2812  2812 I AppsFilter: interaction: PackageSetting{70fe029 com.iptvsubz.accessibilityoverlay/10424} -> PackageSetting{421b9b0 com.risa.app/11280} BLOCKED
12-26 19:39:16.325  2812  2812 I AppsFilter: interaction: PackageSetting{c51fae com.example.iptpvtsubs_2/10832} -> PackageSetting{421b9b0 com.risa.app/11280} BLOCKED
12-26 19:39:16.334  2812  4575 D ShortcutService: changing package: com.risa.app userId=0
12-26 19:39:16.343 17551 18815 I SWT_ValidatorService: It doesn't support color theme, com.risa.app
12-26 19:39:16.366  2812  3188 D MARsPolicyManager: new Package : com.risa.app, SCPMTarget : false
12-26 19:39:16.461  2812  3152 I SGM:GameManager: PkgUpdateReceiver, onPackageAdded : com.risa.app userHandle : UserHandle{0} userId : 0
12-26 19:39:16.461  2812  3152 D SGM:GosNotifyThread: sendPackageMessage(), changeType=0, pkgName=com.risa.app, userHandleId=0
12-26 19:39:16.461  2812  4229 D SGM:GosNotifyThread: notifyPackageChangedToGos(), before send intent to GOS. type:15, changeType: 0, pkgName:com.risa.app, userHandleId:0
12-26 19:39:16.461  2812  4229 D SGM:PmAppCategoryManager: getManifestCategory(), manifestCategory=-1, packageName=com.risa.app
12-26 19:39:16.461  2812  4229 D SGM:PmAppCategoryManager: getCategoryOverride(), categoryOverride=-1, packageName=com.risa.app
12-26 19:39:16.461  2812  4229 I SGM:GosNotifyThread: notifyPackageChangedToGos(), category from pm: com.risa.app, [-1/-1]
12-26 19:39:16.504  2812  3152 D MetaDataCollector: onReceive: done pkgName=com.risa.app
12-26 19:39:16.504  2812  3152 D LauncherAppsService: Calling onPackageAdded: com.risa.app, uid: 11280
12-26 19:39:16.504  2812  3152 D LauncherAppsService: onPackageAdded: triggering onPackageAdded for user=UserHandle{0}, packageName=com.risa.app
12-26 19:39:16.505  2812  3152 D LauncherAppsService: onPackageAdded: triggering onPackageAdded for user=UserHandle{0}, packageName=com.risa.app
12-26 19:39:16.505  2812  3152 D LauncherAppsService: onPackageAdded: triggering onPackageAdded for user=UserHandle{0}, packageName=com.risa.app
12-26 19:39:16.505  2812  3152 D LauncherAppsService: onPackageAdded: triggering onPackageAdded for user=UserHandle{0}, packageName=com.risa.app
12-26 19:39:16.505  2812  3152 D LauncherAppsService: onPackageAdded: triggering onPackageAdded for user=UserHandle{0}, packageName=com.risa.app
12-26 19:39:16.511  2812  4878 I AppWidgetServiceImpl: getInstalledProvidersForProfiles lock in com.risa.app
12-26 19:39:16.519  2812  8483 I AppWidgetServiceImpl: getInstalledProvidersForProfiles lock in com.risa.app
12-26 19:39:16.538  2812  5150 D SGM:GameManager: setPackageConfigurations(). category=-1, pkgName=com.risa.app
12-26 19:39:16.538  2812  5150 D SGM:GameManager: setPackageConfiguration(). configuration: packageName: com.risa.app, performancePolicyForSsrm: null, optimalAspectRatio: 1.7777778, dynamicSurfaceScaling: 1.0, category: -1, categoryByUser: -1, fillBlackSurfaceOnMargins: false, userId: null
12-26 19:39:16.538  2812  5150 D SGM:GameManager: setPackageConfiguration(). pkgName=com.risa.app
12-26 19:39:16.538  2812  5150 D SGM:Util: isPkgInstalled(). pkgName=com.risa.app, userId=0, installed=true
12-26 19:39:19.427  2812  6028 I Pageboost: onAppLaunch : com.risa.app
12-26 19:39:19.428  2812  4712 I Pageboost: Record App IO : com.risa.app pid 0
12-26 19:39:19.431  2812  6028 V WindowManager: Collecting in transition 5833: ActivityRecord{177831650 u0 com.risa.app/.MainActivity, caller=com.android.server.wm.TransitionController.collect:7 com.android.server.wm.ActivityStarter.startActivityUnchecked:98 com.android.server.wm.ActivityStarter.executeRequest:3651 com.android.server.wm.ActivityStarter.execute:1752 com.android.server.wm.ActivityTaskManagerService.startActivityAsUser:95 
12-26 19:39:19.431  2812  6028 D ActivityTaskManager: DesktopModeLaunchParamsModifier: task=null activity=ActivityRecord{177831650 u0 com.risa.app/.MainActivity t-1} task null, skipping
12-26 19:39:19.431  2812  6028 D ActivityTaskManager: TaskLaunchParamsModifier:task=null activity=ActivityRecord{177831650 u0 com.risa.app/.MainActivity t-1} display-area-from-source=DefaultTaskDisplayArea_d0@90254262 display-id=0 task-display-area-windowing-mode=1 suggested-display-area=DefaultTaskDisplayArea_d0@90254262
12-26 19:39:19.431  2812  6028 D ActivityTaskManager: DesktopModeLaunchParamsModifier: task=null activity=ActivityRecord{177831650 u0 com.risa.app/.MainActivity t-1} task null, skipping
12-26 19:39:19.431  2812  6028 D ActivityTaskManager: TaskLaunchParamsModifier:task=null activity=ActivityRecord{177831650 u0 com.risa.app/.MainActivity t-1} display-area-from-source=DefaultTaskDisplayArea_d0@90254262 display-id=0 task-display-area-windowing-mode=1 suggested-display-area=DefaultTaskDisplayArea_d0@90254262 inherit-from-source=fullscreen non-freeform-task-display-area display-area=DefaultTaskDisplayArea_d0@90254262 activity-requested-landscape freeform-size-mismatch=Rect(81, 559 - 999, 1729)
12-26 19:39:19.435  2812  6028 D ActivityTaskManager: DesktopModeLaunchParamsModifier: task=Task{312d5a9 #21299 type=standard I=com.risa.app/.MainActivity} activity=ActivityRecord{177831650 u0 com.risa.app/.MainActivity t-1} non-desktop, skipping
12-26 19:39:19.435  2812  6028 D ActivityTaskManager: TaskLaunchParamsModifier:task=Task{312d5a9 #21299 type=standard I=com.risa.app/.MainActivity} activity=ActivityRecord{177831650 u0 com.risa.app/.MainActivity t-1} display-area-from-source=DefaultTaskDisplayArea_d0@90254262 display-id=0 task-display-area-windowing-mode=1 suggested-display-area=DefaultTaskDisplayArea_d0@90254262 inherit-from-source=fullscreen non-freeform-task-display-area display-area=DefaultTaskDisplayArea_d0@90254262 activity-requested-landscape freeform-size-mismatch=Rect(81, 559 - 999, 1729)
12-26 19:39:19.435  2812  6028 V WindowManager: Collecting in transition 5833: Task{312d5a9 #21299 type=standard I=com.risa.app/.MainActivity}, caller=com.android.server.wm.Transition.collectExistenceChange:40 com.android.server.wm.ActivityStarter.startActivityInner:293 com.android.server.wm.ActivityStarter.startActivityUnchecked:111 com.android.server.wm.ActivityStarter.executeRequest:3651 com.android.server.wm.ActivityStarter.execute:1752 
12-26 19:39:19.436  2812  6028 V WindowManager: Add starting ActivityRecord{177831650 u0 com.risa.app/.MainActivity t21299}: startingData=SplashScreenStartingData{20f62cf removeAfterTransaction= 0}
12-26 19:39:19.436  2812  6028 V WindowManager: Added starting ActivityRecord{177831650 u0 com.risa.app/.MainActivity t21299}: startingWindow=null startingView=com.android.server.wm.StartingSurfaceController$StartingSurface@bc2545c
12-26 19:39:19.437  2812  6028 V WindowManager: Collecting in transition 5833: ActivityRecord{177831650 u0 com.risa.app/.MainActivity t21299}, caller=com.android.server.wm.Transition.collectExistenceChange:40 com.android.server.wm.ActivityStarter.handleStartResult:761 com.android.server.wm.ActivityStarter.startActivityUnchecked:124 com.android.server.wm.ActivityStarter.executeRequest:3651 com.android.server.wm.ActivityStarter.execute:1752 
12-26 19:39:19.437  2812  6028 V WindowManager:    ChangeInfo{48e90e1 container=Task{312d5a9 #21299 type=standard I=com.risa.app/.MainActivity} flags=0x0}
12-26 19:39:19.437  2812  6028 V WindowManager:    ChangeInfo{5dedcc7 container=ActivityRecord{177831650 u0 com.risa.app/.MainActivity t21299} flags=0x0}
