12-26 19:40:39.474  2812  2860 D CoreBackPreview: Window{bbcc144 u0 com.risa.app/com.risa.app.MainActivity}: Setting back callback OnBackInvokedCallbackInfo{mCallback=android.window.IOnBackInvokedCallback$Stub$Proxy@8ee5982, mPriority=0, mIsAnimationCallback=true, mOverrideBehavior=0}
12-26 19:40:39.474  2812  2860 D CoreBackPreview: Window{bbcc144 u0 com.risa.app/com.risa.app.MainActivity}: Setting back callback OnBackInvokedCallbackInfo{mCallback=android.window.IOnBackInvokedCallback$Stub$Proxy@94de893, mPriority=-1, mIsAnimationCallback=false, mOverrideBehavior=0}
12-26 19:40:39.575  2812  4617 D SGM:GameManager: identifyGamePackage. com.risa.app, mCurrentUserId: 0, callingMethodInfo: com.samsung.android.game.SemGameManager.isGamePackage(SemGameManager.java:106)
12-26 19:40:39.575  2812  4617 D SGM:SemGameManager: isGamePackage(), pkgName=com.risa.app, ret=false
12-26 19:40:39.862  2812  3124 D SGM:GameManager: identifyForegroundApp. com.risa.app, mCurrentUserId: 0, callerUserId: 0
12-26 19:40:41.925  2812  4151 D CoreBackPreview: Window{bbcc144 u0 com.risa.app/com.risa.app.MainActivity}: Setting back callback OnBackInvokedCallbackInfo{mCallback=android.window.IOnBackInvokedCallback$Stub$Proxy@26cac48, mPriority=0, mIsAnimationCallback=true, mOverrideBehavior=0}
12-26 19:40:41.925  2812  4151 D CoreBackPreview: Window{bbcc144 u0 com.risa.app/com.risa.app.MainActivity}: Setting back callback OnBackInvokedCallbackInfo{mCallback=android.window.IOnBackInvokedCallback$Stub$Proxy@c737ae1, mPriority=-1, mIsAnimationCallback=false, mOverrideBehavior=0}
12-26 19:40:41.926  2812  4151 D CoreBackPreview: Window{bbcc144 u0 com.risa.app/com.risa.app.MainActivity}: Setting back callback OnBackInvokedCallbackInfo{mCallback=android.window.IOnBackInvokedCallback$Stub$Proxy@7a21006, mPriority=0, mIsAnimationCallback=true, mOverrideBehavior=0}
12-26 19:40:42.173  2812  2860 D CoreBackPreview: Window{bbcc144 u0 com.risa.app/com.risa.app.MainActivity}: Setting back callback OnBackInvokedCallbackInfo{mCallback=android.window.IOnBackInvokedCallback$Stub$Proxy@b86d6c7, mPriority=-1, mIsAnimationCallback=false, mOverrideBehavior=0}
12-26 19:40:42.597  2812  4617 D SGM:GameManager: identifyGamePackage. com.risa.app, mCurrentUserId: 0, callingMethodInfo: com.samsung.android.game.SemGameManager.isGamePackage(SemGameManager.java:106)
12-26 19:40:42.598  2812  4617 D SGM:SemGameManager: isGamePackage(), pkgName=com.risa.app, ret=false
12-26 19:40:43.099  1176  1176 D io_stats: !@ Read_top(KB): com.risa.app(19691) 67920 kworker/u16:13(14954) 1544 kworker/u16:4(9806) 1536
12-26 19:40:43.099  1176  1176 D io_stats: !@ Write_top(KB): com.risa.app(19691) 7216 chbox:googleapp(10253) 156 .android.chrome(13710) 124
12-26 19:40:44.625  2812  2860 D CoreBackPreview: Window{bbcc144 u0 com.risa.app/com.risa.app.MainActivity}: Setting back callback OnBackInvokedCallbackInfo{mCallback=android.window.IOnBackInvokedCallback$Stub$Proxy@439b68e, mPriority=0, mIsAnimationCallback=true, mOverrideBehavior=0}
12-26 19:40:45.617  2812  4617 D SGM:GameManager: identifyGamePackage. com.risa.app, mCurrentUserId: 0, callingMethodInfo: com.samsung.android.game.SemGameManager.isGamePackage(SemGameManager.java:106)
12-26 19:40:45.618  2812  4617 D SGM:SemGameManager: isGamePackage(), pkgName=com.risa.app, ret=false
12-26 19:40:47.101  1176  1176 D io_stats: !@ Read_top(KB): asy.lm.football(26502) 1920 ocessService0:0(26600) 1604 com.risa.app(19691) 600
12-26 19:40:47.101  1176  1176 D io_stats: !@ Write_top(KB): com.risa.app(19691) 26508 kworker/u16:4(9806) 2188 jbd2/sda9-8(1164) 8
12-26 19:40:48.655  2812  4617 D SGM:GameManager: identifyGamePackage. com.risa.app, mCurrentUserId: 0, callingMethodInfo: com.samsung.android.game.SemGameManager.isGamePackage(SemGameManager.java:106)
12-26 19:40:48.655  2812  4617 D SGM:SemGameManager: isGamePackage(), pkgName=com.risa.app, ret=false
12-26 19:40:51.103  1176  1176 D io_stats: !@ Write_top(KB): com.risa.app(19691) 43144 kworker/u16:7(14948) 1196 rdash.driverapp(4350) 20
12-26 19:40:51.680  2812  4617 D SGM:GameManager: identifyGamePackage. com.risa.app, mCurrentUserId: 0, callingMethodInfo: com.samsung.android.game.SemGameManager.isGamePackage(SemGameManager.java:106)
12-26 19:40:51.680  2812  4617 D SGM:SemGameManager: isGamePackage(), pkgName=com.risa.app, ret=false
12-26 19:40:54.688  2812  4617 D SGM:GameManager: identifyGamePackage. com.risa.app, mCurrentUserId: 0, callingMethodInfo: com.samsung.android.game.SemGameManager.isGamePackage(SemGameManager.java:106)
12-26 19:40:54.688  2812  4617 D SGM:SemGameManager: isGamePackage(), pkgName=com.risa.app, ret=false
12-26 19:40:55.106  1176  1176 D io_stats: !@ Write_top(KB): com.risa.app(19691) 25876 kworker/u16:7(14948) 2268 chbox:googleapp(10253) 48
12-26 19:40:57.699  2812  4617 D SGM:GameManager: identifyGamePackage. com.risa.app, mCurrentUserId: 0, callingMethodInfo: com.samsung.android.game.SemGameManager.isGamePackage(SemGameManager.java:106)
12-26 19:40:57.699  2812  4617 D SGM:SemGameManager: isGamePackage(), pkgName=com.risa.app, ret=false
12-26 19:40:59.108  1176  1176 D io_stats: !@ Write_top(KB): com.risa.app(19691) 31660 kworker/u16:4(9806) 31500 kworker/u16:13(14954) 26820
12-26 19:41:00.144  2812  8483 V WindowManager: Transition 5840: Set Task{4f923e1 #21300 type=standard I=com.risa.app/.MainActivity} as transient-hidden-task, caller=com.android.server.wm.Task.forAllTasks:4 com.android.server.wm.WindowContainer.forAllTasks:2 com.android.server.wm.DisplayArea.forAllTasks:9 
12-26 19:41:00.144  2812  8483 V WindowManager: Collecting in transition 5840: Task{4f923e1 #21300 type=standard I=com.risa.app/.MainActivity}, caller=com.android.server.wm.Transition$$ExternalSyntheticLambda20.test:119 com.android.server.wm.Task.forAllTasks:4 com.android.server.wm.WindowContainer.forAllTasks:2 com.android.server.wm.DisplayArea.forAllTasks:9 com.android.server.wm.Transition.setTransientLaunch:138 
12-26 19:41:00.146  2812  8483 D ActivityTaskManager: scheduleTopResumedActivityChanged, onTop=false, r=ActivityRecord{38492488 u0 com.risa.app/.MainActivity t21300}, caller=com.android.server.wm.ActivityTaskSupervisor.scheduleTopResumedActivityStateLossIfNeeded:19 com.android.server.wm.ActivityTaskSupervisor.endDeferResume:21 com.android.server.wm.WindowOrganizerController.applyTransaction:186 com.android.server.wm.WindowOrganizerController.applyTransaction:16 com.android.server.wm.WindowOrganizerController$$ExternalSyntheticLambda5.onCollectStarted:27 com.android.server.wm.TransitionController.startCollectOrQueue:97 
12-26 19:41:00.152  2812  3122 D SGM:GameManager: identifyForegroundApp. com.risa.app, mCurrentUserId: 0, callerUserId: 0
12-26 19:41:00.153  2812  3122 D SGM:GameManager: identifyForegroundApp. com.risa.app, mCurrentUserId: 0, callerUserId: 0
12-26 19:41:00.294  2812  4526 D MdnieScenarioControlService:  packageName : com.risa.app    className : com.risa.app.MainActivity
12-26 19:41:00.295  2812  3125 D ChangeTransitionController:    ChangeInfo{47e3962 container=Task{4f923e1 #21300 type=standard I=com.risa.app/.MainActivity} flags=0x4}
12-26 19:41:00.295  2812  3125 V WindowManager: Start calculating TransitionInfo based on participants: {ActivityRecord{3284862 u0 com.sec.android.app.launcher/com.android.quickstep.RecentsActivity t20803}, Task{4f923e1 #21300 type=standard I=com.risa.app/.MainActivity}, TransientLaunchOverlayToken{596861a token=android.os.BinderProxy@2be6cc5}, Task{5db9018 #20803 type=recents I=com.sec.android.app.launcher/com.android.quickstep.RecentsActivity}, WallpaperWindowToken{d2924d7 showWhenLocked=false}_<system>}
12-26 19:41:00.295  2812  3125 V WindowManager:   Final targets: [ChangeInfo{e2a93b0 container=TransientLaunchOverlayToken{596861a token=android.os.BinderProxy@2be6cc5} flags=0x0}, ChangeInfo{b40b229 container=Task{5db9018 #20803 type=recents I=com.sec.android.app.launcher/com.android.quickstep.RecentsActivity} flags=0x30}, ChangeInfo{47e3962 container=Task{4f923e1 #21300 type=standard I=com.risa.app/.MainActivity} flags=0x4}, ChangeInfo{c83d34f container=WallpaperWindowToken{d2924d7 showWhenLocked=false}_<system> flags=0x0}]
12-26 19:41:00.296  2812  3125 D WindowManager: setActiveRecents, recents=Task{5db9018 #20803 type=recents I=com.sec.android.app.launcher/com.android.quickstep.RecentsActivity}, task=Task{4f923e1 #21300 type=standard I=com.risa.app/.MainActivity}, caller=com.android.server.wm.InputMonitor.setActiveRecents:33 com.android.server.wm.Transition.onTransactionReady:1795 com.android.server.wm.BLASTSyncEngine$SyncGroup.finishNow:240 
12-26 19:41:00.297  2812  3125 V WindowManager:         {WCT{RemoteToken{ebe90f0 Task{4f923e1 #21300 type=standard I=com.risa.app/.MainActivity}}} m=TO_BACK f=EDGE_EXTENSION_RESTRICTION leash=Surface(name=Task=21300)/@0xe26d06d sb=Rect(0, 0 - 2340, 1080) eb=Rect(0, 0 - 2340, 1080) epz=Point(2340, 1080) d=0 taskParent=-1 inset=Rect(84, 84 - 135, 0) dim=true allowAppBgLayer=true},
12-26 19:41:00.304  2812  3121 V WindowManager:         {WCT{RemoteToken{ebe90f0 Task{4f923e1 #21300 type=standard I=com.risa.app/.MainActivity}}} m=TO_BACK f=EDGE_EXTENSION_RESTRICTION leash=Surface(name=Task=21300)/@0xe26d06d sb=Rect(0, 0 - 2340, 1080) eb=Rect(0, 0 - 2340, 1080) epz=Point(2340, 1080) d=0 taskParent=-1 inset=Rect(84, 84 - 135, 0) dim=true allowAppBgLayer=true},
12-26 19:41:00.312  2812  7912 D WindowManager: Changing focus from Window{bbcc144 u0 com.risa.app/com.risa.app.MainActivity} to Window{18d63a7 u0 com.sec.android.app.launcher/com.android.quickstep.RecentsActivity} displayId=0 Callers=com.android.server.wm.ActivityTaskManagerService.setLastResumedActivityUncheckLocked:264 com.android.server.wm.ActivityTaskManagerService.setFocusedTask:19 com.android.server.wm.ActivityTaskManagerService.focusTopTask:53 android.app.IActivityTaskManager$Stub.onTransact:2020 
12-26 19:41:00.314  2812  7912 D WindowManager: updateSystemBarAttributes: displayId=0, focusedCanBeNavColorWin=false, win=Window{18d63a7 u0 com.sec.android.app.launcher/com.android.quickstep.RecentsActivity}, navColorWin=Window{bbcc144 u0 com.risa.app/com.risa.app.MainActivity}, caller=com.android.server.wm.WindowManagerService.updateFocusedWindowLocked:372 com.android.server.wm.ActivityTaskManagerService.setLastResumedActivityUncheckLocked:264 com.android.server.wm.ActivityTaskManagerService.setFocusedTask:19 
12-26 19:41:00.574  2812  8483 V WindowManager:    ChangeInfo{47e3962 container=Task{4f923e1 #21300 type=standard I=com.risa.app/.MainActivity} flags=0x4}
12-26 19:41:00.576  2812  8483 D ChangeTransitionController:    ChangeInfo{47e3962 container=Task{4f923e1 #21300 type=standard I=com.risa.app/.MainActivity} flags=0x4}
12-26 19:41:00.577  2812  3124 D SGM:FgCheckThread: notePauseComponent(), received pkgName: com.risa.app, userId: 0
12-26 19:41:00.617  2812  7912 V WindowManager: Setting visibility of Window{bbcc144 u0 com.risa.app/com.risa.app.MainActivity}: false, caller=com.android.server.wm.WindowContainer.sendAppVisibilityToClients:19 com.android.server.wm.WindowToken.setClientVisible:48 com.android.server.wm.ActivityRecord.activityStopped:189 com.android.server.wm.ActivityClientController.activityStopped:97 android.app.IActivityClientController$Stub.onTransact:740 
12-26 19:41:00.617  2812  7912 E WindowManager: win=Window{bbcc144 u0 com.risa.app/com.risa.app.MainActivity} destroySurfaces: appStopped=true cleanupOnResume=false win.mWindowRemovalAllowed=false win.mRemoveOnExit=false win.mViewVisibility=4 caller=com.android.server.wm.ActivityRecord.destroySurfaces:25 com.android.server.wm.ActivityRecord.activityStopped:192 com.android.server.wm.ActivityClientController.activityStopped:97 android.app.IActivityClientController$Stub.onTransact:740 com.android.server.wm.ActivityClientController.onTransact:1 android.os.Binder.execTransactInternal:1462 android.os.Binder.execTransact:1401 
12-26 19:41:00.618  2812  3124 D SGM:FgCheckThread: pkgName: com.risa.app is not in foreground
12-26 19:41:00.618  2812  3124 D SGM:FgCheckThread: noteStopComponent(), received pkgName: com.risa.app, focusedPkgName: com.sec.android.app.launcher, userId: 0
12-26 19:41:01.811  2812  3124 I ActivityManager: Killing 19691:com.risa.app/u0a1280 (adj 905): remove task
12-26 19:41:01.867  2812  4865 I WindowManager: WIN DEATH: Window{bbcc144 u0 com.risa.app/com.risa.app.MainActivity}
12-26 19:41:01.867  2812  4865 V WindowManager: Remove Window{bbcc144 u0 com.risa.app/com.risa.app.MainActivity}: mSurfaceControl=null mAnimatingExit=false mRemoveOnExit=false mHasSurface=false surfaceShowing=false animating=false app-animation=false callers=com.android.server.wm.Session.binderDied:85 android.os.IBinder$DeathRecipient.binderDied:346 android.os.BinderProxy.sendDeathNotice:848 <bottom of call stack> <bottom of call stack> <bottom of call stack> 
12-26 19:41:01.871  2812  4165 W UsageStatsService: Unexpected activity event reported! (com.risa.app/com.risa.app.MainActivity event : 23 instanceId : 134808838)
12-26 19:41:01.871  2812  3124 D SGM:FgCheckThread: pkgName: com.risa.app is not in foreground
12-26 19:41:01.871  2812  3124 D SGM:FgCheckThread: noteStopComponent(), received pkgName: com.risa.app, focusedPkgName: com.sec.android.app.launcher, userId: 0
12-26 19:41:02.973 30287 30287 D ActivityThread: Package [com.risa.app] reported as REPLACED, but missing application info. Assuming REMOVED.
12-26 19:41:02.974 30287 30287 D ActivityThread: Package [com.risa.app] reported as REPLACED, but missing application info. Assuming REMOVED.
12-26 19:41:02.974 30287 30287 D ActivityThread: Package [com.risa.app] reported as REPLACED, but missing application info. Assuming REMOVED.
12-26 19:41:02.998 30287 30287 D ActivityThread: Package [com.risa.app] reported as REPLACED, but missing application info. Assuming REMOVED.
12-26 19:41:02.998 30287 30287 D ActivityThread: Package [com.risa.app] reported as REPLACED, but missing application info. Assuming REMOVED.
12-26 19:41:02.998 30287 30287 D ActivityThread: Package [com.risa.app] reported as REPLACED, but missing application info. Assuming REMOVED.
12-26 19:41:03.110  1176  1176 D io_stats: !@ Write_top(KB): kworker/u16:7(14948) 25048 com.risa.app(19691) 7332 system_server(2812) 912
12-26 19:41:27.182  2812  7578 I Pageboost: start alp : com.risa.app
12-26 19:41:27.183  2812  4712 I Pageboost: alp for : com.risa.app , 0
12-26 19:41:27.190  4743  4856 D ShellStartingWindow: preload Icon com.risa.app
12-26 19:41:27.221  2812  3154 I ActivityManager: Start proc 20434:com.risa.app/u0a1280 for activelaunch {com.risa.app/com.risa.app.MainActivity}
12-26 19:41:27.242  2812  4865 I Pageboost: onAppLaunch : com.risa.app
12-26 19:41:27.243  2812  4865 V WindowManager: Collecting in transition 5845: ActivityRecord{202106712 u0 com.risa.app/.MainActivity, caller=com.android.server.wm.TransitionController.collect:7 com.android.server.wm.ActivityStarter.startActivityUnchecked:98 com.android.server.wm.ActivityStarter.executeRequest:3651 com.android.server.wm.ActivityStarter.execute:1752 com.android.server.wm.ActivityTaskManagerService.startActivityAsUser:95 
12-26 19:41:27.243  2812  4865 D ActivityTaskManager: DesktopModeLaunchParamsModifier: task=null activity=ActivityRecord{202106712 u0 com.risa.app/.MainActivity t-1} task null, skipping
12-26 19:41:27.243  2812  4865 D ActivityTaskManager: TaskLaunchParamsModifier:task=null activity=ActivityRecord{202106712 u0 com.risa.app/.MainActivity t-1} display-from-option=0 display-id=0 task-display-area-windowing-mode=1 suggested-display-area=DefaultTaskDisplayArea_d0@90254262
12-26 19:41:27.243  2812  4865 D ActivityTaskManager: DesktopModeLaunchParamsModifier: task=null activity=ActivityRecord{202106712 u0 com.risa.app/.MainActivity t-1} task null, skipping
12-26 19:41:27.243  2812  4865 D ActivityTaskManager: TaskLaunchParamsModifier:task=null activity=ActivityRecord{202106712 u0 com.risa.app/.MainActivity t-1} display-from-option=0 display-id=0 task-display-area-windowing-mode=1 suggested-display-area=DefaultTaskDisplayArea_d0@90254262 inherit-from-source=fullscreen non-freeform-task-display-area display-area=DefaultTaskDisplayArea_d0@90254262 activity-requested-landscape freeform-size-mismatch=Rect(81, 559 - 999, 1729)
12-26 19:41:27.244  2812  4865 D ActivityTaskManager: DesktopModeLaunchParamsModifier: task=Task{79e80b1 #21301 type=standard I=com.risa.app/.MainActivity} activity=ActivityRecord{202106712 u0 com.risa.app/.MainActivity t-1} non-desktop, skipping
12-26 19:41:27.244  2812  4865 D ActivityTaskManager: TaskLaunchParamsModifier:task=Task{79e80b1 #21301 type=standard I=com.risa.app/.MainActivity} activity=ActivityRecord{202106712 u0 com.risa.app/.MainActivity t-1} display-from-option=0 display-id=0 task-display-area-windowing-mode=1 suggested-display-area=DefaultTaskDisplayArea_d0@90254262 inherit-from-source=fullscreen non-freeform-task-display-area display-area=DefaultTaskDisplayArea_d0@90254262 activity-requested-landscape freeform-size-mismatch=Rect(81, 559 - 999, 1729)
12-26 19:41:27.245  2812  4865 V WindowManager: Collecting in transition 5845: Task{79e80b1 #21301 type=standard I=com.risa.app/.MainActivity}, caller=com.android.server.wm.Transition.collectExistenceChange:40 com.android.server.wm.ActivityStarter.startActivityInner:293 com.android.server.wm.ActivityStarter.startActivityUnchecked:111 com.android.server.wm.ActivityStarter.executeRequest:3651 com.android.server.wm.ActivityStarter.execute:1752 
12-26 19:41:27.246  2812  4865 V WindowManager: Add starting ActivityRecord{202106712 u0 com.risa.app/.MainActivity t21301}: startingData=SplashScreenStartingData{f4b5917 removeAfterTransaction= 0}
12-26 19:41:27.247  2812  4865 V WindowManager: Added starting ActivityRecord{202106712 u0 com.risa.app/.MainActivity t21301}: startingWindow=null startingView=com.android.server.wm.StartingSurfaceController$StartingSurface@7042104
12-26 19:41:27.248  2812  4865 V WindowManager: Collecting in transition 5845: ActivityRecord{202106712 u0 com.risa.app/.MainActivity t21301}, caller=com.android.server.wm.Transition.collectExistenceChange:40 com.android.server.wm.ActivityStarter.handleStartResult:761 com.android.server.wm.ActivityStarter.startActivityUnchecked:124 com.android.server.wm.ActivityStarter.executeRequest:3651 com.android.server.wm.ActivityStarter.execute:1752 
12-26 19:41:27.248  2812  4865 V WindowManager:    ChangeInfo{8244970 container=Task{79e80b1 #21301 type=standard I=com.risa.app/.MainActivity} flags=0x0}
12-26 19:41:27.248  2812  4865 V WindowManager:    ChangeInfo{27394e9 container=ActivityRecord{202106712 u0 com.risa.app/.MainActivity t21301} flags=0x0}
12-26 19:41:27.248  2812  4865 I ActivityTaskManager: START u0 {act=android.intent.action.MAIN cat=[android.intent.category.LAUNCHER] flg=0x10200000 xflg=0x4 cmp=com.risa.app/.MainActivity bnds=[290,1263][540,1538]} with LAUNCH_SINGLE_TOP from uid 10150 (sr=241675760) (BAL_ALLOW_VISIBLE_WINDOW) result code=0
12-26 19:41:27.248  4743  4800 V WindowManagerShell: Transition requested (#5845): android.os.BinderProxy@25e377f TransitionRequestInfo { type = OPEN, triggerTask = TaskInfo{userId=0 taskId=21301 effectiveUid=11280 displayId=0 isRunning=true baseIntent=Intent { act=android.intent.action.MAIN cat=[android.intent.category.LAUNCHER] flg=0x10200000 cmp=com.risa.app/.MainActivity } baseActivity=ComponentInfo{com.risa.app/com.risa.app.MainActivity} topActivity=ComponentInfo{com.risa.app/com.risa.app.MainActivity} origActivity=null realActivity=ComponentInfo{com.risa.app/com.risa.app.MainActivity} numActivities=1 lastActiveTime=323805439 supportsMultiWindow=true resizeMode=2 isResizeable=true minWidth=-1 minHeight=-1 maxWidth=-1 maxHeight=-1 defaultMinSize=220 desktopDefaultMinSize=304 token=WCT{android.window.IWindowContainerToken$Stub$Proxy@240834c} topActivityType=1 pictureInPictureParams=null shouldDockBigOverlays=false launchIntoPipHostTaskId=-1 lastParentTaskIdBeforePip=-1 displayCutoutSafeInsets=Rect(0, 84 - 0, 0) topActivityInfo=ActivityInfo{6413f95 com.risa.app.MainActivity} launchCookies=[android.os.BinderProxy@d65a8aa] positionInParent=Point(0, 0) parentTaskId=-1 isFocused=false isVisible=false isVisibleRequested=false isTopActivityNoDisplay=false isSleeping=false locusId=null displayAreaFeatureId=1 isTopActivityTransparent=false isActivityStackTransparent=false lastNonFullscreenBounds=Rect(81, 559 - 999, 1729) capturedLink=null capturedLinkTimestamp=0 requestedVisibleTypes=-9 topActivityRequestOpenInBrowserEducationTimestamp=0 appCompatTaskInfo=AppCompatTaskInfo { topActivityInSizeCompat=false eligibleForLetterboxEducation= false isLetterboxEducationEnabled= false isLetterboxDoubleTapEnabled= false eligibleForUserAspectRatioButton= false topActivityBoundsLetterboxed= false isFromLetterboxDoubleTap= false topActivityLetterboxVerticalPosition= -1 topActivityLetterboxHorizontalPosition= -1 topActivityLetterboxWidth=-1 topActivityLetterboxHeight=-1 topActivityAppBounds=Rect(0, 0 - 1080, 2340) isUserFullscreenOverrideEnabled=false isSystemFullscreenOverrideEnabled=false hasMinAspectRatioOverride=false topActivityLetterboxBounds=null cameraCompatTaskInfo=CameraCompatTaskInfo { freeformCameraCompatMode=inactive} topActivityBounds=null topActivityInDisplayCompat=false singleTapFromLetterbox=false} topActivityMainWindowFrame=null originallySupportedMultiWindow=true hasWallpaper=false rootAffinity=null isTopTaskInStage=false CoverLauncherWidgetTask=false LaunchedFromAppsCoverLauncherTask=false LaunchedFromMultistarCoverLauncherTask=false isAllowedSeamlessRotation=false isTopTransparentActivity=false isAliasManaged=false hasConfigChanged=false snappingGuideBounds=null isAiKeyRemoveAppTask=false lastDesktopWindowingBounds=null lastExternalDesktopWindowingBounds=null safeCutoutInsets=null}, pipChange = null, remoteTransition = RemoteTransition { remoteTransition = android.window.IRemoteTransition$Stub$Proxy@b28cc9b, appThread = android.app.IApplicationThread$Stub$Proxy@9988838, debugName = QuickstepLaunchflags =NONE }, displayChange = null, flags = 0, debugId = 5845 }
12-26 19:41:27.250  2812  7578 D WindowManager: prepareSync <SYNC_STATE_WAITING_FOR_DRAW>, mPrepareSyncSeqId=0, win=Window{26796a5 u0 Splash Screen com.risa.app}
12-26 19:41:27.251  2812  7578 V WindowManager: addWindow: ActivityRecord{202106712 u0 com.risa.app/.MainActivity t21301} startingWindow=Window{26796a5 u0 Splash Screen com.risa.app}
12-26 19:41:27.254  2812  7578 D WindowManager: makeSurface duration=0 name=Splash Screen com.risa.app$_4743
12-26 19:41:27.261  2812  4378 V WindowManager: Collecting in transition 5845: ActivityRecord{202106712 u0 com.risa.app/.MainActivity t21301}, caller=com.android.server.wm.TransitionController.collect:7 com.android.server.wm.ActivityRecord.setVisibility:132 com.android.server.wm.EnsureActivitiesVisibleHelper.process:459 com.android.server.wm.TaskFragment.updateActivityVisibilities:12 com.android.server.wm.Task$$ExternalSyntheticLambda37.accept:37 
12-26 19:41:27.268  2812  4865 D WindowManager: finishDrawingWindow: Window{26796a5 u0 Splash Screen com.risa.app} mDrawState=DRAW_PENDING seqId=0
12-26 19:41:27.269  2812  4865 V WindowManager: Finishing drawing window Window{26796a5 u0 Splash Screen com.risa.app}: mDrawState=DRAW_PENDING
12-26 19:41:27.269  2812  4865 V WindowManager: Draw state now committed in Window{26796a5 u0 Splash Screen com.risa.app}
12-26 19:41:27.269  2812  3125 D WindowManager: rotationForOrientation, orientationSource=ActivityRecord{202106712 u0 com.risa.app/.MainActivity t21301}
12-26 19:41:27.269  2812  3125 D ActivityTaskManager: applyFixedRotationTransform, r=ActivityRecord{202106712 u0 com.risa.app/.MainActivity t21301}, caller=com.android.server.wm.ActivityRecord.applyFixedRotationTransform:20 com.android.server.wm.DisplayContent.startFixedRotationTransform:63 com.android.server.wm.DisplayContent.setFixedRotationLaunchingApp:47 com.android.server.wm.DisplayContent.handleTopActivityLaunchingInDifferentOrientation:286 com.android.server.wm.DisplayContent.updateOrientation:40 
12-26 19:41:27.271  2812  3125 D WindowManager: setFixedRotationLaunchingAppUnchecked, rotation=1, r=ActivityRecord{202106712 u0 com.risa.app/.MainActivity t21301}, caller=com.android.server.wm.DisplayContent.setFixedRotationLaunchingAppUnchecked:131 com.android.server.wm.DisplayContent.setFixedRotationLaunchingApp:50 com.android.server.wm.DisplayContent.handleTopActivityLaunchingInDifferentOrientation:286 com.android.server.wm.DisplayContent.updateOrientation:40 com.android.server.wm.WindowState.performShowLocked:308 
12-26 19:41:27.272  2812  3125 D WindowManagerServiceExt: updateTaskbarTargetIfNeeded: cn=ComponentInfo{com.risa.app/com.risa.app.MainActivity} occludesParent=true isInSplitScreenMode=false
12-26 19:41:27.272  2812  3125 D ChangeTransitionController:    ChangeInfo{8244970 container=Task{79e80b1 #21301 type=standard I=com.risa.app/.MainActivity} flags=0x0}
12-26 19:41:27.272  2812  3125 D ChangeTransitionController:    ChangeInfo{27394e9 container=ActivityRecord{202106712 u0 com.risa.app/.MainActivity t21301} flags=0x0}
12-26 19:41:27.272  2812  3125 V WindowManager: Start calculating TransitionInfo based on participants: {Task{79e80b1 #21301 type=standard I=com.risa.app/.MainActivity}, WallpaperWindowToken{82337fa showWhenLocked=true}_<lock>, ActivityRecord{202106712 u0 com.risa.app/.MainActivity t21301}, WallpaperWindowToken{d2924d7 showWhenLocked=false}_<system>, ActivityRecord{241675760 u0 com.sec.android.app.launcher/.activities.LauncherActivity t8}}
12-26 19:41:27.272  2812  3125 V WindowManager:   Final targets: [ChangeInfo{8244970 container=Task{79e80b1 #21301 type=standard I=com.risa.app/.MainActivity} flags=0x10}, ChangeInfo{cf4c082 container=Task{3c60ba8 #1 type=home} flags=0x10}, ChangeInfo{d3262ce container=WallpaperWindowToken{d2924d7 showWhenLocked=false}_<system> flags=0x0}]
12-26 19:41:27.273  2812  3125 V WindowManager:         {WCT{RemoteToken{c04120b Task{79e80b1 #21301 type=standard I=com.risa.app/.MainActivity}}} m=OPEN f=NONE leash=Surface(name=Task=21301)/@0xac94b85 sb=Rect(0, 0 - 1080, 2340) eb=Rect(0, 0 - 1080, 2340) epz=Point(1080, 2340) d=0 endFixedRotation=1 taskParent=-1 inset=Rect(84, 84 - 0, 0) dim=true},
12-26 19:41:27.276  2812  3121 V WindowManager: Sent Transition (#5845) createdAt=12-26 19:41:27.243 via request=TransitionRequestInfo { type = OPEN, triggerTask = TaskInfo{userId=0 taskId=21301 effectiveUid=11280 displayId=0 isRunning=true baseIntent=Intent { act=android.intent.action.MAIN cat=[android.intent.category.LAUNCHER] flg=0x10200000 cmp=com.risa.app/.MainActivity } baseActivity=ComponentInfo{com.risa.app/com.risa.app.MainActivity} topActivity=ComponentInfo{com.risa.app/com.risa.app.MainActivity} origActivity=null realActivity=ComponentInfo{com.risa.app/com.risa.app.MainActivity} numActivities=1 lastActiveTime=323805439 supportsMultiWindow=true resizeMode=2 isResizeable=true minWidth=-1 minHeight=-1 maxWidth=-1 maxHeight=-1 defaultMinSize=220 desktopDefaultMinSize=304 token=WCT{RemoteToken{c04120b Task{79e80b1 #21301 type=standard I=com.risa.app/.MainActivity}}} topActivityType=1 pictureInPictureParams=null shouldDockBigOverlays=false launchIntoPipHostTaskId=-1 lastParentTaskIdBeforePip=-1 displayCutoutSafeInsets=Rect(0, 84 - 0, 0) topActivityInfo=ActivityInfo{283fda6 com.risa.app.MainActivity} launchCookies=[android.os.BinderProxy@ddfc3e7] positionInParent=Point(0, 0) parentTaskId=-1 isFocused=false isVisible=false isVisibleRequested=false isTopActivityNoDisplay=false isSleeping=false locusId=null displayAreaFeatureId=1 isTopActivityTransparent=false isActivityStackTransparent=false lastNonFullscreenBounds=Rect(81, 559 - 999, 1729) capturedLink=null capturedLinkTimestamp=0 requestedVisibleTypes=-9 topActivityRequestOpenInBrowserEducationTimestamp=0 appCompatTaskInfo=AppCompatTaskInfo { topActivityInSizeCompat=false eligibleForLetterboxEducation= false isLetterboxEducationEnabled= false isLetterboxDoubleTapEnabled= false eligibleForUserAspectRatioButton= false topActivityBoundsLetterboxed= false isFromLetterboxDoubleTap= false topActivityLetterboxVerticalPosition= -1 topActivityLetterboxHorizontalPosition= -1 topActivityLetterboxWidth=-1 topActivityLetterboxHeight=-1 topActivityAppBounds=Rect(0, 0 - 1080, 2340) isUserFullscreenOverrideEnabled=false isSystemFullscreenOverrideEnabled=false hasMinAspectRatioOverride=false topActivityLetterboxBounds=null cameraCompatTaskInfo=CameraCompatTaskInfo { freeformCameraCompatMode=inactive} topActivityBounds=null topActivityInDisplayCompat=false singleTapFromLetterbox=false} topActivityMainWindowFrame=null originallySupportedMultiWindow=true hasWallpaper=false rootAffinity=null isTopTaskInStage=false CoverLauncherWidgetTask=false LaunchedFromAppsCoverLauncherTask=false LaunchedFromMultistarCoverLauncherTask=false isAllowedSeamlessRotation=false isTopTransparentActivity=false isAliasManaged=false hasConfigChanged=false snappingGuideBounds=null isAiKeyRemoveAppTask=false lastDesktopWindowingBounds=null lastExternalDesktopWindowingBounds=null safeCutoutInsets=null}, pipChange = null, remoteTransition = RemoteTransition { remoteTransition = android.window.IRemoteTransition$Stub$Proxy@1a0fb94, appThread = android.app.IApplicationThread$Stub$Proxy@6aa663d, debugName = QuickstepLaunchflags =NONE }, displayChange = null, flags = 0, debugId = 5845 }
12-26 19:41:27.276  2812  3121 V WindowManager:         {WCT{RemoteToken{c04120b Task{79e80b1 #21301 type=standard I=com.risa.app/.MainActivity}}} m=OPEN f=NONE leash=Surface(name=Task=21301)/@0xac94b85 sb=Rect(0, 0 - 1080, 2340) eb=Rect(0, 0 - 1080, 2340) epz=Point(1080, 2340) d=0 endFixedRotation=1 taskParent=-1 inset=Rect(84, 84 - 0, 0) dim=true},
12-26 19:41:27.289  2812  8483 D WindowManager: updateSystemBarAttributes: displayId=0, focusedCanBeNavColorWin=false, win=Window{4b40b77 u0 com.sec.android.app.launcher/com.sec.android.app.launcher.activities.LauncherActivity}, navColorWin=Window{26796a5 u0 Splash Screen com.risa.app}, caller=com.android.server.wm.DisplayPolicy.finishPostLayoutPolicyLw:17 com.android.server.wm.RootWindowContainer.applySurfaceChangesTransaction$1:195 com.android.server.wm.RootWindowContainer.performSurfacePlacementNoTrace:59 
12-26 19:41:27.296  2812  8483 D InsetsSourceProvider: updateControlForTarget: control=InsetsSourceControl: {4c0000 mType=statusBars initiallyVisible mSurfacePosition=Point(0, 0) mInsetsHint=Insets{left=0, top=84, right=0, bottom=0}}, target=Window{26796a5 u0 Splash Screen com.risa.app}, from=com.android.server.wm.InsetsStateController.onControlTargetChanged:83 com.android.server.wm.InsetsPolicy.updateBarControlTarget:212 com.android.server.wm.DisplayPolicy.updateSystemBarAttributes:262 com.android.server.wm.WindowManagerService.updateFocusedWindowLocked:372 com.android.server.wm.WindowManagerService.relayoutWindow:1350 
12-26 19:41:27.297  2812  8483 D InsetsSourceProvider: updateControlForTarget: control=InsetsSourceControl: {e4a90001 mType=navigationBars initiallyVisible mSurfacePosition=Point(0, 2205) mInsetsHint=Insets{left=0, top=0, right=0, bottom=135}}, target=Window{26796a5 u0 Splash Screen com.risa.app}, from=com.android.server.wm.InsetsStateController.onControlTargetChanged:83 com.android.server.wm.InsetsPolicy.updateBarControlTarget:225 com.android.server.wm.DisplayPolicy.updateSystemBarAttributes:262 com.android.server.wm.WindowManagerService.updateFocusedWindowLocked:372 com.android.server.wm.WindowManagerService.relayoutWindow:1350 
12-26 19:41:27.297  2812  8483 D WindowManager: updateSystemBarAttributes: displayId=0, focusedCanBeNavColorWin=false, win=Window{26796a5 u0 Splash Screen com.risa.app}, navColorWin=Window{26796a5 u0 Splash Screen com.risa.app}, caller=com.android.server.wm.WindowManagerService.updateFocusedWindowLocked:372 com.android.server.wm.WindowManagerService.relayoutWindow:1350 com.android.server.wm.Session.relayout:27 
12-26 19:41:27.302  2812  4378 D WindowManager: finishDrawingWindow: Window{26796a5 u0 Splash Screen com.risa.app} mDrawState=DRAW_PENDING seqId=0
12-26 19:41:27.302  2812  4378 V WindowManager: Finishing drawing window Window{26796a5 u0 Splash Screen com.risa.app}: mDrawState=DRAW_PENDING
12-26 19:41:27.302  2812  4378 V WindowManager: Draw state now committed in Window{26796a5 u0 Splash Screen com.risa.app}
12-26 19:41:27.303  2812  3125 V WindowManager: performShowLocked: mDrawState=HAS_DRAWN in Window{26796a5 u0 Splash Screen com.risa.app}
12-26 19:41:27.306  2812  4378 D WindowManager: finishDrawingWindow: Window{26796a5 u0 Splash Screen com.risa.app} mDrawState=HAS_DRAWN seqId=0
12-26 19:41:27.306  2812  4378 V WindowManager: Finishing drawing window Window{26796a5 u0 Splash Screen com.risa.app}: mDrawState=HAS_DRAWN
12-26 19:41:27.322  2812  3125 I WindowManager: notifyInsetsControlChanged, removed=false, win=Window{26796a5 u0 Splash Screen com.risa.app}, caller=com.android.server.wm.InsetsStateController$$ExternalSyntheticLambda1.run:137 com.android.server.wm.WindowAnimator$$ExternalSyntheticLambda2.onTransactionCommitted:26 android.view.SurfaceControl$Transaction$$ExternalSyntheticLambda4.run:0 android.os.Handler.handleCallback:995 android.os.Handler.dispatchMessage:103 android.os.Looper.loopOnce:273 
12-26 19:41:27.486  2812  4378 D SGM:FgCheckThread: notifyAppCreated(), packageName: com.risa.app, userId: 0, sendRet: true
12-26 19:41:27.486  2812  4227 D SGM:FgCheckThread: onLooperPrepared(), msg: MSG_APP_CREATE, pkgName: com.risa.app, userId: 0
12-26 19:41:27.486  2812  4378 D SGM:FgCheckThread:   sendRunningComponentFocus(), pkgName: com.risa.app, userId: 0
12-26 19:41:27.486  2812  4227 D SGM:FgCheckThread: onLooperPrepared(), msg: MSG_TASK_FOCUSED, pkgName: com.risa.app, userId: 0
12-26 19:41:27.486  2812  4227 D SGM:FgCheckThread:   handleTaskFocused(), pkgName: com.risa.app, userID:0
12-26 19:41:27.487  2812  4378 D ActivityTaskManager: scheduleTopResumedActivityChanged, onTop=true, r=ActivityRecord{202106712 u0 com.risa.app/.MainActivity t21301}, caller=com.android.server.wm.ActivityTaskSupervisor.scheduleTopResumedActivityStateIfNeeded:18 com.android.server.wm.ActivityTaskSupervisor.updateTopResumedActivityIfNeeded:54 com.android.server.wm.TaskFragment.setResumedActivity:30 com.android.server.wm.ActivityRecord.setState:100 com.android.server.wm.ActivityTaskSupervisor.realStartActivityLocked:477 com.android.server.wm.RootWindowContainer.attachApplication:92 
12-26 19:41:27.487  2812  4227 D SGM:FgCheckThread:   handleResume(). pkgName: com.risa.app, userId: 0, category: non-game
12-26 19:41:27.487  2812  4227 D SGM:FgCheckThread: notifyFocusInOut(). of pkg: com.risa.app, type: 4, isSecGameFamily: false, userId: 0
12-26 19:41:27.488 20434 20434 D ActivityThread: com.risa.app will use render engine as VK
12-26 19:41:27.491  2812  3122 D SGM:GameManager: identifyForegroundApp. com.risa.app, mCurrentUserId: 0, callerUserId: 0
12-26 19:41:27.492  2812  3122 D SGM:GameManager: identifyForegroundApp. com.risa.app, mCurrentUserId: 0, callerUserId: 0
12-26 19:41:27.492  2812  3124 D SGM:FgCheckThread: noteResumeComponent(), received pkgName: com.risa.app, userId: 0
12-26 19:41:27.492  2812  4227 D SGM:FgCheckThread: onLooperPrepared(), msg: MSG_APP_RESUME, pkgName: com.risa.app, userid: 0
12-26 19:41:27.493  2812  7831 D SGM:GameManager: identifyForegroundApp. com.risa.app, mCurrentUserId: 0, callerUserId: 0
12-26 19:41:27.494  2812  3124 D SGM:GameManager: identifyGamePackage. com.risa.app, mCurrentUserId: 0, callingMethodInfo: com.samsung.android.game.SemGameManager.isGamePackage(SemGameManager.java:106)
12-26 19:41:27.494  2812  3124 D SGM:SemGameManager: isGamePackage(), pkgName=com.risa.app, ret=false
12-26 19:41:27.494  2812  7578 D SGM:GameManager: identifyGamePackage. com.risa.app, mCurrentUserId: 0, callingMethodInfo: com.samsung.android.game.IGameManagerService$Stub.onTransact(IGameManagerService.java:247)
12-26 19:41:27.495  7550  7842 I SDHMS:k : handleResumeComponent : put = com.risa.app, userid = 0 instanceid =60352918
12-26 19:41:27.506  2812  7831 D SGM:GameManager: identifyGamePackage. com.risa.app, mCurrentUserId: 0, callingMethodInfo: com.samsung.android.game.IGameManagerService$Stub.onTransact(IGameManagerService.java:247)
12-26 19:41:27.622  2812  4526 D MdnieScenarioControlService:  packageName : com.risa.app    className : com.risa.app.MainActivity
12-26 19:41:27.623  2812  8483 V WindowManager:    ChangeInfo{8244970 container=Task{79e80b1 #21301 type=standard I=com.risa.app/.MainActivity} flags=0x10}
12-26 19:41:27.623  2812  8483 V WindowManager:    ChangeInfo{27394e9 container=ActivityRecord{202106712 u0 com.risa.app/.MainActivity t21301} flags=0x0}
12-26 19:41:27.625  2812  8483 D WindowManager: prepareSync <SYNC_STATE_WAITING_FOR_DRAW>, mPrepareSyncSeqId=0, win=Window{26796a5 u0 Splash Screen com.risa.app}
12-26 19:41:27.625  2812  8483 D WindowManager: prepareSync <SYNC_STATE_WAITING_FOR_DRAW>, mPrepareSyncSeqId=0, win=Window{71e49b5 u0 com.risa.app/com.risa.app.MainActivity}
12-26 19:41:27.625  2812  8483 V WindowManager: Override sync-method for 26796a5 Splash Screen com.risa.app because seamless rotating, caller=com.android.server.wm.DisplayContent.setSeamlessTransitionForFixedRotation:22 com.android.server.wm.DisplayContent.requestChangeTransition:96 com.android.server.wm.DisplayRotation.updateRotationUnchecked:760 com.android.server.wm.DisplayRotation.updateOrientation:79 com.android.server.wm.DisplayContent.continueUpdateOrientationForDiffOrienLaunchingApp:63 
12-26 19:41:27.625  2812  8483 D ChangeTransitionController:    ChangeInfo{8244970 container=Task{79e80b1 #21301 type=standard I=com.risa.app/.MainActivity} flags=0x10}
12-26 19:41:27.625  2812  8483 D ChangeTransitionController:    ChangeInfo{27394e9 container=ActivityRecord{202106712 u0 com.risa.app/.MainActivity t21301} flags=0x0}
12-26 19:41:27.643  2812  3124 V WindowManager: Collecting in transition 5846: Task{79e80b1 #21301 type=standard I=com.risa.app/.MainActivity}, caller=com.android.server.wm.TransitionController$$ExternalSyntheticLambda2.accept:34 com.android.server.wm.Task.forAllLeafTasks:6 com.android.server.wm.WindowContainer.forAllLeafTasks:4 com.android.server.wm.DisplayArea.forAllLeafTasks:4 com.android.server.wm.WindowContainer.forAllLeafTasks:4 
12-26 19:41:27.643  2812  3124 V WindowManager: Collecting in transition 5846: ActivityRecord{202106712 u0 com.risa.app/.MainActivity t21301}, caller=com.android.server.wm.TransitionController$$ExternalSyntheticLambda2.accept:21 com.android.server.wm.ActivityRecord.forAllActivities:2 com.android.server.wm.WindowContainer.forAllActivities:8 com.android.server.wm.WindowContainer.forAllActivities:6 com.android.server.wm.TransitionController$$ExternalSyntheticLambda2.accept:107 
12-26 19:41:27.652  2812  3124 D ChangeTransitionController:    ChangeInfo{5d69e1c container=Task{79e80b1 #21301 type=standard I=com.risa.app/.MainActivity} flags=0x0}
12-26 19:41:27.652  2812  3124 D ChangeTransitionController:    ChangeInfo{6360a25 container=ActivityRecord{202106712 u0 com.risa.app/.MainActivity t21301} flags=0x0}
12-26 19:41:27.652  2812  3124 V WindowManager: Start calculating TransitionInfo based on participants: {Task{79e80b1 #21301 type=standard I=com.risa.app/.MainActivity}, ActivityRecord{202106712 u0 com.risa.app/.MainActivity t21301}, Display{#0 state=ON size=2340x1080 ROTATION_90}}
12-26 19:41:27.652  2812  3124 V WindowManager:   Final targets: [ChangeInfo{5d69e1c container=Task{79e80b1 #21301 type=standard I=com.risa.app/.MainActivity} flags=0x0}, ChangeInfo{783bb8f container=DefaultTaskDisplayArea_d0@90254262 flags=0x10}, ChangeInfo{9b7c7fa container=Display{#0 state=ON size=2340x1080 ROTATION_90} flags=0x1}]
12-26 19:41:27.653  2812  3124 V WindowManager:         {WCT{RemoteToken{c04120b Task{79e80b1 #21301 type=standard I=com.risa.app/.MainActivity}}} m=CHANGE f=NONE p=WCT{RemoteToken{70b963d DefaultTaskDisplayArea_d0@90254262}} leash=Surface(name=Task=21301)/@0xac94b85 sb=Rect(0, 0 - 1080, 2340) eb=Rect(0, 0 - 2340, 1080) epz=Point(2340, 1080) d=0 r=0->1:0 taskParent=-1 inset=Rect(84, 84 - 135, 0)},
12-26 19:41:27.654  2812  3121 V WindowManager:         {WCT{RemoteToken{c04120b Task{79e80b1 #21301 type=standard I=com.risa.app/.MainActivity}}} m=CHANGE f=NONE p=WCT{RemoteToken{70b963d DefaultTaskDisplayArea_d0@90254262}} leash=Surface(name=Task=21301)/@0xac94b85 sb=Rect(0, 0 - 1080, 2340) eb=Rect(0, 0 - 2340, 1080) epz=Point(2340, 1080) d=0 r=0->1:0 taskParent=-1 inset=Rect(84, 84 - 135, 0)},
12-26 19:41:27.663  2812  6029 V WindowManager:    ChangeInfo{5d69e1c container=Task{79e80b1 #21301 type=standard I=com.risa.app/.MainActivity} flags=0x0}
12-26 19:41:27.663  2812  6029 V WindowManager:    ChangeInfo{6360a25 container=ActivityRecord{202106712 u0 com.risa.app/.MainActivity t21301} flags=0x0}
12-26 19:41:27.664  2812  6029 D ChangeTransitionController:    ChangeInfo{5d69e1c container=Task{79e80b1 #21301 type=standard I=com.risa.app/.MainActivity} flags=0x0}
12-26 19:41:27.664  2812  6029 D ChangeTransitionController:    ChangeInfo{6360a25 container=ActivityRecord{202106712 u0 com.risa.app/.MainActivity t21301} flags=0x0}
12-26 19:41:27.664  2812  6029 D WindowManager: rotationForOrientation, orientationSource=ActivityRecord{202106712 u0 com.risa.app/.MainActivity t21301}
12-26 19:41:27.723  2812  3125 I WindowManager: notifyInsetsControlChanged, removed=false, win=Window{26796a5 u0 Splash Screen com.risa.app}, caller=com.android.server.wm.InsetsStateController$$ExternalSyntheticLambda1.run:137 com.android.server.wm.WindowAnimator$$ExternalSyntheticLambda2.onTransactionCommitted:26 android.view.SurfaceControl$Transaction$$ExternalSyntheticLambda4.run:0 android.os.Handler.handleCallback:995 android.os.Handler.dispatchMessage:103 android.os.Looper.loopOnce:273 
12-26 19:41:27.881  2812  4617 D SGM:GameManager: identifyGamePackage. com.risa.app, mCurrentUserId: 0, callingMethodInfo: com.samsung.android.game.SemGameManager.isGamePackage(SemGameManager.java:106)
12-26 19:41:27.881  2812  4617 D SGM:SemGameManager: isGamePackage(), pkgName=com.risa.app, ret=false
12-26 19:41:28.523  2812  6029 D CoreBackPreview: Window{71e49b5 u0 com.risa.app/com.risa.app.MainActivity}: Setting back callback OnBackInvokedCallbackInfo{mCallback=android.window.IOnBackInvokedCallback$Stub$Proxy@f2c91f1, mPriority=-1, mIsAnimationCallback=false, mOverrideBehavior=0}
12-26 19:41:28.537  2812  4150 D WindowManager: makeSurface duration=0 name=com.risa.app/com.risa.app.MainActivity$_20434
12-26 19:41:28.538  2812  4150 D WindowManager: Changing focus from null to Window{71e49b5 u0 com.risa.app/com.risa.app.MainActivity} displayId=0 Callers=com.android.server.wm.WindowManagerService.relayoutWindow:1350 com.android.server.wm.Session.relayout:27 android.view.IWindowSession$Stub.onTransact:829 com.android.server.wm.Session.onTransact:1 
12-26 19:41:28.538  2812  4150 D InsetsSourceProvider: updateControlForTarget: control=InsetsSourceControl: {4c0000 mType=statusBars initiallyVisible mSurfacePosition=Point(0, 0) mInsetsHint=Insets{left=0, top=84, right=0, bottom=0}}, target=Window{71e49b5 u0 com.risa.app/com.risa.app.MainActivity}, from=com.android.server.wm.InsetsStateController.onControlTargetChanged:83 com.android.server.wm.InsetsPolicy.updateBarControlTarget:212 com.android.server.wm.DisplayPolicy.updateSystemBarAttributes:262 com.android.server.wm.WindowManagerService.updateFocusedWindowLocked:372 com.android.server.wm.WindowManagerService.relayoutWindow:1350 
12-26 19:41:28.538  2812  4150 D InsetsSourceProvider: updateControlForTarget: control=InsetsSourceControl: {e4a90001 mType=navigationBars initiallyVisible mSurfacePosition=Point(2205, 0) mInsetsHint=Insets{left=0, top=0, right=135, bottom=0}}, target=Window{71e49b5 u0 com.risa.app/com.risa.app.MainActivity}, from=com.android.server.wm.InsetsStateController.onControlTargetChanged:83 com.android.server.wm.InsetsPolicy.updateBarControlTarget:225 com.android.server.wm.DisplayPolicy.updateSystemBarAttributes:262 com.android.server.wm.WindowManagerService.updateFocusedWindowLocked:372 com.android.server.wm.WindowManagerService.relayoutWindow:1350 
12-26 19:41:28.539  2812  4150 V SystemKeyManager: updateFocusedWindow() is called, com.risa.app/com.risa.app.MainActivity
12-26 19:41:28.556  2812  3125 I WindowManager: notifyInsetsControlChanged, removed=false, win=Window{26796a5 u0 Splash Screen com.risa.app}, caller=com.android.server.wm.InsetsStateController$$ExternalSyntheticLambda1.run:137 com.android.server.wm.WindowAnimator$$ExternalSyntheticLambda2.onTransactionCommitted:26 android.view.SurfaceControl$Transaction$$ExternalSyntheticLambda4.run:0 android.os.Handler.handleCallback:995 android.os.Handler.dispatchMessage:103 android.os.Looper.loopOnce:273 
12-26 19:41:28.656  2812  4150 D WindowManager: rotationForOrientation, orientationSource=ActivityRecord{202106712 u0 com.risa.app/.MainActivity t21301}
12-26 19:41:28.678  2812  7880 D WindowManager: finishDrawingWindow: Window{71e49b5 u0 com.risa.app/com.risa.app.MainActivity} mDrawState=DRAW_PENDING seqId=0
12-26 19:41:28.678  2812  3125 V WindowManager: Finish starting ActivityRecord{202106712 u0 com.risa.app/.MainActivity t21301}: first real window is shown, no animation
12-26 19:41:28.678  2812  3125 V WindowManager: Schedule remove starting ActivityRecord{202106712 u0 com.risa.app/.MainActivity t21301} startingWindow=Window{26796a5 u0 Splash Screen com.risa.app} animate=true Callers=com.android.server.wm.ActivityRecord.removeStartingWindow:178 com.android.server.wm.WindowState.performShowLocked:155 com.android.server.wm.WindowStateAnimator.commitFinishDrawingLocked:73 com.android.server.wm.DisplayContent$$ExternalSyntheticLambda1.accept$com$android$server$wm$DisplayContent$$ExternalSyntheticLambda37:23 com.android.server.wm.DisplayContent$$ExternalSyntheticLambda1.accept:143 
12-26 19:41:28.678  2812  3125 D TaskOrganizerController: applyStartingWindowAnimation, window=Window{71e49b5 u0 com.risa.app/com.risa.app.MainActivity}, caller=com.android.server.wm.TaskOrganizerController.removeStartingWindow:132 com.android.server.wm.StartingSurfaceController$StartingSurface.remove:23 com.android.server.wm.ActivityRecord.removeStartingWindowAnimation:171 
12-26 19:41:28.678  2812  3125 I WindowManager: Reparenting to leash, surface=Surface(name=71e49b5 com.risa.app/com.risa.app.MainActivity)/@0xde5c6dc, leashParent=Surface(name=ActivityRecord{202106712 u0 com.risa.app/.MainActivity t21301})/@0x794e3e5
12-26 19:41:28.679  2812  3125 D WindowManager: makeSurface duration=1 leash=Surface(name=Surface(name=71e49b5 com.risa.app/com.risa.app.MainActivity)/@0xde5c6dc - animation-leash of starting_reveal)/@0xff2feba
12-26 19:41:28.679  2812  3125 V WindowManager: performShowLocked: mDrawState=HAS_DRAWN in Window{71e49b5 u0 com.risa.app/com.risa.app.MainActivity}
12-26 19:41:28.682  2812  3121 I Pageboost: Launch time gathered : pid 20434 com.risa.app 1437
12-26 19:41:28.692  2812  3122 D SGM:GameManager: identifyForegroundApp. com.risa.app, mCurrentUserId: 0, callerUserId: 0
12-26 19:41:28.696  2812  3122 D SGM:GameManager: identifyForegroundApp. com.risa.app, mCurrentUserId: 0, callerUserId: 0
12-26 19:41:28.704  2812  3124 D SGM:FgCheckThread: getForegroundApp(), foregroundPkgName=com.risa.app
12-26 19:41:28.704  2812  3124 D SGM:FgCheckThread: noteStopComponent(), received pkgName: com.sec.android.app.launcher, focusedPkgName: com.risa.app, userId: 0
12-26 19:41:28.729  2812  7998 D InsetsSourceProvider: updateControlForTarget: control=InsetsSourceControl: {3 mType=ime mSurfacePosition=Point(84, 84) mInsetsHint=Insets{left=0, top=0, right=0, bottom=586}}, target=Window{71e49b5 u0 com.risa.app/com.risa.app.MainActivity}, from=com.android.server.wm.ImeInsetsSourceProvider.updateControlForTarget:17 com.android.server.wm.InsetsStateController.onControlTargetChanged:83 com.android.server.wm.DisplayContent.updateImeControlTarget:21 com.android.server.wm.DisplayContent.updateImeInputAndControlTarget:156 com.android.server.wm.WindowManagerService$LocalService.updateInputMethodTargetWindow:64 
12-26 19:41:28.743  2812  4150 D WindowManager: Starting window removed Window{26796a5 u0 Splash Screen com.risa.app}
12-26 19:41:28.743  2812  4150 I WindowManager: Cancelling animation restarting=false, leash=Surface(name=Surface(name=71e49b5 com.risa.app/com.risa.app.MainActivity)/@0xde5c6dc - animation-leash of starting_reveal)/@0xff2feba
12-26 19:41:28.743  2812  4150 I WindowManager: Reparenting to original parent: Surface(name=ActivityRecord{202106712 u0 com.risa.app/.MainActivity t21301})/@0x794e3e5, destroy=false, surface=Surface(name=71e49b5 com.risa.app/com.risa.app.MainActivity)/@0xde5c6dc
12-26 19:41:28.745  2812  4150 V WindowManager: Remove Window{26796a5 u0 Splash Screen com.risa.app}: mSurfaceControl=Surface(name=Splash Screen com.risa.app$_4743)/@0xb49ead3 mAnimatingExit=false mRemoveOnExit=false mHasSurface=true surfaceShowing=false animating=false app-animation=false callers=com.android.server.wm.Session.remove:16 android.view.IWindowSession$Stub.onTransact:804 com.android.server.wm.Session.onTransact:1 android.os.Binder.execTransactInternal:1462 android.os.Binder.execTransact:1401 <bottom of call stack> 
12-26 19:41:28.822  2812  4526 D MdnieScenarioControlService:  packageName : com.risa.app    className : com.risa.app.MainActivity
12-26 19:41:28.850  2812  5188 D CoreBackPreview: Window{71e49b5 u0 com.risa.app/com.risa.app.MainActivity}: Setting back callback OnBackInvokedCallbackInfo{mCallback=android.window.IOnBackInvokedCallback$Stub$Proxy@ee34727, mPriority=0, mIsAnimationCallback=true, mOverrideBehavior=0}
