12-21 09:57:45.245 30841 28691 E ActivityManager: CPU usage from 49423ms to 0ms ago (2025-12-21 09:56:52.383 to 2025-12-21 09:57:41.805):
12-21 09:57:45.245 30841 28691 E ActivityManager:   13% 16991/com.spocky.projengmenu: 10% user + 3% kernel / faults: 18848 minor 35 major
12-21 09:57:45.245 30841 28691 E ActivityManager:   6.7% 30751/surfaceflinger: 3.8% user + 2.8% kernel / faults: 2389 minor 23 major
12-21 09:57:45.245 30841 28691 E ActivityManager:   5.3% 3383/vendor.nvidia.hardware.graphics.composer@2.0-service: 3.5% user + 1.8% kernel / faults: 1069 minor 10 major
12-21 09:57:45.245 30841 28691 E ActivityManager:   3.9% 30841/system_server: 1.6% user + 2.2% kernel / faults: 29138 minor 284 major
12-21 09:57:45.245 30841 28691 E ActivityManager:   2.2% 4438/nvphsd: 1% user + 1.1% kernel / faults: 142 minor 4 major
12-21 09:57:45.245 30841 28691 E ActivityManager:   1.9% 879/kswapd0: 0% user + 1.9% kernel
12-21 09:57:45.245 30841 28691 E ActivityManager:   1.6% 1666/mmcqd/0: 0% user + 1.6% kernel
12-21 09:57:45.245 30841 28691 E ActivityManager:   1.3% 1093/tegradc.0/a: 0% user + 1.3% kernel
12-21 09:57:45.245 30841 28691 E ActivityManager:   0.9% 13964/com.google.android.gms.persistent: 0.2% user + 0.7% kernel / faults: 5012 minor 60 major
12-21 09:57:45.245 30841 28691 E ActivityManager:   0.9% 650/ksmd: 0% user + 0.9% kernel
12-21 09:57:45.245 30841 28691 E ActivityManager:   0% 3586/media.codec: 0% user + 0% kernel / faults: 10815 minor 4 major
12-21 09:57:45.245 30841 28691 E ActivityManager:   0.5% 24142/kworker/u8:2: 0% user + 0.5% kernel
12-21 09:57:45.245 30841 28691 E ActivityManager:   0.5% 3645/nvgpu_channel_p: 0% user + 0.5% kernel
12-21 09:57:45.245 30841 28691 E ActivityManager:   0.4% 3389/vendor.nvidia.hardware.power@1.0-service: 0.1% user + 0.3% kernel / faults: 170 minor 4 major
12-21 09:57:45.245 30841 28691 E ActivityManager:   0.4% 832/irq/65-host_syn: 0% user + 0.4% kernel
12-21 09:57:45.245 30841 28691 E ActivityManager:   0.3% 27063/kworker/u8:8: 0% user + 0.3% kernel
12-21 09:57:45.245 30841 28691 E ActivityManager:   0.2% 1104/irq/68-tegradc.: 0% user + 0.2% kernel
12-21 09:57:45.245 30841 28691 E ActivityManager:   0.2% 1161/nvmap-bz: 0% user + 0.2% kernel
12-21 09:57:45.245 30841 28691 E ActivityManager:   0.2% 31024/com.android.systemui: 0.1% user + 0.1% kernel / faults: 6401 minor 8 major
12-21 09:57:45.245 30841 28691 E ActivityManager:   0% 31163/com.android.tv.settings: 0% user + 0% kernel / faults: 5141 minor 1 major
12-21 09:57:45.245 30841 28691 E ActivityManager:   0.1% 2875/lmkd: 0% user + 0.1% kernel / faults: 53 minor
12-21 09:57:45.245 30841 28691 E ActivityManager:   0.1% 26380/adbd: 0.1% user + 0% kernel / faults: 636 minor 1 major
12-21 09:57:45.245 30841 28691 E ActivityManager:   0.1% 2874/logd: 0% user + 0% kernel / faults: 189 minor 1 major
12-21 09:57:45.245 30841 28691 E ActivityManager:   0.1% 30957/com.nvidia.shieldtech.system: 0% user + 0% kernel / faults: 3429 minor 6 major
12-21 09:57:45.245 30841 28691 E ActivityManager:   0.1% 31784/com.nvidia.NvCPLSvc: 0% user + 0% kernel / faults: 2975 minor 11 major
12-21 09:57:45.245 30841 28691 E ActivityManager:   0.1% 3443/sugov:0: 0% user + 0.1% kernel
12-21 09:57:45.245 30841 28691 E ActivityManager:   0% 3574/media.extractor: 0% user + 0% kernel / faults: 1760 minor 1 major
12-21 09:57:45.245 30841 28691 E ActivityManager:   0.1% 25735/kworker/1:0: 0% user + 0.1% kernel
12-21 09:57:45.245 30841 28691 E ActivityManager:   0.1% 26109/kworker/3:1: 0% user + 0.1% kernel
12-21 09:57:45.245 30841 28691 E ActivityManager:   0.1% 26679/kworker/0:3: 0% user + 0.1% kernel
12-21 09:57:45.245 30841 28691 E ActivityManager:   0% 31644/com.nvidia.blakepairing: 0% user + 0% kernel / faults: 2969 minor 5 major
12-21 09:57:45.245 30841 28691 E ActivityManager:   0% 31671/com.nvidia.bluetooth.ShieldBluetoothManager: 0% user + 0% kernel / faults: 2701 minor 1 major
12-21 09:57:45.245 30841 28691 E ActivityManager:   0% 31709/com.dolby.android.audio.service: 0% user + 0% kernel / faults: 2528 minor 3 major
12-21 09:57:45.245 30841 28691 E ActivityManager:   0% 31747/com.nvidia.shieldtech.accessoryui: 0% user + 0% kernel / faults: 2467 minor 4 major
12-21 09:57:45.245 30841 28691 E ActivityManager:   0% 31799/com.nvidia.wifi.countrycode: 0% user + 0% kernel / faults: 2522 minor 1 major
12-21 09:57:45.245 30841 28691 E ActivityManager:   0% 31822/com.nvidia.shield.remote.server: 0% user + 0% kernel / faults: 2464 minor 6 major
12-21 09:57:45.245 30841 28691 E ActivityManager:   0% 31885/com.nvidia.shieldservice: 0% user + 0% kernel / faults: 2541 minor 1 major
12-21 09:57:45.245 30841 28691 E ActivityManager:   0% 31905/com.nvidia.osc: 0% user + 0% kernel / faults: 2436 minor 6 major
12-21 09:57:45.245 30841 28691 E ActivityManager:   0% 31928/com.nvidia.app.messaging: 0% user + 0% kernel / faults: 2613 minor 6 major
12-21 09:57:45.245 30841 28691 E ActivityManager:   0% 3591/media.swcodec: 0% user + 0% kernel / faults: 2034 minor 5 major
12-21 09:57:45.245 30841 28691 E ActivityManager:   0% 17363/com.google.android.apps.mediashell: 0% user + 0% kernel / faults: 2017 minor 9 major
12-21 09:57:45.245 30841 28691 E ActivityManager:   0% 30747/audioserver: 0% user + 0% kernel / faults: 425 minor 4 major
12-21 09:57:45.245 30841 28691 E ActivityManager:   0% 30975/com.nvidia.irtuner:irtuner_service: 0% user + 0% kernel / faults: 2628 minor 2 major
12-21 09:57:45.245 30841 28691 E ActivityManager:   0% 31005/com.android.bluetooth: 0% user + 0% kernel / faults: 778 minor
12-21 09:57:45.245 30841 28691 E ActivityManager:   0% 31281/com.nvidia.nvaudiosvc: 0% user + 0% kernel / faults: 2286 minor 1 major
12-21 09:57:45.245 30841 28691 E ActivityManager:   0% 31304/com.android.se: 0% user + 0% kernel / faults: 2318 minor 1 major
12-21 09:57:45.245 30841 28691 E ActivityManager:   0% 31849/com.nvidia.irtuner: 0% user + 0% kernel / faults: 2219 minor 1 major
12-21 09:57:45.245 30841 28691 E ActivityManager:   0% 31958/com.nvidia.nvgamecast: 0% user + 0% kernel / faults: 2313 minor 6 major
12-21 09:57:45.245 30841 28691 E ActivityManager:   0% 1/init: 0% user + 0% kernel / faults: 226 minor 7 major
12-21 09:57:45.245 30841 28691 E ActivityManager:   0% 3369/android.hardware.graphics.allocator@2.0-service: 0% user + 0% kernel / faults: 114 minor 3 major
12-21 09:57:45.245 30841 28691 E ActivityManager:   0% 17293/com.google.android.katniss:interactor: 0% user + 0% kernel / faults: 802 minor 1 major
12-21 09:57:45.245 30841 28691 E ActivityManager:   0% 24722/kworker/u8:7: 0% user + 0% kernel
12-21 09:57:45.245 30841 28691 E ActivityManager:   0% 27062/kworker/u8:6: 0% user + 0% kernel
12-21 09:57:45.245 30841 28691 E ActivityManager:   0% 28022/com.google.android.tv: 0% user + 0% kernel / faults: 1245 minor 9 major
12-21 09:57:45.245 30841 28691 E ActivityManager:   0% 7/rcu_preempt: 0% user + 0% kernel
12-21 09:57:45.245 30841 28691 E ActivityManager:   0% 2876/servicemanager: 0% user + 0% kernel / faults: 154 minor 2 major
12-21 09:57:45.245 30841 28691 E ActivityManager:   0% 2877/hwservicemanager: 0% user + 0% kernel / faults: 187 minor 6 major
12-21 09:57:45.245 30841 28691 E ActivityManager:   0% 3334/tombstoned: 0% user + 0% kernel / faults: 165 minor
12-21 09:57:45.245 30841 28691 E ActivityManager:   0% 19152/com.android.vending: 0% user + 0% kernel / faults: 883 minor 18 major
12-21 09:57:45.245 30841 28691 E ActivityManager:   0% 24928/kworker/u8:0: 0% user + 0% kernel
12-21 09:57:45.245 30841 28691 E ActivityManager:   0% 25239/com.google.android.inputmethod.latin: 0% user + 0% kernel / faults: 1509 minor 8 major
12-21 09:57:45.245 30841 28691 E ActivityManager:   0% 28204/com.google.android.katniss:search: 0% user + 0% kernel / faults: 2405 minor 40 major
12-21 09:57:45.245 30841 28691 E ActivityManager:   0% 30745/zygote64: 0% user + 0% kernel / faults: 1169 minor 1 major
12-21 09:57:45.245 30841 28691 E ActivityManager:   0% 30753/android.hardware.audio.service: 0% user + 0% kernel / faults: 99 minor 5 major
12-21 09:57:45.245 30841 28691 E ActivityManager:   0% 2/kthreadd: 0% user + 0% kernel
12-21 09:57:45.245 30841 28691 E ActivityManager:   0% 3/ksoftirqd/0: 0% user + 0% kernel
12-21 09:57:45.245 30841 28691 E ActivityManager:   0% 8/rcu_sched: 0% user + 0% kernel
12-21 09:57:45.245 30841 28691 E ActivityManager:   0% 10/migration/0: 0% user + 0% kernel
12-21 09:57:45.245 30841 28691 E ActivityManager:   0% 648/kcompactd0: 0% user + 0% kernel
12-21 09:57:45.245 30841 28691 E ActivityManager:   0% 1511/kworker/0:1H: 0% user + 0% kernel
12-21 09:57:45.245 30841 28691 E ActivityManager:   0% 2978/jbd2/mmcblk0p32: 0% user + 0% kernel
12-21 09:57:45.245 30841 28691 E ActivityManager:   0% 3345/statsd: 0% user + 0% kernel / faults: 246 minor 2 major
12-21 09:57:45.245 30841 28691 E ActivityManager:   0% 3374/android.hardware.wifi@1.0-service: 0% user + 0% kernel / faults: 191 minor
12-21 09:57:45.245 30841 28691 E ActivityManager:   0% 3400/gpuservice: 0% user + 0% kernel / faults: 1365 minor 26 major
12-21 09:57:45.245 30841 28691 E ActivityManager:   0% 3575/media.metrics: 0% user + 0% kernel / faults: 497 minor 3 major
12-21 09:57:45.245 30841 28691 E ActivityManager:   0% 24174/kworker/u8:4: 0% user + 0% kernel
12-21 09:57:45.245 30841 28691 E ActivityManager:   0% 27762/com.google.android.tvrecommendations: 0% user + 0% kernel / faults: 283 minor
12-21 09:57:45.245 30841 28691 E ActivityManager:   0% 27863/kworker/2:2: 0% user + 0% kernel
12-21 09:57:45.245 30841 28691 E ActivityManager:   0% 30750/netd: 0% user + 0% kernel / faults: 279 minor 2 major
12-21 09:57:45.245 30841 28691 E ActivityManager:   0% 30754/android.hardware.audio@6.0-service-msd: 0% user + 0% kernel / faults: 144 minor
12-21 09:57:45.245 30841 28691 E ActivityManager:   0% 31506/irq/402-brcmf_p: 0% user + 0% kernel
12-21 09:57:45.245 30841 28691 E ActivityManager:  +0% 28434/kworker/u8:1: 0% user + 0% kernel
12-21 09:57:45.245 30841 28691 E ActivityManager:  +0% 28435/kworker/u8:3: 0% user + 0% kernel
12-21 09:57:45.245 30841 28691 E ActivityManager:  +0% 28437/kworker/u8:5: 0% user + 0% kernel
12-21 09:57:45.245 30841 28691 E ActivityManager:  +0% 28438/kworker/u8:9: 0% user + 0% kernel
12-21 09:57:45.245 30841 28691 E ActivityManager:  +0% 28440/kworker/u8:10: 0% user + 0% kernel
12-21 09:57:45.245 30841 28691 E ActivityManager:  +0% 28445/crash_dump64: 0% user + 0% kernel
12-21 09:57:45.245 30841 28691 E ActivityManager:  +0% 28500/com.google.android.gms: 0% user + 0% kernel
12-21 09:57:45.245 30841 28691 E ActivityManager:  +0% 28507/com.android.providers.tv: 0% user + 0% kernel
12-21 09:57:45.245 30841 28691 E ActivityManager:  +0% 28604/com.risa.app: 0% user + 0% kernel
12-21 09:57:45.245 30841 28691 E ActivityManager:  +0% 28639/kworker/2:1: 0% user + 0% kernel
12-21 09:57:45.245 30841 28691 E ActivityManager: 24% TOTAL: 14% user + 7.2% kernel + 2% iowait + 0.4% irq + 0.1% softirq
12-21 09:57:45.245 30841 28691 E ActivityManager: CPU usage from 35ms to 452ms later (2025-12-21 09:57:41.840 to 2025-12-21 09:57:42.257):
12-21 09:57:45.245 30841 28691 E ActivityManager:   101% 28604/com.risa.app: 79% user + 21% kernel / faults: 24815 minor
12-21 09:57:45.245 30841 28691 E ActivityManager:     101% 28604/com.risa.app: 79% user + 21% kernel
12-21 09:57:45.245 30841 28691 E ActivityManager:   22% 30841/system_server: 11% user + 11% kernel / faults: 137 minor
12-21 09:57:45.245 30841 28691 E ActivityManager:     22% 28691/AnrConsumer: 11% user + 11% kernel
12-21 09:57:45.245 30841 28691 E ActivityManager:   3.5% 28500/com.google.android.gms: 3.5% user + 0% kernel / faults: 95 minor
12-21 09:57:45.245 30841 28691 E ActivityManager:     3.5% 28534/HeapTaskDaemon: 3.5% user + 0% kernel
12-21 09:57:45.245 30841 28691 E ActivityManager: 43% TOTAL: 29% user + 11% kernel + 1.8% iowait + 0.6% irq
12-21 09:57:45.263 30841 28691 D ActivityManager: Completed ANR of com.risa.app in 3458ms, latency 1ms
12-21 09:57:45.264 30841 30857 W ActivityTaskManager:   Force finishing activity com.risa.app/.MainActivity
12-21 09:57:45.269 30841 28745 I DropBoxManagerService: add tag=data_app_anr isTagEnabled=true flags=0x2
12-21 09:57:45.308 30841  2515 E libc    : Access denied finding property "ro.vendor.sys.NV_ASYNC"
12-21 09:57:45.308 30841  2515 E libc    : Access denied finding property "ro.vendor.sys.NV_LOGFPS"
12-21 09:57:45.308 30841  2515 E libc    : Access denied finding property "ro.vendor.sys.NV_PROCESS_NAME"
12-21 09:57:45.308 30841  2515 E libc    : Access denied finding property "ro.vendor.sys.NV_FPSDYNAMIC"
12-21 09:57:45.315 30841 30857 I ActivityManager: Killing 28604:com.risa.app/u0a270 (adj 0): user request after error
12-21 09:57:45.318 30841 30864 V RescueParty: Disabled because of manual property
12-21 09:57:45.356 30841 30865 W BroadcastQueue: Background execution not allowed: receiving Intent { act=android.intent.action.DROPBOX_ENTRY_ADDED flg=0x10 (has extras) } to com.google.android.gms/.stats.service.DropBoxEntryAddedReceiver
12-21 09:57:45.356 30841 30865 W BroadcastQueue: Background execution not allowed: receiving Intent { act=android.intent.action.DROPBOX_ENTRY_ADDED flg=0x10 (has extras) } to com.nvidia.stats/.CollectionsReceiver
12-21 09:57:45.370 17363 17456 W cast_shell: [1221/095745.369989:WARNING:mdns_socket.cc(568)] mDNS socket could not send message: err=ERR_ADDRESS_UNREACHABLE
12-21 09:57:45.375 30841 30841 W RenderThread: type=1400 audit(0.0:115991): avc: denied { execute } for path=2F6D656D66643A2F2E676C585858585858202864656C6574656429 dev="tmpfs" ino=5185932 scontext=u:r:system_server:s0 tcontext=u:object_r:system_server_tmpfs:s0 tclass=file permissive=0
12-21 09:57:45.375 30841 30841 W RenderThread: type=1400 audit(0.0:115992): avc: denied { execute } for path=2F6D656D66643A2F2E676C585858585858202864656C6574656429 dev="tmpfs" ino=5185933 scontext=u:r:system_server:s0 tcontext=u:object_r:system_server_tmpfs:s0 tclass=file permissive=0
12-21 09:57:45.412 16991 17033 I TRuntime.CctTransportBackend: Making request to: https://firebaselogging-pa.googleapis.com/v1/firelog/legacy/batchlog
12-21 09:57:45.443 31024 31038 I ndroid.systemu: NativeAlloc concurrent copying GC freed 4469(256KB) AllocSpace objects, 0(0B) LOS objects, 49% free, 2562KB/5125KB, paused 72us total 126.124ms
12-21 09:57:45.444 31024 31040 W System  : A resource failed to call release. 
12-21 09:57:45.444 31024 31040 W System  : A resource failed to call release. 
12-21 09:57:45.530 30841 31856 I WindowManager: WIN DEATH: Window{5fad0bc u0 com.risa.app/com.risa.app.MainActivity}
12-21 09:57:45.530 30841 31856 W InputDispatcher: Attempted to unregister already unregistered input channel '5fad0bc com.risa.app/com.risa.app.MainActivity (server)'
12-21 09:57:45.535 30841 31858 W WindowManager: Cannot find window which accessibility connection is added to
12-21 09:57:45.536 30745 30745 I Zygote  : Process 28604 exited due to signal 9 (Killed)
12-21 09:57:45.541 30841 30867 I libprocessgroup: Successfully killed process cgroup uid 10270 pid 28604 in 224ms
12-21 09:57:45.578 30841  8217 I android_os_HwBinder: HwBinder: Starting thread pool for getting: vendor.nvidia.hardware.graphics.display@1.0::INvDisplay/default
12-21 09:57:45.581 30841 30859 W ActivityManager: setHasOverlayUi called on unknown pid: 28604
12-21 09:57:45.590 31784 31831 I android_os_HwBinder: HwBinder: Starting thread pool for getting: vendor.nvidia.hardware.power@1.0::IPower/default
12-21 09:57:45.604 16991 16991 D FirebaseSessions: App foregrounded on com.spocky.projengmenu
12-21 09:57:45.604 30841  8217 D ConnectivityService: requestNetwork for uid/pid:10025/16991 NetworkRequest [ TRACK_DEFAULT id=871, [ Capabilities: INTERNET&NOT_RESTRICTED&TRUSTED Uid: 10025 AdministratorUids: [] RequestorUid: 10025 RequestorPackageName: com.spocky.projengmenu] ]
12-21 09:57:45.605 30841 30919 D ConnectivityService: NetReassign [871 : null → 107]
12-21 09:57:45.605 30841 30913 D UntrustedWifiNetworkFactory: got request NetworkRequest [ TRACK_DEFAULT id=871, [ Capabilities: INTERNET&NOT_RESTRICTED&TRUSTED Uid: 10025 AdministratorUids: [] RequestorUid: 10025 RequestorPackageName: com.spocky.projengmenu] ] with score 60 and providerId 2
12-21 09:57:45.605 30841 30951 D Ethernet: got request NetworkRequest [ TRACK_DEFAULT id=871, [ Capabilities: INTERNET&NOT_RESTRICTED&TRUSTED Uid: 10025 AdministratorUids: [] RequestorUid: 10025 RequestorPackageName: com.spocky.projengmenu] ] with score 60 and providerId 2
12-21 09:57:45.605 30841 30913 D WifiNetworkFactory: got request NetworkRequest [ TRACK_DEFAULT id=871, [ Capabilities: INTERNET&NOT_RESTRICTED&TRUSTED Uid: 10025 AdministratorUids: [] RequestorUid: 10025 RequestorPackageName: com.spocky.projengmenu] ] with score 60 and providerId 2
12-21 09:57:45.607 30841 31858 I NvUtils : onActivityResumed AM packageName = com.spocky.projengmenu
12-21 09:57:45.608 30841 31858 E AudioSystem-JNI: Command failed for android_media_AudioSystem_setParameters: -22
12-21 09:57:45.608 30841 31858 E AudioSystem-JNI: Command failed for android_media_AudioSystem_setParameters: -22
12-21 09:57:45.609 30841  8217 D CompatibilityChangeReporter: Compat change id reported: 135634846; UID 10005; state: DISABLED
12-21 09:57:45.609 30841 30866 D CompatibilityChangeReporter: Compat change id reported: 143937733; UID 10005; state: ENABLED
12-21 09:57:45.619 30745 30745 D Zygote  : Forked child process 28751
12-21 09:57:45.620 16991 17057 E libc    : Access denied finding property "ro.vendor.sys.NV_ASYNC"
12-21 09:57:45.620 16991 17057 E libc    : Access denied finding property "ro.vendor.sys.NV_LOGFPS"
12-21 09:57:45.620 16991 17057 E libc    : Access denied finding property "ro.vendor.sys.NV_PROCESS_NAME"
12-21 09:57:45.620 16991 17057 E libc    : Access denied finding property "ro.vendor.sys.NV_FPSDYNAMIC"
12-21 09:57:45.621 30841 30866 I ActivityManager: Start proc 28751:com.google.android.gms/u0a5 for service {com.google.android.gms/com.google.android.gms.measurement.service.MeasurementBrokerService}
12-21 09:57:45.636 30841 31858 D CompatibilityChangeReporter: Compat change id reported: 135634846; UID 10035; state: DISABLED
12-21 09:57:45.636 30841 30866 D CompatibilityChangeReporter: Compat change id reported: 143937733; UID 10035; state: ENABLED
12-21 09:57:45.646 30745 30745 D Zygote  : Forked child process 28757
12-21 09:57:45.649 30841 30866 I ActivityManager: Start proc 28757:com.android.providers.tv/u0a35 for content provider {com.android.providers.tv/com.android.providers.tv.TvProvider}
12-21 09:57:45.651 26380 28723 W adbd    : timed out while waiting for FUNCTIONFS_BIND, trying again
12-21 09:57:45.651 26380 28723 I adbd    : UsbFfs: connection terminated: monitor thread finished
12-21 09:57:45.651 26380 26380 I adbd    : UsbFfs: already offline
12-21 09:57:45.651 26380 26380 I adbd    : destroying transport UsbFfs
12-21 09:57:45.651 26380 26380 I adbd    : UsbFfsConnection being destroyed
12-21 09:57:45.656 25239 25239 I GoogleInputMethodService: GoogleInputMethodService.onFinishInput():2084 
12-21 09:57:45.657 25239 25239 I Module  : DeviceLockedStatusModuleProvider$Module.updateDeviceLockedStatus():101 repeatCheckTimes = 0, locked = false
12-21 09:57:45.658 25239 25239 I GoogleInputMethodService: GoogleInputMethodService.onStartInput():1345 onStartInput(EditorInfo{EditorInfo{packageName=com.spocky.projengmenu, inputType=0, inputTypeString=NULL, enableLearning=false, autoCorrection=false, autoComplete=false, imeOptions=0, privateImeOptions=null, actionName=UNSPECIFIED, actionLabel=null, initialSelStart=-1, initialSelEnd=-1, initialCapsMode=0, label=null, fieldId=-1, fieldName=null, extras=null, hintText=null, hintLocales=[]}}, false)
12-21 09:57:45.659 25239 25239 I Module  : DeviceLockedStatusModuleProvider$Module.updateDeviceLockedStatus():101 repeatCheckTimes = 1, locked = false
12-21 09:57:45.659 28751 28751 E gle.android.gm: Not starting debugger since process cannot load the jdwp agent.
12-21 09:57:45.673 28757 28757 E id.providers.t: Not starting debugger since process cannot load the jdwp agent.
12-21 09:57:45.683 17363 17456 W cast_shell: [1221/095745.683290:WARNING:mdns_socket.cc(568)] mDNS socket could not send message: err=ERR_ADDRESS_UNREACHABLE
12-21 09:57:45.689 26380 26383 I adbd    : opening control endpoint /dev/usb-ffs/adb/ep0
12-21 09:57:45.690 26380 26383 I adbd    : UsbFfsConnection constructed
12-21 09:57:45.690 26380 28788 I adbd    : UsbFfs-monitor thread spawned
12-21 09:57:45.698 17363 17456 W cast_shell: [1221/095745.698143:WARNING:mdns_socket.cc(568)] mDNS socket could not send message: err=ERR_ADDRESS_UNREACHABLE
12-21 09:57:45.706 28757 28757 D NetworkSecurityConfig: No Network Security Config specified, using platform default
12-21 09:57:45.706 28757 28757 D NetworkSecurityConfig: No Network Security Config specified, using platform default
12-21 09:57:45.734 28751 28751 W gle.android.gm: JIT profile information will not be recorded: profile file does not exist.
12-21 09:57:45.735 28751 28751 W gle.android.gm: JIT profile information will not be recorded: profile file does not exist.
12-21 09:57:45.758 28751 28751 D NetworkSecurityConfig: Using Network Security Config from resource network_security_config debugBuild: false
12-21 09:57:45.761 28751 28751 D NetworkSecurityConfig: Using Network Security Config from resource network_security_config debugBuild: false
12-21 09:57:45.770 30841 30859 W ActivityTaskManager: Activity top resumed state loss timeout for ActivityRecord{e98b782 u0 com.risa.app/.MainActivity t-1 f}}
12-21 09:57:45.901 28751 28751 I GmsApplication: Using GservicesReaderQueryDelegate
12-21 09:57:45.903 28751 28751 I GmsApplication: Using GoogleSettingsReaderQueryDelegate
12-21 09:57:45.938 28751 28751 W ProviderHelper: Unknown dynamite feature providerinstaller.dynamite
12-21 09:57:45.939 28751 28751 I DynamiteModule: Considering local module com.google.android.gms.providerinstaller.dynamite:1 and remote module com.google.android.gms.providerinstaller.dynamite:0
12-21 09:57:45.939 28751 28751 I DynamiteModule: Selected local version of com.google.android.gms.providerinstaller.dynamite
12-21 09:57:45.950 28751 28751 V NativeCrypto: Registering com/google/android/gms/org/conscrypt/NativeCrypto's 329 native methods...
12-21 09:57:45.972 28751 28751 I ProviderInstaller: Installed default security provider GmsCore_OpenSSL
12-21 09:57:45.978 13964 13964 D BoundBrokerSvc: onRebind: Intent { act=com.google.android.gms.libs.gmscorelogger.service.START dat=chimera-action: cmp=com.google.android.gms/.chimera.PersistentDirectBootAwareApiService }
12-21 09:57:45.984 28751 28800 W DataCollectionRegistryV: DataCollectionRegistryFullEntries is missing
12-21 09:57:45.984 28751 28800 W DataCollectionRegistryV: DataCollectionRpcMethodNameCollectionDefinition is missing
12-21 09:57:46.036 28751 28807 I Watchcat: Started
12-21 09:57:46.037 28751 28807 I GMS_MM_Logger: (REDACTED) Start time: %s
12-21 09:57:46.038 28751 28807 I GMS_MM_Logger: Started.
12-21 09:57:46.043 28751 28751 D BoundBrokerSvc: onBind: Intent { act=com.google.android.gms.measurement.START pkg=com.google.android.gms }
12-21 09:57:46.043 28751 28751 D BoundBrokerSvc: Loading bound service for intent: Intent { act=com.google.android.gms.measurement.START pkg=com.google.android.gms }
12-21 09:57:46.053 28751 28774 I DynamiteModule: Considering local module com.google.android.gms.googlecertificates:7 and remote module com.google.android.gms.googlecertificates:0
12-21 09:57:46.053 28751 28774 I DynamiteModule: Selected local version of com.google.android.gms.googlecertificates
12-21 09:57:46.062 28751 28774 W GoogleCertificates: GoogleCertificates has been initialized already
12-21 09:57:46.092 28751 28814 I FA-SVC  : App measurement initialized, version: 254932
12-21 09:57:46.136 28751 28799 W TracingHelper: No RequestContext found in the trace or trace not available. [CONTEXT service_id=259 ratelimit_count=100000 ]
12-21 09:57:46.178 28751 28814 I TetheringManager: registerTetheringEventCallback:com.google.android.gms
12-21 09:57:46.188 13964 28802 I NetworkScheduler: (REDACTED) Error inserting %s
12-21 09:57:46.270  3383  3503 V hdcp up : tsec_version: 1
12-21 09:57:46.271  3383  3503 D NvOsDebugPrintf: NvRmStreamFree: WARN: pStream is NULL
12-21 09:57:46.692 26380 28788 W adbd    : timed out while waiting for FUNCTIONFS_BIND, trying again
12-21 09:57:46.692 26380 28788 I adbd    : UsbFfs: connection terminated: monitor thread finished
12-21 09:57:46.692 26380 26380 I adbd    : UsbFfs: already offline
12-21 09:57:46.692 26380 26380 I adbd    : destroying transport UsbFfs
12-21 09:57:46.692 26380 26380 I adbd    : UsbFfsConnection being destroyed
12-21 09:57:46.721 26380 26383 I adbd    : opening control endpoint /dev/usb-ffs/adb/ep0
12-21 09:57:46.721 26380 26383 I adbd    : UsbFfsConnection constructed
12-21 09:57:46.722 26380 28818 I adbd    : UsbFfs-monitor thread spawned
12-21 09:57:47.631 16991 17033 I TRuntime.CctTransportBackend: Status Code: 200
12-21 09:57:47.723 26380 28818 W adbd    : timed out while waiting for FUNCTIONFS_BIND, trying again
12-21 09:57:47.723 26380 28818 I adbd    : UsbFfs: connection terminated: monitor thread finished
12-21 09:57:47.723 26380 26380 I adbd    : UsbFfs: already offline
12-21 09:57:47.723 26380 26380 I adbd    : destroying transport UsbFfs
12-21 09:57:47.723 26380 26380 I adbd    : UsbFfsConnection being destroyed
12-21 09:57:47.757 26380 26383 I adbd    : opening control endpoint /dev/usb-ffs/adb/ep0
12-21 09:57:47.757 26380 26383 I adbd    : UsbFfsConnection constructed
12-21 09:57:47.758 26380 28819 I adbd    : UsbFfs-monitor thread spawned
12-21 09:57:48.581 30841 31599 E TaskPersister: File error accessing recents directory (directory doesn't exist?).
12-21 09:57:48.759 26380 28819 W adbd    : timed out while waiting for FUNCTIONFS_BIND, trying again
12-21 09:57:48.759 26380 28819 I adbd    : UsbFfs: connection terminated: monitor thread finished
12-21 09:57:48.759 26380 26380 I adbd    : UsbFfs: already offline
12-21 09:57:48.759 26380 26380 I adbd    : destroying transport UsbFfs
12-21 09:57:48.759 26380 26380 I adbd    : UsbFfsConnection being destroyed
12-21 09:57:48.789 26380 26383 I adbd    : opening control endpoint /dev/usb-ffs/adb/ep0
12-21 09:57:48.790 26380 26383 I adbd    : UsbFfsConnection constructed
12-21 09:57:48.790 26380 28820 I adbd    : UsbFfs-monitor thread spawned
12-21 09:57:49.791 26380 28820 W adbd    : timed out while waiting for FUNCTIONFS_BIND, trying again
12-21 09:57:49.791 26380 28820 I adbd    : UsbFfs: connection terminated: monitor thread finished
12-21 09:57:49.791 26380 26380 I adbd    : UsbFfs: already offline
12-21 09:57:49.791 26380 26380 I adbd    : destroying transport UsbFfs
12-21 09:57:49.791 26380 26380 I adbd    : UsbFfsConnection being destroyed
12-21 09:57:49.821 26380 26383 I adbd    : opening control endpoint /dev/usb-ffs/adb/ep0
12-21 09:57:49.822 26380 26383 I adbd    : UsbFfsConnection constructed
12-21 09:57:49.822 26380 28821 I adbd    : UsbFfs-monitor thread spawned
12-21 09:57:50.823 26380 28821 W adbd    : timed out while waiting for FUNCTIONFS_BIND, trying again
12-21 09:57:50.823 26380 28821 I adbd    : UsbFfs: connection terminated: monitor thread finished
12-21 09:57:50.823 26380 26380 I adbd    : UsbFfs: already offline
12-21 09:57:50.823 26380 26380 I adbd    : destroying transport UsbFfs
12-21 09:57:50.823 26380 26380 I adbd    : UsbFfsConnection being destroyed
12-21 09:57:50.873 26380 26383 I adbd    : opening control endpoint /dev/usb-ffs/adb/ep0
12-21 09:57:50.874 26380 26383 I adbd    : UsbFfsConnection constructed
12-21 09:57:50.874 26380 28822 I adbd    : UsbFfs-monitor thread spawned
12-21 09:57:51.275  3383  3503 V hdcp up : tsec_version: 1
12-21 09:57:51.277  3383  3503 D NvOsDebugPrintf: NvRmStreamFree: WARN: pStream is NULL
