12-21 09:57:30.019 13964 13964 D BoundBrokerSvc: onUnbind: Intent { act=com.google.android.gms.common.telemetry.service.START dat=chimera-action: cmp=com.google.android.gms/.chimera.PersistentApiService }
12-21 09:57:30.023 26380 28675 W adbd    : timed out while waiting for FUNCTIONFS_BIND, trying again
12-21 09:57:30.023 26380 28675 I adbd    : UsbFfs: connection terminated: monitor thread finished
12-21 09:57:30.023 26380 26380 I adbd    : UsbFfs: already offline
12-21 09:57:30.023 26380 26380 I adbd    : destroying transport UsbFfs
12-21 09:57:30.023 26380 26380 I adbd    : UsbFfsConnection being destroyed
12-21 09:57:30.053 26380 26383 I adbd    : opening control endpoint /dev/usb-ffs/adb/ep0
12-21 09:57:30.053 26380 26383 I adbd    : UsbFfsConnection constructed
12-21 09:57:30.053 26380 28676 I adbd    : UsbFfs-monitor thread spawned
12-21 09:57:30.335 30841 30841 D WindowManager: handleComboKeys keyCode: 20, keyAction: 0
12-21 09:57:30.548 30841 30841 D WindowManager: handleComboKeys keyCode: 20, keyAction: 1
12-21 09:57:30.706 19152 19172 I Finsky  : [7299] Stats for Executor: LightweightExecutor mgg@4ac0722[Running, pool size = 3, active threads = 0, queued tasks = 0, completed tasks = 812]
12-21 09:57:30.706 19152 19172 I Finsky  : [7299] Stats for Executor: BlockingExecutor mgg@db795b3[Running, pool size = 0, active threads = 0, queued tasks = 0, completed tasks = 99]
12-21 09:57:30.707 19152 19172 I Finsky  : [7299] Stats for Executor: bgExecutor mgg@2397770[Running, pool size = 4, active threads = 0, queued tasks = 0, completed tasks = 1437]
12-21 09:57:30.772 30841 30841 D WindowManager: handleComboKeys keyCode: 20, keyAction: 0
12-21 09:57:30.983 30841 30841 D WindowManager: handleComboKeys keyCode: 20, keyAction: 1
12-21 09:57:31.055 26380 28676 W adbd    : timed out while waiting for FUNCTIONFS_BIND, trying again
12-21 09:57:31.055 26380 28676 I adbd    : UsbFfs: connection terminated: monitor thread finished
12-21 09:57:31.055 26380 26380 I adbd    : UsbFfs: already offline
12-21 09:57:31.055 26380 26380 I adbd    : destroying transport UsbFfs
12-21 09:57:31.055 26380 26380 I adbd    : UsbFfsConnection being destroyed
12-21 09:57:31.085 26380 26383 I adbd    : opening control endpoint /dev/usb-ffs/adb/ep0
12-21 09:57:31.086 26380 26383 I adbd    : UsbFfsConnection constructed
12-21 09:57:31.086 26380 28677 I adbd    : UsbFfs-monitor thread spawned
12-21 09:57:31.254  3383  3503 V hdcp up : tsec_version: 1
12-21 09:57:31.256  3383  3503 D NvOsDebugPrintf: NvRmStreamFree: WARN: pStream is NULL
12-21 09:57:31.583 28604 28678 D ProfileInstaller: Installing profile for com.risa.app
12-21 09:57:31.984 30841 30841 D WindowManager: handleComboKeys keyCode: 20, keyAction: 0
12-21 09:57:32.087 26380 28677 W adbd    : timed out while waiting for FUNCTIONFS_BIND, trying again
12-21 09:57:32.087 26380 28677 I adbd    : UsbFfs: connection terminated: monitor thread finished
12-21 09:57:32.087 26380 26380 I adbd    : UsbFfs: already offline
12-21 09:57:32.087 26380 26380 I adbd    : destroying transport UsbFfs
12-21 09:57:32.087 26380 26380 I adbd    : UsbFfsConnection being destroyed
12-21 09:57:32.129 26380 26383 I adbd    : opening control endpoint /dev/usb-ffs/adb/ep0
12-21 09:57:32.130 26380 26383 I adbd    : UsbFfsConnection constructed
12-21 09:57:32.130 26380 28679 I adbd    : UsbFfs-monitor thread spawned
12-21 09:57:32.188 30841 30841 D WindowManager: handleComboKeys keyCode: 20, keyAction: 1
12-21 09:57:33.131 26380 28679 W adbd    : timed out while waiting for FUNCTIONFS_BIND, trying again
12-21 09:57:33.131 26380 28679 I adbd    : UsbFfs: connection terminated: monitor thread finished
12-21 09:57:33.131 26380 26380 I adbd    : UsbFfs: already offline
12-21 09:57:33.131 26380 26380 I adbd    : destroying transport UsbFfs
12-21 09:57:33.131 26380 26380 I adbd    : UsbFfsConnection being destroyed
12-21 09:57:33.169 26380 26383 I adbd    : opening control endpoint /dev/usb-ffs/adb/ep0
12-21 09:57:33.169 26380 26383 I adbd    : UsbFfsConnection constructed
12-21 09:57:33.170 26380 28680 I adbd    : UsbFfs-monitor thread spawned
12-21 09:57:33.298 30841 30841 D WindowManager: handleComboKeys keyCode: 20, keyAction: 0
12-21 09:57:33.507 30841 30841 D WindowManager: handleComboKeys keyCode: 20, keyAction: 1
12-21 09:57:34.171 26380 28680 W adbd    : timed out while waiting for FUNCTIONFS_BIND, trying again
12-21 09:57:34.171 26380 28680 I adbd    : UsbFfs: connection terminated: monitor thread finished
12-21 09:57:34.171 26380 26380 I adbd    : UsbFfs: already offline
12-21 09:57:34.171 26380 26380 I adbd    : destroying transport UsbFfs
12-21 09:57:34.171 26380 26380 I adbd    : UsbFfsConnection being destroyed
12-21 09:57:34.201 26380 26383 I adbd    : opening control endpoint /dev/usb-ffs/adb/ep0
12-21 09:57:34.201 26380 26383 I adbd    : UsbFfsConnection constructed
12-21 09:57:34.202 26380 28681 I adbd    : UsbFfs-monitor thread spawned
12-21 09:57:34.855 28604 28604 I flutter : EPG: Could not find matching EPG ID for channelId="CBS_392340979_1", name="CBS"
12-21 09:57:34.855 28604 28604 I flutter : LiveTV: Fetching TMDB art for channel: "CBS"
12-21 09:57:34.857 28604 28604 I flutter : EPG: Could not find matching EPG ID for channelId="ABC_971538436_0", name="ABC"
12-21 09:57:34.858 28604 28604 I flutter : EPG: Could not find matching EPG ID for channelId="ABC_971538436_0", name="ABC"
12-21 09:57:34.858 28604 28604 I flutter : EPG: Could not find matching EPG ID for channelId="CBS_392340979_1", name="CBS"
12-21 09:57:34.858 28604 28604 I flutter : EPG: Could not find matching EPG ID for channelId="CBS_392340979_1", name="CBS"
12-21 09:57:34.858 28604 28604 I flutter : EPG: Could not find matching EPG ID for channelId="CW_497031048_2", name="CW"
12-21 09:57:34.859 28604 28604 I flutter : EPG: Could not find matching EPG ID for channelId="CW_497031048_2", name="CW"
12-21 09:57:34.859 28604 28604 I flutter : EPG: Could not find matching EPG ID for channelId="FOX_1055126310_3", name="FOX"
12-21 09:57:34.859 28604 28604 I flutter : EPG: Could not find matching EPG ID for channelId="FOX_1055126310_3", name="FOX"
12-21 09:57:34.859 28604 28604 I flutter : EPG: Could not find matching EPG ID for channelId="NBC_535039161_4", name="NBC"
12-21 09:57:34.859 28604 28604 I flutter : EPG: Could not find matching EPG ID for channelId="NBC_535039161_4", name="NBC"
12-21 09:57:34.860 28604 28604 I flutter : EPG: Could not find matching EPG ID for channelId="A&E East_1072137133_5", name="A&E East"
12-21 09:57:34.860 28604 28604 I flutter : EPG: Could not find matching EPG ID for channelId="A&E East_1072137133_5", name="A&E East"
12-21 09:57:34.867 28604 28604 I flutter : EPG: Could not find matching EPG ID for channelId="CBS_392340979_1", name="CBS"
12-21 09:57:34.867 28604 28604 I flutter : LiveTV: Found TMDB art for channel "CBS": https://image.tmdb.org/t/p/w500/nm8d7P7MJNiBLdgIzUK0gkuEA4r.png
12-21 09:57:34.869 28604 28604 I flutter : EPG: Could not find matching EPG ID for channelId="CBS_392340979_1", name="CBS"
12-21 09:57:34.871 28604 28604 I flutter : EPG: Could not find matching EPG ID for channelId="ABC_971538436_0", name="ABC"
12-21 09:57:34.871 28604 28604 I flutter : EPG: Could not find matching EPG ID for channelId="ABC_971538436_0", name="ABC"
12-21 09:57:34.872 28604 28604 I flutter : EPG: Could not find matching EPG ID for channelId="CBS_392340979_1", name="CBS"
12-21 09:57:34.872 28604 28604 I flutter : EPG: Could not find matching EPG ID for channelId="CBS_392340979_1", name="CBS"
12-21 09:57:34.872 28604 28604 I flutter : EPG: Could not find matching EPG ID for channelId="CW_497031048_2", name="CW"
12-21 09:57:34.872 28604 28604 I flutter : EPG: Could not find matching EPG ID for channelId="CW_497031048_2", name="CW"
12-21 09:57:34.872 28604 28604 I flutter : EPG: Could not find matching EPG ID for channelId="FOX_1055126310_3", name="FOX"
12-21 09:57:34.872 28604 28604 I flutter : EPG: Could not find matching EPG ID for channelId="FOX_1055126310_3", name="FOX"
12-21 09:57:34.873 28604 28604 I flutter : EPG: Could not find matching EPG ID for channelId="NBC_535039161_4", name="NBC"
12-21 09:57:34.873 28604 28604 I flutter : EPG: Could not find matching EPG ID for channelId="NBC_535039161_4", name="NBC"
12-21 09:57:34.873 28604 28604 I flutter : EPG: Could not find matching EPG ID for channelId="A&E East_1072137133_5", name="A&E East"
12-21 09:57:34.873 28604 28604 I flutter : EPG: Could not find matching EPG ID for channelId="A&E East_1072137133_5", name="A&E East"
12-21 09:57:34.877 28604 28604 I flutter : EPG: Could not find matching EPG ID for channelId="CBS_392340979_1", name="CBS"
12-21 09:57:35.203 26380 28681 W adbd    : timed out while waiting for FUNCTIONFS_BIND, trying again
12-21 09:57:35.203 26380 28681 I adbd    : UsbFfs: connection terminated: monitor thread finished
12-21 09:57:35.203 26380 26380 I adbd    : UsbFfs: already offline
12-21 09:57:35.203 26380 26380 I adbd    : destroying transport UsbFfs
12-21 09:57:35.203 26380 26380 I adbd    : UsbFfsConnection being destroyed
12-21 09:57:35.233 26380 26383 I adbd    : opening control endpoint /dev/usb-ffs/adb/ep0
12-21 09:57:35.234 26380 26383 I adbd    : UsbFfsConnection constructed
12-21 09:57:35.234 26380 28683 I adbd    : UsbFfs-monitor thread spawned
12-21 09:57:35.784 30841 30841 D WindowManager: handleComboKeys keyCode: 20, keyAction: 0
12-21 09:57:35.997 30841 30841 D WindowManager: handleComboKeys keyCode: 20, keyAction: 1
12-21 09:57:36.235 26380 28683 W adbd    : timed out while waiting for FUNCTIONFS_BIND, trying again
12-21 09:57:36.235 26380 28683 I adbd    : UsbFfs: connection terminated: monitor thread finished
12-21 09:57:36.235 26380 26380 I adbd    : UsbFfs: already offline
12-21 09:57:36.235 26380 26380 I adbd    : destroying transport UsbFfs
12-21 09:57:36.235 26380 26380 I adbd    : UsbFfsConnection being destroyed
12-21 09:57:36.259  3383  3503 V hdcp up : tsec_version: 1
12-21 09:57:36.261  3383  3503 D NvOsDebugPrintf: NvRmStreamFree: WARN: pStream is NULL
12-21 09:57:36.281 26380 26383 I adbd    : opening control endpoint /dev/usb-ffs/adb/ep0
12-21 09:57:36.282 26380 26383 I adbd    : UsbFfsConnection constructed
12-21 09:57:36.282 26380 28684 I adbd    : UsbFfs-monitor thread spawned
12-21 09:57:36.567 30841 30841 D WindowManager: handleComboKeys keyCode: 23, keyAction: 0
12-21 09:57:36.567 30841 30841 I chatty  : uid=1000 system_server identical 14 lines
12-21 09:57:36.778 30841 30841 D WindowManager: handleComboKeys keyCode: 23, keyAction: 1
12-21 09:57:36.778 30841 30841 I InputManager: Input event injection from pid 30841 uid 1000
12-21 09:57:36.935 28500 28500 D BoundBrokerSvc: onUnbind: Intent { act=com.google.android.gms.measurement.START pkg=com.google.android.gms }
12-21 09:57:37.283 26380 28684 W adbd    : timed out while waiting for FUNCTIONFS_BIND, trying again
12-21 09:57:37.283 26380 28684 I adbd    : UsbFfs: connection terminated: monitor thread finished
12-21 09:57:37.283 26380 26380 I adbd    : UsbFfs: already offline
12-21 09:57:37.283 26380 26380 I adbd    : destroying transport UsbFfs
12-21 09:57:37.283 26380 26380 I adbd    : UsbFfsConnection being destroyed
12-21 09:57:37.317 26380 26383 I adbd    : opening control endpoint /dev/usb-ffs/adb/ep0
12-21 09:57:37.317 26380 26383 I adbd    : UsbFfsConnection constructed
12-21 09:57:37.318 26380 28686 I adbd    : UsbFfs-monitor thread spawned
12-21 09:57:38.319 26380 28686 W adbd    : timed out while waiting for FUNCTIONFS_BIND, trying again
12-21 09:57:38.319 26380 28686 I adbd    : UsbFfs: connection terminated: monitor thread finished
12-21 09:57:38.319 26380 26380 I adbd    : UsbFfs: already offline
12-21 09:57:38.319 26380 26380 I adbd    : destroying transport UsbFfs
12-21 09:57:38.319 26380 26380 I adbd    : UsbFfsConnection being destroyed
12-21 09:57:38.357 26380 26383 I adbd    : opening control endpoint /dev/usb-ffs/adb/ep0
12-21 09:57:38.357 26380 26383 I adbd    : UsbFfsConnection constructed
12-21 09:57:38.357 26380 28687 I adbd    : UsbFfs-monitor thread spawned
12-21 09:57:39.359 26380 28687 W adbd    : timed out while waiting for FUNCTIONFS_BIND, trying again
12-21 09:57:39.359 26380 28687 I adbd    : UsbFfs: connection terminated: monitor thread finished
12-21 09:57:39.359 26380 26380 I adbd    : UsbFfs: already offline
12-21 09:57:39.359 26380 26380 I adbd    : destroying transport UsbFfs
12-21 09:57:39.359 26380 26380 I adbd    : UsbFfsConnection being destroyed
12-21 09:57:39.401 26380 26383 I adbd    : opening control endpoint /dev/usb-ffs/adb/ep0
12-21 09:57:39.401 26380 26383 I adbd    : UsbFfsConnection constructed
12-21 09:57:39.402 26380 28688 I adbd    : UsbFfs-monitor thread spawned
12-21 09:57:40.075 13964 13964 D BoundBrokerSvc: onUnbind: Intent { act=com.google.android.gms.presencemanager.service.START dat=chimera-action: cmp=com.google.android.gms/.chimera.PersistentApiService }
12-21 09:57:40.076 13964 13964 D BoundBrokerSvc: onUnbind: Intent { act=com.google.android.gms.presencemanager.service.INTERNAL_IDENTITY dat=chimera-action: cmp=com.google.android.gms/.chimera.PersistentApiService }
12-21 09:57:40.403 26380 28688 W adbd    : timed out while waiting for FUNCTIONFS_BIND, trying again
12-21 09:57:40.403 26380 28688 I adbd    : UsbFfs: connection terminated: monitor thread finished
12-21 09:57:40.403 26380 26380 I adbd    : UsbFfs: already offline
12-21 09:57:40.403 26380 26380 I adbd    : destroying transport UsbFfs
12-21 09:57:40.403 26380 26380 I adbd    : UsbFfsConnection being destroyed
12-21 09:57:40.441 26380 26383 I adbd    : opening control endpoint /dev/usb-ffs/adb/ep0
12-21 09:57:40.441 26380 26383 I adbd    : UsbFfsConnection constructed
12-21 09:57:40.441 26380 28689 I adbd    : UsbFfs-monitor thread spawned
12-21 09:57:41.264  3383  3503 V hdcp up : tsec_version: 1
12-21 09:57:41.265  3383  3503 D NvOsDebugPrintf: NvRmStreamFree: WARN: pStream is NULL
12-21 09:57:41.443 26380 28689 W adbd    : timed out while waiting for FUNCTIONFS_BIND, trying again
12-21 09:57:41.443 26380 28689 I adbd    : UsbFfs: connection terminated: monitor thread finished
12-21 09:57:41.443 26380 26380 I adbd    : UsbFfs: already offline
12-21 09:57:41.443 26380 26380 I adbd    : destroying transport UsbFfs
12-21 09:57:41.443 26380 26380 I adbd    : UsbFfsConnection being destroyed
12-21 09:57:41.493 26380 26383 I adbd    : opening control endpoint /dev/usb-ffs/adb/ep0
12-21 09:57:41.493 26380 26383 I adbd    : UsbFfsConnection constructed
12-21 09:57:41.493 26380 28690 I adbd    : UsbFfs-monitor thread spawned
12-21 09:57:41.781 30841 30898 I WindowManager: Input event dispatching timed out sending to com.risa.app/com.risa.app.MainActivity.  Reason: 5fad0bc com.risa.app/com.risa.app.MainActivity (server) is not responding. Waited 5000ms for KeyEvent
12-21 09:57:41.804 30841 30898 D WindowManager: notifyANR took 23ms
12-21 09:57:41.804 30841 30898 W InputDispatcher: Canceling events for 5fad0bc com.risa.app/com.risa.app.MainActivity (server) because it is unresponsive
12-21 09:57:41.840 30841 28691 I ActivityManager: dumpStackTraces pids={13964=true, 16439=true, 16470=true, 16991=true, 17036=true, 17293=true, 17363=true, 17508=true, 19152=true, 25239=true, 27762=true, 28022=true, 28204=true, 28500=true, 28507=true, 31005=true, 31406=true, 31972=true} nativepids=[2884, 3345, 3550, 3574, 3575, 3586, 3591, 30747, 30748, 30749, 30750, 30751, 31005]
12-21 09:57:41.900 30841 30852 W System  : A resource failed to call release. 
12-21 09:57:41.903 30841 30852 I chatty  : uid=1000(system) FinalizerDaemon identical 1 line
12-21 09:57:41.903 30841 30852 W System  : A resource failed to call release. 
12-21 09:57:42.280 30841 28691 I ActivityManager: Skipping next CPU consuming process, not a java proc: 28604
12-21 09:57:42.280 30841 28691 I ActivityManager: Skipping next CPU consuming process, not a java proc: 30841
12-21 09:57:42.281 30841 28691 I ActivityManager: Dumping to /data/anr/anr_2025-12-21-09-57-42-280
12-21 09:57:42.281 30841 28691 I ActivityManager: Collecting stacks for pid 28604
12-21 09:57:42.283 30841 28691 I system_server: libdebuggerd_client: started dumping process 28604
12-21 09:57:42.284  3334  3334 I tombstoned: registered intercept for pid 28604 and type kDebuggerdJavaBacktrace
12-21 09:57:42.284 28604 28615 I com.risa.app: Thread[6,tid=28615,WaitingInMainSignalCatcherLoop,Thread*=0x237ca946f0,peer=0x13940110,"Signal Catcher"]: reacting to signal 3
12-21 09:57:42.284 28604 28615 I com.risa.app: 
12-21 09:57:42.495 26380 28690 W adbd    : timed out while waiting for FUNCTIONFS_BIND, trying again
12-21 09:57:42.495 26380 28690 I adbd    : UsbFfs: connection terminated: monitor thread finished
12-21 09:57:42.495 26380 26380 I adbd    : UsbFfs: already offline
12-21 09:57:42.495 26380 26380 I adbd    : destroying transport UsbFfs
12-21 09:57:42.495 26380 26380 I adbd    : UsbFfsConnection being destroyed
12-21 09:57:42.581 26380 26383 I adbd    : opening control endpoint /dev/usb-ffs/adb/ep0
12-21 09:57:42.582 26380 26383 I adbd    : UsbFfsConnection constructed
12-21 09:57:42.582 26380 28693 I adbd    : UsbFfs-monitor thread spawned
12-21 09:57:42.582  3334  3334 I tombstoned: received crash request for pid 28604
12-21 09:57:42.582  3334  3334 I tombstoned: found intercept fd 512 for pid 28604 and type kDebuggerdJavaBacktrace
12-21 09:57:42.582 28604 28615 I com.risa.app: Wrote stack traces to tombstoned
12-21 09:57:42.584 30841 28691 I system_server: libdebuggerd_client: done dumping process 28604
12-21 09:57:42.586 30841 28691 I ActivityManager: Collecting stacks for pid 30841
12-21 09:57:42.591 30841 28691 I system_server: libdebuggerd_client: started dumping process 30841
12-21 09:57:42.591  3334  3334 I tombstoned: registered intercept for pid 30841 and type kDebuggerdJavaBacktrace
12-21 09:57:42.591 30841 30847 I system_server: Thread[2,tid=30847,WaitingInMainSignalCatcherLoop,Thread*=0x237ca92b20,peer=0x139c04c0,"Signal Catcher"]: reacting to signal 3
12-21 09:57:42.591 30841 30847 I system_server: 
12-21 09:57:42.904  3334  3334 I tombstoned: received crash request for pid 30841
12-21 09:57:42.905  3334  3334 I tombstoned: found intercept fd 512 for pid 30841 and type kDebuggerdJavaBacktrace
12-21 09:57:42.905 30841 30847 I system_server: Wrote stack traces to tombstoned
12-21 09:57:42.907 30841 28691 I system_server: libdebuggerd_client: done dumping process 30841
12-21 09:57:42.910 30841 28691 I ActivityManager: Collecting stacks for pid 31958
12-21 09:57:42.911 30841 28691 I system_server: libdebuggerd_client: started dumping process 31958
12-21 09:57:42.911  3334  3334 I tombstoned: registered intercept for pid 31958 and type kDebuggerdJavaBacktrace
12-21 09:57:42.911 31958 31971 I idia.nvgamecas: Thread[6,tid=31971,WaitingInMainSignalCatcherLoop,Thread*=0x237ca92b20,peer=0x12cc00b0,"Signal Catcher"]: reacting to signal 3
12-21 09:57:42.911 31958 31971 I idia.nvgamecas: 
12-21 09:57:42.951  3334  3334 I tombstoned: received crash request for pid 31958
12-21 09:57:42.951  3334  3334 I tombstoned: found intercept fd 512 for pid 31958 and type kDebuggerdJavaBacktrace
12-21 09:57:42.952 31958 31971 I idia.nvgamecas: Wrote stack traces to tombstoned
12-21 09:57:42.952 30841 28691 I system_server: libdebuggerd_client: done dumping process 31958
12-21 09:57:42.954 30841 28691 I ActivityManager: Collecting stacks for pid 31928
12-21 09:57:42.955 30841 28691 I system_server: libdebuggerd_client: started dumping process 31928
12-21 09:57:42.955  3334  3334 I tombstoned: registered intercept for pid 31928 and type kDebuggerdJavaBacktrace
12-21 09:57:42.955 31928 31940 I a.app.messagin: Thread[5,tid=31940,WaitingInMainSignalCatcherLoop,Thread*=0x237ca9d200,peer=0x12e400b0,"Signal Catcher"]: reacting to signal 3
12-21 09:57:42.955 31928 31940 I a.app.messagin: 
12-21 09:57:43.000  3334  3334 I tombstoned: received crash request for pid 31928
12-21 09:57:43.000  3334  3334 I tombstoned: found intercept fd 512 for pid 31928 and type kDebuggerdJavaBacktrace
12-21 09:57:43.000 31928 31940 I a.app.messagin: Wrote stack traces to tombstoned
12-21 09:57:43.000 30841 28691 I system_server: libdebuggerd_client: done dumping process 31928
12-21 09:57:43.002 30841 28691 I ActivityManager: Collecting stacks for pid 31905
12-21 09:57:43.003 30841 28691 I system_server: libdebuggerd_client: started dumping process 31905
12-21 09:57:43.003  3334  3334 I tombstoned: registered intercept for pid 31905 and type kDebuggerdJavaBacktrace
12-21 09:57:43.003 31905 31917 I com.nvidia.osc: Thread[3,tid=31917,WaitingInMainSignalCatcherLoop,Thread*=0x237ca9d200,peer=0x12d000b0,"Signal Catcher"]: reacting to signal 3
12-21 09:57:43.004 31905 31917 I com.nvidia.osc: 
12-21 09:57:43.024 13964 13964 D BoundBrokerSvc: onUnbind: Intent { act=com.google.android.gms.libs.gmscorelogger.service.START dat=chimera-action: cmp=com.google.android.gms/.chimera.PersistentDirectBootAwareApiService }
12-21 09:57:43.044  3334  3334 I tombstoned: received crash request for pid 31905
12-21 09:57:43.044  3334  3334 I tombstoned: found intercept fd 512 for pid 31905 and type kDebuggerdJavaBacktrace
12-21 09:57:43.044 31905 31917 I com.nvidia.osc: Wrote stack traces to tombstoned
12-21 09:57:43.044 30841 28691 I system_server: libdebuggerd_client: done dumping process 31905
12-21 09:57:43.045 30841 28691 I ActivityManager: Collecting stacks for pid 31885
12-21 09:57:43.046 30841 28691 I system_server: libdebuggerd_client: started dumping process 31885
12-21 09:57:43.047  3334  3334 I tombstoned: registered intercept for pid 31885 and type kDebuggerdJavaBacktrace
12-21 09:57:43.047 31885 31896 I a.shieldservic: Thread[3,tid=31896,WaitingInMainSignalCatcherLoop,Thread*=0x237ca92b20,peer=0x12cc00b0,"Signal Catcher"]: reacting to signal 3
12-21 09:57:43.047 31885 31896 I a.shieldservic: 
12-21 09:57:43.089  3334  3334 I tombstoned: received crash request for pid 31885
12-21 09:57:43.089  3334  3334 I tombstoned: found intercept fd 512 for pid 31885 and type kDebuggerdJavaBacktrace
12-21 09:57:43.089 31885 31896 I a.shieldservic: Wrote stack traces to tombstoned
12-21 09:57:43.089 30841 28691 I system_server: libdebuggerd_client: done dumping process 31885
12-21 09:57:43.090 30841 28691 I ActivityManager: Collecting stacks for pid 31849
12-21 09:57:43.091 30841 28691 I system_server: libdebuggerd_client: started dumping process 31849
12-21 09:57:43.091  3334  3334 I tombstoned: registered intercept for pid 31849 and type kDebuggerdJavaBacktrace
12-21 09:57:43.091 31849 31863 I .nvidia.irtune: Thread[6,tid=31863,WaitingInMainSignalCatcherLoop,Thread*=0x237ca92b20,peer=0x12cc00b0,"Signal Catcher"]: reacting to signal 3
12-21 09:57:43.091 31849 31863 I .nvidia.irtune: 
12-21 09:57:43.126  3334  3334 I tombstoned: received crash request for pid 31849
12-21 09:57:43.127  3334  3334 I tombstoned: found intercept fd 512 for pid 31849 and type kDebuggerdJavaBacktrace
12-21 09:57:43.127 31849 31863 I .nvidia.irtune: Wrote stack traces to tombstoned
12-21 09:57:43.127 30841 28691 I system_server: libdebuggerd_client: done dumping process 31849
12-21 09:57:43.129 30841 28691 I ActivityManager: Collecting stacks for pid 31822
12-21 09:57:43.130 30841 28691 I system_server: libdebuggerd_client: started dumping process 31822
12-21 09:57:43.130  3334  3334 I tombstoned: registered intercept for pid 31822 and type kDebuggerdJavaBacktrace
12-21 09:57:43.130 31822 31837 I d.remote.serve: Thread[3,tid=31837,WaitingInMainSignalCatcherLoop,Thread*=0x237caa4140,peer=0x12f000b0,"Signal Catcher"]: reacting to signal 3
12-21 09:57:43.130 31822 31837 I d.remote.serve: 
12-21 09:57:43.157 30841  7856 I ActivityManager: Process com.android.providers.tv (pid 28507) has died: cch+15 CEM 
12-21 09:57:43.161 30745 30745 I Zygote  : Process 28507 exited due to signal 9 (Killed)
12-21 09:57:43.173 30841  3198 I ActivityManager: Process com.google.android.gms (pid 28500) has died: cch+5 CEM 
12-21 09:57:43.174 30745 30745 I Zygote  : Process 28500 exited due to signal 9 (Killed)
12-21 09:57:43.189  3334  3334 I tombstoned: received crash request for pid 31822
12-21 09:57:43.189  3334  3334 I tombstoned: found intercept fd 512 for pid 31822 and type kDebuggerdJavaBacktrace
12-21 09:57:43.190 31822 31837 I d.remote.serve: Wrote stack traces to tombstoned
12-21 09:57:43.190 30841 28691 I system_server: libdebuggerd_client: done dumping process 31822
12-21 09:57:43.191 30841 28691 I ActivityManager: Collecting stacks for pid 31799
12-21 09:57:43.192 30841 28691 I system_server: libdebuggerd_client: started dumping process 31799
12-21 09:57:43.193 31799 31812 I ifi.countrycod: Thread[4,tid=31812,WaitingInMainSignalCatcherLoop,Thread*=0x237ca962c0,peer=0x12d000b0,"Signal Catcher"]: reacting to signal 3
12-21 09:57:43.193 31799 31812 I ifi.countrycod: 
12-21 09:57:43.197  3334  3334 I tombstoned: registered intercept for pid 31799 and type kDebuggerdJavaBacktrace
12-21 09:57:43.201 30841 30867 I libprocessgroup: Successfully killed process cgroup uid 10035 pid 28507 in 43ms
12-21 09:57:43.201 30841 30867 I libprocessgroup: Successfully killed process cgroup uid 10005 pid 28500 in 0ms
12-21 09:57:43.238  3334  3334 I tombstoned: received crash request for pid 31799
12-21 09:57:43.238  3334  3334 I tombstoned: found intercept fd 512 for pid 31799 and type kDebuggerdJavaBacktrace
12-21 09:57:43.238 31799 31812 I ifi.countrycod: Wrote stack traces to tombstoned
12-21 09:57:43.238 30841 28691 I system_server: libdebuggerd_client: done dumping process 31799
12-21 09:57:43.240 30841 28691 I ActivityManager: Collecting stacks for pid 31784
12-21 09:57:43.240 30841 28691 I system_server: libdebuggerd_client: started dumping process 31784
12-21 09:57:43.241  3334  3334 I tombstoned: registered intercept for pid 31784 and type kDebuggerdJavaBacktrace
12-21 09:57:43.241 31784 31795 I nvidia.NvCPLSv: Thread[4,tid=31795,WaitingInMainSignalCatcherLoop,Thread*=0x237ca92b20,peer=0x12d000b0,"Signal Catcher"]: reacting to signal 3
12-21 09:57:43.241 31784 31795 I nvidia.NvCPLSv: 
12-21 09:57:43.289  3334  3334 I tombstoned: received crash request for pid 31784
12-21 09:57:43.289  3334  3334 I tombstoned: found intercept fd 512 for pid 31784 and type kDebuggerdJavaBacktrace
12-21 09:57:43.290 31784 31795 I nvidia.NvCPLSv: Wrote stack traces to tombstoned
12-21 09:57:43.290 30841 28691 I system_server: libdebuggerd_client: done dumping process 31784
12-21 09:57:43.292 30841 28691 I ActivityManager: Collecting stacks for pid 31747
12-21 09:57:43.293 30841 28691 I system_server: libdebuggerd_client: started dumping process 31747
12-21 09:57:43.293  3334  3334 I tombstoned: registered intercept for pid 31747 and type kDebuggerdJavaBacktrace
12-21 09:57:43.293 31747 31769 I ech.accessoryu: Thread[6,tid=31769,WaitingInMainSignalCatcherLoop,Thread*=0x237caa4140,peer=0x12cc00b0,"Signal Catcher"]: reacting to signal 3
12-21 09:57:43.293 31747 31769 I ech.accessoryu: 
12-21 09:57:43.353  3334  3334 I tombstoned: received crash request for pid 31747
12-21 09:57:43.353  3334  3334 I tombstoned: found intercept fd 512 for pid 31747 and type kDebuggerdJavaBacktrace
12-21 09:57:43.353 31747 31769 I ech.accessoryu: Wrote stack traces to tombstoned
12-21 09:57:43.353 30841 28691 I system_server: libdebuggerd_client: done dumping process 31747
12-21 09:57:43.355 30841 28691 I ActivityManager: Collecting stacks for pid 31709
12-21 09:57:43.355 30841 28691 I system_server: libdebuggerd_client: started dumping process 31709
12-21 09:57:43.356  3334  3334 I tombstoned: registered intercept for pid 31709 and type kDebuggerdJavaBacktrace
12-21 09:57:43.356 31709 31726 I d.audio.servic: Thread[3,tid=31726,WaitingInMainSignalCatcherLoop,Thread*=0x237ca946f0,peer=0x12cc00b0,"Signal Catcher"]: reacting to signal 3
12-21 09:57:43.356 31709 31726 I d.audio.servic: 
12-21 09:57:43.399  3334  3334 I tombstoned: received crash request for pid 31709
12-21 09:57:43.399  3334  3334 I tombstoned: found intercept fd 512 for pid 31709 and type kDebuggerdJavaBacktrace
12-21 09:57:43.399 31709 31726 I d.audio.servic: Wrote stack traces to tombstoned
12-21 09:57:43.400 30841 28691 I system_server: libdebuggerd_client: done dumping process 31709
12-21 09:57:43.401 30841 28691 I ActivityManager: Collecting stacks for pid 31671
12-21 09:57:43.402 30841 28691 I system_server: libdebuggerd_client: started dumping process 31671
12-21 09:57:43.402  3334  3334 I tombstoned: registered intercept for pid 31671 and type kDebuggerdJavaBacktrace
12-21 09:57:43.403 31671 31690 I luetoothManage: Thread[4,tid=31690,WaitingInMainSignalCatcherLoop,Thread*=0x237ca92b20,peer=0x12e400b0,"Signal Catcher"]: reacting to signal 3
12-21 09:57:43.403 31671 31690 I luetoothManage: 
12-21 09:57:43.451  3334  3334 I tombstoned: received crash request for pid 31671
12-21 09:57:43.451  3334  3334 I tombstoned: found intercept fd 512 for pid 31671 and type kDebuggerdJavaBacktrace
12-21 09:57:43.451 31671 31690 I luetoothManage: Wrote stack traces to tombstoned
12-21 09:57:43.451 30841 28691 I system_server: libdebuggerd_client: done dumping process 31671
12-21 09:57:43.453 30841 28691 I ActivityManager: Collecting stacks for pid 31644
12-21 09:57:43.454 30841 28691 I system_server: libdebuggerd_client: started dumping process 31644
12-21 09:57:43.454  3334  3334 I tombstoned: registered intercept for pid 31644 and type kDebuggerdJavaBacktrace
12-21 09:57:43.454 31644 31657 I ia.blakepairin: Thread[3,tid=31657,WaitingInMainSignalCatcherLoop,Thread*=0x237caa4140,peer=0x12ec00b0,"Signal Catcher"]: reacting to signal 3
12-21 09:57:43.454 31644 31657 I ia.blakepairin: 
12-21 09:57:43.519  3334  3334 I tombstoned: received crash request for pid 31644
12-21 09:57:43.519  3334  3334 I tombstoned: found intercept fd 512 for pid 31644 and type kDebuggerdJavaBacktrace
12-21 09:57:43.519 31644 31657 I ia.blakepairin: Wrote stack traces to tombstoned
12-21 09:57:43.519 30841 28691 I system_server: libdebuggerd_client: done dumping process 31644
12-21 09:57:43.521 30841 28691 I ActivityManager: Collecting stacks for pid 31304
12-21 09:57:43.522 30841 28691 I system_server: libdebuggerd_client: started dumping process 31304
12-21 09:57:43.522  3334  3334 I tombstoned: registered intercept for pid 31304 and type kDebuggerdJavaBacktrace
12-21 09:57:43.522 31304 31323 I com.android.se: Thread[4,tid=31323,WaitingInMainSignalCatcherLoop,Thread*=0x237ca8a010,peer=0x12cc00b0,"Signal Catcher"]: reacting to signal 3
12-21 09:57:43.522 31304 31323 I com.android.se: 
12-21 09:57:43.560  3334  3334 I tombstoned: received crash request for pid 31304
12-21 09:57:43.560  3334  3334 I tombstoned: found intercept fd 512 for pid 31304 and type kDebuggerdJavaBacktrace
12-21 09:57:43.561 31304 31323 I com.android.se: Wrote stack traces to tombstoned
12-21 09:57:43.561 30841 28691 I system_server: libdebuggerd_client: done dumping process 31304
12-21 09:57:43.562 30841 28691 I ActivityManager: Collecting stacks for pid 31281
12-21 09:57:43.563 30841 28691 I system_server: libdebuggerd_client: started dumping process 31281
12-21 09:57:43.564  3334  3334 I tombstoned: registered intercept for pid 31281 and type kDebuggerdJavaBacktrace
12-21 09:57:43.564 31281 31294 I idia.nvaudiosv: Thread[3,tid=31294,WaitingInMainSignalCatcherLoop,Thread*=0x237ca946f0,peer=0x12cc00b0,"Signal Catcher"]: reacting to signal 3
12-21 09:57:43.564 31281 31294 I idia.nvaudiosv: 
12-21 09:57:43.583 26380 28693 W adbd    : timed out while waiting for FUNCTIONFS_BIND, trying again
12-21 09:57:43.583 26380 28693 I adbd    : UsbFfs: connection terminated: monitor thread finished
12-21 09:57:43.583 26380 26380 I adbd    : UsbFfs: already offline
12-21 09:57:43.583 26380 26380 I adbd    : destroying transport UsbFfs
12-21 09:57:43.584 26380 26380 I adbd    : UsbFfsConnection being destroyed
12-21 09:57:43.602  3334  3334 I tombstoned: received crash request for pid 31281
12-21 09:57:43.602  3334  3334 I tombstoned: found intercept fd 512 for pid 31281 and type kDebuggerdJavaBacktrace
12-21 09:57:43.602 31281 31294 I idia.nvaudiosv: Wrote stack traces to tombstoned
12-21 09:57:43.602 30841 28691 I system_server: libdebuggerd_client: done dumping process 31281
12-21 09:57:43.604 30841 28691 I ActivityManager: Collecting stacks for pid 31163
12-21 09:57:43.605 30841 28691 I system_server: libdebuggerd_client: started dumping process 31163
12-21 09:57:43.606  3334  3334 I tombstoned: registered intercept for pid 31163 and type kDebuggerdJavaBacktrace
12-21 09:57:43.606 31163 31180 I oid.tv.setting: Thread[4,tid=31180,WaitingInMainSignalCatcherLoop,Thread*=0x237ca92b20,peer=0x12d800b0,"Signal Catcher"]: reacting to signal 3
12-21 09:57:43.606 31163 31180 I oid.tv.setting: 
12-21 09:57:43.617 26380 26383 I adbd    : opening control endpoint /dev/usb-ffs/adb/ep0
12-21 09:57:43.618 26380 26383 I adbd    : UsbFfsConnection constructed
12-21 09:57:43.618 26380 28694 I adbd    : UsbFfs-monitor thread spawned
12-21 09:57:43.702  3334  3334 I tombstoned: received crash request for pid 31163
12-21 09:57:43.702  3334  3334 I tombstoned: found intercept fd 512 for pid 31163 and type kDebuggerdJavaBacktrace
12-21 09:57:43.702 31163 31180 I oid.tv.setting: Wrote stack traces to tombstoned
12-21 09:57:43.703 30841 28691 I system_server: libdebuggerd_client: done dumping process 31163
12-21 09:57:43.705 30841 28691 I ActivityManager: Collecting stacks for pid 31024
12-21 09:57:43.707 30841 28691 I system_server: libdebuggerd_client: started dumping process 31024
12-21 09:57:43.707  3334  3334 I tombstoned: registered intercept for pid 31024 and type kDebuggerdJavaBacktrace
12-21 09:57:43.707 31024 31036 I ndroid.systemu: Thread[4,tid=31036,WaitingInMainSignalCatcherLoop,Thread*=0x237caa4140,peer=0x130c00b0,"Signal Catcher"]: reacting to signal 3
12-21 09:57:43.707 31024 31036 I ndroid.systemu: 
12-21 09:57:43.813  3334  3334 I tombstoned: received crash request for pid 31024
12-21 09:57:43.813  3334  3334 I tombstoned: found intercept fd 512 for pid 31024 and type kDebuggerdJavaBacktrace
12-21 09:57:43.813 31024 31036 I ndroid.systemu: Wrote stack traces to tombstoned
12-21 09:57:43.814 30841 28691 I system_server: libdebuggerd_client: done dumping process 31024
12-21 09:57:43.816 30841 28691 I ActivityManager: Collecting stacks for pid 30975
12-21 09:57:43.817 30841 28691 I system_server: libdebuggerd_client: started dumping process 30975
12-21 09:57:43.817  3334  3334 I tombstoned: registered intercept for pid 30975 and type kDebuggerdJavaBacktrace
12-21 09:57:43.817 30975 30987 I irtuner_servic: Thread[5,tid=30987,WaitingInMainSignalCatcherLoop,Thread*=0x237ca8a010,peer=0x12d000b0,"Signal Catcher"]: reacting to signal 3
12-21 09:57:43.817 30975 30987 I irtuner_servic: 
12-21 09:57:43.859  3334  3334 I tombstoned: received crash request for pid 30975
12-21 09:57:43.859  3334  3334 I tombstoned: found intercept fd 512 for pid 30975 and type kDebuggerdJavaBacktrace
12-21 09:57:43.859 30975 30987 I irtuner_servic: Wrote stack traces to tombstoned
12-21 09:57:43.860 30841 28691 I system_server: libdebuggerd_client: done dumping process 30975
12-21 09:57:43.861 30841 28691 I ActivityManager: Collecting stacks for pid 30957
12-21 09:57:43.862 30841 28691 I system_server: libdebuggerd_client: started dumping process 30957
12-21 09:57:43.862  3334  3334 I tombstoned: registered intercept for pid 30957 and type kDebuggerdJavaBacktrace
12-21 09:57:43.862 30957 30969 I ieldtech.syste: Thread[4,tid=30969,WaitingInMainSignalCatcherLoop,Thread*=0x237ca962c0,peer=0x12f400b0,"Signal Catcher"]: reacting to signal 3
12-21 09:57:43.862 30957 30969 I ieldtech.syste: 
12-21 09:57:43.909  3334  3334 I tombstoned: received crash request for pid 30957
12-21 09:57:43.909  3334  3334 I tombstoned: found intercept fd 512 for pid 30957 and type kDebuggerdJavaBacktrace
12-21 09:57:43.909 30957 30969 I ieldtech.syste: Wrote stack traces to tombstoned
12-21 09:57:43.910 30841 28691 I system_server: libdebuggerd_client: done dumping process 30957
12-21 09:57:43.911 30841 28691 I ActivityManager: Collecting stacks for native pid 2884
12-21 09:57:43.911 30841 28691 I system_server: libdebuggerd_client: started dumping process 2884
12-21 09:57:43.911  3334  3334 I tombstoned: registered intercept for pid 2884 and type kDebuggerdNativeBacktrace
12-21 09:57:43.911  2884  2884 I libc    : Requested dump for tid 2884 (Binder:2884_2)
12-21 09:57:43.939 28697 28697 W crash_dump64: type=1400 audit(0.0:115990): avc: denied { ptrace } for scontext=u:r:crash_dump:s0 tcontext=u:r:vold:s0 tclass=process permissive=0
12-21 09:57:43.945 28697 28697 F crash_dump64: crash_dump.cpp:474] failed to attach to thread 2884: Permission denied
12-21 09:57:43.945  3334  3334 I tombstoned: received crash request for pid 2884
12-21 09:57:43.945  3334  3334 I tombstoned: found registered intercept of type kDebuggerdNativeBacktrace for requested type kDebuggerdAnyIntercept
12-21 09:57:43.945  3334  3334 I tombstoned: found intercept fd 512 for pid 2884 and type kDebuggerdNativeBacktrace
12-21 09:57:43.946 30841 28691 I system_server: libdebuggerd_client: done dumping process 2884
12-21 09:57:43.946  3334  3334 W tombstoned: crash socket received short read of length 0 (expected 12)
12-21 09:57:43.965 30841 28691 I ActivityManager: Collecting stacks for native pid 3345
12-21 09:57:43.966 30841 28691 I system_server: libdebuggerd_client: started dumping process 3345
12-21 09:57:43.967  3334  3334 I tombstoned: registered intercept for pid 3345 and type kDebuggerdNativeBacktrace
12-21 09:57:43.967  3345  3345 I libc    : Requested dump for tid 3345 (Binder:3345_2)
12-21 09:57:43.985 28700 28700 I crash_dump64: obtaining output fd from tombstoned, type: kDebuggerdNativeBacktrace
12-21 09:57:43.985  3334  3334 I tombstoned: received crash request for pid 3345
12-21 09:57:43.985  3334  3334 I tombstoned: found intercept fd 512 for pid 3345 and type kDebuggerdNativeBacktrace
12-21 09:57:43.985 28700 28700 I crash_dump64: performing dump of process 3345 (target tid = 3345)
12-21 09:57:44.002 30841 28691 I system_server: libdebuggerd_client: done dumping process 3345
12-21 09:57:44.003 30841 28691 I ActivityManager: Collecting stacks for native pid 3550
12-21 09:57:44.004 30841 28691 I system_server: libdebuggerd_client: started dumping process 3550
12-21 09:57:44.005  3334  3334 I tombstoned: registered intercept for pid 3550 and type kDebuggerdNativeBacktrace
12-21 09:57:44.005  3550  3550 I libc    : Requested dump for tid 3550 (drmserver)
12-21 09:57:44.034 28705 28705 I crash_dump32: obtaining output fd from tombstoned, type: kDebuggerdNativeBacktrace
12-21 09:57:44.035  3334  3334 I tombstoned: received crash request for pid 3550
12-21 09:57:44.035  3334  3334 I tombstoned: found intercept fd 512 for pid 3550 and type kDebuggerdNativeBacktrace
12-21 09:57:44.035 28705 28705 I crash_dump32: performing dump of process 3550 (target tid = 3550)
12-21 09:57:44.053 30841 28691 I system_server: libdebuggerd_client: done dumping process 3550
12-21 09:57:44.054 30841 28691 I ActivityManager: Collecting stacks for native pid 3574
12-21 09:57:44.055 30841 28691 I system_server: libdebuggerd_client: started dumping process 3574
12-21 09:57:44.055  3334  3334 I tombstoned: registered intercept for pid 3574 and type kDebuggerdNativeBacktrace
12-21 09:57:44.057  3334  3334 I tombstoned: received crash request for pid 3574
12-21 09:57:44.057  3334  3334 I tombstoned: found intercept fd 512 for pid 3574 and type kDebuggerdNativeBacktrace
12-21 09:57:44.102 30841 28691 I system_server: libdebuggerd_client: done dumping process 3574
12-21 09:57:44.103 30841 28691 I ActivityManager: Collecting stacks for native pid 3575
12-21 09:57:44.104 30841 28691 I system_server: libdebuggerd_client: started dumping process 3575
12-21 09:57:44.104  3334  3334 I tombstoned: registered intercept for pid 3575 and type kDebuggerdNativeBacktrace
12-21 09:57:44.104  3575  3575 I libc    : Requested dump for tid 3575 (mediametrics)
12-21 09:57:44.119 28710 28710 I crash_dump64: obtaining output fd from tombstoned, type: kDebuggerdNativeBacktrace
12-21 09:57:44.119  3334  3334 I tombstoned: received crash request for pid 3575
12-21 09:57:44.119  3334  3334 I tombstoned: found intercept fd 512 for pid 3575 and type kDebuggerdNativeBacktrace
12-21 09:57:44.119 28710 28710 I crash_dump64: performing dump of process 3575 (target tid = 3575)
12-21 09:57:44.154 30841 28691 I system_server: libdebuggerd_client: done dumping process 3575
12-21 09:57:44.155 30841 28691 I ActivityManager: Collecting stacks for native pid 3586
12-21 09:57:44.156 30841 28691 I system_server: libdebuggerd_client: started dumping process 3586
12-21 09:57:44.157  3334  3334 I tombstoned: registered intercept for pid 3586 and type kDebuggerdNativeBacktrace
12-21 09:57:44.157  3334  3334 I tombstoned: received crash request for pid 3586
12-21 09:57:44.157  3334  3334 I tombstoned: found intercept fd 512 for pid 3586 and type kDebuggerdNativeBacktrace
12-21 09:57:44.483 30841 28691 I system_server: libdebuggerd_client: done dumping process 3586
12-21 09:57:44.485 30841 28691 I ActivityManager: Collecting stacks for native pid 3591
12-21 09:57:44.486 30841 28691 I system_server: libdebuggerd_client: started dumping process 3591
12-21 09:57:44.486  3334  3334 I tombstoned: registered intercept for pid 3591 and type kDebuggerdNativeBacktrace
12-21 09:57:44.486  3334  3334 I tombstoned: received crash request for pid 3591
12-21 09:57:44.486  3334  3334 I tombstoned: found intercept fd 512 for pid 3591 and type kDebuggerdNativeBacktrace
12-21 09:57:44.553 30841 28691 I system_server: libdebuggerd_client: done dumping process 3591
12-21 09:57:44.554 30841 28691 I ActivityManager: Collecting stacks for native pid 30747
12-21 09:57:44.555 30841 28691 I system_server: libdebuggerd_client: started dumping process 30747
12-21 09:57:44.556  3334  3334 I tombstoned: registered intercept for pid 30747 and type kDebuggerdNativeBacktrace
12-21 09:57:44.556 30747 30747 I libc    : Requested dump for tid 30747 (audioserver)
12-21 09:57:44.574 28715 28715 I crash_dump64: obtaining output fd from tombstoned, type: kDebuggerdNativeBacktrace
12-21 09:57:44.574  3334  3334 I tombstoned: received crash request for pid 30747
12-21 09:57:44.574  3334  3334 I tombstoned: found intercept fd 512 for pid 30747 and type kDebuggerdNativeBacktrace
12-21 09:57:44.574 28715 28715 I crash_dump64: performing dump of process 30747 (target tid = 30747)
12-21 09:57:44.617 30841 28691 I system_server: libdebuggerd_client: done dumping process 30747
12-21 09:57:44.618 30841 28691 I ActivityManager: Collecting stacks for native pid 30748
12-21 09:57:44.619 30841 28691 I system_server: libdebuggerd_client: started dumping process 30748
12-21 09:57:44.619 26380 28694 W adbd    : timed out while waiting for FUNCTIONFS_BIND, trying again
12-21 09:57:44.619 26380 28694 I adbd    : UsbFfs: connection terminated: monitor thread finished
12-21 09:57:44.619 26380 26380 I adbd    : UsbFfs: already offline
12-21 09:57:44.620 26380 26380 I adbd    : destroying transport UsbFfs
12-21 09:57:44.620 26380 26380 I adbd    : UsbFfsConnection being destroyed
12-21 09:57:44.620  3334  3334 I tombstoned: registered intercept for pid 30748 and type kDebuggerdNativeBacktrace
12-21 09:57:44.625 30748 30748 I libc    : Requested dump for tid 30748 (cameraserver)
12-21 09:57:44.641 28720 28720 I crash_dump32: obtaining output fd from tombstoned, type: kDebuggerdNativeBacktrace
12-21 09:57:44.641  3334  3334 I tombstoned: received crash request for pid 30748
12-21 09:57:44.641  3334  3334 I tombstoned: found intercept fd 512 for pid 30748 and type kDebuggerdNativeBacktrace
12-21 09:57:44.641 28720 28720 I crash_dump32: performing dump of process 30748 (target tid = 30748)
12-21 09:57:44.649 26380 26383 I adbd    : opening control endpoint /dev/usb-ffs/adb/ep0
12-21 09:57:44.650 26380 26383 I adbd    : UsbFfsConnection constructed
12-21 09:57:44.650 26380 28723 I adbd    : UsbFfs-monitor thread spawned
12-21 09:57:44.670 30841 28691 I system_server: libdebuggerd_client: done dumping process 30748
12-21 09:57:44.671 30841 28691 I ActivityManager: Collecting stacks for native pid 30749
12-21 09:57:44.672 30841 28691 I system_server: libdebuggerd_client: started dumping process 30749
12-21 09:57:44.672  3334  3334 I tombstoned: registered intercept for pid 30749 and type kDebuggerdNativeBacktrace
12-21 09:57:44.673 30749 30749 I libc    : Requested dump for tid 30749 (mediaserver)
12-21 09:57:44.692 28727 28727 I crash_dump32: obtaining output fd from tombstoned, type: kDebuggerdNativeBacktrace
12-21 09:57:44.692  3334  3334 I tombstoned: received crash request for pid 30749
12-21 09:57:44.692  3334  3334 I tombstoned: found intercept fd 512 for pid 30749 and type kDebuggerdNativeBacktrace
12-21 09:57:44.692 28727 28727 I crash_dump32: performing dump of process 30749 (target tid = 30749)
12-21 09:57:44.703 17363 17456 W cast_shell: [1221/095744.698188:WARNING:mdns_socket.cc(568)] mDNS socket could not send message: err=ERR_ADDRESS_UNREACHABLE
12-21 09:57:44.703 17363 17456 W cast_shell: [1221/095744.703688:WARNING:mdns_socket.cc(568)] mDNS socket could not send message: err=ERR_ADDRESS_UNREACHABLE
12-21 09:57:44.704 17363 17456 I cast_shell: [1221/095744.704195:INFO:mdns_app_filter.cc(3358)] MdnsAppFilter: responses sent in 96 seconds: 3
12-21 09:57:44.719 30841 28691 I system_server: libdebuggerd_client: done dumping process 30749
12-21 09:57:44.720 30841 28691 I ActivityManager: Collecting stacks for native pid 30750
12-21 09:57:44.720 30841 28691 I system_server: libdebuggerd_client: started dumping process 30750
12-21 09:57:44.721  3334  3334 I tombstoned: registered intercept for pid 30750 and type kDebuggerdNativeBacktrace
12-21 09:57:44.724 30750 30750 I libc    : Requested dump for tid 30750 (Binder:30750_3)
12-21 09:57:44.740 28732 28732 I crash_dump64: obtaining output fd from tombstoned, type: kDebuggerdNativeBacktrace
12-21 09:57:44.740  3334  3334 I tombstoned: received crash request for pid 30750
12-21 09:57:44.740  3334  3334 I tombstoned: found intercept fd 512 for pid 30750 and type kDebuggerdNativeBacktrace
12-21 09:57:44.740 28732 28732 I crash_dump64: performing dump of process 30750 (target tid = 30750)
12-21 09:57:44.786 30841 28691 I system_server: libdebuggerd_client: done dumping process 30750
12-21 09:57:44.787 30841 28691 I ActivityManager: Collecting stacks for native pid 30751
12-21 09:57:44.788 30841 28691 I system_server: libdebuggerd_client: started dumping process 30751
12-21 09:57:44.788  3334  3334 I tombstoned: registered intercept for pid 30751 and type kDebuggerdNativeBacktrace
12-21 09:57:44.792 30751 30751 I libc    : Requested dump for tid 30751 (surfaceflinger)
12-21 09:57:44.818 28737 28737 I crash_dump64: obtaining output fd from tombstoned, type: kDebuggerdNativeBacktrace
12-21 09:57:44.819  3334  3334 I tombstoned: received crash request for pid 30751
12-21 09:57:44.819  3334  3334 I tombstoned: found intercept fd 512 for pid 30751 and type kDebuggerdNativeBacktrace
12-21 09:57:44.819 28737 28737 I crash_dump64: performing dump of process 30751 (target tid = 30751)
12-21 09:57:44.867 30841 28691 I system_server: libdebuggerd_client: done dumping process 30751
12-21 09:57:44.873 30841 28691 I ActivityManager: Collecting stacks for native pid 31005
12-21 09:57:44.875 30841 28691 I system_server: libdebuggerd_client: started dumping process 31005
12-21 09:57:44.875  3334  3334 I tombstoned: registered intercept for pid 31005 and type kDebuggerdNativeBacktrace
12-21 09:57:44.875 31005 31005 I libc    : Requested dump for tid 31005 (droid.bluetooth)
12-21 09:57:44.923 28742 28742 I crash_dump64: obtaining output fd from tombstoned, type: kDebuggerdNativeBacktrace
12-21 09:57:44.923  3334  3334 I tombstoned: received crash request for pid 31005
12-21 09:57:44.924  3334  3334 I tombstoned: found intercept fd 512 for pid 31005 and type kDebuggerdNativeBacktrace
12-21 09:57:44.924 28742 28742 I crash_dump64: performing dump of process 31005 (target tid = 31005)
12-21 09:57:45.227 30841 28691 I system_server: libdebuggerd_client: done dumping process 31005
12-21 09:57:45.243 30841 28691 I ActivityManager: Collecting stacks for extra pid 28500
12-21 09:57:45.243 30841 28691 W system_server: libdebuggerd_client: Failed to get process tids
12-21 09:57:45.243 30841 28691 E system_server: libdebugged_client: failed to get process info: failed to open /proc/28500
12-21 09:57:45.243 30841 28691 W ActivityManager: Dumping Java threads failed, initiating native stack dump.
12-21 09:57:45.243 30841 28691 W system_server: libdebuggerd_client: Failed to get process tids
12-21 09:57:45.243 30841 28691 I system_server: libdebuggerd_client: started dumping process 28500
12-21 09:57:45.244  3334  3334 I tombstoned: registered intercept for pid 28500 and type kDebuggerdNativeBacktrace
12-21 09:57:45.244 30841 28691 E system_server: libdebuggerd_client: failed to send signal to pid 28500: No such process
12-21 09:57:45.244  3334  3334 I tombstoned: intercept for pid 28500 and type kDebuggerdNativeBacktrace terminated: due to input
12-21 09:57:45.244 30841 28691 W ActivityManager: Native stack dump failed!
12-21 09:57:45.244 30841 28691 I ActivityManager: Done dumping
12-21 09:57:45.245 30841 28691 E ActivityManager: ANR in com.risa.app (com.risa.app/.MainActivity)
12-21 09:57:45.245 30841 28691 E ActivityManager: PID: 28604
12-21 09:57:45.245 30841 28691 E ActivityManager: Reason: Input dispatching timed out (5fad0bc com.risa.app/com.risa.app.MainActivity (server) is not responding. Waited 5000ms for KeyEvent)
12-21 09:57:45.245 30841 28691 E ActivityManager: Parent: com.risa.app/.MainActivity
12-21 09:57:45.245 30841 28691 E ActivityManager: Load: 1.24 / 0.69 / 0.64
