--------- beginning of main
12-21 09:57:09.224 28507 28585 D EpgDataCleanupService: Received intent: Intent { act=com.android.providers.tv.intent.CLEAN_UP_EPG_DATA flg=0x4 cmp=com.android.providers.tv/.EpgDataCleanupService (has extras) }
12-21 09:57:09.280 26380 28582 W adbd    : timed out while waiting for FUNCTIONFS_BIND, trying again
12-21 09:57:09.280 26380 28582 I adbd    : UsbFfs: connection terminated: monitor thread finished
12-21 09:57:09.280 26380 26380 I adbd    : UsbFfs: already offline
12-21 09:57:09.280 26380 26380 I adbd    : destroying transport UsbFfs
12-21 09:57:09.281 26380 26380 I adbd    : UsbFfsConnection being destroyed
12-21 09:57:09.321 26380 26383 I adbd    : opening control endpoint /dev/usb-ffs/adb/ep0
12-21 09:57:09.322 26380 26383 I adbd    : UsbFfsConnection constructed
12-21 09:57:09.322 26380 28587 I adbd    : UsbFfs-monitor thread spawned
12-21 09:57:09.908 28500 28500 D BoundBrokerSvc: onUnbind: Intent { act=com.google.android.gms.measurement.START pkg=com.google.android.gms }
12-21 09:57:10.323 26380 28587 W adbd    : timed out while waiting for FUNCTIONFS_BIND, trying again
12-21 09:57:10.323 26380 28587 I adbd    : UsbFfs: connection terminated: monitor thread finished
12-21 09:57:10.323 26380 26380 I adbd    : UsbFfs: already offline
12-21 09:57:10.323 26380 26380 I adbd    : destroying transport UsbFfs
12-21 09:57:10.323 26380 26380 I adbd    : UsbFfsConnection being destroyed
12-21 09:57:10.361 26380 26383 I adbd    : opening control endpoint /dev/usb-ffs/adb/ep0
12-21 09:57:10.364 26380 26383 I adbd    : UsbFfsConnection constructed
12-21 09:57:10.364 26380 28588 I adbd    : UsbFfs-monitor thread spawned
12-21 09:57:11.231  3383  3503 V hdcp up : tsec_version: 1
12-21 09:57:11.233  3383  3503 D NvOsDebugPrintf: NvRmStreamFree: WARN: pStream is NULL
12-21 09:57:11.365 26380 28588 W adbd    : timed out while waiting for FUNCTIONFS_BIND, trying again
12-21 09:57:11.365 26380 28588 I adbd    : UsbFfs: connection terminated: monitor thread finished
12-21 09:57:11.365 26380 26380 I adbd    : UsbFfs: already offline
12-21 09:57:11.365 26380 26380 I adbd    : destroying transport UsbFfs
12-21 09:57:11.365 26380 26380 I adbd    : UsbFfsConnection being destroyed
12-21 09:57:11.397 26380 26383 I adbd    : opening control endpoint /dev/usb-ffs/adb/ep0
12-21 09:57:11.398 26380 26383 I adbd    : UsbFfsConnection constructed
12-21 09:57:11.399 26380 28589 I adbd    : UsbFfs-monitor thread spawned
12-21 09:57:12.400 26380 28589 W adbd    : timed out while waiting for FUNCTIONFS_BIND, trying again
12-21 09:57:12.400 26380 28589 I adbd    : UsbFfs: connection terminated: monitor thread finished
12-21 09:57:12.400 26380 26380 I adbd    : UsbFfs: already offline
12-21 09:57:12.400 26380 26380 I adbd    : destroying transport UsbFfs
12-21 09:57:12.400 26380 26380 I adbd    : UsbFfsConnection being destroyed
12-21 09:57:12.429 26380 26383 I adbd    : opening control endpoint /dev/usb-ffs/adb/ep0
12-21 09:57:12.430 26380 26383 I adbd    : UsbFfsConnection constructed
12-21 09:57:12.431 26380 28590 I adbd    : UsbFfs-monitor thread spawned
12-21 09:57:13.431 26380 28590 W adbd    : timed out while waiting for FUNCTIONFS_BIND, trying again
12-21 09:57:13.431 26380 28590 I adbd    : UsbFfs: connection terminated: monitor thread finished
12-21 09:57:13.431 26380 26380 I adbd    : UsbFfs: already offline
12-21 09:57:13.431 26380 26380 I adbd    : destroying transport UsbFfs
12-21 09:57:13.431 26380 26380 I adbd    : UsbFfsConnection being destroyed
12-21 09:57:13.465 26380 26383 I adbd    : opening control endpoint /dev/usb-ffs/adb/ep0
12-21 09:57:13.466 26380 26383 I adbd    : UsbFfsConnection constructed
12-21 09:57:13.467 26380 28592 I adbd    : UsbFfs-monitor thread spawned
12-21 09:57:13.802 13964 13964 D BoundBrokerSvc: onUnbind: Intent { act=com.google.android.gms.libs.gmscorelogger.service.START dat=chimera-action: cmp=com.google.android.gms/.chimera.PersistentDirectBootAwareApiService }
12-21 09:57:14.468 26380 28592 W adbd    : timed out while waiting for FUNCTIONFS_BIND, trying again
12-21 09:57:14.468 26380 28592 I adbd    : UsbFfs: connection terminated: monitor thread finished
12-21 09:57:14.468 26380 26380 I adbd    : UsbFfs: already offline
12-21 09:57:14.468 26380 26380 I adbd    : destroying transport UsbFfs
12-21 09:57:14.468 26380 26380 I adbd    : UsbFfsConnection being destroyed
12-21 09:57:14.497 26380 26383 I adbd    : opening control endpoint /dev/usb-ffs/adb/ep0
12-21 09:57:14.497 26380 26383 I adbd    : UsbFfsConnection constructed
12-21 09:57:14.498 26380 28593 I adbd    : UsbFfs-monitor thread spawned
12-21 09:57:15.499 26380 28593 W adbd    : timed out while waiting for FUNCTIONFS_BIND, trying again
12-21 09:57:15.499 26380 28593 I adbd    : UsbFfs: connection terminated: monitor thread finished
12-21 09:57:15.499 26380 26380 I adbd    : UsbFfs: already offline
12-21 09:57:15.499 26380 26380 I adbd    : destroying transport UsbFfs
12-21 09:57:15.499 26380 26380 I adbd    : UsbFfsConnection being destroyed
12-21 09:57:15.529 26380 26383 I adbd    : opening control endpoint /dev/usb-ffs/adb/ep0
12-21 09:57:15.529 26380 26383 I adbd    : UsbFfsConnection constructed
12-21 09:57:15.530 26380 28594 I adbd    : UsbFfs-monitor thread spawned
12-21 09:57:16.237  3383  3503 V hdcp up : tsec_version: 1
12-21 09:57:16.239  3383  3503 D NvOsDebugPrintf: NvRmStreamFree: WARN: pStream is NULL
12-21 09:57:16.531 26380 28594 W adbd    : timed out while waiting for FUNCTIONFS_BIND, trying again
12-21 09:57:16.531 26380 28594 I adbd    : UsbFfs: connection terminated: monitor thread finished
12-21 09:57:16.531 26380 26380 I adbd    : UsbFfs: already offline
12-21 09:57:16.531 26380 26380 I adbd    : destroying transport UsbFfs
12-21 09:57:16.531 26380 26380 I adbd    : UsbFfsConnection being destroyed
12-21 09:57:16.561 26380 26383 I adbd    : opening control endpoint /dev/usb-ffs/adb/ep0
12-21 09:57:16.561 26380 26383 I adbd    : UsbFfsConnection constructed
12-21 09:57:16.562 26380 28595 I adbd    : UsbFfs-monitor thread spawned
12-21 09:57:17.563 26380 28595 W adbd    : timed out while waiting for FUNCTIONFS_BIND, trying again
12-21 09:57:17.563 26380 28595 I adbd    : UsbFfs: connection terminated: monitor thread finished
12-21 09:57:17.563 26380 26380 I adbd    : UsbFfs: already offline
12-21 09:57:17.563 26380 26380 I adbd    : destroying transport UsbFfs
12-21 09:57:17.563 26380 26380 I adbd    : UsbFfsConnection being destroyed
12-21 09:57:17.593 26380 26383 I adbd    : opening control endpoint /dev/usb-ffs/adb/ep0
12-21 09:57:17.593 26380 26383 I adbd    : UsbFfsConnection constructed
12-21 09:57:17.594 26380 28596 I adbd    : UsbFfs-monitor thread spawned
12-21 09:57:18.595 26380 28596 W adbd    : timed out while waiting for FUNCTIONFS_BIND, trying again
12-21 09:57:18.595 26380 28596 I adbd    : UsbFfs: connection terminated: monitor thread finished
12-21 09:57:18.595 26380 26380 I adbd    : UsbFfs: already offline
12-21 09:57:18.595 26380 26380 I adbd    : destroying transport UsbFfs
12-21 09:57:18.595 26380 26380 I adbd    : UsbFfsConnection being destroyed
12-21 09:57:18.629 26380 26383 I adbd    : opening control endpoint /dev/usb-ffs/adb/ep0
12-21 09:57:18.629 26380 26383 I adbd    : UsbFfsConnection constructed
12-21 09:57:18.630 26380 28597 I adbd    : UsbFfs-monitor thread spawned
12-21 09:57:19.153 17363 17363 I cast_shell: [1221/095719.153410:INFO:service_base.h(78)] Size of the map for type AuthTokenResponse is 0
12-21 09:57:19.154 17363 17363 I cast_shell: [1221/095719.154267:INFO:service_base.h(246)] Container sizes for type CloudSetting are (session_info_map: 0), (topic_info_map: 21), (pending_events: 0).
12-21 09:57:19.154 17363 17363 I cast_shell: [1221/095719.154511:INFO:metrics_stat_logger.cc(38)] Metrics stat for the past 60 secs : total=2
12-21 09:57:19.154 17363 17363 I cast_shell: [metrics_stat_logger] Cast.Discovery.Mdns.Query.Cast.Count=1
12-21 09:57:19.154 17363 17363 I cast_shell: [metrics_stat_logger] Cast.Platform.TrimMemory=3
12-21 09:57:19.631 26380 28597 W adbd    : timed out while waiting for FUNCTIONFS_BIND, trying again
12-21 09:57:19.631 26380 28597 I adbd    : UsbFfs: connection terminated: monitor thread finished
12-21 09:57:19.631 26380 26380 I adbd    : UsbFfs: already offline
12-21 09:57:19.631 26380 26380 I adbd    : destroying transport UsbFfs
12-21 09:57:19.631 26380 26380 I adbd    : UsbFfsConnection being destroyed
12-21 09:57:19.665 26380 26383 I adbd    : opening control endpoint /dev/usb-ffs/adb/ep0
12-21 09:57:19.665 26380 26383 I adbd    : UsbFfsConnection constructed
12-21 09:57:19.666 26380 28598 I adbd    : UsbFfs-monitor thread spawned
12-21 09:57:20.667 26380 28598 W adbd    : timed out while waiting for FUNCTIONFS_BIND, trying again
12-21 09:57:20.667 26380 28598 I adbd    : UsbFfs: connection terminated: monitor thread finished
12-21 09:57:20.667 26380 26380 I adbd    : UsbFfs: already offline
12-21 09:57:20.667 26380 26380 I adbd    : destroying transport UsbFfs
12-21 09:57:20.667 26380 26380 I adbd    : UsbFfsConnection being destroyed
12-21 09:57:20.705 26380 26383 I adbd    : opening control endpoint /dev/usb-ffs/adb/ep0
12-21 09:57:20.706 26380 26383 I adbd    : UsbFfsConnection constructed
12-21 09:57:20.707 26380 28599 I adbd    : UsbFfs-monitor thread spawned
12-21 09:57:21.243  3383  3503 V hdcp up : tsec_version: 1
12-21 09:57:21.245  3383  3503 D NvOsDebugPrintf: NvRmStreamFree: WARN: pStream is NULL
12-21 09:57:21.708 26380 28599 W adbd    : timed out while waiting for FUNCTIONFS_BIND, trying again
12-21 09:57:21.708 26380 28599 I adbd    : UsbFfs: connection terminated: monitor thread finished
12-21 09:57:21.708 26380 26380 I adbd    : UsbFfs: already offline
12-21 09:57:21.708 26380 26380 I adbd    : destroying transport UsbFfs
12-21 09:57:21.708 26380 26380 I adbd    : UsbFfsConnection being destroyed
12-21 09:57:21.745 26380 26383 I adbd    : opening control endpoint /dev/usb-ffs/adb/ep0
12-21 09:57:21.745 26380 26383 I adbd    : UsbFfsConnection constructed
12-21 09:57:21.746 26380 28600 I adbd    : UsbFfs-monitor thread spawned
12-21 09:57:22.747 26380 28600 W adbd    : timed out while waiting for FUNCTIONFS_BIND, trying again
12-21 09:57:22.747 26380 28600 I adbd    : UsbFfs: connection terminated: monitor thread finished
12-21 09:57:22.747 26380 26380 I adbd    : UsbFfs: already offline
12-21 09:57:22.747 26380 26380 I adbd    : destroying transport UsbFfs
12-21 09:57:22.747 26380 26380 I adbd    : UsbFfsConnection being destroyed
12-21 09:57:22.777 26380 26383 I adbd    : opening control endpoint /dev/usb-ffs/adb/ep0
12-21 09:57:22.778 26380 26383 I adbd    : UsbFfsConnection constructed
12-21 09:57:22.778 26380 28601 I adbd    : UsbFfs-monitor thread spawned
12-21 09:57:23.779 26380 28601 W adbd    : timed out while waiting for FUNCTIONFS_BIND, trying again
12-21 09:57:23.779 26380 28601 I adbd    : UsbFfs: connection terminated: monitor thread finished
12-21 09:57:23.779 26380 26380 I adbd    : UsbFfs: already offline
12-21 09:57:23.780 26380 26380 I adbd    : destroying transport UsbFfs
12-21 09:57:23.780 26380 26380 I adbd    : UsbFfsConnection being destroyed
12-21 09:57:23.809 26380 26383 I adbd    : opening control endpoint /dev/usb-ffs/adb/ep0
12-21 09:57:23.810 26380 26383 I adbd    : UsbFfsConnection constructed
12-21 09:57:23.810 26380 28602 I adbd    : UsbFfs-monitor thread spawned
12-21 09:57:24.035 13964 13964 W ThreadPoolForeg: type=1400 audit(0.0:115988): avc: denied { write } for name="traced_producer" dev="tmpfs" ino=24591 scontext=u:r:gmscore_app:s0:c512,c768 tcontext=u:object_r:traced_producer_socket:s0 tclass=sock_file permissive=0 app=com.google.android.gms
12-21 09:57:24.613 30841 30841 D WindowManager: handleComboKeys keyCode: 23, keyAction: 0
--------- beginning of system
12-21 09:57:24.613 30841 30841 I InputManager: Input event injection from pid 30841 uid 1000
12-21 09:57:24.811 26380 28602 W adbd    : timed out while waiting for FUNCTIONFS_BIND, trying again
12-21 09:57:24.811 26380 28602 I adbd    : UsbFfs: connection terminated: monitor thread finished
12-21 09:57:24.812 26380 26380 I adbd    : UsbFfs: already offline
12-21 09:57:24.812 26380 26380 I adbd    : destroying transport UsbFfs
12-21 09:57:24.812 26380 26380 I adbd    : UsbFfsConnection being destroyed
12-21 09:57:24.817 30841 30841 D WindowManager: handleComboKeys keyCode: 23, keyAction: 1
12-21 09:57:24.817 30841 30841 I InputManager: Input event injection from pid 30841 uid 1000
12-21 09:57:24.824 30841 30859 D EventSequenceValidator: inc AccIntentStartedEvents to 2
12-21 09:57:24.824 30841  2390 I ActivityTaskManager: START u0 {act=android.intent.action.MAIN cat=[android.intent.category.LEANBACK_LAUNCHER] flg=0x10000000 pkg=com.risa.app cmp=com.risa.app/.MainActivity} from uid 10025
12-21 09:57:24.830  3389  3389 W powerHAL::common: Power hint:0x8 is not supported in PowerHAL
12-21 09:57:24.834 30841 30859 D CompatibilityChangeReporter: Compat change id reported: 135634846; UID 10270; state: DISABLED
12-21 09:57:24.835 30841 30866 D CompatibilityChangeReporter: Compat change id reported: 143937733; UID 10270; state: ENABLED
12-21 09:57:24.836 30841 30919 D ConnectivityService: releasing NetworkRequest [ TRACK_DEFAULT id=870, [ Capabilities: INTERNET&NOT_RESTRICTED&TRUSTED Uid: 10025 AdministratorUids: [] RequestorUid: 10025 RequestorPackageName: com.spocky.projengmenu] ] (release request)
12-21 09:57:24.836 16991 16991 D FirebaseSessions: App backgrounded on com.spocky.projengmenu
12-21 09:57:24.843 30841 30860 I android_os_HwBinder: HwBinder: Starting thread pool for getting: vendor.nvidia.hardware.cpl.service_common@1.0::INvCplHalCommonService/default
12-21 09:57:24.844 30745 30745 D Zygote  : Forked child process 28604
12-21 09:57:24.848 30841 30866 I ActivityManager: Start proc 28604:com.risa.app/u0a270 for pre-top-activity {com.risa.app/com.risa.app.MainActivity}
12-21 09:57:24.849 26380 26383 I adbd    : opening control endpoint /dev/usb-ffs/adb/ep0
12-21 09:57:24.850 26380 26383 I adbd    : UsbFfsConnection constructed
12-21 09:57:24.853 26380 28610 I adbd    : UsbFfs-monitor thread spawned
12-21 09:57:24.863 28604 28604 I com.risa.app: Late-enabling -Xcheck:jni
12-21 09:57:24.878 28500 28500 D BoundBrokerSvc: onBind: Intent { act=com.google.android.gms.measurement.START pkg=com.google.android.gms }
12-21 09:57:24.878 28500 28500 D BoundBrokerSvc: Loading bound service for intent: Intent { act=com.google.android.gms.measurement.START pkg=com.google.android.gms }
12-21 09:57:24.893 28604 28604 I com.risa.app: Unquickening 12 vdex files!
12-21 09:57:24.913 26380 26387 I adbd    : jdwp connection from 28604
12-21 09:57:24.917 28500 28567 W TracingHelper: Mismatched RequestContext found for module MEASUREMENT. Module id from RequestContext is MODULEID_UNKNOWN [CONTEXT service_id=259 ratelimit_count=100000 ]
12-21 09:57:24.939 13964 13964 D BoundBrokerSvc: onRebind: Intent { act=com.google.android.gms.libs.gmscorelogger.service.START dat=chimera-action: cmp=com.google.android.gms/.chimera.PersistentDirectBootAwareApiService }
12-21 09:57:24.940 30841 28499 W NvAppProfileService: App Profiles: Enabled
12-21 09:57:24.943 31784 31831 I android_os_HwBinder: HwBinder: Starting thread pool for getting: vendor.nvidia.hardware.power@1.0::IPower/default
12-21 09:57:24.985 28500 28567 D AdvertisingIdClient: Creating AdvertisingIdClient
12-21 09:57:24.985 28500 28567 D AdvertisingIdClient: AdvertisingIdClient already created.
12-21 09:57:24.986 28500 28567 D AdvertisingIdClient: AdvertisingIdClient is not bounded. Starting to bind it...
12-21 09:57:24.988 30841 28629 I android_os_HwBinder: HwBinder: Starting thread pool for getting: vendor.nvidia.hardware.cpl.service_common@1.0::INvCplHalCommonService/default
12-21 09:57:24.990 13964 13964 D BoundBrokerSvc: onRebind: Intent { act=com.google.android.gms.common.telemetry.service.START dat=chimera-action: cmp=com.google.android.gms/.chimera.PersistentApiService }
12-21 09:57:24.993 28500 28567 D AdvertisingIdClient: AdvertisingIdClient is bounded
12-21 09:57:25.009 28500 28567 I AdvertisingIdClient: shouldSendLog -1
12-21 09:57:25.011 28500 28567 I AdvertisingIdClient: GetInfoInternal elapse 24ms
12-21 09:57:25.019 28500 28500 I AdvertisingIdClient: getting error as 17: API: ClientTelemetry.API is not available on this device. Connection failed with: ConnectionResult{statusCode=API_DISABLED_FOR_CONNECTION, resolution=null, message=null, clientMethodKey=null}
12-21 09:57:25.030 13964 13964 D BoundBrokerSvc: onRebind: Intent { act=com.google.android.gms.presencemanager.service.START dat=chimera-action: cmp=com.google.android.gms/.chimera.PersistentApiService }
12-21 09:57:25.033 13964 13964 D BoundBrokerSvc: onRebind: Intent { act=com.google.android.gms.presencemanager.service.INTERNAL_IDENTITY dat=chimera-action: cmp=com.google.android.gms/.chimera.PersistentApiService }
12-21 09:57:25.064 13964 28106 I NetworkScheduler: (REDACTED) Error inserting %s
12-21 09:57:25.315 16991 17057 E Surface : freeAllBuffers: 1 buffers were freed while being dequeued!
12-21 09:57:25.804 28604 28604 D NetworkSecurityConfig: No Network Security Config specified, using platform default
12-21 09:57:25.805 28604 28604 D NetworkSecurityConfig: No Network Security Config specified, using platform default
12-21 09:57:25.854 26380 28610 W adbd    : timed out while waiting for FUNCTIONFS_BIND, trying again
12-21 09:57:25.854 26380 28610 I adbd    : UsbFfs: connection terminated: monitor thread finished
12-21 09:57:25.854 26380 26380 I adbd    : UsbFfs: already offline
12-21 09:57:25.854 26380 26380 I adbd    : destroying transport UsbFfs
12-21 09:57:25.854 26380 26380 I adbd    : UsbFfsConnection being destroyed
12-21 09:57:25.893 26380 26383 I adbd    : opening control endpoint /dev/usb-ffs/adb/ep0
12-21 09:57:25.894 26380 26383 I adbd    : UsbFfsConnection constructed
12-21 09:57:25.894 26380 28643 I adbd    : UsbFfs-monitor thread spawned
12-21 09:57:26.005 28604 28645 D skia    : [SkFontMgr Android Parser] /system/etc/fonts.xml:102:4: warning: 'DinPro' alias target not found
12-21 09:57:26.005 28604 28645 D skia    : [SkFontMgr Android Parser] /system/etc/fonts.xml:103:4: warning: 'DinPro' alias target not found
12-21 09:57:26.005 28604 28645 D skia    : [SkFontMgr Android Parser] /system/etc/fonts.xml:104:4: warning: 'DinPro' alias target not found
12-21 09:57:26.005 28604 28645 D skia    : [SkFontMgr Android Parser] /system/etc/fonts.xml:105:4: warning: 'DinPro' alias target not found
12-21 09:57:26.005 28604 28645 D skia    : [SkFontMgr Android Parser] /system/etc/fonts.xml:114:4: warning: 'DinPro-condensed' alias target not found
12-21 09:57:26.005 28604 28645 D skia    : [SkFontMgr Android Parser] /system/etc/fonts.xml:115:4: warning: 'DinPro-condensed' alias target not found
12-21 09:57:26.005 28604 28645 D skia    : [SkFontMgr Android Parser] /system/etc/fonts.xml:116:4: warning: 'DinPro-condensed' alias target not found
12-21 09:57:26.005 28604 28645 D skia    : [SkFontMgr Android Parser] /system/etc/fonts.xml:117:4: warning: 'DinPro-condensed' alias target not found
12-21 09:57:26.035 28604 28604 W com.risa.app: Accessing hidden method Landroid/view/SurfaceControl$Builder;->setHidden(Z)Landroid/view/SurfaceControl$Builder; (blacklist, linking, denied)
12-21 09:57:26.059 28604 28604 W com.risa.app: type=1400 audit(0.0:115989): avc: denied { read } for name="max_map_count" dev="proc" ino=5177084 scontext=u:r:untrusted_app:s0:c14,c257,c512,c768 tcontext=u:object_r:proc_max_map_count:s0 tclass=file permissive=0 app=com.risa.app
12-21 09:57:26.081 28604 28646 E libc    : Access denied finding property "ro.vendor.mediatek.platform"
12-21 09:57:26.112 28604 28646 D vulkan  : searching for layers in '/data/app/~~sh2YDAp5g-vwoZzOc_wfiQ==/com.risa.app-Tw9V9zwTyebr0FIn_Gf5CA==/lib/arm64'
12-21 09:57:26.115 28604 28646 D vulkan  : searching for layers in '/data/app/~~sh2YDAp5g-vwoZzOc_wfiQ==/com.risa.app-Tw9V9zwTyebr0FIn_Gf5CA==/base.apk!/lib/arm64-v8a'
12-21 09:57:26.120 28604 28655 I flutter : The Dart VM service is listening on http://127.0.0.1:33849/iiTgpqlQ4os=/
12-21 09:57:26.127 28604 28646 E libc    : Access denied finding property "ro.vendor.sys.NVRM_GPU_DEFAULT_DEVICE_INDEX"
12-21 09:57:26.127 28604 28646 E libc    : Access denied finding property "ro.vendor.sys.NVRM_GPU_UZfVtuHi"
12-21 09:57:26.128 28604 28646 E libc    : Access denied finding property "ro.vendor.sys.NVRM_GPU_DUMMY"
12-21 09:57:26.128 28604 28646 E libc    : Access denied finding property "ro.vendor.sys.NVRM_GPU_V5tZ4s00"
12-21 09:57:26.128 28604 28646 E libc    : Access denied finding property "ro.vendor.sys.NVRM_GPU_CHANNEL_INTERLEAVE"
12-21 09:57:26.128 28604 28646 E libc    : Access denied finding property "ro.vendor.sys.NVRM_GPU_vGEEY2dW"
12-21 09:57:26.128 28604 28646 E libc    : Access denied finding property "ro.vendor.sys.NVRM_GPU_CHANNEL_PRIORITY"
12-21 09:57:26.128 28604 28646 E libc    : Access denied finding property "ro.vendor.sys.NVRM_GPU_zugIRozd"
12-21 09:57:26.128 28604 28646 E libc    : Access denied finding property "ro.vendor.sys.NVRM_GPU_CHANNEL_TIMESLICE"
12-21 09:57:26.128 28604 28646 E libc    : Access denied finding property "ro.vendor.sys.NVRM_GPU_maIaPSXj"
12-21 09:57:26.128 28604 28646 E libc    : Access denied finding property "ro.vendor.sys.NVRM_GPU_DISABLE_COMPRESSION"
12-21 09:57:26.128 28604 28646 E libc    : Access denied finding property "ro.vendor.sys.NVRM_GPU_LiY1nc6l"
12-21 09:57:26.128 28604 28646 E libc    : Access denied finding property "ro.vendor.sys.NVRM_GPU_NOUVEAU_DISABLE"
12-21 09:57:26.128 28604 28646 E libc    : Access denied finding property "ro.vendor.sys.NVRM_GPU_T29RkpyE"
12-21 09:57:26.128 28604 28646 E libc    : Access denied finding property "ro.vendor.sys.NVRM_GPU_NVGPU_DISABLE"
12-21 09:57:26.128 28604 28646 E libc    : Access denied finding property "ro.vendor.sys.NVRM_GPU_EEPyR4lp"
12-21 09:57:26.128 28604 28646 E libc    : Access denied finding property "ro.vendor.sys.NVRM_GPU_NVGPU_DO_NFA_PARTIAL_MAP"
12-21 09:57:26.128 28604 28646 E libc    : Access denied finding property "ro.vendor.sys.NVRM_GPU_36lvAjow"
12-21 09:57:26.128 28604 28646 E libc    : Access denied finding property "ro.vendor.sys.NVRM_GPU_NVGPU_ECC_OVERRIDES"
12-21 09:57:26.129 28604 28646 E libc    : Access denied finding property "ro.vendor.sys.NVRM_GPU_oSawIPsF"
12-21 09:57:26.129 28604 28646 E libc    : Access denied finding property "ro.vendor.sys.NVRM_GPU_NVGPU_FORCE_SCG"
12-21 09:57:26.129 28604 28646 E libc    : Access denied finding property "ro.vendor.sys.NVRM_GPU_6aQElJ8Y"
12-21 09:57:26.129 28604 28646 E libc    : Access denied finding property "ro.vendor.sys.NVRM_GPU_NVGPU_FORCE_SM_DIVERSITY"
12-21 09:57:26.129 28604 28646 E libc    : Access denied finding property "ro.vendor.sys.NVRM_GPU_UALTpoyI"
12-21 09:57:26.129 28604 28646 E libc    : Access denied finding property "ro.vendor.sys.NVRM_GPU_NVGPU_NO_ALWAYS_IO_COHERENCY"
12-21 09:57:26.129 28604 28646 E libc    : Access denied finding property "ro.vendor.sys.NVRM_GPU_kJo45YxE"
12-21 09:57:26.129 28604 28646 E libc    : Access denied finding property "ro.vendor.sys.NVRM_GPU_NVGPU_NO_ASYNC_CE"
12-21 09:57:26.129 28604 28646 E libc    : Access denied finding property "ro.vendor.sys.NVRM_GPU_gmxia7dI"
12-21 09:57:26.129 28604 28646 E libc    : Access denied finding property "ro.vendor.sys.NVRM_GPU_NVGPU_NO_BIG_PAGES"
12-21 09:57:26.129 28604 28646 E libc    : Access denied finding property "ro.vendor.sys.NVRM_GPU_vl2Vovpk"
12-21 09:57:26.129 28604 28646 E libc    : Access denied finding property "ro.vendor.sys.NVRM_GPU_NVGPU_NO_CHANNEL_SETPRIORITY_EMUL"
12-21 09:57:26.129 28604 28646 E libc    : Access denied finding property "ro.vendor.sys.NVRM_GPU_CqEssDmc"
12-21 09:57:26.129 28604 28646 E libc    : Access denied finding property "ro.vendor.sys.NVRM_GPU_NVGPU_NO_IO_COHERENCY"
12-21 09:57:26.129 28604 28646 E libc    : Access denied finding property "ro.vendor.sys.NVRM_GPU_x90Ja8kG"
12-21 09:57:26.129 28604 28646 E libc    : Access denied finding property "ro.vendor.sys.NVRM_GPU_NVGPU_NO_IOCTL_MUTEX"
12-21 09:57:26.129 28604 28646 E libc    : Access denied finding property "ro.vendor.sys.NVRM_GPU_CI4Wetrn"
12-21 09:57:26.130 28604 28646 E libc    : Access denied finding property "ro.vendor.sys.NVRM_GPU_NVGPU_NO_L3"
12-21 09:57:26.130 28604 28646 E libc    : Access denied finding property "ro.vendor.sys.NVRM_GPU_OmETcz6b"
12-21 09:57:26.130 28604 28646 E libc    : Access denied finding property "ro.vendor.sys.NVRM_GPU_NVGPU_NO_MAP_BUFFER_BATCH"
12-21 09:57:26.130 28604 28646 E libc    : Access denied finding property "ro.vendor.sys.NVRM_GPU_8sKrPMLm"
12-21 09:57:26.130 28604 28646 E libc    : Access denied finding property "ro.vendor.sys.NVRM_GPU_NVGPU_NO_PROBE_DGPU"
12-21 09:57:26.130 28604 28646 E libc    : Access denied finding property "ro.vendor.sys.NVRM_GPU_gT1cB8Jb"
12-21 09:57:26.130 28604 28646 E libc    : Access denied finding property "ro.vendor.sys.NVRM_GPU_NVGPU_NO_PROBE_IGPU"
12-21 09:57:26.130 28604 28646 E libc    : Access denied finding property "ro.vendor.sys.NVRM_GPU_dm7XlLKA"
12-21 09:57:26.130 28604 28646 E libc    : Access denied finding property "ro.vendor.sys.NVRM_GPU_NVGPU_NO_SPARSE"
12-21 09:57:26.130 28604 28646 E libc    : Access denied finding property "ro.vendor.sys.NVRM_GPU_XzoEBCw9"
12-21 09:57:26.130 28604 28646 E libc    : Access denied finding property "ro.vendor.sys.NVRM_GPU_NVGPU_NO_SYNCFD"
12-21 09:57:26.130 28604 28646 E libc    : Access denied finding property "ro.vendor.sys.NVRM_GPU_EHaGX5Xe"
12-21 09:57:26.130 28604 28646 E libc    : Access denied finding property "ro.vendor.sys.NVRM_GPU_NVGPU_NO_SYNCPOINTS"
12-21 09:57:26.130 28604 28646 E libc    : Access denied finding property "ro.vendor.sys.NVRM_GPU_59ct6EdS"
12-21 09:57:26.130 28604 28646 E libc    : Access denied finding property "ro.vendor.sys.NVRM_GPU_NVGPU_NO_TTU"
12-21 09:57:26.130 28604 28646 E libc    : Access denied finding property "ro.vendor.sys.NVRM_GPU_915h8OIS"
12-21 09:57:26.130 28604 28646 E libc    : Access denied finding property "ro.vendor.sys.NVRM_GPU_NVGPU_NO_USER_MANAGED_SYNCPOINT"
12-21 09:57:26.130 28604 28646 E libc    : Access denied finding property "ro.vendor.sys.NVRM_GPU_XylwwSvx"
12-21 09:57:26.130 28604 28646 E libc    : Access denied finding property "ro.vendor.sys.NVRM_GPU_NVGPU_NO_VPR"
12-21 09:57:26.130 28604 28646 E libc    : Access denied finding property "ro.vendor.sys.NVRM_GPU_Yb92x8rk"
12-21 09:57:26.130 28604 28646 E libc    : Access denied finding property "ro.vendor.sys.NVRM_GPU_NVGPU_NO_ZBC"
12-21 09:57:26.130 28604 28646 E libc    : Access denied finding property "ro.vendor.sys.NVRM_GPU_oMdTiRBY"
12-21 09:57:26.131 28604 28646 E libc    : Access denied finding property "ro.vendor.sys.NVRM_GPU_NVGPU_NO_ZCULL"
12-21 09:57:26.131 28604 28646 E libc    : Access denied finding property "ro.vendor.sys.NVRM_GPU_6tRS9rwi"
12-21 09:57:26.131 28604 28646 E libc    : Access denied finding property "ro.vendor.sys.NVRM_GPU_NVGPU_USE_SYSMEM_FOR_VIDMEM"
12-21 09:57:26.131 28604 28646 E libc    : Access denied finding property "ro.vendor.sys.NVRM_GPU_TkDtPGzC"
12-21 09:57:26.131 28604 28646 E libc    : Access denied finding property "ro.vendor.sys.NVRM_GPU_NVGPU_DISABLE_WATCHDOG"
12-21 09:57:26.131 28604 28646 E libc    : Access denied finding property "ro.vendor.sys.NVRM_GPU_EQ5Qmveh"
12-21 09:57:26.131 28604 28646 E libc    : Access denied finding property "ro.vendor.sys.NVRM_GPU_PREVENT_USE"
12-21 09:57:26.131 28604 28646 E libc    : Access denied finding property "ro.vendor.sys.NVRM_GPU_yrGhr5G6"
12-21 09:57:26.131 28604 28646 E libc    : Access denied finding property "ro.vendor.sys.NVRMT_EMULATE_IO_COHERENCY"
12-21 09:57:26.131 28604 28646 E libc    : Access denied finding property "ro.vendor.sys.NVRMT_fY86mLY0"
12-21 09:57:26.132 28604 28646 E libc    : Access denied finding property "ro.vendor.sys.NVRMT_MEMORY_TYPE_SANITIZER"
12-21 09:57:26.132 28604 28646 E libc    : Access denied finding property "ro.vendor.sys.NVRMT_kzdhcuAG"
12-21 09:57:26.132 28604 28646 E libc    : Access denied finding property "ro.vendor.sys.NVRMT_FORCE_L3_ALLOC"
12-21 09:57:26.132 28604 28646 E libc    : Access denied finding property "ro.vendor.sys.NVRMT_ZV2Frkax"
12-21 09:57:26.132 28604 28646 E libc    : Access denied finding property "ro.vendor.sys.NVRMT_FORCE_SNOOPING"
12-21 09:57:26.132 28604 28646 E libc    : Access denied finding property "ro.vendor.sys.NVRMT_VzUDgaZ2"
12-21 09:57:26.132 28604 28646 E libc    : Access denied finding property "ro.vendor.sys.NVRMT_FORCE_SYNC_KICKOFFS"
12-21 09:57:26.132 28604 28646 E libc    : Access denied finding property "ro.vendor.sys.NVRMT_kdisTKXJ"
12-21 09:57:26.141 28604 28646 E libc    : Access denied finding property "ro.vendor.sys.NVRMT_EMULATE_BIG_PAGES"
12-21 09:57:26.141 28604 28646 E libc    : Access denied finding property "ro.vendor.sys.NVRMT_KcOcZFPL"
12-21 09:57:26.141 28604 28646 E libc    : Access denied finding property "ro.vendor.sys.NVRMT_FORCE_TSG"
12-21 09:57:26.141 28604 28646 E libc    : Access denied finding property "ro.vendor.sys.NVRMT_64gDxjIe"
12-21 09:57:26.141 28604 28646 E libc    : Access denied finding property "ro.vendor.sys.NVRMT_DISABLE_VASPACE"
12-21 09:57:26.141 28604 28646 E libc    : Access denied finding property "ro.vendor.sys.NVRMT_JMAa8wgC"
12-21 09:57:26.144 28604 28646 E libc    : Access denied finding property "ro.vendor.sys.NVWSI_DUMP"
12-21 09:57:26.144 28604 28646 E libc    : Access denied finding property "ro.vendor.sys.NVWSI_FILL"
12-21 09:57:26.153 28604 28646 E libc    : Access denied finding property "ro.vendor.sys.nvblit.twod"
12-21 09:57:26.153 28604 28646 E libc    : Access denied finding property "ro.vendor.sys.nvblit.vic"
12-21 09:57:26.153 28604 28646 E libc    : Access denied finding property "ro.vendor.sys.nvblit.dump"
12-21 09:57:26.158 28604 28646 E libc    : Access denied finding property "ro.vendor.sys.NV_EGL_FORCE_MSAA"
12-21 09:57:26.158 28604 28646 E libc    : Access denied finding property "ro.vendor.sys.NV_EGL_FORCE_DEPTH"
12-21 09:57:26.199 28604 28646 E libc    : Access denied finding property "ro.vendor.sys.NV_ASYNC"
12-21 09:57:26.199 28604 28646 E libc    : Access denied finding property "ro.vendor.sys.NV_LOGFPS"
12-21 09:57:26.199 28604 28646 E libc    : Access denied finding property "ro.vendor.sys.NV_PROCESS_NAME"
12-21 09:57:26.199 28604 28646 E libc    : Access denied finding property "ro.vendor.sys.NV_FPSDYNAMIC"
12-21 09:57:26.200 28604 28646 E libc    : Access denied finding property "ro.vendor.sys.NVRMT_DISABLE_COMPRESSION"
12-21 09:57:26.200 28604 28646 E libc    : Access denied finding property "ro.vendor.sys.NVRMT_h6spQ4yh"
12-21 09:57:26.200 28604 28646 E libc    : Access denied finding property "ro.vendor.sys.NVRMT_FORCE_ALIGN_128K"
12-21 09:57:26.200 28604 28646 E libc    : Access denied finding property "ro.vendor.sys.NVRMT_UnLSxhuN"
12-21 09:57:26.228 28604 28646 E libc    : Access denied finding property "ro.vendor.sys.NVRMT_FORCE_SCG"
12-21 09:57:26.229 28604 28646 E libc    : Access denied finding property "ro.vendor.sys.NVRMT_WVRg2RZb"
12-21 09:57:26.229 28604 28646 E libc    : Access denied finding property "ro.vendor.sys.NVRMT_EXPECTED_GPFIFO_ENTRIES_PER_SUBMIT"
12-21 09:57:26.229 28604 28646 E libc    : Access denied finding property "ro.vendor.sys.NVRMT_0ktEXYzd"
12-21 09:57:26.229 28604 28604 I media_kit: package:media_kit_libs_android_video attached.
12-21 09:57:26.238 28604 28604 D media_kit: NVIDIA
12-21 09:57:26.238 28604 28604 D media_kit: mdarcy
12-21 09:57:26.238 28604 28604 D media_kit: NVIDIA/mdarcy/mdarcy:11/RQ1A.210105.003/7825230_3871.0251:user/release-keys
12-21 09:57:26.238 28604 28604 D media_kit: darcy
12-21 09:57:26.238 28604 28604 D media_kit: SHIELD Android TV
12-21 09:57:26.238 28604 28604 D media_kit: NVIDIA
12-21 09:57:26.238 28604 28604 D media_kit: mdarcy
12-21 09:57:26.239 28604 28604 I media_kit: Saved application context.
12-21 09:57:26.249  3383  3503 V hdcp up : tsec_version: 1
12-21 09:57:26.251  3383  3503 D NvOsDebugPrintf: NvRmStreamFree: WARN: pStream is NULL
12-21 09:57:26.278 28604 28646 I flutter : [IMPORTANT:flutter/shell/platform/android/android_context_vk_impeller.cc(62)] Using the Impeller rendering backend (Vulkan).
12-21 09:57:26.346 28604 28604 W com.risa.app: Accessing hidden method Landroid/view/accessibility/AccessibilityNodeInfo;->getSourceNodeId()J (greylist,test-api, reflection, allowed)
12-21 09:57:26.346 28604 28604 W com.risa.app: Accessing hidden method Landroid/view/accessibility/AccessibilityRecord;->getSourceNodeId()J (greylist, reflection, allowed)
12-21 09:57:26.346 28604 28604 W com.risa.app: Accessing hidden field Landroid/view/accessibility/AccessibilityNodeInfo;->mChildNodeIds:Landroid/util/LongArray; (greylist, reflection, allowed)
12-21 09:57:26.346 28604 28604 W com.risa.app: Accessing hidden method Landroid/util/LongArray;->get(I)J (greylist, reflection, allowed)
12-21 09:57:26.373 28604 28604 I android_os_HwBinder: HwBinder: Starting thread pool for getting: vendor.nvidia.hardware.cpl.service_common@1.0::INvCplHalCommonService/default
12-21 09:57:26.380 28604 28604 I android_os_HwBinder: HwBinder: Starting thread pool for getting: vendor.nvidia.hardware.cpl.service_common@1.0::INvCplHalCommonService/default
12-21 09:57:26.388 30841  7856 I NvUtils : onActivityResumed AM packageName = com.risa.app
12-21 09:57:26.388 30841  7856 E AudioSystem-JNI: Command failed for android_media_AudioSystem_setParameters: -22
12-21 09:57:26.390 30841  7856 I chatty  : uid=1000(system) Binder:30841_1F identical 2 lines
12-21 09:57:26.390 30841  7856 E AudioSystem-JNI: Command failed for android_media_AudioSystem_setParameters: -22
12-21 09:57:26.391 28604 28604 I flutter : startup: 0ms - main() entry
12-21 09:57:26.405 28604 28604 I flutter : startup: 13ms - Flutter bindings initialized
12-21 09:57:26.430 28604 28604 I flutter : startup: 39ms - MediaKit initialized
12-21 09:57:26.462 28604 28604 I Choreographer: Skipped 35 frames!  The application may be doing too much work on its main thread.
12-21 09:57:26.465 28604 28604 D View    : com.nvidia.immediateInput = false
12-21 09:57:26.465 28604 28604 D View    : com.nvidia.mRawCursorInputRequested = false
12-21 09:57:26.556 28604 28640 E libc    : Access denied finding property "ro.vendor.sys.NV_ASYNC"
12-21 09:57:26.556 28604 28640 E libc    : Access denied finding property "ro.vendor.sys.NV_LOGFPS"
12-21 09:57:26.556 28604 28640 E libc    : Access denied finding property "ro.vendor.sys.NV_PROCESS_NAME"
12-21 09:57:26.556 28604 28640 E libc    : Access denied finding property "ro.vendor.sys.NV_FPSDYNAMIC"
12-21 09:57:26.561  2877  2877 I hwservicemanager: getTransport: Cannot find entry android.hardware.graphics.mapper@4.0::IMapper/default in either framework or device manifest.
12-21 09:57:26.562 28604 28646 I Gralloc4: mapper 4.x is not supported
12-21 09:57:26.563  2877  2877 I hwservicemanager: getTransport: Cannot find entry android.hardware.graphics.mapper@3.0::IMapper/default in either framework or device manifest.
12-21 09:57:26.563 28604 28646 W Gralloc3: mapper 3.x is not supported
12-21 09:57:26.566  2877  2877 I hwservicemanager: getTransport: Cannot find entry android.hardware.graphics.allocator@4.0::IAllocator/default in either framework or device manifest.
12-21 09:57:26.566 28604 28646 W Gralloc4: allocator 3.x is not supported
12-21 09:57:26.566  2877  2877 I hwservicemanager: getTransport: Cannot find entry android.hardware.graphics.allocator@3.0::IAllocator/default in either framework or device manifest.
12-21 09:57:26.567 28604 28646 W Gralloc3: allocator 3.x is not supported
12-21 09:57:26.581 28604 28640 E libc    : Access denied finding property "ro.vendor.sys.NV_ASYNC"
12-21 09:57:26.581 28604 28640 E libc    : Access denied finding property "ro.vendor.sys.NV_LOGFPS"
12-21 09:57:26.581 28604 28640 E libc    : Access denied finding property "ro.vendor.sys.NV_PROCESS_NAME"
12-21 09:57:26.581 28604 28640 E libc    : Access denied finding property "ro.vendor.sys.NV_FPSDYNAMIC"
12-21 09:57:26.591 28604 28604 I flutter : startup: 199ms - Image cache limits configured
12-21 09:57:26.598 28604 28604 I flutter : startup: 206ms - SSL handler configured
12-21 09:57:26.599 28604 28604 I flutter : startup: 207ms - HTTP client service initialized
12-21 09:57:26.634 28604 28604 I flutter : startup: 242ms - Preferred orientations locked (Android TV)
12-21 09:57:26.634 28604 28604 I flutter : startup: 243ms - Launching StartupLoader
12-21 09:57:26.637 28604 28604 I flutter : startup: 245ms - StartupLoader initState
12-21 09:57:26.637 28604 28604 I flutter : startup: 246ms - StartupLoader: background TMDB init start
12-21 09:57:26.638 28604 28604 I flutter : startup: 246ms - StartupLoader: continuing with background TMDB init
12-21 09:57:26.647 28604 28646 E libc    : Access denied finding property "ro.vendor.sys.NV_DECOMPRESSION"
12-21 09:57:26.670 28604 28604 I flutter : startup: 278ms - StartupLoader: background TMDB init finished
12-21 09:57:26.757 28604 28640 W libc    : invalid pthread_t (0) passed to pthread_join
12-21 09:57:26.770 30841 30859 D EventSequenceValidator: dec AccIntentStartedEvents to 1
12-21 09:57:26.771  3389  3389 W powerHAL::common: Power hint:0x8 is not supported in PowerHAL
12-21 09:57:26.789 28604 28640 E Surface : freeAllBuffers: 1 buffers were freed while being dequeued!
12-21 09:57:26.792 28604 28640 E libc    : Access denied finding property "ro.vendor.sys.NV_ASYNC"
12-21 09:57:26.793 28604 28640 E libc    : Access denied finding property "ro.vendor.sys.NV_LOGFPS"
12-21 09:57:26.793 28604 28640 E libc    : Access denied finding property "ro.vendor.sys.NV_PROCESS_NAME"
12-21 09:57:26.793 28604 28640 E libc    : Access denied finding property "ro.vendor.sys.NV_FPSDYNAMIC"
12-21 09:57:26.803 28604 28604 I flutter : startup: 412ms - StartupLoader: ready to enter MyApp
12-21 09:57:26.818 28604 28604 I flutter : startup: 426ms - MyAppState initState
12-21 09:57:26.818 28604 28604 I flutter : startup: 427ms - MyApp initialization: clear old playlists
12-21 09:57:26.822 25239 25239 I GoogleInputMethodService: GoogleInputMethodService.onFinishInput():2084 
12-21 09:57:26.822 25239 25239 I Module  : DeviceLockedStatusModuleProvider$Module.updateDeviceLockedStatus():101 repeatCheckTimes = 0, locked = false
12-21 09:57:26.822 25239 25239 I GoogleInputMethodService: GoogleInputMethodService.onStartInput():1345 onStartInput(EditorInfo{EditorInfo{packageName=com.risa.app, inputType=0, inputTypeString=NULL, enableLearning=false, autoCorrection=false, autoComplete=false, imeOptions=0, privateImeOptions=null, actionName=UNSPECIFIED, actionLabel=null, initialSelStart=-1, initialSelEnd=-1, initialCapsMode=0, label=null, fieldId=1, fieldName=null, extras=null, hintText=null, hintLocales=[]}}, false)
12-21 09:57:26.824 25239 25239 I Module  : DeviceLockedStatusModuleProvider$Module.updateDeviceLockedStatus():101 repeatCheckTimes = 1, locked = false
12-21 09:57:26.826 28604 28604 I flutter : startup: 434ms - MyApp initialization: playlists cleared
12-21 09:57:26.826 28604 28604 I flutter : startup: 434ms - MyApp initialization: check disclaimer
12-21 09:57:26.826 28604 28604 I flutter : startup: 434ms - MyApp initialization: disclaimer checked
12-21 09:57:26.826 28604 28604 I flutter : startup: 434ms - MyApp initialization: check/load playlist
12-21 09:57:26.826 28604 28604 I flutter : startup: 434ms - MyApp initialization: playlist check finished
12-21 09:57:26.826 28604 28604 I flutter : startup: 434ms - MyApp initialization: complete
12-21 09:57:26.838 28604 28604 I flutter : content_focus: Shell registered focus callback token=1
12-21 09:57:26.838 28604 28604 I flutter : content_focus: Registered content focus: LiveTVScreen (token: 1)
12-21 09:57:26.842 30841 30864 D ArtManagerInternalImpl: /data/misc/iorapd/com.risa.app/20/com.risa.app.MainActivity/compiled_traces/compiled_trace.pb doesn't exist
12-21 09:57:26.854 30841  8217 I NvUtils : onActivityStopped AM packageName = com.spocky.projengmenu
12-21 09:57:26.856 30841  8217 E AudioSystem-JNI: Command failed for android_media_AudioSystem_setParameters: -22
12-21 09:57:26.857 30841  8217 E AudioSystem-JNI: Command failed for android_media_AudioSystem_setParameters: -22
12-21 09:57:26.859 30841  8217 I android_os_HwBinder: HwBinder: Starting thread pool for getting: vendor.nvidia.hardware.graphics.display@1.0::INvDisplay/default
12-21 09:57:26.879 28604 28604 I flutter : startup: 487ms - ChannelProvider.autoLoadPlaylist invoked
12-21 09:57:26.887 16991 28298 I FA      : Application backgrounded at: timestamp_millis: 1766329044878
12-21 09:57:26.891 28604 28604 I flutter : ChannelProvider: Auto-loading playlist...
12-21 09:57:26.891 28604 28604 I flutter : EPG: Initializing...
12-21 09:57:26.891 30841 30864 I ActivityTaskManager: Displayed com.risa.app/.MainActivity: +1s941ms
12-21 09:57:26.892 30841 30864 I ActivityTaskManager: Fully drawn com.risa.app/.MainActivity: +1s941ms
12-21 09:57:26.892 28604 28604 I flutter : EPG: Initializing with URL: https://opop.pro/61H7Gn4vvP2o
12-21 09:57:26.895 26380 28643 W adbd    : timed out while waiting for FUNCTIONFS_BIND, trying again
12-21 09:57:26.895 26380 28643 I adbd    : UsbFfs: connection terminated: monitor thread finished
12-21 09:57:26.897 26380 26380 I adbd    : UsbFfs: already offline
12-21 09:57:26.897 26380 26380 I adbd    : destroying transport UsbFfs
12-21 09:57:26.897 26380 26380 I adbd    : UsbFfsConnection being destroyed
12-21 09:57:26.901 28604 28604 I flutter : ChannelProvider: Loading from pre-parsed JSON cache...
12-21 09:57:26.908 28604 28604 I flutter : EPG: Cache is valid. Age: 352 minutes.
12-21 09:57:26.908 28604 28604 I flutter : EPG: Using valid cached file, skipping download.
12-21 09:57:26.915 28604 28604 I flutter : EPG: Starting background parsing...
12-21 09:57:26.937 28604 28604 I flutter : ChannelProvider: JSON cache loaded in 36ms with 376 channels
12-21 09:57:26.937 28604 28604 I flutter : startup: 545ms - ChannelProvider.autoLoadPlaylist: JSON cache load finished
12-21 09:57:26.939 28604 28604 I flutter : ChannelProvider: Found 1 categories from 376 channels
12-21 09:57:26.941 26380 26383 I adbd    : opening control endpoint /dev/usb-ffs/adb/ep0
12-21 09:57:26.942 26380 26383 I adbd    : UsbFfsConnection constructed
12-21 09:57:26.945 26380 28669 I adbd    : UsbFfs-monitor thread spawned
12-21 09:57:26.970 13964 14065 I FontLog : (REDACTED) Received query %s, URI %s
12-21 09:57:26.975 13964 14065 I FontLog : (REDACTED) Query [%s] resolved to %s
12-21 09:57:26.984 28604 28604 I flutter : EPG: Could not find matching EPG ID for channelId="ABC_971538436_0", name="ABC"
12-21 09:57:26.984 28604 28604 I flutter : LiveTV: Fetching TMDB art for channel: "ABC"
12-21 09:57:26.986 13964 14065 I FontLog : (REDACTED) Fetch %s end status %s
12-21 09:57:26.991 28604 28604 I flutter : EPG: Could not find matching EPG ID for channelId="ABC_971538436_0", name="ABC"
12-21 09:57:26.991 28604 28604 I flutter : EPG: Could not find matching EPG ID for channelId="ABC_971538436_0", name="ABC"
12-21 09:57:26.993 13964 14065 I FontLog : (REDACTED) Pulling font file for id = %d, cache size = %d
12-21 09:57:26.993 28604 28604 I flutter : EPG: Could not find matching EPG ID for channelId="CBS_392340979_1", name="CBS"
12-21 09:57:26.993 28604 28604 I flutter : EPG: Could not find matching EPG ID for channelId="CBS_392340979_1", name="CBS"
12-21 09:57:26.995 28604 28604 I flutter : EPG: Could not find matching EPG ID for channelId="CW_497031048_2", name="CW"
12-21 09:57:26.995 28604 28604 I flutter : EPG: Could not find matching EPG ID for channelId="CW_497031048_2", name="CW"
12-21 09:57:26.998 28604 28604 I flutter : EPG: Could not find matching EPG ID for channelId="FOX_1055126310_3", name="FOX"
12-21 09:57:26.998 28604 28604 I flutter : EPG: Could not find matching EPG ID for channelId="FOX_1055126310_3", name="FOX"
12-21 09:57:26.999 28604 28604 I flutter : EPG: Could not find matching EPG ID for channelId="NBC_535039161_4", name="NBC"
12-21 09:57:26.999 28604 28604 I flutter : EPG: Could not find matching EPG ID for channelId="NBC_535039161_4", name="NBC"
12-21 09:57:27.000 28604 28604 I flutter : EPG: Could not find matching EPG ID for channelId="A&E East_1072137133_5", name="A&E East"
12-21 09:57:27.000 28604 28604 I flutter : EPG: Could not find matching EPG ID for channelId="A&E East_1072137133_5", name="A&E East"
12-21 09:57:27.023 13964 14065 I FontLog : (REDACTED) Pulling font file for id = %d, cache size = %d
12-21 09:57:27.044 28604 28604 I flutter : EPG: Could not find matching EPG ID for channelId="ABC_971538436_0", name="ABC"
12-21 09:57:27.044 28604 28604 I flutter : LiveTV: Found TMDB art for channel "ABC": https://image.tmdb.org/t/p/w1280/iJV5UD3QclWfLjY4BCu7Vum5HC5.jpg
12-21 09:57:27.047 28604 28604 I flutter : content_focus: Nav focus request succeeded
12-21 09:57:27.052 28604 28604 I flutter : EPG: Successfully parsed 8 channels and 8 IDs
12-21 09:57:27.065 28604 28604 I flutter : EPG: Could not find matching EPG ID for channelId="ABC_971538436_0", name="ABC"
12-21 09:57:27.067 28604 28604 I chatty  : uid=10270(com.risa.app) identical 1 line
12-21 09:57:27.067 28604 28604 I flutter : EPG: Could not find matching EPG ID for channelId="ABC_971538436_0", name="ABC"
12-21 09:57:27.067 28604 28604 I flutter : EPG: Could not find matching EPG ID for channelId="CBS_392340979_1", name="CBS"
12-21 09:57:27.067 28604 28604 I flutter : EPG: Could not find matching EPG ID for channelId="CBS_392340979_1", name="CBS"
12-21 09:57:27.068 28604 28604 I flutter : EPG: Could not find matching EPG ID for channelId="CW_497031048_2", name="CW"
12-21 09:57:27.068 28604 28604 I flutter : EPG: Could not find matching EPG ID for channelId="CW_497031048_2", name="CW"
12-21 09:57:27.068 28604 28604 I flutter : EPG: Could not find matching EPG ID for channelId="FOX_1055126310_3", name="FOX"
12-21 09:57:27.068 28604 28604 I flutter : EPG: Could not find matching EPG ID for channelId="FOX_1055126310_3", name="FOX"
12-21 09:57:27.075 28604 28604 I flutter : EPG: Could not find matching EPG ID for channelId="NBC_535039161_4", name="NBC"
12-21 09:57:27.075 28604 28604 I flutter : EPG: Could not find matching EPG ID for channelId="NBC_535039161_4", name="NBC"
12-21 09:57:27.075 28604 28604 I flutter : EPG: Could not find matching EPG ID for channelId="A&E East_1072137133_5", name="A&E East"
12-21 09:57:27.075 28604 28604 I flutter : EPG: Could not find matching EPG ID for channelId="A&E East_1072137133_5", name="A&E East"
12-21 09:57:27.081 28604 28604 I flutter : EPG: Could not find matching EPG ID for channelId="ABC_971538436_0", name="ABC"
12-21 09:57:27.946 26380 28669 W adbd    : timed out while waiting for FUNCTIONFS_BIND, trying again
12-21 09:57:27.946 26380 28669 I adbd    : UsbFfs: connection terminated: monitor thread finished
12-21 09:57:27.946 26380 26380 I adbd    : UsbFfs: already offline
12-21 09:57:27.946 26380 26380 I adbd    : destroying transport UsbFfs
12-21 09:57:27.946 26380 26380 I adbd    : UsbFfsConnection being destroyed
12-21 09:57:27.981 26380 26383 I adbd    : opening control endpoint /dev/usb-ffs/adb/ep0
12-21 09:57:27.982 26380 26383 I adbd    : UsbFfsConnection constructed
12-21 09:57:27.983 26380 28674 I adbd    : UsbFfs-monitor thread spawned
12-21 09:57:28.001 30841 30841 D WindowManager: handleComboKeys keyCode: 21, keyAction: 0
12-21 09:57:28.001 30841 30841 D WindowManager: isOnHomeScreen mLastTopComponent: null, componentName: ComponentInfo{com.risa.app/com.risa.app.MainActivity}
12-21 09:57:28.002 30841 30841 D WindowManager: handleComboKeys isOnHomeScreen: false
12-21 09:57:28.002 30841 30841 I InputManager: Input event injection from pid 30841 uid 1000
12-21 09:57:28.319 30841 30841 D WindowManager: handleComboKeys keyCode: 21, keyAction: 1
12-21 09:57:28.319 30841 30841 D WindowManager: isOnHomeScreen mLastTopComponent: null, componentName: ComponentInfo{com.risa.app/com.risa.app.MainActivity}
12-21 09:57:28.319 30841 30841 D WindowManager: handleComboKeys isOnHomeScreen: false
12-21 09:57:28.320 30841 30841 I InputManager: Input event injection from pid 30841 uid 1000
12-21 09:57:28.413 30841 31599 E TaskPersister: File error accessing recents directory (directory doesn't exist?).
12-21 09:57:28.984 26380 28674 W adbd    : timed out while waiting for FUNCTIONFS_BIND, trying again
12-21 09:57:28.984 26380 28674 I adbd    : UsbFfs: connection terminated: monitor thread finished
12-21 09:57:28.984 26380 26380 I adbd    : UsbFfs: already offline
12-21 09:57:28.984 26380 26380 I adbd    : destroying transport UsbFfs
12-21 09:57:28.984 26380 26380 I adbd    : UsbFfsConnection being destroyed
12-21 09:57:29.021 26380 26383 I adbd    : opening control endpoint /dev/usb-ffs/adb/ep0
12-21 09:57:29.021 26380 26383 I adbd    : UsbFfsConnection constructed
12-21 09:57:29.022 26380 28675 I adbd    : UsbFfs-monitor thread spawned
12-21 09:57:29.291 30841 30841 D WindowManager: handleComboKeys keyCode: 21, keyAction: 0
12-21 09:57:29.291 30841 30841 D WindowManager: isOnHomeScreen mLastTopComponent: null, componentName: ComponentInfo{com.risa.app/com.risa.app.MainActivity}
12-21 09:57:29.292 30841 30841 D WindowManager: handleComboKeys isOnHomeScreen: false
12-21 09:57:29.292 30841 30841 I InputManager: Input event injection from pid 30841 uid 1000
12-21 09:57:29.498 30841 30841 D WindowManager: handleComboKeys keyCode: 21, keyAction: 1
12-21 09:57:29.498 30841 30841 D WindowManager: isOnHomeScreen mLastTopComponent: null, componentName: ComponentInfo{com.risa.app/com.risa.app.MainActivity}
12-21 09:57:29.499 30841 30841 D WindowManager: handleComboKeys isOnHomeScreen: false
12-21 09:57:29.678 30841 30841 D WindowManager: handleComboKeys keyCode: 20, keyAction: 0
12-21 09:57:29.888 30841 30841 D WindowManager: handleComboKeys keyCode: 20, keyAction: 1
