01-20 20:42:45.978 D/AudioFlinger( 1724): setParameters: filtered dev setParameters keyvalue screen_state=on
01-20 20:42:46.641 D/AudioFlinger( 1724): setParameters: filtered dev setParameters keyvalue cameraFacing=front
01-20 20:42:46.655 I/AudioFlinger( 1724): nonSecFlag 4, secFlag 0, outputFlags 4
01-20 20:42:46.657 I/AudioTrack( 4166): createTrack_l(0): AUDIO_OUTPUT_FLAG_FAST successful; frameCount 4800 -> 4800
01-20 20:42:46.658 D/AudioTrack( 4166): setVolume(0.000000, 0.000000) pid : 4166
01-20 20:42:46.742 D/AudioFlinger( 1724): mixer(0xb40000797c71b4d0) Spend too much time to write: delta 73(effect 0, stage 0)
01-20 20:42:46.764 V/MediaPlayer-JNI( 4166): native_setup
01-20 20:42:46.764 V/MediaPlayerNative( 4166): constructor
01-20 20:42:46.765 V/MediaPlayerNative( 4166): setListener
01-20 20:42:46.765 V/MediaPlayer-JNI( 4166): get_session_id()
01-20 20:42:46.765 V/MediaPlayer-JNI( 4166): setParameter: key 1400
01-20 20:42:46.765 V/MediaPlayerNative( 4166): MediaPlayer::setParameter(1400)
01-20 20:42:46.766 W/MediaPlayer( 4166): Error setting data source via ContentResolver
01-20 20:42:46.766 W/MediaPlayer( 4166): java.io.FileNotFoundException: No content provider: system/media/audio/ui/ChargingStarted.ogg
01-20 20:42:46.766 W/MediaPlayer( 4166): 	at android.content.ContentResolver.openTypedAssetFileDescriptor(ContentResolver.java:2044)
01-20 20:42:46.766 W/MediaPlayer( 4166): 	at android.content.ContentResolver.openAssetFileDescriptor(ContentResolver.java:1873)
01-20 20:42:46.766 W/MediaPlayer( 4166): 	at android.content.ContentResolver.openAssetFileDescriptor(ContentResolver.java:1788)
01-20 20:42:46.766 W/MediaPlayer( 4166): 	at android.media.MediaPlayer.attemptDataSource(MediaPlayer.java:1202)
01-20 20:42:46.766 W/MediaPlayer( 4166): 	at android.media.MediaPlayer.setDataSource(MediaPlayer.java:1168)
01-20 20:42:46.766 W/MediaPlayer( 4166): 	at android.media.MediaPlayer.setDataSource(MediaPlayer.java:1096)
01-20 20:42:46.766 W/MediaPlayer( 4166): 	at com.android.systemui.media.NotificationPlayer$CreationAndCompletionThread.run(qb/104146451 694124cec024772694f70f302037422515ac51a3b7aae4ebec1950a2a67f72f8:110)
01-20 20:42:46.768 V/MediaPlayer-JNI( 4166): setDataSourceFD: fd 547
01-20 20:42:46.768 V/MediaPlayerNative( 4166): setDataSource(547, 0, 576460752303423487)
01-20 20:42:46.768 V/MediaPlayerService( 2185): Create new client(1096) from AttributionSourceState{pid: 4166, uid: 10049, deviceId: 0, packageName: com.android.systemui, attributionTag: (null), token: binder:0xb4000071a8fbc2f0, renouncedPermissions: [], next: []}, 
01-20 20:42:46.769 V/MediaPlayerService( 2185): setDataSource fd=11 (/system/media/audio/ui/ChargingStarted.ogg), offset=0, length=576460752303423487
01-20 20:42:46.769 V/MediaPlayerService( 2185): st_dev  = 65031
01-20 20:42:46.769 V/MediaPlayerService( 2185): st_mode = 33188
01-20 20:42:46.769 V/MediaPlayerService( 2185): st_uid  = 0
01-20 20:42:46.769 V/MediaPlayerService( 2185): st_gid  = 0
01-20 20:42:46.769 V/MediaPlayerService( 2185): st_size = 25444
01-20 20:42:46.769 V/MediaPlayerService( 2185): calculated length = 25444
01-20 20:42:46.769 V/MediaPlayerService( 2185): player type = 4
01-20 20:42:46.773 V/MediaPlayer-JNI( 4166): setLooping: 0
01-20 20:42:46.773 V/MediaPlayerNative( 4166): MediaPlayer::setLooping
01-20 20:42:46.773 V/MediaPlayerService( 2185): [1096] setLooping(0)
01-20 20:42:46.773 V/MediaPlayer-JNI( 4166): setVolume: left 1.000000  right 1.000000
01-20 20:42:46.773 V/MediaPlayerNative( 4166): MediaPlayer::setVolume(1.000000, 1.000000)
01-20 20:42:46.773 V/MediaPlayerService( 2185): [1096] setVolume(1.000000, 1.000000)
01-20 20:42:46.773 V/MediaPlayerNative( 4166): setVideoSurfaceTexture
01-20 20:42:46.773 V/MediaPlayerService( 2185): [1096] setVideoSurfaceTexture(0x0)
01-20 20:42:46.773 V/MediaPlayerNative( 4166): prepare
01-20 20:42:46.773 V/MediaPlayerService( 2185): [1096] setParameter(1400)
01-20 20:42:46.773 V/MediaPlayerService( 2185): setAudioAttributes_l() usage=13 content=4 flags=0x800 tags=FAST_TRACK;stv_charger_connection
01-20 20:42:46.774 V/MediaPlayerService( 2185): [1096] prepareAsync
01-20 20:42:46.784 I/NuPlayer( 2185): ORmode enabled : unsupportedAudio = 0, unsupportedVideo = 0, mHaveAudioTrack = 1, mHaveVideoTrack = 0
01-20 20:42:46.784 V/MediaPlayerService( 2185): [1096] notify (200, 10973, 0)
01-20 20:42:46.784 V/MediaPlayerNative( 4166): message received msg=200, ext1=10973, ext2=0
01-20 20:42:46.784 W/MediaPlayerNative( 4166): info/warning (10973, 0)
01-20 20:42:46.785 V/MediaPlayerService( 2185): [1096] notify (1, 0, 0)
01-20 20:42:46.785 V/MediaPlayerNative( 4166): message received msg=1, ext1=0, ext2=0
01-20 20:42:46.785 V/MediaPlayerNative( 4166): MediaPlayer::notify() prepared
01-20 20:42:46.785 V/MediaPlayerNative( 4166): signal application thread
01-20 20:42:46.785 V/MediaPlayerNative( 4166): prepare complete - status=0
01-20 20:42:46.785 V/MediaPlayerNative( 4166): invoke 80
01-20 20:42:46.785 V/MediaPlayerNative( 4166): invoke 76
01-20 20:42:46.786 D/AudioPlayerStateMonitor( 2561): Found a new active media playback. AudioPlaybackConfiguration piid:27519 deviceIds:[] type:android.media.MediaPlayer u/pid:10049/4166 state:started attr:AudioAttributes: usage=USAGE_ASSISTANCE_SONIFICATION content=CONTENT_TYPE_SONIFICATION flags=0x800 tags=stv_charger_connection;FAST_TRACK bundle=null sessionId:23793 mutedState:none  FormatInfo{isSpatialized=false, channelMask=0x0, sampleRate=0}
01-20 20:42:46.786 V/MediaPlayerService( 2185): [1096] enableAudioDeviceCallback, 1
01-20 20:42:46.786 D/MediaSessionService( 2561): Audio playback is changed, config=AudioPlaybackConfiguration piid:27519 deviceIds:[] type:android.media.MediaPlayer u/pid:10049/4166 state:started attr:AudioAttributes: usage=USAGE_ASSISTANCE_SONIFICATION content=CONTENT_TYPE_SONIFICATION flags=0x800 tags=stv_charger_connection;FAST_TRACK bundle=null sessionId:23793 mutedState:none  FormatInfo{isSpatialized=false, channelMask=0x0, sampleRate=0}, removed=false
01-20 20:42:46.786 V/MediaPlayer-JNI( 4166): start
01-20 20:42:46.786 V/MediaPlayerNative( 4166): start
01-20 20:42:46.787 V/MediaPlayerService( 2185): [1096] setLooping(0)
01-20 20:42:46.787 V/MediaPlayerService( 2185): [1096] setVolume(1.000000, 1.000000)
01-20 20:42:46.787 V/MediaPlayerService( 2185): [1096] setAuxEffectSendLevel(0.000000)
01-20 20:42:46.787 V/MediaPlayerService( 2185): [1096] start
01-20 20:42:46.787 V/MediaPlayerService( 2185): getClientDuration
01-20 20:42:46.787 V/MediaPlayerService( 2185): getDuration
01-20 20:42:46.787 V/MediaPlayerService( 2185): [1096] getDuration = 1176
01-20 20:42:46.788 V/MediaPlayerNative( 4166): invoke 76
01-20 20:42:46.798 E/MediaCodec( 2185): Media Quality Service not found.
01-20 20:42:46.800 I/MediaCodec( 2185): MediaCodec will operate in async mode
01-20 20:42:46.800 D/MediaCodec( 2185): keep callback message for reclaim
01-20 20:42:46.810 V/AudioSink( 2185): creating new AudioTrack
01-20 20:42:46.811 I/AudioFlinger( 1724): nonSecFlag 0, secFlag 600000, outputFlags 4
01-20 20:42:46.811 D/AudioFlinger( 1724): Client defaulted notificationFrames to 8000 for frameCount 24000
01-20 20:42:46.813 D/AudioTrack( 2185): setVolume(1.000000, 1.000000) pid : 4166
01-20 20:42:46.814 D/AudioTrack( 2185): setVolume(1.000000, 1.000000) pid : 4166
01-20 20:42:46.816 I/AudioFlinger( 1724): updateStageIndex new -2901
01-20 20:42:46.818 V/MediaPlayerService( 2185): [1096] notify (6, 0, 0)
01-20 20:42:46.818 V/MediaPlayerNative( 4166): message received msg=6, ext1=0, ext2=0
01-20 20:42:46.819 V/MediaPlayerNative( 4166): Received media started message
01-20 20:42:46.822 D/MediaPlayerService( 2185): onAudioDeviceUpdate deviceIds: 3
01-20 20:42:46.822 V/MediaPlayerService( 2185): [1096] notify (10000, 29, 0)
01-20 20:42:46.823 V/MediaPlayerNative( 4166): message received msg=10000, ext1=29, ext2=0
01-20 20:42:46.823 D/AudioTrack( 2185): getTimestamp_l(3651): device stall time corrected using current time 183330274614542
01-20 20:42:46.823 V/MediaPlayerService( 2185): [1096] getRoutedDeviceIds
01-20 20:42:46.902 V/MediaPlayerService( 2185): [1096] notify (211, 0, 0)
01-20 20:42:46.902 V/MediaPlayerService( 2185): [1096] notify (211, 0, 0)
01-20 20:42:46.902 V/MediaPlayerNative( 4166): message received msg=211, ext1=0, ext2=0
01-20 20:42:46.903 V/MediaPlayerNative( 4166): message received msg=211, ext1=0, ext2=0
01-20 20:42:47.620 D/AudioTrack( 2185): stop(3651): called with 56424 frames delivered
01-20 20:42:48.063 V/MediaPlayerService( 2185): [1096] notify (2, 0, 0)
01-20 20:42:48.063 V/MediaPlayerNative( 4166): message received msg=2, ext1=0, ext2=0
01-20 20:42:48.063 V/MediaPlayerNative( 4166): playback complete
01-20 20:42:48.063 V/MediaPlayerService( 2185): [1096] notify (211, 0, 0)
01-20 20:42:48.064 V/MediaPlayerNative( 4166): message received msg=211, ext1=0, ext2=0
01-20 20:42:48.064 V/MediaPlayerService( 2185): [1096] enableAudioDeviceCallback, 0
01-20 20:42:48.064 I/NotificationPlayer( 4166): About to release MediaPlayer piid:27519 due to onCompletion
01-20 20:42:48.065 D/MediaSessionService( 2561): Audio playback is changed, config=AudioPlaybackConfiguration piid:27519 deviceIds:[3] type:android.media.MediaPlayer u/pid:10049/4166 state:stopped attr:AudioAttributes: usage=USAGE_ASSISTANCE_SONIFICATION content=CONTENT_TYPE_SONIFICATION flags=0x800 tags=stv_charger_connection;FAST_TRACK bundle=null sessionId:23793 mutedState:streamVolume  FormatInfo{isSpatialized=false, channelMask=0x3, sampleRate=48000}, removed=false
01-20 20:42:48.065 V/MediaPlayer( 4166): resetDrmState:  mDrmInfo=null mDrmProvisioningThread=null mPrepareDrmInProgress=false mActiveDrmScheme=false
01-20 20:42:48.065 V/MediaPlayer( 4166): cleanDrmObj: mDrmObj=null mDrmSessionId=null
01-20 20:42:48.065 V/MediaPlayer-JNI( 4166): release
01-20 20:42:48.065 V/MediaPlayerNative( 4166): setListener
01-20 20:42:48.065 V/MediaPlayerNative( 4166): disconnect
01-20 20:42:48.065 V/MediaPlayerService( 2185): disconnect(1096) from AttributionSource AttributionSourceState{pid: 4166, uid: 10049, deviceId: 0, packageName: com.android.systemui, attributionTag: (null), token: binder:0xb4000071a8fbc2f0, renouncedPermissions: [], next: []}
01-20 20:42:48.071 W/LegacyMessageQueue( 4166): Handler (android.media.MediaPlayer$EventHandler) {caf36b8} sending message to a Handler on a dead thread
01-20 20:42:48.071 W/LegacyMessageQueue( 4166): java.lang.IllegalStateException: Handler (android.media.MediaPlayer$EventHandler) {caf36b8} sending message to a Handler on a dead thread
01-20 20:42:48.071 W/LegacyMessageQueue( 4166): 	at android.media.MediaPlayer.postEventFromNative(MediaPlayer.java:4459)
01-20 20:42:48.073 I/MediaCodec( 2185): Codec shutdown complete
01-20 20:42:48.073 V/MediaPlayerNative( 4166): destructor
01-20 20:42:48.073 V/MediaPlayerService( 2185): Client(1096) destructor AttributionSource = AttributionSourceState{pid: 4166, uid: 10049, deviceId: 0, packageName: com.android.systemui, attributionTag: (null), token: binder:0xb4000071a8fbc2f0, renouncedPermissions: [], next: []}
01-20 20:42:48.073 V/MediaPlayerService( 2185): disconnect(1096) from AttributionSource AttributionSourceState{pid: 4166, uid: 10049, deviceId: 0, packageName: com.android.systemui, attributionTag: (null), token: binder:0xb4000071a8fbc2f0, renouncedPermissions: [], next: []}
01-20 20:42:48.074 V/MediaPlayerNative( 4166): disconnect
01-20 20:42:49.342 D/AudioFlinger( 1724): setParameters: filtered dev setParameters keyvalue cameraFacing=front
01-20 20:42:50.010 D/AudioFlinger( 1724): setParameters: filtered dev setParameters keyvalue cameraFacing=front
01-20 20:42:54.305 D/AudioFlinger( 1724): setParameters: filtered dev setParameters keyvalue screen_state=on
01-20 20:42:56.436 D/AudioFlinger( 1724): setParameters: filtered dev setParameters keyvalue screen_state=off
01-20 20:42:56.470 D/AudioFlinger( 1724): setParameters: filtered dev setParameters keyvalue screen_state=off
01-20 20:43:01.453 D/AudioFlinger( 1724): setParameters: filtered dev setParameters keyvalue screen_state=on
01-20 20:43:02.430 D/AudioFlinger( 1724): setParameters: filtered dev setParameters keyvalue screen_state=on
01-20 20:43:02.609 D/AudioFlinger( 1724): setParameters: filtered dev setParameters keyvalue screen_state=on
01-20 20:43:03.639 I/Pageboost( 2561): start alp : com.risa.app
01-20 20:43:03.639 I/Pageboost( 2561): alp skip : com.risa.app , 2
01-20 20:43:03.656 D/ShellStartingWindow( 4166): preload Icon com.risa.app
01-20 20:43:04.565 I/Pageboost( 2561): start alp : com.risa.app
01-20 20:43:04.565 I/Pageboost( 2561): alp skip : com.risa.app , 2
01-20 20:43:04.567 D/ShellStartingWindow( 4166): preload Icon com.risa.app
01-20 20:43:04.657 I/Pageboost( 2561): onAppLaunch : com.risa.app
01-20 20:43:04.658 V/WindowManager( 2561): Collecting in transition 4339: ActivityRecord{106595693 u0 com.risa.app/.MainActivity, caller=com.android.server.wm.TransitionController.collect:7 com.android.server.wm.ActivityStarter.startActivityUnchecked:98 com.android.server.wm.ActivityStarter.executeRequest:3651 com.android.server.wm.ActivityStarter.execute:1752 com.android.server.wm.ActivityTaskManagerService.startActivityAsUser:95 
01-20 20:43:04.658 D/ActivityTaskManager( 2561): DesktopModeLaunchParamsModifier: task=null activity=ActivityRecord{106595693 u0 com.risa.app/.MainActivity t-1} task null, skipping
01-20 20:43:04.658 D/ActivityTaskManager( 2561): TaskLaunchParamsModifier:task=null activity=ActivityRecord{106595693 u0 com.risa.app/.MainActivity t-1} display-from-option=0 display-id=0 task-display-area-windowing-mode=1 suggested-display-area=DefaultTaskDisplayArea_d0@204067041
01-20 20:43:04.658 D/ActivityTaskManager( 2561): DesktopModeLaunchParamsModifier: task=Task{13c38ee #24819 type=standard I=com.risa.app/.MainActivity} activity=ActivityRecord{106595693 u0 com.risa.app/.MainActivity t-1} non-desktop, skipping
01-20 20:43:04.658 D/ActivityTaskManager( 2561): TaskLaunchParamsModifier:task=Task{13c38ee #24819 type=standard I=com.risa.app/.MainActivity} activity=ActivityRecord{106595693 u0 com.risa.app/.MainActivity t-1} display-from-option=0 display-id=0 task-display-area-windowing-mode=1 suggested-display-area=DefaultTaskDisplayArea_d0@204067041 inherit-from-source=fullscreen non-freeform-task-display-area display-area=DefaultTaskDisplayArea_d0@204067041 activity-requested-landscape freeform-size-mismatch=Rect(81, 559 - 999, 1729)
01-20 20:43:04.659 D/ActivityTaskManager( 2561): DesktopModeLaunchParamsModifier: task=Task{13c38ee #24819 type=standard I=com.risa.app/.MainActivity} activity=ActivityRecord{106595693 u0 com.risa.app/.MainActivity t-1} non-desktop, skipping
01-20 20:43:04.659 D/ActivityTaskManager( 2561): TaskLaunchParamsModifier:task=Task{13c38ee #24819 type=standard I=com.risa.app/.MainActivity} activity=ActivityRecord{106595693 u0 com.risa.app/.MainActivity t-1} display-from-option=0 display-id=0 task-display-area-windowing-mode=1 suggested-display-area=DefaultTaskDisplayArea_d0@204067041 inherit-from-source=fullscreen non-freeform-task-display-area display-area=DefaultTaskDisplayArea_d0@204067041 activity-requested-landscape freeform-size-mismatch=Rect(81, 559 - 999, 1729)
01-20 20:43:04.660 V/WindowManager( 2561): Add starting ActivityRecord{159028841 u0 com.risa.app/.MainActivity t24819}: startingData=SnapshotStartingData{f5009ee removeAfterTransaction= 0}
01-20 20:43:04.661 D/ActivityTaskManager( 2561): applyFixedRotationTransform, r=ActivityRecord{159028841 u0 com.risa.app/.MainActivity t24819}, caller=com.android.server.wm.ActivityRecord.applyFixedRotationTransform:20 com.android.server.wm.DisplayContent.startFixedRotationTransform:63 com.android.server.wm.DisplayContent.setFixedRotationLaunchingApp:47 com.android.server.wm.DisplayContent.handleTopActivityLaunchingInDifferentOrientation:286 com.android.server.wm.SnapshotStartingData.createStartingSurface:84 
01-20 20:43:04.661 I/AppIconSolution( 4735): getThemeIconWithBG called with public API, pkg = com.risa.app, mode = 48
01-20 20:43:04.661 I/AppIconSolution( 4735): return adaptive icon for com.risa.app, isNight = true
01-20 20:43:04.662 I/LauncherActivityInfo( 4735): packageName: com.risa.app, useThemeIcon: false, height: 132, width: 118, density: 640
01-20 20:43:04.662 D/WindowManager( 2561): setFixedRotationLaunchingAppUnchecked, rotation=1, r=ActivityRecord{159028841 u0 com.risa.app/.MainActivity t24819}, caller=com.android.server.wm.DisplayContent.setFixedRotationLaunchingAppUnchecked:131 com.android.server.wm.DisplayContent.setFixedRotationLaunchingApp:50 com.android.server.wm.DisplayContent.handleTopActivityLaunchingInDifferentOrientation:286 com.android.server.wm.SnapshotStartingData.createStartingSurface:84 com.android.server.wm.ActivityRecord.scheduleAddStartingWindow:35 
01-20 20:43:04.662 V/WindowManager( 2561): Added starting ActivityRecord{159028841 u0 com.risa.app/.MainActivity t24819}: startingWindow=null startingView=com.android.server.wm.StartingSurfaceController$StartingSurface@ce0a708
01-20 20:43:04.663 V/WindowManager( 2561): Collecting in transition 4339: ActivityRecord{106595693 u0 com.risa.app/.MainActivity t-1}, caller=com.android.server.wm.Transition.collectExistenceChange:40 com.android.server.wm.ActivityStarter.handleStartResult:761 com.android.server.wm.ActivityStarter.startActivityUnchecked:124 com.android.server.wm.ActivityStarter.executeRequest:3651 com.android.server.wm.ActivityStarter.execute:1752 
01-20 20:43:04.663 V/WindowManager( 2561):    ChangeInfo{b6c2087 container=ActivityRecord{106595693 u0 com.risa.app/.MainActivity t-1} flags=0x0}
01-20 20:43:04.664 I/ActivityTaskManager( 2561): START u0 {act=android.intent.action.MAIN cat=[android.intent.category.LAUNCHER] flg=0x10200000 xflg=0x4 cmp=com.risa.app/.MainActivity bnds=[789,1264][1039,1539]} with LAUNCH_SINGLE_TOP from uid 10150 (sr=40965024) (BAL_ALLOW_VISIBLE_WINDOW) result code=2
01-20 20:43:04.664 V/WindowManagerShell( 4166): Transition requested (#4339): android.os.BinderProxy@51ea7ba TransitionRequestInfo { type = OPEN, triggerTask = TaskInfo{userId=0 taskId=24819 effectiveUid=11308 displayId=0 isRunning=true baseIntent=Intent { act=android.intent.action.MAIN cat=[android.intent.category.LAUNCHER] flg=0x34000000 pkg=com.risa.app cmp=com.risa.app/.MainActivity } baseActivity=ComponentInfo{com.risa.app/com.risa.app.MainActivity} topActivity=ComponentInfo{com.risa.app/com.risa.app.MainActivity} origActivity=null realActivity=ComponentInfo{com.risa.app/com.risa.app.MainActivity} numActivities=1 lastActiveTime=216370846 supportsMultiWindow=true resizeMode=2 isResizeable=true minWidth=-1 minHeight=-1 maxWidth=-1 maxHeight=-1 defaultMinSize=220 desktopDefaultMinSize=304 token=WCT{android.window.IWindowContainerToken$Stub$Proxy@904466b} topActivityType=1 pictureInPictureParams=null shouldDockBigOverlays=false launchIntoPipHostTaskId=-1 lastParentTaskIdBeforePip=-1 displayCutoutSafeInsets=Rect(0, 84 - 0, 0) topActivityInfo=ActivityInfo{608c5c8 com.risa.app.MainActivity} launchCookies=[android.os.BinderProxy@eaf5661] positionInParent=Point(0, 0) parentTaskId=-1 isFocused=false isVisible=false isVisibleRequested=false isTopActivityNoDisplay=false isSleeping=false locusId=null displayAreaFeatureId=1 isTopActivityTransparent=false isActivityStackTransparent=false lastNonFullscreenBounds=Rect(81, 559 - 999, 1729) capturedLink=null capturedLinkTimestamp=0 requestedVisibleTypes=-9 topActivityRequestOpenInBrowserEducationTimestamp=0 appCompatTaskInfo=AppCompatTaskInfo { topActivityInSizeCompat=false eligibleForLetterboxEducation= false isLetterboxEducationEnabled= false isLetterboxDoubleTapEnabled= false eligibleForUserAspectRatioButton= false topActivityBoundsLetterboxed= false isFromLetterboxDoubleTap= false topActivityLetterboxVerticalPosition= -1 topActivityLetterboxHorizontalPosition= -1 topActivityLetterboxWidth=-1 topActivityLetterboxHeight=-1 topActivityAppBounds=Rect(0, 0 - 2340, 1080) isUserFullscreenOverrideEnabled=false isSystemFullscreenOverrideEnabled=false hasMinAspectRatioOverride=false topActivityLetterboxBounds=null cameraCompatTaskInfo=CameraCompatTaskInfo { freeformCameraCompatMode=inactive} topActivityBounds=null topActivityInDisplayCompat=false singleTapFromLetterbox=false} topActivityMainWindowFrame=null originallySupportedMultiWindow=true hasWallpaper=false rootAffinity=null isTopTaskInStage=false CoverLauncherWidgetTask=false LaunchedFromAppsCoverLauncherTask=false LaunchedFromMultistarCoverLauncherTask=false isAllowedSeamlessRotation=false isTopTransparentActivity=false isAliasManaged=false hasConfigChanged=false snappingGuideBounds=null isAiKeyRemoveAppTask=false lastDesktopWindowingBounds=null lastExternalDesktopWindowingBounds=null safeCutoutInsets=null}, pipChange = null, remoteTransition = RemoteTransition { remoteTransition = android.window.IRemoteTransition$Stub$Proxy@cff8586, appThread = android.app.IApplicationThread$Stub$Proxy@f1ede47, debugName = QuickstepLaunchflags =NONE }, displayChange = null, flags = 0, debugId = 4339 }
01-20 20:43:04.665 V/WindowManager( 2561): addWindow: ActivityRecord{159028841 u0 com.risa.app/.MainActivity t24819} startingWindow=Window{1e03e23 u0 SnapshotStartingWindow for taskId=24819}
01-20 20:43:04.665 I/HoneySpace.SuggestedAppsRepositoryImpl( 4735): sendSuggestedAppsLaunchTarget: ComponentInfo{com.risa.app/com.risa.app.MainActivity}
01-20 20:43:04.668 V/WindowManager( 2561): Collecting in transition 4339: ActivityRecord{159028841 u0 com.risa.app/.MainActivity t24819}, caller=com.android.server.wm.TransitionController.collect:7 com.android.server.wm.ActivityRecord.setVisibility:132 com.android.server.wm.TaskFragment.resumeTopActivity:1662 com.android.server.wm.Task.resumeTopActivityInnerLocked:119 com.android.server.wm.Task.resumeTopActivityUncheckedLocked:23 
01-20 20:43:04.668 D/WindowManager( 2561): prepareSync <SYNC_STATE_WAITING_FOR_DRAW>, mPrepareSyncSeqId=0, win=Window{8bc916 u0 com.risa.app/com.risa.app.MainActivity}
01-20 20:43:04.668 I/PerProcessNandswap$NandswapMsgHandler( 2561): madvise_prefetch for com.risa.app
01-20 20:43:04.668 V/WindowManager( 2561): Setting visibility of Window{8bc916 u0 com.risa.app/com.risa.app.MainActivity}: true, caller=com.android.server.wm.WindowContainer.sendAppVisibilityToClients:19 com.android.server.wm.WindowToken.setClientVisible:48 com.android.server.wm.ActivityRecord.setVisibility:486 com.android.server.wm.TaskFragment.resumeTopActivity:1662 com.android.server.wm.Task.resumeTopActivityInnerLocked:119 
01-20 20:43:04.669 D/SGM:FgCheckThread( 2561):   sendRunningComponentFocus(), pkgName: com.risa.app, userId: 0
01-20 20:43:04.669 D/InputDispatcher( 2561): Focused application(0): ActivityRecord{159028841 u0 com.risa.app/.MainActivity t24819}
01-20 20:43:04.669 D/SGM:FgCheckThread( 2561): onLooperPrepared(), msg: MSG_TASK_FOCUSED, pkgName: com.risa.app, userId: 0
01-20 20:43:04.670 D/SGM:FgCheckThread( 2561):   handleTaskFocused(), pkgName: com.risa.app, userID:0 mResumedPkgMap does not containsKey.
01-20 20:43:04.675 I/SurfaceFlinger( 1737): [1e03e23 SnapshotStartingWindow for taskId=24819#58655] attach to parent LayerHierarchy{RequestedLayerState{ActivityRecord{159028841 u0 com.risa.app/.MainActivity t24819}#58522 parentId=58521} 3 children}
01-20 20:43:04.676 D/ActivityTaskManager( 2561): scheduleTopResumedActivityChanged, onTop=true, r=ActivityRecord{159028841 u0 com.risa.app/.MainActivity t24819}, caller=com.android.server.wm.ActivityTaskSupervisor.scheduleTopResumedActivityStateIfNeeded:18 com.android.server.wm.ActivityTaskSupervisor.updateTopResumedActivityIfNeeded:54 com.android.server.wm.TaskFragment.setResumedActivity:30 com.android.server.wm.ActivityRecord.setState:100 com.android.server.wm.TaskFragment.resumeTopActivity:1705 com.android.server.wm.Task.resumeTopActivityInnerLocked:119 
01-20 20:43:04.677 D/WindowManagerServiceExt( 2561): updateTaskbarTargetIfNeeded: cn=ComponentInfo{com.risa.app/com.risa.app.MainActivity} occludesParent=true isInSplitScreenMode=false
01-20 20:43:04.678 D/SurfaceComposerClient( 2561): setCornerRadius ## 8bc916 com.risa.app/com.risa.app.MainActivity#58536 cornerRadius=0.000000
01-20 20:43:04.679 D/WindowManagerShell( 4166): onActivityRestartAttempt: topActivity=ComponentInfo{com.risa.app/com.risa.app.MainActivity}, wasVisible=false
01-20 20:43:04.680 I/HoneySpace.TopTaskUseCase( 4735): topTasks 24819 ComponentInfo{com.risa.app/com.risa.app.MainActivity}[displayId=0]
01-20 20:43:04.680 D/SurfaceComposerClient( 2561): setCornerRadius ## 8bc916 com.risa.app/com.risa.app.MainActivity#58536 cornerRadius=0.000000
01-20 20:43:04.681 D/ChangeTransitionController( 2561):    ChangeInfo{eea05 container=Task{13c38ee #24819 type=standard I=com.risa.app/.MainActivity} flags=0x0}
01-20 20:43:04.681 D/ChangeTransitionController( 2561):    ChangeInfo{b6c2087 container=ActivityRecord{106595693 u0 com.risa.app/.MainActivity t-1} flags=0x0}
01-20 20:43:04.681 D/ChangeTransitionController( 2561):    ChangeInfo{ee09414 container=ActivityRecord{159028841 u0 com.risa.app/.MainActivity t24819} flags=0x0}
01-20 20:43:04.681 V/WindowManager( 2561): Start calculating TransitionInfo based on participants: {Task{13c38ee #24819 type=standard I=com.risa.app/.MainActivity}, ActivityRecord{40965024 u0 com.sec.android.app.launcher/.activities.LauncherActivity t8}, WallpaperWindowToken{4e5306d showWhenLocked=false}_<system>, ActivityRecord{106595693 u0 com.risa.app/.MainActivity t-1}, ActivityRecord{159028841 u0 com.risa.app/.MainActivity t24819}, WallpaperWindowToken{a4685fa showWhenLocked=true}_<lock>}
01-20 20:43:04.681 V/WindowManager( 2561):   Final targets: [ChangeInfo{eea05 container=Task{13c38ee #24819 type=standard I=com.risa.app/.MainActivity} flags=0x30}, ChangeInfo{6855a5a container=Task{2185642 #1 type=home} flags=0x10}, ChangeInfo{f992181 container=WallpaperWindowToken{4e5306d showWhenLocked=false}_<system> flags=0x0}]
01-20 20:43:04.681 D/VRI[MainActivity]@74aa0cd( 5027): WindowStopped on com.risa.app/com.risa.app.MainActivity set to false
01-20 20:43:04.681 I/SurfaceControlRegistry( 2561): show, t=StartTransaction_SyncId<4339> sc=ActivityRecord{159028841 u0 com.risa.app/.MainActivity t24819}, caller=android.view.SurfaceControl$Transaction.show:3557 com.android.server.wm.Transition.onTransactionReady:2048 com.android.server.wm.BLASTSyncEngine$SyncGroup.finishNow:240 com.android.server.wm.BLASTSyncEngine.onSurfacePlacement:263 com.android.server.wm.RootWindowContainer.performSurfacePlacementNoTrace:1083 com.android.server.wm.WindowSurfacePlacer.performSurfacePlacement:166 
01-20 20:43:04.682 V/WindowManager( 2561):         {WCT{RemoteToken{7b5be9b Task{13c38ee #24819 type=standard I=com.risa.app/.MainActivity}}} m=TO_FRONT f=MOVE_TO_TOP leash=Surface(name=Task=24819)/@0xa946195 sb=Rect(0, 0 - 1080, 2340) eb=Rect(0, 0 - 1080, 2340) epz=Point(1080, 2340) d=0 endFixedRotation=1 taskParent=-1 inset=Rect(84, 84 - 0, 0) dim=true allowAppBgLayer=true},
01-20 20:43:04.683 D/SGM:FgCheckThread( 2561): noteResumeComponent(), received pkgName: com.risa.app, userId: 0
01-20 20:43:04.683 I/SDHMS:k ( 7006): handleResumeComponent : put = com.risa.app, userid = 0 instanceid =40541212
01-20 20:43:04.683 D/SGM:FgCheckThread( 2561): onLooperPrepared(), msg: MSG_APP_RESUME, pkgName: com.risa.app, userid: 0
01-20 20:43:04.683 D/SGM:FgCheckThread( 2561):   handleResume(). pkgName: com.risa.app, userId: 0, category: non-game
01-20 20:43:04.683 D/SGM:FgCheckThread( 2561): notifyFocusInOut(). of pkg: com.risa.app, type: 4, isSecGameFamily: false, userId: 0
01-20 20:43:04.684 D/GMR     ( 2561): fg_async : 5027 com.risa.app 850->0 state:16->2
01-20 20:43:04.685 D/GMR     ( 2561): fg : 5027 com.risa.app
01-20 20:43:04.688 V/WindowManager( 2561): Sent Transition (#4339) createdAt=01-20 20:43:04.658 via request=TransitionRequestInfo { type = OPEN, triggerTask = TaskInfo{userId=0 taskId=24819 effectiveUid=11308 displayId=0 isRunning=true baseIntent=Intent { act=android.intent.action.MAIN cat=[android.intent.category.LAUNCHER] flg=0x34000000 pkg=com.risa.app cmp=com.risa.app/.MainActivity } baseActivity=ComponentInfo{com.risa.app/com.risa.app.MainActivity} topActivity=ComponentInfo{com.risa.app/com.risa.app.MainActivity} origActivity=null realActivity=ComponentInfo{com.risa.app/com.risa.app.MainActivity} numActivities=1 lastActiveTime=216370846 supportsMultiWindow=true resizeMode=2 isResizeable=true minWidth=-1 minHeight=-1 maxWidth=-1 maxHeight=-1 defaultMinSize=220 desktopDefaultMinSize=304 token=WCT{RemoteToken{7b5be9b Task{13c38ee #24819 type=standard I=com.risa.app/.MainActivity}}} topActivityType=1 pictureInPictureParams=null shouldDockBigOverlays=false launchIntoPipHostTaskId=-1 lastParentTaskIdBeforePip=-1 displayCutoutSafeInsets=Rect(0, 84 - 0, 0) topActivityInfo=ActivityInfo{488474e com.risa.app.MainActivity} launchCookies=[android.os.BinderProxy@f75e75] positionInParent=Point(0, 0) parentTaskId=-1 isFocused=false isVisible=false isVisibleRequested=false isTopActivityNoDisplay=false isSleeping=false locusId=null displayAreaFeatureId=1 isTopActivityTransparent=false isActivityStackTransparent=false lastNonFullscreenBounds=Rect(81, 559 - 999, 1729) capturedLink=null capturedLinkTimestamp=0 requestedVisibleTypes=-9 topActivityRequestOpenInBrowserEducationTimestamp=0 appCompatTaskInfo=AppCompatTaskInfo { topActivityInSizeCompat=false eligibleForLetterboxEducation= false isLetterboxEducationEnabled= false isLetterboxDoubleTapEnabled= false eligibleForUserAspectRatioButton= false topActivityBoundsLetterboxed= false isFromLetterboxDoubleTap= false topActivityLetterboxVerticalPosition= -1 topActivityLetterboxHorizontalPosition= -1 topActivityLetterboxWidth=-1 topActivityLetterboxHeight=-1 topActivityAppBounds=Rect(0, 0 - 2340, 1080) isUserFullscreenOverrideEnabled=false isSystemFullscreenOverrideEnabled=false hasMinAspectRatioOverride=false topActivityLetterboxBounds=null cameraCompatTaskInfo=CameraCompatTaskInfo { freeformCameraCompatMode=inactive} topActivityBounds=null topActivityInDisplayCompat=false singleTapFromLetterbox=false} topActivityMainWindowFrame=null originallySupportedMultiWindow=true hasWallpaper=false rootAffinity=null isTopTaskInStage=false CoverLauncherWidgetTask=false LaunchedFromAppsCoverLauncherTask=false LaunchedFromMultistarCoverLauncherTask=false isAllowedSeamlessRotation=false isTopTransparentActivity=false isAliasManaged=false hasConfigChanged=false snappingGuideBounds=null isAiKeyRemoveAppTask=false lastDesktopWindowingBounds=null lastExternalDesktopWindowingBounds=null safeCutoutInsets=null}, pipChange = null, remoteTransition = RemoteTransition { remoteTransition = android.window.IRemoteTransition$Stub$Proxy@b990e0a, appThread = android.app.IApplicationThread$Stub$Proxy@82e367b, debugName = QuickstepLaunchflags =NONE }, displayChange = null, flags = 0, debugId = 4339 }
01-20 20:43:04.688 V/WindowManager( 2561):         {WCT{RemoteToken{7b5be9b Task{13c38ee #24819 type=standard I=com.risa.app/.MainActivity}}} m=TO_FRONT f=MOVE_TO_TOP leash=Surface(name=Task=24819)/@0xa946195 sb=Rect(0, 0 - 1080, 2340) eb=Rect(0, 0 - 1080, 2340) epz=Point(1080, 2340) d=0 endFixedRotation=1 taskParent=-1 inset=Rect(84, 84 - 0, 0) dim=true allowAppBgLayer=true},
01-20 20:43:04.690 D/SGM:GameManager( 2561): identifyForegroundApp. com.risa.app, mCurrentUserId: 0, callerUserId: 0
01-20 20:43:04.690 D/SGM:GameManager( 2561): identifyForegroundApp. com.risa.app, mCurrentUserId: 0, callerUserId: 0
01-20 20:43:04.691 I/SurfaceFlinger( 1737): RequestedLayer [ActivityRecord{159028841 u0 com.risa.app/.MainActivity t24819}#58522] hidden!! flag  from(1) --> to(0)
01-20 20:43:04.693 D/SGM:GameManager( 2561): identifyGamePackage. com.risa.app, mCurrentUserId: 0, callingMethodInfo: com.samsung.android.game.IGameManagerService$Stub.onTransact(IGameManagerService.java:247)
01-20 20:43:04.694 D/SGM:GameManager( 2561): identifyForegroundApp. com.risa.app, mCurrentUserId: 0, callerUserId: 0
01-20 20:43:04.696 D/InsetsSourceProvider( 2561): updateControlForTarget: control=InsetsSourceControl: {d6590000 mType=statusBars initiallyVisible mSurfacePosition=Point(0, 0) mInsetsHint=Insets{left=0, top=84, right=0, bottom=0}}, target=Window{8bc916 u0 com.risa.app/com.risa.app.MainActivity}, from=com.android.server.wm.InsetsStateController.onControlTargetChanged:83 com.android.server.wm.InsetsPolicy.updateBarControlTarget:212 com.android.server.wm.DisplayPolicy.updateSystemBarAttributes:262 com.android.server.wm.DisplayPolicy.finishPostLayoutPolicyLw:17 com.android.server.wm.RootWindowContainer.applySurfaceChangesTransaction$1:195 
01-20 20:43:04.697 D/InsetsSourceProvider( 2561): updateControlForTarget: control=InsetsSourceControl: {83f30001 mType=navigationBars initiallyVisible mSurfacePosition=Point(0, 2205) mInsetsHint=Insets{left=0, top=0, right=0, bottom=135}}, target=Window{8bc916 u0 com.risa.app/com.risa.app.MainActivity}, from=com.android.server.wm.InsetsStateController.onControlTargetChanged:83 com.android.server.wm.InsetsPolicy.updateBarControlTarget:225 com.android.server.wm.DisplayPolicy.updateSystemBarAttributes:262 com.android.server.wm.DisplayPolicy.finishPostLayoutPolicyLw:17 com.android.server.wm.RootWindowContainer.applySurfaceChangesTransaction$1:195 
01-20 20:43:04.697 D/WindowManager( 2561): updateSystemBarAttributes: displayId=0, focusedCanBeNavColorWin=false, win=Window{8bc916 u0 com.risa.app/com.risa.app.MainActivity}, navColorWin=Window{e29797a u0 com.sec.android.app.launcher/com.sec.android.app.launcher.activities.LauncherActivity}, caller=com.android.server.wm.DisplayPolicy.finishPostLayoutPolicyLw:17 com.android.server.wm.RootWindowContainer.applySurfaceChangesTransaction$1:195 com.android.server.wm.RootWindowContainer.performSurfacePlacementNoTrace:59 
01-20 20:43:04.697 D/SurfaceComposerClient( 2561): setCornerRadius ## 8bc916 com.risa.app/com.risa.app.MainActivity#58536 cornerRadius=0.000000
01-20 20:43:04.795 D/SurfaceComposerClient( 2561): setCornerRadius ## 8bc916 com.risa.app/com.risa.app.MainActivity#58536 cornerRadius=0.000000
01-20 20:43:04.820 I/SV[15072527 MainActivity]( 5027): onWindowVisibilityChanged(0) false io.flutter.embedding.android.FlutterSurfaceView{e5fd0f V.E...... ......ID 0,0-2340,1080} of VRI[MainActivity]@74aa0cd
01-20 20:43:04.821 D/MdnieScenarioControlService( 2561):  packageName : com.risa.app    className : com.risa.app.MainActivity
01-20 20:43:04.821 I/WindowManager( 2561): Relayout Window{8bc916 u0 com.risa.app/com.risa.app.MainActivity}: viewVisibility=0 req=2340x1080 ty=1 d0
01-20 20:43:04.821 I/SurfaceFlinger( 1737): id=58663 createSurf, flag=44004, com.risa.app/com.risa.app.MainActivity$_5027#58663
01-20 20:43:04.821 D/WindowManager( 2561): makeSurface duration=0 name=com.risa.app/com.risa.app.MainActivity$_5027
01-20 20:43:04.821 D/SurfaceComposerClient( 2561): setCornerRadius ## 8bc916 com.risa.app/com.risa.app.MainActivity#58536 cornerRadius=0.000000
01-20 20:43:04.822 D/SurfaceComposerClient( 2561): setCornerRadius ## 8bc916 com.risa.app/com.risa.app.MainActivity#58536 cornerRadius=0.000000
01-20 20:43:04.822 D/WindowManager( 2561): Changing focus from null to Window{8bc916 u0 com.risa.app/com.risa.app.MainActivity} displayId=0 Callers=com.android.server.wm.WindowManagerService.relayoutWindow:1350 com.android.server.wm.Session.relayout:27 android.view.IWindowSession$Stub.onTransact:829 com.android.server.wm.Session.onTransact:1 
01-20 20:43:04.822 V/SystemKeyManager( 2561): updateFocusedWindow() is called, com.risa.app/com.risa.app.MainActivity
01-20 20:43:04.823 I/InsetsController( 5027): onStateChanged: host=com.risa.app/com.risa.app.MainActivity, from=android.view.ViewRootImpl.onInsetsStateChanged:3026, state=InsetsState: {mDisplayFrame=Rect(0, 0 - 2340, 1080), mDisplayCutout=DisplayCutout{insets=Rect(84, 0 - 0, 0) waterfall=Insets{left=0, top=0, right=0, bottom=0} boundingRect={Bounds=[Rect(0, 514 - 84, 565), Rect(0, 0 - 0, 0), Rect(0, 0 - 0, 0), Rect(0, 0 - 0, 0)]} cutoutPathParserInfo={CutoutPathParserInfo{displayWidth=1080 displayHeight=2340 physicalDisplayWidth=1080 physicalDisplayHeight=2340 density={2.8125} cutoutSpec={M 0,0 H -9.066666666666667 V 29.86666666666667 H 9.066666666666667 V 0 H 0 Z @dp} rotation={1} scale={1.0} physicalPixelDisplaySizeRatio={1.0}}} sideOverrides={}}, mRoundedCorners=RoundedCorners{[RoundedCorner{position=TopLeft, radius=101, center=Point(101, 101)}, RoundedCorner{position=TopRight, radius=101, center=Point(2239, 101)}, RoundedCorner{position=BottomRight, radius=101, center=Point(2239, 979)}, RoundedCorner{position=BottomLeft, radius=101, center=Point(101, 979)}]}  mRoundedCornerFrame=Rect(0, 0 - 2340, 1080), mPrivacyIndicatorBounds=PrivacyIndicatorBounds {static bounds=Rect(2216, 0 - 2340, 84) rotation=1}, mDisplayShape=DisplayShape{ spec=1406003047 displayWidth=1080 displayHeight=2340 physicalPixelDisplaySizeRatio=0.75 rotation=1 offsetX=0 offsetY=0 scale=1.0}, mSources= { InsetsSource: {83f30001 mType=navigationBars mFrame=[2205,0][2340,1080] mVisible=true mFlags= mSideHint=RIGHT mBoundingRects=null}, InsetsSource: {83f30004 mType=systemGestures mFrame=[0,0][0,0] mVisible=true mFlags= mSideHint=NONE mBoundingRects=null}, InsetsSource: {83f30005 mType=mandatorySystemGestures mFrame=[2205,0][2340,1080] mVisible=true mFlags= mSideHint=RIGHT mBoundingRects=null}, InsetsSource: {83f30006 mType=tappableElement mFrame=[2205,0][2340,1080] mVisible=true mFlags= mSideHint=RIGHT mBoundingRects=null}, InsetsSource: {83f30024 mType=systemGestures mFrame=[0,0][0,0] mVisible=true mFlags= mSideHint=NONE mBoundingRects=null}, InsetsSource: {d6590000 mType=statusBars mFrame=[0,0][2340,84] mVisible=true mFlags= mSideHint=TOP mBoundingRects=null}, InsetsSource: {d6590005 mType=mandatorySystemGestures mFrame=[0,0][2340,84] mVisible=true mFlags= mSideHint=TOP mBoundingRects=null}, InsetsSource: {d6590006 mType=tappableElement mFrame=[0,0][2340,84] mVisible=true mFlags= mSideHint=TOP mBoundingRects=null}, InsetsSource: {7 mType=displayCutout mFrame=[0,0][84,1080] mVisible=true mFlags= mSideHint=LEFT mBoundingRects=null} }
01-20 20:43:04.823 I/InsetsSourceConsumer( 5027): applyRequestedVisibilityToControl: visible=true, type=statusBars, host=com.risa.app/com.risa.app.MainActivity
01-20 20:43:04.824 I/InsetsSourceConsumer( 5027): applyRequestedVisibilityToControl: visible=true, type=navigationBars, host=com.risa.app/com.risa.app.MainActivity
01-20 20:43:04.825 I/SurfaceFlinger( 1737): [com.risa.app/com.risa.app.MainActivity$_5027#58663] attach to parent LayerHierarchy{RequestedLayerState{8bc916 com.risa.app/com.risa.app.MainActivity#58536 parentId=58522} 1 children}
01-20 20:43:04.845 D/SurfaceFlinger( 1737): [input] setFocusedWindow: 8bc916 com.risa.app/com.risa.app.MainActivity
01-20 20:43:04.845 D/InputDispatcher( 2561): Once focus requested (0): 8bc916 com.risa.app/com.risa.app.MainActivity
01-20 20:43:04.845 D/InputDispatcher( 2561): Focus request (0): 8bc916 com.risa.app/com.risa.app.MainActivity but waiting because NO_WINDOW
01-20 20:43:04.905 I/SV[15072527 MainActivity]( 5027): windowStopped(false) true io.flutter.embedding.android.FlutterSurfaceView{e5fd0f V.E...... ......ID 0,0-2340,1080} of VRI[MainActivity]@74aa0cd
01-20 20:43:04.905 I/SurfaceFlinger( 1737): id=58664 createSurf, flag=20004, Bounds for - com.risa.app/com.risa.app.MainActivity@1#58664
01-20 20:43:04.906 I/SurfaceFlinger( 1737): id=58665 createSurf, flag=84004, e5fd0f SurfaceView[com.risa.app/com.risa.app.MainActivity]@0#58665
01-20 20:43:04.906 I/SurfaceFlinger( 1737): id=58666 createSurf, flag=44400, e5fd0f SurfaceView[com.risa.app/com.risa.app.MainActivity]@0(BLAST)#58666
01-20 20:43:04.906 I/SurfaceFlinger( 1737): id=58667 createSurf, flag=20404, Background for e5fd0f SurfaceView[com.risa.app/com.risa.app.MainActivity]@0#58667
01-20 20:43:04.907 I/BLASTBufferQueue_Java( 5027): new BLASTBufferQueue, mName= e5fd0f SurfaceView[com.risa.app/com.risa.app.MainActivity]@0 mNativeObject= 0xb4000079a054ba80 caller= android.view.SurfaceView.createBlastSurfaceControls:1781 android.view.SurfaceView.updateSurface:1450 android.view.SurfaceView.setWindowStopped:539 android.view.SurfaceView.surfaceCreated:2327 android.view.ViewRootImpl.notifySurfaceCreated:3502 android.view.ViewRootImpl.performTraversals:5286 android.view.ViewRootImpl.doTraversal:3924 android.view.ViewRootImpl$TraversalRunnable.run:12903 android.view.Choreographer$CallbackRecord.run:1901 android.view.Choreographer$CallbackRecord.run:1910 
01-20 20:43:04.907 I/BLASTBufferQueue_Java( 5027): update, w= 2340 h= 1080 mName = e5fd0f SurfaceView[com.risa.app/com.risa.app.MainActivity]@0 mNativeObject= 0xb4000079a054ba80 sc.mNativeObject= 0xb40000787050ee10 format= 4 caller= android.view.SurfaceView.createBlastSurfaceControls:1782 android.view.SurfaceView.updateSurface:1450 android.view.SurfaceView.setWindowStopped:539 android.view.SurfaceView.surfaceCreated:2327 android.view.ViewRootImpl.notifySurfaceCreated:3502 android.view.ViewRootImpl.performTraversals:5286 
01-20 20:43:04.907 D/SurfaceComposerClient( 5027): setCornerRadius ## e5fd0f SurfaceView[com.risa.app/com.risa.app.MainActivity]@0#58665 cornerRadius=0.000000
01-20 20:43:04.908 I/SV[15072527 MainActivity]( 5027): surfaceCreated 1 #1 io.flutter.embedding.android.FlutterSurfaceView{e5fd0f V.E...... ......ID 0,0-2340,1080}
01-20 20:43:04.908 I/SurfaceFlinger( 1737): [Bounds for - com.risa.app/com.risa.app.MainActivity@1#58664] attach to parent LayerHierarchy{RequestedLayerState{com.risa.app/com.risa.app.MainActivity$_5027#58663 parentId=58536} 1 children}
01-20 20:43:04.908 I/SurfaceFlinger( 1737): [e5fd0f SurfaceView[com.risa.app/com.risa.app.MainActivity]@0#58665] attach to parent LayerHierarchy{RequestedLayerState{Bounds for - com.risa.app/com.risa.app.MainActivity@1#58664 parentId=58663} 1 children}
01-20 20:43:04.908 I/SurfaceFlinger( 1737): [e5fd0f SurfaceView[com.risa.app/com.risa.app.MainActivity]@0(BLAST)#58666] attach to parent LayerHierarchy{RequestedLayerState{e5fd0f SurfaceView[com.risa.app/com.risa.app.MainActivity]@0#58665 parentId=58664} 1 children}
01-20 20:43:04.908 I/SurfaceFlinger( 1737): [Background for e5fd0f SurfaceView[com.risa.app/com.risa.app.MainActivity]@0#58667] attach to parent LayerHierarchy{RequestedLayerState{e5fd0f SurfaceView[com.risa.app/com.risa.app.MainActivity]@0#58665 parentId=58664} 2 children}
01-20 20:43:04.931 I/SV[15072527 MainActivity]( 5027): surfaceChanged (2340,1080) 1 #1 io.flutter.embedding.android.FlutterSurfaceView{e5fd0f V.E...... ......ID 0,0-2340,1080}
01-20 20:43:04.948 I/SurfaceFlinger( 1737): [com.risa.app/com.risa.app.MainActivity$_5027#58663] setTransactionState with the first frame. bufferData(ID: 21590800597041, frameNumber: 1)
01-20 20:43:04.958 I/SurfaceFlinger( 1737): RequestedLayer [e5fd0f SurfaceView[com.risa.app/com.risa.app.MainActivity]@0#58665] hidden!! flag  from(1) --> to(0)
01-20 20:43:04.958 I/SurfaceFlinger( 1737): RequestedLayer [Bounds for - com.risa.app/com.risa.app.MainActivity@1#58664] hidden!! flag  from(1) --> to(0)
01-20 20:43:04.958 I/SurfaceFlinger( 1737): RequestedLayer [Background for e5fd0f SurfaceView[co[...]p/com.risa.app.MainActivity]@0#58667] hidden!! flag  from(1) --> to(0)
01-20 20:43:04.958 I/SurfaceFlinger( 1737): [LayerHierarchy{RequestedLayerState{e5fd0f SurfaceView[com.risa.app/com.risa.app.MainActivity]@0#58665 parentId=58664 relativeParentId=58663 z=-2} 2 children}] RelativeParent to LayerHierarchy{RequestedLayerState{com.risa.app/com.risa.app.MainActivity$_5027#58663 parentId=58536} 2 children}
01-20 20:43:04.958 I/SurfaceFlinger( 1737): [LayerHierarchy{RequestedLayerState{Background for e5fd0f SurfaceView[com.risa.app/com.risa.app.MainActivity]@0#58667 parentId=58665 relativeParentId=58663 z=-2147483648} no children}] RelativeParent to LayerHierarchy{RequestedLayerState{com.risa.app/com.risa.app.MainActivity$_5027#58663 parentId=58536} 3 children}
01-20 20:43:05.031 V/WindowManager( 2561):    ChangeInfo{eea05 container=Task{13c38ee #24819 type=standard I=com.risa.app/.MainActivity} flags=0x30}
01-20 20:43:05.031 V/WindowManager( 2561):    ChangeInfo{b6c2087 container=ActivityRecord{106595693 u0 com.risa.app/.MainActivity t-1} flags=0x0}
01-20 20:43:05.031 V/WindowManager( 2561):    ChangeInfo{ee09414 container=ActivityRecord{159028841 u0 com.risa.app/.MainActivity t24819} flags=0x0}
01-20 20:43:05.032 D/WindowManager( 2561): rotationForOrientation, orientationSource=ActivityRecord{159028841 u0 com.risa.app/.MainActivity t24819}
01-20 20:43:05.035 D/WindowManager( 2561): prepareSync <SYNC_STATE_WAITING_FOR_DRAW>, mPrepareSyncSeqId=0, win=Window{8bc916 u0 com.risa.app/com.risa.app.MainActivity}
01-20 20:43:05.035 V/WindowManager( 2561): Override sync-method for 8bc916 com.risa.app/com.risa.app.MainActivity because seamless rotating, caller=com.android.server.wm.DisplayContent.setSeamlessTransitionForFixedRotation:22 com.android.server.wm.DisplayContent.requestChangeTransition:96 com.android.server.wm.DisplayRotation.updateRotationUnchecked:760 com.android.server.wm.DisplayRotation.updateOrientation:79 com.android.server.wm.DisplayContent.continueUpdateOrientationForDiffOrienLaunchingApp:63 
01-20 20:43:05.035 D/ChangeTransitionController( 2561):    ChangeInfo{eea05 container=Task{13c38ee #24819 type=standard I=com.risa.app/.MainActivity} flags=0x30}
01-20 20:43:05.035 D/ChangeTransitionController( 2561):    ChangeInfo{b6c2087 container=ActivityRecord{106595693 u0 com.risa.app/.MainActivity t-1} flags=0x0}
01-20 20:43:05.035 D/ChangeTransitionController( 2561):    ChangeInfo{ee09414 container=ActivityRecord{159028841 u0 com.risa.app/.MainActivity t24819} flags=0x0}
01-20 20:43:05.037 D/AudioFlinger( 1724): setParameters: filtered dev setParameters keyvalue g_hw_display_rotation=1
01-20 20:43:05.061 V/WindowManager( 2561): Collecting in transition 4340: Task{13c38ee #24819 type=standard I=com.risa.app/.MainActivity}, caller=com.android.server.wm.TransitionController$$ExternalSyntheticLambda2.accept:34 com.android.server.wm.Task.forAllLeafTasks:6 com.android.server.wm.WindowContainer.forAllLeafTasks:4 com.android.server.wm.DisplayArea.forAllLeafTasks:4 com.android.server.wm.WindowContainer.forAllLeafTasks:4 
01-20 20:43:05.061 V/WindowManager( 2561): Collecting in transition 4340: ActivityRecord{159028841 u0 com.risa.app/.MainActivity t24819}, caller=com.android.server.wm.TransitionController$$ExternalSyntheticLambda2.accept:21 com.android.server.wm.ActivityRecord.forAllActivities:2 com.android.server.wm.WindowContainer.forAllActivities:8 com.android.server.wm.WindowContainer.forAllActivities:6 com.android.server.wm.TransitionController$$ExternalSyntheticLambda2.accept:107 
01-20 20:43:05.066 D/SurfaceComposerClient( 2561): setCornerRadius ## 8bc916 com.risa.app/com.risa.app.MainActivity#58536 cornerRadius=0.000000
01-20 20:43:05.066 D/SurfaceComposerClient( 2561): setCornerRadius ## 8bc916 com.risa.app/com.risa.app.MainActivity#58536 cornerRadius=0.000000
01-20 20:43:05.120 I/BLASTBufferQueue( 5027): [e5fd0f SurfaceView[com.risa.app/com.risa.app.MainActivity]@0#3](f:0,a:0,s:0) onFrameAvailable the first frame is available
01-20 20:43:05.120 I/SurfaceFlinger( 1737): [e5fd0f SurfaceView[com.risa.app/com.risa.app.MainActivity]@0(BLAST)#58666] setTransactionState with the first frame. bufferData(ID: 21590800597036, frameNumber: 1)
01-20 20:43:05.177 D/NetdEventListenerService( 2561): DNS Requested by 126, 11308(com.risa.app), SUCCESS, 1ms
01-20 20:43:05.181 D/NetdEventListenerService( 2561): DNS Requested by 126, 11308(com.risa.app), SUCCESS, 1ms
01-20 20:43:05.185 D/NetdEventListenerService( 2561): DNS Requested by 126, 11308(com.risa.app), SUCCESS, 3ms
