01-20 20:49:06.134 V/WindowManager( 2561): Collecting in transition 4350: Task{13c38ee #24819 type=standard I=com.risa.app/.MainActivity}, caller=com.android.server.wm.TransitionController$$ExternalSyntheticLambda2.accept:34 com.android.server.wm.Task.forAllLeafTasks:6 com.android.server.wm.WindowContainer.forAllLeafTasks:4 com.android.server.wm.DisplayArea.forAllLeafTasks:4 com.android.server.wm.WindowContainer.forAllLeafTasks:4 
01-20 20:49:06.134 V/WindowManager( 2561): Collecting in transition 4350: ActivityRecord{159028841 u0 com.risa.app/.MainActivity t24819}, caller=com.android.server.wm.TransitionController$$ExternalSyntheticLambda2.accept:21 com.android.server.wm.ActivityRecord.forAllActivities:2 com.android.server.wm.WindowContainer.forAllActivities:8 com.android.server.wm.WindowContainer.forAllActivities:6 com.android.server.wm.TransitionController$$ExternalSyntheticLambda2.accept:107 
01-20 20:49:06.143 D/SurfaceComposerClient( 2561): setCornerRadius ## 8bc916 com.risa.app/com.risa.app.MainActivity#58536 cornerRadius=0.000000
01-20 20:49:06.144 D/SurfaceComposerClient( 2561): setCornerRadius ## 8bc916 com.risa.app/com.risa.app.MainActivity#58536 cornerRadius=0.000000
01-20 20:49:06.172 I/InsetsSourceConsumer( 5027): applyRequestedVisibilityToControl: visible=true, type=statusBars, host=com.risa.app/com.risa.app.MainActivity
01-20 20:49:06.172 I/InsetsSourceConsumer( 5027): applyRequestedVisibilityToControl: visible=true, type=navigationBars, host=com.risa.app/com.risa.app.MainActivity
01-20 20:49:06.173 I/InsetsController( 5027): onStateChanged: host=com.risa.app/com.risa.app.MainActivity, from=android.view.ViewRootImpl.onInsetsStateChanged:3026, state=InsetsState: {mDisplayFrame=Rect(0, 0 - 2340, 1080), mDisplayCutout=DisplayCutout{insets=Rect(84, 0 - 0, 0) waterfall=Insets{left=0, top=0, right=0, bottom=0} boundingRect={Bounds=[Rect(0, 514 - 84, 565), Rect(0, 0 - 0, 0), Rect(0, 0 - 0, 0), Rect(0, 0 - 0, 0)]} cutoutPathParserInfo={CutoutPathParserInfo{displayWidth=1080 displayHeight=2340 physicalDisplayWidth=1080 physicalDisplayHeight=2340 density={2.8125} cutoutSpec={M 0,0 H -9.066666666666667 V 29.86666666666667 H 9.066666666666667 V 0 H 0 Z @dp} rotation={1} scale={1.0} physicalPixelDisplaySizeRatio={1.0}}} sideOverrides={}}, mRoundedCorners=RoundedCorners{[RoundedCorner{position=TopLeft, radius=101, center=Point(101, 101)}, RoundedCorner{position=TopRight, radius=101, center=Point(2239, 101)}, RoundedCorner{position=BottomRight, radius=101, center=Point(2239, 979)}, RoundedCorner{position=BottomLeft, radius=101, center=Point(101, 979)}]}  mRoundedCornerFrame=Rect(0, 0 - 2340, 1080), mPrivacyIndicatorBounds=PrivacyIndicatorBounds {static bounds=Rect(2216, 0 - 2340, 84) rotation=1}, mDisplayShape=DisplayShape{ spec=1406003047 displayWidth=1080 displayHeight=2340 physicalPixelDisplaySizeRatio=0.75 rotation=1 offsetX=0 offsetY=0 scale=1.0}, mSources= { InsetsSource: {83f30001 mType=navigationBars mFrame=[2205,0][2340,1080] mVisible=true mFlags= mSideHint=RIGHT mBoundingRects=null}, InsetsSource: {83f30004 mType=systemGestures mFrame=[0,0][0,0] mVisible=true mFlags= mSideHint=NONE mBoundingRects=null}, InsetsSource: {83f30005 mType=mandatorySystemGestures mFrame=[2205,0][2340,1080] mVisible=true mFlags= mSideHint=RIGHT mBoundingRects=null}, InsetsSource: {83f30006 mType=tappableElement mFrame=[2205,0][2340,1080] mVisible=true mFlags= mSideHint=RIGHT mBoundingRects=null}, InsetsSource: {83f30024 mType=systemGestures mFrame=[0,0][0,0] mVisible=true mFlags= mSideHint=NONE mBoundingRects=null}, InsetsSource: {d6590000 mType=statusBars mFrame=[0,0][2340,84] mVisible=true mFlags= mSideHint=TOP mBoundingRects=null}, InsetsSource: {d6590005 mType=mandatorySystemGestures mFrame=[0,0][2340,84] mVisible=true mFlags= mSideHint=TOP mBoundingRects=null}, InsetsSource: {d6590006 mType=tappableElement mFrame=[0,0][2340,84] mVisible=true mFlags= mSideHint=TOP mBoundingRects=null}, InsetsSource: {3 mType=ime mFrame=[0,0][0,0] mVisible=false mFlags= mSideHint=NONE mBoundingRects=null}, InsetsSource: {7 mType=displayCutout mFrame=[0,0][84,1080] mVisible=true mFlags= mSideHint=LEFT mBoundingRects=null} }
01-20 20:49:06.232 D/NetdEventListenerService( 2561): DNS Requested by 126, 11308(com.risa.app), SUCCESS, 49ms
01-20 20:49:06.236 D/NetdEventListenerService( 2561): DNS Requested by 126, 11308(com.risa.app), SUCCESS, 35ms
01-20 20:49:06.244 I/BLASTBufferQueue( 5027): [e5fd0f SurfaceView[com.risa.app/com.risa.app.MainActivity]@0#5](f:0,a:0,s:0) onFrameAvailable the first frame is available
01-20 20:49:06.244 I/SurfaceFlinger( 1737): [e5fd0f SurfaceView[com.risa.app/com.risa.app.MainActivity]@0(BLAST)#58784] setTransactionState with the first frame. bufferData(ID: 21590800597062, frameNumber: 1)
01-20 20:49:06.250 D/NetdEventListenerService( 2561): DNS Requested by 126, 11308(com.risa.app), SUCCESS, 39ms
01-20 20:49:06.253 D/NetdEventListenerService( 2561): DNS Requested by 126, 11308(com.risa.app), SUCCESS, 36ms
01-20 20:49:06.327 D/ChangeTransitionController( 2561):    ChangeInfo{848d485 container=Task{13c38ee #24819 type=standard I=com.risa.app/.MainActivity} flags=0x0}
01-20 20:49:06.327 D/ChangeTransitionController( 2561):    ChangeInfo{fbd430b container=ActivityRecord{159028841 u0 com.risa.app/.MainActivity t24819} flags=0x0}
01-20 20:49:06.327 V/WindowManager( 2561): Start calculating TransitionInfo based on participants: {Task{13c38ee #24819 type=standard I=com.risa.app/.MainActivity}, Display{#0 state=ON size=2340x1080 ROTATION_90}, ActivityRecord{159028841 u0 com.risa.app/.MainActivity t24819}}
01-20 20:49:06.327 V/WindowManager( 2561):   Final targets: [ChangeInfo{848d485 container=Task{13c38ee #24819 type=standard I=com.risa.app/.MainActivity} flags=0x0}, ChangeInfo{38515e8 container=DefaultTaskDisplayArea_d0@204067041 flags=0x10}, ChangeInfo{ba132da container=Display{#0 state=ON size=2340x1080 ROTATION_90} flags=0x1}]
01-20 20:49:06.328 I/SurfaceControlRegistry( 2561): show, t=StartTransaction_SyncId<4350> sc=ActivityRecord{159028841 u0 com.risa.app/.MainActivity t24819}, caller=android.view.SurfaceControl$Transaction.show:3557 com.android.server.wm.Transition.onTransactionReady:2048 com.android.server.wm.BLASTSyncEngine$SyncGroup.finishNow:240 com.android.server.wm.BLASTSyncEngine.onSurfacePlacement:263 com.android.server.wm.RootWindowContainer.performSurfacePlacementNoTrace:1083 com.android.server.wm.WindowSurfacePlacer.performSurfacePlacement:166 
01-20 20:49:06.329 V/WindowManager( 2561):         {WCT{RemoteToken{7b5be9b Task{13c38ee #24819 type=standard I=com.risa.app/.MainActivity}}} m=CHANGE f=NONE p=WCT{RemoteToken{bfd8f40 DefaultTaskDisplayArea_d0@204067041}} leash=Surface(name=Task=24819)/@0xa946195 sb=Rect(0, 0 - 1080, 2340) eb=Rect(0, 0 - 2340, 1080) epz=Point(2340, 1080) d=0 r=0->1:0 taskParent=-1 inset=Rect(84, 84 - 135, 0) allowAppBgLayer=true},
01-20 20:49:06.330 V/WindowManager( 2561):         {WCT{RemoteToken{7b5be9b Task{13c38ee #24819 type=standard I=com.risa.app/.MainActivity}}} m=CHANGE f=NONE p=WCT{RemoteToken{bfd8f40 DefaultTaskDisplayArea_d0@204067041}} leash=Surface(name=Task=24819)/@0xa946195 sb=Rect(0, 0 - 1080, 2340) eb=Rect(0, 0 - 2340, 1080) epz=Point(2340, 1080) d=0 r=0->1:0 taskParent=-1 inset=Rect(84, 84 - 135, 0) allowAppBgLayer=true},
01-20 20:49:06.332 D/SurfaceComposerClient( 2561): setCornerRadius ## 8bc916 com.risa.app/com.risa.app.MainActivity#58536 cornerRadius=0.000000
01-20 20:49:06.332 D/SurfaceComposerClient( 2561): setCornerRadius ## 8bc916 com.risa.app/com.risa.app.MainActivity#58536 cornerRadius=0.000000
01-20 20:49:06.333 D/SurfaceComposerClient( 2561): setCornerRadius ## 8bc916 com.risa.app/com.risa.app.MainActivity#58536 cornerRadius=0.000000
01-20 20:49:06.334 D/AudioFlinger( 1724): setParameters: filtered dev setParameters keyvalue screen_state=on
01-20 20:49:06.334 D/SurfaceComposerClient( 2561): setCornerRadius ## 8bc916 com.risa.app/com.risa.app.MainActivity#58536 cornerRadius=0.000000
01-20 20:49:06.334 D/SurfaceComposerClient( 2561): setCornerRadius ## 8bc916 com.risa.app/com.risa.app.MainActivity#58536 cornerRadius=0.000000
01-20 20:49:06.334 D/SurfaceComposerClient( 2561): setCornerRadius ## 8bc916 com.risa.app/com.risa.app.MainActivity#58536 cornerRadius=0.000000
01-20 20:49:06.335 D/WindowManager( 2561): finishDrawingWindow: Window{8bc916 u0 com.risa.app/com.risa.app.MainActivity} mDrawState=DRAW_PENDING seqId=0
01-20 20:49:06.340 D/WindowManager( 2561): finishDrawingWindow: Window{8bc916 u0 com.risa.app/com.risa.app.MainActivity} mDrawState=COMMIT_DRAW_PENDING seqId=0
01-20 20:49:06.342 D/SurfaceComposerClient( 2561): setCornerRadius ## 8bc916 com.risa.app/com.risa.app.MainActivity#58536 cornerRadius=0.000000
01-20 20:49:06.342 V/WindowManager( 2561): Finish starting ActivityRecord{159028841 u0 com.risa.app/.MainActivity t24819}: first real window is shown, no animation
01-20 20:49:06.342 I/ActivityTaskManager( 2561): done cause=notifyWindowsDrawn timestamp=183709793594606 info=TransitionInfo{b89a894 a=ActivityRecord{159028841 u0 com.risa.app/.MainActivity t24819} d=true}
01-20 20:49:06.342 V/WindowManager( 2561): performShowLocked: mDrawState=HAS_DRAWN in Window{8bc916 u0 com.risa.app/com.risa.app.MainActivity}
01-20 20:49:06.342 D/SurfaceComposerClient( 2561): setCornerRadius ## 8bc916 com.risa.app/com.risa.app.MainActivity#58536 cornerRadius=0.000000
01-20 20:49:06.346 D/SurfaceComposerClient( 2561): setCornerRadius ## 8bc916 com.risa.app/com.risa.app.MainActivity#58536 cornerRadius=0.000000
01-20 20:49:06.346 D/SurfaceComposerClient( 2561): setCornerRadius ## 8bc916 com.risa.app/com.risa.app.MainActivity#58536 cornerRadius=0.000000
01-20 20:49:06.349 D/SurfaceComposerClient( 2561): setCornerRadius ## 8bc916 com.risa.app/com.risa.app.MainActivity#58536 cornerRadius=0.000000
01-20 20:49:06.351 D/SurfaceComposerClient( 2561): setCornerRadius ## 8bc916 com.risa.app/com.risa.app.MainActivity#58536 cornerRadius=0.000000
01-20 20:49:06.351 D/SurfaceComposerClient( 2561): setCornerRadius ## 8bc916 com.risa.app/com.risa.app.MainActivity#58536 cornerRadius=0.000000
01-20 20:49:06.352 D/SurfaceComposerClient( 2561): setCornerRadius ## 8bc916 com.risa.app/com.risa.app.MainActivity#58536 cornerRadius=0.000000
01-20 20:49:06.358 I/SurfaceFlinger( 1737): RequestedLayer [com.risa.app/com.risa.app.MainActivity$_5027#58779] hidden!! flag  from(1) --> to(0)
01-20 20:49:06.360 D/SurfaceComposerClient( 2561): setCornerRadius ## 8bc916 com.risa.app/com.risa.app.MainActivity#58536 cornerRadius=0.000000
01-20 20:49:06.362 D/SurfaceFlinger( 1737):        DEVICE |           21590800597063 | 00000102 | RGBA_8888    |    0.0    0.0 2340.0 1080.0 |    0    0 1080 2340 | e5fd0f SurfaceView[com.risa.app/com.risa.app.MainActivity]@0(BLAST)#58784 (7)
01-20 20:49:06.362 D/SurfaceFlinger( 1737):        DEVICE |           21590800597068 | 00002100 | RGBA_8888    |    0.0    0.0 1080.0 2340.0 |    0    0 1080 2340 | com.risa.app/com.risa.app.MainActivity$_5027#58779 (2)
01-20 20:49:06.363 D/InputDispatcher( 2561): Focus entered window (0): 8bc916 com.risa.app/com.risa.app.MainActivity
01-20 20:49:06.367 I/ImeTracker( 2561): com.risa.app:6d07dee8: onRequestHide at ORIGIN_SERVER reason HIDE_UNSPECIFIED_WINDOW fromUser false
01-20 20:49:06.367 I/ImeTracker( 5027): com.risa.app:6d07dee8: onCancelled at PHASE_CLIENT_ALREADY_HIDDEN
01-20 20:49:06.373 D/SurfaceComposerClient( 2561): setCornerRadius ## 8bc916 com.risa.app/com.risa.app.MainActivity#58536 cornerRadius=0.000000
01-20 20:49:06.374 D/SurfaceComposerClient( 2561): setCornerRadius ## 8bc916 com.risa.app/com.risa.app.MainActivity#58536 cornerRadius=0.000000
01-20 20:49:06.375 I/InsetsController( 5027): onStateChanged: host=com.risa.app/com.risa.app.MainActivity, from=android.view.ViewRootImpl.onInsetsStateChanged:3026, state=InsetsState: {mDisplayFrame=Rect(0, 0 - 2340, 1080), mDisplayCutout=DisplayCutout{insets=Rect(84, 0 - 0, 0) waterfall=Insets{left=0, top=0, right=0, bottom=0} boundingRect={Bounds=[Rect(0, 514 - 84, 565), Rect(0, 0 - 0, 0), Rect(0, 0 - 0, 0), Rect(0, 0 - 0, 0)]} cutoutPathParserInfo={CutoutPathParserInfo{displayWidth=1080 displayHeight=2340 physicalDisplayWidth=1080 physicalDisplayHeight=2340 density={2.8125} cutoutSpec={M 0,0 H -9.066666666666667 V 29.86666666666667 H 9.066666666666667 V 0 H 0 Z @dp} rotation={1} scale={1.0} physicalPixelDisplaySizeRatio={1.0}}} sideOverrides={}}, mRoundedCorners=RoundedCorners{[RoundedCorner{position=TopLeft, radius=101, center=Point(101, 101)}, RoundedCorner{position=TopRight, radius=101, center=Point(2239, 101)}, RoundedCorner{position=BottomRight, radius=101, center=Point(2239, 979)}, RoundedCorner{position=BottomLeft, radius=101, center=Point(101, 979)}]}  mRoundedCornerFrame=Rect(0, 0 - 2340, 1080), mPrivacyIndicatorBounds=PrivacyIndicatorBounds {static bounds=Rect(2216, 0 - 2340, 84) rotation=1}, mDisplayShape=DisplayShape{ spec=1406003047 displayWidth=1080 displayHeight=2340 physicalPixelDisplaySizeRatio=0.75 rotation=1 offsetX=0 offsetY=0 scale=1.0}, mSources= { InsetsSource: {83f30001 mType=navigationBars mFrame=[2205,0][2340,1080] mVisible=true mFlags= mSideHint=RIGHT mBoundingRects=null}, InsetsSource: {83f30004 mType=systemGestures mFrame=[0,0][0,0] mVisible=true mFlags= mSideHint=NONE mBoundingRects=null}, InsetsSource: {83f30005 mType=mandatorySystemGestures mFrame=[2205,0][2340,1080] mVisible=true mFlags= mSideHint=RIGHT mBoundingRects=null}, InsetsSource: {83f30006 mType=tappableElement mFrame=[2205,0][2340,1080] mVisible=true mFlags= mSideHint=RIGHT mBoundingRects=null}, InsetsSource: {83f30024 mType=systemGestures mFrame=[0,0][0,0] mVisible=true mFlags= mSideHint=NONE mBoundingRects=null}, InsetsSource: {d6590000 mType=statusBars mFrame=[0,0][2340,84] mVisible=true mFlags= mSideHint=TOP mBoundingRects=null}, InsetsSource: {d6590005 mType=mandatorySystemGestures mFrame=[0,0][2340,84] mVisible=true mFlags= mSideHint=TOP mBoundingRects=null}, InsetsSource: {d6590006 mType=tappableElement mFrame=[0,0][2340,84] mVisible=true mFlags= mSideHint=TOP mBoundingRects=null}, InsetsSource: {3 mType=ime mFrame=[0,0][0,0] mVisible=false mFlags= mSideHint=NONE mBoundingRects=null}, InsetsSource: {7 mType=displayCutout mFrame=[0,0][84,1080] mVisible=true mFlags= mSideHint=LEFT mBoundingRects=null} }
01-20 20:49:06.378 D/SurfaceComposerClient( 2561): setCornerRadius ## 8bc916 com.risa.app/com.risa.app.MainActivity#58536 cornerRadius=0.000000
01-20 20:49:06.386 I/HBD     ( 7648): b [AiWriter] setContact : com.risa.app
01-20 20:49:06.386 I/HBD     ( 7648): a [AiWriter] setContact : com.risa.app
01-20 20:49:06.391 V/WindowManager( 2561):    ChangeInfo{848d485 container=Task{13c38ee #24819 type=standard I=com.risa.app/.MainActivity} flags=0x0}
01-20 20:49:06.391 V/WindowManager( 2561):    ChangeInfo{fbd430b container=ActivityRecord{159028841 u0 com.risa.app/.MainActivity t24819} flags=0x0}
01-20 20:49:06.395 I/PkgPredictorService-SecIpmManagerServiceImpl( 2561): reportToNAP uid:11308 com.risa.app/com.risa.app.MainActivity thisTime:502
01-20 20:49:06.395 D/ChangeTransitionController( 2561):    ChangeInfo{848d485 container=Task{13c38ee #24819 type=standard I=com.risa.app/.MainActivity} flags=0x0}
01-20 20:49:06.395 D/ChangeTransitionController( 2561):    ChangeInfo{fbd430b container=ActivityRecord{159028841 u0 com.risa.app/.MainActivity t24819} flags=0x0}
01-20 20:49:06.395 D/WindowManager( 2561): rotationForOrientation, orientationSource=ActivityRecord{159028841 u0 com.risa.app/.MainActivity t24819}
01-20 20:49:06.397 V/WindowManager( 2561): Schedule remove starting ActivityRecord{159028841 u0 com.risa.app/.MainActivity t24819} startingWindow=Window{726199c u0 SnapshotStartingWindow for taskId=24819} animate=false Callers=com.android.server.wm.ActivityRecord.onSyncTransactionCommitted:16 com.android.server.wm.BLASTSyncEngine$SyncGroup$1CommitCallback.onCommitted:104 com.android.server.wm.BLASTSyncEngine$SyncGroup$$ExternalSyntheticLambda0.onTransactionCommitted:8 android.view.SurfaceControl$Transaction$$ExternalSyntheticLambda4.run:0 com.android.server.SystemServerInitThreadPool$$ExternalSyntheticLambda0.execute:1 
01-20 20:49:06.404 D/InsetsSourceProvider( 2561): updateControlForTarget: control=InsetsSourceControl: {3 mType=ime mSurfacePosition=Point(0, 84) mInsetsHint=Insets{left=0, top=0, right=0, bottom=1008}}, target=Window{8bc916 u0 com.risa.app/com.risa.app.MainActivity}, from=com.android.server.wm.ImeInsetsSourceProvider.updateControlForTarget:17 com.android.server.wm.InsetsStateController.onControlTargetChanged:83 com.android.server.wm.DisplayContent.updateImeControlTarget:21 com.android.server.wm.WindowState.onSyncTransactionCommitted:21 com.android.server.wm.BLASTSyncEngine$SyncGroup$1CommitCallback.onCommitted:104 
01-20 20:49:06.429 I/SurfaceFlinger( 1737): [LayerHierarchy{RequestedLayerState{ImeContainer#15 parentId=58522 relativeParentId=58522 z=3} 1 children}] reparent to LayerHierarchy{RequestedLayerState{ActivityRecord{159028841 u0 com.risa.app/.MainActivity t24819}#58522 parentId=58521} 4 children}
01-20 20:49:06.432 I/InsetsSourceConsumer( 5027): applyRequestedVisibilityToControl: visible=true, type=navigationBars, host=com.risa.app/com.risa.app.MainActivity
01-20 20:49:06.443 D/SurfaceComposerClient( 2561): setCornerRadius ## 8bc916 com.risa.app/com.risa.app.MainActivity#58536 cornerRadius=0.000000
01-20 20:49:06.444 D/SurfaceComposerClient( 2561): setCornerRadius ## 8bc916 com.risa.app/com.risa.app.MainActivity#58536 cornerRadius=0.000000
01-20 20:49:06.447 D/SGM:FgCheckThread( 2561): getForegroundApp(), foregroundPkgName=com.risa.app
01-20 20:49:06.447 D/SGM:FgCheckThread( 2561): noteStopComponent(), received pkgName: com.sec.android.app.launcher, focusedPkgName: com.risa.app, userId: 0
01-20 20:49:06.449 D/SGM:GameManager( 2561): identifyForegroundApp. com.risa.app, mCurrentUserId: 0, callerUserId: 0
01-20 20:49:06.449 D/SGM:GameManager( 2561): identifyForegroundApp. com.risa.app, mCurrentUserId: 0, callerUserId: 0
01-20 20:49:06.460 D/SurfaceComposerClient( 2561): setCornerRadius ## 8bc916 com.risa.app/com.risa.app.MainActivity#58536 cornerRadius=0.000000
01-20 20:49:06.460 D/SurfaceComposerClient( 2561): setCornerRadius ## 8bc916 com.risa.app/com.risa.app.MainActivity#58536 cornerRadius=0.000000
01-20 20:49:06.462 D/SurfaceFlinger( 1737):        DEVICE |           21590800597063 | 00000102 | RGBA_8888    |    0.0    0.0 2340.0 1080.0 |    0    0 1080 2340 | e5fd0f SurfaceView[com.risa.app/com.risa.app.MainActivity]@0(BLAST)#58784 (12)
01-20 20:49:06.462 D/SurfaceFlinger( 1737):        DEVICE |           21590800597068 | 00002100 | RGBA_8888    |    0.0    0.0 1080.0 2340.0 |    0    0 1080 2340 | com.risa.app/com.risa.app.MainActivity$_5027#58779 (2)
01-20 20:49:06.470 D/SurfaceComposerClient( 2561): setCornerRadius ## 8bc916 com.risa.app/com.risa.app.MainActivity#58536 cornerRadius=0.000000
01-20 20:49:06.471 D/SurfaceComposerClient( 2561): setCornerRadius ## 8bc916 com.risa.app/com.risa.app.MainActivity#58536 cornerRadius=0.000000
01-20 20:49:06.479 I/HBD     ( 7648): j [SKE_SPECIFIC] specific model[com.risa.app] loaded, 26161145 ns
01-20 20:49:06.499 D/SurfaceComposerClient( 2561): setCornerRadius ## 8bc916 com.risa.app/com.risa.app.MainActivity#58536 cornerRadius=0.000000
01-20 20:49:06.500 D/SurfaceComposerClient( 2561): setCornerRadius ## 8bc916 com.risa.app/com.risa.app.MainActivity#58536 cornerRadius=0.000000
01-20 20:49:06.505 D/SurfaceComposerClient( 2561): setCornerRadius ## 8bc916 com.risa.app/com.risa.app.MainActivity#58536 cornerRadius=0.000000
01-20 20:49:06.506 D/SurfaceComposerClient( 2561): setCornerRadius ## 8bc916 com.risa.app/com.risa.app.MainActivity#58536 cornerRadius=0.000000
01-20 20:49:06.510 I/InsetsSourceConsumer( 5027): applyRequestedVisibilityToControl: visible=true, type=navigationBars, host=com.risa.app/com.risa.app.MainActivity
01-20 20:49:06.515 I/WindowManager( 2561): Reparenting to leash, surface=Surface(name=726199c SnapshotStartingWindow for taskId=24819)/@0xe822a51, leashParent=Surface(name=ActivityRecord{159028841 u0 com.risa.app/.MainActivity t24819})/@0x12ff709
01-20 20:49:06.516 D/SurfaceComposerClient( 2561): setCornerRadius ## 8bc916 com.risa.app/com.risa.app.MainActivity#58536 cornerRadius=0.000000
01-20 20:49:06.516 D/SurfaceComposerClient( 2561): setCornerRadius ## 8bc916 com.risa.app/com.risa.app.MainActivity#58536 cornerRadius=0.000000
01-20 20:49:06.517 D/SurfaceComposerClient( 2561): setCornerRadius ## 8bc916 com.risa.app/com.risa.app.MainActivity#58536 cornerRadius=0.000000
01-20 20:49:06.525 I/SurfaceFlinger( 1737): [Surface(name=726199c SnapshotStartingWindow for taskId=24819)/@0xe822a51 - animation-leash of window_animation#58790] attach to parent LayerHierarchy{RequestedLayerState{ActivityRecord{159028841 u0 com.risa.app/.MainActivity t24819}#58522 parentId=58521} 5 children}
01-20 20:49:06.545 D/SurfaceFlinger( 1737):        DEVICE |           21590800597063 | 00000102 | RGBA_8888    |    0.0    0.0 2340.0 1080.0 |    0    0 1080 2340 | e5fd0f SurfaceView[com.risa.app/com.risa.app.MainActivity]@0(BLAST)#58784 (17)
01-20 20:49:06.545 D/SurfaceFlinger( 1737):        DEVICE |           21590800597068 | 00002100 | RGBA_8888    |    0.0    0.0 1080.0 2340.0 |    0    0 1080 2340 | com.risa.app/com.risa.app.MainActivity$_5027#58779 (2)
01-20 20:49:06.560 D/NetdEventListenerService( 2561): DNS Requested by 126, 11308(com.risa.app), SUCCESS, 41ms
01-20 20:49:06.563 D/NetdEventListenerService( 2561): DNS Requested by 126, 11308(com.risa.app), SUCCESS, 50ms
01-20 20:49:06.563 D/SurfaceComposerClient( 2561): setCornerRadius ## 8bc916 com.risa.app/com.risa.app.MainActivity#58536 cornerRadius=0.000000
01-20 20:49:06.564 D/SurfaceComposerClient( 2561): setCornerRadius ## 8bc916 com.risa.app/com.risa.app.MainActivity#58536 cornerRadius=0.000000
01-20 20:49:06.569 D/SurfaceComposerClient( 2561): setCornerRadius ## 8bc916 com.risa.app/com.risa.app.MainActivity#58536 cornerRadius=0.000000
01-20 20:49:06.569 D/SurfaceComposerClient( 2561): setCornerRadius ## 8bc916 com.risa.app/com.risa.app.MainActivity#58536 cornerRadius=0.000000
01-20 20:49:06.580 D/MdnieScenarioControlService( 2561):  packageName : com.risa.app    className : com.risa.app.MainActivity
01-20 20:49:06.609 I/WindowManager( 2561): Reparenting to original parent: Surface(name=ActivityRecord{159028841 u0 com.risa.app/.MainActivity t24819})/@0x12ff709, destroy=true, surface=Surface(name=726199c SnapshotStartingWindow for taskId=24819)/@0xe822a51
01-20 20:49:06.610 D/SurfaceComposerClient( 2561): setCornerRadius ## 8bc916 com.risa.app/com.risa.app.MainActivity#58536 cornerRadius=0.000000
01-20 20:49:06.611 D/SurfaceComposerClient( 2561): setCornerRadius ## 8bc916 com.risa.app/com.risa.app.MainActivity#58536 cornerRadius=0.000000
01-20 20:49:06.626 D/SurfaceComposerClient( 2561): setCornerRadius ## 8bc916 com.risa.app/com.risa.app.MainActivity#58536 cornerRadius=0.000000
01-20 20:49:06.627 D/SurfaceFlinger( 1737):        DEVICE |           21590800597063 | 00000102 | RGBA_8888    |    0.0    0.0 2340.0 1080.0 |    0    0 1080 2340 | e5fd0f SurfaceView[com.risa.app/com.risa.app.MainActivity]@0(BLAST)#58784 (22)
01-20 20:49:06.627 D/SurfaceFlinger( 1737):        DEVICE |           21590800597068 | 00002100 | RGBA_8888    |    0.0    0.0 1080.0 2340.0 |    0    0 1080 2340 | com.risa.app/com.risa.app.MainActivity$_5027#58779 (2)
01-20 20:49:06.642 I/SurfaceFlinger( 1737): [LayerHierarchy{RequestedLayerState{ImeContainer#15 parentId=58522 relativeParentId=58536 z=1} 1 children}] RelativeParent to LayerHierarchy{RequestedLayerState{8bc916 com.risa.app/com.risa.app.MainActivity#58536 parentId=58522} 2 children}
01-20 20:49:06.708 D/NetdEventListenerService( 2561): DNS Requested by 126, 11308(com.risa.app), SUCCESS, 1ms
01-20 20:49:06.710 D/SurfaceComposerClient( 2561): setCornerRadius ## 8bc916 com.risa.app/com.risa.app.MainActivity#58536 cornerRadius=0.000000
01-20 20:49:06.719 D/NetdEventListenerService( 2561): DNS Requested by 126, 11308(com.risa.app), SUCCESS, 1ms
01-20 20:49:06.729 D/SurfaceComposerClient( 2561): setCornerRadius ## 8bc916 com.risa.app/com.risa.app.MainActivity#58536 cornerRadius=0.000000
01-20 20:49:06.878 D/SGM:GameManager( 2561): identifyForegroundApp. com.risa.app, mCurrentUserId: 0, callerUserId: 0
01-20 20:49:06.999 D/NetdEventListenerService( 2561): DNS Requested by 126, 11308(com.risa.app), SUCCESS, 23ms
01-20 20:49:07.025 D/NetdEventListenerService( 2561): DNS Requested by 126, 11308(com.risa.app), SUCCESS, 31ms
01-20 20:49:08.628 I/SurfaceFlinger( 1737): [com.risa.app/com.risa.app.MainActivity$_5027#58779] setFrameRateCategory: HighHint
01-20 20:49:08.763 D/NetdEventListenerService( 2561): DNS Requested by 126, 11308(com.risa.app), SUCCESS, 2ms
01-20 20:49:08.767 D/NetdEventListenerService( 2561): DNS Requested by 126, 11308(com.risa.app), SUCCESS, 3ms
01-20 20:49:08.770 D/NetdEventListenerService( 2561): DNS Requested by 126, 11308(com.risa.app), SUCCESS, 4ms
01-20 20:49:08.773 D/NetdEventListenerService( 2561): DNS Requested by 126, 11308(com.risa.app), SUCCESS, 7ms
01-20 20:49:08.775 D/NetdEventListenerService( 2561): DNS Requested by 126, 11308(com.risa.app), SUCCESS, 4ms
01-20 20:49:08.782 D/NetdEventListenerService( 2561): DNS Requested by 126, 11308(com.risa.app), SUCCESS, 1ms
01-20 20:49:08.785 D/NetdEventListenerService( 2561): DNS Requested by 126, 11308(com.risa.app), SUCCESS, 3ms
01-20 20:49:08.787 D/NetdEventListenerService( 2561): DNS Requested by 126, 11308(com.risa.app), SUCCESS, 2ms
01-20 20:49:08.789 D/NetdEventListenerService( 2561): DNS Requested by 126, 11308(com.risa.app), SUCCESS, 3ms
01-20 20:49:08.792 D/NetdEventListenerService( 2561): DNS Requested by 126, 11308(com.risa.app), SUCCESS, 3ms
01-20 20:49:08.811 D/CoreBackPreview( 2561): Window{8bc916 u0 com.risa.app/com.risa.app.MainActivity}: Setting back callback OnBackInvokedCallbackInfo{mCallback=android.window.IOnBackInvokedCallback$Stub$Proxy@b7272cb, mPriority=0, mIsAnimationCallback=true, mOverrideBehavior=0}
01-20 20:49:08.923 D/NetdEventListenerService( 2561): DNS Requested by 126, 11308(com.risa.app), SUCCESS, 26ms
01-20 20:49:08.925 D/NetdEventListenerService( 2561): DNS Requested by 126, 11308(com.risa.app), SUCCESS, 20ms
01-20 20:49:08.928 D/NetdEventListenerService( 2561): DNS Requested by 126, 11308(com.risa.app), SUCCESS, 28ms
01-20 20:49:08.942 D/NetdEventListenerService( 2561): DNS Requested by 126, 11308(com.risa.app), SUCCESS, 29ms
01-20 20:49:08.945 D/NetdEventListenerService( 2561): DNS Requested by 126, 11308(com.risa.app), SUCCESS, 33ms
01-20 20:49:08.947 D/NetdEventListenerService( 2561): DNS Requested by 126, 11308(com.risa.app), SUCCESS, 39ms
01-20 20:49:09.539 D/io_stats( 1173): !@ Write_top(KB): com.risa.app(5027) 1332 f2fs_ckpt-254:6(1305) 424 kworker/u16:6(5969) 84
01-20 20:49:11.226 D/NetdEventListenerService( 2561): DNS Requested by 126, 11308(com.risa.app), SUCCESS, 62ms
01-20 20:49:11.425 D/NetdEventListenerService( 2561): DNS Requested by 126, 11308(com.risa.app), SUCCESS, 235ms
01-20 20:49:11.507 D/NetdEventListenerService( 2561): DNS Requested by 126, 11308(com.risa.app), SUCCESS, 2ms
01-20 20:49:11.519 D/NetdEventListenerService( 2561): DNS Requested by 126, 11308(com.risa.app), SUCCESS, 1ms
01-20 20:49:12.017 D/NetdEventListenerService( 2561): DNS Requested by 126, 11308(com.risa.app), SUCCESS, 1ms
01-20 20:49:12.022 D/NetdEventListenerService( 2561): DNS Requested by 126, 11308(com.risa.app), SUCCESS, 4ms
01-20 20:49:12.030 D/NetdEventListenerService( 2561): DNS Requested by 126, 11308(com.risa.app), SUCCESS, 1ms
01-20 20:49:12.032 D/NetdEventListenerService( 2561): DNS Requested by 126, 11308(com.risa.app), SUCCESS, 1ms
01-20 20:49:13.542 D/io_stats( 1173): !@ Read_top(KB): com.risa.app(5027) 3200 chbox:googleapp(9955) 176 kworker/u16:0(17910) 128
01-20 20:49:13.542 D/io_stats( 1173): !@ Write_top(KB): kworker/u16:0(17910) 792 com.risa.app(5027) 428 sait.sohservice(30780) 52
01-20 20:49:13.767 D/NetdEventListenerService( 2561): DNS Requested by 126, 11308(com.risa.app), SUCCESS, 1ms
01-20 20:49:13.778 D/NetdEventListenerService( 2561): DNS Requested by 126, 11308(com.risa.app), SUCCESS, 1ms
01-20 20:49:13.785 D/NetdEventListenerService( 2561): DNS Requested by 126, 11308(com.risa.app), SUCCESS, 1ms
01-20 20:49:13.791 D/NetdEventListenerService( 2561): DNS Requested by 126, 11308(com.risa.app), SUCCESS, 1ms
01-20 20:49:14.852 I/SurfaceFlinger( 1737): [com.risa.app/com.risa.app.MainActivity$_5027#58779] setFrameRateCategory: NoPreference
01-20 20:49:17.338 I/SurfaceFlinger( 1737): [com.risa.app/com.risa.app.MainActivity$_5027#58779] setFrameRateCategory: HighHint
01-20 20:49:17.463 W/WindowOnBackDispatcher( 5027): sendCancelIfRunning: isInProgress=false callback=io.flutter.embedding.android.FlutterActivity$1@a54ed31
01-20 20:49:17.464 D/CoreBackPreview( 2561): Window{8bc916 u0 com.risa.app/com.risa.app.MainActivity}: Setting back callback OnBackInvokedCallbackInfo{mCallback=android.window.IOnBackInvokedCallback$Stub$Proxy@2e40954, mPriority=-1, mIsAnimationCallback=false, mOverrideBehavior=0}
01-20 20:49:17.464 D/CoreBackPreview( 2561): Window{8bc916 u0 com.risa.app/com.risa.app.MainActivity}: Setting back callback OnBackInvokedCallbackInfo{mCallback=android.window.IOnBackInvokedCallback$Stub$Proxy@e7c0fd, mPriority=0, mIsAnimationCallback=true, mOverrideBehavior=0}
01-20 20:49:17.471 I/WindowManager( 2561): Relayout Window{8bc916 u0 com.risa.app/com.risa.app.MainActivity}: viewVisibility=0 req=2340x1080 ty=1 d0
01-20 20:49:17.472 I/VRI[MainActivity]@74aa0cd( 5027): updateBoundsLayer: t=android.view.SurfaceControl$Transaction@7c1648f sc=Surface(name=Bounds for - com.risa.app/com.risa.app.MainActivity@2)/@0xae76b5e frame=3
01-20 20:49:17.472 D/SurfaceComposerClient( 2561): setCornerRadius ## 8bc916 com.risa.app/com.risa.app.MainActivity#58536 cornerRadius=0.000000
01-20 20:49:17.473 D/SurfaceComposerClient( 2561): setCornerRadius ## 8bc916 com.risa.app/com.risa.app.MainActivity#58536 cornerRadius=0.000000
01-20 20:49:17.473 D/PowerManagerService( 2561): [api] acquire WakeLock SCREEN_BRIGHT_WAKE_LOCK           'WindowManager/displayId:0' ON_AFTER_RELEASE (uid=1000 pid=2561 ws=WorkSource{11308 com.risa.app} displayId=0 lock=f4dee22)
01-20 20:49:17.545 D/io_stats( 1173): !@ Read_top(KB): com.risa.app(5027) 2464 m.facebook.orca(22065) 1416 bbles.messaging(15063) 152
01-20 20:49:17.545 D/io_stats( 1173): !@ Write_top(KB): com.risa.app(5027) 21260 kworker/u16:0(17910) 156 m.facebook.orca(22065) 24
01-20 20:49:17.570 D/NetdEventListenerService( 2561): DNS Requested by 126, 11308(com.risa.app), SUCCESS, 2ms
01-20 20:49:17.598 D/NetdEventListenerService( 2561): DNS Requested by 126, 11308(com.risa.app), SUCCESS, 2ms
01-20 20:49:17.603 D/NetdEventListenerService( 2561): DNS Requested by 126, 11308(com.risa.app), SUCCESS, 2ms
01-20 20:49:17.609 D/NetdEventListenerService( 2561): DNS Requested by 126, 11308(com.risa.app), SUCCESS, 1ms
01-20 20:49:17.731 D/NetdEventListenerService( 2561): DNS Requested by 126, 11308(com.risa.app), SUCCESS, 44ms
01-20 20:49:17.967 D/NetdEventListenerService( 2561): DNS Requested by 126, 11308(com.risa.app), SUCCESS, 0ms
01-20 20:49:17.975 D/NetdEventListenerService( 2561): DNS Requested by 126, 11308(com.risa.app), SUCCESS, 1ms
01-20 20:49:17.979 D/NetdEventListenerService( 2561): DNS Requested by 126, 11308(com.risa.app), SUCCESS, 0ms
01-20 20:49:17.982 D/NetdEventListenerService( 2561): DNS Requested by 126, 11308(com.risa.app), SUCCESS, 1ms
01-20 20:49:18.722 D/NetdEventListenerService( 2561): DNS Requested by 126, 11308(com.risa.app), SUCCESS, 1ms
01-20 20:49:18.731 D/NetdEventListenerService( 2561): DNS Requested by 126, 11308(com.risa.app), SUCCESS, 1ms
01-20 20:49:18.737 D/NetdEventListenerService( 2561): DNS Requested by 126, 11308(com.risa.app), SUCCESS, 0ms
01-20 20:49:19.200 D/NetdEventListenerService( 2561): DNS Requested by 126, 11308(com.risa.app), SUCCESS, 3ms
01-20 20:49:19.483 D/NetdEventListenerService( 2561): DNS Requested by 126, 11308(com.risa.app), SUCCESS, 3ms
01-20 20:49:19.489 D/NetdEventListenerService( 2561): DNS Requested by 126, 11308(com.risa.app), SUCCESS, 6ms
01-20 20:49:19.494 D/NetdEventListenerService( 2561): DNS Requested by 126, 11308(com.risa.app), SUCCESS, 4ms
01-20 20:49:19.514 D/NetdEventListenerService( 2561): DNS Requested by 126, 11308(com.risa.app), SUCCESS, 0ms
01-20 20:49:19.531 E/MediaCodec( 5027): Media Quality Service not found.
01-20 20:49:19.534 E/com.risa.app( 5027): Failed to query component interface for required system resources: 6
01-20 20:49:19.598 I/MediaCodec( 5027): setCodecState state(0), called in 6, domain 1, 1
01-20 20:49:19.731 I/MediaCodec( 5027): setCodecState state(1), called in 6, domain 1, 1
01-20 20:49:19.748 D/com.risa.app( 5027): PlayerBase::PlayerBase()
01-20 20:49:19.748 D/com.risa.app( 5027): TrackPlayerBase::TrackPlayerBase()
01-20 20:49:19.752 I/AudioFlinger( 1724): nonSecFlag 104, secFlag 0, outputFlags 4
01-20 20:49:19.752 W/AudioFlinger( 1724): createTrack_l(): mismatch between requested flags (00000104) and output flags (00000004)
01-20 20:49:19.752 D/AudioFlinger( 1724): Client defaulted notificationFrames to 192 for frameCount 1536
01-20 20:49:19.776 I/AudioTrack( 5027): createTrack_l(0): AUDIO_OUTPUT_FLAG_FAST successful; frameCount 0 -> 1536
01-20 20:49:19.781 D/SoundCraft.PlayingAudioConditionHandler( 4166): onPlaybackConfigChanged : lastStartedPackageName=null, lastStartedUid=-1, newStartedUid=11308, newStartPackageName=com.risa.app, thread=Thread[RoutineHandlerThread,5,main]
01-20 20:49:19.825 D/AudioFlinger( 1724): setParameters: filtered dev setParameters keyvalue l_stream_music_active=true
01-20 20:49:19.827 I/UsecaseValidator( 1724): verifyAudioAttributes update usage: 1 to AUDIO_USAGE_GAME for output: 29 pid: 5027 package: com.risa.app
01-20 20:49:19.829 I/AudioFlinger::DualSpkControl( 1724): setAmpPower sensor status 0, enableAmp 1
01-20 20:49:19.832 D/com.risa.app( 5027): PlayerBase::stop() from IPlayer
01-20 20:49:19.832 D/AudioTrack( 5027): stop(3654): called with 0 frames delivered
01-20 20:49:19.833 D/SoundCraft.PlayingAudioConditionHandler( 4166): onPlaybackConfigChanged : lastStartedPackageName=com.risa.app, lastStartedUid=11308, newStartedUid=11308, newStartPackageName=com.risa.app, thread=Thread[RoutineHandlerThread,5,main]
01-20 20:49:19.843 D/CCodecBufferChannel( 5027): [c2.qti.avc.decoder#968] MediaCodec discarded an unknown buffer
01-20 20:49:19.843 D/CCodecBufferChannel( 5027): [c2.qti.avc.decoder#968] MediaCodec discarded an unknown buffer
01-20 20:49:19.843 D/CCodecBufferChannel( 5027): [c2.qti.avc.decoder#968] MediaCodec discarded an unknown buffer
01-20 20:49:19.843 D/CCodecBufferChannel( 5027): [c2.qti.avc.decoder#968] MediaCodec discarded an unknown buffer
01-20 20:49:19.843 D/CCodecBufferChannel( 5027): [c2.qti.avc.decoder#968] MediaCodec discarded an unknown buffer
01-20 20:49:19.843 D/CCodecBufferChannel( 5027): [c2.qti.avc.decoder#968] MediaCodec discarded an unknown buffer
01-20 20:49:19.843 D/CCodecBufferChannel( 5027): [c2.qti.avc.decoder#968] MediaCodec discarded an unknown buffer
01-20 20:49:19.843 D/CCodecBufferChannel( 5027): [c2.qti.avc.decoder#968] MediaCodec discarded an unknown buffer
01-20 20:49:19.843 D/CCodecBufferChannel( 5027): [c2.qti.avc.decoder#968] MediaCodec discarded an unknown buffer
01-20 20:49:19.843 D/CCodecBufferChannel( 5027): [c2.qti.avc.decoder#968] MediaCodec discarded an unknown buffer
01-20 20:49:19.848 D/SoundCraft.PlayingAudioConditionHandler( 4166): onPlaybackConfigChanged : lastStartedPackageName=com.risa.app, lastStartedUid=11308, newStartedUid=-1, newStartPackageName=null, thread=Thread[RoutineHandlerThread,5,main]
01-20 20:49:19.858 I/MediaCodec( 5027): Codec shutdown complete
01-20 20:49:19.888 E/MediaCodec( 5027): Media Quality Service not found.
01-20 20:49:19.890 E/com.risa.app( 5027): Failed to query component interface for required system resources: 6
01-20 20:49:19.909 I/MediaCodec( 5027): setCodecState state(0), called in 6, domain 1, 1
01-20 20:49:19.968 D/AudioFlinger( 1724): mixer(0xb40000797c71b4d0) Spend too much time to write: delta 121(effect 0, stage 1)
01-20 20:49:20.026 D/AudioFlinger( 1724): setParameters: filtered dev setParameters keyvalue l_stream_music_active=false
01-20 20:49:20.398 I/MediaCodec( 5027): setCodecState state(1), called in 6, domain 1, 1
01-20 20:49:20.407 I/SurfaceFlinger( 1737): [com.risa.app/com.risa.app.MainActivity$_5027#58779] setFrameRateCategory: NoPreference
01-20 20:49:20.423 D/NetdEventListenerService( 2561): DNS Requested by 126, 11308(com.risa.app), SUCCESS, 0ms
01-20 20:49:20.427 D/NetdEventListenerService( 2561): DNS Requested by 126, 11308(com.risa.app), SUCCESS, 0ms
01-20 20:49:20.433 D/NetdEventListenerService( 2561): DNS Requested by 126, 11308(com.risa.app), SUCCESS, 1ms
01-20 20:49:20.435 D/NetdEventListenerService( 2561): DNS Requested by 126, 11308(com.risa.app), SUCCESS, 2ms
01-20 20:49:20.995 D/SoundCraft.PlayingAudioConditionHandler( 4166): onPlaybackConfigChanged : lastStartedPackageName=com.risa.app, lastStartedUid=11308, newStartedUid=11308, newStartPackageName=com.risa.app, thread=Thread[RoutineHandlerThread,5,main]
01-20 20:49:21.006 D/AudioFlinger( 1724): setParameters: filtered dev setParameters keyvalue l_stream_music_active=true
01-20 20:49:21.013 I/UsecaseValidator( 1724): verifyAudioAttributes update usage: 1 to AUDIO_USAGE_GAME for output: 29 pid: 5027 package: com.risa.app
01-20 20:49:21.039 D/com.risa.app( 5027): PlayerBase::stop() from IPlayer
01-20 20:49:21.039 D/AudioTrack( 5027): stop(3654): called with 1920 frames delivered
01-20 20:49:21.042 D/SoundCraft.PlayingAudioConditionHandler( 4166): onPlaybackConfigChanged : lastStartedPackageName=com.risa.app, lastStartedUid=11308, newStartedUid=-1, newStartPackageName=null, thread=Thread[RoutineHandlerThread,5,main]
01-20 20:49:21.168 D/AudioFlinger( 1724): setParameters: filtered dev setParameters keyvalue l_stream_music_active=false
01-20 20:49:21.290 D/NetdEventListenerService( 2561): DNS Requested by 126, 11308(com.risa.app), SUCCESS, 2ms
01-20 20:49:21.308 D/NetdEventListenerService( 2561): DNS Requested by 126, 11308(com.risa.app), SUCCESS, 6ms
01-20 20:49:21.313 D/NetdEventListenerService( 2561): DNS Requested by 126, 11308(com.risa.app), SUCCESS, 0ms
01-20 20:49:21.321 D/NetdEventListenerService( 2561): DNS Requested by 126, 11308(com.risa.app), SUCCESS, 8ms
01-20 20:49:21.552 D/io_stats( 1173): !@ Read_top(KB): com.risa.app(5027) 8272 id.app.routines(22304) 4128 audioserver(1724) 3708
01-20 20:49:21.552 D/io_stats( 1173): !@ Write_top(KB): com.risa.app(5027) 2184 m.android.phone(3928) 2116 id.diagmonagent(6962) 56
01-20 20:49:22.046 D/NetdEventListenerService( 2561): DNS Requested by 126, 11308(com.risa.app), SUCCESS, 1ms
01-20 20:49:22.049 D/NetdEventListenerService( 2561): DNS Requested by 126, 11308(com.risa.app), SUCCESS, 0ms
01-20 20:49:22.060 D/NetdEventListenerService( 2561): DNS Requested by 126, 11308(com.risa.app), SUCCESS, 1ms
01-20 20:49:22.066 D/NetdEventListenerService( 2561): DNS Requested by 126, 11308(com.risa.app), SUCCESS, 0ms
01-20 20:49:22.910 I/MediaCodec( 5027): setCodecState state(0), called in 6, domain 1, 1
01-20 20:49:22.930 D/NetdEventListenerService( 2561): DNS Requested by 126, 11308(com.risa.app), SUCCESS, 1ms
01-20 20:49:22.932 D/NetdEventListenerService( 2561): DNS Requested by 126, 11308(com.risa.app), SUCCESS, 0ms
01-20 20:49:22.945 D/NetdEventListenerService( 2561): DNS Requested by 126, 11308(com.risa.app), SUCCESS, 0ms
01-20 20:49:22.950 D/NetdEventListenerService( 2561): DNS Requested by 126, 11308(com.risa.app), SUCCESS, 1ms
01-20 20:49:23.229 I/AudioFlinger::DualSpkControl( 1724): setAmpPower sensor status 0, enableAmp 0
01-20 20:49:23.479 D/SoundCraft.PlayingAudioConditionHandler( 4166): onPlaybackConfigChanged : lastStartedPackageName=com.risa.app, lastStartedUid=11308, newStartedUid=11308, newStartPackageName=com.risa.app, thread=Thread[RoutineHandlerThread,5,main]
01-20 20:49:23.480 D/AudioFlinger( 1724): setParameters: filtered dev setParameters keyvalue l_stream_music_active=true
01-20 20:49:23.481 I/UsecaseValidator( 1724): verifyAudioAttributes update usage: 1 to AUDIO_USAGE_GAME for output: 29 pid: 5027 package: com.risa.app
01-20 20:49:23.481 I/AudioFlinger::DualSpkControl( 1724): setAmpPower sensor status 0, enableAmp 1
01-20 20:49:23.490 I/MediaCodec( 5027): setCodecState state(1), called in 6, domain 1, 1
01-20 20:49:23.555 D/AudioFlinger( 1724): mixer(0xb40000797c71b4d0) Spend too much time to write: delta 69(effect 0, stage 0)
01-20 20:49:23.789 D/NetdEventListenerService( 2561): DNS Requested by 126, 11308(com.risa.app), SUCCESS, 1ms
01-20 20:49:23.795 D/NetdEventListenerService( 2561): DNS Requested by 126, 11308(com.risa.app), SUCCESS, 2ms
01-20 20:49:23.806 D/NetdEventListenerService( 2561): DNS Requested by 126, 11308(com.risa.app), SUCCESS, 1ms
01-20 20:49:23.817 D/NetdEventListenerService( 2561): DNS Requested by 126, 11308(com.risa.app), SUCCESS, 1ms
01-20 20:49:24.640 D/NetdEventListenerService( 2561): DNS Requested by 126, 11308(com.risa.app), SUCCESS, 1ms
01-20 20:49:24.657 D/NetdEventListenerService( 2561): DNS Requested by 126, 11308(com.risa.app), SUCCESS, 2ms
01-20 20:49:24.665 D/NetdEventListenerService( 2561): DNS Requested by 126, 11308(com.risa.app), SUCCESS, 4ms
01-20 20:49:24.676 D/NetdEventListenerService( 2561): DNS Requested by 126, 11308(com.risa.app), SUCCESS, 9ms
01-20 20:49:25.283 D/com.risa.app( 5027): PlayerBase::stop() from IPlayer
01-20 20:49:25.284 D/AudioTrack( 5027): stop(3654): called with 84096 frames delivered
01-20 20:49:25.286 D/SoundCraft.PlayingAudioConditionHandler( 4166): onPlaybackConfigChanged : lastStartedPackageName=com.risa.app, lastStartedUid=11308, newStartedUid=-1, newStartPackageName=null, thread=Thread[RoutineHandlerThread,5,main]
01-20 20:49:25.406 D/AudioFlinger( 1724): setParameters: filtered dev setParameters keyvalue l_stream_music_active=false
01-20 20:49:25.486 D/NetdEventListenerService( 2561): DNS Requested by 126, 11308(com.risa.app), SUCCESS, 2ms
01-20 20:49:25.500 D/NetdEventListenerService( 2561): DNS Requested by 126, 11308(com.risa.app), SUCCESS, 2ms
01-20 20:49:25.511 D/NetdEventListenerService( 2561): DNS Requested by 126, 11308(com.risa.app), SUCCESS, 1ms
01-20 20:49:25.523 D/NetdEventListenerService( 2561): DNS Requested by 126, 11308(com.risa.app), SUCCESS, 4ms
01-20 20:49:25.554 D/io_stats( 1173): !@ Write_top(KB): com.risa.app(5027) 2000 kworker/u16:6(5969) 288 m.android.phone(3928) 44
01-20 20:49:26.311 D/NetdEventListenerService( 2561): DNS Requested by 126, 11308(com.risa.app), SUCCESS, 1ms
01-20 20:49:26.326 D/NetdEventListenerService( 2561): DNS Requested by 126, 11308(com.risa.app), SUCCESS, 1ms
01-20 20:49:26.339 D/NetdEventListenerService( 2561): DNS Requested by 126, 11308(com.risa.app), SUCCESS, 1ms
01-20 20:49:26.348 D/NetdEventListenerService( 2561): DNS Requested by 126, 11308(com.risa.app), SUCCESS, 1ms
01-20 20:49:26.491 I/MediaCodec( 5027): setCodecState state(0), called in 6, domain 1, 1
01-20 20:49:27.197 D/NetdEventListenerService( 2561): DNS Requested by 126, 11308(com.risa.app), SUCCESS, 1ms
01-20 20:49:27.208 D/NetdEventListenerService( 2561): DNS Requested by 126, 11308(com.risa.app), SUCCESS, 2ms
01-20 20:49:27.215 D/NetdEventListenerService( 2561): DNS Requested by 126, 11308(com.risa.app), SUCCESS, 5ms
01-20 20:49:27.224 D/NetdEventListenerService( 2561): DNS Requested by 126, 11308(com.risa.app), SUCCESS, 8ms
01-20 20:49:27.232 D/SoundCraft.PlayingAudioConditionHandler( 4166): onPlaybackConfigChanged : lastStartedPackageName=com.risa.app, lastStartedUid=11308, newStartedUid=11308, newStartPackageName=com.risa.app, thread=Thread[RoutineHandlerThread,5,main]
01-20 20:49:27.233 D/AudioFlinger( 1724): setParameters: filtered dev setParameters keyvalue l_stream_music_active=true
01-20 20:49:27.233 I/UsecaseValidator( 1724): verifyAudioAttributes update usage: 1 to AUDIO_USAGE_GAME for output: 29 pid: 5027 package: com.risa.app
01-20 20:49:27.241 I/MediaCodec( 5027): setCodecState state(1), called in 6, domain 1, 1
01-20 20:49:27.268 D/ActivityThread(23386): Package [com.risa.app] reported as REPLACED, but missing application info. Assuming REMOVED.
01-20 20:49:27.269 D/ActivityThread(23386): Package [com.risa.app] reported as REPLACED, but missing application info. Assuming REMOVED.
01-20 20:49:27.270 D/ActivityThread(23386): Package [com.risa.app] reported as REPLACED, but missing application info. Assuming REMOVED.
01-20 20:49:28.029 D/NetdEventListenerService( 2561): DNS Requested by 126, 11308(com.risa.app), SUCCESS, 2ms
01-20 20:49:28.040 D/NetdEventListenerService( 2561): DNS Requested by 126, 11308(com.risa.app), SUCCESS, 3ms
01-20 20:49:28.048 D/NetdEventListenerService( 2561): DNS Requested by 126, 11308(com.risa.app), SUCCESS, 3ms
01-20 20:49:28.057 D/NetdEventListenerService( 2561): DNS Requested by 126, 11308(com.risa.app), SUCCESS, 6ms
01-20 20:49:28.495 I/{OngoingActivityDataHelper}( 4166): setBaseActivityComponentName:ComponentInfo{com.risa.app/com.risa.app.MainActivity}
01-20 20:49:28.519 D/com.risa.app( 5027): PlayerBase::stop() from IPlayer
01-20 20:49:28.519 D/AudioTrack( 5027): stop(3654): called with 62976 frames delivered
01-20 20:49:28.534 D/SoundCraft.PlayingAudioConditionHandler( 4166): onPlaybackConfigChanged : lastStartedPackageName=com.risa.app, lastStartedUid=11308, newStartedUid=-1, newStartPackageName=null, thread=Thread[RoutineHandlerThread,5,main]
01-20 20:49:28.648 D/AudioFlinger( 1724): setParameters: filtered dev setParameters keyvalue l_stream_music_active=false
01-20 20:49:28.935 D/NetdEventListenerService( 2561): DNS Requested by 126, 11308(com.risa.app), SUCCESS, 1ms
01-20 20:49:28.946 D/NetdEventListenerService( 2561): DNS Requested by 126, 11308(com.risa.app), SUCCESS, 1ms
01-20 20:49:28.955 D/NetdEventListenerService( 2561): DNS Requested by 126, 11308(com.risa.app), SUCCESS, 1ms
01-20 20:49:28.964 D/NetdEventListenerService( 2561): DNS Requested by 126, 11308(com.risa.app), SUCCESS, 3ms
01-20 20:49:29.558 D/io_stats( 1173): !@ Write_top(KB): com.risa.app(5027) 2136 kworker/u16:6(5969) 624 system_server(2561) 272
01-20 20:49:29.630 D/CoreBackPreview( 2561): startBackNavigation currentTask=Task{13c38ee #24819 type=standard I=com.risa.app/.MainActivity}, topRunningActivity=ActivityRecord{159028841 u0 com.risa.app/.MainActivity t24819}, callbackInfo=OnBackInvokedCallbackInfo{mCallback=android.window.IOnBackInvokedCallback$Stub$Proxy@e7c0fd, mPriority=0, mIsAnimationCallback=true, mOverrideBehavior=0}, currentFocus=Window{8bc916 u0 com.risa.app/com.risa.app.MainActivity}
01-20 20:49:29.635 D/NetdEventListenerService( 2561): DNS Requested by 126, 11308(com.risa.app), SUCCESS, 2ms
01-20 20:49:29.644 D/NetdEventListenerService( 2561): DNS Requested by 126, 11308(com.risa.app), SUCCESS, 3ms
01-20 20:49:29.655 D/WindowOnBackDispatcher( 5027): onBackInvoked, callback=io.flutter.embedding.android.FlutterActivity$1@a54ed31
01-20 20:49:29.659 D/NetdEventListenerService( 2561): DNS Requested by 126, 11308(com.risa.app), SUCCESS, 5ms
01-20 20:49:29.661 D/NetdEventListenerService( 2561): DNS Requested by 126, 11308(com.risa.app), SUCCESS, 1ms
01-20 20:49:29.696 W/WindowOnBackDispatcher( 5027): sendCancelIfRunning: isInProgress=false callback=io.flutter.embedding.android.FlutterActivity$1@a54ed31
01-20 20:49:29.697 W/WindowOnBackDispatcher( 5027): sendCancelIfRunning: isInProgress=false callback=io.flutter.embedding.android.FlutterActivity$1@a54ed31
01-20 20:49:29.698 D/CoreBackPreview( 2561): Window{8bc916 u0 com.risa.app/com.risa.app.MainActivity}: Setting back callback OnBackInvokedCallbackInfo{mCallback=android.window.IOnBackInvokedCallback$Stub$Proxy@8b94044, mPriority=-1, mIsAnimationCallback=false, mOverrideBehavior=0}
01-20 20:49:29.699 D/CoreBackPreview( 2561): Window{8bc916 u0 com.risa.app/com.risa.app.MainActivity}: Setting back callback OnBackInvokedCallbackInfo{mCallback=android.window.IOnBackInvokedCallback$Stub$Proxy@10d452d, mPriority=0, mIsAnimationCallback=true, mOverrideBehavior=0}
01-20 20:49:29.699 D/CoreBackPreview( 2561): Window{8bc916 u0 com.risa.app/com.risa.app.MainActivity}: Setting back callback OnBackInvokedCallbackInfo{mCallback=android.window.IOnBackInvokedCallback$Stub$Proxy@b885a62, mPriority=-1, mIsAnimationCallback=false, mOverrideBehavior=0}
01-20 20:49:29.699 D/CoreBackPreview( 2561): Window{8bc916 u0 com.risa.app/com.risa.app.MainActivity}: Setting back callback OnBackInvokedCallbackInfo{mCallback=android.window.IOnBackInvokedCallback$Stub$Proxy@e6487f3, mPriority=0, mIsAnimationCallback=true, mOverrideBehavior=0}
01-20 20:49:29.807 D/CoreBackPreview( 2561): startBackNavigation currentTask=Task{13c38ee #24819 type=standard I=com.risa.app/.MainActivity}, topRunningActivity=ActivityRecord{159028841 u0 com.risa.app/.MainActivity t24819}, callbackInfo=OnBackInvokedCallbackInfo{mCallback=android.window.IOnBackInvokedCallback$Stub$Proxy@e6487f3, mPriority=0, mIsAnimationCallback=true, mOverrideBehavior=0}, currentFocus=Window{8bc916 u0 com.risa.app/com.risa.app.MainActivity}
01-20 20:49:29.876 D/WindowOnBackDispatcher( 5027): onBackInvoked, callback=io.flutter.embedding.android.FlutterActivity$1@a54ed31
01-20 20:49:29.984 D/NetdEventListenerService( 2561): DNS Requested by 126, 11308(com.risa.app), SUCCESS, 1ms
01-20 20:49:30.025 D/CoreBackPreview( 2561): startBackNavigation currentTask=Task{13c38ee #24819 type=standard I=com.risa.app/.MainActivity}, topRunningActivity=ActivityRecord{159028841 u0 com.risa.app/.MainActivity t24819}, callbackInfo=OnBackInvokedCallbackInfo{mCallback=android.window.IOnBackInvokedCallback$Stub$Proxy@e6487f3, mPriority=0, mIsAnimationCallback=true, mOverrideBehavior=0}, currentFocus=Window{8bc916 u0 com.risa.app/com.risa.app.MainActivity}
