01-20 20:46:27.306 V/MediaPlayerNative(22065): MediaPlayer::setParameter(1400)
01-20 20:46:27.306 V/MediaPlayerService( 2185): [1099] setParameter(1400)
01-20 20:46:27.306 V/MediaPlayerService( 2185): setAudioAttributes_l() usage=6 content=4 flags=0x800 tags=
01-20 20:46:27.307 V/MediaPlayerService( 2185): [1099] setOutputDevice
01-20 20:46:27.307 V/MediaPlayer-JNI(22065): setVolume: left 1.000000  right 1.000000
01-20 20:46:27.307 V/MediaPlayerNative(22065): MediaPlayer::setVolume(1.000000, 1.000000)
01-20 20:46:27.307 V/MediaPlayerService( 2185): [1099] setVolume(1.000000, 1.000000)
01-20 20:46:27.307 V/MediaPlayer-JNI(22065): setLooping: 0
01-20 20:46:27.307 V/MediaPlayerNative(22065): MediaPlayer::setLooping
01-20 20:46:27.307 V/MediaPlayerService( 2185): [1099] setLooping(0)
01-20 20:46:27.307 V/MediaPlayerNative(22065): setVideoSurfaceTexture
01-20 20:46:27.307 V/MediaPlayerService( 2185): [1099] setVideoSurfaceTexture(0x0)
01-20 20:46:27.307 V/MediaPlayerNative(22065): prepare
01-20 20:46:27.307 V/MediaPlayerService( 2185): [1099] setParameter(1400)
01-20 20:46:27.307 V/MediaPlayerService( 2185): setAudioAttributes_l() usage=6 content=4 flags=0x800 tags=
01-20 20:46:27.308 V/MediaPlayerService( 2185): [1099] prepareAsync
01-20 20:46:27.311 I/NuPlayer( 2185): ORmode enabled : unsupportedAudio = 0, unsupportedVideo = 0, mHaveAudioTrack = 1, mHaveVideoTrack = 0
01-20 20:46:27.311 V/MediaPlayerService( 2185): [1099] notify (200, 10973, 0)
01-20 20:46:27.311 V/MediaPlayerNative(22065): message received msg=200, ext1=10973, ext2=0
01-20 20:46:27.311 W/MediaPlayerNative(22065): info/warning (10973, 0)
01-20 20:46:27.311 V/MediaPlayerService( 2185): [1099] notify (1, 0, 0)
01-20 20:46:27.311 V/MediaPlayerNative(22065): message received msg=1, ext1=0, ext2=0
01-20 20:46:27.311 V/MediaPlayerNative(22065): MediaPlayer::notify() prepared
01-20 20:46:27.311 V/MediaPlayerNative(22065): signal application thread
01-20 20:46:27.311 V/MediaPlayerNative(22065): prepare complete - status=0
01-20 20:46:27.311 V/MediaPlayerNative(22065): invoke 80
01-20 20:46:27.312 V/MediaPlayerNative(22065): invoke 76
01-20 20:46:27.312 V/MediaPlayerNative(22065): invoke 76
01-20 20:46:27.313 V/MediaPlayer-JNI(22065): native_setup
01-20 20:46:27.313 V/MediaPlayerNative(22065): constructor
01-20 20:46:27.313 V/MediaPlayerNative(22065): setListener
01-20 20:46:27.313 V/MediaPlayer-JNI(22065): get_session_id()
01-20 20:46:27.316 V/MediaPlayer-JNI(22065): setDataSourceFD: fd 362
01-20 20:46:27.316 V/MediaPlayerNative(22065): setDataSource(362, 77733316, 11615)
01-20 20:46:27.316 V/MediaPlayerService( 2185): Create new client(1100) from AttributionSourceState{pid: 22065, uid: 10517, deviceId: 0, packageName: com.facebook.orca, attributionTag: (null), token: binder:0xb4000071a8fc8e70, renouncedPermissions: [], next: []}, 
01-20 20:46:27.316 V/MediaPlayerService( 2185): setDataSource fd=48 (/data/app/~~9CNPM9CZ8O86oE2_5dkh8w==/com.facebook.orca-31peTDcCZXIYFghTeBdbbw==/base.apk), offset=77733316, length=11615
01-20 20:46:27.316 V/MediaPlayerService( 2185): st_dev  = 65086
01-20 20:46:27.316 V/MediaPlayerService( 2185): st_mode = 33188
01-20 20:46:27.316 V/MediaPlayerService( 2185): st_uid  = 1000
01-20 20:46:27.316 V/MediaPlayerService( 2185): st_gid  = 1000
01-20 20:46:27.316 V/MediaPlayerService( 2185): st_size = 83679621
01-20 20:46:27.316 V/MediaPlayerService( 2185): player type = 4
01-20 20:46:27.319 V/MediaPlayer-JNI(22065): setParameter: key 1400
01-20 20:46:27.319 V/MediaPlayerNative(22065): MediaPlayer::setParameter(1400)
01-20 20:46:27.319 V/MediaPlayerService( 2185): [1100] setParameter(1400)
01-20 20:46:27.319 V/MediaPlayerService( 2185): setAudioAttributes_l() usage=6 content=4 flags=0x800 tags=
01-20 20:46:27.319 V/MediaPlayerService( 2185): [1100] setOutputDevice
01-20 20:46:27.319 V/MediaPlayer-JNI(22065): setVolume: left 1.000000  right 1.000000
01-20 20:46:27.320 V/MediaPlayerNative(22065): MediaPlayer::setVolume(1.000000, 1.000000)
01-20 20:46:27.320 V/MediaPlayerService( 2185): [1100] setVolume(1.000000, 1.000000)
01-20 20:46:27.320 V/MediaPlayer-JNI(22065): setLooping: 0
01-20 20:46:27.320 V/MediaPlayerNative(22065): MediaPlayer::setLooping
01-20 20:46:27.320 V/MediaPlayerService( 2185): [1100] setLooping(0)
01-20 20:46:27.320 V/MediaPlayerNative(22065): setVideoSurfaceTexture
01-20 20:46:27.320 V/MediaPlayerService( 2185): [1100] setVideoSurfaceTexture(0x0)
01-20 20:46:27.320 V/MediaPlayerNative(22065): prepare
01-20 20:46:27.320 V/MediaPlayerService( 2185): [1100] setParameter(1400)
01-20 20:46:27.320 V/MediaPlayerService( 2185): setAudioAttributes_l() usage=6 content=4 flags=0x800 tags=
01-20 20:46:27.320 V/MediaPlayerService( 2185): [1100] prepareAsync
01-20 20:46:27.323 I/NuPlayer( 2185): ORmode enabled : unsupportedAudio = 0, unsupportedVideo = 0, mHaveAudioTrack = 1, mHaveVideoTrack = 0
01-20 20:46:27.323 V/MediaPlayerService( 2185): [1100] notify (200, 10973, 0)
01-20 20:46:27.323 V/MediaPlayerNative(22065): message received msg=200, ext1=10973, ext2=0
01-20 20:46:27.323 W/MediaPlayerNative(22065): info/warning (10973, 0)
01-20 20:46:27.323 V/MediaPlayerService( 2185): [1100] notify (1, 0, 0)
01-20 20:46:27.323 V/MediaPlayerNative(22065): message received msg=1, ext1=0, ext2=0
01-20 20:46:27.323 V/MediaPlayerNative(22065): MediaPlayer::notify() prepared
01-20 20:46:27.323 V/MediaPlayerNative(22065): signal application thread
01-20 20:46:27.323 V/MediaPlayerNative(22065): prepare complete - status=0
01-20 20:46:27.323 V/MediaPlayerNative(22065): invoke 80
01-20 20:46:27.324 V/MediaPlayerNative(22065): invoke 76
01-20 20:46:27.324 V/MediaPlayerNative(22065): invoke 76
01-20 20:46:27.328 V/MediaPlayer-JNI(22065): native_setup
01-20 20:46:27.328 V/MediaPlayerNative(22065): constructor
01-20 20:46:27.328 V/MediaPlayerNative(22065): setListener
01-20 20:46:27.328 V/MediaPlayer-JNI(22065): get_session_id()
01-20 20:46:27.331 V/MediaPlayer-JNI(22065): setDataSourceFD: fd 362
01-20 20:46:27.331 V/MediaPlayerNative(22065): setDataSource(362, 77733316, 11615)
01-20 20:46:27.331 V/MediaPlayerService( 2185): Create new client(1101) from AttributionSourceState{pid: 22065, uid: 10517, deviceId: 0, packageName: com.facebook.orca, attributionTag: (null), token: binder:0xb4000071a8fc8e70, renouncedPermissions: [], next: []}, 
01-20 20:46:27.331 V/MediaPlayerService( 2185): setDataSource fd=50 (/data/app/~~9CNPM9CZ8O86oE2_5dkh8w==/com.facebook.orca-31peTDcCZXIYFghTeBdbbw==/base.apk), offset=77733316, length=11615
01-20 20:46:27.331 V/MediaPlayerService( 2185): st_dev  = 65086
01-20 20:46:27.331 V/MediaPlayerService( 2185): st_mode = 33188
01-20 20:46:27.331 V/MediaPlayerService( 2185): st_uid  = 1000
01-20 20:46:27.331 V/MediaPlayerService( 2185): st_gid  = 1000
01-20 20:46:27.331 V/MediaPlayerService( 2185): st_size = 83679621
01-20 20:46:27.331 V/MediaPlayerService( 2185): player type = 4
01-20 20:46:27.334 V/MediaPlayer-JNI(22065): setParameter: key 1400
01-20 20:46:27.334 V/MediaPlayerNative(22065): MediaPlayer::setParameter(1400)
01-20 20:46:27.334 V/MediaPlayerService( 2185): [1101] setParameter(1400)
01-20 20:46:27.334 V/MediaPlayerService( 2185): setAudioAttributes_l() usage=6 content=4 flags=0x800 tags=
01-20 20:46:27.335 V/MediaPlayerService( 2185): [1101] setOutputDevice
01-20 20:46:27.335 V/MediaPlayer-JNI(22065): setVolume: left 1.000000  right 1.000000
01-20 20:46:27.335 V/MediaPlayerNative(22065): MediaPlayer::setVolume(1.000000, 1.000000)
01-20 20:46:27.335 V/MediaPlayerService( 2185): [1101] setVolume(1.000000, 1.000000)
01-20 20:46:27.335 V/MediaPlayer-JNI(22065): setLooping: 0
01-20 20:46:27.335 V/MediaPlayerNative(22065): MediaPlayer::setLooping
01-20 20:46:27.335 V/MediaPlayerService( 2185): [1101] setLooping(0)
01-20 20:46:27.335 V/MediaPlayerNative(22065): setVideoSurfaceTexture
01-20 20:46:27.335 V/MediaPlayerService( 2185): [1101] setVideoSurfaceTexture(0x0)
01-20 20:46:27.335 V/MediaPlayerNative(22065): prepare
01-20 20:46:27.335 V/MediaPlayerService( 2185): [1101] setParameter(1400)
01-20 20:46:27.335 V/MediaPlayerService( 2185): setAudioAttributes_l() usage=6 content=4 flags=0x800 tags=
01-20 20:46:27.335 V/MediaPlayerService( 2185): [1101] prepareAsync
01-20 20:46:27.338 I/NuPlayer( 2185): ORmode enabled : unsupportedAudio = 0, unsupportedVideo = 0, mHaveAudioTrack = 1, mHaveVideoTrack = 0
01-20 20:46:27.338 V/MediaPlayerService( 2185): [1101] notify (200, 10973, 0)
01-20 20:46:27.338 V/MediaPlayerNative(22065): message received msg=200, ext1=10973, ext2=0
01-20 20:46:27.338 W/MediaPlayerNative(22065): info/warning (10973, 0)
01-20 20:46:27.339 V/MediaPlayerService( 2185): [1101] notify (1, 0, 0)
01-20 20:46:27.339 V/MediaPlayerNative(22065): message received msg=1, ext1=0, ext2=0
01-20 20:46:27.339 V/MediaPlayerNative(22065): MediaPlayer::notify() prepared
01-20 20:46:27.339 V/MediaPlayerNative(22065): signal application thread
01-20 20:46:27.339 V/MediaPlayerNative(22065): prepare complete - status=0
01-20 20:46:27.339 V/MediaPlayerNative(22065): invoke 80
01-20 20:46:27.340 V/MediaPlayerNative(22065): invoke 76
01-20 20:46:27.340 V/MediaPlayerNative(22065): invoke 76
01-20 20:46:27.342 V/MediaPlayer-JNI(22065): native_setup
01-20 20:46:27.342 V/MediaPlayerNative(22065): constructor
01-20 20:46:27.342 V/MediaPlayerNative(22065): setListener
01-20 20:46:27.342 V/MediaPlayer-JNI(22065): get_session_id()
01-20 20:46:27.345 V/MediaPlayer-JNI(22065): setDataSourceFD: fd 362
01-20 20:46:27.345 V/MediaPlayerNative(22065): setDataSource(362, 77733316, 11615)
01-20 20:46:27.345 V/MediaPlayerService( 2185): Create new client(1102) from AttributionSourceState{pid: 22065, uid: 10517, deviceId: 0, packageName: com.facebook.orca, attributionTag: (null), token: binder:0xb4000071a8fc8e70, renouncedPermissions: [], next: []}, 
01-20 20:46:27.345 V/MediaPlayerService( 2185): setDataSource fd=54 (/data/app/~~9CNPM9CZ8O86oE2_5dkh8w==/com.facebook.orca-31peTDcCZXIYFghTeBdbbw==/base.apk), offset=77733316, length=11615
01-20 20:46:27.345 V/MediaPlayerService( 2185): st_dev  = 65086
01-20 20:46:27.345 V/MediaPlayerService( 2185): st_mode = 33188
01-20 20:46:27.345 V/MediaPlayerService( 2185): st_uid  = 1000
01-20 20:46:27.345 V/MediaPlayerService( 2185): st_gid  = 1000
01-20 20:46:27.345 V/MediaPlayerService( 2185): st_size = 83679621
01-20 20:46:27.345 V/MediaPlayerService( 2185): player type = 4
01-20 20:46:27.348 V/MediaPlayer-JNI(22065): setParameter: key 1400
01-20 20:46:27.348 V/MediaPlayerNative(22065): MediaPlayer::setParameter(1400)
01-20 20:46:27.348 V/MediaPlayerService( 2185): [1102] setParameter(1400)
01-20 20:46:27.348 V/MediaPlayerService( 2185): setAudioAttributes_l() usage=6 content=4 flags=0x800 tags=
01-20 20:46:27.348 V/MediaPlayerService( 2185): [1102] setOutputDevice
01-20 20:46:27.349 V/MediaPlayer-JNI(22065): setVolume: left 1.000000  right 1.000000
01-20 20:46:27.349 V/MediaPlayerNative(22065): MediaPlayer::setVolume(1.000000, 1.000000)
01-20 20:46:27.349 V/MediaPlayerService( 2185): [1102] setVolume(1.000000, 1.000000)
01-20 20:46:27.349 V/MediaPlayer-JNI(22065): setLooping: 0
01-20 20:46:27.349 V/MediaPlayerNative(22065): MediaPlayer::setLooping
01-20 20:46:27.349 V/MediaPlayerService( 2185): [1102] setLooping(0)
01-20 20:46:27.349 V/MediaPlayerNative(22065): setVideoSurfaceTexture
01-20 20:46:27.349 V/MediaPlayerService( 2185): [1102] setVideoSurfaceTexture(0x0)
01-20 20:46:27.349 V/MediaPlayerNative(22065): prepare
01-20 20:46:27.349 V/MediaPlayerService( 2185): [1102] setParameter(1400)
01-20 20:46:27.349 V/MediaPlayerService( 2185): setAudioAttributes_l() usage=6 content=4 flags=0x800 tags=
01-20 20:46:27.349 V/MediaPlayerService( 2185): [1102] prepareAsync
01-20 20:46:27.352 I/NuPlayer( 2185): ORmode enabled : unsupportedAudio = 0, unsupportedVideo = 0, mHaveAudioTrack = 1, mHaveVideoTrack = 0
01-20 20:46:27.352 V/MediaPlayerService( 2185): [1102] notify (200, 10973, 0)
01-20 20:46:27.352 V/MediaPlayerNative(22065): message received msg=200, ext1=10973, ext2=0
01-20 20:46:27.352 W/MediaPlayerNative(22065): info/warning (10973, 0)
01-20 20:46:27.352 V/MediaPlayerService( 2185): [1102] notify (1, 0, 0)
01-20 20:46:27.352 V/MediaPlayerNative(22065): message received msg=1, ext1=0, ext2=0
01-20 20:46:27.352 V/MediaPlayerNative(22065): MediaPlayer::notify() prepared
01-20 20:46:27.352 V/MediaPlayerNative(22065): signal application thread
01-20 20:46:27.352 V/MediaPlayerNative(22065): prepare complete - status=0
01-20 20:46:27.352 V/MediaPlayerNative(22065): invoke 80
01-20 20:46:27.353 V/MediaPlayerNative(22065): invoke 76
01-20 20:46:27.353 V/MediaPlayerNative(22065): invoke 76
01-20 20:46:27.354 V/MediaPlayer-JNI(22065): native_setup
01-20 20:46:27.354 V/MediaPlayerNative(22065): constructor
01-20 20:46:27.354 V/MediaPlayerNative(22065): setListener
01-20 20:46:27.354 V/MediaPlayer-JNI(22065): get_session_id()
01-20 20:46:27.356 V/MediaPlayer-JNI(22065): setDataSourceFD: fd 362
01-20 20:46:27.356 V/MediaPlayerNative(22065): setDataSource(362, 77733316, 11615)
01-20 20:46:27.357 V/MediaPlayerService( 2185): Create new client(1103) from AttributionSourceState{pid: 22065, uid: 10517, deviceId: 0, packageName: com.facebook.orca, attributionTag: (null), token: binder:0xb4000071a8fc8e70, renouncedPermissions: [], next: []}, 
01-20 20:46:27.357 V/MediaPlayerService( 2185): setDataSource fd=62 (/data/app/~~9CNPM9CZ8O86oE2_5dkh8w==/com.facebook.orca-31peTDcCZXIYFghTeBdbbw==/base.apk), offset=77733316, length=11615
01-20 20:46:27.357 V/MediaPlayerService( 2185): st_dev  = 65086
01-20 20:46:27.357 V/MediaPlayerService( 2185): st_mode = 33188
01-20 20:46:27.357 V/MediaPlayerService( 2185): st_uid  = 1000
01-20 20:46:27.357 V/MediaPlayerService( 2185): st_gid  = 1000
01-20 20:46:27.357 V/MediaPlayerService( 2185): st_size = 83679621
01-20 20:46:27.357 V/MediaPlayerService( 2185): player type = 4
01-20 20:46:27.360 V/MediaPlayer-JNI(22065): setParameter: key 1400
01-20 20:46:27.360 V/MediaPlayerNative(22065): MediaPlayer::setParameter(1400)
01-20 20:46:27.360 V/MediaPlayerService( 2185): [1103] setParameter(1400)
01-20 20:46:27.360 V/MediaPlayerService( 2185): setAudioAttributes_l() usage=6 content=4 flags=0x800 tags=
01-20 20:46:27.361 V/MediaPlayerService( 2185): [1103] setOutputDevice
01-20 20:46:27.361 V/MediaPlayer-JNI(22065): setVolume: left 1.000000  right 1.000000
01-20 20:46:27.361 V/MediaPlayerNative(22065): MediaPlayer::setVolume(1.000000, 1.000000)
01-20 20:46:27.361 V/MediaPlayerService( 2185): [1103] setVolume(1.000000, 1.000000)
01-20 20:46:27.361 V/MediaPlayer-JNI(22065): setLooping: 0
01-20 20:46:27.361 V/MediaPlayerNative(22065): MediaPlayer::setLooping
01-20 20:46:27.361 V/MediaPlayerService( 2185): [1103] setLooping(0)
01-20 20:46:27.361 V/MediaPlayerNative(22065): setVideoSurfaceTexture
01-20 20:46:27.361 V/MediaPlayerService( 2185): [1103] setVideoSurfaceTexture(0x0)
01-20 20:46:27.361 V/MediaPlayerNative(22065): prepare
01-20 20:46:27.361 V/MediaPlayerService( 2185): [1103] setParameter(1400)
01-20 20:46:27.361 V/MediaPlayerService( 2185): setAudioAttributes_l() usage=6 content=4 flags=0x800 tags=
01-20 20:46:27.362 V/MediaPlayerService( 2185): [1103] prepareAsync
01-20 20:46:27.364 I/NuPlayer( 2185): ORmode enabled : unsupportedAudio = 0, unsupportedVideo = 0, mHaveAudioTrack = 1, mHaveVideoTrack = 0
01-20 20:46:27.364 V/MediaPlayerService( 2185): [1103] notify (200, 10973, 0)
01-20 20:46:27.365 V/MediaPlayerNative(22065): message received msg=200, ext1=10973, ext2=0
01-20 20:46:27.365 W/MediaPlayerNative(22065): info/warning (10973, 0)
01-20 20:46:27.365 V/MediaPlayerService( 2185): [1103] notify (1, 0, 0)
01-20 20:46:27.365 V/MediaPlayerNative(22065): message received msg=1, ext1=0, ext2=0
01-20 20:46:27.365 V/MediaPlayerNative(22065): MediaPlayer::notify() prepared
01-20 20:46:27.365 V/MediaPlayerNative(22065): signal application thread
01-20 20:46:27.365 V/MediaPlayerNative(22065): prepare complete - status=0
01-20 20:46:27.365 V/MediaPlayerNative(22065): invoke 80
01-20 20:46:27.368 V/MediaPlayerNative(22065): invoke 76
01-20 20:46:27.368 V/MediaPlayerNative(22065): invoke 76
01-20 20:46:27.369 V/MediaPlayer-JNI(22065): native_setup
01-20 20:46:27.369 V/MediaPlayerNative(22065): constructor
01-20 20:46:27.369 V/MediaPlayerNative(22065): setListener
01-20 20:46:27.369 V/MediaPlayer-JNI(22065): get_session_id()
01-20 20:46:27.372 V/MediaPlayer-JNI(22065): setDataSourceFD: fd 362
01-20 20:46:27.372 V/MediaPlayerNative(22065): setDataSource(362, 77733316, 11615)
01-20 20:46:27.372 V/MediaPlayerService( 2185): Create new client(1104) from AttributionSourceState{pid: 22065, uid: 10517, deviceId: 0, packageName: com.facebook.orca, attributionTag: (null), token: binder:0xb4000071a8fc8e70, renouncedPermissions: [], next: []}, 
01-20 20:46:27.372 V/MediaPlayerService( 2185): setDataSource fd=64 (/data/app/~~9CNPM9CZ8O86oE2_5dkh8w==/com.facebook.orca-31peTDcCZXIYFghTeBdbbw==/base.apk), offset=77733316, length=11615
01-20 20:46:27.372 V/MediaPlayerService( 2185): st_dev  = 65086
01-20 20:46:27.372 V/MediaPlayerService( 2185): st_mode = 33188
01-20 20:46:27.372 V/MediaPlayerService( 2185): st_uid  = 1000
01-20 20:46:27.372 V/MediaPlayerService( 2185): st_gid  = 1000
01-20 20:46:27.372 V/MediaPlayerService( 2185): st_size = 83679621
01-20 20:46:27.372 V/MediaPlayerService( 2185): player type = 4
01-20 20:46:27.375 D/FreecessHandler( 2561): freeze com.risa.app(11308) result : 7
01-20 20:46:27.377 V/MediaPlayer-JNI(22065): setParameter: key 1400
01-20 20:46:27.377 V/MediaPlayerNative(22065): MediaPlayer::setParameter(1400)
01-20 20:46:27.377 V/MediaPlayerService( 2185): [1104] setParameter(1400)
01-20 20:46:27.377 V/MediaPlayerService( 2185): setAudioAttributes_l() usage=6 content=4 flags=0x800 tags=
01-20 20:46:27.377 V/MediaPlayerService( 2185): [1104] setOutputDevice
01-20 20:46:27.377 V/MediaPlayer-JNI(22065): setVolume: left 1.000000  right 1.000000
01-20 20:46:27.377 V/MediaPlayerNative(22065): MediaPlayer::setVolume(1.000000, 1.000000)
01-20 20:46:27.377 V/MediaPlayerService( 2185): [1104] setVolume(1.000000, 1.000000)
01-20 20:46:27.377 V/MediaPlayer-JNI(22065): setLooping: 0
01-20 20:46:27.377 V/MediaPlayerNative(22065): MediaPlayer::setLooping
01-20 20:46:27.377 V/MediaPlayerService( 2185): [1104] setLooping(0)
01-20 20:46:27.377 V/MediaPlayerNative(22065): setVideoSurfaceTexture
01-20 20:46:27.377 V/MediaPlayerService( 2185): [1104] setVideoSurfaceTexture(0x0)
01-20 20:46:27.378 V/MediaPlayerNative(22065): prepare
01-20 20:46:27.378 V/MediaPlayerService( 2185): [1104] setParameter(1400)
01-20 20:46:27.378 V/MediaPlayerService( 2185): setAudioAttributes_l() usage=6 content=4 flags=0x800 tags=
01-20 20:46:27.378 V/MediaPlayerService( 2185): [1104] prepareAsync
01-20 20:46:27.389 I/NuPlayer( 2185): ORmode enabled : unsupportedAudio = 0, unsupportedVideo = 0, mHaveAudioTrack = 1, mHaveVideoTrack = 0
01-20 20:46:27.389 V/MediaPlayerService( 2185): [1104] notify (200, 10973, 0)
01-20 20:46:27.390 V/MediaPlayerNative(22065): message received msg=200, ext1=10973, ext2=0
01-20 20:46:27.390 W/MediaPlayerNative(22065): info/warning (10973, 0)
01-20 20:46:27.391 V/MediaPlayerService( 2185): [1104] notify (1, 0, 0)
01-20 20:46:27.391 V/MediaPlayerNative(22065): message received msg=1, ext1=0, ext2=0
01-20 20:46:27.391 V/MediaPlayerNative(22065): MediaPlayer::notify() prepared
01-20 20:46:27.391 V/MediaPlayerNative(22065): signal application thread
01-20 20:46:27.391 V/MediaPlayerNative(22065): prepare complete - status=0
01-20 20:46:27.391 V/MediaPlayerNative(22065): invoke 80
01-20 20:46:27.399 V/MediaPlayerNative(22065): invoke 76
01-20 20:46:27.399 V/MediaPlayerNative(22065): invoke 76
01-20 20:46:27.401 V/MediaPlayer-JNI(22065): native_setup
01-20 20:46:27.401 V/MediaPlayerNative(22065): constructor
01-20 20:46:27.401 V/MediaPlayerNative(22065): setListener
01-20 20:46:27.401 V/MediaPlayer-JNI(22065): get_session_id()
01-20 20:46:27.404 V/MediaPlayer-JNI(22065): setDataSourceFD: fd 301
01-20 20:46:27.404 V/MediaPlayerNative(22065): setDataSource(301, 77733316, 11615)
01-20 20:46:27.404 V/MediaPlayerService( 2185): Create new client(1105) from AttributionSourceState{pid: 22065, uid: 10517, deviceId: 0, packageName: com.facebook.orca, attributionTag: (null), token: binder:0xb4000071a8fc8e70, renouncedPermissions: [], next: []}, 
01-20 20:46:27.404 V/MediaPlayerService( 2185): setDataSource fd=67 (/data/app/~~9CNPM9CZ8O86oE2_5dkh8w==/com.facebook.orca-31peTDcCZXIYFghTeBdbbw==/base.apk), offset=77733316, length=11615
01-20 20:46:27.404 V/MediaPlayerService( 2185): st_dev  = 65086
01-20 20:46:27.404 V/MediaPlayerService( 2185): st_mode = 33188
01-20 20:46:27.404 V/MediaPlayerService( 2185): st_uid  = 1000
01-20 20:46:27.404 V/MediaPlayerService( 2185): st_gid  = 1000
01-20 20:46:27.404 V/MediaPlayerService( 2185): st_size = 83679621
01-20 20:46:27.404 V/MediaPlayerService( 2185): player type = 4
01-20 20:46:27.420 V/MediaPlayer-JNI(22065): setParameter: key 1400
01-20 20:46:27.420 V/MediaPlayerNative(22065): MediaPlayer::setParameter(1400)
01-20 20:46:27.420 V/MediaPlayerService( 2185): [1105] setParameter(1400)
01-20 20:46:27.420 V/MediaPlayerService( 2185): setAudioAttributes_l() usage=6 content=4 flags=0x800 tags=
01-20 20:46:27.421 V/MediaPlayerService( 2185): [1105] setOutputDevice
01-20 20:46:27.421 V/MediaPlayer-JNI(22065): setVolume: left 1.000000  right 1.000000
01-20 20:46:27.421 V/MediaPlayerNative(22065): MediaPlayer::setVolume(1.000000, 1.000000)
01-20 20:46:27.421 V/MediaPlayerService( 2185): [1105] setVolume(1.000000, 1.000000)
01-20 20:46:27.421 V/MediaPlayer-JNI(22065): setLooping: 0
01-20 20:46:27.421 V/MediaPlayerNative(22065): MediaPlayer::setLooping
01-20 20:46:27.421 V/MediaPlayerService( 2185): [1105] setLooping(0)
01-20 20:46:27.421 V/MediaPlayerNative(22065): setVideoSurfaceTexture
01-20 20:46:27.421 V/MediaPlayerService( 2185): [1105] setVideoSurfaceTexture(0x0)
01-20 20:46:27.421 V/MediaPlayerNative(22065): prepare
01-20 20:46:27.421 V/MediaPlayerService( 2185): [1105] setParameter(1400)
01-20 20:46:27.421 V/MediaPlayerService( 2185): setAudioAttributes_l() usage=6 content=4 flags=0x800 tags=
01-20 20:46:27.421 V/MediaPlayerService( 2185): [1105] prepareAsync
01-20 20:46:27.430 I/NuPlayer( 2185): ORmode enabled : unsupportedAudio = 0, unsupportedVideo = 0, mHaveAudioTrack = 1, mHaveVideoTrack = 0
01-20 20:46:27.430 V/MediaPlayerService( 2185): [1105] notify (200, 10973, 0)
01-20 20:46:27.431 V/MediaPlayerNative(22065): message received msg=200, ext1=10973, ext2=0
01-20 20:46:27.431 W/MediaPlayerNative(22065): info/warning (10973, 0)
01-20 20:46:27.431 V/MediaPlayerService( 2185): [1105] notify (1, 0, 0)
01-20 20:46:27.432 V/MediaPlayerNative(22065): message received msg=1, ext1=0, ext2=0
01-20 20:46:27.432 V/MediaPlayerNative(22065): MediaPlayer::notify() prepared
01-20 20:46:27.432 V/MediaPlayerNative(22065): signal application thread
01-20 20:46:27.432 V/MediaPlayerNative(22065): prepare complete - status=0
01-20 20:46:27.432 V/MediaPlayerNative(22065): invoke 80
01-20 20:46:27.433 V/MediaPlayerNative(22065): invoke 76
01-20 20:46:27.435 V/MediaPlayer-JNI(22065): native_setup
01-20 20:46:27.435 V/MediaPlayerNative(22065): constructor
01-20 20:46:27.435 V/MediaPlayerNative(22065): setListener
01-20 20:46:27.435 V/MediaPlayer-JNI(22065): get_session_id()
01-20 20:46:27.446 V/MediaPlayerNative(22065): invoke 76
01-20 20:46:27.450 V/MediaPlayer-JNI(22065): setDataSourceFD: fd 373
01-20 20:46:27.450 V/MediaPlayerNative(22065): setDataSource(373, 0, 576460752303423487)
01-20 20:46:27.450 V/MediaPlayerService( 2185): Create new client(1106) from AttributionSourceState{pid: 22065, uid: 10517, deviceId: 0, packageName: com.facebook.orca, attributionTag: (null), token: binder:0xb4000071a8fc8e70, renouncedPermissions: [], next: []}, 
01-20 20:46:27.450 V/MediaPlayerService( 2185): setDataSource fd=74 (/data/system_de/0/ringtones/notification_sound_cache), offset=0, length=576460752303423487
01-20 20:46:27.450 V/MediaPlayerService( 2185): st_dev  = 65086
01-20 20:46:27.450 V/MediaPlayerService( 2185): st_mode = 33216
01-20 20:46:27.450 V/MediaPlayerService( 2185): st_uid  = 1000
01-20 20:46:27.450 V/MediaPlayerService( 2185): st_gid  = 1000
01-20 20:46:27.450 V/MediaPlayerService( 2185): st_size = 29773
01-20 20:46:27.450 V/MediaPlayerService( 2185): calculated length = 29773
01-20 20:46:27.450 V/MediaPlayerService( 2185): player type = 4
01-20 20:46:27.456 V/MediaPlayer-JNI(22065): setParameter: key 1400
01-20 20:46:27.456 V/MediaPlayerNative(22065): MediaPlayer::setParameter(1400)
01-20 20:46:27.456 V/MediaPlayerService( 2185): [1106] setParameter(1400)
01-20 20:46:27.456 V/MediaPlayerService( 2185): setAudioAttributes_l() usage=6 content=4 flags=0x800 tags=
01-20 20:46:27.457 V/MediaPlayerService( 2185): [1106] setOutputDevice
01-20 20:46:27.457 V/MediaPlayer-JNI(22065): setVolume: left 1.000000  right 1.000000
01-20 20:46:27.457 V/MediaPlayerNative(22065): MediaPlayer::setVolume(1.000000, 1.000000)
01-20 20:46:27.457 V/MediaPlayerService( 2185): [1106] setVolume(1.000000, 1.000000)
01-20 20:46:27.457 V/MediaPlayer-JNI(22065): setLooping: 0
01-20 20:46:27.457 V/MediaPlayerNative(22065): MediaPlayer::setLooping
01-20 20:46:27.457 V/MediaPlayerService( 2185): [1106] setLooping(0)
01-20 20:46:27.457 V/MediaPlayerNative(22065): setVideoSurfaceTexture
01-20 20:46:27.457 V/MediaPlayerService( 2185): [1106] setVideoSurfaceTexture(0x0)
01-20 20:46:27.457 V/MediaPlayerNative(22065): prepare
01-20 20:46:27.457 V/MediaPlayerService( 2185): [1106] setParameter(1400)
01-20 20:46:27.457 V/MediaPlayerService( 2185): setAudioAttributes_l() usage=6 content=4 flags=0x800 tags=
01-20 20:46:27.457 V/MediaPlayerService( 2185): [1106] prepareAsync
01-20 20:46:27.476 I/NuPlayer( 2185): ORmode enabled : unsupportedAudio = 0, unsupportedVideo = 0, mHaveAudioTrack = 1, mHaveVideoTrack = 0
01-20 20:46:27.476 V/MediaPlayerService( 2185): [1106] notify (200, 10973, 0)
01-20 20:46:27.476 V/MediaPlayerNative(22065): message received msg=200, ext1=10973, ext2=0
01-20 20:46:27.476 W/MediaPlayerNative(22065): info/warning (10973, 0)
01-20 20:46:27.477 V/MediaPlayerService( 2185): [1106] notify (1, 0, 0)
01-20 20:46:27.477 V/MediaPlayerNative(22065): message received msg=1, ext1=0, ext2=0
01-20 20:46:27.477 V/MediaPlayerNative(22065): MediaPlayer::notify() prepared
01-20 20:46:27.477 V/MediaPlayerNative(22065): signal application thread
01-20 20:46:27.477 V/MediaPlayerNative(22065): prepare complete - status=0
01-20 20:46:27.477 V/MediaPlayerNative(22065): invoke 80
01-20 20:46:27.478 V/MediaPlayerNative(22065): invoke 76
01-20 20:46:27.481 V/MediaPlayerNative(22065): invoke 76
01-20 20:46:33.387 D/FreecessHandler( 2561): freeze com.risa.app(11308) result : 7
01-20 20:46:39.399 D/FreecessHandler( 2561): freeze com.risa.app(11308) result : 7
01-20 20:46:45.409 D/FreecessHandler( 2561): freeze com.risa.app(11308) result : 7
01-20 20:46:51.419 D/FreecessHandler( 2561): freeze com.risa.app(11308) result : 7
01-20 20:46:57.426 D/FreecessHandler( 2561): freeze com.risa.app(11308) result : 7
01-20 20:46:59.556 I/MediaCodec(22065): Codec shutdown complete
01-20 20:46:59.558 I/MediaCodec(22065): Codec shutdown complete
01-20 20:46:59.559 I/MediaCodec(22065): Codec shutdown complete
01-20 20:46:59.579 I/MediaCodec(22065): Codec shutdown complete
01-20 20:46:59.800 V/MediaPlayer(22065): resetDrmState:  mDrmInfo=null mDrmProvisioningThread=null mPrepareDrmInProgress=false mActiveDrmScheme=false
01-20 20:46:59.800 V/MediaPlayer(22065): cleanDrmObj: mDrmObj=null mDrmSessionId=null
01-20 20:46:59.800 V/MediaPlayer-JNI(22065): release
01-20 20:46:59.800 V/MediaPlayerNative(22065): setListener
01-20 20:46:59.800 V/MediaPlayerNative(22065): disconnect
01-20 20:46:59.800 V/MediaPlayerService( 2185): disconnect(1097) from AttributionSource AttributionSourceState{pid: 22065, uid: 10517, deviceId: 0, packageName: com.facebook.orca, attributionTag: (null), token: binder:0xb4000071a8fc8e70, renouncedPermissions: [], next: []}
01-20 20:46:59.805 V/MediaPlayerNative(22065): destructor
01-20 20:46:59.805 V/MediaPlayerService( 2185): Client(1097) destructor AttributionSource = AttributionSourceState{pid: 22065, uid: 10517, deviceId: 0, packageName: com.facebook.orca, attributionTag: (null), token: binder:0xb4000071a8fc8e70, renouncedPermissions: [], next: []}
01-20 20:46:59.805 V/MediaPlayerNative(22065): disconnect
01-20 20:46:59.805 V/MediaPlayerService( 2185): disconnect(1097) from AttributionSource AttributionSourceState{pid: 22065, uid: 10517, deviceId: 0, packageName: com.facebook.orca, attributionTag: (null), token: binder:0xb4000071a8fc8e70, renouncedPermissions: [], next: []}
01-20 20:46:59.805 V/MediaPlayer-JNI(22065): native_finalize
01-20 20:46:59.805 V/MediaPlayer-JNI(22065): release
01-20 20:46:59.805 V/MediaPlayer(22065): resetDrmState:  mDrmInfo=null mDrmProvisioningThread=null mPrepareDrmInProgress=false mActiveDrmScheme=false
01-20 20:46:59.805 V/MediaPlayer(22065): cleanDrmObj: mDrmObj=null mDrmSessionId=null
01-20 20:46:59.805 V/MediaPlayer-JNI(22065): release
01-20 20:46:59.805 V/MediaPlayerNative(22065): setListener
01-20 20:46:59.807 V/MediaPlayerNative(22065): disconnect
01-20 20:46:59.807 V/MediaPlayerService( 2185): disconnect(1098) from AttributionSource AttributionSourceState{pid: 22065, uid: 10517, deviceId: 0, packageName: com.facebook.orca, attributionTag: (null), token: binder:0xb4000071a8fc8e70, renouncedPermissions: [], next: []}
01-20 20:46:59.810 V/MediaPlayerService( 2185): Client(1098) destructor AttributionSource = AttributionSourceState{pid: 22065, uid: 10517, deviceId: 0, packageName: com.facebook.orca, attributionTag: (null), token: binder:0xb4000071a8fc8e70, renouncedPermissions: [], next: []}
01-20 20:46:59.811 V/MediaPlayerService( 2185): disconnect(1098) from AttributionSource AttributionSourceState{pid: 22065, uid: 10517, deviceId: 0, packageName: com.facebook.orca, attributionTag: (null), token: binder:0xb4000071a8fc8e70, renouncedPermissions: [], next: []}
01-20 20:46:59.811 V/MediaPlayerNative(22065): destructor
01-20 20:46:59.811 V/MediaPlayerNative(22065): disconnect
01-20 20:46:59.811 V/MediaPlayer-JNI(22065): native_finalize
01-20 20:46:59.811 V/MediaPlayer-JNI(22065): release
01-20 20:46:59.811 V/MediaPlayer(22065): resetDrmState:  mDrmInfo=null mDrmProvisioningThread=null mPrepareDrmInProgress=false mActiveDrmScheme=false
01-20 20:46:59.811 V/MediaPlayer(22065): cleanDrmObj: mDrmObj=null mDrmSessionId=null
01-20 20:46:59.811 V/MediaPlayer-JNI(22065): release
01-20 20:46:59.811 V/MediaPlayerNative(22065): setListener
01-20 20:46:59.811 V/MediaPlayerNative(22065): disconnect
01-20 20:46:59.811 V/MediaPlayerService( 2185): disconnect(1099) from AttributionSource AttributionSourceState{pid: 22065, uid: 10517, deviceId: 0, packageName: com.facebook.orca, attributionTag: (null), token: binder:0xb4000071a8fc8e70, renouncedPermissions: [], next: []}
01-20 20:46:59.814 V/MediaPlayerNative(22065): destructor
01-20 20:46:59.814 V/MediaPlayerService( 2185): Client(1099) destructor AttributionSource = AttributionSourceState{pid: 22065, uid: 10517, deviceId: 0, packageName: com.facebook.orca, attributionTag: (null), token: binder:0xb4000071a8fc8e70, renouncedPermissions: [], next: []}
01-20 20:46:59.814 V/MediaPlayerNative(22065): disconnect
01-20 20:46:59.814 V/MediaPlayer-JNI(22065): native_finalize
01-20 20:46:59.814 V/MediaPlayer-JNI(22065): release
01-20 20:46:59.814 V/MediaPlayerService( 2185): disconnect(1099) from AttributionSource AttributionSourceState{pid: 22065, uid: 10517, deviceId: 0, packageName: com.facebook.orca, attributionTag: (null), token: binder:0xb4000071a8fc8e70, renouncedPermissions: [], next: []}
01-20 20:46:59.814 V/MediaPlayer(22065): resetDrmState:  mDrmInfo=null mDrmProvisioningThread=null mPrepareDrmInProgress=false mActiveDrmScheme=false
01-20 20:46:59.814 V/MediaPlayer(22065): cleanDrmObj: mDrmObj=null mDrmSessionId=null
01-20 20:46:59.814 V/MediaPlayer-JNI(22065): release
01-20 20:46:59.814 V/MediaPlayerNative(22065): setListener
01-20 20:46:59.814 V/MediaPlayerNative(22065): disconnect
01-20 20:46:59.814 V/MediaPlayerService( 2185): disconnect(1100) from AttributionSource AttributionSourceState{pid: 22065, uid: 10517, deviceId: 0, packageName: com.facebook.orca, attributionTag: (null), token: binder:0xb4000071a8fc8e70, renouncedPermissions: [], next: []}
01-20 20:46:59.816 V/MediaPlayerNative(22065): destructor
01-20 20:46:59.817 V/MediaPlayerNative(22065): disconnect
01-20 20:46:59.817 V/MediaPlayer-JNI(22065): native_finalize
01-20 20:46:59.817 V/MediaPlayer-JNI(22065): release
01-20 20:46:59.817 V/MediaPlayerService( 2185): Client(1100) destructor AttributionSource = AttributionSourceState{pid: 22065, uid: 10517, deviceId: 0, packageName: com.facebook.orca, attributionTag: (null), token: binder:0xb4000071a8fc8e70, renouncedPermissions: [], next: []}
01-20 20:46:59.817 V/MediaPlayerService( 2185): disconnect(1100) from AttributionSource AttributionSourceState{pid: 22065, uid: 10517, deviceId: 0, packageName: com.facebook.orca, attributionTag: (null), token: binder:0xb4000071a8fc8e70, renouncedPermissions: [], next: []}
01-20 20:46:59.817 V/MediaPlayer(22065): resetDrmState:  mDrmInfo=null mDrmProvisioningThread=null mPrepareDrmInProgress=false mActiveDrmScheme=false
01-20 20:46:59.817 V/MediaPlayer(22065): cleanDrmObj: mDrmObj=null mDrmSessionId=null
01-20 20:46:59.817 V/MediaPlayer-JNI(22065): release
01-20 20:46:59.817 V/MediaPlayerNative(22065): setListener
01-20 20:46:59.817 V/MediaPlayerNative(22065): disconnect
01-20 20:46:59.817 V/MediaPlayerService( 2185): disconnect(1101) from AttributionSource AttributionSourceState{pid: 22065, uid: 10517, deviceId: 0, packageName: com.facebook.orca, attributionTag: (null), token: binder:0xb4000071a8fc8e70, renouncedPermissions: [], next: []}
01-20 20:46:59.819 V/MediaPlayerNative(22065): destructor
01-20 20:46:59.820 V/MediaPlayerService( 2185): Client(1101) destructor AttributionSource = AttributionSourceState{pid: 22065, uid: 10517, deviceId: 0, packageName: com.facebook.orca, attributionTag: (null), token: binder:0xb4000071a8fc8e70, renouncedPermissions: [], next: []}
01-20 20:46:59.820 V/MediaPlayerService( 2185): disconnect(1101) from AttributionSource AttributionSourceState{pid: 22065, uid: 10517, deviceId: 0, packageName: com.facebook.orca, attributionTag: (null), token: binder:0xb4000071a8fc8e70, renouncedPermissions: [], next: []}
01-20 20:46:59.820 V/MediaPlayerNative(22065): disconnect
01-20 20:46:59.820 V/MediaPlayer-JNI(22065): native_finalize
01-20 20:46:59.820 V/MediaPlayer-JNI(22065): release
01-20 20:46:59.820 V/MediaPlayer(22065): resetDrmState:  mDrmInfo=null mDrmProvisioningThread=null mPrepareDrmInProgress=false mActiveDrmScheme=false
01-20 20:46:59.820 V/MediaPlayer(22065): cleanDrmObj: mDrmObj=null mDrmSessionId=null
01-20 20:46:59.820 V/MediaPlayer-JNI(22065): release
01-20 20:46:59.820 V/MediaPlayerNative(22065): setListener
01-20 20:46:59.820 V/MediaPlayerNative(22065): disconnect
01-20 20:46:59.820 V/MediaPlayerService( 2185): disconnect(1102) from AttributionSource AttributionSourceState{pid: 22065, uid: 10517, deviceId: 0, packageName: com.facebook.orca, attributionTag: (null), token: binder:0xb4000071a8fc8e70, renouncedPermissions: [], next: []}
01-20 20:46:59.822 V/MediaPlayerNative(22065): destructor
01-20 20:46:59.823 V/MediaPlayerService( 2185): Client(1102) destructor AttributionSource = AttributionSourceState{pid: 22065, uid: 10517, deviceId: 0, packageName: com.facebook.orca, attributionTag: (null), token: binder:0xb4000071a8fc8e70, renouncedPermissions: [], next: []}
01-20 20:46:59.823 V/MediaPlayerService( 2185): disconnect(1102) from AttributionSource AttributionSourceState{pid: 22065, uid: 10517, deviceId: 0, packageName: com.facebook.orca, attributionTag: (null), token: binder:0xb4000071a8fc8e70, renouncedPermissions: [], next: []}
01-20 20:46:59.823 V/MediaPlayerNative(22065): disconnect
01-20 20:46:59.823 V/MediaPlayer-JNI(22065): native_finalize
01-20 20:46:59.823 V/MediaPlayer-JNI(22065): release
01-20 20:46:59.823 V/MediaPlayer(22065): resetDrmState:  mDrmInfo=null mDrmProvisioningThread=null mPrepareDrmInProgress=false mActiveDrmScheme=false
01-20 20:46:59.823 V/MediaPlayer(22065): cleanDrmObj: mDrmObj=null mDrmSessionId=null
01-20 20:46:59.823 V/MediaPlayer-JNI(22065): release
01-20 20:46:59.823 V/MediaPlayerNative(22065): setListener
01-20 20:46:59.823 V/MediaPlayerNative(22065): disconnect
01-20 20:46:59.823 V/MediaPlayerService( 2185): disconnect(1103) from AttributionSource AttributionSourceState{pid: 22065, uid: 10517, deviceId: 0, packageName: com.facebook.orca, attributionTag: (null), token: binder:0xb4000071a8fc8e70, renouncedPermissions: [], next: []}
01-20 20:46:59.825 V/MediaPlayerNative(22065): destructor
01-20 20:46:59.825 V/MediaPlayerService( 2185): Client(1103) destructor AttributionSource = AttributionSourceState{pid: 22065, uid: 10517, deviceId: 0, packageName: com.facebook.orca, attributionTag: (null), token: binder:0xb4000071a8fc8e70, renouncedPermissions: [], next: []}
01-20 20:46:59.825 V/MediaPlayerService( 2185): disconnect(1103) from AttributionSource AttributionSourceState{pid: 22065, uid: 10517, deviceId: 0, packageName: com.facebook.orca, attributionTag: (null), token: binder:0xb4000071a8fc8e70, renouncedPermissions: [], next: []}
01-20 20:46:59.825 V/MediaPlayerNative(22065): disconnect
01-20 20:46:59.825 V/MediaPlayer-JNI(22065): native_finalize
01-20 20:46:59.825 V/MediaPlayer-JNI(22065): release
01-20 20:46:59.825 V/MediaPlayer(22065): resetDrmState:  mDrmInfo=null mDrmProvisioningThread=null mPrepareDrmInProgress=false mActiveDrmScheme=false
01-20 20:46:59.825 V/MediaPlayer(22065): cleanDrmObj: mDrmObj=null mDrmSessionId=null
01-20 20:46:59.825 V/MediaPlayer-JNI(22065): release
01-20 20:46:59.825 V/MediaPlayerNative(22065): setListener
01-20 20:46:59.825 V/MediaPlayerNative(22065): disconnect
01-20 20:46:59.825 V/MediaPlayerService( 2185): disconnect(1104) from AttributionSource AttributionSourceState{pid: 22065, uid: 10517, deviceId: 0, packageName: com.facebook.orca, attributionTag: (null), token: binder:0xb4000071a8fc8e70, renouncedPermissions: [], next: []}
01-20 20:46:59.828 V/MediaPlayerNative(22065): destructor
01-20 20:46:59.828 V/MediaPlayerService( 2185): Client(1104) destructor AttributionSource = AttributionSourceState{pid: 22065, uid: 10517, deviceId: 0, packageName: com.facebook.orca, attributionTag: (null), token: binder:0xb4000071a8fc8e70, renouncedPermissions: [], next: []}
01-20 20:46:59.828 V/MediaPlayerService( 2185): disconnect(1104) from AttributionSource AttributionSourceState{pid: 22065, uid: 10517, deviceId: 0, packageName: com.facebook.orca, attributionTag: (null), token: binder:0xb4000071a8fc8e70, renouncedPermissions: [], next: []}
01-20 20:46:59.829 V/MediaPlayerNative(22065): disconnect
01-20 20:46:59.829 V/MediaPlayer-JNI(22065): native_finalize
01-20 20:46:59.829 V/MediaPlayer-JNI(22065): release
01-20 20:46:59.829 V/MediaPlayer(22065): resetDrmState:  mDrmInfo=null mDrmProvisioningThread=null mPrepareDrmInProgress=false mActiveDrmScheme=false
01-20 20:46:59.829 V/MediaPlayer(22065): cleanDrmObj: mDrmObj=null mDrmSessionId=null
01-20 20:46:59.829 V/MediaPlayer-JNI(22065): release
01-20 20:46:59.829 V/MediaPlayerNative(22065): setListener
01-20 20:46:59.829 V/MediaPlayerNative(22065): disconnect
01-20 20:46:59.829 V/MediaPlayerService( 2185): disconnect(1105) from AttributionSource AttributionSourceState{pid: 22065, uid: 10517, deviceId: 0, packageName: com.facebook.orca, attributionTag: (null), token: binder:0xb4000071a8fc8e70, renouncedPermissions: [], next: []}
01-20 20:46:59.831 V/MediaPlayerNative(22065): destructor
01-20 20:46:59.831 V/MediaPlayerService( 2185): Client(1105) destructor AttributionSource = AttributionSourceState{pid: 22065, uid: 10517, deviceId: 0, packageName: com.facebook.orca, attributionTag: (null), token: binder:0xb4000071a8fc8e70, renouncedPermissions: [], next: []}
01-20 20:46:59.831 V/MediaPlayerNative(22065): disconnect
01-20 20:46:59.831 V/MediaPlayerService( 2185): disconnect(1105) from AttributionSource AttributionSourceState{pid: 22065, uid: 10517, deviceId: 0, packageName: com.facebook.orca, attributionTag: (null), token: binder:0xb4000071a8fc8e70, renouncedPermissions: [], next: []}
01-20 20:46:59.831 V/MediaPlayer-JNI(22065): native_finalize
01-20 20:46:59.831 V/MediaPlayer-JNI(22065): release
01-20 20:46:59.831 V/MediaPlayer(22065): resetDrmState:  mDrmInfo=null mDrmProvisioningThread=null mPrepareDrmInProgress=false mActiveDrmScheme=false
01-20 20:46:59.831 V/MediaPlayer(22065): cleanDrmObj: mDrmObj=null mDrmSessionId=null
01-20 20:46:59.831 V/MediaPlayer-JNI(22065): release
01-20 20:46:59.831 V/MediaPlayerNative(22065): setListener
01-20 20:46:59.831 V/MediaPlayerNative(22065): disconnect
01-20 20:46:59.832 V/MediaPlayerService( 2185): disconnect(1106) from AttributionSource AttributionSourceState{pid: 22065, uid: 10517, deviceId: 0, packageName: com.facebook.orca, attributionTag: (null), token: binder:0xb4000071a8fc8e70, renouncedPermissions: [], next: []}
01-20 20:46:59.834 V/MediaPlayerNative(22065): destructor
01-20 20:46:59.834 V/MediaPlayerNative(22065): disconnect
01-20 20:46:59.834 V/MediaPlayer-JNI(22065): native_finalize
01-20 20:46:59.834 V/MediaPlayer-JNI(22065): release
01-20 20:46:59.835 V/MediaPlayerService( 2185): Client(1106) destructor AttributionSource = AttributionSourceState{pid: 22065, uid: 10517, deviceId: 0, packageName: com.facebook.orca, attributionTag: (null), token: binder:0xb4000071a8fc8e70, renouncedPermissions: [], next: []}
01-20 20:46:59.835 V/MediaPlayerService( 2185): disconnect(1106) from AttributionSource AttributionSourceState{pid: 22065, uid: 10517, deviceId: 0, packageName: com.facebook.orca, attributionTag: (null), token: binder:0xb4000071a8fc8e70, renouncedPermissions: [], next: []}
01-20 20:47:03.438 D/FreecessHandler( 2561): freeze com.risa.app(11308) result : 7
01-20 20:47:09.451 D/FreecessHandler( 2561): freeze com.risa.app(11308) result : 7
01-20 20:47:15.464 D/FreecessHandler( 2561): freeze com.risa.app(11308) result : 7
01-20 20:47:21.475 D/FreecessHandler( 2561): freeze com.risa.app(11308) result : 7
01-20 20:47:27.486 D/FreecessHandler( 2561): freeze com.risa.app(11308) result : 7
01-20 20:47:33.499 D/FreecessHandler( 2561): freeze com.risa.app(11308) result : 7
01-20 20:47:39.509 D/FreecessHandler( 2561): freeze com.risa.app(11308) result : 7
01-20 20:47:45.518 D/FreecessHandler( 2561): freeze com.risa.app(11308) result : 7
01-20 20:47:51.529 D/FreecessHandler( 2561): freeze com.risa.app(11308) result : 7
01-20 20:47:57.540 D/FreecessHandler( 2561): freeze com.risa.app(11308) result : 7
01-20 20:48:03.552 D/FreecessHandler( 2561): freeze com.risa.app(11308) result : 7
01-20 20:48:09.566 D/FreecessHandler( 2561): freeze com.risa.app(11308) result : 7
01-20 20:48:15.579 D/FreecessHandler( 2561): freeze com.risa.app(11308) result : 7
01-20 20:48:21.586 D/FreecessHandler( 2561): freeze com.risa.app(11308) result : 7
01-20 20:48:27.594 D/FreecessHandler( 2561): freeze com.risa.app(11308) result : 7
01-20 20:48:33.603 D/FreecessHandler( 2561): freeze com.risa.app(11308) result : 7
01-20 20:48:39.623 D/FreecessController( 2561): FZ : com.risa.app(11308) [5027] reason: Bg [cached:O
01-20 20:48:39.623 D/FreecessHandler( 2561): freeze com.risa.app(11308) result : 0
01-20 20:49:02.607 I/HoneySpace.SuggestedItemsFacade( 4735): DPS items : Risa, com.risa.app/.MainActivity#UserHandle{0}
01-20 20:49:02.607 I/HoneySpace.FilteredItemProvider( 4735): collect filtered items l, [PK(p='com.facebook.orca', u=UserHandle{0}), PK(p='com.android.chrome', u=UserHandle{0}), PK(p='com.risa.app', u=UserHandle{0})]
01-20 20:49:02.609 I/HoneySpace.SuggestedItemsFacade( 4735): filteredItem : PK(p='com.risa.app', u=UserHandle{0})
01-20 20:49:02.609 I/HoneySpace.SuggestedItemsFacade( 4735): item removed by filter - PK(p='com.risa.app', u=UserHandle{0})
01-20 20:49:02.616 I/HoneySpace.RecentDataListRepositoryImpl[233876766]( 4735): rawData: [RecentData(items=[DefaultTaskData([#taskId 24507 : com.facebook.orca])], displayId=0, deskId=-1, type=1, name=), RecentData(items=[DefaultTaskData([#taskId 24786 : com.android.chrome])], displayId=0, deskId=-1, type=1, name=), RecentData(items=[DefaultTaskData([#taskId 24819 : com.risa.app])], displayId=0, deskId=-1, type=1, name=), RecentData(items=[DefaultTaskData([#taskId 24811 : com.android.settings])], displayId=0, deskId=-1, type=1, name=), RecentData(items=[DefaultTaskData([#taskId 24529 : com.google.android.gm])], displayId=0, deskId=-1, type=1, name=), RecentData(items=[DefaultTaskData([#taskId 24536 : com.google.android.googlequicksearchbox])], displayId=0, deskId=-1, type=1, name=), RecentData(items=[DefaultTaskData([#taskId 24802 : com.facebook.katana])], displayId=0, deskId=-1, type=1, name=), RecentData(items=[DefaultTaskData([#taskId 24520 : com.openbubbles.messaging])], displayId=0, deskId=-1, type=1, name=), RecentData(items=[DefaultTaskData([#taskId 24813 : ai.skywork.app.android])], displayId=0, deskId=-1, type=1, name=), RecentData(items=[DefaultTaskData([#taskId 24506 : com.propel.ebenefits])], displayId=0, deskId=-1, type=1, name=), RecentData(items=[DefaultTaskData([#taskId 24725 : com.sec.android.daemonapp])], displayId=0, deskId=-1, type=1, name=), RecentData(items=[DefaultTaskData([#taskId 24812 : com.risa.app])], displayId=-1, deskId=-1, type=1, name=), RecentData(items=[DefaultTaskData([#taskId 24810 : com.scee.psxandroid])], displayId=0, deskId=-1, type=1, name=), RecentData(items=[DefaultTaskData([#taskId 24798 : com.sec.android.app.camera])], displayId=0, deskId=-1, type=1, name=), RecentData(items=[DefaultTaskData([#taskId 24788 : com.doordash.driverapp])], displayId=0, deskId=-1, type=1, name=), RecentData(items=[DefaultTaskData([#taskId 24804 : com.sec.android.app.myfiles])], displayId=0, deskId=-1, type=1, name=), RecentData(items=[DefaultTaskData([#taskId 24769 : com.fitnow.loseit])], displayId=0, deskId=-1, type=1, name=), RecentData(items=[DefaultTaskData([#taskId 24484 : com.walmart.android])], displayId=0, deskId=-1, type=1, name=), RecentData(items=[DefaultTaskData([#taskId 24785 : com.github.android])], displayId=0, deskId=-1, type=1, name=), RecentData(items=[DefaultTaskData([#taskId 24789 : com.openai.chatgpt])], displayId=0, deskId=-1, type=1, name=), RecentData(items=[DefaultTaskData([#taskId 24797 : app.revanced.android.youtube])], displayId=0, deskId=-1, type=1, name=), RecentData(items=[DefaultTaskData([#taskId 24501 : epic.mychart.android])], displayId=0, deskId=-1, type=1, name=), RecentData(items=[DefaultTaskData([#taskId 24791 : com.cvs.launchers.cvs])], displayId=0, deskId=-1, type=1, name=), RecentData(items=[DefaultTaskData([#taskId 24793 : com.samsung.android.dialer])], displayId=0, deskId=-1, type=1, name=), RecentData(items=[DefaultTaskData([#taskId 24790 : com.zhiliaoapp.musically])], displayId=0, deskId=-1, type=1, name=), RecentData(items=[DefaultTaskData([#taskId 24792 : com.google.android.apps.maps])], displayId=0, deskId=-1, type=1, name=), RecentData(items=[DefaultTaskData([#taskId 24490 : com.squareup.cash])], displayId=0, deskId=-1, type=1, name=), RecentData(items=[DefaultTaskData([#taskId 24591 : com.amazon.mShop.android.shopping])], displayId=0, deskId=-1, type=1, name=), RecentData(items=[DefaultTaskData([#taskId 24751 : radiotime.player])], displayId=0, deskId=-1, type=1, name=), RecentData(items=[DefaultTaskData([#taskId 24686 : com.android.settings])], displayId=0, deskId=-1, type=1, name=), RecentData(items=[DefaultTaskData([#taskId 24665 : app.revanced.android.apps.youtube.music])], displayId=0, deskId=-1, type=1, name=), RecentData(items=[DefaultTaskData([#taskId 24781 : com.google.android.apps.walletnfcrel])], displayId=-1, deskId=-1, type=1, name=), RecentData(items=[DefaultTaskData([#taskId 24776 : com.sec.android.app.popupcalculator])], displayId=0, deskId=-1, type=1, name=), RecentData(items=[DefaultTaskData([#taskId 24775 : com.roadie.drive.android.
