01-20 20:43:05.186 I/InsetsController( 5027): onStateChanged: host=com.risa.app/com.risa.app.MainActivity, from=android.view.ViewRootImpl.onInsetsStateChanged:3026, state=InsetsState: {mDisplayFrame=Rect(0, 0 - 2340, 1080), mDisplayCutout=DisplayCutout{insets=Rect(84, 0 - 0, 0) waterfall=Insets{left=0, top=0, right=0, bottom=0} boundingRect={Bounds=[Rect(0, 514 - 84, 565), Rect(0, 0 - 0, 0), Rect(0, 0 - 0, 0), Rect(0, 0 - 0, 0)]} cutoutPathParserInfo={CutoutPathParserInfo{displayWidth=1080 displayHeight=2340 physicalDisplayWidth=1080 physicalDisplayHeight=2340 density={2.8125} cutoutSpec={M 0,0 H -9.066666666666667 V 29.86666666666667 H 9.066666666666667 V 0 H 0 Z @dp} rotation={1} scale={1.0} physicalPixelDisplaySizeRatio={1.0}}} sideOverrides={}}, mRoundedCorners=RoundedCorners{[RoundedCorner{position=TopLeft, radius=101, center=Point(101, 101)}, RoundedCorner{position=TopRight, radius=101, center=Point(2239, 101)}, RoundedCorner{position=BottomRight, radius=101, center=Point(2239, 979)}, RoundedCorner{position=BottomLeft, radius=101, center=Point(101, 979)}]}  mRoundedCornerFrame=Rect(0, 0 - 2340, 1080), mPrivacyIndicatorBounds=PrivacyIndicatorBounds {static bounds=Rect(2216, 0 - 2340, 84) rotation=1}, mDisplayShape=DisplayShape{ spec=1406003047 displayWidth=1080 displayHeight=2340 physicalPixelDisplaySizeRatio=0.75 rotation=1 offsetX=0 offsetY=0 scale=1.0}, mSources= { InsetsSource: {83f30001 mType=navigationBars mFrame=[2205,0][2340,1080] mVisible=true mFlags= mSideHint=RIGHT mBoundingRects=null}, InsetsSource: {83f30004 mType=systemGestures mFrame=[0,0][0,0] mVisible=true mFlags= mSideHint=NONE mBoundingRects=null}, InsetsSource: {83f30005 mType=mandatorySystemGestures mFrame=[2205,0][2340,1080] mVisible=true mFlags= mSideHint=RIGHT mBoundingRects=null}, InsetsSource: {83f30006 mType=tappableElement mFrame=[2205,0][2340,1080] mVisible=true mFlags= mSideHint=RIGHT mBoundingRects=null}, InsetsSource: {83f30024 mType=systemGestures mFrame=[0,0][0,0] mVisible=true mFlags= mSideHint=NONE mBoundingRects=null}, InsetsSource: {d6590000 mType=statusBars mFrame=[0,0][2340,84] mVisible=true mFlags= mSideHint=TOP mBoundingRects=null}, InsetsSource: {d6590005 mType=mandatorySystemGestures mFrame=[0,0][2340,84] mVisible=true mFlags= mSideHint=TOP mBoundingRects=null}, InsetsSource: {d6590006 mType=tappableElement mFrame=[0,0][2340,84] mVisible=true mFlags= mSideHint=TOP mBoundingRects=null}, InsetsSource: {3 mType=ime mFrame=[0,0][0,0] mVisible=false mFlags= mSideHint=NONE mBoundingRects=null}, InsetsSource: {7 mType=displayCutout mFrame=[0,0][84,1080] mVisible=true mFlags= mSideHint=LEFT mBoundingRects=null} }
01-20 20:43:05.193 D/NetdEventListenerService( 2561): DNS Requested by 126, 11308(com.risa.app), SUCCESS, 3ms
01-20 20:43:05.198 D/NetdEventListenerService( 2561): DNS Requested by 126, 11308(com.risa.app), SUCCESS, 1ms
01-20 20:43:05.201 D/NetdEventListenerService( 2561): DNS Requested by 126, 11308(com.risa.app), SUCCESS, 1ms
01-20 20:43:05.203 D/NetdEventListenerService( 2561): DNS Requested by 126, 11308(com.risa.app), SUCCESS, 4ms
01-20 20:43:05.205 D/NetdEventListenerService( 2561): DNS Requested by 126, 11308(com.risa.app), SUCCESS, 4ms
01-20 20:43:05.208 D/NetdEventListenerService( 2561): DNS Requested by 126, 11308(com.risa.app), SUCCESS, 10ms
01-20 20:43:05.209 D/NetdEventListenerService( 2561): DNS Requested by 126, 11308(com.risa.app), SUCCESS, 1ms
01-20 20:43:05.241 D/ChangeTransitionController( 2561):    ChangeInfo{f078a6c container=Task{13c38ee #24819 type=standard I=com.risa.app/.MainActivity} flags=0x0}
01-20 20:43:05.241 D/ChangeTransitionController( 2561):    ChangeInfo{790d4ca container=ActivityRecord{159028841 u0 com.risa.app/.MainActivity t24819} flags=0x0}
01-20 20:43:05.241 V/WindowManager( 2561): Start calculating TransitionInfo based on participants: {Task{13c38ee #24819 type=standard I=com.risa.app/.MainActivity}, Display{#0 state=ON size=2340x1080 ROTATION_90}, ActivityRecord{159028841 u0 com.risa.app/.MainActivity t24819}}
01-20 20:43:05.241 V/WindowManager( 2561):   Final targets: [ChangeInfo{f078a6c container=Task{13c38ee #24819 type=standard I=com.risa.app/.MainActivity} flags=0x0}, ChangeInfo{7bc563b container=DefaultTaskDisplayArea_d0@204067041 flags=0x10}, ChangeInfo{deb0835 container=Display{#0 state=ON size=2340x1080 ROTATION_90} flags=0x1}]
01-20 20:43:05.243 I/SurfaceControlRegistry( 2561): show, t=StartTransaction_SyncId<4340> sc=ActivityRecord{159028841 u0 com.risa.app/.MainActivity t24819}, caller=android.view.SurfaceControl$Transaction.show:3557 com.android.server.wm.Transition.onTransactionReady:2048 com.android.server.wm.BLASTSyncEngine$SyncGroup.finishNow:240 com.android.server.wm.BLASTSyncEngine.onSurfacePlacement:263 com.android.server.wm.RootWindowContainer.performSurfacePlacementNoTrace:1083 com.android.server.wm.WindowSurfacePlacer.performSurfacePlacement:166 
01-20 20:43:05.244 V/WindowManager( 2561):         {WCT{RemoteToken{7b5be9b Task{13c38ee #24819 type=standard I=com.risa.app/.MainActivity}}} m=CHANGE f=NONE p=WCT{RemoteToken{bfd8f40 DefaultTaskDisplayArea_d0@204067041}} leash=Surface(name=Task=24819)/@0xa946195 sb=Rect(0, 0 - 1080, 2340) eb=Rect(0, 0 - 2340, 1080) epz=Point(2340, 1080) d=0 r=0->1:0 taskParent=-1 inset=Rect(84, 84 - 135, 0) allowAppBgLayer=true},
01-20 20:43:05.245 V/WindowManager( 2561):         {WCT{RemoteToken{7b5be9b Task{13c38ee #24819 type=standard I=com.risa.app/.MainActivity}}} m=CHANGE f=NONE p=WCT{RemoteToken{bfd8f40 DefaultTaskDisplayArea_d0@204067041}} leash=Surface(name=Task=24819)/@0xa946195 sb=Rect(0, 0 - 1080, 2340) eb=Rect(0, 0 - 2340, 1080) epz=Point(2340, 1080) d=0 r=0->1:0 taskParent=-1 inset=Rect(84, 84 - 135, 0) allowAppBgLayer=true},
01-20 20:43:05.246 D/SurfaceComposerClient( 2561): setCornerRadius ## 8bc916 com.risa.app/com.risa.app.MainActivity#58536 cornerRadius=0.000000
01-20 20:43:05.247 D/SurfaceComposerClient( 2561): setCornerRadius ## 8bc916 com.risa.app/com.risa.app.MainActivity#58536 cornerRadius=0.000000
01-20 20:43:05.249 D/SurfaceComposerClient( 2561): setCornerRadius ## 8bc916 com.risa.app/com.risa.app.MainActivity#58536 cornerRadius=0.000000
01-20 20:43:05.249 D/SurfaceComposerClient( 2561): setCornerRadius ## 8bc916 com.risa.app/com.risa.app.MainActivity#58536 cornerRadius=0.000000
01-20 20:43:05.250 D/WindowManager( 2561): finishDrawingWindow: Window{8bc916 u0 com.risa.app/com.risa.app.MainActivity} mDrawState=DRAW_PENDING seqId=0
01-20 20:43:05.252 D/SurfaceComposerClient( 2561): setCornerRadius ## 8bc916 com.risa.app/com.risa.app.MainActivity#58536 cornerRadius=0.000000
01-20 20:43:05.253 V/WindowManager( 2561): Finish starting ActivityRecord{159028841 u0 com.risa.app/.MainActivity t24819}: first real window is shown, no animation
01-20 20:43:05.253 I/ActivityTaskManager( 2561): done cause=notifyWindowsDrawn timestamp=183348703836566 info=TransitionInfo{94f7396 a=ActivityRecord{159028841 u0 com.risa.app/.MainActivity t24819} d=true}
01-20 20:43:05.254 D/AudioFlinger( 1724): setParameters: filtered dev setParameters keyvalue screen_state=on
01-20 20:43:05.255 V/WindowManager( 2561): performShowLocked: mDrawState=HAS_DRAWN in Window{8bc916 u0 com.risa.app/com.risa.app.MainActivity}
01-20 20:43:05.255 D/SurfaceComposerClient( 2561): setCornerRadius ## 8bc916 com.risa.app/com.risa.app.MainActivity#58536 cornerRadius=0.000000
01-20 20:43:05.255 D/SurfaceComposerClient( 2561): setCornerRadius ## 8bc916 com.risa.app/com.risa.app.MainActivity#58536 cornerRadius=0.000000
01-20 20:43:05.255 D/SurfaceComposerClient( 2561): setCornerRadius ## 8bc916 com.risa.app/com.risa.app.MainActivity#58536 cornerRadius=0.000000
01-20 20:43:05.264 D/WindowManager( 2561): finishDrawingWindow: Window{8bc916 u0 com.risa.app/com.risa.app.MainActivity} mDrawState=HAS_DRAWN seqId=0
01-20 20:43:05.272 D/SurfaceComposerClient( 2561): setCornerRadius ## 8bc916 com.risa.app/com.risa.app.MainActivity#58536 cornerRadius=0.000000
01-20 20:43:05.272 D/SurfaceComposerClient( 2561): setCornerRadius ## 8bc916 com.risa.app/com.risa.app.MainActivity#58536 cornerRadius=0.000000
01-20 20:43:05.275 I/SurfaceFlinger( 1737): RequestedLayer [com.risa.app/com.risa.app.MainActivity$_5027#58663] hidden!! flag  from(1) --> to(0)
01-20 20:43:05.278 V/WindowManager( 2561):    ChangeInfo{f078a6c container=Task{13c38ee #24819 type=standard I=com.risa.app/.MainActivity} flags=0x0}
01-20 20:43:05.278 V/WindowManager( 2561):    ChangeInfo{790d4ca container=ActivityRecord{159028841 u0 com.risa.app/.MainActivity t24819} flags=0x0}
01-20 20:43:05.278 D/ChangeTransitionController( 2561):    ChangeInfo{f078a6c container=Task{13c38ee #24819 type=standard I=com.risa.app/.MainActivity} flags=0x0}
01-20 20:43:05.278 D/ChangeTransitionController( 2561):    ChangeInfo{790d4ca container=ActivityRecord{159028841 u0 com.risa.app/.MainActivity t24819} flags=0x0}
01-20 20:43:05.278 D/WindowManager( 2561): rotationForOrientation, orientationSource=ActivityRecord{159028841 u0 com.risa.app/.MainActivity t24819}
01-20 20:43:05.279 D/SurfaceFlinger( 1737):        DEVICE |           21590800597038 | 00000102 | RGBA_8888    |    0.0    0.0 2340.0 1080.0 |    0    0 1080 2340 | e5fd0f SurfaceView[com.risa.app/com.risa.app.MainActivity]@0(BLAST)#58666 (3)
01-20 20:43:05.279 D/SurfaceFlinger( 1737):        DEVICE |           21590800597042 | 00002100 | RGBA_8888    |    0.0    0.0 1080.0 2340.0 |    0    0 1080 2340 | com.risa.app/com.risa.app.MainActivity$_5027#58663 (2)
01-20 20:43:05.281 D/SurfaceComposerClient( 2561): setCornerRadius ## 8bc916 com.risa.app/com.risa.app.MainActivity#58536 cornerRadius=0.000000
01-20 20:43:05.281 D/InputDispatcher( 2561): Focus entered window (0): 8bc916 com.risa.app/com.risa.app.MainActivity
01-20 20:43:05.281 D/SurfaceComposerClient( 2561): setCornerRadius ## 8bc916 com.risa.app/com.risa.app.MainActivity#58536 cornerRadius=0.000000
01-20 20:43:05.293 D/SurfaceComposerClient( 2561): setCornerRadius ## 8bc916 com.risa.app/com.risa.app.MainActivity#58536 cornerRadius=0.000000
01-20 20:43:05.293 D/SurfaceComposerClient( 2561): setCornerRadius ## 8bc916 com.risa.app/com.risa.app.MainActivity#58536 cornerRadius=0.000000
01-20 20:43:05.298 V/WindowManager( 2561): Schedule remove starting ActivityRecord{159028841 u0 com.risa.app/.MainActivity t24819} startingWindow=Window{1e03e23 u0 SnapshotStartingWindow for taskId=24819} animate=false Callers=com.android.server.wm.ActivityRecord.onSyncTransactionCommitted:16 com.android.server.wm.BLASTSyncEngine$SyncGroup$1CommitCallback.onCommitted:104 com.android.server.wm.BLASTSyncEngine$SyncGroup$$ExternalSyntheticLambda0.onTransactionCommitted:8 android.view.SurfaceControl$Transaction$$ExternalSyntheticLambda4.run:0 com.android.server.SystemServerInitThreadPool$$ExternalSyntheticLambda0.execute:1 
01-20 20:43:05.303 I/ImeTracker( 2561): com.risa.app:ceb35c6d: onRequestHide at ORIGIN_SERVER reason HIDE_UNSPECIFIED_WINDOW fromUser false
01-20 20:43:05.304 I/ImeTracker( 5027): com.risa.app:ceb35c6d: onCancelled at PHASE_CLIENT_ALREADY_HIDDEN
01-20 20:43:05.323 I/PkgPredictorService-SecIpmManagerServiceImpl( 2561): reportToNAP uid:11308 com.risa.app/com.risa.app.MainActivity thisTime:596
01-20 20:43:05.391 D/InsetsSourceProvider( 2561): updateControlForTarget: control=InsetsSourceControl: {3 mType=ime mSurfacePosition=Point(0, 84) mInsetsHint=Insets{left=0, top=0, right=0, bottom=1008}}, target=Window{8bc916 u0 com.risa.app/com.risa.app.MainActivity}, from=com.android.server.wm.ImeInsetsSourceProvider.updateControlForTarget:17 com.android.server.wm.InsetsStateController.onControlTargetChanged:83 com.android.server.wm.DisplayContent.updateImeControlTarget:21 com.android.server.wm.DisplayContent.updateImeInputAndControlTarget:156 com.android.server.wm.WindowManagerService$LocalService.updateInputMethodTargetWindow:64 
01-20 20:43:05.395 D/SurfaceComposerClient( 2561): setCornerRadius ## 8bc916 com.risa.app/com.risa.app.MainActivity#58536 cornerRadius=0.000000
01-20 20:43:05.400 I/HBD     ( 7648): b [AiWriter] setContact : com.risa.app
01-20 20:43:05.400 I/HBD     ( 7648): a [AiWriter] setContact : com.risa.app
01-20 20:43:05.400 D/SGM:GameManager( 2561): identifyForegroundApp. com.risa.app, mCurrentUserId: 0, callerUserId: 0
01-20 20:43:05.400 D/SGM:GameManager( 2561): identifyForegroundApp. com.risa.app, mCurrentUserId: 0, callerUserId: 0
01-20 20:43:05.404 D/NetdEventListenerService( 2561): DNS Requested by 126, 11308(com.risa.app), SUCCESS, 20ms
01-20 20:43:05.406 D/SurfaceComposerClient( 2561): setCornerRadius ## 8bc916 com.risa.app/com.risa.app.MainActivity#58536 cornerRadius=0.000000
01-20 20:43:05.407 D/SurfaceComposerClient( 2561): setCornerRadius ## 8bc916 com.risa.app/com.risa.app.MainActivity#58536 cornerRadius=0.000000
01-20 20:43:05.413 D/SGM:FgCheckThread( 2561): getForegroundApp(), foregroundPkgName=com.risa.app
01-20 20:43:05.414 D/SGM:FgCheckThread( 2561): noteStopComponent(), received pkgName: com.sec.android.app.launcher, focusedPkgName: com.risa.app, userId: 0
01-20 20:43:05.414 D/SurfaceComposerClient( 2561): setCornerRadius ## 8bc916 com.risa.app/com.risa.app.MainActivity#58536 cornerRadius=0.000000
01-20 20:43:05.423 D/SurfaceComposerClient( 2561): setCornerRadius ## 8bc916 com.risa.app/com.risa.app.MainActivity#58536 cornerRadius=0.000000
01-20 20:43:05.423 D/SurfaceComposerClient( 2561): setCornerRadius ## 8bc916 com.risa.app/com.risa.app.MainActivity#58536 cornerRadius=0.000000
01-20 20:43:05.425 D/NetdEventListenerService( 2561): DNS Requested by 126, 11308(com.risa.app), SUCCESS, 40ms
01-20 20:43:05.426 I/SurfaceFlinger( 1737): [LayerHierarchy{RequestedLayerState{ImeContainer#15 parentId=58522 relativeParentId=58522 z=3} 1 children}] reparent to LayerHierarchy{RequestedLayerState{ActivityRecord{159028841 u0 com.risa.app/.MainActivity t24819}#58522 parentId=58521} 4 children}
01-20 20:43:05.430 I/InsetsSourceConsumer( 5027): applyRequestedVisibilityToControl: visible=true, type=navigationBars, host=com.risa.app/com.risa.app.MainActivity
01-20 20:43:05.445 D/SurfaceComposerClient( 2561): setCornerRadius ## 8bc916 com.risa.app/com.risa.app.MainActivity#58536 cornerRadius=0.000000
01-20 20:43:05.446 D/SurfaceFlinger( 1737):        DEVICE |           21590800597039 | 00000102 | RGBA_8888    |    0.0    0.0 2340.0 1080.0 |    0    0 1080 2340 | e5fd0f SurfaceView[com.risa.app/com.risa.app.MainActivity]@0(BLAST)#58666 (9)
01-20 20:43:05.446 D/SurfaceFlinger( 1737):        DEVICE |           21590800597042 | 00002100 | RGBA_8888    |    0.0    0.0 1080.0 2340.0 |    0    0 1080 2340 | com.risa.app/com.risa.app.MainActivity$_5027#58663 (2)
01-20 20:43:05.456 D/SurfaceComposerClient( 2561): setCornerRadius ## 8bc916 com.risa.app/com.risa.app.MainActivity#58536 cornerRadius=0.000000
01-20 20:43:05.457 D/SurfaceComposerClient( 2561): setCornerRadius ## 8bc916 com.risa.app/com.risa.app.MainActivity#58536 cornerRadius=0.000000
01-20 20:43:05.464 D/NetdEventListenerService( 2561): DNS Requested by 126, 11308(com.risa.app), SUCCESS, 52ms
01-20 20:43:05.468 D/NetdEventListenerService( 2561): DNS Requested by 126, 11308(com.risa.app), SUCCESS, 65ms
01-20 20:43:05.474 I/WindowManager( 2561): Reparenting to leash, surface=Surface(name=1e03e23 SnapshotStartingWindow for taskId=24819)/@0x596ca66, leashParent=Surface(name=ActivityRecord{159028841 u0 com.risa.app/.MainActivity t24819})/@0x12ff709
01-20 20:43:05.474 D/SurfaceComposerClient( 2561): setCornerRadius ## 8bc916 com.risa.app/com.risa.app.MainActivity#58536 cornerRadius=0.000000
01-20 20:43:05.475 D/SurfaceComposerClient( 2561): setCornerRadius ## 8bc916 com.risa.app/com.risa.app.MainActivity#58536 cornerRadius=0.000000
01-20 20:43:05.475 D/SurfaceComposerClient( 2561): setCornerRadius ## 8bc916 com.risa.app/com.risa.app.MainActivity#58536 cornerRadius=0.000000
01-20 20:43:05.476 I/SurfaceFlinger( 1737): [Surface(name=1e03e23 SnapshotStartingWindow for taskId=24819)/@0x596ca66 - animation-leash of window_animation#58671] attach to parent LayerHierarchy{RequestedLayerState{ActivityRecord{159028841 u0 com.risa.app/.MainActivity t24819}#58522 parentId=58521} 5 children}
01-20 20:43:05.478 I/HBD     ( 7648): j [SKE_SPECIFIC] specific model[com.risa.app] loaded, 64933386 ns
01-20 20:43:05.478 D/SurfaceComposerClient( 2561): setCornerRadius ## 8bc916 com.risa.app/com.risa.app.MainActivity#58536 cornerRadius=0.000000
01-20 20:43:05.478 D/SurfaceComposerClient( 2561): setCornerRadius ## 8bc916 com.risa.app/com.risa.app.MainActivity#58536 cornerRadius=0.000000
01-20 20:43:05.482 I/InsetsSourceConsumer( 5027): applyRequestedVisibilityToControl: visible=true, type=navigationBars, host=com.risa.app/com.risa.app.MainActivity
01-20 20:43:05.513 D/SurfaceComposerClient( 2561): setCornerRadius ## 8bc916 com.risa.app/com.risa.app.MainActivity#58536 cornerRadius=0.000000
01-20 20:43:05.514 D/SurfaceComposerClient( 2561): setCornerRadius ## 8bc916 com.risa.app/com.risa.app.MainActivity#58536 cornerRadius=0.000000
01-20 20:43:05.530 D/MdnieScenarioControlService( 2561):  packageName : com.risa.app    className : com.risa.app.MainActivity
01-20 20:43:05.561 I/WindowManager( 2561): Reparenting to original parent: Surface(name=ActivityRecord{159028841 u0 com.risa.app/.MainActivity t24819})/@0x12ff709, destroy=true, surface=Surface(name=1e03e23 SnapshotStartingWindow for taskId=24819)/@0x596ca66
01-20 20:43:05.562 D/SurfaceFlinger( 1737):        DEVICE |           21590800597036 | 00000102 | RGBA_8888    |    0.0    0.0 2340.0 1080.0 |    0    0 1080 2340 | e5fd0f SurfaceView[com.risa.app/com.risa.app.MainActivity]@0(BLAST)#58666 (11)
01-20 20:43:05.562 D/SurfaceFlinger( 1737):        DEVICE |           21590800597042 | 00002100 | RGBA_8888    |    0.0    0.0 1080.0 2340.0 |    0    0 1080 2340 | com.risa.app/com.risa.app.MainActivity$_5027#58663 (2)
01-20 20:43:05.563 D/SurfaceComposerClient( 2561): setCornerRadius ## 8bc916 com.risa.app/com.risa.app.MainActivity#58536 cornerRadius=0.000000
01-20 20:43:05.563 D/SurfaceComposerClient( 2561): setCornerRadius ## 8bc916 com.risa.app/com.risa.app.MainActivity#58536 cornerRadius=0.000000
01-20 20:43:05.578 D/SurfaceFlinger( 1737):        DEVICE |           21590800597036 | 00000102 | RGBA_8888    |    0.0    0.0 2340.0 1080.0 |    0    0 1080 2340 | e5fd0f SurfaceView[com.risa.app/com.risa.app.MainActivity]@0(BLAST)#58666 (11)
01-20 20:43:05.578 D/SurfaceFlinger( 1737):        DEVICE |           21590800597042 | 00002100 | RGBA_8888    |    0.0    0.0 1080.0 2340.0 |    0    0 1080 2340 | com.risa.app/com.risa.app.MainActivity$_5027#58663 (2)
01-20 20:43:05.578 D/SurfaceComposerClient( 2561): setCornerRadius ## 8bc916 com.risa.app/com.risa.app.MainActivity#58536 cornerRadius=0.000000
01-20 20:43:05.593 I/SurfaceFlinger( 1737): [LayerHierarchy{RequestedLayerState{ImeContainer#15 parentId=58522 relativeParentId=58536 z=1} 1 children}] RelativeParent to LayerHierarchy{RequestedLayerState{8bc916 com.risa.app/com.risa.app.MainActivity#58536 parentId=58522} 2 children}
01-20 20:43:05.596 I/AudioFlinger( 1724): removeDlbCodecCallback pid:17723 type:-1
01-20 20:43:05.727 D/SurfaceComposerClient( 2561): setCornerRadius ## 8bc916 com.risa.app/com.risa.app.MainActivity#58536 cornerRadius=0.000000
01-20 20:43:05.746 D/SurfaceComposerClient( 2561): setCornerRadius ## 8bc916 com.risa.app/com.risa.app.MainActivity#58536 cornerRadius=0.000000
01-20 20:43:05.893 D/SGM:GameManager( 2561): identifyForegroundApp. com.risa.app, mCurrentUserId: 0, callerUserId: 0
01-20 20:43:06.379 D/NetdEventListenerService( 2561): DNS Requested by 126, 11308(com.risa.app), SUCCESS, 0ms
01-20 20:43:06.382 D/NetdEventListenerService( 2561): DNS Requested by 126, 11308(com.risa.app), SUCCESS, 1ms
01-20 20:43:06.392 D/NetdEventListenerService( 2561): DNS Requested by 126, 11308(com.risa.app), SUCCESS, 1ms
01-20 20:43:06.399 D/NetdEventListenerService( 2561): DNS Requested by 126, 11308(com.risa.app), SUCCESS, 1ms
01-20 20:43:07.251 D/NetdEventListenerService( 2561): DNS Requested by 126, 11308(com.risa.app), SUCCESS, 5ms
01-20 20:43:07.252 D/NetdEventListenerService( 2561): DNS Requested by 126, 11308(com.risa.app), SUCCESS, 4ms
01-20 20:43:07.256 D/NetdEventListenerService( 2561): DNS Requested by 126, 11308(com.risa.app), SUCCESS, 3ms
01-20 20:43:07.259 D/NetdEventListenerService( 2561): DNS Requested by 126, 11308(com.risa.app), SUCCESS, 2ms
01-20 20:43:08.072 D/NetdEventListenerService( 2561): DNS Requested by 126, 11308(com.risa.app), SUCCESS, 0ms
01-20 20:43:08.079 D/NetdEventListenerService( 2561): DNS Requested by 126, 11308(com.risa.app), SUCCESS, 0ms
01-20 20:43:08.086 D/NetdEventListenerService( 2561): DNS Requested by 126, 11308(com.risa.app), SUCCESS, 1ms
01-20 20:43:08.091 D/NetdEventListenerService( 2561): DNS Requested by 126, 11308(com.risa.app), SUCCESS, 3ms
01-20 20:43:08.888 D/NetdEventListenerService( 2561): DNS Requested by 126, 11308(com.risa.app), SUCCESS, 2ms
01-20 20:43:08.894 D/NetdEventListenerService( 2561): DNS Requested by 126, 11308(com.risa.app), SUCCESS, 2ms
01-20 20:43:08.900 D/NetdEventListenerService( 2561): DNS Requested by 126, 11308(com.risa.app), SUCCESS, 3ms
01-20 20:43:08.906 D/NetdEventListenerService( 2561): DNS Requested by 126, 11308(com.risa.app), SUCCESS, 3ms
01-20 20:43:09.267 D/io_stats( 1173): !@ Read_top(KB): martsuggestions(6775) 8756 cessService0:43(1833) 7340 com.risa.app(5027) 4104
01-20 20:43:09.268 D/io_stats( 1173): !@ Write_top(KB): com.risa.app(5027) 2164 kworker/u16:1(32454) 1388 roid.honeyboard(7648) 76
01-20 20:43:09.707 D/NetdEventListenerService( 2561): DNS Requested by 126, 11308(com.risa.app), SUCCESS, 1ms
01-20 20:43:09.714 D/NetdEventListenerService( 2561): DNS Requested by 126, 11308(com.risa.app), SUCCESS, 3ms
01-20 20:43:09.722 D/NetdEventListenerService( 2561): DNS Requested by 126, 11308(com.risa.app), SUCCESS, 2ms
01-20 20:43:09.727 D/NetdEventListenerService( 2561): DNS Requested by 126, 11308(com.risa.app), SUCCESS, 5ms
01-20 20:43:10.567 D/NetdEventListenerService( 2561): DNS Requested by 126, 11308(com.risa.app), SUCCESS, 1ms
01-20 20:43:10.577 D/NetdEventListenerService( 2561): DNS Requested by 126, 11308(com.risa.app), SUCCESS, 1ms
01-20 20:43:10.584 D/NetdEventListenerService( 2561): DNS Requested by 126, 11308(com.risa.app), SUCCESS, 2ms
01-20 20:43:10.589 D/NetdEventListenerService( 2561): DNS Requested by 126, 11308(com.risa.app), SUCCESS, 5ms
01-20 20:43:11.412 D/NetdEventListenerService( 2561): DNS Requested by 126, 11308(com.risa.app), SUCCESS, 1ms
01-20 20:43:11.415 D/NetdEventListenerService( 2561): DNS Requested by 126, 11308(com.risa.app), SUCCESS, 0ms
01-20 20:43:11.423 D/NetdEventListenerService( 2561): DNS Requested by 126, 11308(com.risa.app), SUCCESS, 1ms
01-20 20:43:11.426 D/NetdEventListenerService( 2561): DNS Requested by 126, 11308(com.risa.app), SUCCESS, 1ms
01-20 20:43:12.275 D/NetdEventListenerService( 2561): DNS Requested by 126, 11308(com.risa.app), SUCCESS, 1ms
01-20 20:43:12.284 D/NetdEventListenerService( 2561): DNS Requested by 126, 11308(com.risa.app), SUCCESS, 1ms
01-20 20:43:12.288 D/NetdEventListenerService( 2561): DNS Requested by 126, 11308(com.risa.app), SUCCESS, 1ms
01-20 20:43:12.291 D/NetdEventListenerService( 2561): DNS Requested by 126, 11308(com.risa.app), SUCCESS, 1ms
01-20 20:43:12.396 I/{OngoingActivityDataHelper}( 4166): setBaseActivityComponentName:ComponentInfo{com.risa.app/com.risa.app.MainActivity}
01-20 20:43:13.272 D/io_stats( 1173): !@ Write_top(KB): com.risa.app(5027) 1812 ugin:persistent(8892) 8 vendor.samsung.(1670) 8
01-20 20:43:14.185 I/SurfaceFlinger( 1737): [com.risa.app/com.risa.app.MainActivity$_5027#58663] setFrameRateCategory: HighHint
01-20 20:43:14.867 D/NetdEventListenerService( 2561): DNS Requested by 126, 11308(com.risa.app), SUCCESS, 67ms
01-20 20:43:14.871 D/NetdEventListenerService( 2561): DNS Requested by 126, 11308(com.risa.app), SUCCESS, 64ms
01-20 20:43:14.875 D/NetdEventListenerService( 2561): DNS Requested by 126, 11308(com.risa.app), SUCCESS, 59ms
01-20 20:43:14.878 D/NetdEventListenerService( 2561): DNS Requested by 126, 11308(com.risa.app), SUCCESS, 75ms
01-20 20:43:15.996 D/NetdEventListenerService( 2561): DNS Requested by 126, 11308(com.risa.app), SUCCESS, 1ms
01-20 20:43:16.001 D/NetdEventListenerService( 2561): DNS Requested by 126, 11308(com.risa.app), SUCCESS, 2ms
01-20 20:43:16.003 D/NetdEventListenerService( 2561): DNS Requested by 126, 11308(com.risa.app), SUCCESS, 1ms
01-20 20:43:16.006 D/NetdEventListenerService( 2561): DNS Requested by 126, 11308(com.risa.app), SUCCESS, 3ms
01-20 20:43:16.376 D/NetdEventListenerService( 2561): DNS Requested by 126, 11308(com.risa.app), SUCCESS, 1ms
01-20 20:43:16.383 D/NetdEventListenerService( 2561): DNS Requested by 126, 11308(com.risa.app), SUCCESS, 1ms
01-20 20:43:16.392 D/NetdEventListenerService( 2561): DNS Requested by 126, 11308(com.risa.app), SUCCESS, 2ms
01-20 20:43:16.394 D/NetdEventListenerService( 2561): DNS Requested by 126, 11308(com.risa.app), SUCCESS, 1ms
01-20 20:43:16.899 D/NetdEventListenerService( 2561): DNS Requested by 126, 11308(com.risa.app), SUCCESS, 2ms
01-20 20:43:16.903 D/NetdEventListenerService( 2561): DNS Requested by 126, 11308(com.risa.app), SUCCESS, 3ms
01-20 20:43:16.912 D/NetdEventListenerService( 2561): DNS Requested by 126, 11308(com.risa.app), SUCCESS, 1ms
01-20 20:43:16.914 D/NetdEventListenerService( 2561): DNS Requested by 126, 11308(com.risa.app), SUCCESS, 1ms
01-20 20:43:17.266 D/NetdEventListenerService( 2561): DNS Requested by 126, 11308(com.risa.app), SUCCESS, 45ms
01-20 20:43:17.271 D/NetdEventListenerService( 2561): DNS Requested by 126, 11308(com.risa.app), SUCCESS, 26ms
01-20 20:43:17.276 D/io_stats( 1173): !@ Write_top(KB): com.risa.app(5027) 436 kworker/u16:6(5969) 188 .android.scloud(19416) 60
01-20 20:43:17.278 D/NetdEventListenerService( 2561): DNS Requested by 126, 11308(com.risa.app), SUCCESS, 1ms
01-20 20:43:17.284 D/NetdEventListenerService( 2561): DNS Requested by 126, 11308(com.risa.app), SUCCESS, 3ms
01-20 20:43:17.287 D/NetdEventListenerService( 2561): DNS Requested by 126, 11308(com.risa.app), SUCCESS, 8ms
01-20 20:43:17.290 D/NetdEventListenerService( 2561): DNS Requested by 126, 11308(com.risa.app), SUCCESS, 7ms
01-20 20:43:17.714 D/NetdEventListenerService( 2561): DNS Requested by 126, 11308(com.risa.app), SUCCESS, 1ms
01-20 20:43:17.771 D/NetdEventListenerService( 2561): DNS Requested by 126, 11308(com.risa.app), SUCCESS, 2ms
01-20 20:43:17.996 D/NetdEventListenerService( 2561): DNS Requested by 126, 11308(com.risa.app), SUCCESS, 1ms
01-20 20:43:18.003 D/NetdEventListenerService( 2561): DNS Requested by 126, 11308(com.risa.app), SUCCESS, 2ms
01-20 20:43:18.011 D/NetdEventListenerService( 2561): DNS Requested by 126, 11308(com.risa.app), SUCCESS, 1ms
01-20 20:43:18.016 D/NetdEventListenerService( 2561): DNS Requested by 126, 11308(com.risa.app), SUCCESS, 8ms
01-20 20:43:18.232 D/NetdEventListenerService( 2561): DNS Requested by 126, 11308(com.risa.app), SUCCESS, 1ms
01-20 20:43:18.251 D/NetdEventListenerService( 2561): DNS Requested by 126, 11308(com.risa.app), SUCCESS, 4ms
01-20 20:43:18.346 D/NetdEventListenerService( 2561): DNS Requested by 126, 11308(com.risa.app), SUCCESS, 1ms
01-20 20:43:18.353 D/NetdEventListenerService( 2561): DNS Requested by 126, 11308(com.risa.app), SUCCESS, 2ms
01-20 20:43:18.369 D/NetdEventListenerService( 2561): DNS Requested by 126, 11308(com.risa.app), SUCCESS, 1ms
01-20 20:43:18.372 D/NetdEventListenerService( 2561): DNS Requested by 126, 11308(com.risa.app), SUCCESS, 1ms
01-20 20:43:18.451 D/SGM:GameManager( 2561): identifyForegroundApp. com.risa.app, mCurrentUserId: 0, callerUserId: 0
01-20 20:43:18.636 D/NetdEventListenerService( 2561): DNS Requested by 126, 11308(com.risa.app), SUCCESS, 0ms
01-20 20:43:18.672 D/NetdEventListenerService( 2561): DNS Requested by 126, 11308(com.risa.app), SUCCESS, 0ms
01-20 20:43:18.734 D/NetdEventListenerService( 2561): DNS Requested by 126, 11308(com.risa.app), SUCCESS, 0ms
01-20 20:43:18.739 D/NetdEventListenerService( 2561): DNS Requested by 126, 11308(com.risa.app), SUCCESS, 3ms
01-20 20:43:18.755 D/NetdEventListenerService( 2561): DNS Requested by 126, 11308(com.risa.app), SUCCESS, 0ms
01-20 20:43:18.763 D/NetdEventListenerService( 2561): DNS Requested by 126, 11308(com.risa.app), SUCCESS, 1ms
01-20 20:43:19.107 I/SurfaceFlinger( 1737): [com.risa.app/com.risa.app.MainActivity$_5027#58663] setFrameRateCategory: NoPreference
01-20 20:43:19.117 D/NetdEventListenerService( 2561): DNS Requested by 126, 11308(com.risa.app), SUCCESS, 6ms
01-20 20:43:19.154 D/NetdEventListenerService( 2561): DNS Requested by 126, 11308(com.risa.app), SUCCESS, 1ms
01-20 20:43:19.223 D/NetdEventListenerService( 2561): DNS Requested by 126, 11308(com.risa.app), SUCCESS, 1ms
01-20 20:43:19.231 D/NetdEventListenerService( 2561): DNS Requested by 126, 11308(com.risa.app), SUCCESS, 2ms
01-20 20:43:19.244 D/NetdEventListenerService( 2561): DNS Requested by 126, 11308(com.risa.app), SUCCESS, 0ms
01-20 20:43:19.246 D/NetdEventListenerService( 2561): DNS Requested by 126, 11308(com.risa.app), SUCCESS, 2ms
01-20 20:43:19.491 I/SurfaceFlinger( 1737): [com.risa.app/com.risa.app.MainActivity$_5027#58663] setFrameRateCategory: HighHint
01-20 20:43:19.576 D/NetdEventListenerService( 2561): DNS Requested by 126, 11308(com.risa.app), SUCCESS, 2ms
01-20 20:43:19.583 D/NetdEventListenerService( 2561): DNS Requested by 126, 11308(com.risa.app), SUCCESS, 4ms
01-20 20:43:19.585 D/NetdEventListenerService( 2561): DNS Requested by 126, 11308(com.risa.app), SUCCESS, 5ms
01-20 20:43:19.610 D/NetdEventListenerService( 2561): DNS Requested by 126, 11308(com.risa.app), SUCCESS, 1ms
01-20 20:43:19.612 D/NetdEventListenerService( 2561): DNS Requested by 126, 11308(com.risa.app), SUCCESS, 2ms
01-20 20:43:19.615 D/NetdEventListenerService( 2561): DNS Requested by 126, 11308(com.risa.app), SUCCESS, 5ms
01-20 20:43:19.775 D/NetdEventListenerService( 2561): DNS Requested by 126, 11308(com.risa.app), SUCCESS, 1ms
01-20 20:43:19.797 D/NetdEventListenerService( 2561): DNS Requested by 126, 11308(com.risa.app), SUCCESS, 1ms
01-20 20:43:19.825 D/NetdEventListenerService( 2561): DNS Requested by 126, 11308(com.risa.app), SUCCESS, 1ms
01-20 20:43:19.831 D/NetdEventListenerService( 2561): DNS Requested by 126, 11308(com.risa.app), SUCCESS, 7ms
01-20 20:43:20.036 D/NetdEventListenerService( 2561): DNS Requested by 126, 11308(com.risa.app), SUCCESS, 26ms
01-20 20:43:20.063 D/NetdEventListenerService( 2561): DNS Requested by 126, 11308(com.risa.app), SUCCESS, 29ms
01-20 20:43:20.210 D/NetdEventListenerService( 2561): DNS Requested by 126, 11308(com.risa.app), SUCCESS, 2ms
01-20 20:43:20.261 D/NetdEventListenerService( 2561): DNS Requested by 126, 11308(com.risa.app), SUCCESS, 4ms
01-20 20:43:20.268 D/NetdEventListenerService( 2561): DNS Requested by 126, 11308(com.risa.app), SUCCESS, 3ms
01-20 20:43:20.271 D/NetdEventListenerService( 2561): DNS Requested by 126, 11308(com.risa.app), SUCCESS, 1ms
01-20 20:43:20.282 D/NetdEventListenerService( 2561): DNS Requested by 126, 11308(com.risa.app), SUCCESS, 0ms
01-20 20:43:20.285 D/NetdEventListenerService( 2561): DNS Requested by 126, 11308(com.risa.app), SUCCESS, 2ms
01-20 20:43:20.645 D/NetdEventListenerService( 2561): DNS Requested by 126, 11308(com.risa.app), SUCCESS, 2ms
01-20 20:43:20.653 D/NetdEventListenerService( 2561): DNS Requested by 126, 11308(com.risa.app), SUCCESS, 1ms
01-20 20:43:20.666 D/NetdEventListenerService( 2561): DNS Requested by 126, 11308(com.risa.app), SUCCESS, 1ms
01-20 20:43:20.668 D/NetdEventListenerService( 2561): DNS Requested by 126, 11308(com.risa.app), SUCCESS, 5ms
01-20 20:43:21.280 D/io_stats( 1173): !@ Read_top(KB): com.samsung.cmh(12488) 15912 com.risa.app(5027) 2216 oid.samsungpass(19305) 2204
01-20 20:43:21.280 D/io_stats( 1173): !@ Write_top(KB): com.risa.app(5027) 2444 kworker/u16:6(5969) 656 system_server(2561) 272
01-20 20:43:21.588 D/NetdEventListenerService( 2561): DNS Requested by 126, 11308(com.risa.app), SUCCESS, 1ms
01-20 20:43:21.593 D/NetdEventListenerService( 2561): DNS Requested by 126, 11308(com.risa.app), SUCCESS, 1ms
01-20 20:43:21.604 D/NetdEventListenerService( 2561): DNS Requested by 126, 11308(com.risa.app), SUCCESS, 1ms
01-20 20:43:21.606 D/NetdEventListenerService( 2561): DNS Requested by 126, 11308(com.risa.app), SUCCESS, 1ms
01-20 20:43:22.791 W/WindowOnBackDispatcher( 5027): sendCancelIfRunning: isInProgress=false callback=io.flutter.embedding.android.FlutterActivity$1@a54ed31
01-20 20:43:22.792 D/CoreBackPreview( 2561): Window{8bc916 u0 com.risa.app/com.risa.app.MainActivity}: Setting back callback OnBackInvokedCallbackInfo{mCallback=android.window.IOnBackInvokedCallback$Stub$Proxy@3486855, mPriority=-1, mIsAnimationCallback=false, mOverrideBehavior=0}
01-20 20:43:22.792 D/CoreBackPreview( 2561): Window{8bc916 u0 com.risa.app/com.risa.app.MainActivity}: Setting back callback OnBackInvokedCallbackInfo{mCallback=android.window.IOnBackInvokedCallback$Stub$Proxy@c5c826a, mPriority=0, mIsAnimationCallback=true, mOverrideBehavior=0}
01-20 20:43:22.795 I/WindowManager( 2561): Relayout Window{8bc916 u0 com.risa.app/com.risa.app.MainActivity}: viewVisibility=0 req=2340x1080 ty=1 d0
01-20 20:43:22.795 I/VRI[MainActivity]@74aa0cd( 5027): updateBoundsLayer: t=android.view.SurfaceControl$Transaction@7c1648f sc=Surface(name=Bounds for - com.risa.app/com.risa.app.MainActivity@1)/@0x49c7123 frame=3
01-20 20:43:22.795 D/SurfaceComposerClient( 2561): setCornerRadius ## 8bc916 com.risa.app/com.risa.app.MainActivity#58536 cornerRadius=0.000000
01-20 20:43:22.797 D/SurfaceComposerClient( 2561): setCornerRadius ## 8bc916 com.risa.app/com.risa.app.MainActivity#58536 cornerRadius=0.000000
01-20 20:43:22.798 D/PowerManagerService( 2561): [api] acquire WakeLock SCREEN_BRIGHT_WAKE_LOCK           'WindowManager/displayId:0' ON_AFTER_RELEASE (uid=1000 pid=2561 ws=WorkSource{11308 com.risa.app} displayId=0 lock=f4dee22)
01-20 20:43:22.944 D/NetdEventListenerService( 2561): DNS Requested by 126, 11308(com.risa.app), SUCCESS, 2ms
01-20 20:43:22.947 D/NetdEventListenerService( 2561): DNS Requested by 126, 11308(com.risa.app), SUCCESS, 1ms
01-20 20:43:22.991 D/NetdEventListenerService( 2561): DNS Requested by 126, 11308(com.risa.app), SUCCESS, 1ms
01-20 20:43:22.994 D/NetdEventListenerService( 2561): DNS Requested by 126, 11308(com.risa.app), SUCCESS, 2ms
01-20 20:43:23.038 D/NetdEventListenerService( 2561): DNS Requested by 126, 11308(com.risa.app), SUCCESS, 41ms
01-20 20:43:23.295 D/NetdEventListenerService( 2561): DNS Requested by 126, 11308(com.risa.app), SUCCESS, 3ms
01-20 20:43:23.304 D/NetdEventListenerService( 2561): DNS Requested by 126, 11308(com.risa.app), SUCCESS, 6ms
01-20 20:43:23.310 D/NetdEventListenerService( 2561): DNS Requested by 126, 11308(com.risa.app), SUCCESS, 5ms
01-20 20:43:23.319 D/NetdEventListenerService( 2561): DNS Requested by 126, 11308(com.risa.app), SUCCESS, 3ms
01-20 20:43:23.873 D/NetdEventListenerService( 2561): DNS Requested by 126, 11308(com.risa.app), SUCCESS, 1ms
01-20 20:43:23.875 D/NetdEventListenerService( 2561): DNS Requested by 126, 11308(com.risa.app), SUCCESS, 1ms
01-20 20:43:23.888 D/NetdEventListenerService( 2561): DNS Requested by 126, 11308(com.risa.app), SUCCESS, 0ms
01-20 20:43:23.892 D/NetdEventListenerService( 2561): DNS Requested by 126, 11308(com.risa.app), SUCCESS, 1ms
01-20 20:43:24.131 E/MediaCodec( 5027): Media Quality Service not found.
01-20 20:43:24.134 E/com.risa.app( 5027): Failed to query component interface for required system resources: 6
01-20 20:43:24.204 I/MediaCodec( 5027): setCodecState state(0), called in 6, domain 1, 1
01-20 20:43:24.322 I/MediaCodec( 5027): setCodecState state(1), called in 6, domain 1, 1
01-20 20:43:24.340 D/com.risa.app( 5027): PlayerBase::PlayerBase()
01-20 20:43:24.340 D/com.risa.app( 5027): TrackPlayerBase::TrackPlayerBase()
01-20 20:43:24.346 I/AudioFlinger( 1724): nonSecFlag 104, secFlag 0, outputFlags 4
01-20 20:43:24.346 W/AudioFlinger( 1724): createTrack_l(): mismatch between requested flags (00000104) and output flags (00000004)
01-20 20:43:24.346 D/AudioFlinger( 1724): Client defaulted notificationFrames to 192 for frameCount 1536
01-20 20:43:24.351 I/AudioTrack( 5027): createTrack_l(0): AUDIO_OUTPUT_FLAG_FAST successful; frameCount 0 -> 1536
01-20 20:43:24.358 D/SoundCraft.PlayingAudioConditionHandler( 4166): onPlaybackConfigChanged : lastStartedPackageName=null, lastStartedUid=-1, newStartedUid=11308, newStartPackageName=com.risa.app, thread=Thread[RoutineHandlerThread,5,main]
01-20 20:43:24.391 D/AudioFlinger( 1724): setParameters: filtered dev setParameters keyvalue l_stream_music_active=true
01-20 20:43:24.393 I/UsecaseValidator( 1724): verifyAudioAttributes update usage: 1 to AUDIO_USAGE_GAME for output: 29 pid: 5027 package: com.risa.app
01-20 20:43:24.394 I/AudioFlinger::DualSpkControl( 1724): setAmpPower sensor status 0, enableAmp 1
01-20 20:43:24.397 D/com.risa.app( 5027): PlayerBase::stop() from IPlayer
01-20 20:43:24.397 D/AudioTrack( 5027): stop(3652): called with 0 frames delivered
01-20 20:43:24.400 D/SoundCraft.PlayingAudioConditionHandler( 4166): onPlaybackConfigChanged : lastStartedPackageName=com.risa.app, lastStartedUid=11308, newStartedUid=11308, newStartPackageName=com.risa.app, thread=Thread[RoutineHandlerThread,5,main]
01-20 20:43:24.412 D/SoundCraft.PlayingAudioConditionHandler( 4166): onPlaybackConfigChanged : lastStartedPackageName=com.risa.app, lastStartedUid=11308, newStartedUid=-1, newStartPackageName=null, thread=Thread[RoutineHandlerThread,5,main]
01-20 20:43:24.412 D/SoundCraft.PlayingAudioConditionHandler( 4166): onPlaybackConfigChanged : lastStartedPackageName=com.risa.app, lastStartedUid=11308, newStartedUid=11308, newStartPackageName=com.risa.app, thread=Thread[RoutineHandlerThread,5,main]
01-20 20:43:24.415 D/CCodecBufferChannel( 5027): [c2.qti.avc.decoder#143] MediaCodec discarded an unknown buffer
01-20 20:43:24.415 D/CCodecBufferChannel( 5027): [c2.qti.avc.decoder#143] MediaCodec discarded an unknown buffer
01-20 20:43:24.415 D/CCodecBufferChannel( 5027): [c2.qti.avc.decoder#143] MediaCodec discarded an unknown buffer
01-20 20:43:24.415 D/CCodecBufferChannel( 5027): [c2.qti.avc.decoder#143] MediaCodec discarded an unknown buffer
01-20 20:43:24.415 D/CCodecBufferChannel( 5027): [c2.qti.avc.decoder#143] MediaCodec discarded an unknown buffer
01-20 20:43:24.415 D/CCodecBufferChannel( 5027): [c2.qti.avc.decoder#143] MediaCodec discarded an unknown buffer
01-20 20:43:24.415 D/CCodecBufferChannel( 5027): [c2.qti.avc.decoder#143] MediaCodec discarded an unknown buffer
01-20 20:43:24.415 D/CCodecBufferChannel( 5027): [c2.qti.avc.decoder#143] MediaCodec discarded an unknown buffer
01-20 20:43:24.415 D/CCodecBufferChannel( 5027): [c2.qti.avc.decoder#143] MediaCodec discarded an unknown buffer
01-20 20:43:24.415 D/CCodecBufferChannel( 5027): [c2.qti.avc.decoder#143] MediaCodec discarded an unknown buffer
01-20 20:43:24.431 I/MediaCodec( 5027): Codec shutdown complete
01-20 20:43:24.456 E/MediaCodec( 5027): Media Quality Service not found.
01-20 20:43:24.459 E/com.risa.app( 5027): Failed to query component interface for required system resources: 6
01-20 20:43:24.482 I/MediaCodec( 5027): setCodecState state(0), called in 6, domain 1, 1
01-20 20:43:24.514 D/com.risa.app( 5027): PlayerBase::stop() from IPlayer
01-20 20:43:24.514 D/AudioTrack( 5027): stop(3652): called with 1536 frames delivered
01-20 20:43:24.516 D/SoundCraft.PlayingAudioConditionHandler( 4166): onPlaybackConfigChanged : lastStartedPackageName=com.risa.app, lastStartedUid=11308, newStartedUid=-1, newStartPackageName=null, thread=Thread[RoutineHandlerThread,5,main]
01-20 20:43:24.517 D/AudioFlinger( 1724): mixer(0xb40000797c71b4d0) Spend too much time to write: delta 108(effect 1, stage 0)
01-20 20:43:24.585 I/MediaCodec( 5027): setCodecState state(1), called in 6, domain 1, 1
01-20 20:43:24.618 D/SoundCraft.PlayingAudioConditionHandler( 4166): onPlaybackConfigChanged : lastStartedPackageName=com.risa.app, lastStartedUid=11308, newStartedUid=11308, newStartPackageName=com.risa.app, thread=Thread[RoutineHandlerThread,5,main]
01-20 20:43:24.699 D/NetdEventListenerService( 2561): DNS Requested by 126, 11308(com.risa.app), SUCCESS, 1ms
01-20 20:43:24.708 D/NetdEventListenerService( 2561): DNS Requested by 126, 11308(com.risa.app), SUCCESS, 3ms
01-20 20:43:24.714 D/NetdEventListenerService( 2561): DNS Requested by 126, 11308(com.risa.app), SUCCESS, 0ms
01-20 20:43:24.722 D/NetdEventListenerService( 2561): DNS Requested by 126, 11308(com.risa.app), SUCCESS, 2ms
01-20 20:43:25.277 D/NetdEventListenerService( 2561): DNS Requested by 126, 11308(com.risa.app), SUCCESS, 1ms
01-20 20:43:25.290 D/NetdEventListenerService( 2561): DNS Requested by 126, 11308(com.risa.app), SUCCESS, 1ms
01-20 20:43:25.294 D/io_stats( 1173): !@ Read_top(KB): com.risa.app(5027) 6756 id.app.routines(22304) 4556 vendor.qti.medi(1668) 3648
01-20 20:43:25.294 D/io_stats( 1173): !@ Write_top(KB): com.risa.app(5027) 11960 kworker/u16:1(32454) 848 id.diagmonagent(6962) 56
01-20 20:43:25.299 D/NetdEventListenerService( 2561): DNS Requested by 126, 11308(com.risa.app), SUCCESS, 8ms
01-20 20:43:25.561 I/AudioFlinger( 1724): removeDlbCodecCallback pid:18491 type:-1
01-20 20:43:25.753 D/NetdEventListenerService( 2561): DNS Requested by 126, 11308(com.risa.app), SUCCESS, 9ms
01-20 20:43:25.764 I/SurfaceFlinger( 1737): [com.risa.app/com.risa.app.MainActivity$_5027#58663] setFrameRateCategory: NoPreference
01-20 20:43:26.062 D/NetdEventListenerService( 2561): DNS Requested by 126, 11308(com.risa.app), SUCCESS, 1ms
01-20 20:43:26.066 D/NetdEventListenerService( 2561): DNS Requested by 126, 11308(com.risa.app), SUCCESS, 0ms
01-20 20:43:26.083 D/NetdEventListenerService( 2561): DNS Requested by 126, 11308(com.risa.app), SUCCESS, 0ms
01-20 20:43:26.090 D/NetdEventListenerService( 2561): DNS Requested by 126, 11308(com.risa.app), SUCCESS, 1ms
01-20 20:43:26.423 D/com.risa.app( 5027): PlayerBase::stop() from IPlayer
01-20 20:43:26.423 D/AudioTrack( 5027): stop(3652): called with 88320 frames delivered
01-20 20:43:26.428 D/SoundCraft.PlayingAudioConditionHandler( 4166): onPlaybackConfigChanged : lastStartedPackageName=com.risa.app, lastStartedUid=11308, newStartedUid=-1, newStartPackageName=null, thread=Thread[RoutineHandlerThread,5,main]
01-20 20:43:26.497 D/AudioFlinger( 1724): setParameters: filtered dev setParameters keyvalue l_stream_music_active=false
01-20 20:43:26.888 D/NetdEventListenerService( 2561): DNS Requested by 126, 11308(com.risa.app), SUCCESS, 2ms
01-20 20:43:26.892 D/NetdEventListenerService( 2561): DNS Requested by 126, 11308(com.risa.app), SUCCESS, 1ms
01-20 20:43:26.934 D/NetdEventListenerService( 2561): DNS Requested by 126, 11308(com.risa.app), SUCCESS, 0ms
01-20 20:43:26.943 D/NetdEventListenerService( 2561): DNS Requested by 126, 11308(com.risa.app), SUCCESS, 1ms
01-20 20:43:27.483 I/MediaCodec( 5027): setCodecState state(0), called in 6, domain 1, 1
01-20 20:43:27.509 D/NetdEventListenerService( 2561): DNS Requested by 126, 11308(com.risa.app), SUCCESS, 2ms
01-20 20:43:27.561 D/NetdEventListenerService( 2561): DNS Requested by 126, 11308(com.risa.app), SUCCESS, 1ms
01-20 20:43:27.567 D/NetdEventListenerService( 2561): DNS Requested by 126, 11308(com.risa.app), SUCCESS, 2ms
01-20 20:43:27.570 D/NetdEventListenerService( 2561): DNS Requested by 126, 11308(com.risa.app), SUCCESS, 1ms
01-20 20:43:28.048 D/SoundCraft.PlayingAudioConditionHandler( 4166): onPlaybackConfigChanged : lastStartedPackageName=com.risa.app, lastStartedUid=11308, newStartedUid=11308, newStartPackageName=com.risa.app, thread=Thread[RoutineHandlerThread,5,main]
01-20 20:43:28.055 D/AudioFlinger( 1724): setParameters: filtered dev setParameters keyvalue l_stream_music_active=true
01-20 20:43:28.057 I/UsecaseValidator( 1724): verifyAudioAttributes update usage: 1 to AUDIO_USAGE_GAME for output: 29 pid: 5027 package: com.risa.app
01-20 20:43:28.063 I/MediaCodec( 5027): setCodecState state(1), called in 6, domain 1, 1
01-20 20:43:28.196 D/NetdEventListenerService( 2561): DNS Requested by 126, 11308(com.risa.app), SUCCESS, 1ms
01-20 20:43:28.209 D/NetdEventListenerService( 2561): DNS Requested by 126, 11308(com.risa.app), SUCCESS, 0ms
01-20 20:43:28.220 D/NetdEventListenerService( 2561): DNS Requested by 126, 11308(com.risa.app), SUCCESS, 1ms
01-20 20:43:28.227 D/NetdEventListenerService( 2561): DNS Requested by 126, 11308(com.risa.app), SUCCESS, 0ms
01-20 20:43:28.823 D/NetdEventListenerService( 2561): DNS Requested by 126, 11308(com.risa.app), SUCCESS, 0ms
01-20 20:43:28.838 D/NetdEventListenerService( 2561): DNS Requested by 126, 11308(com.risa.app), SUCCESS, 0ms
01-20 20:43:28.854 D/NetdEventListenerService( 2561): DNS Requested by 126, 11308(com.risa.app), SUCCESS, 1ms
01-20 20:43:28.856 D/NetdEventListenerService( 2561): DNS Requested by 126, 11308(com.risa.app), SUCCESS, 0ms
01-20 20:43:29.297 D/io_stats( 1173): !@ Write_top(KB): com.risa.app(5027) 3368 m.android.phone(3928) 1692 f2fs_ckpt-254:6(1305) 504
01-20 20:43:29.372 D/NetdEventListenerService( 2561): DNS Requested by 126, 11308(com.risa.app), SUCCESS, 2ms
01-20 20:43:29.376 D/NetdEventListenerService( 2561): DNS Requested by 126, 11308(com.risa.app), SUCCESS, 0ms
01-20 20:43:29.381 D/NetdEventListenerService( 2561): DNS Requested by 126, 11308(com.risa.app), SUCCESS, 1ms
01-20 20:43:29.386 D/NetdEventListenerService( 2561): DNS Requested by 126, 11308(com.risa.app), SUCCESS, 4ms
01-20 20:43:30.158 D/NetdEventListenerService( 2561): DNS Requested by 126, 11308(com.risa.app), SUCCESS, 1ms
01-20 20:43:30.162 D/NetdEventListenerService( 2561): DNS Requested by 126, 11308(com.risa.app), SUCCESS, 1ms
01-20 20:43:30.176 D/NetdEventListenerService( 2561): DNS Requested by 126, 11308(com.risa.app), SUCCESS, 1ms
01-20 20:43:30.181 D/NetdEventListenerService( 2561): DNS Requested by 126, 11308(com.risa.app), SUCCESS, 1ms
01-20 20:43:30.933 D/NetdEventListenerService( 2561): DNS Requested by 126, 11308(com.risa.app), SUCCESS, 0ms
01-20 20:43:30.940 D/NetdEventListenerService( 2561): DNS Requested by 126, 11308(com.risa.app), SUCCESS, 2ms
01-20 20:43:30.953 D/NetdEventListenerService( 2561): DNS Requested by 126, 11308(com.risa.app), SUCCESS, 3ms
01-20 20:43:30.962 D/NetdEventListenerService( 2561): DNS Requested by 126, 11308(com.risa.app), SUCCESS, 1ms
01-20 20:43:31.541 I/SurfaceFlinger( 1737): Capture layer list: 	 Background for e5fd0f SurfaceView[com.risa.app/com.risa.app.MainActivity]@0#58667(seamlessTransition:0)
01-20 20:43:31.541 I/SurfaceFlinger( 1737): Capture layer list: 	 e5fd0f SurfaceView[com.risa.app/com.risa.app.MainActivity]@0(BLAST)#58666(seamlessTransition:0)
01-20 20:43:31.541 I/SurfaceFlinger( 1737): Capture layer list: 	 com.risa.app/com.risa.app.MainActivity$_5027#58663(seamlessTransition:0)
01-20 20:43:31.542 D/RenderEngine( 1737): [SEC_SF_EFFECTS] drawLayersInternal,1483, Rendering layer e5fd0f SurfaceView[com.risa.app/com.risa.app.MainActivity]@0(BLAST)#58666 at index 1
01-20 20:43:31.542 D/RenderEngine( 1737): [SEC_SF_EFFECTS] drawLayersInternal,1483, Rendering layer com.risa.app/com.risa.app.MainActivity$_5027#58663 at index 2
01-20 20:43:31.552 D/NetdEventListenerService( 2561): DNS Requested by 126, 11308(com.risa.app), SUCCESS, 0ms
01-20 20:43:31.561 D/NetdEventListenerService( 2561): DNS Requested by 126, 11308(com.risa.app), SUCCESS, 0ms
01-20 20:43:31.567 D/NetdEventListenerService( 2561): DNS Requested by 126, 11308(com.risa.app), SUCCESS, 1ms
01-20 20:43:31.571 D/NetdEventListenerService( 2561): DNS Requested by 126, 11308(com.risa.app), SUCCESS, 3ms
01-20 20:43:31.911 D/com.risa.app( 5027): PlayerBase::stop() from IPlayer
01-20 20:43:31.911 D/AudioTrack( 5027): stop(3652): called with 186240 frames delivered
01-20 20:43:31.914 D/SoundCraft.PlayingAudioConditionHandler( 4166): onPlaybackConfigChanged : lastStartedPackageName=com.risa.app, lastStartedUid=11308, newStartedUid=-1, newStartPackageName=null, thread=Thread[RoutineHandlerThread,5,main]
01-20 20:43:32.036 D/AudioFlinger( 1724): setParameters: filtered dev setParameters keyvalue l_stream_music_active=false
01-20 20:43:32.157 D/NetdEventListenerService( 2561): DNS Requested by 126, 11308(com.risa.app), SUCCESS, 1ms
01-20 20:43:32.160 D/NetdEventListenerService( 2561): DNS Requested by 126, 11308(com.risa.app), SUCCESS, 0ms
01-20 20:43:32.173 D/NetdEventListenerService( 2561): DNS Requested by 126, 11308(com.risa.app), SUCCESS, 0ms
01-20 20:43:32.181 D/NetdEventListenerService( 2561): DNS Requested by 126, 11308(com.risa.app), SUCCESS, 0ms
01-20 20:43:32.796 D/NetdEventListenerService( 2561): DNS Requested by 126, 11308(com.risa.app), SUCCESS, 1ms
01-20 20:43:32.801 D/NetdEventListenerService( 2561): DNS Requested by 126, 11308(com.risa.app), SUCCESS, 1ms
01-20 20:43:32.819 D/NetdEventListenerService( 2561): DNS Requested by 126, 11308(com.risa.app), SUCCESS, 3ms
01-20 20:43:32.826 D/NetdEventListenerService( 2561): DNS Requested by 126, 11308(com.risa.app), SUCCESS, 3ms
01-20 20:43:33.065 I/MediaCodec( 5027): setCodecState state(0), called in 6, domain 1, 1
01-20 20:43:33.298 D/io_stats( 1173): !@ Write_top(KB): ogle.android.gm(31513) 8212 com.risa.app(5027) 3028 kworker/u16:0(17910) 296
01-20 20:43:33.316 D/SoundCraft.PlayingAudioConditionHandler( 4166): onPlaybackConfigChanged : lastStartedPackageName=com.risa.app, lastStartedUid=11308, newStartedUid=11308, newStartPackageName=com.risa.app, thread=Thread[RoutineHandlerThread,5,main]
01-20 20:43:33.321 D/AudioFlinger( 1724): setParameters: filtered dev setParameters keyvalue l_stream_music_active=true
01-20 20:43:33.323 I/UsecaseValidator( 1724): verifyAudioAttributes update usage: 1 to AUDIO_USAGE_GAME for output: 29 pid: 5027 package: com.risa.app
01-20 20:43:33.329 I/MediaCodec( 5027): setCodecState state(1), called in 6, domain 1, 1
