01-18 15:34:56.746 I/flutter (11257): #42     _BufferingStreamSubscription._sendDone.sendDone (dart:async/stream_impl.dart:434)
01-18 15:34:56.746 I/flutter (11257): #43     _RootZone.run (dart:async/zone.dart:1843)
01-18 15:34:56.746 I/flutter (11257): #44     _FutureListener.handleWhenComplete (dart:async/future_impl.dart:272)
01-18 15:34:56.746 I/flutter (11257): #45     Future._propagateToListeners.handleWhenCompleteCallback (dart:async/future_impl.dart:909)
01-18 15:34:56.746 I/flutter (11257): #46     Future._propagateToListeners (dart:async/future_impl.dart:974)
01-18 15:34:56.746 I/flutter (11257): #47     Future._completeWithValue (dart:async/future_impl.dart:720)
01-18 15:34:56.746 I/flutter (11257): #48     Future._asyncCompleteWithValue.<anonymous closure> (dart:async/future_impl.dart:804)
01-18 15:34:56.746 I/flutter (11257): #49     _microtaskLoop (dart:async/schedule_microtask.dart:40)
01-18 15:34:56.746 I/flutter (11257): #50     _startMicrotaskLoop (dart:async/schedule_microtask.dart:49)
01-18 15:34:56.746 I/flutter (11257): #51     _runPendingImmediateCallback (dart:isolate-patch/isolate_patch.dart:127)
01-18 15:34:56.746 I/flutter (11257): #52     _RawReceivePort._handleMessage (dart:isolate-patch/isolate_patch.dart:194)
01-18 15:34:56.746 I/flutter (11257): 
01-18 15:34:56.746 I/flutter (11257): EPG: Falling back to lenient parser after XML errors.
01-18 15:34:58.754 I/vendor.rmt_storage( 1745): wakelock acquired: 1, error no: 11
01-18 15:34:58.771 I/vendor.rmt_storage( 1745): rmt_storage_client_thread: /boot/modem_fs2: About to block rmt_storage client thread (th_id: 534672567424) wakelock released: 1, error no: 0
01-18 15:35:03.198 I/flutter (11257): EPG: Parse compute took 14511ms
01-18 15:35:03.198 I/flutter (11257): EPG: Initial parse result: 0 programs, 4079 channels
01-18 15:35:03.198 I/flutter (11257): EPG: Filtered parse returned no data; scanning channel IDs for targeted fallback.
01-18 15:35:07.878 I/flutter (11257): EPG: Channel ID scan failed: XmlParserException: ">" expected
01-18 15:35:07.880 I/flutter (11257): EPG: Channel ID scan took 4681ms
01-18 15:35:07.880 I/flutter (11257): EPG: Scan found 0 EPG channels, 9764 playlist channels, 0 intersecting
01-18 15:35:07.881 I/flutter (11257): EPG: No direct ID matches found; parsing all EPG data for runtime matching.
01-18 15:35:07.882 I/flutter (11257): EPG: Parsing full programs from 2026-01-17 15:35:07.881 to 2026-01-19 21:35:07.881
01-18 15:35:12.326 I/flutter (11257): EPG: UTF-8 parse failed (will retry with Latin1): XmlTagException: Missing </desc>
01-18 15:35:14.013 E/ikbh    ( 4493): java.lang.RuntimeException: ManagedChannel allocation site
01-18 15:35:16.137 I/flutter (11257): EPG: Latin1 retry also failed: XmlTagException: Missing </desc>
01-18 15:35:16.138 I/flutter (11257): #0      _XmlWithParentEventsSink.close (package:xml/src/xml_events/streams/with_parent.dart:56)
01-18 15:35:16.138 I/flutter (11257): #1      _ConverterStreamEventSink.close (dart:convert/chunked_conversion.dart:79)
01-18 15:35:16.138 I/flutter (11257): #2      _SinkTransformerStreamSubscription._handleDone (dart:async/stream_transformers.dart:136)
01-18 15:35:16.138 I/flutter (11257): #3      _RootZone.runGuarded (dart:async/zone.dart:1766)
01-18 15:35:16.138 I/flutter (11257): #4      _BufferingStreamSubscription._sendDone.sendDone (dart:async/stream_impl.dart:434)
01-18 15:35:16.138 I/flutter (11257): #5      _BufferingStreamSubscription._sendDone (dart:async/stream_impl.dart:444)
01-18 15:35:16.138 I/flutter (11257): #6      _BufferingStreamSubscription._close (dart:async/stream_impl.dart:333)
01-18 15:35:16.138 I/flutter (11257): #7      _SinkTransformerStreamSubscription._close (dart:async/stream_transformers.dart:91)
01-18 15:35:16.138 I/flutter (11257): #8      _EventSinkWrapper.close (dart:async/stream_transformers.dart:21)
01-18 15:35:16.138 I/flutter (11257): #9      _XmlEventDecoderSink.close (package:xml/src/xml_events/converters/event_decoder.dart:138)
01-18 15:35:16.138 I/flutter (11257): #10     _ConverterStreamEventSink.close (dart:convert/chunked_conversion.dart:79)
01-18 15:35:16.138 I/flutter (11257): #11     _SinkTransformerStreamSubscription._handleDone (dart:async/stream_transformers.dart:136)
01-18 15:35:16.138 I/flutter (11257): #12     _RootZone.runGuarded (dart:async/zone.dart:1766)
01-18 15:35:16.138 I/flutter (11257): #13     _BufferingStreamSubscription._sendDone.sendDone (dart:async/stream_impl.dart:434)
01-18 15:35:16.138 I/flutter (11257): #14     _BufferingStreamSubscription._sendDone (dart:async/stream_impl.dart:444)
01-18 15:35:16.138 I/flutter (11257): #15     _BufferingStreamSubscription._close (dart:async/stream_impl.dart:333)
01-18 15:35:16.138 I/flutter (11257): #16     _SinkTransformerStreamSubscription._close (dart:async/stream_transformers.dart:91)
01-18 15:35:16.138 I/flutter (11257): #17     _EventSinkWrapper.close (dart:async/stream_transformers.dart:21)
01-18 15:35:16.138 I/flutter (11257): #18     IncrementalEpgService._parseEpgInIsolate.sanitizeXmlStream.<anonymous closure> (package:iptv_player/services/incremental_epg_service.dart:1915)
01-18 15:35:16.138 I/flutter (11257): #19     _HandlerEventSink.close (dart:async/stream_transformers.dart:256)
01-18 15:35:16.138 I/flutter (11257): #20     _SinkTransformerStreamSubscription._handleDone (dart:async/stream_transformers.dart:136)
01-18 15:35:16.138 I/flutter (11257): #21     _RootZone.runGuarded (dart:async/zone.dart:1766)
01-18 15:35:16.138 I/flutter (11257): #22     _BufferingStreamSubscription._sendDone.sendDone (dart:async/stream_impl.dart:434)
01-18 15:35:16.138 I/flutter (11257): #23     _BufferingStreamSubscription._sendDone (dart:async/stream_impl.dart:444)
01-18 15:35:16.138 I/flutter (11257): #24     _BufferingStreamSubscription._close (dart:async/stream_impl.dart:333)
01-18 15:35:16.138 I/flutter (11257): #25     _SinkTransformerStreamSubscription._close (dart:async/stream_transformers.dart:91)
01-18 15:35:16.138 I/flutter (11257): #26     _EventSinkWrapper.close (dart:async/stream_transformers.dart:21)
01-18 15:35:16.138 I/flutter (11257): #27     _StringAdapterSink.close (dart:convert/string_conversion.dart:241)
01-18 15:35:16.138 I/flutter (11257): #28     _Latin1DecoderSink.close (dart:convert/latin1.dart:142)
01-18 15:35:16.138 I/flutter (11257): #29     _ConverterStreamEventSink.close (dart:convert/chunked_conversion.dart:79)
01-18 15:35:16.138 I/flutter (11257): #30     _SinkTransformerStreamSubscription._handleDone (dart:async/stream_transformers.dart:136)
01-18 15:35:16.138 I/flutter (11257): #31     _RootZone.runGuarded (dart:async/zone.dart:1766)
01-18 15:35:16.138 I/flutter (11257): #32     _BufferingStreamSubscription._sendDone.sendDone (dart:async/stream_impl.dart:434)
01-18 15:35:16.138 I/flutter (11257): #33     _BufferingStreamSubscription._sendDone (dart:async/stream_impl.dart:444)
01-18 15:35:16.138 I/flutter (11257): #34     _BufferingStreamSubscription._close (dart:async/stream_impl.dart:333)
01-18 15:35:16.138 I/flutter (11257): #35     _SinkTransformerStreamSubscription._close (dart:async/stream_transformers.dart:91)
01-18 15:35:16.138 I/flutter (11257): #36     _EventSinkWrapper.close (dart:async/stream_transformers.dart:21)
01-18 15:35:16.138 I/flutter (11257): #37     _ByteAdapterSink.close (dart:convert/byte_conversion.dart:54)
01-18 15:35:16.138 I/flutter (11257): #38     _FilterSink.close (dart:io/data_transformer.dart:586)
01-18 15:35:16.138 I/flutter (11257): #39     _ConverterStreamEventSink.close (dart:convert/chunked_conversion.dart:79)
01-18 15:35:16.138 I/flutter (11257): #40     _SinkTransformerStreamSubscription._handleDone (dart:async/stream_transformers.dart:136)
01-18 15:35:16.138 I/flutter (11257): #41     _RootZone.runGuarded (dart:async/zone.dart:1766)
01-18 15:35:16.138 I/flutter (11257): #42     _BufferingStreamSubscription._sendDone.sendDone (dart:async/stream_impl.dart:434)
01-18 15:35:16.138 I/flutter (11257): #43     _RootZone.run (dart:async/zone.dart:1843)
01-18 15:35:16.138 I/flutter (11257): #44     _FutureListener.handleWhenComplete (dart:async/future_impl.dart:272)
01-18 15:35:16.138 I/flutter (11257): #45     Future._propagateToListeners.handleWhenCompleteCallback (dart:async/future_impl.dart:909)
01-18 15:35:16.138 I/flutter (11257): #46     Future._propagateToListeners (dart:async/future_impl.dart:974)
01-18 15:35:16.138 I/flutter (11257): #47     Future._completeWithValue (dart:async/future_impl.dart:720)
01-18 15:35:16.138 I/flutter (11257): #48     Future._asyncCompleteWithValue.<anonymous closure> (dart:async/future_impl.dart:804)
01-18 15:35:16.138 I/flutter (11257): #49     _microtaskLoop (dart:async/schedule_microtask.dart:40)
01-18 15:35:16.138 I/flutter (11257): #50     _startMicrotaskLoop (dart:async/schedule_microtask.dart:49)
01-18 15:35:16.138 I/flutter (11257): #51     _runPendingImmediateCallback (dart:isolate-patch/isolate_patch.dart:127)
01-18 15:35:16.138 I/flutter (11257): #52     _RawReceivePort._handleMessage (dart:isolate-patch/isolate_patch.dart:194)
01-18 15:35:16.138 I/flutter (11257): 
01-18 15:35:16.138 I/flutter (11257): EPG: Falling back to lenient parser after XML errors.
01-18 15:35:18.801 I/flutter (11257): ChannelProvider: Completed EPG mapping build
01-18 15:35:19.476 I/flutter (11257): Memory pressure detected: 824MB used
01-18 15:35:19.476 I/flutter (11257): Cleared image caches and set conservative limits
01-18 15:35:19.538 I/flutter (11257): LiveTV: _filterChannelsWithLoadedEpg returned 0 of 60 channels. EPG isLoading=true, availableChannels=4079, error=null, isDbReady=true
01-18 15:35:19.539 I/flutter (11257): EPG: ensureChannelsLoadedBatch called with 60 channels
01-18 15:35:19.624 I/flutter (11257): EPG: ensureChannelsLoadedBatch - no new channels to load (all already loaded or pending)
01-18 15:35:19.624 I/flutter (11257): LiveTV: Waiting for EPG (36150ms, batchLoading=true)
01-18 15:35:22.830 I/flutter (11257): EPG: Parse produced no programs; checking if we should use fallback data.
01-18 15:35:22.830 I/flutter (11257): EPG: Parse produced no programs; clearing data.
01-18 15:35:22.831 I/flutter (11257): EPG: Background EPG load took 34301ms
01-18 15:35:22.831 I/flutter (11257): EPG: ✓ Full EPG loaded in background
01-18 15:35:22.899 I/flutter (11257): LiveTV: _filterChannelsWithLoadedEpg returned 0 of 60 channels. EPG isLoading=false, availableChannels=4079, error=No EPG data available., isDbReady=true
01-18 15:35:22.899 I/flutter (11257): EPG: ensureChannelsLoadedBatch called with 60 channels
01-18 15:35:22.989 I/flutter (11257): EPG: ensureChannelsLoadedBatch - no new channels to load (all already loaded or pending)
01-18 15:35:23.033 I/flutter (11257): LiveTV: _filterChannelsWithLoadedEpg returned 0 of 60 channels. EPG isLoading=false, availableChannels=4079, error=No EPG data available., isDbReady=true
01-18 15:35:23.033 I/flutter (11257): EPG: ensureChannelsLoadedBatch called with 60 channels
01-18 15:35:23.107 I/flutter (11257): EPG: ensureChannelsLoadedBatch - no new channels to load (all already loaded or pending)
01-18 15:35:34.671 E/LocSvc_APIClientBase( 1620): onResponseCb:996] ERROR: 5 ID: 199
01-18 15:35:34.680 I/XoFrequencyErrorDetector_FLP( 5286): updateData, GOOD,3,0
01-18 15:35:34.812 I/flutter (11257): content_focus: Shell registered focus callback token=19
01-18 15:35:34.813 I/flutter (11257): content_focus: Registered content focus: SettingsScreen (token: 19)
01-18 15:35:34.816 I/flutter (11257): content_focus: Shell registered focus callback token=20
01-18 15:35:34.817 I/flutter (11257): content_focus: Registered content focus: LiveTVScreen (token: 20)
01-18 15:35:34.858 I/flutter (11257): LiveTV: _filterChannelsWithLoadedEpg returned 0 of 60 channels. EPG isLoading=false, availableChannels=4079, error=No EPG data available., isDbReady=true
01-18 15:35:34.858 I/flutter (11257): EPG: ensureChannelsLoadedBatch called with 60 channels
01-18 15:35:34.944 I/flutter (11257): EPG: ensureChannelsLoadedBatch - no new channels to load (all already loaded or pending)
01-18 15:35:34.952 I/flutter (11257): content_focus: Shell requesting content focus
01-18 15:35:34.983 I/flutter (11257): content_focus: Focus request succeeded for LiveTVScreen
01-18 15:35:34.983 I/flutter (11257): content_focus: Callback succeeded
01-18 15:35:34.984 W/WindowOnBackDispatcher(11257): sendCancelIfRunning: isInProgress=false callback=io.flutter.embedding.android.FlutterActivity$1@8e82cbb
01-18 15:35:35.112 I/flutter (11257): content_focus: Shell unregistered focus callback token=20
01-18 15:35:35.113 I/flutter (11257): content_focus: Unregistered content focus: LiveTVScreen (token: 20)
01-18 15:35:36.877 I/flutter (11257): Debug marker: epg_diagnostic_build
01-18 15:35:36.891 I/flutter (11257): content_focus: Shell requesting content focus
01-18 15:35:36.893 W/WindowOnBackDispatcher(11257): sendCancelIfRunning: isInProgress=false callback=io.flutter.embedding.android.FlutterActivity$1@8e82cbb
01-18 15:35:37.029 I/flutter (11257): Debug marker: epg_diagnostic_build
01-18 15:35:37.070 I/flutter (11257): content_focus: Fallback succeeded
01-18 15:35:37.704 D/SLocation( 2561): ARDistanceLibManager - command callback received - CURRENT_LOCATION_REQUEST_DISTANCE ERROR CODE : ERROR_NONE
01-18 15:35:37.722 D/SLocation( 2561): CommonCoreManager - handleCommandCallback - FUNC_TYPE : SET_LOCATION  ERROR_CODE : ERROR_NONE
01-18 15:35:44.761 D/SLocation( 2561): ARDistanceLibManager - command callback received - CURRENT_LOCATION_REQUEST_DISTANCE ERROR CODE : ERROR_NONE
01-18 15:35:44.762 D/SLocation( 2561): CommonCoreManager - handleCommandCallback - FUNC_TYPE : SET_LOCATION  ERROR_CODE : ERROR_NONE
01-18 15:36:38.685 E/LocSvc_APIClientBase( 1620): onResponseCb:996] ERROR: 5 ID: 200
01-18 15:36:38.696 I/XoFrequencyErrorDetector_FLP( 5286): updateData, GOOD,3,0
01-18 15:36:41.693 D/SLocation( 2561): ARDistanceLibManager - command callback received - CURRENT_LOCATION_REQUEST_DISTANCE ERROR CODE : ERROR_NONE
01-18 15:36:41.693 D/SLocation( 2561): CommonCoreManager - handleCommandCallback - FUNC_TYPE : SET_LOCATION  ERROR_CODE : ERROR_NONE
01-18 15:37:08.759 I/vendor.rmt_storage( 1745): wakelock acquired: 1, error no: 11
01-18 15:37:08.800 I/vendor.rmt_storage( 1745): rmt_storage_client_thread: /boot/modem_fs1: About to block rmt_storage client thread (th_id: 534673632384) wakelock released: 1, error no: 0
01-18 15:37:12.257 E/ehpz    ( 7571): 		at tk_trace.Suppressed exceptions exceeds the limit 10, additional unfinished spans will not be reported(Unknown Source:0)
01-18 15:37:21.203 W/WearableConn( 4493): Failed to connect, error: read failed, socket might closed or timeout, read ret: -1
01-18 15:37:41.692 E/LocSvc_APIClientBase( 1620): onResponseCb:996] ERROR: 5 ID: 201
01-18 15:37:41.705 I/XoFrequencyErrorDetector_FLP( 5286): updateData, GOOD,3,0
01-18 15:37:44.703 D/SLocation( 2561): ARDistanceLibManager - command callback received - CURRENT_LOCATION_REQUEST_DISTANCE ERROR CODE : ERROR_NONE
01-18 15:37:44.703 D/SLocation( 2561): CommonCoreManager - handleCommandCallback - FUNC_TYPE : SET_LOCATION  ERROR_CODE : ERROR_NONE
01-18 15:38:44.691 E/LocSvc_APIClientBase( 1620): onResponseCb:996] ERROR: 5 ID: 202
01-18 15:38:44.706 I/XoFrequencyErrorDetector_FLP( 5286): updateData, GOOD,3,0
01-18 15:38:46.410 D/SLocation( 2561): ARDistanceLibManager - command callback received - CURRENT_LOCATION_REQUEST_DISTANCE ERROR CODE : ERROR_NONE
01-18 15:38:46.410 D/SLocation( 2561): CommonCoreManager - handleCommandCallback - FUNC_TYPE : SET_LOCATION  ERROR_CODE : ERROR_NONE
01-18 15:38:47.554 E/ComponentRegistry( 6317): java.lang.IllegalStateException: Unbound api:interface com.amazon.alexa.identity.api.IdentityService
01-18 15:38:57.244 E/chromium(32609): [ERROR:chrome/browser/commerce/merchant_viewer/merchant_viewer_data_manager.cc:103] Clearing 0 merchants.
01-18 15:39:14.768 I/vendor.rmt_storage( 1745): wakelock acquired: 1, error no: 11
01-18 15:39:14.807 I/vendor.rmt_storage( 1745): rmt_storage_client_thread: /boot/modem_fs2: About to block rmt_storage client thread (th_id: 534672567424) wakelock released: 1, error no: 0
01-18 15:39:17.648 V/WindowManagerShell( 4166): Directly starting a new transition type=TO_FRONT wct=WindowContainerTransaction { changes= {} hops= [{pendingIntent: options=Bundle[{android.activity.splashScreenStyle=-1, android.activity.sourceInfo=Supplier{VAL_PARCELABLE@148+104}, android:activity.isMlLaunch=-1, android.activity.splitTaskDeferResume=false, android.pendingIntent.backgroundActivityAllowed=1, android:activity.isActiveLaunch=false, android.activity.launchTypeDnD=false, android:activity.startedFromWindowTypeLauncher=false, android.activity.launchDisplayId=0, android:activity.unhandledDropLaunch=false, android:activity.launchInFocusedStageRoot=false, android:activity.animAbortListener=null, android.activity.disableSplashScreen=false, android.activity.startAssistantActivity=false, android.activity.applySystemModalPolicy=false, android:activity.applyBigFreeformSize=false, android:activity.activityEmbeddedPlaceholder=false, android.activity.enterPipWhileLaunching=false, android.activity.splitPosition=0, android.activity.preserveTaskWindowingMode=false, android:activity.enterSplitSideWithAdjacentFlag=0, android.activity.transientLaunch=true}]}] errorCallbackToken=null taskFragmentOrganizer=null } handler=com.android.wm.shell.recents.RecentsTransitionHandler@e925a0
01-18 15:39:17.648 I/WindowOrganizer( 4166): startNewTransition, type=3, t=WindowContainerTransaction { changes= {} hops= [{pendingIntent: options=Bundle[{android.activity.splashScreenStyle=-1, android.activity.sourceInfo=Supplier{VAL_PARCELABLE@148+104}, android:activity.isMlLaunch=-1, android.activity.splitTaskDeferResume=false, android.pendingIntent.backgroundActivityAllowed=1, android:activity.isActiveLaunch=false, android.activity.launchTypeDnD=false, android:activity.startedFromWindowTypeLauncher=false, android.activity.launchDisplayId=0, android:activity.unhandledDropLaunch=false, android:activity.launchInFocusedStageRoot=false, android:activity.animAbortListener=null, android.activity.disableSplashScreen=false, android.activity.startAssistantActivity=false, android.activity.applySystemModalPolicy=false, android:activity.applyBigFreeformSize=false, android:activity.activityEmbeddedPlaceholder=false, android.activity.enterPipWhileLaunching=false, android.activity.splitPosition=0, android.activity.preserveTaskWindowingMode=false, android:activity.enterSplitSideWithAdjacentFlag=0, android.activity.transientLaunch=true}]}] errorCallbackToken=null taskFragmentOrganizer=null }, caller=com.android.wm.shell.transition.Transitions.startTransition:100 com.android.wm.shell.recents.RecentsTransitionHandler.startRecentsTransition:431 com.android.wm.shell.recents.RecentTasksController$IRecentTasksImpl$$ExternalSyntheticLambda0.accept:17 com.android.wm.shell.common.ExternalInterfaceBinder$$ExternalSyntheticLambda0.run:10 android.os.Handler.handleCallback:995 
01-18 15:39:17.691 V/WindowManager( 2561):     startWCT=WindowContainerTransaction { changes= {} hops= [{pendingIntent: options=Bundle[{android.activity.splashScreenStyle=-1, android.activity.sourceInfo=android.app.ActivityOptions$SourceInfo@568141e, android:activity.isMlLaunch=-1, android.activity.splitTaskDeferResume=false, android.pendingIntent.backgroundActivityAllowed=1, android:activity.isActiveLaunch=false, android.activity.launchTypeDnD=false, android:activity.startedFromWindowTypeLauncher=false, android.activity.launchDisplayId=0, android:activity.unhandledDropLaunch=false, android:activity.launchInFocusedStageRoot=false, android:activity.animAbortListener=null, android.activity.disableSplashScreen=false, android.activity.startAssistantActivity=false, android.activity.applySystemModalPolicy=false, android:activity.applyBigFreeformSize=false, android:activity.activityEmbeddedPlaceholder=false, android.activity.enterPipWhileLaunching=false, android.activity.splitPosition=0, android.activity.preserveTaskWindowingMode=false, android:activity.enterSplitSideWithAdjacentFlag=0, android.activity.transientLaunch=true}]}] errorCallbackToken=null taskFragmentOrganizer=null }
01-18 15:39:17.780 I/flutter (11257): content_focus: Shell registered focus callback token=21
01-18 15:39:17.780 I/flutter (11257): content_focus: Registered content focus: SettingsScreen (token: 21)
01-18 15:39:18.005 I/SV[228688284 MainActivity](11257): windowStopped(true) false io.flutter.embedding.android.FlutterSurfaceView{da1819c V.E...... ........ 0,0-2340,1080} of VRI[MainActivity]@3531d82
01-18 15:39:18.005 I/SV[228688284 MainActivity](11257): surfaceDestroyed callback.size 1 #1 io.flutter.embedding.android.FlutterSurfaceView{da1819c V.E...... ........ 0,0-2340,1080}
01-18 15:39:18.029 I/SV[228688284 MainActivity](11257): onWindowVisibilityChanged(4) false io.flutter.embedding.android.FlutterSurfaceView{da1819c G.E...... ......I. 0,0-2340,1080} of VRI[MainActivity]@3531d82
01-18 15:39:22.254 W/keystore2( 1264): system/security/keystore2/src/remote_provisioning.rs:97 - Error occurred: system/security/keystore2/src/remote_provisioning.rs:131: Trying to get IRPC name.
01-18 15:39:22.254 W/keystore2( 1264):     1: Error::Km(r#HARDWARE_TYPE_UNAVAILABLE)
01-18 15:39:23.510 W/keystore2( 1264): system/security/keystore2/src/remote_provisioning.rs:97 - Error occurred: system/security/keystore2/src/remote_provisioning.rs:131: Trying to get IRPC name.
01-18 15:39:23.510 W/keystore2( 1264):     1: Error::Km(r#HARDWARE_TYPE_UNAVAILABLE)
01-18 15:39:24.976 W/Auth    ( 4493): [ChimeraGetToken] exception while trying to fetch auth tokens for app=com.google.android.gms, scope=oauth2:https://www.googleapis.com/auth/cclog [CONTEXT service_id=153 ]
01-18 15:39:24.980 W/Auth    ( 4493): [GoogleAuthUtil] [GoogleAuthUtil] error status:BAD_AUTHENTICATION with method:getTokenWithDetails
01-18 15:39:24.980 I/CCTUploader( 4493): Failed to get auth token due to class com.google.android.gms.auth.UserRecoverableAuthException
01-18 15:39:26.219 W/Auth    ( 4493): [ChimeraGetToken] exception while trying to fetch auth tokens for app=com.google.android.gms, scope=oauth2:https://www.googleapis.com/auth/cclog [CONTEXT service_id=153 ]
01-18 15:39:26.219 W/Auth    ( 4493): [GoogleAuthUtil] [GoogleAuthUtil] error status:BAD_AUTHENTICATION with method:getTokenWithDetails
01-18 15:39:26.220 I/CCTUploader( 4493): Failed to get auth token due to class com.google.android.gms.auth.UserRecoverableAuthException
01-18 15:39:26.236 W/Auth    ( 4493): [ChimeraGetToken] exception while trying to fetch auth tokens for app=com.google.android.gms, scope=oauth2:https://www.googleapis.com/auth/cclog [CONTEXT service_id=153 ]
01-18 15:39:26.236 W/Auth    ( 4493): [GoogleAuthUtil] [GoogleAuthUtil] error status:BAD_AUTHENTICATION with method:getTokenWithDetails
01-18 15:39:26.236 I/CCTUploader( 4493): Failed to get auth token due to class com.google.android.gms.auth.UserRecoverableAuthException
01-18 15:39:27.868 W/Auth    ( 4493): [ChimeraGetToken] exception while trying to fetch auth tokens for app=com.google.android.gms, scope=oauth2:https://www.googleapis.com/auth/cclog [CONTEXT service_id=153 ]
01-18 15:39:27.868 W/Auth    ( 4493): [GoogleAuthUtil] [GoogleAuthUtil] error status:BAD_AUTHENTICATION with method:getTokenWithDetails
01-18 15:39:27.869 I/CCTUploader( 4493): Failed to get auth token due to class com.google.android.gms.auth.UserRecoverableAuthException
01-18 15:39:28.484 W/Auth    ( 4493): [ChimeraGetToken] exception while trying to fetch auth tokens for app=com.google.android.gms, scope=oauth2:https://www.googleapis.com/auth/cclog [CONTEXT service_id=153 ]
01-18 15:39:28.484 W/Auth    ( 4493): [GoogleAuthUtil] [GoogleAuthUtil] error status:BAD_AUTHENTICATION with method:getTokenWithDetails
01-18 15:39:28.484 I/CCTUploader( 4493): Failed to get auth token due to class com.google.android.gms.auth.UserRecoverableAuthException
01-18 15:39:29.690 W/Auth    ( 4493): [ChimeraGetToken] exception while trying to fetch auth tokens for app=com.google.android.gms, scope=oauth2:https://www.googleapis.com/auth/cclog [CONTEXT service_id=153 ]
01-18 15:39:29.691 W/Auth    ( 4493): [GoogleAuthUtil] [GoogleAuthUtil] error status:BAD_AUTHENTICATION with method:getTokenWithDetails
01-18 15:39:29.691 I/CCTUploader( 4493): Failed to get auth token due to class com.google.android.gms.auth.UserRecoverableAuthException
01-18 15:39:29.723 W/Auth    ( 4493): [ChimeraGetToken] exception while trying to fetch auth tokens for app=com.google.android.gms, scope=oauth2:https://www.googleapis.com/auth/cclog [CONTEXT service_id=153 ]
01-18 15:39:29.724 W/Auth    ( 4493): [GoogleAuthUtil] [GoogleAuthUtil] error status:BAD_AUTHENTICATION with method:getTokenWithDetails
01-18 15:39:29.724 I/CCTUploader( 4493): Failed to get auth token due to class com.google.android.gms.auth.UserRecoverableAuthException
01-18 15:39:45.819 W/Auth    ( 4493): [ChimeraGetToken] exception while trying to fetch auth tokens for app=com.google.android.gms, scope=oauth2:https://www.googleapis.com/auth/googleplay [CONTEXT service_id=153 ]
01-18 15:39:45.820 W/GLSActivity( 4493): [GmsAccountAuthenticatorImpl] error status while fetching token:BadAuthentication
01-18 15:39:47.070 D/SLocation( 2561): ARDistanceLibManager - command callback received - CURRENT_LOCATION_REQUEST_DISTANCE ERROR CODE : ERROR_NONE
01-18 15:39:47.071 D/SLocation( 2561): CommonCoreManager - handleCommandCallback - FUNC_TYPE : SET_LOCATION  ERROR_CODE : ERROR_NONE
01-18 15:39:48.680 E/LocSvc_APIClientBase( 1620): onResponseCb:996] ERROR: 5 ID: 203
01-18 15:39:48.692 I/XoFrequencyErrorDetector_FLP( 5286): updateData, GOOD,3,0
01-18 15:39:52.670 D/SLocation( 2561): ARDistanceLibManager - command callback received - CURRENT_LOCATION_REQUEST_DISTANCE ERROR CODE : ERROR_NONE
01-18 15:39:52.674 D/SLocation( 2561): CommonCoreManager - handleCommandCallback - FUNC_TYPE : SET_LOCATION  ERROR_CODE : ERROR_NONE
01-18 15:40:28.495 V/WindowManager( 2561):     startWCT=WindowContainerTransaction { changes= {} hops= [] errorCallbackToken=null taskFragmentOrganizer=null }
01-18 15:40:28.680 W/CAMERA_CONTROLLER( 9667): [2]ProviderServiceImpl$registerDisplayListener$displayListener$1.onDisplayChanged():17 - display is not portrait mode 
01-18 15:40:28.692 V/WindowManager( 2561):     startWCT=WindowContainerTransaction { changes= {} hops= [] errorCallbackToken=null taskFragmentOrganizer=null }
01-18 15:40:29.306 E/DatabaseUtils( 2561): Writing exception to parcel
01-18 15:40:29.306 E/DatabaseUtils( 2561): java.lang.SecurityException: Permission Denial: get/set setting for user asks to run as user -2 but is calling from uid u0a214; this requires android.permission.INTERACT_ACROSS_USERS_FULL
01-18 15:40:38.742 E/TraceManagerImpl(20351): 	at tk_trace.ReceiveMessagesResponseObserver::onError(Started After:101)
01-18 15:40:47.660 D/SLocation( 2561): ARDistanceLibManager - command callback received - CURRENT_LOCATION_REQUEST_DISTANCE ERROR CODE : ERROR_NONE
01-18 15:40:47.660 D/SLocation( 2561): CommonCoreManager - handleCommandCallback - FUNC_TYPE : SET_LOCATION  ERROR_CODE : ERROR_NONE
01-18 15:40:52.673 E/LocSvc_APIClientBase( 1620): onResponseCb:996] ERROR: 5 ID: 204
01-18 15:40:52.686 I/XoFrequencyErrorDetector_FLP( 5286): updateData, GOOD,3,0
01-18 15:40:55.678 D/SLocation( 2561): ARDistanceLibManager - command callback received - CURRENT_LOCATION_REQUEST_DISTANCE ERROR CODE : ERROR_NONE
01-18 15:40:55.679 D/SLocation( 2561): CommonCoreManager - handleCommandCallback - FUNC_TYPE : SET_LOCATION  ERROR_CODE : ERROR_NONE
01-18 15:41:00.286 V/WindowManager( 2561):     startWCT=WindowContainerTransaction { changes= {} hops= [] errorCallbackToken=null taskFragmentOrganizer=null }
01-18 15:41:01.621 W/Bugle   (20351): future failed due to CancellationException
01-18 15:41:01.621 W/Bugle   (20351): java.util.concurrent.CancellationException: Task was cancelled.
01-18 15:41:01.732 I/View    (20351): setRequestedFrameRate frameRate=-4.0, this=android.view.View{ec04947 V.ED..... ......I. 0,0-0,0}, caller=abf$$ExternalSyntheticApiModelOutline1.m:55 kwf.a:1 ktz.dispatchDraw:107 android.view.View.draw:26345 android.view.View.updateDisplayListIfDirty:25175 
01-18 15:41:01.739 I/View    (20351): setRequestedFrameRate frameRate=-4.0, this=android.view.View{ec04947 V.ED..... ........ 0,0-0,0}, caller=abf$$ExternalSyntheticApiModelOutline1.m:55 kwf.a:1 ktz.dispatchDraw:107 android.view.View.draw:26345 android.view.View.updateDisplayListIfDirty:25175 
01-18 15:41:01.753 I/View    (20351): setRequestedFrameRate frameRate=-4.0, this=android.view.View{ec04947 V.ED..... ........ 0,0-0,0}, caller=abf$$ExternalSyntheticApiModelOutline1.m:55 kwf.a:1 ktz.dispatchDraw:107 android.view.View.draw:26345 android.view.View.updateDisplayListIfDirty:25175 
01-18 15:41:01.803 I/View    (20351): setRequestedFrameRate frameRate=-4.0, this=android.view.View{ec04947 V.ED..... ........ 0,0-0,0}, caller=abf$$ExternalSyntheticApiModelOutline1.m:55 kwf.a:1 ktz.dispatchDraw:107 android.view.View.draw:26345 android.view.View.updateDisplayListIfDirty:25175 
01-18 15:41:01.824 I/View    (20351): setRequestedFrameRate frameRate=-4.0, this=android.view.View{ec04947 V.ED..... ........ 0,0-0,0}, caller=abf$$ExternalSyntheticApiModelOutline1.m:55 kwf.a:1 ktz.dispatchDraw:107 android.view.View.draw:26345 android.view.View.updateDisplayListIfDirty:25175 
01-18 15:41:01.824 W/TikTokXUiKitTracer(20351): Temporarily overriding an ErrorTrace
01-18 15:41:01.836 W/TikTokXUiKitTracer(20351): Temporarily overriding an ErrorTrace
01-18 15:41:01.839 W/TikTokXUiKitTracer(20351): Temporarily overriding an ErrorTrace
01-18 15:41:01.840 W/TikTokXUiKitTracer(20351): Temporarily overriding an ErrorTrace
01-18 15:41:01.842 I/View    (20351): setRequestedFrameRate frameRate=NaN, this=android.view.View{ec04947 V.ED..... ........ 0,0-0,0}, caller=abf$$ExternalSyntheticApiModelOutline1.m:55 kwf.a:1 ktz.dispatchDraw:107 android.view.View.draw:26345 android.view.View.updateDisplayListIfDirty:25175 
01-18 15:41:01.853 I/View    (20351): setRequestedFrameRate frameRate=NaN, this=android.view.View{ec04947 V.ED..... ........ 0,0-0,0}, caller=abf$$ExternalSyntheticApiModelOutline1.m:55 kwf.a:1 ktz.dispatchDraw:107 android.view.View.draw:26345 android.view.View.updateDisplayListIfDirty:25175 
01-18 15:41:01.870 I/View    (20351): setRequestedFrameRate frameRate=NaN, this=android.view.View{ec04947 V.ED..... ........ 0,0-0,0}, caller=abf$$ExternalSyntheticApiModelOutline1.m:55 kwf.a:1 ktz.dispatchDraw:107 android.view.View.draw:26345 android.view.View.updateDisplayListIfDirty:25175 
01-18 15:41:01.886 I/View    (20351): setRequestedFrameRate frameRate=NaN, this=android.view.View{ec04947 V.ED..... ........ 0,0-0,0}, caller=abf$$ExternalSyntheticApiModelOutline1.m:55 kwf.a:1 ktz.dispatchDraw:107 android.view.View.draw:26345 android.view.View.updateDisplayListIfDirty:25175 
01-18 15:41:01.909 I/View    (20351): setRequestedFrameRate frameRate=NaN, this=android.view.View{ec04947 V.ED..... ........ 0,0-0,0}, caller=abf$$ExternalSyntheticApiModelOutline1.m:55 kwf.a:1 ktz.dispatchDraw:107 android.view.View.draw:26345 android.view.View.updateDisplayListIfDirty:25175 
01-18 15:41:01.922 I/View    (20351): setRequestedFrameRate frameRate=NaN, this=android.view.View{ec04947 V.ED..... ........ 0,0-0,0}, caller=abf$$ExternalSyntheticApiModelOutline1.m:55 kwf.a:1 ktz.dispatchDraw:107 android.view.View.draw:26345 android.view.View.updateDisplayListIfDirty:25175 
01-18 15:41:01.936 I/View    (20351): setRequestedFrameRate frameRate=NaN, this=android.view.View{ec04947 V.ED..... ........ 0,0-0,0}, caller=abf$$ExternalSyntheticApiModelOutline1.m:55 kwf.a:1 ktz.dispatchDraw:107 android.view.View.draw:26345 android.view.View.updateDisplayListIfDirty:25175 
01-18 15:41:01.956 I/View    (20351): setRequestedFrameRate frameRate=NaN, this=android.view.View{ec04947 V.ED..... ........ 0,0-0,0}, caller=abf$$ExternalSyntheticApiModelOutline1.m:55 kwf.a:1 ktz.dispatchDraw:107 android.view.View.draw:26345 android.view.View.updateDisplayListIfDirty:25175 
01-18 15:41:01.977 I/View    (20351): setRequestedFrameRate frameRate=NaN, this=android.view.View{ec04947 V.ED..... ........ 0,0-0,0}, caller=abf$$ExternalSyntheticApiModelOutline1.m:55 kwf.a:1 ktz.dispatchDraw:107 android.view.View.draw:26345 android.view.View.updateDisplayListIfDirty:25175 
01-18 15:41:01.986 I/View    (20351): setRequestedFrameRate frameRate=NaN, this=android.view.View{ec04947 V.ED..... ........ 0,0-0,0}, caller=abf$$ExternalSyntheticApiModelOutline1.m:55 kwf.a:1 ktz.dispatchDraw:107 android.view.View.draw:26345 android.view.View.updateDisplayListIfDirty:25175 
01-18 15:41:02.002 I/View    (20351): setRequestedFrameRate frameRate=NaN, this=android.view.View{ec04947 V.ED..... ........ 0,0-0,0}, caller=abf$$ExternalSyntheticApiModelOutline1.m:55 kwf.a:1 ktz.dispatchDraw:107 android.view.View.draw:26345 android.view.View.updateDisplayListIfDirty:25175 
01-18 15:41:02.019 I/View    (20351): setRequestedFrameRate frameRate=NaN, this=android.view.View{ec04947 V.ED..... ........ 0,0-0,0}, caller=abf$$ExternalSyntheticApiModelOutline1.m:55 kwf.a:1 ktz.dispatchDraw:107 android.view.View.draw:26345 android.view.View.updateDisplayListIfDirty:25175 
01-18 15:41:02.036 I/View    (20351): setRequestedFrameRate frameRate=NaN, this=android.view.View{ec04947 V.ED..... ........ 0,0-0,0}, caller=abf$$ExternalSyntheticApiModelOutline1.m:55 kwf.a:1 ktz.dispatchDraw:107 android.view.View.draw:26345 android.view.View.updateDisplayListIfDirty:25175 
01-18 15:41:02.053 I/View    (20351): setRequestedFrameRate frameRate=NaN, this=android.view.View{ec04947 V.ED..... ........ 0,0-0,0}, caller=abf$$ExternalSyntheticApiModelOutline1.m:55 kwf.a:1 ktz.dispatchDraw:107 android.view.View.draw:26345 android.view.View.updateDisplayListIfDirty:25175 
01-18 15:41:02.069 I/View    (20351): setRequestedFrameRate frameRate=NaN, this=android.view.View{ec04947 V.ED..... ........ 0,0-0,0}, caller=abf$$ExternalSyntheticApiModelOutline1.m:55 kwf.a:1 ktz.dispatchDraw:107 android.view.View.draw:26345 android.view.View.updateDisplayListIfDirty:25175 
01-18 15:41:02.086 I/View    (20351): setRequestedFrameRate frameRate=NaN, this=android.view.View{ec04947 V.ED..... ........ 0,0-0,0}, caller=abf$$ExternalSyntheticApiModelOutline1.m:55 kwf.a:1 ktz.dispatchDraw:107 android.view.View.draw:26345 android.view.View.updateDisplayListIfDirty:25175 
01-18 15:41:02.102 I/View    (20351): setRequestedFrameRate frameRate=NaN, this=android.view.View{ec04947 V.ED..... ........ 0,0-0,0}, caller=abf$$ExternalSyntheticApiModelOutline1.m:55 kwf.a:1 ktz.dispatchDraw:107 android.view.View.draw:26345 android.view.View.updateDisplayListIfDirty:25175 
01-18 15:41:02.120 I/View    (20351): setRequestedFrameRate frameRate=NaN, this=android.view.View{ec04947 V.ED..... ........ 0,0-0,0}, caller=abf$$ExternalSyntheticApiModelOutline1.m:55 kwf.a:1 ktz.dispatchDraw:107 android.view.View.draw:26345 android.view.View.updateDisplayListIfDirty:25175 
01-18 15:41:02.136 I/View    (20351): setRequestedFrameRate frameRate=NaN, this=android.view.View{ec04947 V.ED..... ........ 0,0-0,0}, caller=abf$$ExternalSyntheticApiModelOutline1.m:55 kwf.a:1 ktz.dispatchDraw:107 android.view.View.draw:26345 android.view.View.updateDisplayListIfDirty:25175 
01-18 15:41:02.153 I/View    (20351): setRequestedFrameRate frameRate=NaN, this=android.view.View{ec04947 V.ED..... ........ 0,0-0,0}, caller=abf$$ExternalSyntheticApiModelOutline1.m:55 kwf.a:1 ktz.dispatchDraw:107 android.view.View.draw:26345 android.view.View.updateDisplayListIfDirty:25175 
01-18 15:41:02.169 I/View    (20351): setRequestedFrameRate frameRate=NaN, this=android.view.View{ec04947 V.ED..... ........ 0,0-0,0}, caller=abf$$ExternalSyntheticApiModelOutline1.m:55 kwf.a:1 ktz.dispatchDraw:107 android.view.View.draw:26345 android.view.View.updateDisplayListIfDirty:25175 
01-18 15:41:02.186 I/View    (20351): setRequestedFrameRate frameRate=NaN, this=android.view.View{ec04947 V.ED..... ........ 0,0-0,0}, caller=abf$$ExternalSyntheticApiModelOutline1.m:55 kwf.a:1 ktz.dispatchDraw:107 android.view.View.draw:26345 android.view.View.updateDisplayListIfDirty:25175 
01-18 15:41:02.203 I/View    (20351): setRequestedFrameRate frameRate=NaN, this=android.view.View{ec04947 V.ED..... ........ 0,0-0,0}, caller=abf$$ExternalSyntheticApiModelOutline1.m:55 kwf.a:1 ktz.dispatchDraw:107 android.view.View.draw:26345 android.view.View.updateDisplayListIfDirty:25175 
01-18 15:41:02.220 I/View    (20351): setRequestedFrameRate frameRate=NaN, this=android.view.View{ec04947 V.ED..... ........ 0,0-0,0}, caller=abf$$ExternalSyntheticApiModelOutline1.m:55 kwf.a:1 ktz.dispatchDraw:107 android.view.View.draw:26345 android.view.View.updateDisplayListIfDirty:25175 
01-18 15:41:02.236 I/View    (20351): setRequestedFrameRate frameRate=NaN, this=android.view.View{ec04947 V.ED..... ........ 0,0-0,0}, caller=abf$$ExternalSyntheticApiModelOutline1.m:55 kwf.a:1 ktz.dispatchDraw:107 android.view.View.draw:26345 android.view.View.updateDisplayListIfDirty:25175 
01-18 15:41:02.253 I/View    (20351): setRequestedFrameRate frameRate=NaN, this=android.view.View{ec04947 V.ED..... ........ 0,0-0,0}, caller=abf$$ExternalSyntheticApiModelOutline1.m:55 kwf.a:1 ktz.dispatchDraw:107 android.view.View.draw:26345 android.view.View.updateDisplayListIfDirty:25175 
01-18 15:41:02.270 I/View    (20351): setRequestedFrameRate frameRate=NaN, this=android.view.View{ec04947 V.ED..... ........ 0,0-0,0}, caller=abf$$ExternalSyntheticApiModelOutline1.m:55 kwf.a:1 ktz.dispatchDraw:107 android.view.View.draw:26345 android.view.View.updateDisplayListIfDirty:25175 
01-18 15:41:02.286 I/View    (20351): setRequestedFrameRate frameRate=NaN, this=android.view.View{ec04947 V.ED..... ........ 0,0-0,0}, caller=abf$$ExternalSyntheticApiModelOutline1.m:55 kwf.a:1 ktz.dispatchDraw:107 android.view.View.draw:26345 android.view.View.updateDisplayListIfDirty:25175 
01-18 15:41:02.303 I/View    (20351): setRequestedFrameRate frameRate=NaN, this=android.view.View{ec04947 V.ED..... ........ 0,0-0,0}, caller=abf$$ExternalSyntheticApiModelOutline1.m:55 kwf.a:1 ktz.dispatchDraw:107 android.view.View.draw:26345 android.view.View.updateDisplayListIfDirty:25175 
01-18 15:41:02.320 I/View    (20351): setRequestedFrameRate frameRate=NaN, this=android.view.View{ec04947 V.ED..... ........ 0,0-0,0}, caller=abf$$ExternalSyntheticApiModelOutline1.m:55 kwf.a:1 ktz.dispatchDraw:107 android.view.View.draw:26345 android.view.View.updateDisplayListIfDirty:25175 
01-18 15:41:02.336 I/View    (20351): setRequestedFrameRate frameRate=NaN, this=android.view.View{ec04947 V.ED..... ........ 0,0-0,0}, caller=abf$$ExternalSyntheticApiModelOutline1.m:55 kwf.a:1 ktz.dispatchDraw:107 android.view.View.draw:26345 android.view.View.updateDisplayListIfDirty:25175 
01-18 15:41:02.353 I/View    (20351): setRequestedFrameRate frameRate=NaN, this=android.view.View{ec04947 V.ED..... ........ 0,0-0,0}, caller=abf$$ExternalSyntheticApiModelOutline1.m:55 kwf.a:1 ktz.dispatchDraw:107 android.view.View.draw:26345 android.view.View.updateDisplayListIfDirty:25175 
01-18 15:41:02.370 I/View    (20351): setRequestedFrameRate frameRate=NaN, this=android.view.View{ec04947 V.ED..... ........ 0,0-0,0}, caller=abf$$ExternalSyntheticApiModelOutline1.m:55 kwf.a:1 ktz.dispatchDraw:107 android.view.View.draw:26345 android.view.View.updateDisplayListIfDirty:25175 
01-18 15:41:02.386 I/View    (20351): setRequestedFrameRate frameRate=NaN, this=android.view.View{ec04947 V.ED..... ........ 0,0-0,0}, caller=abf$$ExternalSyntheticApiModelOutline1.m:55 kwf.a:1 ktz.dispatchDraw:107 android.view.View.draw:26345 android.view.View.updateDisplayListIfDirty:25175 
01-18 15:41:02.403 I/View    (20351): setRequestedFrameRate frameRate=NaN, this=android.view.View{ec04947 V.ED..... ........ 0,0-0,0}, caller=abf$$ExternalSyntheticApiModelOutline1.m:55 kwf.a:1 ktz.dispatchDraw:107 android.view.View.draw:26345 android.view.View.updateDisplayListIfDirty:25175 
01-18 15:41:02.422 I/View    (20351): setRequestedFrameRate frameRate=NaN, this=android.view.View{ec04947 V.ED..... ........ 0,0-0,0}, caller=abf$$ExternalSyntheticApiModelOutline1.m:55 kwf.a:1 ktz.dispatchDraw:107 android.view.View.draw:26345 android.view.View.updateDisplayListIfDirty:25175 
01-18 15:41:02.438 I/View    (20351): setRequestedFrameRate frameRate=NaN, this=android.view.View{ec04947 V.ED..... ........ 0,0-0,0}, caller=abf$$ExternalSyntheticApiModelOutline1.m:55 kwf.a:1 ktz.dispatchDraw:107 android.view.View.draw:26345 android.view.View.updateDisplayListIfDirty:25175 
01-18 15:41:02.454 I/View    (20351): setRequestedFrameRate frameRate=NaN, this=android.view.View{ec04947 V.ED..... ........ 0,0-0,0}, caller=abf$$ExternalSyntheticApiModelOutline1.m:55 kwf.a:1 ktz.dispatchDraw:107 android.view.View.draw:26345 android.view.View.updateDisplayListIfDirty:25175 
01-18 15:41:02.471 I/View    (20351): setRequestedFrameRate frameRate=NaN, this=android.view.View{ec04947 V.ED..... ........ 0,0-0,0}, caller=abf$$ExternalSyntheticApiModelOutline1.m:55 kwf.a:1 ktz.dispatchDraw:107 android.view.View.draw:26345 android.view.View.updateDisplayListIfDirty:25175 
01-18 15:41:02.487 I/View    (20351): setRequestedFrameRate frameRate=NaN, this=android.view.View{ec04947 V.ED..... ........ 0,0-0,0}, caller=abf$$ExternalSyntheticApiModelOutline1.m:55 kwf.a:1 ktz.dispatchDraw:107 android.view.View.draw:26345 android.view.View.updateDisplayListIfDirty:25175 
01-18 15:41:02.504 I/View    (20351): setRequestedFrameRate frameRate=NaN, this=android.view.View{ec04947 V.ED..... ........ 0,0-0,0}, caller=abf$$ExternalSyntheticApiModelOutline1.m:55 kwf.a:1 ktz.dispatchDraw:107 android.view.View.draw:26345 android.view.View.updateDisplayListIfDirty:25175 
01-18 15:41:02.515 E/DatabaseUtils( 2561): Writing exception to parcel
01-18 15:41:02.515 E/DatabaseUtils( 2561): java.lang.SecurityException: com.jamworks.alwaysondisplay was not granted  this permission: android.permission.WRITE_SETTINGS.
01-18 15:41:02.517 E/DatabaseUtils( 2561): Writing exception to parcel
01-18 15:41:02.517 E/DatabaseUtils( 2561): java.lang.SecurityException: com.jamworks.alwaysondisplay was not granted  this permission: android.permission.WRITE_SETTINGS.
01-18 15:41:02.521 I/View    (20351): setRequestedFrameRate frameRate=NaN, this=android.view.View{ec04947 V.ED..... ........ 0,0-0,0}, caller=abf$$ExternalSyntheticApiModelOutline1.m:55 kwf.a:1 ktz.dispatchDraw:107 android.view.View.draw:26345 android.view.View.updateDisplayListIfDirty:25175 
01-18 15:41:02.538 I/View    (20351): setRequestedFrameRate frameRate=NaN, this=android.view.View{ec04947 V.ED..... ........ 0,0-0,0}, caller=abf$$ExternalSyntheticApiModelOutline1.m:55 kwf.a:1 ktz.dispatchDraw:107 android.view.View.draw:26345 android.view.View.updateDisplayListIfDirty:25175 
01-18 15:41:02.554 I/View    (20351): setRequestedFrameRate frameRate=NaN, this=android.view.View{ec04947 V.ED..... ........ 0,0-0,0}, caller=abf$$ExternalSyntheticApiModelOutline1.m:55 kwf.a:1 ktz.dispatchDraw:107 android.view.View.draw:26345 android.view.View.updateDisplayListIfDirty:25175 
01-18 15:41:02.571 I/View    (20351): setRequestedFrameRate frameRate=NaN, this=android.view.View{ec04947 V.ED..... ........ 0,0-0,0}, caller=abf$$ExternalSyntheticApiModelOutline1.m:55 kwf.a:1 ktz.dispatchDraw:107 android.view.View.draw:26345 android.view.View.updateDisplayListIfDirty:25175 
01-18 15:41:02.588 I/View    (20351): setRequestedFrameRate frameRate=NaN, this=android.view.View{ec04947 V.ED..... ........ 0,0-0,0}, caller=abf$$ExternalSyntheticApiModelOutline1.m:55 kwf.a:1 ktz.dispatchDraw:107 android.view.View.draw:26345 android.view.View.updateDisplayListIfDirty:25175 
01-18 15:41:02.604 I/View    (20351): setRequestedFrameRate frameRate=NaN, this=android.view.View{ec04947 V.ED..... ........ 0,0-0,0}, caller=abf$$ExternalSyntheticApiModelOutline1.m:55 kwf.a:1 ktz.dispatchDraw:107 android.view.View.draw:26345 android.view.View.updateDisplayListIfDirty:25175 
01-18 15:41:02.621 I/View    (20351): setRequestedFrameRate frameRate=NaN, this=android.view.View{ec04947 V.ED..... ........ 0,0-0,0}, caller=abf$$ExternalSyntheticApiModelOutline1.m:55 kwf.a:1 ktz.dispatchDraw:107 android.view.View.draw:26345 android.view.View.updateDisplayListIfDirty:25175 
01-18 15:41:02.638 I/View    (20351): setRequestedFrameRate frameRate=NaN, this=android.view.View{ec04947 V.ED..... ........ 0,0-0,0}, caller=abf$$ExternalSyntheticApiModelOutline1.m:55 kwf.a:1 ktz.dispatchDraw:107 android.view.View.draw:26345 android.view.View.updateDisplayListIfDirty:25175 
01-18 15:41:02.655 I/View    (20351): setRequestedFrameRate frameRate=NaN, this=android.view.View{ec04947 V.ED..... ........ 0,0-0,0}, caller=abf$$ExternalSyntheticApiModelOutline1.m:55 kwf.a:1 ktz.dispatchDraw:107 android.view.View.draw:26345 android.view.View.updateDisplayListIfDirty:25175 
01-18 15:41:02.671 I/View    (20351): setRequestedFrameRate frameRate=NaN, this=android.view.View{ec04947 V.ED..... ........ 0,0-0,0}, caller=abf$$ExternalSyntheticApiModelOutline1.m:55 kwf.a:1 ktz.dispatchDraw:107 android.view.View.draw:26345 android.view.View.updateDisplayListIfDirty:25175 
01-18 15:41:02.688 I/View    (20351): setRequestedFrameRate frameRate=NaN, this=android.view.View{ec04947 V.ED..... ........ 0,0-0,0}, caller=abf$$ExternalSyntheticApiModelOutline1.m:55 kwf.a:1 ktz.dispatchDraw:107 android.view.View.draw:26345 android.view.View.updateDisplayListIfDirty:25175 
01-18 15:41:02.705 I/View    (20351): setRequestedFrameRate frameRate=NaN, this=android.view.View{ec04947 V.ED..... ........ 0,0-0,0}, caller=abf$$ExternalSyntheticApiModelOutline1.m:55 kwf.a:1 ktz.dispatchDraw:107 android.view.View.draw:26345 android.view.View.updateDisplayListIfDirty:25175 
01-18 15:41:02.722 I/View    (20351): setRequestedFrameRate frameRate=NaN, this=android.view.View{ec04947 V.ED..... ........ 0,0-0,0}, caller=abf$$ExternalSyntheticApiModelOutline1.m:55 kwf.a:1 ktz.dispatchDraw:107 android.view.View.draw:26345 android.view.View.updateDisplayListIfDirty:25175 
01-18 15:41:02.739 I/View    (20351): setRequestedFrameRate frameRate=NaN, this=android.view.View{ec04947 V.ED..... ........ 0,0-0,0}, caller=abf$$ExternalSyntheticApiModelOutline1.m:55 kwf.a:1 ktz.dispatchDraw:107 android.view.View.draw:26345 android.view.View.updateDisplayListIfDirty:25175 
01-18 15:41:02.754 I/View    (20351): setRequestedFrameRate frameRate=NaN, this=android.view.View{ec04947 V.ED..... ........ 0,0-0,0}, caller=abf$$ExternalSyntheticApiModelOutline1.m:55 kwf.a:1 ktz.dispatchDraw:107 android.view.View.draw:26345 android.view.View.updateDisplayListIfDirty:25175 
01-18 15:41:02.772 I/View    (20351): setRequestedFrameRate frameRate=NaN, this=android.view.View{ec04947 V.ED..... ........ 0,0-0,0}, caller=abf$$ExternalSyntheticApiModelOutline1.m:55 kwf.a:1 ktz.dispatchDraw:107 android.view.View.draw:26345 android.view.View.updateDisplayListIfDirty:25175 
01-18 15:41:02.788 I/View    (20351): setRequestedFrameRate frameRate=NaN, this=android.view.View{ec04947 V.ED..... ........ 0,0-0,0}, caller=abf$$ExternalSyntheticApiModelOutline1.m:55 kwf.a:1 ktz.dispatchDraw:107 android.view.View.draw:26345 android.view.View.updateDisplayListIfDirty:25175 
01-18 15:41:02.805 I/View    (20351): setRequestedFrameRate frameRate=NaN, this=android.view.View{ec04947 V.ED..... ........ 0,0-0,0}, caller=abf$$ExternalSyntheticApiModelOutline1.m:55 kwf.a:1 ktz.dispatchDraw:107 android.view.View.draw:26345 android.view.View.updateDisplayListIfDirty:25175 
01-18 15:41:02.821 I/View    (20351): setRequestedFrameRate frameRate=NaN, this=android.view.View{ec04947 V.ED..... ........ 0,0-0,0}, caller=abf$$ExternalSyntheticApiModelOutline1.m:55 kwf.a:1 ktz.dispatchDraw:107 android.view.View.draw:26345 android.view.View.updateDisplayListIfDirty:25175 
01-18 15:41:02.838 I/View    (20351): setRequestedFrameRate frameRate=NaN, this=android.view.View{ec04947 V.ED..... ........ 0,0-0,0}, caller=abf$$ExternalSyntheticApiModelOutline1.m:55 kwf.a:1 ktz.dispatchDraw:107 android.view.View.draw:26345 android.view.View.updateDisplayListIfDirty:25175 
01-18 15:41:02.854 I/View    (20351): setRequestedFrameRate frameRate=NaN, this=android.view.View{ec04947 V.ED..... ........ 0,0-0,0}, caller=abf$$ExternalSyntheticApiModelOutline1.m:55 kwf.a:1 ktz.dispatchDraw:107 android.view.View.draw:26345 android.view.View.updateDisplayListIfDirty:25175 
01-18 15:41:02.871 I/View    (20351): setRequestedFrameRate frameRate=NaN, this=android.view.View{ec04947 V.ED..... ........ 0,0-0,0}, caller=abf$$ExternalSyntheticApiModelOutline1.m:55 kwf.a:1 ktz.dispatchDraw:107 android.view.View.draw:26345 android.view.View.updateDisplayListIfDirty:25175 
01-18 15:41:02.889 I/View    (20351): setRequestedFrameRate frameRate=NaN, this=android.view.View{ec04947 V.ED..... ........ 0,0-0,0}, caller=abf$$ExternalSyntheticApiModelOutline1.m:55 kwf.a:1 ktz.dispatchDraw:107 android.view.View.draw:26345 android.view.View.updateDisplayListIfDirty:25175 
01-18 15:41:02.905 I/View    (20351): setRequestedFrameRate frameRate=NaN, this=android.view.View{ec04947 V.ED..... ........ 0,0-0,0}, caller=abf$$ExternalSyntheticApiModelOutline1.m:55 kwf.a:1 ktz.dispatchDraw:107 android.view.View.draw:26345 android.view.View.updateDisplayListIfDirty:25175 
01-18 15:41:02.921 I/View    (20351): setRequestedFrameRate frameRate=NaN, this=android.view.View{ec04947 V.ED..... ........ 0,0-0,0}, caller=abf$$ExternalSyntheticApiModelOutline1.m:55 kwf.a:1 ktz.dispatchDraw:107 android.view.View.draw:26345 android.view.View.updateDisplayListIfDirty:25175 
01-18 15:41:02.940 I/View    (20351): setRequestedFrameRate frameRate=NaN, this=android.view.View{ec04947 V.ED..... ........ 0,0-0,0}, caller=abf$$ExternalSyntheticApiModelOutline1.m:55 kwf.a:1 ktz.dispatchDraw:107 android.view.View.draw:26345 android.view.View.updateDisplayListIfDirty:25175 
