01-18 15:45:02.427 I/Routine@Core[4.9.04.13]: MigrationParser(31080): getMemoryMigrationData rawMemoryMigrationData : [motion_smoothness_v3, motion_smoothness_and_screen_resolution_v3, cover_screen_motion_smoothness_v3, brightness_v3, font_size_v3, screen_zoom_v3, screen_layout_and_zoom_v3, screen_resolution_v3, screen_timeout_v3, rotation_screen_v3, multi_window_tray_v3, dark_mode_v3, bixby_text_command_v3, bixby_quick_command_v3, bixby_voice_wake_up_v3, spotify_playlist_v3, play_media_v3, launch_app_v3, close_app_v3, separate_app_sound_v3, dnd_mode_on_v3, custom_notification_v3, hard_key_v3, quick_decline_message_v3, quick_decline_message_v3, video_enhancer_v3, bluetooth_on_v3, instant_session_v3, airplane_mode_on_v3, mobile_network_mode_setting_v3, mobile_data_on_v3, hotspot_on_v3, gps_on_v3, auto_data_sync_v3, sound_sdk3, vibrate_once, connect_url_sdk3, wifi_on_sdk3, lockscreen_shortcut_v3, launch_app_v3, launch_game_v3, samsung_health_during_exercise_v3, samsung_health_during_exercise_when_starting_v3, notification_with_keyword_v3, specify_wifi_v3, wifi_rssi_v3, specify_bluetooth_v3, specify_bluetooth_only_connected_v3, nfc_tagged_v3, airplane_mode_v3, specific_time_v3, time_v3, plugin_gps_location_v3, plugin_gps_location_only_arrived_v3, calling_v3, during_call_v3, connected_headset_v3, plugged_battery_v3, battery_condition_v3, dex_mode_on_v3, fold_state_v3, ringer_mode_v3, night_mode_v3, wifi_on_sdk3]
01-18 15:45:02.428 I/Routine@Core[4.9.04.13]: RoutineDataMigrator(31080): isAvailableToMigrate() newPackageName:com.samsung.android.app.routines, newTag:spotify_playlist_v3, isAvailableToMigrate:false
01-18 15:45:02.473 V/WindowManager( 2561):     startWCT=WindowContainerTransaction { changes= {} hops= [] errorCallbackToken=null taskFragmentOrganizer=null }
01-18 15:45:02.494 V/WindowManager( 2561):     startWCT=WindowContainerTransaction { changes= {} hops= [] errorCallbackToken=null taskFragmentOrganizer=null }
01-18 15:45:02.498 W/System.err(31080): java.util.concurrent.ExecutionException: com.google.android.gms.common.api.ApiException: 4000: TARGET_NODE_NOT_CONNECTED
01-18 15:45:02.528 W/System.err(31080): Caused by: com.google.android.gms.common.api.ApiException: 4000: TARGET_NODE_NOT_CONNECTED
01-18 15:45:02.528 W/System.err(31080): 	at com.google.android.gms.common.internal.ApiExceptionUtil.fromStatus(Unknown Source:14)
01-18 15:45:02.529 E/Routine@Core[4.9.04.13]: WearRoutineMessageWrapper(31080): Fail sendMessage - Exception! : kotlin.Unit
01-18 15:45:03.618 E/WifiStaIfaceAidlImpl( 2561): setScanMode failed with service-specific exception: android.os.ServiceSpecificException:  (code 4)
01-18 15:45:04.275 V/WindowManager( 2561):     startWCT=WindowContainerTransaction { changes= {} hops= [] errorCallbackToken=null taskFragmentOrganizer=null }
01-18 15:45:05.490 V/WindowManager( 2561):     startWCT=WindowContainerTransaction { changes= {} hops= [] errorCallbackToken=null taskFragmentOrganizer=null }
01-18 15:45:05.670 E/LocSvc_APIClientBase( 1620): onResponseCb:996] ERROR: 5 ID: 208
01-18 15:45:05.681 I/XoFrequencyErrorDetector_FLP( 5286): updateData, GOOD,3,0
01-18 15:45:05.698 D/nativeloader(15971): Load /data/app/~~A0Ztko7WxWgX2CVciSnzxg==/com.risa.app-wQcsMbFxS87r5nkzBebNGQ==/lib/arm64/libflutter.so using class loader ns clns-9 (caller=/data/app/~~A0Ztko7WxWgX2CVciSnzxg==/com.risa.app-wQcsMbFxS87r5nkzBebNGQ==/base.apk!classes24.dex): ok
01-18 15:45:05.733 I/flutter (15971): The Dart VM service is listening on http://127.0.0.1:35541/MY4PX-IdsZo=/
01-18 15:45:05.738 I/flutter (15971): [IMPORTANT:flutter/shell/platform/android/android_context_vk_impeller.cc(62)] Using the Impeller rendering backend (Vulkan).
01-18 15:45:05.791 I/com.risa.app(15971): hiddenapi: Accessing hidden method Landroid/view/accessibility/AccessibilityNodeInfo;->getSourceNodeId()J (runtime_flags=0, domain=platform, api=unsupported,test-api) from Lio/flutter/view/AccessibilityViewEmbedder$ReflectionAccessors; (domain=app) using reflection: allowed
01-18 15:45:05.791 I/com.risa.app(15971): hiddenapi: Accessing hidden method Landroid/view/accessibility/AccessibilityRecord;->getSourceNodeId()J (runtime_flags=0, domain=platform, api=unsupported) from Lio/flutter/view/AccessibilityViewEmbedder$ReflectionAccessors; (domain=app) using reflection: allowed
01-18 15:45:05.791 I/com.risa.app(15971): hiddenapi: Accessing hidden field Landroid/view/accessibility/AccessibilityNodeInfo;->mChildNodeIds:Landroid/util/LongArray; (runtime_flags=0, domain=platform, api=unsupported) from Lio/flutter/view/AccessibilityViewEmbedder$ReflectionAccessors; (domain=app) using reflection: allowed
01-18 15:45:05.791 I/com.risa.app(15971): hiddenapi: Accessing hidden method Landroid/util/LongArray;->get(I)J (runtime_flags=0, domain=platform, api=unsupported) from Lio/flutter/view/AccessibilityViewEmbedder$ReflectionAccessors; (domain=app) using reflection: allowed
01-18 15:45:05.817 I/IDS_TAG (15971): Clearing training data of io.flutter.app.FlutterApplication@f3dcdb2
01-18 15:45:05.818 I/IDS_TAG (15971): Getting Shared Preference for io.flutter.app.FlutterApplication@f3dcdb2 uid = 11308
01-18 15:45:05.855 W/CAMERA_CONTROLLER( 9667): [2]ProviderServiceImpl$registerDisplayListener$displayListener$1.onDisplayChanged():17 - display is not portrait mode 
01-18 15:45:05.884 V/WindowManager( 2561):     startWCT=WindowContainerTransaction { changes= {} hops= [] errorCallbackToken=null taskFragmentOrganizer=null }
01-18 15:45:06.241 I/IDS_TAG (15971): App io.flutter.app.FlutterApplication@f3dcdb2 has not finished training
01-18 15:45:06.243 I/flutter (15971): startup: 0ms - main() entry
01-18 15:45:06.243 I/flutter (15971): startup: 1ms - Flutter bindings initialized
01-18 15:45:06.244 I/flutter (15971): startup: 2ms - MediaKit initialized
01-18 15:45:06.283 I/IDS_TAG (15971): Getting Shared Preference for io.flutter.app.FlutterApplication@f3dcdb2 uid = 11308
01-18 15:45:06.284 I/IDS_TAG (15971): IDS count updated to 1 for io.flutter.app.FlutterApplication@f3dcdb2
01-18 15:45:06.295 I/SV[228688284 MainActivity](15971): onWindowVisibilityChanged(0) true io.flutter.embedding.android.FlutterSurfaceView{da1819c V.E...... ......I. 0,0-0,0} of VRI[MainActivity]@3531d82
01-18 15:45:06.302 I/SV[228688284 MainActivity](15971): windowStopped(false) true io.flutter.embedding.android.FlutterSurfaceView{da1819c V.E...... ......ID 0,0-2340,1080} of VRI[MainActivity]@3531d82
01-18 15:45:06.306 I/SV[228688284 MainActivity](15971): surfaceCreated 1 #8 io.flutter.embedding.android.FlutterSurfaceView{da1819c V.E...... ......ID 0,0-2340,1080}
01-18 15:45:06.309 E/AHardwareBuffer(15971): GraphicBuffer(w=4, h=4, lc=1) failed (Unknown error -2), handle=0x0
01-18 15:45:06.309 E/AHardwareBuffer(15971): GraphicBuffer(w=4, h=4, lc=1) failed (Unknown error -2), handle=0x0
01-18 15:45:06.315 I/SV[228688284 MainActivity](15971): surfaceChanged (2340,1080) 1 #8 io.flutter.embedding.android.FlutterSurfaceView{da1819c V.E...... ......ID 0,0-2340,1080}
01-18 15:45:06.370 I/flutter (15971): startup: 127ms - Image cache limits configured (CONSERVATIVE)
01-18 15:45:06.412 I/flutter (15971): startup: 169ms - SSL handler configured
01-18 15:45:06.412 I/flutter (15971): startup: 170ms - HTTP client service initialized
01-18 15:45:06.414 I/flutter (15971): startup: 171ms - Preferred orientations locked (Android)
01-18 15:45:06.414 I/flutter (15971): startup: 171ms - Launching main app directly
01-18 15:45:06.414 I/flutter (15971): startup: 171ms - MyAppState initState
01-18 15:45:06.414 I/flutter (15971): startup: 171ms - MyApp initialization: FastStartup init start
01-18 15:45:06.414 I/flutter (15971): FastStartup: FastStartup initialization started
01-18 15:45:06.414 I/flutter (15971): MemoryMapped: Initialized
01-18 15:45:06.414 I/flutter (15971): BackgroundSync: Initialized
01-18 15:45:06.416 I/flutter (15971): content_focus: Shell registered focus callback token=1
01-18 15:45:06.416 I/flutter (15971): content_focus: Registered content focus: LiveTVScreen (token: 1)
01-18 15:45:06.417 I/flutter (15971): LocalDbService: init() called, _isInit=false, _initCompleter=false
01-18 15:45:06.417 I/flutter (15971): EPG: Quick start initialization
01-18 15:45:06.431 I/flutter (15971): ChannelProvider: Category isolate compute took 15ms
01-18 15:45:06.431 I/flutter (15971): ChannelProvider: Found 0 categories from 0 channels
01-18 15:45:06.431 I/flutter (15971): ChannelProvider: Category compute total 15ms
01-18 15:45:06.431 I/flutter (15971): LiveTV: Fetched 0 categories
01-18 15:45:06.432 I/flutter (15971): LocalDbService: Opening database at /data/user/0/com.risa.app/app_flutter/iptv_local.db
01-18 15:45:06.434 W/WindowOnBackDispatcher(15971): sendCancelIfRunning: isInProgress=false callback=io.flutter.embedding.android.FlutterActivity$1@c1e35d8
01-18 15:45:06.446 I/flutter (15971): content_focus: Shell unregistered focus callback token=1
01-18 15:45:06.446 I/flutter (15971): content_focus: Shell registered focus callback token=2
01-18 15:45:06.446 I/flutter (15971): content_focus: Registered content focus: LiveTVScreen (token: 2)
01-18 15:45:06.493 I/flutter (15971): SmartCache: Initialized
01-18 15:45:06.493 I/flutter (15971): FastStartup: FastStartup initialization completed (+79ms)
01-18 15:45:06.493 I/flutter (15971): startup: 251ms - MyApp initialization: FastStartup init finished
01-18 15:45:06.494 I/flutter (15971): startup: 251ms - MyApp initialization: clear old playlists
01-18 15:45:06.494 I/flutter (15971): startup: 251ms - MyApp initialization: playlists cleared
01-18 15:45:06.494 I/flutter (15971): startup: 251ms - MyApp initialization: check disclaimer
01-18 15:45:06.494 I/flutter (15971): startup: 251ms - MyApp initialization: disclaimer checked
01-18 15:45:06.494 I/flutter (15971): startup: 251ms - MyApp initialization: check/load playlist
01-18 15:45:06.494 I/flutter (15971): startup: 251ms - MyApp initialization: playlist check finished
01-18 15:45:06.494 I/flutter (15971): startup: 251ms - MyApp initialization: complete
01-18 15:45:06.547 I/flutter (15971): startup: 304ms - ChannelProvider.autoLoadPlaylist invoked
01-18 15:45:06.548 I/flutter (15971): ChannelProvider: Auto-loading playlist...
01-18 15:45:06.548 I/flutter (15971): LocalDbService: init() called, _isInit=true, _initCompleter=false
01-18 15:45:06.548 I/flutter (15971): LocalDbService: DB already initialized and open
01-18 15:45:06.563 I/flutter (15971): content_focus: Shell unregistered focus callback token=2
01-18 15:45:06.563 I/flutter (15971): content_focus: Shell registered focus callback token=3
01-18 15:45:06.563 I/flutter (15971): content_focus: Registered content focus: LiveTVScreen (token: 3)
01-18 15:45:06.580 I/flutter (15971): content_focus: Shell unregistered focus callback token=3
01-18 15:45:06.580 I/flutter (15971): content_focus: Shell registered focus callback token=4
01-18 15:45:06.580 I/flutter (15971): content_focus: Registered content focus: LiveTVScreen (token: 4)
01-18 15:45:06.592 I/flutter (15971): ChannelProvider: Loading from pre-parsed JSON cache...
01-18 15:45:06.610 I/flutter (15971): ChannelProvider: Loaded 200 channels from JSON preview, continuing to load full list...
01-18 15:45:06.610 I/flutter (15971): ChannelProvider: File cache expired or not found, loading from network
01-18 15:45:06.610 I/flutter (15971): ChannelProvider: Playlist type: m3u
01-18 15:45:06.610 I/flutter (15971): ChannelProvider: M3U URL: https://opop.pro/mpjJUXrysJKL
01-18 15:45:06.610 I/flutter (15971): ChannelProvider: Loading playlist URL: https://opop.pro/mpjJUXrysJKL
01-18 15:45:06.610 I/flutter (15971): startup: 368ms - ChannelProvider.autoLoadPlaylist: downloading playlist
01-18 15:45:06.611 I/flutter (15971): [PERF] START: PLAYLIST_LOAD_TOTAL
01-18 15:45:06.611 I/flutter (15971): [PERF] Memory check (Before playlist load)
01-18 15:45:06.611 I/flutter (15971): [PERF] START: PLAYLIST_LOAD_TOTAL
01-18 15:45:06.611 I/flutter (15971): ChannelProvider: Loading playlist from URL: https://opop.pro/mpjJUXrysJKL (using PlaylistLoader)
01-18 15:45:06.612 I/flutter (15971): content_focus: Shell unregistered focus callback token=4
01-18 15:45:06.612 I/flutter (15971): content_focus: Shell registered focus callback token=5
01-18 15:45:06.612 I/flutter (15971): content_focus: Registered content focus: LiveTVScreen (token: 5)
01-18 15:45:06.612 I/flutter (15971): LiveTV: Categories empty but channels present (200), requesting prefetch...
01-18 15:45:06.640 I/flutter (15971): ChannelProvider: Category DB load took 27ms
01-18 15:45:06.640 I/flutter (15971): ChannelProvider: Loaded 0 categories from DB
01-18 15:45:06.640 I/flutter (15971): ChannelProvider: Category compute total 27ms
01-18 15:45:06.640 I/flutter (15971): LiveTV: Fetched 0 categories
01-18 15:45:06.640 I/flutter (15971): content_focus: Shell unregistered focus callback token=5
01-18 15:45:06.640 I/flutter (15971): content_focus: Shell registered focus callback token=6
01-18 15:45:06.640 I/flutter (15971): content_focus: Registered content focus: LiveTVScreen (token: 6)
01-18 15:45:06.646 I/flutter (15971): content_focus: Shell unregistered focus callback token=6
01-18 15:45:06.646 I/flutter (15971): content_focus: Shell registered focus callback token=7
01-18 15:45:06.646 I/flutter (15971): content_focus: Registered content focus: LiveTVScreen (token: 7)
01-18 15:45:06.663 I/flutter (15971): content_focus: Shell unregistered focus callback token=7
01-18 15:45:06.663 I/flutter (15971): content_focus: Shell registered focus callback token=8
01-18 15:45:06.663 I/flutter (15971): content_focus: Registered content focus: LiveTVScreen (token: 8)
01-18 15:45:06.685 I/flutter (15971): content_focus: Shell unregistered focus callback token=8
01-18 15:45:06.685 I/flutter (15971): content_focus: Shell registered focus callback token=9
01-18 15:45:06.685 I/flutter (15971): content_focus: Registered content focus: LiveTVScreen (token: 9)
01-18 15:45:07.024 I/flutter (15971): content_focus: Shell unregistered focus callback token=9
01-18 15:45:07.024 I/flutter (15971): content_focus: Shell registered focus callback token=10
01-18 15:45:07.024 I/flutter (15971): content_focus: Registered content focus: LiveTVScreen (token: 10)
01-18 15:45:07.987 W/WifiVendorHal( 2561): onDebugErrorAlert 14
01-18 15:45:08.056 D/WifiClientModeImpl[25957683:wlan0]( 2561): L2ConnectingState: Authentication failure  reason=3 error=-1
01-18 15:45:08.080 E/WifiStaIfaceAidlImpl( 2561): stopRssiMonitoring failed with service-specific exception: android.os.ServiceSpecificException:  (code 5)
01-18 15:45:08.182 D/LOWI-9.0.1.74( 2476): [LOWI-Scan] No dump done. Error -1
01-18 15:45:08.183 D/WifiNl80211Manager( 2561): Scan failed event with error code: 3
01-18 15:45:08.183 D/WifiNative( 2561): Scan failed event: errorCode: -7
01-18 15:45:08.183 W/WificondScannerImpl( 2561): Scan failed: error code: -7
01-18 15:45:08.551 D/LOWI-9.0.1.74( 2476): [LOWI-Scan] do_listen_events: Select Error return - -301
01-18 15:45:08.551 D/LOWI-9.0.1.74( 2476): [LOWI-Scan] No dump done. Error -301
01-18 15:45:08.595 I/SemWifiLinkQualityMonitor( 2561): L2TError: Disconnected, 25335823
01-18 15:45:08.719 E/WifiStaIfaceAidlImpl( 2561): stopRssiMonitoring failed with service-specific exception: android.os.ServiceSpecificException:  (code 5)
01-18 15:45:08.738 W/resolv  ( 1551): SSL_connect ssl error =5, mark 0xf006c: Connection refused
01-18 15:45:08.766 I/NullBinder( 4493): NullBinder for android.net.action.RECOMMEND_NETWORKS triggering remote TransactionTooLargeException due to Service without Chimera impl, calling uid: 1000, calling pid: 0
01-18 15:45:08.797 I/MobileWips::BSS(15919): CativePortal status : 0, isException : false
01-18 15:45:08.846 I/flutter (15971): EPG: Loaded normalized mapping from file (8884 entries)
01-18 15:45:08.847 I/flutter (15971): EPG: Starting progressive EPG initialization...
01-18 15:45:08.847 I/flutter (15971): LocalDbService: init() called, _isInit=true, _initCompleter=false
01-18 15:45:08.847 I/flutter (15971): LocalDbService: DB already initialized and open
01-18 15:45:08.847 I/flutter (15971): EPG: Using cache duration of 6 hours
01-18 15:45:08.847 I/flutter (15971): EPG: Progressive initialization with URL: https://opop.pro/epNCvfgjsYe9JC
01-18 15:45:09.082 E/RunestoneSDK(12073): Bundle parsing error -> Not exist key : isCriticalUpdateNeeded for isCriticalUpdateNeeded
01-18 15:45:09.083 I/flutter (15971): M3UParser: (files) EPG URL not found in header line.
01-18 15:45:09.241 E/[GW_FMW_CS]( 9667): [STFManager] isFmmSupportedVersion: problem occurs android.content.pm.PackageManager$NameNotFoundException: com.samsung.android.oneconnect
01-18 15:45:09.241 W/System.err( 9667): android.content.pm.PackageManager$NameNotFoundException: com.samsung.android.oneconnect
01-18 15:45:09.256 I/SamsungAccount( 7660): [LocalBusinessException] Not Skip Name Validation by AppId
01-18 15:45:09.306 I/NullBinder( 4493): NullBinder for android.net.action.RECOMMEND_NETWORKS triggering remote TransactionTooLargeException due to Service without Chimera impl, calling uid: 1000, calling pid: 0
01-18 15:45:09.316 I/MobileWips::BSS(15919): CativePortal status : 0, isException : false
01-18 15:45:09.368 W/ActivityManager( 2561): pid 2561 system sent binder code 27 with flags 1 to frozen apps and got error -32
01-18 15:45:09.378 W/resolv  ( 1551): SSL_connect ssl error =5, mark 0xf006c: Connection refused
01-18 15:45:09.383 W/ActivityManager( 2561): pid 2561 system sent binder code 27 with flags 1 to frozen apps and got error -32
01-18 15:45:09.383 D/ActivityManager( 2561): Too many transaction errors, throttling freezer binder callback.
01-18 15:45:09.572 E/engmode_aidl_service( 1273): error to server(0xf02d0010)
01-18 15:45:09.612 E/netd    ( 1551): Error adding route 2603:7083:7800:277::/64 -> (null) wlan0 to table 1045: File exists
01-18 15:45:09.616 E/netd    ( 1551): Error adding route ::/0 -> fe80::6e99:61ff:fed3:5a1a wlan0 to table 1045: File exists
01-18 15:45:09.620 E/netd    ( 1551): Error adding route 2603:7083:7800:277::/64 -> fe80::6e99:61ff:fed3:5a1a wlan0 to table 1045: File exists
01-18 15:45:09.658 W/resolv  ( 1551): SSL_connect ssl error =5, mark 0xf006c: Connection refused
01-18 15:45:09.671 W/resolv  ( 1551): SSL_connect ssl error =5, mark 0xf006c: Connection refused
01-18 15:45:09.831 E/WifiRouterInfoCollector( 2561): runHttpGet url: https://192.168.1.1/ - HttpURLConnection failed with exception javax.net.ssl.SSLHandshakeException: java.security.cert.CertPathValidatorException: Trust anchor for certification path not found.
01-18 15:45:09.833 I/flutter (15971): content_focus: Shell unregistered focus callback token=10
01-18 15:45:09.833 I/flutter (15971): content_focus: Shell registered focus callback token=11
01-18 15:45:09.833 I/flutter (15971): content_focus: Registered content focus: LiveTVScreen (token: 11)
01-18 15:45:10.332 I/flutter (15971): content_focus: Shell unregistered focus callback token=11
01-18 15:45:10.332 I/flutter (15971): content_focus: Shell registered focus callback token=12
01-18 15:45:10.332 I/flutter (15971): content_focus: Registered content focus: LiveTVScreen (token: 12)
01-18 15:45:10.332 I/flutter (15971): LiveTV: Categories empty but channels present (1500), requesting prefetch...
01-18 15:45:10.333 I/flutter (15971): EPG: getCurrentProgram - No programs for epgId "abcwlneprovidenceri.us" (channelId: "abcwlneprovidenceri.us", total program channels: 0)
01-18 15:45:10.445 I/flutter (15971): EPG: getCurrentProgram - No programs for epgId "nbc10wjarprovidencerhodeisland.us" (channelId: "nbc10wjarprovidencerhodeisland.us", total program channels: 0)
01-18 15:45:10.541 I/flutter (15971): EPG: getCurrentProgram - No programs for epgId "fox64wnacprovidence.us" (channelId: "fox64wnacprovidence.us", total program channels: 0)
01-18 15:45:10.543 I/flutter (15971): EPG: getCurrentProgram - No programs for epgId "cbs12wpriprovidence.us" (channelId: "cbs12wpriprovidence.us", total program channels: 0)
01-18 15:45:10.544 I/flutter (15971): EPG: getCurrentProgram - No programs for epgId "cbs4wbzboston.us" (channelId: "cbs4wbzboston.us", total program channels: 0)
01-18 15:45:10.544 I/flutter (15971): EPG: getCurrentProgram - No programs for epgId "abcwcvbboston.us" (channelId: "abcwcvbboston.us", total program channels: 0)
01-18 15:45:10.545 I/flutter (15971): EPG: getCurrentProgram - No programs for epgId "nbc10wbtsboston.us" (channelId: "nbc10wbtsboston.us", total program channels: 0)
01-18 15:45:10.545 I/flutter (15971): EPG: getCurrentProgram - No programs for epgId "fox25wfxtboston.us" (channelId: "fox25wfxtboston.us", total program channels: 0)
01-18 15:45:10.545 I/flutter (15971): EPG: getCurrentProgram - No programs for epgId "38wsbkboston.us" (channelId: "38wsbkboston.us", total program channels: 0)
01-18 15:45:10.546 I/flutter (15971): EPG: getCurrentProgram - No programs for epgId "cw56wlviboston.us" (channelId: "cw56wlviboston.us", total program channels: 0)
01-18 15:45:10.546 I/flutter (15971): EPG: getCurrentProgram - No programs for epgId "pbswgbhboston.us" (channelId: "pbswgbhboston.us", total program channels: 0)
01-18 15:45:10.547 I/flutter (15971): EPG: getCurrentProgram - No programs for epgId "wenh.us" (channelId: "wenh.us", total program channels: 0)
01-18 15:45:10.547 I/flutter (15971): EPG: getCurrentProgram - No programs for epgId "nbcsportsboston.us" (channelId: "nbcsportsboston.us", total program channels: 0)
01-18 15:45:10.548 I/flutter (15971): EPG: getCurrentProgram - No programs for epgId "news7boston.us" (channelId: "news7boston.us", total program channels: 0)
01-18 15:45:10.551 I/flutter (15971): EPG: getCurrentProgram - No EPG ID found for "nbcwbtsboston.us" (name: "Nbc 10 Boston News", available: 4079, normalized: 8884, programs: 0)
01-18 15:45:10.554 I/flutter (15971): EPG: getCurrentProgram - No EPG ID found for "foxwfxtboston.us" (name: "Boston 25", available: 4079, normalized: 8884, programs: 0)
01-18 15:45:10.560 I/flutter (15971): EPG: getCurrentProgram - No EPG ID found for "NewEnglandPatriots.nfl" (name: "Nfl New England Patriots", available: 4079, normalized: 8884, programs: 0)
01-18 15:45:10.580 I/flutter (15971): EPG: getCurrentProgram - No EPG ID found for "a&e.us" (name: "A&e East", available: 4079, normalized: 8884, programs: 0)
01-18 15:45:10.581 I/flutter (15971): EPG: getCurrentProgram - No programs for epgId "accuweather.us" (channelId: "accuweather.us", total program channels: 0)
01-18 15:45:10.583 I/flutter (15971): EPG: getCurrentProgram - No programs for epgId "adultswim.us" (channelId: "adultswim.us", total program channels: 0)
01-18 15:45:10.584 I/flutter (15971): EPG: getCurrentProgram - No programs for epgId "amc.us" (channelId: "amc.us", total program channels: 0)
01-18 15:45:10.584 I/flutter (15971): EPG: getCurrentProgram - No programs for epgId "amc+.us" (channelId: "amc+.us", total program channels: 0)
01-18 15:45:10.584 I/flutter (15971): LiveTV: _filterChannelsWithLoadedEpg returned 0 of 30 channels. EPG isLoading=false, availableChannels=4079, error=null, isDbReady=true
01-18 15:45:10.584 I/flutter (15971): EPG: ensureChannelsLoadedBatch called with 30 channels
01-18 15:45:10.669 I/flutter (15971): EPG: ensureChannelsLoadedBatch - queueing 18 channels for batch load
01-18 15:45:10.669 I/flutter (15971): LiveTV: Waiting for EPG (4253ms, batchLoading=true)
01-18 15:45:10.685 D/SLocation( 2561): ARDistanceLibManager - command callback received - CURRENT_LOCATION_REQUEST_DISTANCE ERROR CODE : ERROR_NONE
01-18 15:45:10.703 D/SLocation( 2561): CommonCoreManager - handleCommandCallback - FUNC_TYPE : SET_LOCATION  ERROR_CODE : ERROR_NONE
01-18 15:45:10.837 I/flutter (15971): content_focus: Shell unregistered focus callback token=12
01-18 15:45:10.837 I/flutter (15971): content_focus: Shell registered focus callback token=13
01-18 15:45:10.837 I/flutter (15971): content_focus: Registered content focus: LiveTVScreen (token: 13)
01-18 15:45:10.873 I/flutter (15971): LiveTV: _filterChannelsWithLoadedEpg returned 0 of 30 channels. EPG isLoading=false, availableChannels=4079, error=null, isDbReady=true
01-18 15:45:10.873 I/flutter (15971): EPG: ensureChannelsLoadedBatch called with 30 channels
01-18 15:45:10.956 I/flutter (15971): EPG: ensureChannelsLoadedBatch - no new channels to load (all already loaded or pending)
01-18 15:45:10.956 I/flutter (15971): LiveTV: Waiting for EPG (4540ms, batchLoading=true)
01-18 15:45:10.984 I/flutter (15971): ChannelProvider: Category DB load took 651ms
01-18 15:45:10.984 I/flutter (15971): ChannelProvider: Loaded 10 categories from DB
01-18 15:45:10.984 I/flutter (15971): ChannelProvider: Category compute total 651ms
01-18 15:45:11.002 E/QuicConnectionCloser( 2561): [SkDestroyListener] ERROR readPacket error: : read failed: ENOBUFS (No buffer space available)
01-18 15:45:11.002 E/QuicConnectionCloser( 2561): android.system.ErrnoException: read failed: ENOBUFS (No buffer space available)
01-18 15:45:11.002 E/NetworkStats( 2561): [SkDestroyListener] ERROR readPacket error: : read failed: ENOBUFS (No buffer space available)
01-18 15:45:11.002 E/NetworkStats( 2561): android.system.ErrnoException: read failed: ENOBUFS (No buffer space available)
01-18 15:45:11.056 I/flutter (15971): EPG: Batch timer fired, loading 18 channels
01-18 15:45:11.056 I/flutter (15971): EPG: _loadProgramsFromDbBatch called with 18 epgIds, dbReady=true, dbDisabled=false, suspendReads=false
01-18 15:45:11.060 I/flutter (15971): ChannelProvider: DB channel page failed: Unsupported operation: read-only
01-18 15:45:11.060 I/flutter (15971): ChannelProvider: Detected read-only DB, attempting recovery
01-18 15:45:11.060 I/flutter (15971): LocalDbService: resetting read-only database
01-18 15:45:11.212 E/QuicConnectionCloser( 2561): [SkDestroyListener] ERROR readPacket error: : read failed: ENOBUFS (No buffer space available)
01-18 15:45:11.212 E/QuicConnectionCloser( 2561): android.system.ErrnoException: read failed: ENOBUFS (No buffer space available)
01-18 15:45:11.237 V/NativeCrypto( 4493): Read error: ssl=0xb4000078704a9c58: I/O error during system call, Software caused connection abort
01-18 15:45:11.238 V/NativeCrypto( 4493): Write error: ssl=0xb4000078704a9c58: I/O error during system call, Broken pipe
01-18 15:45:11.239 V/NativeCrypto( 4493): SSL shutdown failed: ssl=0xb4000078704a9c58: I/O error during system call, Success
01-18 15:45:11.242 I/DGW     (11708): I[notifyStreamGroupError:1768] StreamGroupTransport[notifgateway] notify StreamGroup error: Error Domain=MNSSecureTCP Code=0 UserInfo=0xb4000078c056e8d0 {MCFErrorDirectLocalizedFailureReasonKey=mbedtls_ssl_read(): NET - Reading information from the socket failed (-0x004C), error = Software caused connection abort}
01-18 15:45:11.242 E/rustpush::aps(15063): Failed to read message from APS with error IO error: Software caused connection abort (os error 103)
01-18 15:45:11.247 D/GmsGcmMcsSvc(22776): I/O error: java.net.SocketException: Software caused connection abort
01-18 15:45:11.258 D/GmsGcmMcsSvc(22776): Teardown initiated, reason: java.net.SocketException: Software caused connection abort
01-18 15:45:11.260 W/ResponseHandler( 6735): IOException occurred on response
01-18 15:45:11.264 E/ResponseHandler( 6735): com.amazon.alexa.client.alexaservice.networking.response.parser.AlexaMultipartStream$MalformedStreamException: Stream ended unexpectedly
01-18 15:45:11.264 E/ResponseHandler( 6735): 	at com.amazon.alexa.utils.concurrent.ExceptionLoggingScheduledThreadPoolExecutor$NamedTaskFuture.run(Unknown Source:2)
01-18 15:45:11.270 I/SystemCapabilityAgent( 6735): Not reporting ExceptionEncountered event due to empty directive
01-18 15:45:11.609 I/NullBinder( 4493): NullBinder for android.net.action.RECOMMEND_NETWORKS triggering remote TransactionTooLargeException due to Service without Chimera impl, calling uid: 1000, calling pid: 0
01-18 15:45:11.671 I/flutter (15971): EPG: Loaded normalized mapping from file (8884 entries)
01-18 15:45:11.671 I/flutter (15971): EPG: Load already in progress, skipping concurrent request.
01-18 15:45:11.671 I/flutter (15971): EPG: Current day load finished in 0ms
01-18 15:45:11.671 I/flutter (15971): EPG: Loading remaining EPG days in background...
01-18 15:45:11.671 I/flutter (15971): EPG: Progressive init complete - URL: https://opop.pro/epNCvfgjsYe9JC, Available channels: 4079, Loaded channels: 0
01-18 15:45:11.673 I/flutter (15971): content_focus: Shell unregistered focus callback token=13
01-18 15:45:11.673 I/flutter (15971): content_focus: Shell registered focus callback token=14
01-18 15:45:11.673 I/flutter (15971): content_focus: Registered content focus: LiveTVScreen (token: 14)
01-18 15:45:11.752 I/flutter (15971): LiveTV: _filterChannelsWithLoadedEpg returned 0 of 30 channels. EPG isLoading=false, availableChannels=4079, error=null, isDbReady=false
01-18 15:45:11.752 I/flutter (15971): EPG: ensureChannelsLoadedBatch called with 30 channels
01-18 15:45:11.818 I/flutter (15971): EPG: ensureChannelsLoadedBatch - no new channels to load (all already loaded or pending)
01-18 15:45:11.818 I/flutter (15971): LiveTV: Waiting for EPG (5402ms, batchLoading=true)
01-18 15:45:11.821 I/flutter (15971): ChannelProvider: Category isolate compute took 147ms
01-18 15:45:11.821 I/flutter (15971): ChannelProvider: Found 59 categories from 7205 channels
01-18 15:45:11.821 I/flutter (15971): ChannelProvider: Category compute total 148ms
01-18 15:45:11.894 I/flutter (15971): ChannelProvider: DB channel page failed: Unsupported operation: read-only
01-18 15:45:11.895 I/flutter (15971): content_focus: Shell unregistered focus callback token=14
01-18 15:45:11.895 I/flutter (15971): content_focus: Shell registered focus callback token=15
01-18 15:45:11.895 I/flutter (15971): content_focus: Registered content focus: LiveTVScreen (token: 15)
01-18 15:45:11.895 I/flutter (15971): LiveTV: Processing 59 new categories (total: 59, current: 0)
01-18 15:45:11.912 I/flutter (15971): EPG: getCurrentProgram - No programs for epgId "storiesamc.us" (channelId: "storiesamc.us", total program channels: 0)
01-18 15:45:11.913 I/flutter (15971): EPG: getCurrentProgram - No programs for epgId "amcwest.us" (channelId: "amcwest.us", total program channels: 0)
01-18 15:45:11.914 I/flutter (15971): EPG: getCurrentProgram - No programs for epgId "americanheroeschannel.us" (channelId: "americanheroeschannel.us", total program channels: 0)
01-18 15:45:11.915 I/flutter (15971): EPG: getCurrentProgram - No programs for epgId "animalplanet.us" (channelId: "animalplanet.us", total program channels: 0)
01-18 15:45:11.916 I/flutter (15971): EPG: getCurrentProgram - No programs for epgId "animalplanetwest.us" (channelId: "animalplanetwest.us", total program channels: 0)
01-18 15:45:11.917 I/flutter (15971): EPG: getCurrentProgram - No programs for epgId "antennatv.us" (channelId: "antennatv.us", total program channels: 0)
01-18 15:45:11.918 I/flutter (15971): EPG: getCurrentProgram - No programs for epgId "awe.us" (channelId: "awe.us", total program channels: 0)
01-18 15:45:11.919 I/flutter (15971): EPG: getCurrentProgram - No programs for epgId "axstv.us" (channelId: "axstv.us", total program channels: 0)
01-18 15:45:11.920 I/flutter (15971): EPG: getCurrentProgram - No programs for epgId "axstvnow.us" (channelId: "axstvnow.us", total program channels: 0)
01-18 15:45:11.921 I/flutter (15971): EPG: getCurrentProgram - No programs for epgId "bbcamerica.us" (channelId: "bbcamerica.us", total program channels: 0)
01-18 15:45:11.921 I/flutter (15971): EPG: getCurrentProgram - No programs for epgId "beinsports.us" (channelId: "beinsports.us", total program channels: 0)
01-18 15:45:11.922 I/flutter (15971): EPG: getCurrentProgram - No programs for epgId "beinsports4.us" (channelId: "beinsports4.us", total program channels: 0)
01-18 15:45:11.922 I/flutter (15971): EPG: getCurrentProgram - No programs for epgId "beinsports5.us" (channelId: "beinsports5.us", total program channels: 0)
01-18 15:45:11.923 I/flutter (15971): EPG: getCurrentProgram - No programs for epgId "beinsports6.us" (channelId: "beinsports6.us", total program channels: 0)
01-18 15:45:11.923 I/flutter (15971): EPG: getCurrentProgram - No programs for epgId "beinsports7.us" (channelId: "beinsports7.us", total program channels: 0)
01-18 15:45:11.924 I/flutter (15971): EPG: getCurrentProgram - No programs for epgId "beinsports8.us" (channelId: "beinsports8.us", total program channels: 0)
01-18 15:45:11.924 I/flutter (15971): EPG: getCurrentProgram - No programs for epgId "bet.us" (channelId: "bet.us", total program channels: 0)
01-18 15:45:11.925 I/flutter (15971): EPG: getCurrentProgram - No programs for epgId "bravo.us" (channelId: "bravo.us", total program channels: 0)
01-18 15:45:11.926 I/flutter (15971): EPG: getCurrentProgram - No programs for epgId "bravowest.us" (channelId: "bravowest.us", total program channels: 0)
01-18 15:45:11.927 I/flutter (15971): EPG: getCurrentProgram - No programs for epgId "cbssportsgolazonetwork.us" (channelId: "cbssportsgolazonetwork.us", total program channels: 0)
01-18 15:45:11.933 I/flutter (15971): EPG: getCurrentProgram - No EPG ID found for "women\'ssportsnetwork.us" (name: "Cbs Sports Network", available: 4079, normalized: 8884, programs: 0)
01-18 15:45:11.934 I/flutter (15971): EPG: getCurrentProgram - No programs for epgId "cinemaxaction.us" (channelId: "cinemaxaction.us", total program channels: 0)
01-18 15:45:11.935 I/flutter (15971): EPG: getCurrentProgram - No programs for epgId "cinemaxclassics.us" (channelId: "cinemaxclassics.us", total program channels: 0)
01-18 15:45:11.936 I/flutter (15971): EPG: getCurrentProgram - No programs for epgId "cinemax.us" (channelId: "cinemax.us", total program channels: 0)
01-18 15:45:11.938 I/flutter (15971): EPG: getCurrentProgram - No programs for epgId "cinemaxhits.us" (channelId: "cinemaxhits.us", total program channels: 0)
01-18 15:45:11.939 I/flutter (15971): EPG: getCurrentProgram - No programs for epgId "cinemaxwest.us" (channelId: "cinemaxwest.us", total program channels: 0)
01-18 15:45:11.940 I/flutter (15971): EPG: getCurrentProgram - No programs for epgId "cmt.us" (channelId: "cmt.us", total program channels: 0)
01-18 15:45:11.941 I/flutter (15971): EPG: getCurrentProgram - No programs for epgId "cnbc.us" (channelId: "cnbc.us", total program channels: 0)
01-18 15:45:11.941 I/flutter (15971): LiveTV: _filterChannelsWithLoadedEpg returned 0 of 60 channels. EPG isLoading=false, availableChannels=4079, error=null, isDbReady=false
01-18 15:45:11.941 I/flutter (15971): EPG: ensureChannelsLoadedBatch called with 60 channels
01-18 15:45:12.019 I/flutter (15971): EPG: ensureChannelsLoadedBatch - queueing 27 channels for batch load
01-18 15:45:12.019 I/flutter (15971): LiveTV: Waiting for EPG (5602ms, batchLoading=true)
01-18 15:45:12.022 I/flutter (15971): LiveTV: Updated _categoryNames to 59, visibleCount: 8
01-18 15:45:12.023 I/flutter (15971): EPG: DB query returned 0 program rows for 18 channels
01-18 15:45:12.023 I/flutter (15971): EPG: No programs found in DB for requested channels
01-18 15:45:12.023 I/flutter (15971): ChannelProvider: Parsed 7205 channels (isolate)
01-18 15:45:12.073 I/flutter (15971): EPG: Starting progressive EPG initialization...
01-18 15:45:12.073 I/flutter (15971): LocalDbService: init() called, _isInit=false, _initCompleter=false
01-18 15:45:12.073 I/flutter (15971): ChannelProvider: Category isolate compute took 50ms
01-18 15:45:12.073 I/flutter (15971): ChannelProvider: Found 63 categories from 7205 channels
01-18 15:45:12.073 I/flutter (15971): ChannelProvider: Category compute total 50ms
01-18 15:45:12.074 I/flutter (15971): content_focus: Shell unregistered focus callback token=15
01-18 15:45:12.074 I/flutter (15971): content_focus: Shell registered focus callback token=16
01-18 15:45:12.074 I/flutter (15971): content_focus: Registered content focus: LiveTVScreen (token: 16)
01-18 15:45:12.074 I/flutter (15971): LiveTV: Processing 4 new categories (total: 63, current: 59)
01-18 15:45:12.111 I/flutter (15971): LiveTV: _filterChannelsWithLoadedEpg returned 0 of 60 channels. EPG isLoading=false, availableChannels=4079, error=null, isDbReady=false
01-18 15:45:12.111 I/flutter (15971): EPG: ensureChannelsLoadedBatch called with 60 channels
01-18 15:45:12.191 I/flutter (15971): EPG: ensureChannelsLoadedBatch - queueing 18 channels for batch load
01-18 15:45:12.191 I/flutter (15971): LiveTV: Waiting for EPG (5775ms, batchLoading=true)
01-18 15:45:12.194 I/flutter (15971): LiveTV: Updated _categoryNames to 63, visibleCount: 63
01-18 15:45:12.194 I/flutter (15971): LocalDbService: Opening database at /data/user/0/com.risa.app/app_flutter/iptv_local.db
01-18 15:45:12.195 I/flutter (15971): [PERF] END: PLAYLIST_LOAD_TOTAL took 5584ms
01-18 15:45:12.195 I/flutter (15971): [PERF] WARNING: PLAYLIST_LOAD_TOTAL took 5584ms (>100ms)
01-18 15:45:12.195 I/flutter (15971): [PERF] CRITICAL: PLAYLIST_LOAD_TOTAL took 5584ms (>1s)
01-18 15:45:12.195 I/flutter (15971): [PERF] Memory check (After playlist load)
01-18 15:45:12.195 I/flutter (15971): ChannelProvider: Loaded 7205 channels, cache size: 47
01-18 15:45:12.198 I/flutter (15971): [PERF] ChannelLoad: 7205 channels in 0ms
01-18 15:45:12.198 I/flutter (15971): ChannelProvider: Auto-load completed successfully
01-18 15:45:12.198 I/flutter (15971): startup: 5955ms - ChannelProvider.autoLoadPlaylist: network load finished
01-18 15:45:12.199 I/flutter (15971): ChannelProvider: Saved JSON cache metadata only
01-18 15:45:12.201 I/flutter (15971): EPG: Allowing stale cache. Age: 298 minutes. Size: 19.29 MB
01-18 15:45:12.202 I/flutter (15971): EPG: Cache is valid. Age: 298 minutes. Size: 19.29 MB
01-18 15:45:12.202 I/flutter (15971): EPG: Allowing stale cache. Age: 298 minutes. Size: 19.29 MB
01-18 15:45:12.203 I/flutter (15971): EPG: Cache is valid. Age: 298 minutes. Size: 19.29 MB
01-18 15:45:12.203 I/flutter (15971): EPG: Using valid cached file, skipping download.
01-18 15:45:12.203 I/flutter (15971): EPG: Download phase took 1ms
01-18 15:45:12.203 I/flutter (15971): EPG: Using cache duration of 6 hours
01-18 15:45:12.203 I/flutter (15971): EPG: Progressive initialization with URL: https://opop.pro/epNCvfgjsYe9JC
01-18 15:45:12.205 I/flutter (15971): LocalDbService: init() called, _isInit=true, _initCompleter=false
01-18 15:45:12.205 I/flutter (15971): LocalDbService: DB already initialized and open
01-18 15:45:12.205 I/flutter (15971): ChannelProvider: Recovered read-only DB, rebuilding caches
01-18 15:45:12.225 I/flutter (15971): LocalDbService: Detected closed DB, attempting to reopen...
01-18 15:45:12.225 I/flutter (15971): LocalDbService: init() called, _isInit=false, _initCompleter=false
01-18 15:45:12.227 I/flutter (15971): LocalDbService: Detected closed DB, attempting to reopen...
01-18 15:45:12.227 I/flutter (15971): LocalDbService: init() called, _isInit=false, _initCompleter=true
01-18 15:45:12.227 I/flutter (15971): LocalDbService: Init already in progress, waiting...
01-18 15:45:12.227 I/flutter (15971): content_focus: Shell unregistered focus callback token=16
01-18 15:45:12.227 I/flutter (15971): content_focus: Shell registered focus callback token=17
01-18 15:45:12.227 I/flutter (15971): content_focus: Registered content focus: LiveTVScreen (token: 17)
01-18 15:45:12.264 I/flutter (15971): LiveTV: _filterChannelsWithLoadedEpg returned 0 of 60 channels. EPG isLoading=true, availableChannels=4079, error=null, isDbReady=false
01-18 15:45:12.265 I/flutter (15971): EPG: ensureChannelsLoadedBatch called with 60 channels
01-18 15:45:12.393 I/flutter (15971): EPG: ensureChannelsLoadedBatch - no new channels to load (all already loaded or pending)
01-18 15:45:12.393 I/flutter (15971): LiveTV: Waiting for EPG (5976ms, batchLoading=true)
01-18 15:45:12.396 I/flutter (15971): EPG: ensureChannelsLoadedBatch called with 12 channels
01-18 15:45:12.396 I/flutter (15971): EPG: ensureChannelsLoadedBatch - no new channels to load (all already loaded or pending)
01-18 15:45:12.396 I/flutter (15971): EPG: ensureChannelsLoadedBatch called with 12 channels
01-18 15:45:12.406 I/flutter (15971): EPG: ensureChannelsLoadedBatch - no new channels to load (all already loaded or pending)
01-18 15:45:12.406 I/flutter (15971): EPG: ensureChannelsLoadedBatch called with 12 channels
01-18 15:45:12.411 I/flutter (15971): EPG: ensureChannelsLoadedBatch - queueing 11 channels for batch load
01-18 15:45:12.411 I/flutter (15971): EPG: ensureChannelsLoadedBatch called with 12 channels
01-18 15:45:12.416 I/flutter (15971): EPG: ensureChannelsLoadedBatch - queueing 12 channels for batch load
01-18 15:45:12.416 I/flutter (15971): EPG: ensureChannelsLoadedBatch called with 12 channels
01-18 15:45:12.519 I/flutter (15971): EPG: ensureChannelsLoadedBatch - queueing 1 channels for batch load
01-18 15:45:12.519 I/flutter (15971): EPG: ensureChannelsLoadedBatch called with 12 channels
01-18 15:45:12.523 I/flutter (15971): EPG: ensureChannelsLoadedBatch - queueing 9 channels for batch load
01-18 15:45:12.523 I/flutter (15971): EPG: ensureChannelsLoadedBatch called with 12 channels
01-18 15:45:12.526 I/flutter (15971): EPG: ensureChannelsLoadedBatch - queueing 7 channels for batch load
01-18 15:45:12.526 I/flutter (15971): EPG: ensureChannelsLoadedBatch called with 12 channels
01-18 15:45:12.531 I/flutter (15971): EPG: ensureChannelsLoadedBatch - queueing 12 channels for batch load
01-18 15:45:12.531 I/flutter (15971): LocalDbService: init() called, _isInit=false, _initCompleter=true
01-18 15:45:12.531 I/flutter (15971): LocalDbService: Init already in progress, waiting...
01-18 15:45:12.531 I/flutter (15971): ChannelProvider: Category isolate compute took 302ms
01-18 15:45:12.531 I/flutter (15971): ChannelProvider: Found 63 categories from 7205 channels
01-18 15:45:12.531 I/flutter (15971): ChannelProvider: Category compute total 303ms
01-18 15:45:12.538 I/flutter (15971): LocalDbService: Opening database at /data/user/0/com.risa.app/app_flutter/iptv_local.db
01-18 15:45:12.543 I/flutter (15971): content_focus: Shell unregistered focus callback token=17
01-18 15:45:12.543 I/flutter (15971): content_focus: Shell registered focus callback token=18
01-18 15:45:12.543 I/flutter (15971): content_focus: Registered content focus: LiveTVScreen (token: 18)
01-18 15:45:12.562 I/flutter (15971): LiveTV: _filterChannelsWithLoadedEpg returned 0 of 60 channels. EPG isLoading=true, availableChannels=4079, error=null, isDbReady=false
01-18 15:45:12.562 I/flutter (15971): EPG: ensureChannelsLoadedBatch called with 60 channels
01-18 15:45:12.639 I/flutter (15971): EPG: ensureChannelsLoadedBatch - no new channels to load (all already loaded or pending)
01-18 15:45:12.639 I/flutter (15971): LiveTV: Waiting for EPG (6222ms, batchLoading=true)
01-18 15:45:12.679 I/flutter (15971): LocalDbService: DB reopened successfully
01-18 15:45:12.679 I/flutter (15971): LocalDbService: DB reopened successfully
01-18 15:45:12.693 I/flutter (15971): EPG: Starting background parsing...
01-18 15:45:12.693 I/flutter (15971): EPG: Using 8884 cached EPG channel IDs for parsing
01-18 15:45:12.695 I/flutter (15971): EPG: Parsing full programs from 2026-01-17 15:45:12.693 to 2026-01-19 21:45:12.693
01-18 15:45:12.736 I/flutter (15971): LiveTV: _filterChannelsWithLoadedEpg returned 0 of 60 channels. EPG isLoading=true, availableChannels=4079, error=null, isDbReady=true
01-18 15:45:12.736 I/flutter (15971): EPG: ensureChannelsLoadedBatch called with 60 channels
01-18 15:45:12.839 I/wpa_sslib(15911): error_handler received : -16 - Unknown error -16
01-18 15:45:12.892 I/flutter (15971): EPG: ensureChannelsLoadedBatch - no new channels to load (all already loaded or pending)
01-18 15:45:12.892 I/flutter (15971): LiveTV: Waiting for EPG (6475ms, batchLoading=true)
01-18 15:45:12.902 I/flutter (15971): EPG: Batch timer fired, loading 97 channels
01-18 15:45:12.902 I/flutter (15971): EPG: _loadProgramsFromDbBatch called with 97 epgIds, dbReady=true, dbDisabled=false, suspendReads=true
01-18 15:45:12.902 I/flutter (15971): EPG: _loadProgramsFromDbBatch suspended (parsing in progress), timer will retry
01-18 15:45:13.403 I/flutter (15971): EPG: Batch timer retry after suspend, loading 97 channels
01-18 15:45:13.403 I/flutter (15971): EPG: _loadProgramsFromDbBatch called with 97 epgIds, dbReady=true, dbDisabled=false, suspendReads=true
01-18 15:45:13.403 I/flutter (15971): EPG: _loadProgramsFromDbBatch suspended (parsing in progress), timer will retry
01-18 15:45:14.044 I/wpa_sslib(15911): error_handler received : -16 - Unknown error -16
01-18 15:45:15.611 I/wpa_sslib(15911): error_handler received : -16 - Unknown error -16
01-18 15:45:15.970 I/flutter (15971): EPG: Loaded normalized mapping from file (8884 entries)
01-18 15:45:16.070 I/flutter (15971): LiveTV: _filterChannelsWithLoadedEpg returned 0 of 60 channels. EPG isLoading=true, availableChannels=4079, error=null, isDbReady=true
01-18 15:45:16.070 I/flutter (15971): EPG: ensureChannelsLoadedBatch called with 60 channels
01-18 15:45:16.169 I/flutter (15971): EPG: ensureChannelsLoadedBatch - no new channels to load (all already loaded or pending)
01-18 15:45:16.169 I/flutter (15971): LiveTV: Waiting for EPG (9753ms, batchLoading=true)
01-18 15:45:16.172 I/flutter (15971): EPG: DB programCount took 201ms
01-18 15:45:16.172 I/flutter (15971): EPG: Load already in progress, skipping concurrent request.
01-18 15:45:16.172 I/flutter (15971): EPG: Current day load finished in 201ms
01-18 15:45:16.172 I/flutter (15971): EPG: Loading remaining EPG days in background...
01-18 15:45:16.172 I/flutter (15971): EPG: Progressive init complete - URL: https://opop.pro/epNCvfgjsYe9JC, Available channels: 4079, Loaded channels: 18
01-18 15:45:16.205 I/flutter (15971): LiveTV: _filterChannelsWithLoadedEpg returned 0 of 60 channels. EPG isLoading=true, availableChannels=4079, error=null, isDbReady=true
01-18 15:45:16.205 I/flutter (15971): EPG: ensureChannelsLoadedBatch called with 60 channels
01-18 15:45:16.305 I/flutter (15971): EPG: ensureChannelsLoadedBatch - no new channels to load (all already loaded or pending)
01-18 15:45:16.305 I/flutter (15971): LiveTV: Waiting for EPG (9888ms, batchLoading=true)
01-18 15:45:16.673 I/flutter (15971): EPG: Load already in progress, skipping concurrent request.
01-18 15:45:16.673 I/flutter (15971): EPG: Background EPG load took 0ms
01-18 15:45:16.673 I/flutter (15971): EPG: ✓ Full EPG loaded in background
01-18 15:45:16.717 I/flutter (15971): LiveTV: _filterChannelsWithLoadedEpg returned 0 of 60 channels. EPG isLoading=true, availableChannels=4079, error=null, isDbReady=true
01-18 15:45:16.717 I/flutter (15971): EPG: ensureChannelsLoadedBatch called with 60 channels
01-18 15:45:16.811 I/flutter (15971): EPG: ensureChannelsLoadedBatch - no new channels to load (all already loaded or pending)
01-18 15:45:16.811 I/flutter (15971): LiveTV: Waiting for EPG (10394ms, batchLoading=true)
01-18 15:45:16.845 W/Auth    ( 4493): [ChimeraGetToken] exception while trying to fetch auth tokens for app=com.google.android.gms, scope=oauth2:https://www.googleapis.com/auth/googleplay [CONTEXT service_id=153 ]
01-18 15:45:16.845 W/GLSActivity( 4493): [GmsAccountAuthenticatorImpl] error status while fetching token:BadAuthentication
01-18 15:45:18.266 I/flutter (15971): EPG: UTF-8 parse failed (will retry with Latin1): XmlTagException: Missing </desc>
01-18 15:45:21.978 I/flutter (15971): EPG: Latin1 retry also failed: XmlTagException: Missing </desc>
01-18 15:45:21.979 I/flutter (15971): #0      _XmlWithParentEventsSink.close (package:xml/src/xml_events/streams/with_parent.dart:56)
01-18 15:45:21.979 I/flutter (15971): #1      _ConverterStreamEventSink.close (dart:convert/chunked_conversion.dart:79)
01-18 15:45:21.979 I/flutter (15971): #2      _SinkTransformerStreamSubscription._handleDone (dart:async/stream_transformers.dart:136)
01-18 15:45:21.979 I/flutter (15971): #3      _RootZone.runGuarded (dart:async/zone.dart:1766)
01-18 15:45:21.979 I/flutter (15971): #4      _BufferingStreamSubscription._sendDone.sendDone (dart:async/stream_impl.dart:434)
01-18 15:45:21.979 I/flutter (15971): #5      _BufferingStreamSubscription._sendDone (dart:async/stream_impl.dart:444)
01-18 15:45:21.979 I/flutter (15971): #6      _BufferingStreamSubscription._close (dart:async/stream_impl.dart:333)
01-18 15:45:21.979 I/flutter (15971): #7      _SinkTransformerStreamSubscription._close (dart:async/stream_transformers.dart:91)
01-18 15:45:21.979 I/flutter (15971): #8      _EventSinkWrapper.close (dart:async/stream_transformers.dart:21)
01-18 15:45:21.979 I/flutter (15971): #9      _XmlEventDecoderSink.close (package:xml/src/xml_events/converters/event_decoder.dart:138)
01-18 15:45:21.979 I/flutter (15971): #10     _ConverterStreamEventSink.close (dart:convert/chunked_conversion.dart:79)
01-18 15:45:21.979 I/flutter (15971): #11     _SinkTransformerStreamSubscription._handleDone (dart:async/stream_transformers.dart:136)
01-18 15:45:21.979 I/flutter (15971): #12     _RootZone.runGuarded (dart:async/zone.dart:1766)
01-18 15:45:21.979 I/flutter (15971): #13     _BufferingStreamSubscription._sendDone.sendDone (dart:async/stream_impl.dart:434)
01-18 15:45:21.979 I/flutter (15971): #14     _BufferingStreamSubscription._sendDone (dart:async/stream_impl.dart:444)
01-18 15:45:21.979 I/flutter (15971): #15     _BufferingStreamSubscription._close (dart:async/stream_impl.dart:333)
01-18 15:45:21.979 I/flutter (15971): #16     _SinkTransformerStreamSubscription._close (dart:async/stream_transformers.dart:91)
01-18 15:45:21.979 I/flutter (15971): #17     _EventSinkWrapper.close (dart:async/stream_transformers.dart:21)
01-18 15:45:21.979 I/flutter (15971): #18     IncrementalEpgService._parseEpgInIsolate.sanitizeXmlStream.<anonymous closure> (package:iptv_player/services/incremental_epg_service.dart:1941)
