01-18 15:41:12.435 E/ACDB    ( 1611): vendor/qcom/proprietary/args/acdb/src/acdb_command.c:AcdbCmdGetProcSubgraphCalDataPersist:8247 Error[19]: No calibration found
01-18 15:41:12.437 V/WindowManager( 2561):     startWCT=WindowContainerTransaction { changes= {} hops= [] errorCallbackToken=null taskFragmentOrganizer=null }
01-18 15:41:12.439 I/View    (20351): setRequestedFrameRate frameRate=NaN, this=android.view.View{ec04947 V.ED..... ........ 0,0-0,0}, caller=abf$$ExternalSyntheticApiModelOutline1.m:55 kwf.a:1 ktz.dispatchDraw:107 android.view.View.draw:26345 android.view.View.updateDisplayListIfDirty:25175 
01-18 15:41:12.640 I/View    (20351): setRequestedFrameRate frameRate=NaN, this=android.view.View{ec04947 V.ED..... ........ 0,0-0,0}, caller=abf$$ExternalSyntheticApiModelOutline1.m:55 kwf.a:1 ktz.dispatchDraw:107 android.view.View.draw:26345 android.view.View.updateDisplayListIfDirty:25175 
01-18 15:41:12.704 V/MmsProvider( 3928): checkQueryParametersForSubqueries checking proj: error
01-18 15:41:13.743 E/DatabaseUtils( 2561): Writing exception to parcel
01-18 15:41:13.743 E/DatabaseUtils( 2561): java.lang.SecurityException: com.jamworks.alwaysondisplay was not granted  this permission: android.permission.WRITE_SETTINGS.
01-18 15:41:13.744 E/DatabaseUtils( 2561): Writing exception to parcel
01-18 15:41:13.744 E/DatabaseUtils( 2561): java.lang.SecurityException: com.jamworks.alwaysondisplay was not granted  this permission: android.permission.WRITE_SETTINGS.
01-18 15:41:14.994 E/WifiStaIfaceAidlImpl( 2561): setScanMode failed with service-specific exception: android.os.ServiceSpecificException:  (code 4)
01-18 15:41:16.581 E/DatabaseUtils( 2561): Writing exception to parcel
01-18 15:41:16.581 E/DatabaseUtils( 2561): java.lang.SecurityException: com.jamworks.alwaysondisplay was not granted  this permission: android.permission.WRITE_SETTINGS.
01-18 15:41:16.581 E/DatabaseUtils( 2561): Writing exception to parcel
01-18 15:41:16.581 E/DatabaseUtils( 2561): java.lang.SecurityException: com.jamworks.alwaysondisplay was not granted  this permission: android.permission.WRITE_SETTINGS.
01-18 15:41:16.873 V/WindowManager( 2561):     startWCT=WindowContainerTransaction { changes= {} hops= [] errorCallbackToken=null taskFragmentOrganizer=null }
01-18 15:41:18.683 I/cr_OPArchivePublisher(32609): ADM threw while trying to remove a download. java.lang.IllegalArgumentException: input param 'ids' can't be null
01-18 15:41:18.940 D/LOWI-9.0.1.74( 2476): [LOWI-Scan] do_listen_events: Select Error return - -301
01-18 15:41:18.940 D/LOWI-9.0.1.74( 2476): [LOWI-Scan] No dump done. Error -301
01-18 15:41:19.012 I/SemWifiLinkQualityMonitor( 2561): L2TError: Disconnected, 25106240
01-18 15:41:19.202 I/NullBinder( 4493): NullBinder for android.net.action.RECOMMEND_NETWORKS triggering remote TransactionTooLargeException due to Service without Chimera impl, calling uid: 1000, calling pid: 0
01-18 15:41:19.202 W/resolv  ( 1551): SSL_connect ssl error =5, mark 0xf006a: Connection refused
01-18 15:41:19.204 E/WifiStaIfaceAidlImpl( 2561): stopRssiMonitoring failed with service-specific exception: android.os.ServiceSpecificException:  (code 5)
01-18 15:41:19.294 I/MobileWips::BSS(13110): CativePortal status : 0, isException : false
01-18 15:41:19.620 E/[GW_FMW_CS]( 9667): [STFManager] isFmmSupportedVersion: problem occurs android.content.pm.PackageManager$NameNotFoundException: com.samsung.android.oneconnect
01-18 15:41:19.620 W/System.err( 9667): android.content.pm.PackageManager$NameNotFoundException: com.samsung.android.oneconnect
01-18 15:41:19.694 I/SamsungAccount( 7660): [LocalBusinessException] Not Skip Name Validation by AppId
01-18 15:41:19.731 I/NullBinder( 4493): NullBinder for android.net.action.RECOMMEND_NETWORKS triggering remote TransactionTooLargeException due to Service without Chimera impl, calling uid: 1000, calling pid: 0
01-18 15:41:19.831 W/resolv  ( 1551): SSL_connect ssl error =5, mark 0xf006a: Connection refused
01-18 15:41:19.841 E/HQSession.cpp(24219): Connection closed with error err=Transport error: 1 msg=Error on socket write Network is unreachable, Operation not permitted proto=, client CID=, server CID=, local=<uninitialized address>, <uninitialized address>=upstream, drain=none
01-18 15:41:19.868 I/MobileWips::BSS(13110): CativePortal status : 0, isException : false
01-18 15:41:19.871 E/RunestoneSDK(12073): Bundle parsing error -> Not exist key : isCriticalUpdateNeeded for isCriticalUpdateNeeded
01-18 15:41:19.932 E/engmode_aidl_service( 1273): error to server(0xf02d0010)
01-18 15:41:20.009 E/netd    ( 1551): Error adding route 2603:7083:7800:277::/64 -> (null) wlan0 to table 1045: File exists
01-18 15:41:20.011 E/netd    ( 1551): Error adding route ::/0 -> fe80::6e99:61ff:fed3:5a1a wlan0 to table 1045: File exists
01-18 15:41:20.013 E/netd    ( 1551): Error adding route 2603:7083:7800:277::/64 -> fe80::6e99:61ff:fed3:5a1a wlan0 to table 1045: File exists
01-18 15:41:20.053 W/resolv  ( 1551): SSL_connect ssl error =5, mark 0xf006a: Connection refused
01-18 15:41:20.095 W/resolv  ( 1551): SSL_connect ssl error =5, mark 0xf006a: Connection refused
01-18 15:41:20.180 E/msgr.msys(24219): E[N mns]_LogError(228)=>Failed to resolve using system DNS resolver, getaddrinfo(): No address associated with hostname
01-18 15:41:20.184 E/msgr.msys(24219): E[N mns]_LogError(228)=>Failed to resolve using system DNS resolver, getaddrinfo(): No address associated with hostname
01-18 15:41:20.190 W/Auth    ( 4493): [ChimeraGetToken] exception while trying to fetch auth tokens for app=com.google.android.gms, scope=oauth2:https://www.googleapis.com/auth/googleplay [CONTEXT service_id=153 ]
01-18 15:41:20.190 W/GLSActivity( 4493): [GmsAccountAuthenticatorImpl] error status while fetching token:BadAuthentication
01-18 15:41:20.202 E/Finsky  ( 3649): network time: 28, HTTP status code: na, exception com.android.volley.AuthFailureError: User needs to (re)enter credentials.
01-18 15:41:20.202 E/Finsky  ( 3649): Caused by: com.android.volley.AuthFailureError: User needs to (re)enter credentials.
01-18 15:41:20.211 E/Finsky  ( 3649): com.google.android.finsky.unifiedsync.SyncExceptions$SyncCompositeException: CompositeException occurred containing 1 exception(s), unique errors: [Sync failed for account: [mhLyBdwtW1WcxI3bPsJJXMjcwOg2AY2mv8E2Pa7boOI], payloads: [27, 26, 30, 38, 6, 35, 37, 43], and cause: User needs to (re)enter credentials.]
01-18 15:41:20.211 E/Finsky  ( 3649): Caused by: com.google.android.finsky.unifiedsync.SyncExceptions$WrappedSyncException: Sync failed for account: [mhLyBdwtW1WcxI3bPsJJXMjcwOg2AY2mv8E2Pa7boOI], payloads: [27, 26, 30, 38, 6, 35, 37, 43], and cause: User needs to (re)enter credentials.
01-18 15:41:20.211 E/Finsky  ( 3649): Caused by: network time: 28, HTTP status code: na, exception com.android.volley.AuthFailureError: User needs to (re)enter credentials.
01-18 15:41:20.211 E/Finsky  ( 3649): Caused by: com.android.volley.AuthFailureError: User needs to (re)enter credentials.
01-18 15:41:20.216 E/Finsky  ( 3649): com.google.android.finsky.unifiedsync.SyncExceptions$SyncCompositeException: CompositeException occurred containing 1 exception(s), unique errors: [Sync failed for account: [mhLyBdwtW1WcxI3bPsJJXMjcwOg2AY2mv8E2Pa7boOI], payloads: [27, 26, 30, 38, 6, 35, 37, 43], and cause: User needs to (re)enter credentials.]
01-18 15:41:20.216 E/Finsky  ( 3649): Caused by: com.google.android.finsky.unifiedsync.SyncExceptions$WrappedSyncException: Sync failed for account: [mhLyBdwtW1WcxI3bPsJJXMjcwOg2AY2mv8E2Pa7boOI], payloads: [27, 26, 30, 38, 6, 35, 37, 43], and cause: User needs to (re)enter credentials.
01-18 15:41:20.216 E/Finsky  ( 3649): Caused by: network time: 28, HTTP status code: na, exception com.android.volley.AuthFailureError: User needs to (re)enter credentials.
01-18 15:41:20.216 E/Finsky  ( 3649): Caused by: com.android.volley.AuthFailureError: User needs to (re)enter credentials.
01-18 15:41:20.216 E/Finsky  ( 3649): [84] [SIM] Error refreshing carrier properties
01-18 15:41:20.216 E/Finsky  ( 3649): com.google.android.finsky.unifiedsync.SyncExceptions$SyncCompositeException: CompositeException occurred containing 1 exception(s), unique errors: [Sync failed for account: [mhLyBdwtW1WcxI3bPsJJXMjcwOg2AY2mv8E2Pa7boOI], payloads: [27, 26, 30, 38, 6, 35, 37, 43], and cause: User needs to (re)enter credentials.]
01-18 15:41:20.216 E/Finsky  ( 3649): Caused by: com.google.android.finsky.unifiedsync.SyncExceptions$WrappedSyncException: Sync failed for account: [mhLyBdwtW1WcxI3bPsJJXMjcwOg2AY2mv8E2Pa7boOI], payloads: [27, 26, 30, 38, 6, 35, 37, 43], and cause: User needs to (re)enter credentials.
01-18 15:41:20.216 E/Finsky  ( 3649): Caused by: network time: 28, HTTP status code: na, exception com.android.volley.AuthFailureError: User needs to (re)enter credentials.
01-18 15:41:20.216 E/Finsky  ( 3649): Caused by: com.android.volley.AuthFailureError: User needs to (re)enter credentials.
01-18 15:41:20.229 D/d       (13417): ExceptionHandlerManager not explicitly initialized, using default mode
01-18 15:41:20.229 D/d       (13417): initializing exception handler manager, prioritized=true
01-18 15:41:20.262 W/SQLiteLog(13417): (28) failed to open "/data/data/com.facebook.appmanager/databases/androidx.work.workdb" with flag (163842) and mode_t (0) due to error (2)
01-18 15:41:20.262 W/SQLiteLog(13417): (28) failed to open "/data/data/com.facebook.appmanager/databases/androidx.work.workdb" with flag (163840) and mode_t (0) due to error (2)
01-18 15:41:20.262 E/SQLiteLog(13417): (1) osStat failed "/data/data/com.facebook.appmanager/databases/androidx.work.workdb" due to error (2)
01-18 15:41:20.264 E/SQLiteDatabase(13417): android.database.sqlite.SQLiteCantOpenDatabaseException: Cannot open database [unable to open database file (code 1806 SQLITE_CANTOPEN_ENOENT[1806]): No such file or directory] '/data/user/0/com.facebook.appmanager/databases/androidx.work.workdb' with flags 0x0: File /data/user/0/com.facebook.appmanager/databases/androidx.work.workdb doesn't exist
01-18 15:41:20.264 E/SQLiteDatabase(13417): Caused by: android.database.sqlite.SQLiteCantOpenDatabaseException: unable to open database file (code 1806 SQLITE_CANTOPEN_ENOENT[1806]): No such file or directory
01-18 15:41:20.277 E/WifiRouterInfoCollector( 2561): runHttpGet url: https://192.168.1.1/ - HttpURLConnection failed with exception javax.net.ssl.SSLHandshakeException: java.security.cert.CertPathValidatorException: Trust anchor for certification path not found.
01-18 15:41:20.597 W/Conscrypt( 4493): Could not set socket write timeout: java.net.SocketException: Socket closed
01-18 15:41:20.641 E/GoogleApiManager(13430): java.lang.SecurityException: Unknown calling package name 'com.google.android.gms'.
01-18 15:41:20.641 E/GoogleApiManager(13430): 	at android.os.Parcel.createExceptionOrNull(Parcel.java:3354)
01-18 15:41:20.641 E/GoogleApiManager(13430): 	at android.os.Parcel.createException(Parcel.java:3338)
01-18 15:41:20.641 E/GoogleApiManager(13430): 	at android.os.Parcel.readException(Parcel.java:3321)
01-18 15:41:20.641 E/GoogleApiManager(13430): 	at android.os.Parcel.readException(Parcel.java:3263)
01-18 15:41:20.642 W/GoogleApiManager(13430): Not showing notification since connectionResult is not user-facing: ConnectionResult{statusCode=DEVELOPER_ERROR, resolution=null, message=null, clientMethodKey=null}
01-18 15:41:20.644 W/FlagRegistrar(13430): fwfk: 17: 17: API: Phenotype.API is not available on this device. Connection failed with: ConnectionResult{statusCode=DEVELOPER_ERROR, resolution=null, message=null, clientMethodKey=null}
01-18 15:41:20.644 W/FlagRegistrar(13430): Caused by: bckm: 17: API: Phenotype.API is not available on this device. Connection failed with: ConnectionResult{statusCode=DEVELOPER_ERROR, resolution=null, message=null, clientMethodKey=null}
01-18 15:41:20.665 W/Conscrypt( 4493): Could not set socket write timeout: java.net.SocketException: Socket closed
01-18 15:41:20.712 W/Auth    ( 4493): [ChimeraGetToken] exception while trying to fetch auth tokens for app=com.google.android.syncadapters.calendar, scope=oauth2:https://www.googleapis.com/auth/tasks [CONTEXT service_id=153 ]
01-18 15:41:20.713 W/Auth    (13430): [GoogleAuthUtil] [GoogleAuthUtil] error status:BAD_AUTHENTICATION with method:getTokenWithDetails
01-18 15:41:20.714 I/c.aoit  (13430): Received sync error; type=CLIENT_AUTH_ERROR, latencyMs=163
01-18 15:41:21.032 W/Auth    ( 4493): [ChimeraGetToken] exception while trying to fetch auth tokens for app=com.google.android.syncadapters.calendar, scope=oauth2:https://www.googleapis.com/auth/notifications [CONTEXT service_id=153 ]
01-18 15:41:21.032 W/Auth    (13430): [GoogleAuthUtil] [GoogleAuthUtil] error status:BAD_AUTHENTICATION with method:getTokenWithDetails
01-18 15:41:21.470 E/QuicConnectionCloser( 2561): [SkDestroyListener] ERROR readPacket error: : read failed: ENOBUFS (No buffer space available)
01-18 15:41:21.470 E/QuicConnectionCloser( 2561): android.system.ErrnoException: read failed: ENOBUFS (No buffer space available)
01-18 15:41:21.602 E/QuicConnectionCloser( 2561): [SkDestroyListener] ERROR readPacket error: : read failed: ENOBUFS (No buffer space available)
01-18 15:41:21.602 E/QuicConnectionCloser( 2561): android.system.ErrnoException: read failed: ENOBUFS (No buffer space available)
01-18 15:41:21.620 W/ResponseHandler( 6735): IOException occurred on response
01-18 15:41:21.622 E/ResponseHandler( 6735): com.amazon.alexa.client.alexaservice.networking.response.parser.AlexaMultipartStream$MalformedStreamException: Stream ended unexpectedly
01-18 15:41:21.622 E/ResponseHandler( 6735): 	at com.amazon.alexa.utils.concurrent.ExceptionLoggingScheduledThreadPoolExecutor$NamedTaskFuture.run(Unknown Source:2)
01-18 15:41:21.629 E/rustpush::aps(15063): Failed to read message from APS with error IO error: Software caused connection abort (os error 103)
01-18 15:41:21.643 I/DGW     (11708): I[notifyStreamGroupError:1768] StreamGroupTransport[notifgateway] notify StreamGroup error: Error Domain=MNSSecureTCP Code=0 UserInfo=0xb4000078c0501230 {MCFErrorDirectLocalizedFailureReasonKey=mbedtls_ssl_read(): NET - Reading information from the socket failed (-0x004C), error = Software caused connection abort}
01-18 15:41:21.645 I/SystemCapabilityAgent( 6735): Not reporting ExceptionEncountered event due to empty directive
01-18 15:41:21.647 D/GmsGcmMcsSvc(22776): I/O error: java.net.SocketException: Software caused connection abort
01-18 15:41:21.665 D/GmsGcmMcsSvc(22776): Teardown initiated, reason: java.net.SocketException: Software caused connection abort
01-18 15:41:21.696 W/GnpBase (13430): com.google.android.gms.auth.UserRecoverableAuthException: BadAuthentication
01-18 15:41:22.029 I/NullBinder( 4493): NullBinder for android.net.action.RECOMMEND_NETWORKS triggering remote TransactionTooLargeException due to Service without Chimera impl, calling uid: 1000, calling pid: 0
01-18 15:41:22.045 W/Bundle  (13781): Attempt to cast generated internal exception:
01-18 15:41:22.045 W/Bundle  (13781): java.lang.ClassCastException: Cannot cast com.samsung.euicc.lib.message.ListProfileInfo to com.samsung.euicc.lib.message.Response
01-18 15:41:22.750 I/vendor.rmt_storage( 1745): wakelock acquired: 1, error no: 11
01-18 15:41:22.762 I/vendor.rmt_storage( 1745): rmt_storage_client_thread: /boot/modem_fs1: About to block rmt_storage client thread (th_id: 534673632384) wakelock released: 1, error no: 0
01-18 15:41:27.384 I/BugleNetwork(20351): TACHYON_REGISTRATION_TYPE_GDITTO BindHandler: Cancelling stream due to pong timeout, will trigger onError and may retry
01-18 15:41:27.400 W/BugleNetwork(20351): TACHYON_REGISTRATION_TYPE_GDITTO BindHandler: onError triggered due to pong watchdog timeout
01-18 15:41:27.991 W/BugleNetwork(20351): TACHYON_REGISTRATION_TYPE_PHONE_NUMBER BindHandler: onError status: Status{code=UNAVAILABLE, description=null, cause=fysk: Exception in BidirectionalStream: net::ERR_QUIC_PROTOCOL_ERROR, ErrorCode=10, InternalErrorCode=-356, Retryable=false, QuicDetailedErrorCode=27, Source=2
01-18 15:41:27.991 W/BugleNetwork(20351): 	at org.chromium.net.impl.CronetBidirectionalStream.onError(PG:48)
01-18 15:41:27.991 W/BugleNetwork(20351): Caused by: fysk: Exception in BidirectionalStream: net::ERR_QUIC_PROTOCOL_ERROR, ErrorCode=10, InternalErrorCode=-356, Retryable=false, QuicDetailedErrorCode=27, Source=2
01-18 15:41:27.991 W/BugleNetwork(20351): 	at org.chromium.net.impl.CronetBidirectionalStream.onError(PG:48)
01-18 15:41:29.599 W/Auth    ( 4493): [ChimeraGetToken] exception while trying to fetch auth tokens for app=com.google.android.gms, scope=oauth2:https://www.googleapis.com/auth/googleplay [CONTEXT service_id=153 ]
01-18 15:41:29.599 W/GLSActivity( 4493): [GmsAccountAuthenticatorImpl] error status while fetching token:BadAuthentication
01-18 15:41:29.653 E/chromium(32609): [ERROR:chrome/browser/thumbnail/generator/image_thumbnail_request.cc:39] Unexpected file size: content://media/external/downloads/1000137847, 17155028
01-18 15:41:30.649 E/GoogleApiManager(13430): java.lang.SecurityException: Unknown calling package name 'com.google.android.gms'.
01-18 15:41:30.649 E/GoogleApiManager(13430): 	at android.os.Parcel.createExceptionOrNull(Parcel.java:3354)
01-18 15:41:30.649 E/GoogleApiManager(13430): 	at android.os.Parcel.createException(Parcel.java:3338)
01-18 15:41:30.649 E/GoogleApiManager(13430): 	at android.os.Parcel.readException(Parcel.java:3321)
01-18 15:41:30.649 E/GoogleApiManager(13430): 	at android.os.Parcel.readException(Parcel.java:3263)
01-18 15:41:30.650 W/GoogleApiManager(13430): Not showing notification since connectionResult is not user-facing: ConnectionResult{statusCode=DEVELOPER_ERROR, resolution=null, message=null, clientMethodKey=null}
01-18 15:41:32.377 I/wpa_sslib(13100): error_handler received : -16 - Unknown error -16
01-18 15:41:43.695 W/WearableConn( 4493): Failed to connect, error: read failed, socket might closed or timeout, read ret: -1
01-18 15:41:47.654 D/SLocation( 2561): ARDistanceLibManager - command callback received - CURRENT_LOCATION_REQUEST_DISTANCE ERROR CODE : ERROR_NONE
01-18 15:41:47.668 D/SLocation( 2561): CommonCoreManager - handleCommandCallback - FUNC_TYPE : SET_LOCATION  ERROR_CODE : ERROR_NONE
01-18 15:41:56.675 E/LocSvc_APIClientBase( 1620): onResponseCb:996] ERROR: 5 ID: 205
01-18 15:41:56.697 I/XoFrequencyErrorDetector_FLP( 5286): updateData, GOOD,3,0
01-18 15:41:59.484 V/WindowManager( 2561):     startWCT=WindowContainerTransaction { changes= {} hops= [] errorCallbackToken=null taskFragmentOrganizer=null }
01-18 15:41:59.663 D/SLocation( 2561): ARDistanceLibManager - command callback received - CURRENT_LOCATION_REQUEST_DISTANCE ERROR CODE : ERROR_NONE
01-18 15:41:59.666 D/SLocation( 2561): CommonCoreManager - handleCommandCallback - FUNC_TYPE : SET_LOCATION  ERROR_CODE : ERROR_NONE
01-18 15:42:00.231 V/WindowManager( 2561):     startWCT=WindowContainerTransaction { changes= {} hops= [] errorCallbackToken=null taskFragmentOrganizer=null }
01-18 15:42:03.789 W/Auth    ( 4493): [ChimeraGetToken] exception while trying to fetch auth tokens for app=com.google.android.gms, scope=oauth2:https://www.googleapis.com/auth/googleplay [CONTEXT service_id=153 ]
01-18 15:42:03.789 W/GLSActivity( 4493): [GmsAccountAuthenticatorImpl] error status while fetching token:BadAuthentication
01-18 15:42:07.391 I/BugleNetwork(20351): TACHYON_REGISTRATION_TYPE_GDITTO BindHandler: Cancelling stream intentionally. onError will be called but no-op
01-18 15:42:07.462 I/BugleNetwork(20351): TACHYON_REGISTRATION_TYPE_GDITTO BindHandler: onError is called with IntendedStreamCloseException. No-op.
01-18 15:42:18.413 V/WindowManager( 2561):     startWCT=WindowContainerTransaction { changes= {} hops= [] errorCallbackToken=null taskFragmentOrganizer=null }
01-18 15:42:18.438 I/NearbySharing( 4493): java.lang.InterruptedException
01-18 15:42:18.665 I/BugleNetwork(20351): TACHYON_REGISTRATION_TYPE_PHONE_NUMBER BindHandler: Cancelling stream intentionally. onError will be called but no-op
01-18 15:42:18.676 I/BugleNetwork(20351): TACHYON_REGISTRATION_TYPE_PHONE_NUMBER BindHandler: onError is called with IntendedStreamCloseException. No-op.
01-18 15:42:23.969 V/WindowManager( 2561):     startWCT=WindowContainerTransaction { changes= {} hops= [] errorCallbackToken=null taskFragmentOrganizer=null }
01-18 15:42:25.742 V/WindowManager( 2561):     startWCT=WindowContainerTransaction { changes= {} hops= [] errorCallbackToken=null taskFragmentOrganizer=null }
01-18 15:42:25.911 E/chromium(32609): [ERROR:chrome/browser/thumbnail/generator/image_thumbnail_request.cc:84] Failed to decode image.
01-18 15:42:29.048 E/NearbyMediums( 4493): MEDIUM_ERROR [SYSTEM][WIFI_LAN][START_LISTENING_INCOMING_CONNECTION][ACCEPT_CONNECTION_FAILED][SOCKET_CLOSED], service-id=NearbySharing
01-18 15:42:32.051 E/DatabaseUtils( 6771): Writing exception to parcel
01-18 15:42:32.051 E/DatabaseUtils( 6771): java.lang.UnsupportedOperationException: Unsupported call: android:deleteDocument
01-18 15:42:32.052 W/DocumentsContract(32609): java.lang.UnsupportedOperationException: Unsupported call: android:deleteDocument
01-18 15:42:32.052 W/DocumentsContract(32609): 	at android.database.DatabaseUtils.readExceptionFromParcel(DatabaseUtils.java:185)
01-18 15:42:32.052 W/DocumentsContract(32609): 	at android.database.DatabaseUtils.readExceptionFromParcel(DatabaseUtils.java:153)
01-18 15:42:32.535 V/WindowManager( 2561):     startWCT=WindowContainerTransaction { changes= {} hops= [] errorCallbackToken=null taskFragmentOrganizer=null }
01-18 15:42:32.694 E/DatabaseUtils( 2561): Writing exception to parcel
01-18 15:42:32.694 E/DatabaseUtils( 2561): java.lang.SecurityException: com.jamworks.alwaysondisplay was not granted  this permission: android.permission.WRITE_SETTINGS.
01-18 15:42:32.695 E/DatabaseUtils( 2561): Writing exception to parcel
01-18 15:42:32.695 E/DatabaseUtils( 2561): java.lang.SecurityException: com.jamworks.alwaysondisplay was not granted  this permission: android.permission.WRITE_SETTINGS.
01-18 15:42:32.762 V/WindowManager( 2561):     startWCT=WindowContainerTransaction { changes= {} hops= [] errorCallbackToken=null taskFragmentOrganizer=null }
01-18 15:42:32.876 W/Auth    ( 4493): [ChimeraGetToken] exception while trying to fetch auth tokens for app=com.google.android.gms, scope=oauth2:https://www.googleapis.com/auth/cclog [CONTEXT service_id=153 ]
01-18 15:42:32.876 W/Auth    ( 4493): [GoogleAuthUtil] [GoogleAuthUtil] error status:BAD_AUTHENTICATION with method:getTokenWithDetails
01-18 15:42:32.877 I/CCTUploader( 4493): Failed to get auth token due to class com.google.android.gms.auth.UserRecoverableAuthException
01-18 15:42:33.180 W/Auth    ( 4493): [ChimeraGetToken] exception while trying to fetch auth tokens for app=com.google.android.gms, scope=oauth2:https://www.googleapis.com/auth/cclog [CONTEXT service_id=153 ]
01-18 15:42:33.181 W/Auth    ( 4493): [GoogleAuthUtil] [GoogleAuthUtil] error status:BAD_AUTHENTICATION with method:getTokenWithDetails
01-18 15:42:33.181 I/CCTUploader( 4493): Failed to get auth token due to class com.google.android.gms.auth.UserRecoverableAuthException
01-18 15:42:33.187 W/Auth    ( 4493): [ChimeraGetToken] exception while trying to fetch auth tokens for app=com.google.android.gms, scope=oauth2:https://www.googleapis.com/auth/cclog [CONTEXT service_id=153 ]
01-18 15:42:33.187 W/Auth    ( 4493): [GoogleAuthUtil] [GoogleAuthUtil] error status:BAD_AUTHENTICATION with method:getTokenWithDetails
01-18 15:42:33.187 I/CCTUploader( 4493): Failed to get auth token due to class com.google.android.gms.auth.UserRecoverableAuthException
01-18 15:42:33.706 W/Auth    ( 4493): [ChimeraGetToken] exception while trying to fetch auth tokens for app=com.google.android.gms, scope=oauth2:https://www.googleapis.com/auth/cclog [CONTEXT service_id=153 ]
01-18 15:42:33.706 W/Auth    ( 4493): [GoogleAuthUtil] [GoogleAuthUtil] error status:BAD_AUTHENTICATION with method:getTokenWithDetails
01-18 15:42:33.706 I/CCTUploader( 4493): Failed to get auth token due to class com.google.android.gms.auth.UserRecoverableAuthException
01-18 15:42:34.036 W/Auth    ( 4493): [ChimeraGetToken] exception while trying to fetch auth tokens for app=com.google.android.gms, scope=oauth2:https://www.googleapis.com/auth/cclog [CONTEXT service_id=153 ]
01-18 15:42:34.036 W/Auth    ( 4493): [GoogleAuthUtil] [GoogleAuthUtil] error status:BAD_AUTHENTICATION with method:getTokenWithDetails
01-18 15:42:34.036 I/CCTUploader( 4493): Failed to get auth token due to class com.google.android.gms.auth.UserRecoverableAuthException
01-18 15:42:34.679 W/Auth    ( 4493): [ChimeraGetToken] exception while trying to fetch auth tokens for app=com.google.android.gms, scope=oauth2:https://www.googleapis.com/auth/cclog [CONTEXT service_id=153 ]
01-18 15:42:34.679 W/Auth    ( 4493): [GoogleAuthUtil] [GoogleAuthUtil] error status:BAD_AUTHENTICATION with method:getTokenWithDetails
01-18 15:42:34.679 I/CCTUploader( 4493): Failed to get auth token due to class com.google.android.gms.auth.UserRecoverableAuthException
01-18 15:42:34.693 W/Auth    ( 4493): [ChimeraGetToken] exception while trying to fetch auth tokens for app=com.google.android.gms, scope=oauth2:https://www.googleapis.com/auth/cclog [CONTEXT service_id=153 ]
01-18 15:42:34.693 W/Auth    ( 4493): [GoogleAuthUtil] [GoogleAuthUtil] error status:BAD_AUTHENTICATION with method:getTokenWithDetails
01-18 15:42:34.693 I/CCTUploader( 4493): Failed to get auth token due to class com.google.android.gms.auth.UserRecoverableAuthException
01-18 15:42:34.709 W/Auth    ( 4493): [ChimeraGetToken] exception while trying to fetch auth tokens for app=com.google.android.gms, scope=oauth2:https://www.googleapis.com/auth/cclog [CONTEXT service_id=153 ]
01-18 15:42:34.709 W/Auth    ( 4493): [GoogleAuthUtil] [GoogleAuthUtil] error status:BAD_AUTHENTICATION with method:getTokenWithDetails
01-18 15:42:34.709 I/CCTUploader( 4493): Failed to get auth token due to class com.google.android.gms.auth.UserRecoverableAuthException
01-18 15:42:44.377 E/SemSupplicantStaIfaceHalAidlImpl( 2561): ISehSupplicantStaIface.setExtendedCommand failed with service specific exception: 
01-18 15:42:44.377 E/SemSupplicantStaIfaceHalAidlImpl( 2561): android.os.ServiceSpecificException:  (code 3)
01-18 15:42:44.377 E/SemSupplicantStaIfaceHalAidlImpl( 2561): 	at android.os.Parcel.createExceptionOrNull(Parcel.java:3368)
01-18 15:42:44.377 E/SemSupplicantStaIfaceHalAidlImpl( 2561): 	at android.os.Parcel.createException(Parcel.java:3338)
01-18 15:42:44.377 E/SemSupplicantStaIfaceHalAidlImpl( 2561): 	at android.os.Parcel.readException(Parcel.java:3321)
01-18 15:42:44.377 E/SemSupplicantStaIfaceHalAidlImpl( 2561): 	at android.os.Parcel.readException(Parcel.java:3263)
01-18 15:42:44.386 W/ActivityManager( 2561): pid 2561 system sent binder code 6 with flags 0 to frozen apps and got error -32
01-18 15:42:44.387 E/SemSupplicantStaIfaceHalAidlImpl( 2561): ISehSupplicantStaIface.getExtendedInformation failed with remote exception: 
01-18 15:42:44.387 E/SemSupplicantStaIfaceHalAidlImpl( 2561): android.os.DeadObjectException
01-18 15:42:44.396 E/WifiStaIfaceAidlImpl( 2561): stopRssiMonitoring failed with service-specific exception: android.os.ServiceSpecificException:  (code 5)
01-18 15:42:44.429 E/rustpush::aps(15063): Failed to read message from APS with error IO error: Software caused connection abort (os error 103)
01-18 15:42:44.430 V/NativeCrypto( 4493): Read error: ssl=0xb4000078704b1818: I/O error during system call, Software caused connection abort
01-18 15:42:44.434 W/ResponseHandler( 6735): IOException occurred on response
01-18 15:42:44.435 E/ResponseHandler( 6735): com.amazon.alexa.client.alexaservice.networking.response.parser.AlexaMultipartStream$MalformedStreamException: Stream ended unexpectedly
01-18 15:42:44.435 E/ResponseHandler( 6735): 	at com.amazon.alexa.utils.concurrent.ExceptionLoggingScheduledThreadPoolExecutor$NamedTaskFuture.run(Unknown Source:2)
01-18 15:42:44.435 I/SystemCapabilityAgent( 6735): Not reporting ExceptionEncountered event due to empty directive
01-18 15:42:44.440 E/[GW_FMW_CS]( 9667): [STFManager] isFmmSupportedVersion: problem occurs android.content.pm.PackageManager$NameNotFoundException: com.samsung.android.oneconnect
01-18 15:42:44.440 W/System.err( 9667): android.content.pm.PackageManager$NameNotFoundException: com.samsung.android.oneconnect
01-18 15:42:44.459 V/NativeCrypto( 4493): SSL shutdown failed: ssl=0xb4000078704b1818: I/O error during system call, Broken pipe
01-18 15:42:44.460 V/NativeCrypto(13430): Read error: ssl=0xb4000078704aebd8: I/O error during system call, Software caused connection abort
01-18 15:42:44.461 V/NativeCrypto(13430): Write error: ssl=0xb4000078704aebd8: I/O error during system call, Broken pipe
01-18 15:42:44.461 V/NativeCrypto(13430): Write error: ssl=0xb4000078704aebd8: I/O error during system call, Broken pipe
01-18 15:42:44.462 V/NativeCrypto(13430): SSL shutdown failed: ssl=0xb4000078704aebd8: I/O error during system call, Success
01-18 15:42:44.464 I/DGW     (11708): I[notifyStreamGroupError:1768] StreamGroupTransport[notifgateway] notify StreamGroup error: Error Domain=MNSSecureTCP Code=0 UserInfo=0xb4000078c058e4a0 {MCFErrorDirectLocalizedFailureReasonKey=mbedtls_ssl_read(): NET - Reading information from the socket failed (-0x004C), error = Software caused connection abort}
01-18 15:42:44.465 V/NativeCrypto( 4493): Read error: ssl=0xb4000078704c1358: I/O error during system call, Software caused connection abort
01-18 15:42:44.466 E/WifiStaIfaceAidlImpl( 2561): setScanMode failed with service-specific exception: android.os.ServiceSpecificException:  (code 4)
01-18 15:42:44.476 D/GmsGcmMcsSvc(22776): I/O error: java.net.SocketException: Software caused connection abort
01-18 15:42:44.478 V/NativeCrypto( 4493): Write error: ssl=0xb4000078704c1358: I/O error during system call, Broken pipe
01-18 15:42:44.482 V/NativeCrypto( 4493): SSL shutdown failed: ssl=0xb4000078704c1358: I/O error during system call, Success
01-18 15:42:44.486 D/GmsGcmMcsSvc(22776): Teardown initiated, reason: java.net.SocketException: Software caused connection abort
01-18 15:42:44.533 W/System.err( 2561): java.lang.InterruptedException
01-18 15:42:44.540 W/cr_ContextualSearch(32609): !isIncognito: true getFirstRunFlowComplete: true !isContextualSearchDisabled: true isDefaultSearchEngineGoogle: true !needToCheckForSearchEnginePromo: true !isRunningInCompatibilityMode: true !isShowingErrorPage: true isDeviceOnline: false
01-18 15:42:44.653 E/EstablishDownchannelChain( 6735): Downchannel failed to establish. Event type: IO_EXCEPTION, Event response code: null
01-18 15:42:44.841 I/cr_OPArchivePublisher(32609): ADM threw while trying to remove a download. java.lang.IllegalArgumentException: input param 'ids' can't be null
01-18 15:42:44.904 E/netd    ( 1551): Error adding route ::/0 -> fe80::2 rmnet_data0 to table 1049: File exists
01-18 15:42:45.010 E/[GW_FMW_CS]( 9667): [STFManager] isFmmSupportedVersion: problem occurs android.content.pm.PackageManager$NameNotFoundException: com.samsung.android.oneconnect
01-18 15:42:45.010 W/System.err( 9667): android.content.pm.PackageManager$NameNotFoundException: com.samsung.android.oneconnect
01-18 15:42:45.394 E/engmode_aidl_service( 1273): error to server(0xf02d0010)
01-18 15:42:45.606 W/Conscrypt( 4493): Could not set socket write timeout: java.net.SocketException: Socket closed
01-18 15:42:45.671 W/Conscrypt( 4493): Could not set socket write timeout: java.net.SocketException: Socket closed
01-18 15:42:47.444 E/rustpush::aps(15063): failed to connect to socket IO error: failed to lookup address information: No address associated with hostname!
01-18 15:42:47.447 D/rustpush::util(15063): Resource APS IO error: failed to lookup address information: No address associated with hostname
01-18 15:42:48.050 D/SLocation( 2561): ARDistanceLibManager - command callback received - CURRENT_LOCATION_REQUEST_DISTANCE ERROR CODE : ERROR_NONE
01-18 15:42:48.051 D/SLocation( 2561): CommonCoreManager - handleCommandCallback - FUNC_TYPE : SET_LOCATION  ERROR_CODE : ERROR_NONE
01-18 15:42:59.654 E/LocSvc_APIClientBase( 1620): onResponseCb:996] ERROR: 5 ID: 206
01-18 15:42:59.668 I/XoFrequencyErrorDetector_FLP( 5286): updateData, GOOD,3,0
01-18 15:43:01.689 D/SLocation( 2561): ARDistanceLibManager - command callback received - CURRENT_LOCATION_REQUEST_DISTANCE ERROR CODE : ERROR_NONE
01-18 15:43:01.690 D/SLocation( 2561): CommonCoreManager - handleCommandCallback - FUNC_TYPE : SET_LOCATION  ERROR_CODE : ERROR_NONE
01-18 15:43:14.763 E/RunestoneSDK(12073): Bundle parsing error -> Not exist key : isCriticalUpdateNeeded for isCriticalUpdateNeeded
01-18 15:43:14.959 W/resolv  ( 1551): SSL_connect write error 0, mark 0xf006b: Try again
01-18 15:43:14.959 W/resolv  ( 1551): SSL_connect write error 0, mark 0xf006b: Try again
01-18 15:43:14.972 W/resolv  ( 1551): SSL_connect write error 0, mark 0xf006b: Try again
01-18 15:43:26.820 V/WindowManagerShell( 4166): Directly starting a new transition type=TO_FRONT wct=WindowContainerTransaction { changes= {} hops= [{pendingIntent: options=Bundle[{android.activity.splashScreenStyle=-1, android.activity.sourceInfo=Supplier{VAL_PARCELABLE@148+104}, android:activity.isMlLaunch=-1, android.activity.splitTaskDeferResume=false, android.pendingIntent.backgroundActivityAllowed=1, android:activity.isActiveLaunch=false, android.activity.launchTypeDnD=false, android:activity.startedFromWindowTypeLauncher=false, android.activity.launchDisplayId=0, android:activity.unhandledDropLaunch=false, android:activity.launchInFocusedStageRoot=false, android:activity.animAbortListener=null, android.activity.disableSplashScreen=false, android.activity.startAssistantActivity=false, android.activity.applySystemModalPolicy=false, android:activity.applyBigFreeformSize=false, android:activity.activityEmbeddedPlaceholder=false, android.activity.enterPipWhileLaunching=false, android.activity.splitPosition=0, android.activity.preserveTaskWindowingMode=false, android:activity.enterSplitSideWithAdjacentFlag=0, android.activity.transientLaunch=true}]}] errorCallbackToken=null taskFragmentOrganizer=null } handler=com.android.wm.shell.recents.RecentsTransitionHandler@e925a0
01-18 15:43:26.821 I/WindowOrganizer( 4166): startNewTransition, type=3, t=WindowContainerTransaction { changes= {} hops= [{pendingIntent: options=Bundle[{android.activity.splashScreenStyle=-1, android.activity.sourceInfo=Supplier{VAL_PARCELABLE@148+104}, android:activity.isMlLaunch=-1, android.activity.splitTaskDeferResume=false, android.pendingIntent.backgroundActivityAllowed=1, android:activity.isActiveLaunch=false, android.activity.launchTypeDnD=false, android:activity.startedFromWindowTypeLauncher=false, android.activity.launchDisplayId=0, android:activity.unhandledDropLaunch=false, android:activity.launchInFocusedStageRoot=false, android:activity.animAbortListener=null, android.activity.disableSplashScreen=false, android.activity.startAssistantActivity=false, android.activity.applySystemModalPolicy=false, android:activity.applyBigFreeformSize=false, android:activity.activityEmbeddedPlaceholder=false, android.activity.enterPipWhileLaunching=false, android.activity.splitPosition=0, android.activity.preserveTaskWindowingMode=false, android:activity.enterSplitSideWithAdjacentFlag=0, android.activity.transientLaunch=true}]}] errorCallbackToken=null taskFragmentOrganizer=null }, caller=com.android.wm.shell.transition.Transitions.startTransition:100 com.android.wm.shell.recents.RecentsTransitionHandler.startRecentsTransition:431 com.android.wm.shell.recents.RecentTasksController$IRecentTasksImpl$$ExternalSyntheticLambda0.accept:17 com.android.wm.shell.common.ExternalInterfaceBinder$$ExternalSyntheticLambda0.run:10 android.os.Handler.handleCallback:995 
01-18 15:43:26.915 V/WindowManager( 2561):     startWCT=WindowContainerTransaction { changes= {} hops= [{pendingIntent: options=Bundle[{android.activity.splashScreenStyle=-1, android.activity.sourceInfo=android.app.ActivityOptions$SourceInfo@6971e15, android:activity.isMlLaunch=-1, android.activity.splitTaskDeferResume=false, android.pendingIntent.backgroundActivityAllowed=1, android:activity.isActiveLaunch=false, android.activity.launchTypeDnD=false, android:activity.startedFromWindowTypeLauncher=false, android.activity.launchDisplayId=0, android:activity.unhandledDropLaunch=false, android:activity.launchInFocusedStageRoot=false, android:activity.animAbortListener=null, android.activity.disableSplashScreen=false, android.activity.startAssistantActivity=false, android.activity.applySystemModalPolicy=false, android:activity.applyBigFreeformSize=false, android:activity.activityEmbeddedPlaceholder=false, android.activity.enterPipWhileLaunching=false, android.activity.splitPosition=0, android.activity.preserveTaskWindowingMode=false, android:activity.enterSplitSideWithAdjacentFlag=0, android.activity.transientLaunch=true}]}] errorCallbackToken=null taskFragmentOrganizer=null }
01-18 15:43:26.957 E/HoneySpace.BadgeIconDecoratorCreator( 4735): NameNotFoundException /#UserHandle{0}
01-18 15:43:26.957 E/HoneySpace.BadgeIconDecoratorCreator( 4735): NameNotFoundException /#UserHandle{0}
01-18 15:43:26.958 E/HoneySpace.BadgeIconDecoratorCreator( 4735): NameNotFoundException /#UserHandle{0}
01-18 15:43:26.958 E/HoneySpace.BadgeIconDecoratorCreator( 4735): NameNotFoundException /#UserHandle{0}
01-18 15:43:27.262 W/cr_ContextualSearch(32609): !isIncognito: true getFirstRunFlowComplete: true !isContextualSearchDisabled: true isDefaultSearchEngineGoogle: true !needToCheckForSearchEnginePromo: true !isRunningInCompatibilityMode: true !isShowingErrorPage: true isDeviceOnline: false
01-18 15:43:27.937 V/WindowManager( 2561):     startWCT=WindowContainerTransaction { changes= {} hops= [] errorCallbackToken=null taskFragmentOrganizer=null }
01-18 15:43:29.732 I/vendor.rmt_storage( 1745): wakelock acquired: 1, error no: 11
01-18 15:43:29.752 I/vendor.rmt_storage( 1745): rmt_storage_client_thread: /boot/modem_fs2: About to block rmt_storage client thread (th_id: 534672567424) wakelock released: 1, error no: 0
01-18 15:43:30.748 E/chromium(32712): [ERROR:components/viz/service/frame_sinks/frame_sink_manager_impl.cc:529] The browser issued an exact CopyOutputRequest for SurfaceId(FrameSinkId(87, 3), LocalSurfaceId(7, 1, D718...)) but there is no such surface or a frame sink.
01-18 15:43:31.355 E/fb4a.GraphServiceQueryExecutor( 1338): query error
01-18 15:43:31.355 E/fb4a.GraphServiceQueryExecutor( 1338): X.8Mc: TigonError(error=TransientError, errorDomain=TigonLigerErrorDomain, domainErrorCode=3, analyticsDetail="AsyncSocketException: connect timed out after 29998ms, type = Timed out"), queryName=NotificationsPushClientSyncQuery
01-18 15:43:31.355 E/fb4a.GraphServiceQueryExecutor( 1338): 	at X.3a3.onError(Unknown Source:64)
01-18 15:43:31.355 E/fb4a.GraphServiceQueryExecutor( 1338): 	at X.1xw.onError(Unknown Source:238)
01-18 15:43:31.401 W/Auth    ( 4493): [ChimeraGetToken] exception while trying to fetch auth tokens for app=com.google.android.keep, scope=oauth2:https://www.googleapis.com/auth/memento https://www.googleapis.com/auth/drive [CONTEXT service_id=153 ]
01-18 15:43:31.402 W/Auth    ( 4251): [GoogleAuthUtil] [GoogleAuthUtil] error status:BAD_AUTHENTICATION with method:getTokenWithDetails
01-18 15:43:31.404 W/GoogleAuthUtil( 4251): Error when getting token
01-18 15:43:31.404 W/GoogleAuthUtil( 4251): com.google.android.gms.auth.UserRecoverableAuthException: BadAuthentication
01-18 15:43:31.406 E/KeepSyncerImpl( 4251): IOException
01-18 15:43:31.406 E/KeepSyncerImpl( 4251): Caused by: com.google.android.gms.auth.UserRecoverableAuthException: BadAuthentication
01-18 15:43:31.417 W/KeepSyncerImpl( 4251): Sync result: false (success=false,partial=false,tasks=true,lastResult=SYNC_AUTH_EXCEPTION_GOOGLE_AUTH_USER_RECOVERABLE_NOTIFIED)
01-18 15:43:31.432 W/SyncManager( 2561): failed sync operation JobId=200 ***/com.google u0 [com.google.android.keep] PERIODIC ExpectedIn=-36s Reason=Periodic Retries=6, SyncResult: stats [ numIoExceptions: 1]
01-18 15:43:36.291 E/fb4a.msys( 1338): E[N data-request]_HandleDataResponse(1984)=>Data request error for task E41B1B4F-540C-4C1C-BF42-F9317D0D5BC9 (response type 1): network disconnected
01-18 15:43:36.295 E/fb4a.msys( 1338): E[S sync]_createResponseError(270)=>Network Response E41B1B4F-540C-4C1C-BF42-F9317D0D5BC9 contains sync error Error Domain=NSURLErrorDomain Code=1 UserInfo=0x28c04fabc0 {MCFErrorDirectLocalizedFailureReasonKey=network disconnected} - Underlying error (null): Error Domain=NSURLErrorDomain Code=1 UserInfo=0x28c04fabc0 {MCFErrorDirectLocalizedFailureReasonKey=network disconnected}
01-18 15:43:47.573 E/ComponentRegistry( 6317): java.lang.IllegalStateException: Unbound api:interface com.amazon.alexa.identity.api.IdentityService
01-18 15:43:48.247 D/SLocation( 2561): ARDistanceLibManager - command callback received - CURRENT_LOCATION_REQUEST_DISTANCE ERROR CODE : ERROR_NONE
01-18 15:43:48.247 D/SLocation( 2561): CommonCoreManager - handleCommandCallback - FUNC_TYPE : SET_LOCATION  ERROR_CODE : ERROR_NONE
01-18 15:44:02.686 E/LocSvc_APIClientBase( 1620): onResponseCb:996] ERROR: 5 ID: 207
01-18 15:44:02.701 I/XoFrequencyErrorDetector_FLP( 5286): updateData, GOOD,3,0
01-18 15:44:05.671 D/SLocation( 2561): ARDistanceLibManager - command callback received - CURRENT_LOCATION_REQUEST_DISTANCE ERROR CODE : ERROR_NONE
01-18 15:44:05.672 D/SLocation( 2561): CommonCoreManager - handleCommandCallback - FUNC_TYPE : SET_LOCATION  ERROR_CODE : ERROR_NONE
01-18 15:44:45.985 W/Auth    ( 4493): [ChimeraGetToken] exception while trying to fetch auth tokens for app=com.google.android.gms, scope=oauth2:https://www.googleapis.com/auth/googleplay [CONTEXT service_id=153 ]
01-18 15:44:45.985 W/GLSActivity( 4493): [GmsAccountAuthenticatorImpl] error status while fetching token:BadAuthentication
01-18 15:44:46.070 W/Auth    ( 4493): [ChimeraGetToken] exception while trying to fetch auth tokens for app=com.google.android.keep, scope=oauth2:https://www.googleapis.com/auth/memento https://www.googleapis.com/auth/drive [CONTEXT service_id=153 ]
01-18 15:44:46.070 W/Auth    ( 4251): [GoogleAuthUtil] [GoogleAuthUtil] error status:BAD_AUTHENTICATION with method:getTokenWithDetails
01-18 15:44:46.071 W/GoogleAuthUtil( 4251): Error when getting token
01-18 15:44:46.071 W/GoogleAuthUtil( 4251): com.google.android.gms.auth.UserRecoverableAuthException: BadAuthentication
01-18 15:44:46.073 E/KeepSyncerImpl( 4251): IOException
01-18 15:44:46.073 E/KeepSyncerImpl( 4251): Caused by: com.google.android.gms.auth.UserRecoverableAuthException: BadAuthentication
01-18 15:44:46.079 W/KeepSyncerImpl( 4251): Sync result: false (success=false,partial=false,tasks=true,lastResult=SYNC_AUTH_EXCEPTION_GOOGLE_AUTH_USER_RECOVERABLE_NOTIFIED)
01-18 15:44:46.093 W/SyncManager( 2561): failed sync operation JobId=200 ***/com.google u0 [com.google.android.keep] PERIODIC ExpectedIn=-43s Reason=Periodic Retries=7, SyncResult: stats [ numIoExceptions: 1]
01-18 15:44:48.876 D/SLocation( 2561): ARDistanceLibManager - command callback received - CURRENT_LOCATION_REQUEST_DISTANCE ERROR CODE : ERROR_NONE
01-18 15:44:48.880 D/SLocation( 2561): CommonCoreManager - handleCommandCallback - FUNC_TYPE : SET_LOCATION  ERROR_CODE : ERROR_NONE
01-18 15:44:51.765 E/chromium(32609): [ERROR:chrome/browser/thumbnail/generator/image_thumbnail_request.cc:39] Unexpected file size: content://media/external/downloads/1000137848, 76277280
01-18 15:44:58.280 E/ContentProviderHelper( 2561): java.lang.IllegalStateException: Unable to check Uri permission because caller is holding WM lock; assuming permission denied
01-18 15:44:58.280 E/ContentProviderHelper( 2561): java.lang.IllegalStateException: Unable to check Uri permission because caller is holding WM lock; assuming permission denied
01-18 15:44:58.336 E/ContentProviderHelper( 2561): java.lang.IllegalStateException: Unable to check Uri permission because caller is holding WM lock; assuming permission denied
01-18 15:44:58.336 E/ContentProviderHelper( 2561): java.lang.IllegalStateException: Unable to check Uri permission because caller is holding WM lock; assuming permission denied
01-18 15:44:58.434 V/WindowManager( 2561):     startWCT=WindowContainerTransaction { changes= {} hops= [] errorCallbackToken=null taskFragmentOrganizer=null }
01-18 15:44:58.793 V/WindowManager( 2561):     startWCT=WindowContainerTransaction { changes= {} hops= [] errorCallbackToken=null taskFragmentOrganizer=null }
01-18 15:44:58.931 E/DatabaseUtils( 2561): Writing exception to parcel
01-18 15:44:58.931 E/DatabaseUtils( 2561): java.lang.SecurityException: com.jamworks.alwaysondisplay was not granted  this permission: android.permission.WRITE_SETTINGS.
01-18 15:44:58.933 E/DatabaseUtils( 2561): Writing exception to parcel
01-18 15:44:58.933 E/DatabaseUtils( 2561): java.lang.SecurityException: com.jamworks.alwaysondisplay was not granted  this permission: android.permission.WRITE_SETTINGS.
01-18 15:44:59.431 V/WindowManager( 2561):     startWCT=WindowContainerTransaction { changes= {} hops= [] errorCallbackToken=null taskFragmentOrganizer=null }
01-18 15:45:00.549 E/LoadedApk( 4493): Exception : java.lang.NullPointerException: Attempt to invoke virtual method 'boolean android.os.Looper.isPerfLogEnable()' on a null object reference
01-18 15:45:00.711 E/LoadedApk( 4493): Exception : java.lang.NullPointerException: Attempt to invoke virtual method 'boolean android.os.Looper.isPerfLogEnable()' on a null object reference
01-18 15:45:00.882 W/AppSearchAppsUtil( 2561): android.content.pm.PackageManager$NameNotFoundException
01-18 15:45:00.882 W/AppSearchAppsUtil( 2561): android.content.pm.PackageManager$NameNotFoundException
01-18 15:45:00.882 W/AppSearchAppsUtil( 2561): android.content.pm.PackageManager$NameNotFoundException
01-18 15:45:00.882 W/AppSearchAppsUtil( 2561): android.content.pm.PackageManager$NameNotFoundException
01-18 15:45:00.882 W/AppSearchAppsUtil( 2561): android.content.pm.PackageManager$NameNotFoundException
01-18 15:45:00.882 W/AppSearchAppsUtil( 2561): android.content.pm.PackageManager$NameNotFoundException
01-18 15:45:00.882 W/AppSearchAppsUtil( 2561): android.content.pm.PackageManager$NameNotFoundException
01-18 15:45:00.882 W/AppSearchAppsUtil( 2561): android.content.pm.PackageManager$NameNotFoundException
01-18 15:45:00.882 W/AppSearchAppsUtil( 2561): android.content.pm.PackageManager$NameNotFoundException
01-18 15:45:00.882 W/AppSearchAppsUtil( 2561): android.content.pm.PackageManager$NameNotFoundException
01-18 15:45:00.882 W/AppSearchAppsUtil( 2561): android.content.pm.PackageManager$NameNotFoundException
01-18 15:45:00.915 W/Auth    ( 4493): [ChimeraGetToken] exception while trying to fetch auth tokens for app=com.android.chrome, scope=oauth2:https://www.google.com/accounts/OAuthLogin [CONTEXT service_id=153 ]
01-18 15:45:00.920 W/Auth    (32609): [GoogleAuthUtil] [GoogleAuthUtil] error status:BAD_AUTHENTICATION with method:getTokenWithDetails
01-18 15:45:00.920 W/cr_AuthTaskRetry(32609): Failed to perform auth task: org.chromium.components.signin.AuthException: Error while getting token for scope 'oauth2:https://www.google.com/accounts/OAuthLogin'
01-18 15:45:00.920 W/cr_AuthTaskRetry(32609): Caused by: com.google.android.gms.auth.UserRecoverableAuthException: BadAuthentication
01-18 15:45:00.961 V/WindowManager( 2561):     startWCT=WindowContainerTransaction { changes= {} hops= [] errorCallbackToken=null taskFragmentOrganizer=null }
01-18 15:45:01.294 W/Bundle  (15706): Attempt to cast generated internal exception:
01-18 15:45:01.294 W/Bundle  (15706): java.lang.ClassCastException: Cannot cast com.samsung.euicc.lib.message.ListProfileInfo to com.samsung.euicc.lib.message.Response
01-18 15:45:01.302 W/AppSearchAppsUtil( 2561): android.content.pm.PackageManager$NameNotFoundException
01-18 15:45:01.302 W/AppSearchAppsUtil( 2561): android.content.pm.PackageManager$NameNotFoundException
01-18 15:45:01.302 W/AppSearchAppsUtil( 2561): android.content.pm.PackageManager$NameNotFoundException
01-18 15:45:01.302 W/AppSearchAppsUtil( 2561): android.content.pm.PackageManager$NameNotFoundException
01-18 15:45:01.302 W/AppSearchAppsUtil( 2561): android.content.pm.PackageManager$NameNotFoundException
01-18 15:45:01.302 W/AppSearchAppsUtil( 2561): android.content.pm.PackageManager$NameNotFoundException
01-18 15:45:01.302 W/AppSearchAppsUtil( 2561): android.content.pm.PackageManager$NameNotFoundException
01-18 15:45:01.302 W/AppSearchAppsUtil( 2561): android.content.pm.PackageManager$NameNotFoundException
01-18 15:45:01.302 W/AppSearchAppsUtil( 2561): android.content.pm.PackageManager$NameNotFoundException
01-18 15:45:01.302 W/AppSearchAppsUtil( 2561): android.content.pm.PackageManager$NameNotFoundException
01-18 15:45:01.302 W/AppSearchAppsUtil( 2561): android.content.pm.PackageManager$NameNotFoundException
