01-18 15:45:21.979 I/flutter (15971): #19     _HandlerEventSink.close (dart:async/stream_transformers.dart:256)
01-18 15:45:21.979 I/flutter (15971): #20     _SinkTransformerStreamSubscription._handleDone (dart:async/stream_transformers.dart:136)
01-18 15:45:21.979 I/flutter (15971): #21     _RootZone.runGuarded (dart:async/zone.dart:1766)
01-18 15:45:21.979 I/flutter (15971): #22     _BufferingStreamSubscription._sendDone.sendDone (dart:async/stream_impl.dart:434)
01-18 15:45:21.979 I/flutter (15971): #23     _BufferingStreamSubscription._sendDone (dart:async/stream_impl.dart:444)
01-18 15:45:21.979 I/flutter (15971): #24     _BufferingStreamSubscription._close (dart:async/stream_impl.dart:333)
01-18 15:45:21.979 I/flutter (15971): #25     _SinkTransformerStreamSubscription._close (dart:async/stream_transformers.dart:91)
01-18 15:45:21.979 I/flutter (15971): #26     _EventSinkWrapper.close (dart:async/stream_transformers.dart:21)
01-18 15:45:21.979 I/flutter (15971): #27     _StringAdapterSink.close (dart:convert/string_conversion.dart:241)
01-18 15:45:21.979 I/flutter (15971): #28     _Latin1DecoderSink.close (dart:convert/latin1.dart:142)
01-18 15:45:21.979 I/flutter (15971): #29     _ConverterStreamEventSink.close (dart:convert/chunked_conversion.dart:79)
01-18 15:45:21.979 I/flutter (15971): #30     _SinkTransformerStreamSubscription._handleDone (dart:async/stream_transformers.dart:136)
01-18 15:45:21.979 I/flutter (15971): #31     _RootZone.runGuarded (dart:async/zone.dart:1766)
01-18 15:45:21.979 I/flutter (15971): #32     _BufferingStreamSubscription._sendDone.sendDone (dart:async/stream_impl.dart:434)
01-18 15:45:21.979 I/flutter (15971): #33     _BufferingStreamSubscription._sendDone (dart:async/stream_impl.dart:444)
01-18 15:45:21.979 I/flutter (15971): #34     _BufferingStreamSubscription._close (dart:async/stream_impl.dart:333)
01-18 15:45:21.979 I/flutter (15971): #35     _SinkTransformerStreamSubscription._close (dart:async/stream_transformers.dart:91)
01-18 15:45:21.979 I/flutter (15971): #36     _EventSinkWrapper.close (dart:async/stream_transformers.dart:21)
01-18 15:45:21.979 I/flutter (15971): #37     _ByteAdapterSink.close (dart:convert/byte_conversion.dart:54)
01-18 15:45:21.979 I/flutter (15971): #38     _FilterSink.close (dart:io/data_transformer.dart:586)
01-18 15:45:21.979 I/flutter (15971): #39     _ConverterStreamEventSink.close (dart:convert/chunked_conversion.dart:79)
01-18 15:45:21.979 I/flutter (15971): #40     _SinkTransformerStreamSubscription._handleDone (dart:async/stream_transformers.dart:136)
01-18 15:45:21.979 I/flutter (15971): #41     _RootZone.runGuarded (dart:async/zone.dart:1766)
01-18 15:45:21.979 I/flutter (15971): #42     _BufferingStreamSubscription._sendDone.sendDone (dart:async/stream_impl.dart:434)
01-18 15:45:21.979 I/flutter (15971): #43     _RootZone.run (dart:async/zone.dart:1843)
01-18 15:45:21.979 I/flutter (15971): #44     _FutureListener.handleWhenComplete (dart:async/future_impl.dart:272)
01-18 15:45:21.979 I/flutter (15971): #45     Future._propagateToListeners.handleWhenCompleteCallback (dart:async/future_impl.dart:909)
01-18 15:45:21.979 I/flutter (15971): #46     Future._propagateToListeners (dart:async/future_impl.dart:974)
01-18 15:45:21.979 I/flutter (15971): #47     Future._completeWithValue (dart:async/future_impl.dart:720)
01-18 15:45:21.979 I/flutter (15971): #48     Future._asyncCompleteWithValue.<anonymous closure> (dart:async/future_impl.dart:804)
01-18 15:45:21.979 I/flutter (15971): #49     _microtaskLoop (dart:async/schedule_microtask.dart:40)
01-18 15:45:21.979 I/flutter (15971): #50     _startMicrotaskLoop (dart:async/schedule_microtask.dart:49)
01-18 15:45:21.979 I/flutter (15971): #51     _runPendingImmediateCallback (dart:isolate-patch/isolate_patch.dart:127)
01-18 15:45:21.979 I/flutter (15971): #52     _RawReceivePort._handleMessage (dart:isolate-patch/isolate_patch.dart:194)
01-18 15:45:21.979 I/flutter (15971): 
01-18 15:45:21.979 I/flutter (15971): EPG: Falling back to lenient parser after XML errors.
01-18 15:45:27.647 I/wpa_sslib(15911): error_handler received : -16 - Unknown error -16
01-18 15:45:35.798 I/vendor.rmt_storage( 1745): wakelock acquired: 1, error no: 11
01-18 15:45:35.814 I/vendor.rmt_storage( 1745): rmt_storage_client_thread: /boot/modem_fs1: About to block rmt_storage client thread (th_id: 534673632384) wakelock released: 1, error no: 0
01-18 15:45:40.885 I/flutter (15971): ChannelProvider: Completed EPG mapping build
01-18 15:45:42.417 I/flutter (15971): Memory pressure detected: 924MB used
01-18 15:45:42.417 I/flutter (15971): Cleared image caches and set conservative limits
01-18 15:45:42.421 I/flutter (15971): ChannelProvider: DB filtered fetch failed: Unsupported operation: read-only
01-18 15:45:42.462 I/flutter (15971): LiveTV: _filterChannelsWithLoadedEpg returned 0 of 60 channels. EPG isLoading=true, availableChannels=4079, error=null, isDbReady=true
01-18 15:45:42.462 I/flutter (15971): EPG: ensureChannelsLoadedBatch called with 60 channels
01-18 15:45:42.549 I/flutter (15971): EPG: ensureChannelsLoadedBatch - no new channels to load (all already loaded or pending)
01-18 15:45:42.549 I/flutter (15971): LiveTV: Waiting for EPG (36133ms, batchLoading=true)
01-18 15:45:48.876 D/SLocation( 2561): ARDistanceLibManager - command callback received - CURRENT_LOCATION_REQUEST_DISTANCE ERROR CODE : ERROR_NONE
01-18 15:45:48.876 D/SLocation( 2561): CommonCoreManager - handleCommandCallback - FUNC_TYPE : SET_LOCATION  ERROR_CODE : ERROR_NONE
01-18 15:45:57.421 I/flutter (15971): ChannelProvider: DB filtered fetch failed: Unsupported operation: read-only
01-18 15:45:57.461 I/flutter (15971): LiveTV: _filterChannelsWithLoadedEpg returned 0 of 60 channels. EPG isLoading=true, availableChannels=4079, error=null, isDbReady=true
01-18 15:45:57.461 I/flutter (15971): EPG: ensureChannelsLoadedBatch called with 60 channels
01-18 15:45:57.549 I/flutter (15971): EPG: ensureChannelsLoadedBatch - no new channels to load (all already loaded or pending)
01-18 15:45:57.549 I/flutter (15971): LiveTV: Waiting for EPG (51133ms, batchLoading=true)
01-18 15:46:03.450 I/flutter (15971): EPG: Lenient parse stats - total programmes in file: 392165, accepted: 377605
01-18 15:46:03.450 I/flutter (15971): EPG: Reject stats: {channelFiltered: 14560}
01-18 15:46:03.460 I/flutter (15971): EPG: Parse compute took 50766ms
01-18 15:46:03.460 I/flutter (15971): EPG: Initial parse result: 377605 programs, 4080 channels
01-18 15:46:03.536 I/flutter (15971): LiveTV: _filterChannelsWithLoadedEpg returned 0 of 60 channels. EPG isLoading=true, availableChannels=4080, error=null, isDbReady=true
01-18 15:46:03.536 I/flutter (15971): EPG: ensureChannelsLoadedBatch called with 60 channels
01-18 15:46:03.614 I/flutter (15971): EPG: ensureChannelsLoadedBatch - no new channels to load (all already loaded or pending)
01-18 15:46:03.614 I/flutter (15971): LiveTV: Waiting for EPG (57198ms, batchLoading=true)
01-18 15:46:04.050 I/flutter (15971): LiveTV: _filterChannelsWithLoadedEpg returned 0 of 60 channels. EPG isLoading=true, availableChannels=4080, error=null, isDbReady=true
01-18 15:46:04.050 I/flutter (15971): EPG: ensureChannelsLoadedBatch called with 60 channels
01-18 15:46:04.124 I/flutter (15971): EPG: ensureChannelsLoadedBatch - no new channels to load (all already loaded or pending)
01-18 15:46:04.124 I/flutter (15971): LiveTV: Waiting for EPG (57708ms, batchLoading=true)
01-18 15:46:04.613 I/flutter (15971): LiveTV: _filterChannelsWithLoadedEpg returned 0 of 60 channels. EPG isLoading=true, availableChannels=4080, error=null, isDbReady=true
01-18 15:46:04.613 I/flutter (15971): EPG: ensureChannelsLoadedBatch called with 60 channels
01-18 15:46:04.689 I/flutter (15971): EPG: ensureChannelsLoadedBatch - no new channels to load (all already loaded or pending)
01-18 15:46:04.689 I/flutter (15971): LiveTV: Waiting for EPG (58273ms, batchLoading=true)
01-18 15:46:05.359 I/flutter (15971): LiveTV: _filterChannelsWithLoadedEpg returned 0 of 60 channels. EPG isLoading=true, availableChannels=4080, error=null, isDbReady=true
01-18 15:46:05.359 I/flutter (15971): EPG: ensureChannelsLoadedBatch called with 60 channels
01-18 15:46:05.434 I/flutter (15971): EPG: ensureChannelsLoadedBatch - no new channels to load (all already loaded or pending)
01-18 15:46:05.434 I/flutter (15971): LiveTV: Waiting for EPG (59018ms, batchLoading=true)
01-18 15:46:05.966 I/flutter (15971): LiveTV: _filterChannelsWithLoadedEpg returned 0 of 60 channels. EPG isLoading=true, availableChannels=4080, error=null, isDbReady=true
01-18 15:46:05.966 I/flutter (15971): EPG: ensureChannelsLoadedBatch called with 60 channels
01-18 15:46:06.041 I/flutter (15971): EPG: ensureChannelsLoadedBatch - no new channels to load (all already loaded or pending)
01-18 15:46:06.041 I/flutter (15971): LiveTV: Waiting for EPG (59625ms, batchLoading=true)
01-18 15:46:06.185 W/WearableConn( 4493): Failed to connect, error: read failed, socket might closed or timeout, read ret: -1
01-18 15:46:06.606 I/flutter (15971): LiveTV: _filterChannelsWithLoadedEpg returned 0 of 60 channels. EPG isLoading=true, availableChannels=4080, error=null, isDbReady=true
01-18 15:46:06.606 I/flutter (15971): EPG: ensureChannelsLoadedBatch called with 60 channels
01-18 15:46:06.684 I/flutter (15971): EPG: ensureChannelsLoadedBatch - no new channels to load (all already loaded or pending)
01-18 15:46:06.684 I/flutter (15971): LiveTV: Waiting for EPG (60268ms, batchLoading=true)
01-18 15:46:07.194 I/flutter (15971): LiveTV: _filterChannelsWithLoadedEpg returned 0 of 60 channels. EPG isLoading=true, availableChannels=4080, error=null, isDbReady=true
01-18 15:46:07.194 I/flutter (15971): EPG: ensureChannelsLoadedBatch called with 60 channels
01-18 15:46:07.272 I/flutter (15971): EPG: ensureChannelsLoadedBatch - no new channels to load (all already loaded or pending)
01-18 15:46:07.272 I/flutter (15971): LiveTV: Waiting for EPG (60855ms, batchLoading=true)
01-18 15:46:08.186 I/flutter (15971): LiveTV: _filterChannelsWithLoadedEpg returned 0 of 60 channels. EPG isLoading=true, availableChannels=4080, error=null, isDbReady=true
01-18 15:46:08.186 I/flutter (15971): EPG: ensureChannelsLoadedBatch called with 60 channels
01-18 15:46:08.263 I/flutter (15971): EPG: ensureChannelsLoadedBatch - no new channels to load (all already loaded or pending)
01-18 15:46:08.263 I/flutter (15971): LiveTV: Waiting for EPG (61846ms, batchLoading=true)
01-18 15:46:08.666 I/flutter (15971): LiveTV: _filterChannelsWithLoadedEpg returned 0 of 60 channels. EPG isLoading=true, availableChannels=4080, error=null, isDbReady=true
01-18 15:46:08.666 I/flutter (15971): EPG: ensureChannelsLoadedBatch called with 60 channels
01-18 15:46:08.742 I/flutter (15971): EPG: ensureChannelsLoadedBatch - no new channels to load (all already loaded or pending)
01-18 15:46:08.742 I/flutter (15971): LiveTV: Waiting for EPG (62325ms, batchLoading=true)
01-18 15:46:09.252 I/flutter (15971): LiveTV: _filterChannelsWithLoadedEpg returned 0 of 60 channels. EPG isLoading=true, availableChannels=4080, error=null, isDbReady=true
01-18 15:46:09.252 I/flutter (15971): EPG: ensureChannelsLoadedBatch called with 60 channels
01-18 15:46:09.327 I/flutter (15971): EPG: ensureChannelsLoadedBatch - no new channels to load (all already loaded or pending)
01-18 15:46:09.327 I/flutter (15971): LiveTV: Waiting for EPG (62910ms, batchLoading=true)
01-18 15:46:09.443 I/flutter (15971): LiveTV: _filterChannelsWithLoadedEpg returned 0 of 60 channels. EPG isLoading=true, availableChannels=4080, error=null, isDbReady=true
01-18 15:46:09.443 I/flutter (15971): EPG: ensureChannelsLoadedBatch called with 60 channels
01-18 15:46:09.523 I/flutter (15971): EPG: ensureChannelsLoadedBatch - no new channels to load (all already loaded or pending)
01-18 15:46:09.523 I/flutter (15971): LiveTV: Waiting for EPG (63107ms, batchLoading=true)
01-18 15:46:09.550 I/flutter (15971): ChannelProvider: DB filtered fetch failed: Unsupported operation: read-only
01-18 15:46:10.035 I/flutter (15971): LiveTV: _filterChannelsWithLoadedEpg returned 0 of 60 channels. EPG isLoading=true, availableChannels=4080, error=null, isDbReady=true
01-18 15:46:10.035 I/flutter (15971): EPG: ensureChannelsLoadedBatch called with 60 channels
01-18 15:46:10.110 I/flutter (15971): EPG: ensureChannelsLoadedBatch - no new channels to load (all already loaded or pending)
01-18 15:46:10.111 I/flutter (15971): LiveTV: Waiting for EPG (63694ms, batchLoading=true)
01-18 15:46:10.628 I/flutter (15971): LiveTV: _filterChannelsWithLoadedEpg returned 0 of 60 channels. EPG isLoading=true, availableChannels=4080, error=null, isDbReady=true
01-18 15:46:10.628 I/flutter (15971): EPG: ensureChannelsLoadedBatch called with 60 channels
01-18 15:46:10.702 I/flutter (15971): EPG: ensureChannelsLoadedBatch - no new channels to load (all already loaded or pending)
01-18 15:46:10.702 I/flutter (15971): LiveTV: Waiting for EPG (64285ms, batchLoading=true)
01-18 15:46:11.315 I/flutter (15971): LiveTV: _filterChannelsWithLoadedEpg returned 0 of 60 channels. EPG isLoading=true, availableChannels=4080, error=null, isDbReady=true
01-18 15:46:11.315 I/flutter (15971): EPG: ensureChannelsLoadedBatch called with 60 channels
01-18 15:46:11.389 I/flutter (15971): EPG: ensureChannelsLoadedBatch - no new channels to load (all already loaded or pending)
01-18 15:46:11.389 I/flutter (15971): LiveTV: Waiting for EPG (64972ms, batchLoading=true)
01-18 15:46:12.104 I/flutter (15971): LiveTV: _filterChannelsWithLoadedEpg returned 0 of 60 channels. EPG isLoading=true, availableChannels=4080, error=null, isDbReady=true
01-18 15:46:12.104 I/flutter (15971): EPG: ensureChannelsLoadedBatch called with 60 channels
01-18 15:46:12.177 I/flutter (15971): EPG: ensureChannelsLoadedBatch - no new channels to load (all already loaded or pending)
01-18 15:46:12.177 I/flutter (15971): LiveTV: Waiting for EPG (65761ms, batchLoading=true)
01-18 15:46:12.653 I/flutter (15971): LiveTV: _filterChannelsWithLoadedEpg returned 0 of 60 channels. EPG isLoading=true, availableChannels=4080, error=null, isDbReady=true
01-18 15:46:12.653 I/flutter (15971): EPG: ensureChannelsLoadedBatch called with 60 channels
01-18 15:46:12.727 I/flutter (15971): EPG: ensureChannelsLoadedBatch - no new channels to load (all already loaded or pending)
01-18 15:46:12.727 I/flutter (15971): LiveTV: Waiting for EPG (66311ms, batchLoading=true)
01-18 15:46:13.210 I/flutter (15971): LiveTV: _filterChannelsWithLoadedEpg returned 0 of 60 channels. EPG isLoading=true, availableChannels=4080, error=null, isDbReady=true
01-18 15:46:13.210 I/flutter (15971): EPG: ensureChannelsLoadedBatch called with 60 channels
01-18 15:46:13.285 I/flutter (15971): EPG: ensureChannelsLoadedBatch - no new channels to load (all already loaded or pending)
01-18 15:46:13.285 I/flutter (15971): LiveTV: Waiting for EPG (66869ms, batchLoading=true)
01-18 15:46:13.661 E/LocSvc_APIClientBase( 1620): onResponseCb:996] ERROR: 5 ID: 209
01-18 15:46:13.676 I/XoFrequencyErrorDetector_FLP( 5286): updateData, GOOD,3,0
01-18 15:46:13.789 I/flutter (15971): LiveTV: _filterChannelsWithLoadedEpg returned 0 of 60 channels. EPG isLoading=true, availableChannels=4080, error=null, isDbReady=true
01-18 15:46:13.789 I/flutter (15971): EPG: ensureChannelsLoadedBatch called with 60 channels
01-18 15:46:13.865 I/flutter (15971): EPG: ensureChannelsLoadedBatch - no new channels to load (all already loaded or pending)
01-18 15:46:13.865 I/flutter (15971): LiveTV: Waiting for EPG (67449ms, batchLoading=true)
01-18 15:46:16.681 D/SLocation( 2561): ARDistanceLibManager - command callback received - CURRENT_LOCATION_REQUEST_DISTANCE ERROR CODE : ERROR_NONE
01-18 15:46:16.681 D/SLocation( 2561): CommonCoreManager - handleCommandCallback - FUNC_TYPE : SET_LOCATION  ERROR_CODE : ERROR_NONE
01-18 15:46:24.453 I/flutter (15971): LiveTV: _filterChannelsWithLoadedEpg returned 0 of 60 channels. EPG isLoading=true, availableChannels=4080, error=null, isDbReady=true
01-18 15:46:24.453 I/flutter (15971): EPG: ensureChannelsLoadedBatch called with 60 channels
01-18 15:46:24.536 I/flutter (15971): EPG: ensureChannelsLoadedBatch - no new channels to load (all already loaded or pending)
01-18 15:46:24.536 I/flutter (15971): LiveTV: Waiting for EPG (78120ms, batchLoading=true)
01-18 15:46:24.543 I/flutter (15971): ChannelProvider: DB filtered fetch failed: Unsupported operation: read-only
01-18 15:46:36.431 I/flutter (15971): ChannelProvider: DB filtered fetch failed: Unsupported operation: read-only
01-18 15:46:36.471 I/flutter (15971): LiveTV: _filterChannelsWithLoadedEpg returned 0 of 60 channels. EPG isLoading=true, availableChannels=4080, error=null, isDbReady=true
01-18 15:46:36.471 I/flutter (15971): EPG: ensureChannelsLoadedBatch called with 60 channels
01-18 15:46:36.556 I/flutter (15971): EPG: ensureChannelsLoadedBatch - no new channels to load (all already loaded or pending)
01-18 15:46:36.556 I/flutter (15971): LiveTV: Waiting for EPG (90139ms, batchLoading=true)
01-18 15:46:38.003 I/flutter (15971): content_focus: Shell registered focus callback token=19
01-18 15:46:38.003 I/flutter (15971): content_focus: Registered content focus: SettingsScreen (token: 19)
01-18 15:46:38.004 I/flutter (15971): content_focus: Shell registered focus callback token=20
01-18 15:46:38.004 I/flutter (15971): content_focus: Registered content focus: LiveTVScreen (token: 20)
01-18 15:46:38.037 I/flutter (15971): LiveTV: _filterChannelsWithLoadedEpg returned 0 of 60 channels. EPG isLoading=true, availableChannels=4080, error=null, isDbReady=true
01-18 15:46:38.037 I/flutter (15971): EPG: ensureChannelsLoadedBatch called with 60 channels
01-18 15:46:38.114 I/flutter (15971): EPG: ensureChannelsLoadedBatch - no new channels to load (all already loaded or pending)
01-18 15:46:38.114 I/flutter (15971): LiveTV: Waiting for EPG (91698ms, batchLoading=true)
01-18 15:46:38.126 I/flutter (15971): content_focus: Shell requesting content focus
01-18 15:46:38.179 I/flutter (15971): content_focus: Focus request succeeded for LiveTVScreen
01-18 15:46:38.179 I/flutter (15971): content_focus: Callback succeeded
01-18 15:46:38.180 W/WindowOnBackDispatcher(15971): sendCancelIfRunning: isInProgress=false callback=io.flutter.embedding.android.FlutterActivity$1@c1e35d8
01-18 15:46:38.304 I/flutter (15971): content_focus: Shell unregistered focus callback token=20
01-18 15:46:38.304 I/flutter (15971): content_focus: Unregistered content focus: LiveTVScreen (token: 20)
01-18 15:46:40.505 I/flutter (15971): Debug marker: epg_diagnostic_build
01-18 15:46:40.516 I/flutter (15971): content_focus: Shell requesting content focus
01-18 15:46:40.518 W/WindowOnBackDispatcher(15971): sendCancelIfRunning: isInProgress=false callback=io.flutter.embedding.android.FlutterActivity$1@c1e35d8
01-18 15:46:40.521 I/flutter (15971): Debug marker: epg_diagnostic_build
01-18 15:46:40.531 I/flutter (15971): content_focus: Fallback succeeded
01-18 15:46:41.939 W/Auth    ( 4493): [ChimeraGetToken] exception while trying to fetch auth tokens for app=com.google.android.gms, scope=oauth2:https://www.googleapis.com/auth/googleplay [CONTEXT service_id=153 ]
01-18 15:46:41.939 W/GLSActivity( 4493): [GmsAccountAuthenticatorImpl] error status while fetching token:BadAuthentication
01-18 15:46:43.446 D/WindowOnBackDispatcher(15971): onBackInvoked, callback=io.flutter.embedding.android.FlutterActivity$1@c1e35d8
01-18 15:46:43.463 I/flutter (15971): content_focus: Shell requesting content focus
01-18 15:46:43.465 W/WindowOnBackDispatcher(15971): sendCancelIfRunning: isInProgress=false callback=io.flutter.embedding.android.FlutterActivity$1@c1e35d8
01-18 15:46:43.466 W/WindowOnBackDispatcher(15971): sendCancelIfRunning: isInProgress=false callback=io.flutter.embedding.android.FlutterActivity$1@c1e35d8
01-18 15:46:43.478 I/flutter (15971): content_focus: Fallback succeeded
01-18 15:46:44.123 D/WindowOnBackDispatcher(15971): onBackInvoked, callback=io.flutter.embedding.android.FlutterActivity$1@c1e35d8
01-18 15:46:44.126 I/flutter (15971): content_focus: Shell registered focus callback token=21
01-18 15:46:44.126 I/flutter (15971): content_focus: Registered content focus: LiveTVScreen (token: 21)
01-18 15:46:44.126 I/flutter (15971): LiveTV: Categories empty but channels present (7205), requesting prefetch...
01-18 15:46:44.126 I/flutter (15971): LiveTV: Processing 63 new categories (total: 63, current: 0)
01-18 15:46:44.156 I/flutter (15971): LiveTV: _filterChannelsWithLoadedEpg returned 0 of 30 channels. EPG isLoading=true, availableChannels=4080, error=null, isDbReady=true
01-18 15:46:44.156 I/flutter (15971): EPG: ensureChannelsLoadedBatch called with 30 channels
01-18 15:46:44.229 I/flutter (15971): EPG: ensureChannelsLoadedBatch - no new channels to load (all already loaded or pending)
01-18 15:46:44.229 I/flutter (15971): LiveTV: Waiting for EPG (102ms, batchLoading=true)
01-18 15:46:44.232 I/flutter (15971): content_focus: Shell requesting content focus
01-18 15:46:44.232 I/flutter (15971): LiveTV: Updated _categoryNames to 63, visibleCount: 63
01-18 15:46:44.232 I/flutter (15971): LiveTV: Fetched 63 categories
01-18 15:46:44.232 I/flutter (15971): LiveTV: Initialized featured index to 2656
01-18 15:46:44.233 W/WindowOnBackDispatcher(15971): sendCancelIfRunning: isInProgress=false callback=io.flutter.embedding.android.FlutterActivity$1@c1e35d8
01-18 15:46:44.233 W/WindowOnBackDispatcher(15971): sendCancelIfRunning: isInProgress=false callback=io.flutter.embedding.android.FlutterActivity$1@c1e35d8
01-18 15:46:44.234 W/WindowOnBackDispatcher(15971): sendCancelIfRunning: isInProgress=false callback=io.flutter.embedding.android.FlutterActivity$1@c1e35d8
01-18 15:46:44.242 I/flutter (15971): LiveTV: Processing 59 new categories (total: 63, current: 4)
01-18 15:46:44.260 I/flutter (15971): LiveTV: _filterChannelsWithLoadedEpg returned 0 of 30 channels. EPG isLoading=true, availableChannels=4080, error=null, isDbReady=true
01-18 15:46:44.260 I/flutter (15971): EPG: ensureChannelsLoadedBatch called with 30 channels
01-18 15:46:44.323 I/flutter (15971): EPG: ensureChannelsLoadedBatch - no new channels to load (all already loaded or pending)
01-18 15:46:44.324 I/flutter (15971): LiveTV: Waiting for EPG (197ms, batchLoading=true)
01-18 15:46:44.327 I/flutter (15971): content_focus: Focus request succeeded for LiveTVScreen
01-18 15:46:44.327 I/flutter (15971): content_focus: Callback succeeded
01-18 15:46:44.327 I/flutter (15971): LiveTV: Updated _categoryNames to 63, visibleCount: 8
01-18 15:46:44.327 I/flutter (15971): ChannelProvider: DB channel page failed: Unsupported operation: read-only
01-18 15:46:44.327 I/flutter (15971): ChannelProvider: Detected read-only DB, attempting recovery
01-18 15:46:44.327 I/flutter (15971): LocalDbService: resetting read-only database
01-18 15:46:44.361 I/flutter (15971): LiveTV: _filterChannelsWithLoadedEpg returned 0 of 60 channels. EPG isLoading=true, availableChannels=4080, error=null, isDbReady=false
01-18 15:46:44.361 I/flutter (15971): EPG: ensureChannelsLoadedBatch called with 60 channels
01-18 15:46:44.435 I/flutter (15971): EPG: ensureChannelsLoadedBatch - no new channels to load (all already loaded or pending)
01-18 15:46:44.435 I/flutter (15971): LiveTV: Waiting for EPG (308ms, batchLoading=true)
01-18 15:46:44.438 I/flutter (15971): EPG: ensureChannelsLoadedBatch called with 12 channels
01-18 15:46:44.438 I/flutter (15971): EPG: ensureChannelsLoadedBatch - no new channels to load (all already loaded or pending)
01-18 15:46:44.438 I/flutter (15971): EPG: ensureChannelsLoadedBatch called with 12 channels
01-18 15:46:44.448 I/flutter (15971): EPG: ensureChannelsLoadedBatch - no new channels to load (all already loaded or pending)
01-18 15:46:44.448 I/flutter (15971): EPG: ensureChannelsLoadedBatch called with 12 channels
01-18 15:46:44.448 I/flutter (15971): EPG: ensureChannelsLoadedBatch - no new channels to load (all already loaded or pending)
01-18 15:46:44.448 I/flutter (15971): EPG: ensureChannelsLoadedBatch called with 12 channels
01-18 15:46:44.448 I/flutter (15971): EPG: ensureChannelsLoadedBatch - no new channels to load (all already loaded or pending)
01-18 15:46:44.449 I/flutter (15971): LocalDbService: init() called, _isInit=false, _initCompleter=false
01-18 15:46:44.450 I/flutter (15971): LocalDbService: Opening database at /data/user/0/com.risa.app/app_flutter/iptv_local.db
01-18 15:46:44.478 I/flutter (15971): LiveTV: _filterChannelsWithLoadedEpg returned 0 of 60 channels. EPG isLoading=true, availableChannels=4080, error=null, isDbReady=false
01-18 15:46:44.478 I/flutter (15971): EPG: ensureChannelsLoadedBatch called with 60 channels
01-18 15:46:44.553 I/flutter (15971): EPG: ensureChannelsLoadedBatch - no new channels to load (all already loaded or pending)
01-18 15:46:44.553 I/flutter (15971): LiveTV: Waiting for EPG (426ms, batchLoading=true)
01-18 15:46:44.557 I/flutter (15971): content_focus: Unregistered content focus: SettingsScreen (token: 19)
01-18 15:46:44.574 I/flutter (15971): ChannelProvider: Recovered read-only DB, rebuilding caches
01-18 15:46:47.313 I/flutter (15971): content_focus: Shell registered focus callback token=22
01-18 15:46:47.313 I/flutter (15971): content_focus: Registered content focus: SettingsScreen (token: 22)
01-18 15:46:47.314 I/flutter (15971): content_focus: Shell registered focus callback token=23
01-18 15:46:47.314 I/flutter (15971): content_focus: Registered content focus: LiveTVScreen (token: 23)
01-18 15:46:47.349 I/flutter (15971): LiveTV: _filterChannelsWithLoadedEpg returned 0 of 60 channels. EPG isLoading=true, availableChannels=4080, error=null, isDbReady=true
01-18 15:46:47.349 I/flutter (15971): EPG: ensureChannelsLoadedBatch called with 60 channels
01-18 15:46:47.430 I/flutter (15971): EPG: ensureChannelsLoadedBatch - no new channels to load (all already loaded or pending)
01-18 15:46:47.430 I/flutter (15971): LiveTV: Waiting for EPG (3304ms, batchLoading=true)
01-18 15:46:47.438 I/flutter (15971): content_focus: Shell requesting content focus
01-18 15:46:47.482 I/flutter (15971): content_focus: Shell unregistered focus callback token=23
01-18 15:46:47.482 I/flutter (15971): content_focus: Shell registered focus callback token=24
01-18 15:46:47.482 I/flutter (15971): content_focus: Registered content focus: LiveTVScreen (token: 24)
01-18 15:46:47.500 I/flutter (15971): LiveTV: _filterChannelsWithLoadedEpg returned 0 of 60 channels. EPG isLoading=true, availableChannels=4080, error=null, isDbReady=true
01-18 15:46:47.500 I/flutter (15971): EPG: ensureChannelsLoadedBatch called with 60 channels
01-18 15:46:47.577 I/flutter (15971): EPG: ensureChannelsLoadedBatch - no new channels to load (all already loaded or pending)
01-18 15:46:47.577 I/flutter (15971): LiveTV: Waiting for EPG (3450ms, batchLoading=true)
01-18 15:46:47.581 I/flutter (15971): content_focus: Focus request succeeded for LiveTVScreen
01-18 15:46:47.581 I/flutter (15971): content_focus: Callback succeeded
01-18 15:46:47.581 I/flutter (15971): ChannelProvider: Category DB load took 266ms
01-18 15:46:47.583 W/WindowOnBackDispatcher(15971): sendCancelIfRunning: isInProgress=false callback=io.flutter.embedding.android.FlutterActivity$1@c1e35d8
01-18 15:46:47.583 I/flutter (15971): ChannelProvider: Category isolate compute took 1ms
01-18 15:46:47.583 I/flutter (15971): ChannelProvider: Loaded 63 categories from DB
01-18 15:46:47.583 I/flutter (15971): ChannelProvider: Category compute total 268ms
01-18 15:46:47.595 I/flutter (15971): content_focus: Shell unregistered focus callback token=24
01-18 15:46:47.595 I/flutter (15971): content_focus: Shell registered focus callback token=25
01-18 15:46:47.595 I/flutter (15971): content_focus: Registered content focus: LiveTVScreen (token: 25)
01-18 15:46:47.615 I/flutter (15971): LiveTV: _filterChannelsWithLoadedEpg returned 0 of 60 channels. EPG isLoading=true, availableChannels=4080, error=null, isDbReady=true
01-18 15:46:47.615 I/flutter (15971): EPG: ensureChannelsLoadedBatch called with 60 channels
01-18 15:46:47.693 I/flutter (15971): EPG: ensureChannelsLoadedBatch - no new channels to load (all already loaded or pending)
01-18 15:46:47.693 I/flutter (15971): LiveTV: Waiting for EPG (3566ms, batchLoading=true)
01-18 15:46:47.715 I/flutter (15971): content_focus: Shell unregistered focus callback token=25
01-18 15:46:47.715 I/flutter (15971): content_focus: Unregistered content focus: LiveTVScreen (token: 25)
01-18 15:46:49.297 I/flutter (15971): Debug marker: epg_diagnostic_build
01-18 15:46:49.303 I/flutter (15971): content_focus: Shell requesting content focus
01-18 15:46:49.312 W/WindowOnBackDispatcher(15971): sendCancelIfRunning: isInProgress=false callback=io.flutter.embedding.android.FlutterActivity$1@c1e35d8
01-18 15:46:49.314 I/flutter (15971): Debug marker: epg_diagnostic_build
01-18 15:46:49.319 I/flutter (15971): content_focus: Fallback succeeded
01-18 15:46:50.050 D/SLocation( 2561): ARDistanceLibManager - command callback received - CURRENT_LOCATION_REQUEST_DISTANCE ERROR CODE : ERROR_NONE
01-18 15:46:50.058 D/SLocation( 2561): CommonCoreManager - handleCommandCallback - FUNC_TYPE : SET_LOCATION  ERROR_CODE : ERROR_NONE
01-18 15:47:09.655 D/rustpush::ids::user(15063): 7, 150, 68, 108, 37, 60, 7, 16, 136, 124, 26, 196, 86, 124, 29, 165, 20, 28, 133, 128, 83, 49, 41, 30, 164, 56, 34, 163, 6, 63, 187, 1, 156, 27, 51, 36, 198, 152, 148, 25, 132, 193, 201, 235, 140, 176, 129, 78, 233, 132, 114, 92, 195, 167, 102, 118, 117, 67, 84, 92, 64, 188, 92, 219, 64, 52, 95, 49, 169, 84, 23, 10, 145, 56, 92, 147, 64, 153, 181, 73, 66, 176, 24, 120, 147, 246, 17, 139, 243, 197, 43, 204, 115, 234, 240, 135, 23, 160, 149, 188, 54, 31, 244, 166, 70, 130, 138, 20, 22, 186, 154, 25, 2, 109, 108, 64, 191, 53, 171, 90, 255, 134, 112, 181, 100, 87, 119, 44, 189, 208, 167, 7, 104, 84, 60, 27, 41, 196, 243, 145, 147, 188, 134, 26, 159, 102, 66, 188, 167, 30, 240, 131, 18, 50, 150, 150, 213, 122, 116, 242, 98, 86, 232, 213, 43, 192, 84, 96, 74, 233, 92, 16, 99, 124, 20, 167, 172, 127, 53, 170, 165, 70, 137, 26, 131, 164, 60, 64, 93, 38, 82, 5, 107, 164, 90, 132, 247, 126, 16, 155, 20, 249, 27, 120, 214, 105, 191, 17, 5, 28, 98, 103, 20, 138, 98, 104, 130, 34, 66, 57, 182, 79, 210, 171, 178, 121, 183, 203, 43, 182, 127, 144, 252, 97, 41, 233, 39, 67, 129, 90, 192, 166, 192, 58, 165, 194, 235, 197, 103, 91, 185, 153, 111, 160, 157, 235, 32, 73, 249, 48, 66, 216, 208, 103, 243, 114, 65, 143, 179, 139, 244, 24, 129, 250, 194, 160, 63, 138, 106, 43, 58, 48, 135, 50, 172, 34, 161, 195, 217, 64, 32, 65, 19, 138, 102, 92, 162, 12, 98, 205, 3, 166, 103, 113, 28, 83, 120, 16, 36, 65, 171, 98, 154, 55, 20, 175, 43, 15, 233, 114, 95, 149, 135, 178, 122, 217, 76, 191, 21, 2, 7, 35, 114, 37, 70, 171, 166, 58, 71, 18, 230, 182, 16, 101, 49, 129, 140, 46, 143, 163, 154, 66, 33, 102, 242, 213, 189, 16, 80, 16, 116, 11, 22, 223, 179, 74, 188, 170, 162, 163, 114, 14, 123, 115, 97, 165, 132, 71, 54, 131, 42, 122, 102, 153, 227, 32, 75, 21, 169, 108, 57, 64, 6, 137, 89, 185, 38, 90, 86, 155, 210, 166, 207, 4, 9, 166, 36, 145, 9, 144, 184, 65, 176, 88, 23, 218, 28, 114, 50, 186, 243, 4, 111, 176, 3, 170, 193, 34, 27, 151, 7, 192, 182, 112, 115, 209, 235, 100, 14, 244, 186, 244, 177, 100, 247, 137, 83, 68, 155, 92, 252, 119, 23, 177, 32, 40, 156, 200, 125, 80, 218, 103, 184, 71, 35, 26, 183, 10, 184, 192, 157, 59, 10, 68, 63, 145, 106, 73, 245, 85, 190, 252, 128, 186, 169, 58, 31, 248, 90, 242, 231, 82, 120, 67, 20, 45, 242, 160, 240, 122, 45, 185, 81, 82, 107, 187, 152, 85, 155, 195, 254, 180, 64, 150, 40, 110, 151, 203, 82, 247, 228, 86, 229, 199, 11, 148, 18, 25, 193, 66, 93, 255, 52, 159, 115, 164, 92, 150, 200, 15, 207, 100, 147, 166, 73, 60, 7, 107, 110, 253, 54, 126, 88, 171, 70, 109, 116, 42, 69, 120, 87, 147, 7, 42, 73, 170, 115, 152, 73, 247, 154, 157, 131, 241, 32, 203, 38, 249, 109, 241, 233, 31, 249, 62, 44, 195, 166, 152, 42, 50, 45, 154, 248, 117, 78, 19, 22, 112, 134, 18, 64, 43, 216, 250, 75, 182, 154, 252, 2, 141, 253, 169, 126, 97, 195, 185, 88, 247, 16, 152, 11, 56, 67, 90, 104, 38, 210, 162, 99, 76, 210, 182, 139, 128, 44, 200, 225, 171, 140, 62, 195, 176, 93, 228, 10, 80, 118, 54, 218, 29, 146, 90, 182, 126, 215, 63, 147, 43, 9, 89, 41, 163, 107, 153, 146]), "supports-sa-v1": Boolean(true), "supports-photos-extension-v2": Boolean(true), "supports-photos-extension-v1": Boolean(true), "prefers-sdr": Boolean(false), "supports-emoji-stickers": Boolean(true), "supports-fsm-v1": Boolean(true), "supports-fsm-v3": Boolean(true), "supports-fsm-v2": Boolean(true), "supports-family-invite-message-bubble": Boolean(true), "supports-location-sharing": Boolean(true), "supports-live-delivery": Boolean(true), "supports-gti": Boolean(true), "supports-protobuf-payload-data-v2": Boolean(true), "supports-recurring-payment-bubbles": Boolean(true), "supports-queue-one-read-receipts-v3": Boolean(true), "supports-sticker-editing": Boolean(true), "supports-hdr": Boolean(true), "supports-group-photo-refresh-version": Real(1.0), "public-message-identity-version": Real(2.0), "supports-heif": Boolean(true), "supports-dq-nr": Boolean(true), "show-peer-errors": Boolean(true), "supports-send-later-messages": Boolean(true), "supports-audio-messaging-v2
01-18 15:47:09.712 I/flutter (15063): 2026-01-18T20:47:09.706775Z [INFO] [BlueBubblesApp] got message 30 0
01-18 15:47:09.724 I/flutter (15063): 2026-01-18T20:47:09.724143Z [INFO] [BlueBubblesApp] waitingForInit 30 0
01-18 15:47:09.724 I/flutter (15063): 2026-01-18T20:47:09.724862Z [INFO] [BlueBubblesApp] Handling 30 0
01-18 15:47:09.725 I/flutter (15063): 2026-01-18T20:47:09.724976Z [INFO] [BlueBubblesApp] starting 9E76214B-D76D-48CE-8133-96B813C68F96
01-18 15:47:09.796 I/flutter (15063): 2026-01-18T20:47:09.796361Z [INFO] [BlueBubblesApp] Reflecting 9E76214B-D76D-48CE-8133-96B813C68F96
01-18 15:47:09.796 I/flutter (15063): 2026-01-18T20:47:09.796556Z [INFO] [BlueBubblesApp] reflecting msg
01-18 15:47:09.805 I/flutter (15063): 2026-01-18T20:47:09.805909Z [INFO] [BlueBubblesApp] Reflect finished 9E76214B-D76D-48CE-8133-96B813C68F96
01-18 15:47:09.806 I/flutter (15063): 2026-01-18T20:47:09.806024Z [INFO] [BlueBubblesApp] Queing
01-18 15:47:09.807 I/flutter (15063): 2026-01-18T20:47:09.807045Z [INFO] [BlueBubblesApp] handling new null
01-18 15:47:09.807 I/flutter (15063): 2026-01-18T20:47:09.807636Z [INFO] [ActionHandler] New message: [As much as I love gronk, I would have liked to see “75”] - for chat [06a2d115-4e3e-416c-b0b6-98eec51e0c40]
01-18 15:47:09.814 I/flutter (15063): 2026-01-18T20:47:09.814750Z [INFO] [BlueBubblesApp] Marking as handled 30
01-18 15:47:09.814 I/flutter (15063): 2026-01-18T20:47:09.814903Z [INFO] [BlueBubblesApp] Marking as handled processing wait 30
01-18 15:47:10.433 I/flutter (15063): 2026-01-18T20:47:10.433090Z [INFO] [BlueBubblesApp] Sending method create-incoming-message-notification to Kotlin
01-18 15:47:10.440 D/BlueBubblesApp(15063): Received new method call from Dart with method create-incoming-message-notification
01-18 15:47:10.589 I/flutter (15063): 2026-01-18T20:47:10.589364Z [INFO] [BlueBubblesApp] Marking as handled commit 30
01-18 15:47:10.599 I/flutter (15063): 2026-01-18T20:47:10.599154Z [INFO] [BlueBubblesApp] finish message 30 0
01-18 15:47:13.991 I/flutter (15971): EPG: Program ingest took 70512ms
01-18 15:47:13.991 I/flutter (15971): EPG: Load (parse+ingest) total 121796ms
01-18 15:47:14.623 I/flutter (15971): EPG: Saved normalized mapping (8884 entries) to /data/user/0/com.risa.app/app_flutter/epg_normalized.json
01-18 15:47:14.640 I/flutter (15971): EPG: Saved cache backup to /data/user/0/com.risa.app/files/epg_cache_backup.xml.gz
01-18 15:47:14.640 I/flutter (15971): EPG: Successfully parsed 4032 channels and 4080 IDs with ~377605 programs
01-18 15:47:14.754 I/flutter (15971): SmartCache: EPG data cached (4032 channels)
01-18 15:47:14.774 I/flutter (15971): EPG: Persisting programs to DB...
01-18 15:47:17.664 E/LocSvc_APIClientBase( 1620): onResponseCb:996] ERROR: 5 ID: 210
01-18 15:47:17.674 I/XoFrequencyErrorDetector_FLP( 5286): updateData, GOOD,3,0
01-18 15:47:20.677 D/SLocation( 2561): ARDistanceLibManager - command callback received - CURRENT_LOCATION_REQUEST_DISTANCE ERROR CODE : ERROR_NONE
01-18 15:47:20.677 D/SLocation( 2561): CommonCoreManager - handleCommandCallback - FUNC_TYPE : SET_LOCATION  ERROR_CODE : ERROR_NONE
01-18 15:47:22.058 I/flutter (15063): 2026-01-18T20:47:22.058257Z [INFO] [BlueBubblesApp] got message 31 0
01-18 15:47:22.058 I/flutter (15063): 2026-01-18T20:47:22.058833Z [INFO] [BlueBubblesApp] waitingForInit 31 0
01-18 15:47:22.058 I/flutter (15063): 2026-01-18T20:47:22.058921Z [INFO] [BlueBubblesApp] Handling 31 0
01-18 15:47:22.058 I/flutter (15063): 2026-01-18T20:47:22.058960Z [INFO] [BlueBubblesApp] starting 2C8EDCB8-65FA-4828-BC63-C672467F86CC
01-18 15:47:22.075 I/flutter (15063): 2026-01-18T20:47:22.075139Z [INFO] [BlueBubblesApp] Marking as handled 31
01-18 15:47:22.075 I/flutter (15063): 2026-01-18T20:47:22.075280Z [INFO] [BlueBubblesApp] Marking as handled commit 31
01-18 15:47:22.076 I/flutter (15063): 2026-01-18T20:47:22.076241Z [INFO] [BlueBubblesApp] finish message 31 0
01-18 15:47:23.902 W/KeyguardClockStretchMeasureManager[stretch_ui]( 4166): initialize: error size mismatch size=1080.0x2340.0, id=clock:0:SingleDisplay:Landscape:LockScreenOnly:, displayValues=2340x1080
01-18 15:47:23.902 W/KeyguardClockPositionManager( 4166): initialize: error size mismatch size=1080.0x2340.0, id=clock:0:SingleDisplay:Landscape:LockScreenOnly:, displayValues=2340x1080
01-18 15:47:23.928 E/ClockPackSettingsUtils( 4166): isRoamingState: android.provider.Settings$SettingNotFoundException: easy_mode_switch
01-18 15:47:24.414 I/flutter (15971): EPG: Persisted 4032 channels to DB.
01-18 15:47:24.414 I/flutter (15971): EPG: Background EPG load took 132219ms
01-18 15:47:24.414 I/flutter (15971): EPG: ✓ Full EPG loaded in background
01-18 15:47:24.592 I/flutter (15971): Debug marker: epg_diagnostic_build
01-18 15:47:25.936 E/DatabaseUtils( 2561): Writing exception to parcel
01-18 15:47:25.936 E/DatabaseUtils( 2561): java.lang.SecurityException: com.jamworks.alwaysondisplay was not granted  this permission: android.permission.WRITE_SETTINGS.
01-18 15:47:25.937 E/DatabaseUtils( 2561): Writing exception to parcel
01-18 15:47:25.937 E/DatabaseUtils( 2561): java.lang.SecurityException: com.jamworks.alwaysondisplay was not granted  this permission: android.permission.WRITE_SETTINGS.
01-18 15:47:27.440 D/WindowOnBackDispatcher(15971): onBackInvoked, callback=io.flutter.embedding.android.FlutterActivity$1@c1e35d8
01-18 15:47:27.477 I/flutter (15971): content_focus: Shell requesting content focus
01-18 15:47:27.478 W/WindowOnBackDispatcher(15971): sendCancelIfRunning: isInProgress=false callback=io.flutter.embedding.android.FlutterActivity$1@c1e35d8
01-18 15:47:27.479 W/WindowOnBackDispatcher(15971): sendCancelIfRunning: isInProgress=false callback=io.flutter.embedding.android.FlutterActivity$1@c1e35d8
01-18 15:47:27.492 I/flutter (15971): content_focus: Fallback succeeded
01-18 15:47:28.659 D/WindowOnBackDispatcher(15971): onBackInvoked, callback=io.flutter.embedding.android.FlutterActivity$1@c1e35d8
01-18 15:47:28.676 I/flutter (15971): content_focus: Shell registered focus callback token=26
01-18 15:47:28.676 I/flutter (15971): content_focus: Registered content focus: LiveTVScreen (token: 26)
01-18 15:47:28.676 I/flutter (15971): LiveTV: Categories empty but channels present (7205), requesting prefetch...
01-18 15:47:28.677 I/flutter (15971): LiveTV: Processing 63 new categories (total: 63, current: 0)
01-18 15:47:28.681 I/flutter (15971): EPG: ensureChannelsLoadedBatch called with 6 channels
01-18 15:47:28.682 I/flutter (15971): EPG: ensureChannelsLoadedBatch - no new channels to load (all already loaded or pending)
01-18 15:47:28.682 I/flutter (15971): LiveTV: Hero waiting for EPG (6ms, batchLoading=true)
01-18 15:47:28.693 I/flutter (15971): content_focus: Shell requesting content focus
01-18 15:47:28.694 I/flutter (15971): LiveTV: Updated _categoryNames to 63, visibleCount: 63
01-18 15:47:28.694 I/flutter (15971): LiveTV: Fetched 63 categories
01-18 15:47:28.694 I/flutter (15971): LiveTV: Initialized featured index to 6207
01-18 15:47:28.696 W/WindowOnBackDispatcher(15971): sendCancelIfRunning: isInProgress=false callback=io.flutter.embedding.android.FlutterActivity$1@c1e35d8
01-18 15:47:28.697 W/WindowOnBackDispatcher(15971): sendCancelIfRunning: isInProgress=false callback=io.flutter.embedding.android.FlutterActivity$1@c1e35d8
01-18 15:47:28.698 W/WindowOnBackDispatcher(15971): sendCancelIfRunning: isInProgress=false callback=io.flutter.embedding.android.FlutterActivity$1@c1e35d8
01-18 15:47:28.708 I/flutter (15971): LiveTV: Processing 57 new categories (total: 63, current: 6)
01-18 15:47:28.709 I/flutter (15971): EPG: ensureChannelsLoadedBatch called with 7 channels
01-18 15:47:28.709 I/flutter (15971): EPG: ensureChannelsLoadedBatch - no new channels to load (all already loaded or pending)
01-18 15:47:28.709 I/flutter (15971): LiveTV: Hero waiting for EPG (33ms, batchLoading=true)
01-18 15:47:28.713 I/flutter (15971): content_focus: Focus request succeeded for LiveTVScreen
01-18 15:47:28.713 I/flutter (15971): content_focus: Callback succeeded
01-18 15:47:28.713 I/flutter (15971): LiveTV: Updated _categoryNames to 63, visibleCount: 8
01-18 15:47:28.725 I/flutter (15971): EPG: ensureChannelsLoadedBatch called with 7 channels
01-18 15:47:28.725 I/flutter (15971): EPG: ensureChannelsLoadedBatch - no new channels to load (all already loaded or pending)
01-18 15:47:28.725 I/flutter (15971): LiveTV: Hero waiting for EPG (49ms, batchLoading=true)
01-18 15:47:28.742 I/flutter (15971): EPG: ensureChannelsLoadedBatch called with 7 channels
01-18 15:47:28.742 I/flutter (15971): EPG: ensureChannelsLoadedBatch - no new channels to load (all already loaded or pending)
01-18 15:47:28.743 I/flutter (15971): LiveTV: Hero waiting for EPG (66ms, batchLoading=true)
01-18 15:47:28.761 I/flutter (15971): EPG: ensureChannelsLoadedBatch called with 7 channels
01-18 15:47:28.762 I/flutter (15971): EPG: ensureChannelsLoadedBatch - no new channels to load (all already loaded or pending)
01-18 15:47:28.762 I/flutter (15971): LiveTV: Hero waiting for EPG (86ms, batchLoading=true)
01-18 15:47:28.777 I/flutter (15971): EPG: ensureChannelsLoadedBatch called with 7 channels
01-18 15:47:28.777 I/flutter (15971): EPG: ensureChannelsLoadedBatch - no new channels to load (all already loaded or pending)
01-18 15:47:28.777 I/flutter (15971): LiveTV: Hero waiting for EPG (101ms, batchLoading=true)
01-18 15:47:28.792 I/flutter (15971): EPG: ensureChannelsLoadedBatch called with 7 channels
01-18 15:47:28.792 I/flutter (15971): EPG: ensureChannelsLoadedBatch - no new channels to load (all already loaded or pending)
01-18 15:47:28.793 I/flutter (15971): LiveTV: Hero waiting for EPG (116ms, batchLoading=true)
01-18 15:47:28.810 I/flutter (15971): EPG: ensureChannelsLoadedBatch called with 7 channels
01-18 15:47:28.810 I/flutter (15971): EPG: ensureChannelsLoadedBatch - no new channels to load (all already loaded or pending)
01-18 15:47:28.810 I/flutter (15971): LiveTV: Hero waiting for EPG (134ms, batchLoading=true)
01-18 15:47:28.826 I/flutter (15971): EPG: ensureChannelsLoadedBatch called with 7 channels
01-18 15:47:28.827 I/flutter (15971): EPG: ensureChannelsLoadedBatch - no new channels to load (all already loaded or pending)
01-18 15:47:28.827 I/flutter (15971): LiveTV: Hero waiting for EPG (151ms, batchLoading=true)
01-18 15:47:28.843 I/flutter (15971): EPG: ensureChannelsLoadedBatch called with 7 channels
01-18 15:47:28.843 I/flutter (15971): EPG: ensureChannelsLoadedBatch - no new channels to load (all already loaded or pending)
01-18 15:47:28.843 I/flutter (15971): LiveTV: Hero waiting for EPG (167ms, batchLoading=true)
01-18 15:47:28.859 I/flutter (15971): EPG: ensureChannelsLoadedBatch called with 7 channels
01-18 15:47:28.859 I/flutter (15971): EPG: ensureChannelsLoadedBatch - no new channels to load (all already loaded or pending)
01-18 15:47:28.860 I/flutter (15971): LiveTV: Hero waiting for EPG (183ms, batchLoading=true)
01-18 15:47:28.875 I/flutter (15971): EPG: ensureChannelsLoadedBatch called with 7 channels
01-18 15:47:28.875 I/flutter (15971): EPG: ensureChannelsLoadedBatch - no new channels to load (all already loaded or pending)
01-18 15:47:28.875 I/flutter (15971): LiveTV: Hero waiting for EPG (199ms, batchLoading=true)
01-18 15:47:28.892 I/flutter (15971): EPG: ensureChannelsLoadedBatch called with 7 channels
01-18 15:47:28.892 I/flutter (15971): EPG: ensureChannelsLoadedBatch - no new channels to load (all already loaded or pending)
01-18 15:47:28.893 I/flutter (15971): LiveTV: Hero waiting for EPG (216ms, batchLoading=true)
01-18 15:47:28.909 I/flutter (15971): EPG: ensureChannelsLoadedBatch called with 7 channels
01-18 15:47:28.909 I/flutter (15971): EPG: ensureChannelsLoadedBatch - no new channels to load (all already loaded or pending)
01-18 15:47:28.910 I/flutter (15971): LiveTV: Hero waiting for EPG (233ms, batchLoading=true)
01-18 15:47:28.926 I/flutter (15971): EPG: ensureChannelsLoadedBatch called with 7 channels
01-18 15:47:28.926 I/flutter (15971): EPG: ensureChannelsLoadedBatch - no new channels to load (all already loaded or pending)
01-18 15:47:28.927 I/flutter (15971): LiveTV: Hero waiting for EPG (250ms, batchLoading=true)
01-18 15:47:28.943 I/flutter (15971): EPG: ensureChannelsLoadedBatch called with 7 channels
01-18 15:47:28.943 I/flutter (15971): EPG: ensureChannelsLoadedBatch - no new channels to load (all already loaded or pending)
01-18 15:47:28.943 I/flutter (15971): LiveTV: Hero waiting for EPG (267ms, batchLoading=true)
01-18 15:47:28.960 I/flutter (15971): EPG: ensureChannelsLoadedBatch called with 7 channels
01-18 15:47:28.960 I/flutter (15971): EPG: ensureChannelsLoadedBatch - no new channels to load (all already loaded or pending)
01-18 15:47:28.960 I/flutter (15971): LiveTV: Hero waiting for EPG (283ms, batchLoading=true)
01-18 15:47:28.977 I/flutter (15971): EPG: ensureChannelsLoadedBatch called with 7 channels
01-18 15:47:28.978 I/flutter (15971): EPG: ensureChannelsLoadedBatch - no new channels to load (all already loaded or pending)
01-18 15:47:28.978 I/flutter (15971): LiveTV: Hero waiting for EPG (301ms, batchLoading=true)
01-18 15:47:28.985 I/flutter (15971): content_focus: Unregistered content focus: SettingsScreen (token: 22)
01-18 15:47:28.993 I/flutter (15971): EPG: ensureChannelsLoadedBatch called with 7 channels
01-18 15:47:28.993 I/flutter (15971): EPG: ensureChannelsLoadedBatch - no new channels to load (all already loaded or pending)
01-18 15:47:28.993 I/flutter (15971): LiveTV: Hero waiting for EPG (317ms, batchLoading=true)
01-18 15:47:29.009 I/flutter (15971): EPG: ensureChannelsLoadedBatch called with 7 channels
01-18 15:47:29.009 I/flutter (15971): EPG: ensureChannelsLoadedBatch - no new channels to load (all already loaded or pending)
01-18 15:47:29.009 I/flutter (15971): LiveTV: Hero waiting for EPG (333ms, batchLoading=true)
01-18 15:47:29.026 I/flutter (15971): EPG: ensureChannelsLoadedBatch called with 7 channels
01-18 15:47:29.026 I/flutter (15971): EPG: ensureChannelsLoadedBatch - no new channels to load (all already loaded or pending)
01-18 15:47:29.026 I/flutter (15971): LiveTV: Hero waiting for EPG (350ms, batchLoading=true)
01-18 15:47:29.044 I/flutter (15971): EPG: ensureChannelsLoadedBatch called with 7 channels
01-18 15:47:29.044 I/flutter (15971): EPG: ensureChannelsLoadedBatch - no new channels to load (all already loaded or pending)
01-18 15:47:29.044 I/flutter (15971): LiveTV: Hero waiting for EPG (368ms, batchLoading=true)
01-18 15:47:29.061 I/flutter (15971): EPG: ensureChannelsLoadedBatch called with 7 channels
01-18 15:47:29.061 I/flutter (15971): EPG: ensureChannelsLoadedBatch - no new channels to load (all already loaded or pending)
01-18 15:47:29.061 I/flutter (15971): LiveTV: Hero waiting for EPG (385ms, batchLoading=true)
01-18 15:47:29.076 I/flutter (15971): EPG: ensureChannelsLoadedBatch called with 7 channels
01-18 15:47:29.076 I/flutter (15971): EPG: ensureChannelsLoadedBatch - no new channels to load (all already loaded or pending)
01-18 15:47:29.076 I/flutter (15971): LiveTV: Hero waiting for EPG (400ms, batchLoading=true)
01-18 15:47:29.092 I/flutter (15971): EPG: ensureChannelsLoadedBatch called with 7 channels
01-18 15:47:29.092 I/flutter (15971): EPG: ensureChannelsLoadedBatch - no new channels to load (all already loaded or pending)
01-18 15:47:29.093 I/flutter (15971): LiveTV: Hero waiting for EPG (416ms, batchLoading=true)
01-18 15:47:29.109 I/flutter (15971): EPG: ensureChannelsLoadedBatch called with 7 channels
01-18 15:47:29.109 I/flutter (15971): EPG: ensureChannelsLoadedBatch - no new channels to load (all already loaded or pending)
01-18 15:47:29.109 I/flutter (15971): LiveTV: Hero waiting for EPG (433ms, batchLoading=true)
01-18 15:47:29.127 I/flutter (15971): EPG: ensureChannelsLoadedBatch called with 7 channels
01-18 15:47:29.127 I/flutter (15971): EPG: ensureChannelsLoadedBatch - no new channels to load (all already loaded or pending)
01-18 15:47:29.127 I/flutter (15971): LiveTV: Hero waiting for EPG (451ms, batchLoading=true)
01-18 15:47:29.144 I/flutter (15971): EPG: ensureChannelsLoadedBatch called with 7 channels
01-18 15:47:29.144 I/flutter (15971): EPG: ensureChannelsLoadedBatch - no new channels to load (all already loaded or pending)
01-18 15:47:29.145 I/flutter (15971): LiveTV: Hero waiting for EPG (468ms, batchLoading=true)
01-18 15:47:29.161 I/flutter (15971): EPG: ensureChannelsLoadedBatch called with 7 channels
