01-27 09:42:35.921 16875 16875 I flutter : EPG: ensureChannelsLoadedBatch called with 59 channels
01-27 09:42:35.921 16875 16875 I flutter : EPG: ensureChannelsLoadedBatch - queueing 8 channels for batch load
01-27 09:42:35.934 16875 17173 I VideoCapabilities: Unsupported profile 4 for video/mp4v-es
01-27 09:42:35.965  3428  3428 I APM_AudioPolicyManager: getProfileForOutput: Current module is msd ignore this profile
01-27 09:42:35.975  3428  3428 I chatty  : uid=1041(audioserver) /system/bin/audioserver identical 7 lines
01-27 09:42:35.979  3428  3428 I APM_AudioPolicyManager: getProfileForOutput: Current module is msd ignore this profile
01-27 09:42:36.008 16875 17173 I android_os_HwBinder: HwBinder: Starting thread pool for getting: vendor.nvidia.hardware.cpl.service_common@1.0::INvCplHalCommonService/default
01-27 09:42:36.023 16875 17178 I OMXClient: IOmx service obtained
01-27 09:42:36.029  3596  3596 I OMXMaster: makeComponentInstance(OMX.Nvidia.h264.decode) in android.hardwar process
01-27 09:42:36.045 16875 17173 I android_os_HwBinder: HwBinder: Starting thread pool for getting: vendor.nvidia.hardware.cpl.service_common@1.0::INvCplHalCommonService/default
01-27 09:42:36.049 16875 17173 I chatty  : uid=10271(com.risa.app) ExoPlayer:Playb identical 1 line
01-27 09:42:36.051 16875 17173 I android_os_HwBinder: HwBinder: Starting thread pool for getting: vendor.nvidia.hardware.cpl.service_common@1.0::INvCplHalCommonService/default
01-27 09:42:36.054 16875 17177 D MediaCodec: flushMediametrics
01-27 09:42:36.054 16875 17177 D SurfaceUtils: connecting to surface 0x27e3222520, reason connectToSurface
01-27 09:42:36.054 16875 17177 I MediaCodec: [OMX.Nvidia.h264.decode] setting surface generation to 17280001
01-27 09:42:36.054 16875 17177 D SurfaceUtils: disconnecting from surface 0x27e3222520, reason connectToSurface(reconnect)
01-27 09:42:36.054 16875 17177 D SurfaceUtils: connecting to surface 0x27e3222520, reason connectToSurface(reconnect)
01-27 09:42:36.075  3596  3596 D NvOsDebugPrintf: NVX_IndexParamAllocateNativeHandle : Using Native Handles
01-27 09:42:36.075  3596 14377 E OMXNodeInstance: getParameter(0x4b5808d0:Nvidia.h264.decode, ??(0x6f600011)) ERROR: NotImplemented(0x80001006)
01-27 09:42:36.084  3596 17179 D NvOsDebugPrintf: NvMMLiteOpen : Block : BlockType = 261 
01-27 09:42:36.084  3596 17179 D NvOsDebugPrintf: NVMEDIA: NvMMLiteTVMRDecBlockOpen: 3532: NvMMLiteBlockOpen 
01-27 09:42:36.090  3596 17179 D NvOsDebugPrintf: NVMEDIA: RefreshRate = 59.940000 
01-27 09:42:36.090  3596 17179 D NvOsDebugPrintf: NVMEDIA: Reading vendor.tegra.display-size : status: 0 
01-27 09:42:36.090  3596 17179 D NvOsDebugPrintf: NVMEDIA: DisplayWidth = 3840, DisplayHeight = 2160 
01-27 09:42:36.091  3596 17179 D NvOsDebugPrintf: NVMEDIA: RefreshRate = 59.940000 
01-27 09:42:36.091  3596 17179 D NvOsDebugPrintf: NvMMLiteBlockCreate : Block : BlockType = 261 
01-27 09:42:36.091  3596 17179 D NvOsDebugPrintf: WARNING! HDRStatic info being set, even for non SMPTE 2084 case
01-27 09:42:36.091  3596 17179 D NvOsDebugPrintf: WARNING! This media may play as non HDR
01-27 09:42:36.091 16875 17178 I ACodec  : Enable timestamp filtering for Video Decoder
01-27 09:42:36.092  3596  3596 E OMXNodeInstance: getConfig(0x4b5808d0:Nvidia.h264.decode, ConfigAndroidVendorExtension(0x6f100004)) ERROR: UnsupportedIndex(0x8000101a)
01-27 09:42:36.092 16875 17178 I ACodec  : Get OMX_IndexConfigScale: 0x10000/0x10000
01-27 09:42:36.092 16875 17178 I ACodec  : Scaled Width is 1280, height is 720
01-27 09:42:36.116 16875 17178 D SurfaceUtils: set up nativeWindow 0x27e3222520 for 1280x720, color 0x106, rotation 0, usage 0x2900
01-27 09:42:36.117  3588 11435 W ResourceManagerService: Ignoring request to add new resource entry with value <= 0
01-27 09:42:36.118  2877  2877 I hwservicemanager: getTransport: Cannot find entry android.hardware.graphics.allocator@4.0::IAllocator/default in either framework or device manifest.
01-27 09:42:36.118 16875 17178 W Gralloc4: allocator 3.x is not supported
01-27 09:42:36.119  2877  2877 I hwservicemanager: getTransport: Cannot find entry android.hardware.graphics.allocator@3.0::IAllocator/default in either framework or device manifest.
01-27 09:42:36.119 16875 17178 W Gralloc3: allocator 3.x is not supported
01-27 09:42:36.140 16875 17173 I android_os_HwBinder: HwBinder: Starting thread pool for getting: vendor.nvidia.hardware.cpl.service_common@1.0::INvCplHalCommonService/default
01-27 09:42:36.144 16875 17184 I OMXClient: IOmx service obtained
01-27 09:42:36.145  3596  3596 I OMXMaster: makeComponentInstance(OMX.google.aac.decoder) in android.hardwar process
01-27 09:42:36.146  3596 17181 D NvOsDebugPrintf: NVMEDIA: RefreshRate = 59.940000 
01-27 09:42:36.146  3596 17181 D NvOsDebugPrintf: NVMEDIA: bEnableVideoSmootheningbEnable = 0 
01-27 09:42:36.146  3596 17181 D NvOsDebugPrintf: NVMEDIA: cbBeginSequence: 175: BeginSequence  1280x720, bVPR = 0
01-27 09:42:36.146  3596 17181 D NvOsDebugPrintf: NVMEDIA: cbBeginSequence: 551: DecodeBuffers = 3, pnvsi->eCodec = 0
01-27 09:42:36.153  3596 17181 D NvOsDebugPrintf: NVMEDIA: cbBeginSequence: 630: Display Resolution : (1280x720) 
01-27 09:42:36.153  3596 17181 D NvOsDebugPrintf: NVMEDIA: cbBeginSequence: 631: Display Aspect Ratio : (1280x720) 
01-27 09:42:36.153  3596 17181 D NvOsDebugPrintf: NVMEDIA: cbBeginSequence: 727: ColorFormat : 5 
01-27 09:42:36.153  3596 17181 D NvOsDebugPrintf: NVMEDIA: cbBeginSequence:738 ColorSpace = NvColorSpace_YCbCr709
01-27 09:42:36.153  3596 17181 D NvOsDebugPrintf: NVMEDIA: cbBeginSequence: 857: SurfaceLayout = 3
01-27 09:42:36.153  3596 17181 D NvOsDebugPrintf: NVMEDIA: cbBeginSequence: 991: NumOfSurfaces = 7, InteraceStream = 0, InterlaceEnabled = 0, bSecure = 0, MVC = 0 Semiplanar = 1, bReinit = 1, BitDepthForSurface = 8 LumaBitDepth = 8, ChromaBitDepth = 8, ChromaFormat = 5
01-27 09:42:36.153  3596 17181 D NvOsDebugPrintf: NVMEDIA: cbBeginSequence: 993: BeginSequence  ColorPrimaries = 1, TransferCharacteristics = 1, MatrixCoefficients = 1
01-27 09:42:36.153  3596 17181 D NvOsDebugPrintf: Allocating new output: 1280x720 (x 7), ThumbnailMode = 0
01-27 09:42:36.153  3596 17181 D NvOsDebugPrintf: 
01-27 09:42:36.153  3596 17181 D NvOsDebugPrintf:                          bitDepth ========================================> 8 
01-27 09:42:36.153  3596 17181 D NvOsDebugPrintf:                          NewStreamInfo->bValidMasteringDispData ==========> 0 
01-27 09:42:36.153  3596 17181 D NvOsDebugPrintf:                          bAllowClientValues ==============================> 0 
01-27 09:42:36.153  3596 17181 D NvOsDebugPrintf:                          NewStreamInfo->bValidContentLightLevelInfo ======> 0 
01-27 09:42:36.153  3596 17181 D NvOsDebugPrintf: OPENMAX: HandleNewStreamFormat: 3609: Send OMX_EventPortSettingsChanged: nFrameWidth = 1280, nFrameHeight = 720 
01-27 09:42:36.154 16875 17178 I ACodec  : Get OMX_IndexConfigScale: 0x10000/0x10000
01-27 09:42:36.154 16875 17178 I ACodec  : Scaled Width is 1280, height is 720
01-27 09:42:36.156 16875 17178 D SurfaceUtils: set up nativeWindow 0x27e3222520 for 1280x720, color 0x146, rotation 0, usage 0x2900
01-27 09:42:36.171  3596 17181 D NvOsDebugPrintf: NVMEDIA: FrameRate = 62 
01-27 09:42:36.171 16875 16875 I flutter : LiveTV artwork NONE: channel="Awe" (id=awe.us) reason=no_current_program_from_epg (hasProgramsForChannel=true, isLoading=false, isParsing=false, availableChannels=612)
01-27 09:42:36.171 16875 17178 I ACodec  : Get OMX_IndexConfigScale: 0x10000/0x10000
01-27 09:42:36.171 16875 17178 I ACodec  : Scaled Width is 1280, height is 720
01-27 09:42:36.172 16875 16875 I flutter : LiveTV artwork NONE: channel="ABC6 WLNE" (id=abcwlneprovidenceri.us) reason=no_current_program_from_epg (hasProgramsForChannel=false, isLoading=false, isParsing=false, availableChannels=612)
01-27 09:42:36.178 16875 16875 I flutter : EPG: ensureChannelsLoadedBatch called with 13 channels
01-27 09:42:36.178 16875 16875 I flutter : EPG: ensureChannelsLoadedBatch - no new channels to load (all already loaded or pending)
01-27 09:42:36.178 16875 16875 I flutter : EPG: ensureChannelsLoadedBatch called with 1 channels
01-27 09:42:36.178 16875 16875 I flutter : EPG: ensureChannelsLoadedBatch - no new channels to load (all already loaded or pending)
01-27 09:42:36.179 16875 16875 I flutter : EPG: ensureChannelsLoadedBatch called with 12 channels
01-27 09:42:36.179 16875 16875 I flutter : EPG: ensureChannelsLoadedBatch - no new channels to load (all already loaded or pending)
01-27 09:42:36.212 16875 17173 I android_os_HwBinder: HwBinder: Starting thread pool for getting: vendor.nvidia.hardware.cpl.service_common@1.0::INvCplHalCommonService/default
01-27 09:42:36.215 16875 17173 I chatty  : uid=10271(com.risa.app) ExoPlayer:Playb identical 1 line
01-27 09:42:36.217 16875 17173 I android_os_HwBinder: HwBinder: Starting thread pool for getting: vendor.nvidia.hardware.cpl.service_common@1.0::INvCplHalCommonService/default
01-27 09:42:36.219 16875 17184 D MediaCodec: flushMediametrics
01-27 09:42:36.220  3596 27378 E OMXNodeInstance: setConfig(0x4b5802b0:google.aac.decoder, ConfigPriority(0x6f800002)) ERROR: Undefined(0x80001001)
01-27 09:42:36.220 16875 17184 I ACodec  : codec does not support config priority (err -2147483648)
01-27 09:42:36.220  3596  4962 E OMXNodeInstance: getConfig(0x4b5802b0:google.aac.decoder, ConfigAndroidVendorExtension(0x6f100004)) ERROR: Undefined(0x80001001)
01-27 09:42:36.220  3596  4962 D SoftAAC2: get OMX_IndexParamAudioAndroidAacDrcPresentation
01-27 09:42:36.221  3596 17185 I SimpleSoftOMXComponent: state: 2, mState: 1 mTargetState: 1
01-27 09:42:36.224  3596 17185 I SimpleSoftOMXComponent: state: 3, mState: 2 mTargetState: 2
01-27 09:42:36.227  3596 17185 D SoftAAC2: update Loudness, before = -1, now = 64
01-27 09:42:36.227  3596 17185 I SoftAAC2: Reconfiguring decoder: 0->44100 Hz, 0->2 channels
01-27 09:42:36.228  3596 27378 D SoftAAC2: get OMX_IndexParamAudioAndroidAacDrcPresentation
01-27 09:42:36.236  3428  3428 I APM_AudioPolicyManager: getProfileForOutput: Current module is msd ignore this profile
01-27 09:42:36.237  3428  3428 I chatty  : uid=1041(audioserver) /system/bin/audioserver identical 5 lines
01-27 09:42:36.237  3428  3428 I APM_AudioPolicyManager: getProfileForOutput: Current module is msd ignore this profile
01-27 09:42:36.267  3428  3428 I APM_AudioPolicyManager: getOutputForAttrInt() device {type:0x400,@:}, sampling rate 44100, format 0x1, channel mask 0x3, flags 0x8 stream AUDIO_STREAM_MUSIC
01-27 09:42:36.267  3362  4462 I nvaudio_hw: prop_get:hw_dev->is_native_sample_rate:0
01-27 09:42:36.268  3428  3428 I APM_AudioPolicyManager: getOutputForAttrInt returns output 13 selectedDeviceId 632 for device {type:0x400,@:}, sampling rate 44100, format 0x1, channel mask 0x3, flags 0x8 stream AUDIO_STREAM_MUSIC
01-27 09:42:36.268  3428  3428 W AudioFlinger: createTrack_l(): mismatch between requested flags (00000008) and output flags (00000006)
01-27 09:42:36.268  3428  3428 D AudioFlinger: Client defaulted notificationFrames to 5512 for frameCount 11025
01-27 09:42:36.272  3428  3428 D AF::TrackHandle: OpPlayAudio: track:413 usage:1 not muted
01-27 09:42:36.309  3709  5324 I system_server: oneway function results will be dropped but finished with status OK and parcel size 4
01-27 09:42:36.310  3709  5324 I chatty  : uid=1000(system) Binder:3709_16 identical 4 lines
01-27 09:42:36.310  3709  5324 I system_server: oneway function results will be dropped but finished with status OK and parcel size 4
01-27 09:42:36.406 16875 16875 I flutter : EPG: ensureChannelsLoadedBatch called with 12 channels
01-27 09:42:36.406 16875 16875 I flutter : EPG: ensureChannelsLoadedBatch - no new channels to load (all already loaded or pending)
01-27 09:42:36.414 16875 16875 I flutter : EPG: Batch timer fired, loading 8 channels
01-27 09:42:36.414 16875 16875 I flutter : EPG: _loadProgramsFromDbBatch called with 8 epgIds, dbReady=true, dbDisabled=false, suspendReads=false
01-27 09:42:36.422 16875 16875 I flutter : EPG: DB query returned 0 program rows for 8 channels
01-27 09:42:36.422 16875 16875 I flutter : EPG: No programs found in DB for requested channels
01-27 09:42:36.426 16875 16875 I flutter : EPG: ensureChannelsLoadedBatch called with 59 channels
01-27 09:42:36.426 16875 16875 I flutter : EPG: ensureChannelsLoadedBatch - queueing 8 channels for batch load
01-27 09:42:36.437  3542 17175 W adbd    : timed out while waiting for FUNCTIONFS_BIND, trying again
01-27 09:42:36.437  3542 17175 I adbd    : UsbFfs: connection terminated: monitor thread finished
01-27 09:42:36.437  3542  3542 I adbd    : UsbFfs: already offline
01-27 09:42:36.437  3542  3542 I adbd    : destroying transport UsbFfs
01-27 09:42:36.437  3542  3542 I adbd    : UsbFfsConnection being destroyed
01-27 09:42:36.470  3542  3583 I adbd    : opening control endpoint /dev/usb-ffs/adb/ep0
01-27 09:42:36.471  3542  3583 I adbd    : UsbFfsConnection constructed
01-27 09:42:36.472  3542 17188 I adbd    : UsbFfs-monitor thread spawned
01-27 09:42:36.652 16875 16875 I flutter : LiveTV artwork NONE: channel="Awe" (id=awe.us) reason=no_current_program_from_epg (hasProgramsForChannel=true, isLoading=false, isParsing=false, availableChannels=612)
01-27 09:42:36.653 16875 16875 I flutter : LiveTV artwork NONE: channel="ABC6 WLNE" (id=abcwlneprovidenceri.us) reason=no_current_program_from_epg (hasProgramsForChannel=false, isLoading=false, isParsing=false, availableChannels=612)
01-27 09:42:36.658 16875 16875 I flutter : EPG: ensureChannelsLoadedBatch called with 13 channels
01-27 09:42:36.658 16875 16875 I flutter : EPG: ensureChannelsLoadedBatch - no new channels to load (all already loaded or pending)
01-27 09:42:36.658 16875 16875 I flutter : EPG: ensureChannelsLoadedBatch called with 1 channels
01-27 09:42:36.659 16875 16875 I flutter : EPG: ensureChannelsLoadedBatch - no new channels to load (all already loaded or pending)
01-27 09:42:36.660 16875 16875 I flutter : EPG: ensureChannelsLoadedBatch called with 12 channels
01-27 09:42:36.660 16875 16875 I flutter : EPG: ensureChannelsLoadedBatch - no new channels to load (all already loaded or pending)
01-27 09:42:36.888 16875 16875 I flutter : EPG: ensureChannelsLoadedBatch called with 12 channels
01-27 09:42:36.888 16875 16875 I flutter : EPG: ensureChannelsLoadedBatch - no new channels to load (all already loaded or pending)
01-27 09:42:36.895 16875 16875 I flutter : EPG: Batch timer fired, loading 8 channels
01-27 09:42:36.895 16875 16875 I flutter : EPG: _loadProgramsFromDbBatch called with 8 epgIds, dbReady=true, dbDisabled=false, suspendReads=false
01-27 09:42:36.903 16875 16875 I flutter : EPG: DB query returned 0 program rows for 8 channels
01-27 09:42:36.903 16875 16875 I flutter : EPG: No programs found in DB for requested channels
01-27 09:42:36.906 16875 16875 I flutter : EPG: ensureChannelsLoadedBatch called with 59 channels
01-27 09:42:36.906 16875 16875 I flutter : EPG: ensureChannelsLoadedBatch - queueing 8 channels for batch load
01-27 09:42:37.133 16875 16875 I flutter : LiveTV artwork NONE: channel="Awe" (id=awe.us) reason=no_current_program_from_epg (hasProgramsForChannel=true, isLoading=false, isParsing=false, availableChannels=612)
01-27 09:42:37.134 16875 16875 I flutter : LiveTV artwork NONE: channel="ABC6 WLNE" (id=abcwlneprovidenceri.us) reason=no_current_program_from_epg (hasProgramsForChannel=false, isLoading=false, isParsing=false, availableChannels=612)
01-27 09:42:37.139 16875 16875 I flutter : EPG: ensureChannelsLoadedBatch called with 13 channels
01-27 09:42:37.139 16875 16875 I flutter : EPG: ensureChannelsLoadedBatch - no new channels to load (all already loaded or pending)
01-27 09:42:37.139 16875 16875 I flutter : EPG: ensureChannelsLoadedBatch called with 1 channels
01-27 09:42:37.139 16875 16875 I flutter : EPG: ensureChannelsLoadedBatch - no new channels to load (all already loaded or pending)
01-27 09:42:37.140 16875 16875 I flutter : EPG: ensureChannelsLoadedBatch called with 12 channels
01-27 09:42:37.141 16875 16875 I flutter : EPG: ensureChannelsLoadedBatch - no new channels to load (all already loaded or pending)
01-27 09:42:37.367 16875 16875 I flutter : EPG: ensureChannelsLoadedBatch called with 12 channels
01-27 09:42:37.367 16875 16875 I flutter : EPG: ensureChannelsLoadedBatch - no new channels to load (all already loaded or pending)
01-27 09:42:37.373 16875 16875 I flutter : EPG: Batch timer fired, loading 8 channels
01-27 09:42:37.373 16875 16875 I flutter : EPG: _loadProgramsFromDbBatch called with 8 epgIds, dbReady=true, dbDisabled=false, suspendReads=false
01-27 09:42:37.380 16875 16875 I flutter : EPG: DB query returned 0 program rows for 8 channels
01-27 09:42:37.380 16875 16875 I flutter : EPG: No programs found in DB for requested channels
01-27 09:42:37.391 16875 16875 I flutter : EPG: ensureChannelsLoadedBatch called with 59 channels
01-27 09:42:37.391 16875 16875 I flutter : EPG: ensureChannelsLoadedBatch - queueing 8 channels for batch load
01-27 09:42:37.393  3709  3723 I MediaFocusControl: requestAudioFocus() from uid/pid 10271/16875 clientId=android.media.AudioManager@758ab97androidx.media3.exoplayer.AudioFocusManager$$ExternalSyntheticLambda0@2d34184 callingPack=com.risa.app req=1 flags=0x0 sdk=36
01-27 09:42:37.423  3362  5349 E nvaudio_hw: nvaudio_dev_create_audio_patch(): handle generated, handle:37
01-27 09:42:37.423  3362  5349 I nvaudio_hw: num_sinks = 1 out->num_devices = 0  out->devices1[out->num_devices] = 1024 
01-27 09:42:37.433  3709  3723 I system_server: oneway function results will be dropped but finished with status OK and parcel size 4
01-27 09:42:37.438  3428  3853 I APM_AudioPolicyManager: getProfileForOutput: Current module is msd ignore this profile
01-27 09:42:37.439  3428  3853 I chatty  : uid=1041(audioserver) Binder:3428_4 identical 5 lines
01-27 09:42:37.439  3428  3853 I APM_AudioPolicyManager: getProfileForOutput: Current module is msd ignore this profile
01-27 09:42:37.456  3362  5745 W nvaudio_hw: UNDERRUN DETECTED for hdmi-playback ret 0 avail 30908333 
01-27 09:42:37.473  3542 17188 W adbd    : timed out while waiting for FUNCTIONFS_BIND, trying again
01-27 09:42:37.473  3542 17188 I adbd    : UsbFfs: connection terminated: monitor thread finished
01-27 09:42:37.473  3542  3542 I adbd    : UsbFfs: already offline
01-27 09:42:37.473  3542  3542 I adbd    : destroying transport UsbFfs
01-27 09:42:37.473  3542  3542 I adbd    : UsbFfsConnection being destroyed
01-27 09:42:37.482 16875 17173 D AudioTrack: getTimestamp_l(636): device stall time corrected using current time 662093731904248
01-27 09:42:37.518  3542  3583 I adbd    : opening control endpoint /dev/usb-ffs/adb/ep0
01-27 09:42:37.519  3542  3583 I adbd    : UsbFfsConnection constructed
01-27 09:42:37.519  3542 17189 I adbd    : UsbFfs-monitor thread spawned
01-27 09:42:37.625 16875 16875 I flutter : LiveTV artwork NONE: channel="Awe" (id=awe.us) reason=no_current_program_from_epg (hasProgramsForChannel=true, isLoading=false, isParsing=false, availableChannels=612)
01-27 09:42:37.626 16875 16875 I flutter : LiveTV artwork NONE: channel="ABC6 WLNE" (id=abcwlneprovidenceri.us) reason=no_current_program_from_epg (hasProgramsForChannel=false, isLoading=false, isParsing=false, availableChannels=612)
01-27 09:42:37.631 16875 16875 I flutter : EPG: ensureChannelsLoadedBatch called with 12 channels
01-27 09:42:37.631 16875 16875 I flutter : EPG: ensureChannelsLoadedBatch - no new channels to load (all already loaded or pending)
01-27 09:42:37.631 16875 16875 I flutter : EPG: ensureChannelsLoadedBatch called with 1 channels
01-27 09:42:37.631 16875 16875 I flutter : EPG: ensureChannelsLoadedBatch - no new channels to load (all already loaded or pending)
01-27 09:42:37.632 16875 16875 I flutter : EPG: ensureChannelsLoadedBatch called with 12 channels
01-27 09:42:37.633 16875 16875 I flutter : EPG: ensureChannelsLoadedBatch - no new channels to load (all already loaded or pending)
01-27 09:42:37.666  3438  3438 E SurfaceFlinger: Attempt to set frame rate on an unrecognized IGraphicBufferProducer
01-27 09:42:37.861 16875 16875 I flutter : EPG: ensureChannelsLoadedBatch called with 12 channels
01-27 09:42:37.861 16875 16875 I flutter : EPG: ensureChannelsLoadedBatch - no new channels to load (all already loaded or pending)
01-27 09:42:37.873 16875 16875 I flutter : Cleared image caches and set conservative limits
01-27 09:42:37.873 16875 16875 I flutter : Requesting garbage collection due to memory pressure
01-27 09:42:37.874 16875 16875 I flutter : EPG: Batch timer fired, loading 8 channels
01-27 09:42:37.874 16875 16875 I flutter : EPG: _loadProgramsFromDbBatch called with 8 epgIds, dbReady=true, dbDisabled=false, suspendReads=false
01-27 09:42:37.882 16875 16875 I flutter : EPG: DB query returned 0 program rows for 8 channels
01-27 09:42:37.882 16875 16875 I flutter : EPG: No programs found in DB for requested channels
01-27 09:42:37.888 16875 16875 I flutter : EPG: ensureChannelsLoadedBatch called with 59 channels
01-27 09:42:37.888 16875 16875 I flutter : EPG: ensureChannelsLoadedBatch - queueing 8 channels for batch load
01-27 09:42:38.114 16875 16875 I flutter : LiveTV artwork NONE: channel="Awe" (id=awe.us) reason=no_current_program_from_epg (hasProgramsForChannel=true, isLoading=false, isParsing=false, availableChannels=612)
01-27 09:42:38.115 16875 16875 I flutter : LiveTV artwork NONE: channel="ABC6 WLNE" (id=abcwlneprovidenceri.us) reason=no_current_program_from_epg (hasProgramsForChannel=false, isLoading=false, isParsing=false, availableChannels=612)
01-27 09:42:38.120 16875 16875 I flutter : EPG: ensureChannelsLoadedBatch called with 13 channels
01-27 09:42:38.120 16875 16875 I flutter : EPG: ensureChannelsLoadedBatch - no new channels to load (all already loaded or pending)
01-27 09:42:38.121 16875 16875 I flutter : EPG: ensureChannelsLoadedBatch called with 1 channels
01-27 09:42:38.121 16875 16875 I flutter : EPG: ensureChannelsLoadedBatch - no new channels to load (all already loaded or pending)
01-27 09:42:38.122 16875 16875 I flutter : EPG: ensureChannelsLoadedBatch called with 12 channels
01-27 09:42:38.122 16875 16875 I flutter : EPG: ensureChannelsLoadedBatch - no new channels to load (all already loaded or pending)
01-27 09:42:38.348 16875 16875 I flutter : EPG: ensureChannelsLoadedBatch called with 12 channels
01-27 09:42:38.348 16875 16875 I flutter : EPG: ensureChannelsLoadedBatch - no new channels to load (all already loaded or pending)
01-27 09:42:38.355 16875 16875 I flutter : EPG: Batch timer fired, loading 8 channels
01-27 09:42:38.355 16875 16875 I flutter : EPG: _loadProgramsFromDbBatch called with 8 epgIds, dbReady=true, dbDisabled=false, suspendReads=false
01-27 09:42:38.363 16875 16875 I flutter : EPG: DB query returned 0 program rows for 8 channels
01-27 09:42:38.363 16875 16875 I flutter : EPG: No programs found in DB for requested channels
01-27 09:42:38.373 16875 16875 I flutter : EPG: ensureChannelsLoadedBatch called with 59 channels
01-27 09:42:38.373 16875 16875 I flutter : EPG: ensureChannelsLoadedBatch - queueing 8 channels for batch load
01-27 09:42:38.520  3542 17189 W adbd    : timed out while waiting for FUNCTIONFS_BIND, trying again
01-27 09:42:38.521  3542 17189 I adbd    : UsbFfs: connection terminated: monitor thread finished
01-27 09:42:38.521  3542  3542 I adbd    : UsbFfs: already offline
01-27 09:42:38.521  3542  3542 I adbd    : destroying transport UsbFfs
01-27 09:42:38.521  3542  3542 I adbd    : UsbFfsConnection being destroyed
01-27 09:42:38.554  3542  3583 I adbd    : opening control endpoint /dev/usb-ffs/adb/ep0
01-27 09:42:38.555  3542  3583 I adbd    : UsbFfsConnection constructed
01-27 09:42:38.555  3542 17191 I adbd    : UsbFfs-monitor thread spawned
01-27 09:42:38.607 16875 16875 I flutter : LiveTV artwork NONE: channel="Awe" (id=awe.us) reason=no_current_program_from_epg (hasProgramsForChannel=true, isLoading=false, isParsing=false, availableChannels=612)
01-27 09:42:38.608 16875 16875 I flutter : LiveTV artwork NONE: channel="ABC6 WLNE" (id=abcwlneprovidenceri.us) reason=no_current_program_from_epg (hasProgramsForChannel=false, isLoading=false, isParsing=false, availableChannels=612)
01-27 09:42:38.613 16875 16875 I flutter : EPG: ensureChannelsLoadedBatch called with 13 channels
01-27 09:42:38.613 16875 16875 I flutter : EPG: ensureChannelsLoadedBatch - no new channels to load (all already loaded or pending)
01-27 09:42:38.613 16875 16875 I flutter : EPG: ensureChannelsLoadedBatch called with 1 channels
01-27 09:42:38.613 16875 16875 I flutter : EPG: ensureChannelsLoadedBatch - no new channels to load (all already loaded or pending)
01-27 09:42:38.614 16875 16875 I flutter : EPG: ensureChannelsLoadedBatch called with 12 channels
01-27 09:42:38.614 16875 16875 I flutter : EPG: ensureChannelsLoadedBatch - no new channels to load (all already loaded or pending)
01-27 09:42:38.838 16875 16875 I flutter : EPG: ensureChannelsLoadedBatch called with 12 channels
01-27 09:42:38.838 16875 16875 I flutter : EPG: ensureChannelsLoadedBatch - no new channels to load (all already loaded or pending)
01-27 09:42:38.846 16875 16875 I flutter : EPG: Batch timer fired, loading 8 channels
01-27 09:42:38.846 16875 16875 I flutter : EPG: _loadProgramsFromDbBatch called with 8 epgIds, dbReady=true, dbDisabled=false, suspendReads=false
01-27 09:42:38.851 16875 16875 I flutter : EPG: DB query returned 0 program rows for 8 channels
01-27 09:42:38.851 16875 16875 I flutter : EPG: No programs found in DB for requested channels
01-27 09:42:38.856 16875 16875 I flutter : EPG: ensureChannelsLoadedBatch called with 59 channels
01-27 09:42:38.856 16875 16875 I flutter : EPG: ensureChannelsLoadedBatch - queueing 8 channels for batch load
01-27 09:42:39.081 16875 16875 I flutter : LiveTV artwork NONE: channel="Awe" (id=awe.us) reason=no_current_program_from_epg (hasProgramsForChannel=true, isLoading=false, isParsing=false, availableChannels=612)
01-27 09:42:39.082 16875 16875 I flutter : LiveTV artwork NONE: channel="ABC6 WLNE" (id=abcwlneprovidenceri.us) reason=no_current_program_from_epg (hasProgramsForChannel=false, isLoading=false, isParsing=false, availableChannels=612)
01-27 09:42:39.087 16875 16875 I flutter : EPG: ensureChannelsLoadedBatch called with 12 channels
01-27 09:42:39.087 16875 16875 I flutter : EPG: ensureChannelsLoadedBatch - no new channels to load (all already loaded or pending)
01-27 09:42:39.087 16875 16875 I flutter : EPG: ensureChannelsLoadedBatch called with 1 channels
01-27 09:42:39.087 16875 16875 I flutter : EPG: ensureChannelsLoadedBatch - no new channels to load (all already loaded or pending)
01-27 09:42:39.088 16875 16875 I flutter : EPG: ensureChannelsLoadedBatch called with 12 channels
01-27 09:42:39.088 16875 16875 I flutter : EPG: ensureChannelsLoadedBatch - no new channels to load (all already loaded or pending)
01-27 09:42:39.313 16875 16875 I flutter : EPG: ensureChannelsLoadedBatch called with 12 channels
01-27 09:42:39.313 16875 16875 I flutter : EPG: ensureChannelsLoadedBatch - no new channels to load (all already loaded or pending)
01-27 09:42:39.317  3709  5265 I system_server: oneway function results will be dropped but finished with status OK and parcel size 4
01-27 09:42:39.317  3709  5268 I system_server: oneway function results will be dropped but finished with status OK and parcel size 4
01-27 09:42:39.323 16875 16875 I flutter : EPG: Batch timer fired, loading 8 channels
01-27 09:42:39.323 16875 16875 I flutter : EPG: _loadProgramsFromDbBatch called with 8 epgIds, dbReady=true, dbDisabled=false, suspendReads=false
01-27 09:42:39.331 16875 16875 I flutter : EPG: DB query returned 0 program rows for 8 channels
01-27 09:42:39.331 16875 16875 I flutter : EPG: No programs found in DB for requested channels
01-27 09:42:39.341 16875 16875 I flutter : EPG: ensureChannelsLoadedBatch called with 59 channels
01-27 09:42:39.341 16875 16875 I flutter : EPG: ensureChannelsLoadedBatch - queueing 8 channels for batch load
01-27 09:42:39.344  3596 17181 D NvOsDebugPrintf: NVMEDIA: FrameRate(for last 120 frames) = 59.940180, AvgFrameRate = 59.940180 
01-27 09:42:39.557  3542 17191 W adbd    : timed out while waiting for FUNCTIONFS_BIND, trying again
01-27 09:42:39.557  3542 17191 I adbd    : UsbFfs: connection terminated: monitor thread finished
01-27 09:42:39.557  3542  3542 I adbd    : UsbFfs: already offline
01-27 09:42:39.557  3542  3542 I adbd    : destroying transport UsbFfs
01-27 09:42:39.557  3542  3542 I adbd    : UsbFfsConnection being destroyed
01-27 09:42:39.566 16875 16875 I flutter : LiveTV artwork NONE: channel="Awe" (id=awe.us) reason=no_current_program_from_epg (hasProgramsForChannel=true, isLoading=false, isParsing=false, availableChannels=612)
01-27 09:42:39.567 16875 16875 I flutter : LiveTV artwork NONE: channel="ABC6 WLNE" (id=abcwlneprovidenceri.us) reason=no_current_program_from_epg (hasProgramsForChannel=false, isLoading=false, isParsing=false, availableChannels=612)
01-27 09:42:39.572 16875 16875 I flutter : EPG: ensureChannelsLoadedBatch called with 13 channels
01-27 09:42:39.572 16875 16875 I flutter : EPG: ensureChannelsLoadedBatch - no new channels to load (all already loaded or pending)
01-27 09:42:39.572 16875 16875 I flutter : EPG: ensureChannelsLoadedBatch called with 1 channels
01-27 09:42:39.572 16875 16875 I flutter : EPG: ensureChannelsLoadedBatch - no new channels to load (all already loaded or pending)
01-27 09:42:39.573 16875 16875 I flutter : EPG: ensureChannelsLoadedBatch called with 12 channels
01-27 09:42:39.573 16875 16875 I flutter : EPG: ensureChannelsLoadedBatch - no new channels to load (all already loaded or pending)
01-27 09:42:39.586  3542  3583 I adbd    : opening control endpoint /dev/usb-ffs/adb/ep0
01-27 09:42:39.587  3542  3583 I adbd    : UsbFfsConnection constructed
01-27 09:42:39.589  3542 17192 I adbd    : UsbFfs-monitor thread spawned
01-27 09:42:39.807 16875 16875 I flutter : EPG: ensureChannelsLoadedBatch called with 12 channels
01-27 09:42:39.807 16875 16875 I flutter : EPG: ensureChannelsLoadedBatch - no new channels to load (all already loaded or pending)
01-27 09:42:39.813 16875 16875 I flutter : EPG: Batch timer fired, loading 8 channels
01-27 09:42:39.813 16875 16875 I flutter : EPG: _loadProgramsFromDbBatch called with 8 epgIds, dbReady=true, dbDisabled=false, suspendReads=false
01-27 09:42:39.815 16875 16875 I flutter : EPG: DB query returned 0 program rows for 8 channels
01-27 09:42:39.816 16875 16875 I flutter : EPG: No programs found in DB for requested channels
01-27 09:42:39.824 16875 16875 I flutter : EPG: ensureChannelsLoadedBatch called with 59 channels
01-27 09:42:39.824 16875 16875 I flutter : EPG: ensureChannelsLoadedBatch - queueing 8 channels for batch load
01-27 09:42:40.055 16875 16875 I flutter : LiveTV artwork NONE: channel="Awe" (id=awe.us) reason=no_current_program_from_epg (hasProgramsForChannel=true, isLoading=false, isParsing=false, availableChannels=612)
01-27 09:42:40.056 16875 16875 I flutter : LiveTV artwork NONE: channel="ABC6 WLNE" (id=abcwlneprovidenceri.us) reason=no_current_program_from_epg (hasProgramsForChannel=false, isLoading=false, isParsing=false, availableChannels=612)
01-27 09:42:40.195  3397  3521 V hdcp up : tsec_version: 1
01-27 09:42:40.197  3397  3521 D NvOsDebugPrintf: NvRmStreamFree: WARN: pStream is NULL
01-27 09:42:40.296 16875 16875 I flutter : EPG: ensureChannelsLoadedBatch called with 13 channels
01-27 09:42:40.296 16875 16875 I flutter : EPG: ensureChannelsLoadedBatch - no new channels to load (all already loaded or pending)
01-27 09:42:40.296 16875 16875 I flutter : EPG: ensureChannelsLoadedBatch called with 1 channels
01-27 09:42:40.296 16875 16875 I flutter : EPG: ensureChannelsLoadedBatch - no new channels to load (all already loaded or pending)
01-27 09:42:40.298 16875 16875 I flutter : EPG: ensureChannelsLoadedBatch called with 12 channels
01-27 09:42:40.298 16875 16875 I flutter : EPG: ensureChannelsLoadedBatch - no new channels to load (all already loaded or pending)
01-27 09:42:40.527 16875 16875 I flutter : EPG: ensureChannelsLoadedBatch called with 12 channels
01-27 09:42:40.527 16875 16875 I flutter : EPG: ensureChannelsLoadedBatch - no new channels to load (all already loaded or pending)
01-27 09:42:40.532 16875 16875 I flutter : EPG: Batch timer fired, loading 8 channels
01-27 09:42:40.532 16875 16875 I flutter : EPG: _loadProgramsFromDbBatch called with 8 epgIds, dbReady=true, dbDisabled=false, suspendReads=false
01-27 09:42:40.544 16875 16875 I flutter : EPG: DB query returned 0 program rows for 8 channels
01-27 09:42:40.544 16875 16875 I flutter : EPG: No programs found in DB for requested channels
01-27 09:42:40.590  3542 17192 W adbd    : timed out while waiting for FUNCTIONFS_BIND, trying again
01-27 09:42:40.590  3542 17192 I adbd    : UsbFfs: connection terminated: monitor thread finished
01-27 09:42:40.590  3542  3542 I adbd    : UsbFfs: already offline
01-27 09:42:40.591  3542  3542 I adbd    : destroying transport UsbFfs
01-27 09:42:40.591  3542  3542 I adbd    : UsbFfsConnection being destroyed
01-27 09:42:40.597 16875 16875 I flutter : EPG: ensureChannelsLoadedBatch called with 59 channels
01-27 09:42:40.597 16875 16875 I flutter : EPG: ensureChannelsLoadedBatch - queueing 8 channels for batch load
01-27 09:42:40.626  3542  3583 I adbd    : opening control endpoint /dev/usb-ffs/adb/ep0
01-27 09:42:40.627  3542  3583 I adbd    : UsbFfsConnection constructed
01-27 09:42:40.628  3542 17194 I adbd    : UsbFfs-monitor thread spawned
01-27 09:42:40.854 16875 16875 I flutter : LiveTV artwork NONE: channel="Awe" (id=awe.us) reason=no_current_program_from_epg (hasProgramsForChannel=true, isLoading=false, isParsing=false, availableChannels=612)
01-27 09:42:40.855 16875 16875 I flutter : LiveTV artwork NONE: channel="ABC6 WLNE" (id=abcwlneprovidenceri.us) reason=no_current_program_from_epg (hasProgramsForChannel=false, isLoading=false, isParsing=false, availableChannels=612)
01-27 09:42:40.861 16875 16875 I flutter : EPG: ensureChannelsLoadedBatch called with 13 channels
01-27 09:42:40.861 16875 16875 I flutter : EPG: ensureChannelsLoadedBatch - no new channels to load (all already loaded or pending)
01-27 09:42:40.861 16875 16875 I flutter : EPG: ensureChannelsLoadedBatch called with 1 channels
01-27 09:42:40.861 16875 16875 I flutter : EPG: ensureChannelsLoadedBatch - no new channels to load (all already loaded or pending)
01-27 09:42:40.862 16875 16875 I flutter : EPG: ensureChannelsLoadedBatch called with 12 channels
01-27 09:42:40.862 16875 16875 I flutter : EPG: ensureChannelsLoadedBatch - no new channels to load (all already loaded or pending)
01-27 09:42:41.091 16875 16875 I flutter : EPG: ensureChannelsLoadedBatch called with 12 channels
01-27 09:42:41.091 16875 16875 I flutter : EPG: ensureChannelsLoadedBatch - no new channels to load (all already loaded or pending)
01-27 09:42:41.096 16875 16875 I flutter : EPG: Batch timer fired, loading 8 channels
01-27 09:42:41.096 16875 16875 I flutter : EPG: _loadProgramsFromDbBatch called with 8 epgIds, dbReady=true, dbDisabled=false, suspendReads=false
01-27 09:42:41.099 16875 16875 I flutter : EPG: DB query returned 0 program rows for 8 channels
01-27 09:42:41.099 16875 16875 I flutter : EPG: No programs found in DB for requested channels
01-27 09:42:41.109 16875 16875 I flutter : EPG: ensureChannelsLoadedBatch called with 59 channels
01-27 09:42:41.109 16875 16875 I flutter : EPG: ensureChannelsLoadedBatch - queueing 8 channels for batch load
01-27 09:42:41.343 16875 16875 I flutter : LiveTV artwork NONE: channel="Awe" (id=awe.us) reason=no_current_program_from_epg (hasProgramsForChannel=true, isLoading=false, isParsing=false, availableChannels=612)
01-27 09:42:41.344 16875 16875 I flutter : LiveTV artwork NONE: channel="ABC6 WLNE" (id=abcwlneprovidenceri.us) reason=no_current_program_from_epg (hasProgramsForChannel=false, isLoading=false, isParsing=false, availableChannels=612)
01-27 09:42:41.349 16875 16875 I flutter : EPG: ensureChannelsLoadedBatch called with 13 channels
01-27 09:42:41.349 16875 16875 I flutter : EPG: ensureChannelsLoadedBatch - no new channels to load (all already loaded or pending)
01-27 09:42:41.349 16875 16875 I flutter : EPG: ensureChannelsLoadedBatch called with 1 channels
01-27 09:42:41.349 16875 16875 I flutter : EPG: ensureChannelsLoadedBatch - no new channels to load (all already loaded or pending)
01-27 09:42:41.350  3596 17181 D NvOsDebugPrintf: NVMEDIA: FrameRate(for last 120 frames) = 59.940180, AvgFrameRate = 59.940180 
01-27 09:42:41.351 16875 16875 I flutter : EPG: ensureChannelsLoadedBatch called with 12 channels
01-27 09:42:41.351 16875 16875 I flutter : EPG: ensureChannelsLoadedBatch - no new channels to load (all already loaded or pending)
01-27 09:42:41.581 16875 16875 I flutter : EPG: ensureChannelsLoadedBatch called with 12 channels
01-27 09:42:41.581 16875 16875 I flutter : EPG: ensureChannelsLoadedBatch - no new channels to load (all already loaded or pending)
01-27 09:42:41.591 16875 16875 I flutter : EPG: Batch timer fired, loading 8 channels
01-27 09:42:41.591 16875 16875 I flutter : EPG: _loadProgramsFromDbBatch called with 8 epgIds, dbReady=true, dbDisabled=false, suspendReads=false
01-27 09:42:41.595 16875 16875 I flutter : EPG: DB query returned 0 program rows for 8 channels
01-27 09:42:41.595 16875 16875 I flutter : EPG: No programs found in DB for requested channels
01-27 09:42:41.609 16875 16875 I flutter : EPG: ensureChannelsLoadedBatch called with 59 channels
01-27 09:42:41.609 16875 16875 I flutter : EPG: ensureChannelsLoadedBatch - queueing 8 channels for batch load
01-27 09:42:41.629  3542 17194 W adbd    : timed out while waiting for FUNCTIONFS_BIND, trying again
01-27 09:42:41.629  3542 17194 I adbd    : UsbFfs: connection terminated: monitor thread finished
01-27 09:42:41.629  3542  3542 I adbd    : UsbFfs: already offline
01-27 09:42:41.629  3542  3542 I adbd    : destroying transport UsbFfs
01-27 09:42:41.629  3542  3542 I adbd    : UsbFfsConnection being destroyed
01-27 09:42:41.662  3542  3583 I adbd    : opening control endpoint /dev/usb-ffs/adb/ep0
01-27 09:42:41.663  3542  3583 I adbd    : UsbFfsConnection constructed
01-27 09:42:41.663  3542 17195 I adbd    : UsbFfs-monitor thread spawned
01-27 09:42:41.836 16875 16875 I flutter : LiveTV artwork NONE: channel="Awe" (id=awe.us) reason=no_current_program_from_epg (hasProgramsForChannel=true, isLoading=false, isParsing=false, availableChannels=612)
01-27 09:42:41.837 16875 16875 I flutter : LiveTV artwork NONE: channel="ABC6 WLNE" (id=abcwlneprovidenceri.us) reason=no_current_program_from_epg (hasProgramsForChannel=false, isLoading=false, isParsing=false, availableChannels=612)
01-27 09:42:41.842 16875 16875 I flutter : EPG: ensureChannelsLoadedBatch called with 12 channels
01-27 09:42:41.843 16875 16875 I flutter : EPG: ensureChannelsLoadedBatch - no new channels to load (all already loaded or pending)
01-27 09:42:41.843 16875 16875 I flutter : EPG: ensureChannelsLoadedBatch called with 1 channels
01-27 09:42:41.843 16875 16875 I flutter : EPG: ensureChannelsLoadedBatch - no new channels to load (all already loaded or pending)
01-27 09:42:41.844 16875 16875 I flutter : EPG: ensureChannelsLoadedBatch called with 12 channels
01-27 09:42:41.844 16875 16875 I flutter : EPG: ensureChannelsLoadedBatch - no new channels to load (all already loaded or pending)
01-27 09:42:42.069 16875 16875 I flutter : EPG: ensureChannelsLoadedBatch called with 12 channels
01-27 09:42:42.070 16875 16875 I flutter : EPG: ensureChannelsLoadedBatch - no new channels to load (all already loaded or pending)
01-27 09:42:42.077 16875 16875 I flutter : EPG: Batch timer fired, loading 8 channels
01-27 09:42:42.077 16875 16875 I flutter : EPG: _loadProgramsFromDbBatch called with 8 epgIds, dbReady=true, dbDisabled=false, suspendReads=false
01-27 09:42:42.080 16875 16875 I flutter : EPG: DB query returned 0 program rows for 8 channels
01-27 09:42:42.081 16875 16875 I flutter : EPG: No programs found in DB for requested channels
01-27 09:42:42.094 16875 16875 I flutter : EPG: ensureChannelsLoadedBatch called with 59 channels
01-27 09:42:42.094 16875 16875 I flutter : EPG: ensureChannelsLoadedBatch - queueing 8 channels for batch load
01-27 09:42:42.319 16875 16875 I flutter : LiveTV artwork NONE: channel="Awe" (id=awe.us) reason=no_current_program_from_epg (hasProgramsForChannel=true, isLoading=false, isParsing=false, availableChannels=612)
01-27 09:42:42.320 16875 16875 I flutter : LiveTV artwork NONE: channel="ABC6 WLNE" (id=abcwlneprovidenceri.us) reason=no_current_program_from_epg (hasProgramsForChannel=false, isLoading=false, isParsing=false, availableChannels=612)
01-27 09:42:42.325 16875 16875 I flutter : EPG: ensureChannelsLoadedBatch called with 12 channels
01-27 09:42:42.326 16875 16875 I flutter : EPG: ensureChannelsLoadedBatch - no new channels to load (all already loaded or pending)
01-27 09:42:42.326 16875 16875 I flutter : EPG: ensureChannelsLoadedBatch called with 1 channels
01-27 09:42:42.326 16875 16875 I flutter : EPG: ensureChannelsLoadedBatch - no new channels to load (all already loaded or pending)
01-27 09:42:42.327 16875 16875 I flutter : EPG: ensureChannelsLoadedBatch called with 12 channels
01-27 09:42:42.327 16875 16875 I flutter : EPG: ensureChannelsLoadedBatch - no new channels to load (all already loaded or pending)
01-27 09:42:42.416  3438  3438 E SurfaceFlinger: Attempt to set frame rate on an unrecognized IGraphicBufferProducer
01-27 09:42:42.559 16875 16875 I flutter : EPG: ensureChannelsLoadedBatch called with 12 channels
01-27 09:42:42.559 16875 16875 I flutter : EPG: ensureChannelsLoadedBatch - no new channels to load (all already loaded or pending)
01-27 09:42:42.564 16875 16875 I flutter : EPG: Batch timer fired, loading 8 channels
01-27 09:42:42.564 16875 16875 I flutter : EPG: _loadProgramsFromDbBatch called with 8 epgIds, dbReady=true, dbDisabled=false, suspendReads=false
01-27 09:42:42.568 16875 16875 I flutter : EPG: DB query returned 0 program rows for 8 channels
01-27 09:42:42.568 16875 16875 I flutter : EPG: No programs found in DB for requested channels
01-27 09:42:42.576 16875 16875 I flutter : EPG: ensureChannelsLoadedBatch called with 59 channels
01-27 09:42:42.576 16875 16875 I flutter : EPG: ensureChannelsLoadedBatch - queueing 8 channels for batch load
01-27 09:42:42.577  3709  3709 D WindowManager: handleComboKeys keyCode: 4, keyAction: 0
01-27 09:42:42.664  3542 17195 W adbd    : timed out while waiting for FUNCTIONFS_BIND, trying again
01-27 09:42:42.665  3542 17195 I adbd    : UsbFfs: connection terminated: monitor thread finished
01-27 09:42:42.665  3542  3542 I adbd    : UsbFfs: already offline
01-27 09:42:42.665  3542  3542 I adbd    : destroying transport UsbFfs
01-27 09:42:42.665  3542  3542 I adbd    : UsbFfsConnection being destroyed
01-27 09:42:42.698  3542  3583 I adbd    : opening control endpoint /dev/usb-ffs/adb/ep0
01-27 09:42:42.699  3542  3583 I adbd    : UsbFfsConnection constructed
01-27 09:42:42.700  3542 17196 I adbd    : UsbFfs-monitor thread spawned
01-27 09:42:42.788  3709  3709 D WindowManager: handleComboKeys keyCode: 4, keyAction: 1
01-27 09:42:42.790  3709  3820 D InputDispatcher: Waiting to send key to Window{3bcdb5f u0 com.risa.app/com.risa.app.MainActivity} because there are unprocessed events that may cause focus to change
01-27 09:42:42.802 16875 16875 I flutter : LiveTV artwork NONE: channel="Awe" (id=awe.us) reason=no_current_program_from_epg (hasProgramsForChannel=true, isLoading=false, isParsing=false, availableChannels=612)
01-27 09:42:42.803 16875 16875 I flutter : LiveTV artwork NONE: channel="ABC6 WLNE" (id=abcwlneprovidenceri.us) reason=no_current_program_from_epg (hasProgramsForChannel=false, isLoading=false, isParsing=false, availableChannels=612)
01-27 09:42:42.808 16875 16875 I flutter : EPG: ensureChannelsLoadedBatch called with 12 channels
01-27 09:42:42.808 16875 16875 I flutter : EPG: ensureChannelsLoadedBatch - no new channels to load (all already loaded or pending)
01-27 09:42:42.808 16875 16875 I flutter : EPG: ensureChannelsLoadedBatch called with 1 channels
01-27 09:42:42.808 16875 16875 I flutter : EPG: ensureChannelsLoadedBatch - no new channels to load (all already loaded or pending)
01-27 09:42:42.810 16875 16875 I flutter : EPG: ensureChannelsLoadedBatch called with 12 channels
01-27 09:42:42.810 16875 16875 I flutter : EPG: ensureChannelsLoadedBatch - no new channels to load (all already loaded or pending)
01-27 09:42:43.040 16875 16875 I flutter : EPG: ensureChannelsLoadedBatch called with 12 channels
01-27 09:42:43.040 16875 16875 I flutter : EPG: ensureChannelsLoadedBatch - no new channels to load (all already loaded or pending)
01-27 09:42:43.048 16875 16875 I flutter : EPG: Batch timer fired, loading 8 channels
01-27 09:42:43.048 16875 16875 I flutter : EPG: _loadProgramsFromDbBatch called with 8 epgIds, dbReady=true, dbDisabled=false, suspendReads=false
01-27 09:42:43.057 16875 16875 I flutter : EPG: DB query returned 0 program rows for 8 channels
01-27 09:42:43.057 16875 16875 I flutter : EPG: No programs found in DB for requested channels
01-27 09:42:43.061 16875 16875 I flutter : === CHANNEL TAP END (returned from player) ===
01-27 09:42:43.061 16875 16875 I flutter : LiveTV: Fetched 63 categories
01-27 09:42:43.067 16875 16875 I flutter : EPG: ensureChannelsLoadedBatch called with 59 channels
01-27 09:42:43.067 16875 16875 I flutter : EPG: ensureChannelsLoadedBatch - queueing 8 channels for batch load
01-27 09:42:43.293 16875 16875 I flutter : LiveTV artwork NONE: channel="Awe" (id=awe.us) reason=no_current_program_from_epg (hasProgramsForChannel=true, isLoading=false, isParsing=false, availableChannels=612)
01-27 09:42:43.294 16875 16875 I flutter : LiveTV artwork NONE: channel="ABC6 WLNE" (id=abcwlneprovidenceri.us) reason=no_current_program_from_epg (hasProgramsForChannel=false, isLoading=false, isParsing=false, availableChannels=612)
01-27 09:42:43.299 16875 16875 I flutter : EPG: ensureChannelsLoadedBatch called with 12 channels
01-27 09:42:43.299 16875 16875 I flutter : EPG: ensureChannelsLoadedBatch - no new channels to load (all already loaded or pending)
01-27 09:42:43.299 16875 16875 I flutter : EPG: ensureChannelsLoadedBatch called with 1 channels
01-27 09:42:43.299 16875 16875 I flutter : EPG: ensureChannelsLoadedBatch - no new channels to load (all already loaded or pending)
01-27 09:42:43.353  3596 17181 D NvOsDebugPrintf: NVMEDIA: FrameRate(for last 120 frames) = 59.940180, AvgFrameRate = 59.940180 
01-27 09:42:43.526 16875 16875 I flutter : EPG: ensureChannelsLoadedBatch called with 60 channels
01-27 09:42:43.526 16875 16875 I flutter : EPG: ensureChannelsLoadedBatch - no new channels to load (all already loaded or pending)
01-27 09:42:43.552 16875 16875 I flutter : content_focus: Shell requesting content focus
01-27 09:42:43.554 16875 16875 I flutter : EPG: Batch timer fired, loading 8 channels
01-27 09:42:43.554 16875 16875 I flutter : EPG: _loadProgramsFromDbBatch called with 8 epgIds, dbReady=true, dbDisabled=false, suspendReads=false
01-27 09:42:43.566 16875 16875 I flutter : content_focus: Shell unregistered focus callback token=3
01-27 09:42:43.566 16875 16875 I flutter : content_focus: Unregistered content focus: LiveTVScreen (token: 3)
01-27 09:42:43.580 16875 16875 I ExoPlayerImpl: Release 53dcaa7 [AndroidXMedia3/1.8.0] [mdarcy, SHIELD Android TV, NVIDIA, 30] [media3.common, media3.exoplayer, media3.decoder, media3.datasource, media3.extractor]
01-27 09:42:43.581  3438  3438 E SurfaceFlinger: Attempt to set frame rate on an unrecognized IGraphicBufferProducer
01-27 09:42:43.586  3596 17183 D NvOsDebugPrintf: NVMEDIA: NVMEDIAFrameStatusReporting: 1964: Closing NVMEDIA Frame Status Thread -------------
01-27 09:42:43.586  3596 17182 D NvOsDebugPrintf: NVMEDIA: NVMEDIAFrameDelivery: 1819: Closing NVMEDIA Frame Delivery Thread -------------
01-27 09:42:43.589  3596 17179 D NvOsDebugPrintf: NVMEDIA: NvMMLiteTVMRDecBlockClose: 3651: Done 
01-27 09:42:43.590 16875 17177 D SurfaceUtils: disconnecting from surface 0x27e3222520, reason disconnectFromSurface
01-27 09:42:43.593  3596 17185 I SimpleSoftOMXComponent: state: 2, mState: 3 mTargetState: 3
01-27 09:42:43.594  3596 17185 I SimpleSoftOMXComponent: state: 1, mState: 2 mTargetState: 2
01-27 09:42:43.594 16875 17177 D MediaCodec: flushMediametrics
01-27 09:42:43.595 16875 17177 D MediaCodec: flushMediametrics
01-27 09:42:43.597 16875 17184 D MediaCodec: flushMediametrics
01-27 09:42:43.598 16875 17184 D MediaCodec: flushMediametrics
01-27 09:42:43.600  3709  5265 I MediaFocusControl: abandonAudioFocus() from uid/pid 10271/16875 clientId=android.media.AudioManager@758ab97androidx.media3.exoplayer.AudioFocusManager$$ExternalSyntheticLambda0@2d34184
01-27 09:42:43.609 16875 16875 I flutter : EPG: DB query returned 0 program rows for 8 channels
01-27 09:42:43.609 16875 16875 I flutter : EPG: No programs found in DB for requested channels
01-27 09:42:43.652  3709  5265 I system_server: oneway function results will be dropped but finished with status OK and parcel size 4
01-27 09:42:43.701  3542 17196 W adbd    : timed out while waiting for FUNCTIONFS_BIND, trying again
01-27 09:42:43.701  3542 17196 I adbd    : UsbFfs: connection terminated: monitor thread finished
01-27 09:42:43.701  3542  3542 I adbd    : UsbFfs: already offline
01-27 09:42:43.701  3542  3542 I adbd    : destroying transport UsbFfs
01-27 09:42:43.701  3542  3542 I adbd    : UsbFfsConnection being destroyed
01-27 09:42:43.730  3542  3583 I adbd    : opening control endpoint /dev/usb-ffs/adb/ep0
01-27 09:42:43.731  3542  3583 I adbd    : UsbFfsConnection constructed
01-27 09:42:43.732  3542 17199 I adbd    : UsbFfs-monitor thread spawned
