01-27 09:41:37.028  3542 17100 W adbd    : timed out while waiting for FUNCTIONFS_BIND, trying again
01-27 09:41:37.028  3542 17100 I adbd    : UsbFfs: connection terminated: monitor thread finished
01-27 09:41:37.029  3542  3542 I adbd    : UsbFfs: already offline
01-27 09:41:37.029  3542  3542 I adbd    : destroying transport UsbFfs
01-27 09:41:37.029  3542  3542 I adbd    : UsbFfsConnection being destroyed
01-27 09:41:37.070  3542  3583 I adbd    : opening control endpoint /dev/usb-ffs/adb/ep0
01-27 09:41:37.071  3542  3583 I adbd    : UsbFfsConnection constructed
01-27 09:41:37.072  3542 17103 I adbd    : UsbFfs-monitor thread spawned
01-27 09:41:38.069 16875 16875 I flutter : EPG: ensureChannelsLoadedBatch called with 60 channels
01-27 09:41:38.073  3542 17103 W adbd    : timed out while waiting for FUNCTIONFS_BIND, trying again
01-27 09:41:38.073  3542 17103 I adbd    : UsbFfs: connection terminated: monitor thread finished
01-27 09:41:38.073  3542  3542 I adbd    : UsbFfs: already offline
01-27 09:41:38.073  3542  3542 I adbd    : destroying transport UsbFfs
01-27 09:41:38.073  3542  3542 I adbd    : UsbFfsConnection being destroyed
01-27 09:41:38.106  3542  3583 I adbd    : opening control endpoint /dev/usb-ffs/adb/ep0
01-27 09:41:38.108  3542  3583 I adbd    : UsbFfsConnection constructed
01-27 09:41:38.109  3542 17104 I adbd    : UsbFfs-monitor thread spawned
01-27 09:41:38.608 16875 16875 I flutter : EPG: ensureChannelsLoadedBatch - no new channels to load (all already loaded or pending)
01-27 09:41:39.110  3542 17104 W adbd    : timed out while waiting for FUNCTIONFS_BIND, trying again
01-27 09:41:39.110  3542 17104 I adbd    : UsbFfs: connection terminated: monitor thread finished
01-27 09:41:39.110  3542  3542 I adbd    : UsbFfs: already offline
01-27 09:41:39.110  3542  3542 I adbd    : destroying transport UsbFfs
01-27 09:41:39.110  3542  3542 I adbd    : UsbFfsConnection being destroyed
01-27 09:41:39.146  3542  3583 I adbd    : opening control endpoint /dev/usb-ffs/adb/ep0
01-27 09:41:39.147  3542  3583 I adbd    : UsbFfsConnection constructed
01-27 09:41:39.147  3542 17105 I adbd    : UsbFfs-monitor thread spawned
01-27 09:41:40.138  3397  3521 V hdcp up : tsec_version: 1
01-27 09:41:40.139  3397  3521 D NvOsDebugPrintf: NvRmStreamFree: WARN: pStream is NULL
01-27 09:41:40.148  3542 17105 W adbd    : timed out while waiting for FUNCTIONFS_BIND, trying again
01-27 09:41:40.148  3542 17105 I adbd    : UsbFfs: connection terminated: monitor thread finished
01-27 09:41:40.149  3542  3542 I adbd    : UsbFfs: already offline
01-27 09:41:40.149  3542  3542 I adbd    : destroying transport UsbFfs
01-27 09:41:40.149  3542  3542 I adbd    : UsbFfsConnection being destroyed
01-27 09:41:40.178  3542  3583 I adbd    : opening control endpoint /dev/usb-ffs/adb/ep0
01-27 09:41:40.179  3542  3583 I adbd    : UsbFfsConnection constructed
01-27 09:41:40.179  3542 17106 I adbd    : UsbFfs-monitor thread spawned
01-27 09:41:40.286 16875 16875 I flutter : LiveTV artwork NONE: channel="CW56 WLVI" (id=cw56wlviboston.us) reason=no_current_program_from_epg (hasProgramsForChannel=false, isLoading=true, isParsing=true, availableChannels=612)
01-27 09:41:40.837  4752  6762 I MessagingService: Run command <start> ...
01-27 09:41:40.841  4752  6762 I android_os_HwBinder: HwBinder: Starting thread pool for getting: vendor.nvidia.hardware.mossigner@1.0::IMossigner/default
01-27 09:41:40.843  3403  3447 E Mossignerd: Error occurred at Sign by TMK. (err(ffff0007)
01-27 09:41:40.843  4752  6762 W MessagingSigner: No data returned, seems signing failed !
01-27 09:41:40.843  4752  6762 W MessagingService: Failed to sign, Falling back to our authorization!
01-27 09:41:40.936 16875 16875 I flutter : EPG: ensureChannelsLoadedBatch called with 10 channels
01-27 09:41:41.030  4752  6762 W MessagingService: Failed to send request: javax.net.ssl.SSLHandshakeException: java.security.cert.CertPathValidatorException: Trust anchor for certification path not found.
01-27 09:41:41.031  4752  6762 I android_os_HwBinder: HwBinder: Starting thread pool for getting: vendor.nvidia.hardware.mossigner@1.0::IMossigner/default
01-27 09:41:41.031  3403  3447 E Mossignerd: Error occurred at Sign by TMK. (err(ffff0007)
01-27 09:41:41.032  4752  6762 W MessagingSigner: No data returned, seems signing failed !
01-27 09:41:41.032  4752  6762 W MessagingService: Failed to sign, Falling back to our authorization!
01-27 09:41:41.034 16875 16875 I flutter : EPG: ensureChannelsLoadedBatch - no new channels to load (all already loaded or pending)
01-27 09:41:41.073  4752  4765 W a.app.messagin: Reducing the number of considered missed Gc histogram windows from 720 to 100
01-27 09:41:41.152  4752  6762 W MessagingService: Failed to send request: javax.net.ssl.SSLHandshakeException: java.security.cert.CertPathValidatorException: Trust anchor for certification path not found.
01-27 09:41:41.152  4752  6762 I android_os_HwBinder: HwBinder: Starting thread pool for getting: vendor.nvidia.hardware.mossigner@1.0::IMossigner/default
01-27 09:41:41.153  3403  3447 E Mossignerd: Error occurred at Sign by TMK. (err(ffff0007)
01-27 09:41:41.153  4752  6762 W MessagingSigner: No data returned, seems signing failed !
01-27 09:41:41.153  4752  6762 W MessagingService: Failed to sign, Falling back to our authorization!
01-27 09:41:41.180  3542 17106 W adbd    : timed out while waiting for FUNCTIONFS_BIND, trying again
01-27 09:41:41.181  3542 17106 I adbd    : UsbFfs: connection terminated: monitor thread finished
01-27 09:41:41.181  3542  3542 I adbd    : UsbFfs: already offline
01-27 09:41:41.181  3542  3542 I adbd    : destroying transport UsbFfs
01-27 09:41:41.181  3542  3542 I adbd    : UsbFfsConnection being destroyed
01-27 09:41:41.218  3542  3583 I adbd    : opening control endpoint /dev/usb-ffs/adb/ep0
01-27 09:41:41.219  3542  3583 I adbd    : UsbFfsConnection constructed
01-27 09:41:41.219  3542 17109 I adbd    : UsbFfs-monitor thread spawned
01-27 09:41:41.223  4752  6762 W MessagingService: Failed to send request: javax.net.ssl.SSLHandshakeException: java.security.cert.CertPathValidatorException: Trust anchor for certification path not found.
01-27 09:41:41.223  4752  6762 I MessagingService: Start after 3600 seconds!
01-27 09:41:41.761 16875 16875 I flutter : EPG: ensureChannelsLoadedBatch called with 12 channels
01-27 09:41:41.864 16875 16875 I flutter : EPG: ensureChannelsLoadedBatch - no new channels to load (all already loaded or pending)
01-27 09:41:42.220  3542 17109 W adbd    : timed out while waiting for FUNCTIONFS_BIND, trying again
01-27 09:41:42.220  3542 17109 I adbd    : UsbFfs: connection terminated: monitor thread finished
01-27 09:41:42.220  3542  3542 I adbd    : UsbFfs: already offline
01-27 09:41:42.220  3542  3542 I adbd    : destroying transport UsbFfs
01-27 09:41:42.221  3542  3542 I adbd    : UsbFfsConnection being destroyed
01-27 09:41:42.250  3542  3583 I adbd    : opening control endpoint /dev/usb-ffs/adb/ep0
01-27 09:41:42.251  3542  3583 I adbd    : UsbFfsConnection constructed
01-27 09:41:42.251  3542 17110 I adbd    : UsbFfs-monitor thread spawned
01-27 09:41:42.903 16875 16875 I flutter : EPG: ensureChannelsLoadedBatch called with 12 channels
01-27 09:41:42.977 16875 16875 I flutter : EPG: ensureChannelsLoadedBatch - no new channels to load (all already loaded or pending)
01-27 09:41:43.252  3542 17110 W adbd    : timed out while waiting for FUNCTIONFS_BIND, trying again
01-27 09:41:43.252  3542 17110 I adbd    : UsbFfs: connection terminated: monitor thread finished
01-27 09:41:43.252  3542  3542 I adbd    : UsbFfs: already offline
01-27 09:41:43.252  3542  3542 I adbd    : destroying transport UsbFfs
01-27 09:41:43.252  3542  3542 I adbd    : UsbFfsConnection being destroyed
01-27 09:41:43.306  3542  3583 I adbd    : opening control endpoint /dev/usb-ffs/adb/ep0
01-27 09:41:43.307  3542  3583 I adbd    : UsbFfsConnection constructed
01-27 09:41:43.307  3542 17111 I adbd    : UsbFfs-monitor thread spawned
01-27 09:41:43.659 16875 16875 I flutter : EPG: Batch timer retry after suspend, loading 23 channels
01-27 09:41:43.659 16875 16875 I flutter : EPG: _loadProgramsFromDbBatch called with 23 epgIds, dbReady=true, dbDisabled=false, suspendReads=true
01-27 09:41:43.659 16875 16875 I flutter : EPG: _loadProgramsFromDbBatch suspended (parsing in progress), timer will retry
01-27 09:41:43.660 16875 16875 I flutter : EPG: Parse compute took 22254ms
01-27 09:41:43.660 16875 16875 I flutter : EPG: Initial parse result: 346 programs, 612 channels
01-27 09:41:44.308  3542 17111 W adbd    : timed out while waiting for FUNCTIONFS_BIND, trying again
01-27 09:41:44.308  3542 17111 I adbd    : UsbFfs: connection terminated: monitor thread finished
01-27 09:41:44.308  3542  3542 I adbd    : UsbFfs: already offline
01-27 09:41:44.308  3542  3542 I adbd    : destroying transport UsbFfs
01-27 09:41:44.308  3542  3542 I adbd    : UsbFfsConnection being destroyed
01-27 09:41:44.342  3542  3583 I adbd    : opening control endpoint /dev/usb-ffs/adb/ep0
01-27 09:41:44.343  3542  3583 I adbd    : UsbFfsConnection constructed
01-27 09:41:44.343  3542 17112 I adbd    : UsbFfs-monitor thread spawned
01-27 09:41:45.136 16875 16875 I flutter : EPG: ensureChannelsLoadedBatch called with 60 channels
01-27 09:41:45.143  3397  3521 V hdcp up : tsec_version: 1
01-27 09:41:45.144  3397  3521 D NvOsDebugPrintf: NvRmStreamFree: WARN: pStream is NULL
01-27 09:41:45.344  3542 17112 W adbd    : timed out while waiting for FUNCTIONFS_BIND, trying again
01-27 09:41:45.344  3542 17112 I adbd    : UsbFfs: connection terminated: monitor thread finished
01-27 09:41:45.344  3542  3542 I adbd    : UsbFfs: already offline
01-27 09:41:45.344  3542  3542 I adbd    : destroying transport UsbFfs
01-27 09:41:45.344  3542  3542 I adbd    : UsbFfsConnection being destroyed
01-27 09:41:45.390  3542  3583 I adbd    : opening control endpoint /dev/usb-ffs/adb/ep0
01-27 09:41:45.391  3542  3583 I adbd    : UsbFfsConnection constructed
01-27 09:41:45.391  3542 17113 I adbd    : UsbFfs-monitor thread spawned
01-27 09:41:45.622 16875 16875 I flutter : EPG: ensureChannelsLoadedBatch - no new channels to load (all already loaded or pending)
01-27 09:41:46.392  3542 17113 W adbd    : timed out while waiting for FUNCTIONFS_BIND, trying again
01-27 09:41:46.392  3542 17113 I adbd    : UsbFfs: connection terminated: monitor thread finished
01-27 09:41:46.392  3542  3542 I adbd    : UsbFfs: already offline
01-27 09:41:46.392  3542  3542 I adbd    : destroying transport UsbFfs
01-27 09:41:46.393  3542  3542 I adbd    : UsbFfsConnection being destroyed
01-27 09:41:46.397 16875 16875 I flutter : LiveTV artwork NONE: channel="CW56 WLVI" (id=cw56wlviboston.us) reason=no_current_program_from_epg (hasProgramsForChannel=false, isLoading=true, isParsing=true, availableChannels=612)
01-27 09:41:46.430  3542  3583 I adbd    : opening control endpoint /dev/usb-ffs/adb/ep0
01-27 09:41:46.431  3542  3583 I adbd    : UsbFfsConnection constructed
01-27 09:41:46.433  3542 17114 I adbd    : UsbFfs-monitor thread spawned
01-27 09:41:46.614 16875 16875 I flutter : EPG: ensureChannelsLoadedBatch called with 10 channels
01-27 09:41:46.705 16875 16875 I flutter : EPG: ensureChannelsLoadedBatch - no new channels to load (all already loaded or pending)
01-27 09:41:46.976 16875 16875 I flutter : EPG: ensureChannelsLoadedBatch called with 12 channels
01-27 09:41:47.075 16875 16875 I flutter : EPG: ensureChannelsLoadedBatch - no new channels to load (all already loaded or pending)
01-27 09:41:47.413 16875 16875 I flutter : EPG: ensureChannelsLoadedBatch called with 12 channels
01-27 09:41:47.434  3542 17114 W adbd    : timed out while waiting for FUNCTIONFS_BIND, trying again
01-27 09:41:47.434  3542 17114 I adbd    : UsbFfs: connection terminated: monitor thread finished
01-27 09:41:47.434  3542  3542 I adbd    : UsbFfs: already offline
01-27 09:41:47.434  3542  3542 I adbd    : destroying transport UsbFfs
01-27 09:41:47.434  3542  3542 I adbd    : UsbFfsConnection being destroyed
01-27 09:41:47.466  3542  3583 I adbd    : opening control endpoint /dev/usb-ffs/adb/ep0
01-27 09:41:47.467  3542  3583 I adbd    : UsbFfsConnection constructed
01-27 09:41:47.467  3542 17115 I adbd    : UsbFfs-monitor thread spawned
01-27 09:41:47.483 16875 16875 I flutter : EPG: ensureChannelsLoadedBatch - no new channels to load (all already loaded or pending)
01-27 09:41:47.704 16875 16875 I flutter : EPG: Batch timer retry after suspend, loading 23 channels
01-27 09:41:47.704 16875 16875 I flutter : EPG: _loadProgramsFromDbBatch called with 23 epgIds, dbReady=true, dbDisabled=false, suspendReads=true
01-27 09:41:47.704 16875 16875 I flutter : EPG: _loadProgramsFromDbBatch suspended (parsing in progress), timer will retry
01-27 09:41:48.468  3542 17115 W adbd    : timed out while waiting for FUNCTIONFS_BIND, trying again
01-27 09:41:48.468  3542 17115 I adbd    : UsbFfs: connection terminated: monitor thread finished
01-27 09:41:48.468  3542  3542 I adbd    : UsbFfs: already offline
01-27 09:41:48.468  3542  3542 I adbd    : destroying transport UsbFfs
01-27 09:41:48.468  3542  3542 I adbd    : UsbFfsConnection being destroyed
01-27 09:41:48.510  3542  3583 I adbd    : opening control endpoint /dev/usb-ffs/adb/ep0
01-27 09:41:48.511  3542  3583 I adbd    : UsbFfsConnection constructed
01-27 09:41:48.511  3542 17116 I adbd    : UsbFfs-monitor thread spawned
01-27 09:41:49.358 16875 16875 I flutter : EPG: ensureChannelsLoadedBatch called with 60 channels
01-27 09:41:49.401  9446  9446 W ThreadPoolForeg: type=1400 audit(0.0:53397): avc: denied { write } for name="traced_producer" dev="tmpfs" ino=21993 scontext=u:r:gmscore_app:s0:c512,c768 tcontext=u:object_r:traced_producer_socket:s0 tclass=sock_file permissive=0 app=com.google.android.gms
01-27 09:41:49.512  3542 17116 W adbd    : timed out while waiting for FUNCTIONFS_BIND, trying again
01-27 09:41:49.512  3542 17116 I adbd    : UsbFfs: connection terminated: monitor thread finished
01-27 09:41:49.512  3542  3542 I adbd    : UsbFfs: already offline
01-27 09:41:49.513  3542  3542 I adbd    : destroying transport UsbFfs
01-27 09:41:49.513  3542  3542 I adbd    : UsbFfsConnection being destroyed
01-27 09:41:49.558  3542  3583 I adbd    : opening control endpoint /dev/usb-ffs/adb/ep0
01-27 09:41:49.559  3542  3583 I adbd    : UsbFfsConnection constructed
01-27 09:41:49.559  3542 17118 I adbd    : UsbFfs-monitor thread spawned
01-27 09:41:49.894 16875 16875 I flutter : EPG: ensureChannelsLoadedBatch - no new channels to load (all already loaded or pending)
01-27 09:41:50.109  9824  9824 W ThreadPoolForeg: type=1400 audit(0.0:53398): avc: denied { write } for name="traced_producer" dev="tmpfs" ino=21993 scontext=u:r:gmscore_app:s0:c512,c768 tcontext=u:object_r:traced_producer_socket:s0 tclass=sock_file permissive=0 app=com.google.android.gms
01-27 09:41:50.148  3397  3521 V hdcp up : tsec_version: 1
01-27 09:41:50.149  3397  3521 D NvOsDebugPrintf: NvRmStreamFree: WARN: pStream is NULL
01-27 09:41:50.560  3542 17118 W adbd    : timed out while waiting for FUNCTIONFS_BIND, trying again
01-27 09:41:50.560  3542 17118 I adbd    : UsbFfs: connection terminated: monitor thread finished
01-27 09:41:50.560  3542  3542 I adbd    : UsbFfs: already offline
01-27 09:41:50.560  3542  3542 I adbd    : destroying transport UsbFfs
01-27 09:41:50.560  3542  3542 I adbd    : UsbFfsConnection being destroyed
01-27 09:41:50.610  3542  3583 I adbd    : opening control endpoint /dev/usb-ffs/adb/ep0
01-27 09:41:50.611  3542  3583 I adbd    : UsbFfsConnection constructed
01-27 09:41:50.611  3542 17119 I adbd    : UsbFfs-monitor thread spawned
01-27 09:41:50.799 16875 16875 I flutter : LiveTV artwork NONE: channel="CW56 WLVI" (id=cw56wlviboston.us) reason=no_current_program_from_epg (hasProgramsForChannel=false, isLoading=true, isParsing=true, availableChannels=612)
01-27 09:41:51.074 16875 16875 I flutter : EPG: ensureChannelsLoadedBatch called with 10 channels
01-27 09:41:51.167 16875 16875 I flutter : EPG: ensureChannelsLoadedBatch - no new channels to load (all already loaded or pending)
01-27 09:41:51.544 16875 16875 I flutter : EPG: ensureChannelsLoadedBatch called with 12 channels
01-27 09:41:51.612  3542 17119 W adbd    : timed out while waiting for FUNCTIONFS_BIND, trying again
01-27 09:41:51.613  3542 17119 I adbd    : UsbFfs: connection terminated: monitor thread finished
01-27 09:41:51.613  3542  3542 I adbd    : UsbFfs: already offline
01-27 09:41:51.613  3542  3542 I adbd    : destroying transport UsbFfs
01-27 09:41:51.613  3542  3542 I adbd    : UsbFfsConnection being destroyed
01-27 09:41:51.666  3542  3583 I adbd    : opening control endpoint /dev/usb-ffs/adb/ep0
01-27 09:41:51.667  3542  3583 I adbd    : UsbFfsConnection constructed
01-27 09:41:51.667  3542 17121 I adbd    : UsbFfs-monitor thread spawned
01-27 09:41:51.687 16875 16875 I flutter : EPG: ensureChannelsLoadedBatch - no new channels to load (all already loaded or pending)
01-27 09:41:52.186 16875 16875 I flutter : EPG: ensureChannelsLoadedBatch called with 12 channels
01-27 09:41:52.256 16875 16875 I flutter : EPG: ensureChannelsLoadedBatch - no new channels to load (all already loaded or pending)
01-27 09:41:52.571 16875 16875 I flutter : EPG: Batch timer retry after suspend, loading 23 channels
01-27 09:41:52.571 16875 16875 I flutter : EPG: _loadProgramsFromDbBatch called with 23 epgIds, dbReady=true, dbDisabled=false, suspendReads=true
01-27 09:41:52.571 16875 16875 I flutter : EPG: _loadProgramsFromDbBatch suspended (parsing in progress), timer will retry
01-27 09:41:52.668  3542 17121 W adbd    : timed out while waiting for FUNCTIONFS_BIND, trying again
01-27 09:41:52.668  3542 17121 I adbd    : UsbFfs: connection terminated: monitor thread finished
01-27 09:41:52.668  3542  3542 I adbd    : UsbFfs: already offline
01-27 09:41:52.668  3542  3542 I adbd    : destroying transport UsbFfs
01-27 09:41:52.668  3542  3542 I adbd    : UsbFfsConnection being destroyed
01-27 09:41:52.694  3542  3583 I adbd    : opening control endpoint /dev/usb-ffs/adb/ep0
01-27 09:41:52.695  3542  3583 I adbd    : UsbFfsConnection constructed
01-27 09:41:52.696  3542 17123 I adbd    : UsbFfs-monitor thread spawned
01-27 09:41:53.072 16875 16875 I flutter : EPG: Batch timer retry after suspend, loading 23 channels
01-27 09:41:53.072 16875 16875 I flutter : EPG: _loadProgramsFromDbBatch called with 23 epgIds, dbReady=true, dbDisabled=false, suspendReads=true
01-27 09:41:53.072 16875 16875 I flutter : EPG: _loadProgramsFromDbBatch suspended (parsing in progress), timer will retry
01-27 09:41:53.573 16875 16875 I flutter : EPG: Batch timer retry after suspend, loading 23 channels
01-27 09:41:53.573 16875 16875 I flutter : EPG: _loadProgramsFromDbBatch called with 23 epgIds, dbReady=true, dbDisabled=false, suspendReads=true
01-27 09:41:53.573 16875 16875 I flutter : EPG: _loadProgramsFromDbBatch suspended (parsing in progress), timer will retry
01-27 09:41:53.697  3542 17123 W adbd    : timed out while waiting for FUNCTIONFS_BIND, trying again
01-27 09:41:53.697  3542 17123 I adbd    : UsbFfs: connection terminated: monitor thread finished
01-27 09:41:53.697  3542  3542 I adbd    : UsbFfs: already offline
01-27 09:41:53.697  3542  3542 I adbd    : destroying transport UsbFfs
01-27 09:41:53.697  3542  3542 I adbd    : UsbFfsConnection being destroyed
01-27 09:41:53.727  3542  3583 I adbd    : opening control endpoint /dev/usb-ffs/adb/ep0
01-27 09:41:53.728  3542  3583 I adbd    : UsbFfsConnection constructed
01-27 09:41:53.728  3542 17124 I adbd    : UsbFfs-monitor thread spawned
01-27 09:41:54.074 16875 16875 I flutter : EPG: Batch timer retry after suspend, loading 23 channels
01-27 09:41:54.074 16875 16875 I flutter : EPG: _loadProgramsFromDbBatch called with 23 epgIds, dbReady=true, dbDisabled=false, suspendReads=true
01-27 09:41:54.074 16875 16875 I flutter : EPG: _loadProgramsFromDbBatch suspended (parsing in progress), timer will retry
01-27 09:41:54.576 16875 16875 I flutter : EPG: Batch timer retry after suspend, loading 23 channels
01-27 09:41:54.576 16875 16875 I flutter : EPG: _loadProgramsFromDbBatch called with 23 epgIds, dbReady=true, dbDisabled=false, suspendReads=true
01-27 09:41:54.576 16875 16875 I flutter : EPG: _loadProgramsFromDbBatch suspended (parsing in progress), timer will retry
01-27 09:41:54.729  3542 17124 W adbd    : timed out while waiting for FUNCTIONFS_BIND, trying again
01-27 09:41:54.729  3542 17124 I adbd    : UsbFfs: connection terminated: monitor thread finished
01-27 09:41:54.729  3542  3542 I adbd    : UsbFfs: already offline
01-27 09:41:54.729  3542  3542 I adbd    : destroying transport UsbFfs
01-27 09:41:54.729  3542  3542 I adbd    : UsbFfsConnection being destroyed
01-27 09:41:54.762  3542  3583 I adbd    : opening control endpoint /dev/usb-ffs/adb/ep0
01-27 09:41:54.764  3542  3583 I adbd    : UsbFfsConnection constructed
01-27 09:41:54.764  3542 17125 I adbd    : UsbFfs-monitor thread spawned
01-27 09:41:55.076 16875 16875 I flutter : EPG: Batch timer retry after suspend, loading 23 channels
01-27 09:41:55.077 16875 16875 I flutter : EPG: _loadProgramsFromDbBatch called with 23 epgIds, dbReady=true, dbDisabled=false, suspendReads=true
01-27 09:41:55.077 16875 16875 I flutter : EPG: _loadProgramsFromDbBatch suspended (parsing in progress), timer will retry
01-27 09:41:55.152  3397  3521 V hdcp up : tsec_version: 1
01-27 09:41:55.154  3397  3521 D NvOsDebugPrintf: NvRmStreamFree: WARN: pStream is NULL
01-27 09:41:55.427  4874  5724 I cast_shell: [0127/094155.426969:INFO:mdns_app_filter.cc(3550)] Mdns cast queries recently sent: queries=1
01-27 09:41:55.577 16875 16875 I flutter : EPG: Batch timer retry after suspend, loading 23 channels
01-27 09:41:55.577 16875 16875 I flutter : EPG: _loadProgramsFromDbBatch called with 23 epgIds, dbReady=true, dbDisabled=false, suspendReads=true
01-27 09:41:55.577 16875 16875 I flutter : EPG: _loadProgramsFromDbBatch suspended (parsing in progress), timer will retry
01-27 09:41:55.765  3542 17125 W adbd    : timed out while waiting for FUNCTIONFS_BIND, trying again
01-27 09:41:55.765  3542 17125 I adbd    : UsbFfs: connection terminated: monitor thread finished
01-27 09:41:55.765  3542  3542 I adbd    : UsbFfs: already offline
01-27 09:41:55.765  3542  3542 I adbd    : destroying transport UsbFfs
01-27 09:41:55.765  3542  3542 I adbd    : UsbFfsConnection being destroyed
01-27 09:41:55.802  3542  3583 I adbd    : opening control endpoint /dev/usb-ffs/adb/ep0
01-27 09:41:55.803  3542  3583 I adbd    : UsbFfsConnection constructed
01-27 09:41:55.803  3542 17126 I adbd    : UsbFfs-monitor thread spawned
01-27 09:41:56.078 16875 16875 I flutter : EPG: Batch timer retry after suspend, loading 23 channels
01-27 09:41:56.078 16875 16875 I flutter : EPG: _loadProgramsFromDbBatch called with 23 epgIds, dbReady=true, dbDisabled=false, suspendReads=true
01-27 09:41:56.078 16875 16875 I flutter : EPG: _loadProgramsFromDbBatch suspended (parsing in progress), timer will retry
01-27 09:41:56.543 16875 16875 I flutter : EPG: Program ingest took 12882ms
01-27 09:41:56.543 16875 16875 I flutter : EPG: Load (parse+ingest) total 35857ms
01-27 09:41:56.805  3542 17126 W adbd    : timed out while waiting for FUNCTIONFS_BIND, trying again
01-27 09:41:56.805  3542 17126 I adbd    : UsbFfs: connection terminated: monitor thread finished
01-27 09:41:56.805  3542  3542 I adbd    : UsbFfs: already offline
01-27 09:41:56.805  3542  3542 I adbd    : destroying transport UsbFfs
01-27 09:41:56.805  3542  3542 I adbd    : UsbFfsConnection being destroyed
01-27 09:41:56.858  3542  3583 I adbd    : opening control endpoint /dev/usb-ffs/adb/ep0
01-27 09:41:56.859  3542  3583 I adbd    : UsbFfsConnection constructed
01-27 09:41:56.859  3542 17128 I adbd    : UsbFfs-monitor thread spawned
01-27 09:41:57.860  3542 17128 W adbd    : timed out while waiting for FUNCTIONFS_BIND, trying again
01-27 09:41:57.860  3542 17128 I adbd    : UsbFfs: connection terminated: monitor thread finished
01-27 09:41:57.861  3542  3542 I adbd    : UsbFfs: already offline
01-27 09:41:57.861  3542  3542 I adbd    : destroying transport UsbFfs
01-27 09:41:57.861  3542  3542 I adbd    : UsbFfsConnection being destroyed
01-27 09:41:57.902  3542  3583 I adbd    : opening control endpoint /dev/usb-ffs/adb/ep0
01-27 09:41:57.903  3542  3583 I adbd    : UsbFfsConnection constructed
01-27 09:41:57.903  3542 17129 I adbd    : UsbFfs-monitor thread spawned
01-27 09:41:58.359 16875 16875 I flutter : EPG: ensureChannelsLoadedBatch called with 59 channels
01-27 09:41:58.849 16875 16875 I flutter : EPG: ensureChannelsLoadedBatch - no new channels to load (all already loaded or pending)
01-27 09:41:58.904  3542 17129 W adbd    : timed out while waiting for FUNCTIONFS_BIND, trying again
01-27 09:41:58.904  3542 17129 I adbd    : UsbFfs: connection terminated: monitor thread finished
01-27 09:41:58.904  3542  3542 I adbd    : UsbFfs: already offline
01-27 09:41:58.904  3542  3542 I adbd    : destroying transport UsbFfs
01-27 09:41:58.904  3542  3542 I adbd    : UsbFfsConnection being destroyed
01-27 09:41:58.946  3542  3583 I adbd    : opening control endpoint /dev/usb-ffs/adb/ep0
01-27 09:41:58.947  3542  3583 I adbd    : UsbFfsConnection constructed
01-27 09:41:58.947  3542 17130 I adbd    : UsbFfs-monitor thread spawned
01-27 09:41:59.541 16875 16875 I flutter : LiveTV artwork NONE: channel="Awe" (id=awe.us) reason=no_current_program_from_epg (hasProgramsForChannel=true, isLoading=true, isParsing=false, availableChannels=612)
01-27 09:41:59.915 16875 16875 I flutter : LiveTV artwork NONE: channel="CW56 WLVI" (id=cw56wlviboston.us) reason=no_current_program_from_epg (hasProgramsForChannel=false, isLoading=true, isParsing=false, availableChannels=612)
01-27 09:41:59.948  3542 17130 W adbd    : timed out while waiting for FUNCTIONFS_BIND, trying again
01-27 09:41:59.948  3542 17130 I adbd    : UsbFfs: connection terminated: monitor thread finished
01-27 09:41:59.948  3542  3542 I adbd    : UsbFfs: already offline
01-27 09:41:59.948  3542  3542 I adbd    : destroying transport UsbFfs
01-27 09:41:59.948  3542  3542 I adbd    : UsbFfsConnection being destroyed
01-27 09:41:59.982  3542  3583 I adbd    : opening control endpoint /dev/usb-ffs/adb/ep0
01-27 09:41:59.983  3542  3583 I adbd    : UsbFfsConnection constructed
01-27 09:41:59.983  3542 17131 I adbd    : UsbFfs-monitor thread spawned
01-27 09:42:00.157  3397  3521 V hdcp up : tsec_version: 1
01-27 09:42:00.158  3397  3521 D NvOsDebugPrintf: NvRmStreamFree: WARN: pStream is NULL
01-27 09:42:00.368 16875 16875 I flutter : EPG: ensureChannelsLoadedBatch called with 10 channels
01-27 09:42:00.460 16875 16875 I flutter : EPG: ensureChannelsLoadedBatch - no new channels to load (all already loaded or pending)
01-27 09:42:00.926 16875 16875 I flutter : EPG: ensureChannelsLoadedBatch called with 12 channels
01-27 09:42:00.984  3542 17131 W adbd    : timed out while waiting for FUNCTIONFS_BIND, trying again
01-27 09:42:00.984  3542 17131 I adbd    : UsbFfs: connection terminated: monitor thread finished
01-27 09:42:00.984  3542  3542 I adbd    : UsbFfs: already offline
01-27 09:42:00.984  3542  3542 I adbd    : destroying transport UsbFfs
01-27 09:42:00.985  3542  3542 I adbd    : UsbFfsConnection being destroyed
01-27 09:42:01.014  3542  3583 I adbd    : opening control endpoint /dev/usb-ffs/adb/ep0
01-27 09:42:01.015  3542  3583 I adbd    : UsbFfsConnection constructed
01-27 09:42:01.015  3542 17133 I adbd    : UsbFfs-monitor thread spawned
01-27 09:42:01.028 16875 16875 I flutter : EPG: ensureChannelsLoadedBatch - no new channels to load (all already loaded or pending)
01-27 09:42:01.658 16875 16875 I flutter : EPG: ensureChannelsLoadedBatch called with 12 channels
01-27 09:42:01.730 16875 16875 I flutter : EPG: ensureChannelsLoadedBatch - no new channels to load (all already loaded or pending)
01-27 09:42:02.016  3542 17133 W adbd    : timed out while waiting for FUNCTIONFS_BIND, trying again
01-27 09:42:02.016  3542 17133 I adbd    : UsbFfs: connection terminated: monitor thread finished
01-27 09:42:02.016  3542  3542 I adbd    : UsbFfs: already offline
01-27 09:42:02.016  3542  3542 I adbd    : destroying transport UsbFfs
01-27 09:42:02.017  3542  3542 I adbd    : UsbFfsConnection being destroyed
01-27 09:42:02.058  3542  3583 I adbd    : opening control endpoint /dev/usb-ffs/adb/ep0
01-27 09:42:02.059  3542  3583 I adbd    : UsbFfsConnection constructed
01-27 09:42:02.059  3542 17134 I adbd    : UsbFfs-monitor thread spawned
01-27 09:42:02.139 16875 16875 I flutter : EPG: Batch timer retry after suspend, loading 23 channels
01-27 09:42:02.139 16875 16875 I flutter : EPG: _loadProgramsFromDbBatch called with 23 epgIds, dbReady=true, dbDisabled=false, suspendReads=true
01-27 09:42:02.139 16875 16875 I flutter : EPG: _loadProgramsFromDbBatch suspended (parsing in progress), timer will retry
01-27 09:42:03.060  3542 17134 W adbd    : timed out while waiting for FUNCTIONFS_BIND, trying again
01-27 09:42:03.060  3542 17134 I adbd    : UsbFfs: connection terminated: monitor thread finished
01-27 09:42:03.060  3542  3542 I adbd    : UsbFfs: already offline
01-27 09:42:03.060  3542  3542 I adbd    : destroying transport UsbFfs
01-27 09:42:03.061  3542  3542 I adbd    : UsbFfsConnection being destroyed
01-27 09:42:03.098  3542  3583 I adbd    : opening control endpoint /dev/usb-ffs/adb/ep0
01-27 09:42:03.099  3542  3583 I adbd    : UsbFfsConnection constructed
01-27 09:42:03.099  3542 17136 I adbd    : UsbFfs-monitor thread spawned
01-27 09:42:04.101  3542 17136 W adbd    : timed out while waiting for FUNCTIONFS_BIND, trying again
01-27 09:42:04.101  3542 17136 I adbd    : UsbFfs: connection terminated: monitor thread finished
01-27 09:42:04.101  3542  3542 I adbd    : UsbFfs: already offline
01-27 09:42:04.101  3542  3542 I adbd    : destroying transport UsbFfs
01-27 09:42:04.101  3542  3542 I adbd    : UsbFfsConnection being destroyed
01-27 09:42:04.150  3542  3583 I adbd    : opening control endpoint /dev/usb-ffs/adb/ep0
01-27 09:42:04.151  3542  3583 I adbd    : UsbFfsConnection constructed
01-27 09:42:04.151  3542 17137 I adbd    : UsbFfs-monitor thread spawned
01-27 09:42:04.449 16875 16875 I flutter : EPG: ensureChannelsLoadedBatch called with 59 channels
01-27 09:42:04.940 16875 16875 I flutter : EPG: ensureChannelsLoadedBatch - no new channels to load (all already loaded or pending)
01-27 09:42:05.152  3542 17137 W adbd    : timed out while waiting for FUNCTIONFS_BIND, trying again
01-27 09:42:05.152  3542 17137 I adbd    : UsbFfs: connection terminated: monitor thread finished
01-27 09:42:05.152  3542  3542 I adbd    : UsbFfs: already offline
01-27 09:42:05.152  3542  3542 I adbd    : destroying transport UsbFfs
01-27 09:42:05.153  3542  3542 I adbd    : UsbFfsConnection being destroyed
01-27 09:42:05.162  3397  3521 V hdcp up : tsec_version: 1
01-27 09:42:05.163  3397  3521 D NvOsDebugPrintf: NvRmStreamFree: WARN: pStream is NULL
01-27 09:42:05.198  3542  3583 I adbd    : opening control endpoint /dev/usb-ffs/adb/ep0
01-27 09:42:05.199  3542  3583 I adbd    : UsbFfsConnection constructed
01-27 09:42:05.199  3542 17138 I adbd    : UsbFfs-monitor thread spawned
01-27 09:42:05.779 16875 16875 I flutter : LiveTV artwork NONE: channel="Awe" (id=awe.us) reason=no_current_program_from_epg (hasProgramsForChannel=true, isLoading=true, isParsing=false, availableChannels=612)
01-27 09:42:06.143 16875 16875 I flutter : LiveTV artwork NONE: channel="CW56 WLVI" (id=cw56wlviboston.us) reason=no_current_program_from_epg (hasProgramsForChannel=false, isLoading=true, isParsing=false, availableChannels=612)
01-27 09:42:06.200  3542 17138 W adbd    : timed out while waiting for FUNCTIONFS_BIND, trying again
01-27 09:42:06.200  3542 17138 I adbd    : UsbFfs: connection terminated: monitor thread finished
01-27 09:42:06.200  3542  3542 I adbd    : UsbFfs: already offline
01-27 09:42:06.200  3542  3542 I adbd    : destroying transport UsbFfs
01-27 09:42:06.200  3542  3542 I adbd    : UsbFfsConnection being destroyed
01-27 09:42:06.238  3542  3583 I adbd    : opening control endpoint /dev/usb-ffs/adb/ep0
01-27 09:42:06.239  3542  3583 I adbd    : UsbFfsConnection constructed
01-27 09:42:06.239  3542 17139 I adbd    : UsbFfs-monitor thread spawned
01-27 09:42:06.609 16875 16875 I flutter : EPG: ensureChannelsLoadedBatch called with 10 channels
01-27 09:42:06.702 16875 16875 I flutter : EPG: ensureChannelsLoadedBatch - no new channels to load (all already loaded or pending)
01-27 09:42:07.240  3542 17139 W adbd    : timed out while waiting for FUNCTIONFS_BIND, trying again
01-27 09:42:07.240  3542 17139 I adbd    : UsbFfs: connection terminated: monitor thread finished
01-27 09:42:07.240  3542  3542 I adbd    : UsbFfs: already offline
01-27 09:42:07.240  3542  3542 I adbd    : destroying transport UsbFfs
01-27 09:42:07.240  3542  3542 I adbd    : UsbFfsConnection being destroyed
01-27 09:42:07.259 16875 16875 I flutter : EPG: ensureChannelsLoadedBatch called with 12 channels
01-27 09:42:07.270  3542  3583 I adbd    : opening control endpoint /dev/usb-ffs/adb/ep0
01-27 09:42:07.271  3542  3583 I adbd    : UsbFfsConnection constructed
01-27 09:42:07.271  3542 17140 I adbd    : UsbFfs-monitor thread spawned
01-27 09:42:07.360 16875 16875 I flutter : EPG: ensureChannelsLoadedBatch - no new channels to load (all already loaded or pending)
01-27 09:42:08.133 16875 16875 I flutter : EPG: ensureChannelsLoadedBatch called with 12 channels
01-27 09:42:08.206 16875 16875 I flutter : EPG: ensureChannelsLoadedBatch - no new channels to load (all already loaded or pending)
01-27 09:42:08.272  3542 17140 W adbd    : timed out while waiting for FUNCTIONFS_BIND, trying again
01-27 09:42:08.272  3542 17140 I adbd    : UsbFfs: connection terminated: monitor thread finished
01-27 09:42:08.272  3542  3542 I adbd    : UsbFfs: already offline
01-27 09:42:08.272  3542  3542 I adbd    : destroying transport UsbFfs
01-27 09:42:08.272  3542  3542 I adbd    : UsbFfsConnection being destroyed
01-27 09:42:08.310  3542  3583 I adbd    : opening control endpoint /dev/usb-ffs/adb/ep0
01-27 09:42:08.311  3542  3583 I adbd    : UsbFfsConnection constructed
01-27 09:42:08.311  3542 17141 I adbd    : UsbFfs-monitor thread spawned
01-27 09:42:08.822 16875 16875 I flutter : EPG: Batch timer retry after suspend, loading 23 channels
01-27 09:42:08.822 16875 16875 I flutter : EPG: _loadProgramsFromDbBatch called with 23 epgIds, dbReady=true, dbDisabled=false, suspendReads=true
01-27 09:42:08.822 16875 16875 I flutter : EPG: _loadProgramsFromDbBatch suspended (parsing in progress), timer will retry
01-27 09:42:08.866 16875 16875 I flutter : EPG: Saved normalized mapping (607 entries) to /data/user/0/com.risa.app/app_flutter/epg_normalized_pl_f74e5558.json
01-27 09:42:08.942 16875 16875 I flutter : EPG: Saved cache backup to /data/user/0/com.risa.app/files/epg_cache_backup.xml.gz
01-27 09:42:08.942 16875 16875 I flutter : EPG: Successfully parsed 344 channels and 612 IDs with ~346 programs
01-27 09:42:09.311  3542 17141 W adbd    : timed out while waiting for FUNCTIONFS_BIND, trying again
01-27 09:42:09.312  3542 17141 I adbd    : UsbFfs: connection terminated: monitor thread finished
01-27 09:42:09.312  3542  3542 I adbd    : UsbFfs: already offline
01-27 09:42:09.312  3542  3542 I adbd    : destroying transport UsbFfs
01-27 09:42:09.312  3542  3542 I adbd    : UsbFfsConnection being destroyed
01-27 09:42:09.322 16875 16875 I flutter : EPG: Batch timer retry after suspend, loading 23 channels
01-27 09:42:09.322 16875 16875 I flutter : EPG: _loadProgramsFromDbBatch called with 23 epgIds, dbReady=true, dbDisabled=false, suspendReads=true
01-27 09:42:09.322 16875 16875 I flutter : EPG: _loadProgramsFromDbBatch suspended (parsing in progress), timer will retry
01-27 09:42:09.346  3542  3583 I adbd    : opening control endpoint /dev/usb-ffs/adb/ep0
01-27 09:42:09.347  3542  3583 I adbd    : UsbFfsConnection constructed
01-27 09:42:09.347  3542 17145 I adbd    : UsbFfs-monitor thread spawned
01-27 09:42:09.685 16875 16875 I flutter : EPG: Persisting programs to DB...
01-27 09:42:09.744 16875 16875 I flutter : EPG: Persisted 344 channels to DB.
01-27 09:42:09.744 16875 16875 I flutter : EPG: Background EPG load took 49058ms
01-27 09:42:09.744 16875 16875 I flutter : EPG: ✓ Full EPG loaded in background
01-27 09:42:10.167  3397  3521 V hdcp up : tsec_version: 1
01-27 09:42:10.169  3397  3521 D NvOsDebugPrintf: NvRmStreamFree: WARN: pStream is NULL
01-27 09:42:10.348  3542 17145 W adbd    : timed out while waiting for FUNCTIONFS_BIND, trying again
01-27 09:42:10.348  3542 17145 I adbd    : UsbFfs: connection terminated: monitor thread finished
01-27 09:42:10.348  3542  3542 I adbd    : UsbFfs: already offline
01-27 09:42:10.348  3542  3542 I adbd    : destroying transport UsbFfs
01-27 09:42:10.349  3542  3542 I adbd    : UsbFfsConnection being destroyed
01-27 09:42:10.364 16875 16941 D SharedPreferencesImpl: Time required to fsync /data/user/0/com.risa.app/shared_prefs/FlutterSharedPreferences.xml: [<1: 0, <2: 0, <4: 0, <8: 0, <16: 0, <32: 0, <64: 1, <128: 5, <256: 4, <512: 1, <1024: 1, <2048: 1, <4096: 0, <8192: 0, <16384: 0, >=16384: 0]
01-27 09:42:10.378  3542  3583 I adbd    : opening control endpoint /dev/usb-ffs/adb/ep0
01-27 09:42:10.379  3542  3583 I adbd    : UsbFfsConnection constructed
01-27 09:42:10.379  3542 17146 I adbd    : UsbFfs-monitor thread spawned
01-27 09:42:10.821 16875 16875 I flutter : EPG: ensureChannelsLoadedBatch called with 59 channels
01-27 09:42:10.821 16875 16875 I flutter : EPG: ensureChannelsLoadedBatch - no new channels to load (all already loaded or pending)
01-27 09:42:11.032 16875 16875 I flutter : LiveTV artwork NONE: channel="Awe" (id=awe.us) reason=no_current_program_from_epg (hasProgramsForChannel=true, isLoading=false, isParsing=false, availableChannels=612)
01-27 09:42:11.033 16875 16875 I flutter : LiveTV artwork NONE: channel="CW56 WLVI" (id=cw56wlviboston.us) reason=no_current_program_from_epg (hasProgramsForChannel=false, isLoading=false, isParsing=false, availableChannels=612)
01-27 09:42:11.038 16875 16875 I flutter : EPG: ensureChannelsLoadedBatch called with 10 channels
01-27 09:42:11.038 16875 16875 I flutter : EPG: ensureChannelsLoadedBatch - no new channels to load (all already loaded or pending)
01-27 09:42:11.041 16875 16875 I flutter : EPG: ensureChannelsLoadedBatch called with 12 channels
01-27 09:42:11.041 16875 16875 I flutter : EPG: ensureChannelsLoadedBatch - no new channels to load (all already loaded or pending)
01-27 09:42:11.264 16875 16875 I flutter : EPG: ensureChannelsLoadedBatch called with 12 channels
01-27 09:42:11.264 16875 16875 I flutter : EPG: ensureChannelsLoadedBatch - no new channels to load (all already loaded or pending)
01-27 09:42:11.270 16875 16875 I flutter : EPG: Batch timer retry after suspend, loading 23 channels
01-27 09:42:11.270 16875 16875 I flutter : EPG: _loadProgramsFromDbBatch called with 23 epgIds, dbReady=true, dbDisabled=false, suspendReads=false
01-27 09:42:11.274 16875 16875 I flutter : SmartCache: EPG data cached (344 channels)
01-27 09:42:11.281 16875 16875 I flutter : EPG: ensureChannelsLoadedBatch called with 59 channels
01-27 09:42:11.281 16875 16875 I flutter : EPG: ensureChannelsLoadedBatch - no new channels to load (all already loaded or pending)
01-27 09:42:11.380  3542 17146 W adbd    : timed out while waiting for FUNCTIONFS_BIND, trying again
01-27 09:42:11.380  3542 17146 I adbd    : UsbFfs: connection terminated: monitor thread finished
01-27 09:42:11.381  3542  3542 I adbd    : UsbFfs: already offline
01-27 09:42:11.381  3542  3542 I adbd    : destroying transport UsbFfs
01-27 09:42:11.381  3542  3542 I adbd    : UsbFfsConnection being destroyed
01-27 09:42:11.422  3542  3583 I adbd    : opening control endpoint /dev/usb-ffs/adb/ep0
01-27 09:42:11.423  3542  3583 I adbd    : UsbFfsConnection constructed
01-27 09:42:11.423  3542 17147 I adbd    : UsbFfs-monitor thread spawned
01-27 09:42:11.496 16875 16875 I flutter : LiveTV artwork NONE: channel="Awe" (id=awe.us) reason=no_current_program_from_epg (hasProgramsForChannel=true, isLoading=false, isParsing=false, availableChannels=612)
01-27 09:42:11.497 16875 16875 I flutter : LiveTV artwork NONE: channel="CW56 WLVI" (id=cw56wlviboston.us) reason=no_current_program_from_epg (hasProgramsForChannel=false, isLoading=false, isParsing=false, availableChannels=612)
01-27 09:42:11.501 16875 16875 I flutter : EPG: ensureChannelsLoadedBatch called with 10 channels
01-27 09:42:11.501 16875 16875 I flutter : EPG: ensureChannelsLoadedBatch - no new channels to load (all already loaded or pending)
01-27 09:42:11.504 16875 16875 I flutter : EPG: ensureChannelsLoadedBatch called with 12 channels
01-27 09:42:11.504 16875 16875 I flutter : EPG: ensureChannelsLoadedBatch - no new channels to load (all already loaded or pending)
01-27 09:42:11.720 16875 16875 I flutter : EPG: ensureChannelsLoadedBatch called with 12 channels
01-27 09:42:11.720 16875 16875 I flutter : EPG: ensureChannelsLoadedBatch - no new channels to load (all already loaded or pending)
01-27 09:42:11.727 16875 16875 I flutter : EPG: DB query returned 9 program rows for 23 channels
01-27 09:42:11.728 16875 16875 I flutter : EPG: Batch loaded programs for 6 channels
01-27 09:42:11.747 16875 16875 I flutter : EPG: ensureChannelsLoadedBatch called with 59 channels
01-27 09:42:11.747 16875 16875 I flutter : EPG: ensureChannelsLoadedBatch - queueing 8 channels for batch load
01-27 09:42:11.961 16875 16875 I flutter : LiveTV artwork NONE: channel="Awe" (id=awe.us) reason=no_current_program_from_epg (hasProgramsForChannel=true, isLoading=false, isParsing=false, availableChannels=612)
01-27 09:42:11.962 16875 16875 I flutter : LiveTV artwork NONE: channel="CW56 WLVI" (id=cw56wlviboston.us) reason=no_current_program_from_epg (hasProgramsForChannel=false, isLoading=false, isParsing=false, availableChannels=612)
01-27 09:42:11.967 16875 16875 I flutter : EPG: ensureChannelsLoadedBatch called with 10 channels
01-27 09:42:11.967 16875 16875 I flutter : EPG: ensureChannelsLoadedBatch - no new channels to load (all already loaded or pending)
01-27 09:42:11.970 16875 16875 I flutter : EPG: ensureChannelsLoadedBatch called with 12 channels
01-27 09:42:11.970 16875 16875 I flutter : EPG: ensureChannelsLoadedBatch - no new channels to load (all already loaded or pending)
01-27 09:42:12.186 16875 16875 I flutter : EPG: ensureChannelsLoadedBatch called with 12 channels
01-27 09:42:12.186 16875 16875 I flutter : EPG: ensureChannelsLoadedBatch - no new channels to load (all already loaded or pending)
01-27 09:42:12.191 16875 16875 I flutter : EPG: Batch timer fired, loading 8 channels
01-27 09:42:12.191 16875 16875 I flutter : EPG: _loadProgramsFromDbBatch called with 8 epgIds, dbReady=true, dbDisabled=false, suspendReads=false
01-27 09:42:12.206 16875 16875 I flutter : EPG: DB query returned 0 program rows for 8 channels
01-27 09:42:12.206 16875 16875 I flutter : EPG: No programs found in DB for requested channels
01-27 09:42:12.219 16875 16875 I flutter : EPG: ensureChannelsLoadedBatch called with 59 channels
01-27 09:42:12.220 16875 16875 I flutter : EPG: ensureChannelsLoadedBatch - queueing 8 channels for batch load
01-27 09:42:12.425  3542 17147 W adbd    : timed out while waiting for FUNCTIONFS_BIND, trying again
01-27 09:42:12.425  3542 17147 I adbd    : UsbFfs: connection terminated: monitor thread finished
01-27 09:42:12.425  3542  3542 I adbd    : UsbFfs: already offline
01-27 09:42:12.425  3542  3542 I adbd    : destroying transport UsbFfs
01-27 09:42:12.425  3542  3542 I adbd    : UsbFfsConnection being destroyed
01-27 09:42:12.462  3542  3583 I adbd    : opening control endpoint /dev/usb-ffs/adb/ep0
01-27 09:42:12.463  3542  3583 I adbd    : UsbFfsConnection constructed
01-27 09:42:12.463  3542 17148 I adbd    : UsbFfs-monitor thread spawned
01-27 09:42:12.475 16875 16875 I flutter : LiveTV artwork NONE: channel="Awe" (id=awe.us) reason=no_current_program_from_epg (hasProgramsForChannel=true, isLoading=false, isParsing=false, availableChannels=612)
01-27 09:42:12.476 16875 16875 I flutter : LiveTV artwork NONE: channel="CW56 WLVI" (id=cw56wlviboston.us) reason=no_current_program_from_epg (hasProgramsForChannel=false, isLoading=false, isParsing=false, availableChannels=612)
01-27 09:42:12.481 16875 16875 I flutter : EPG: ensureChannelsLoadedBatch called with 10 channels
01-27 09:42:12.481 16875 16875 I flutter : EPG: ensureChannelsLoadedBatch - no new channels to load (all already loaded or pending)
01-27 09:42:12.484 16875 16875 I flutter : EPG: ensureChannelsLoadedBatch called with 12 channels
01-27 09:42:12.484 16875 16875 I flutter : EPG: ensureChannelsLoadedBatch - no new channels to load (all already loaded or pending)
01-27 09:42:12.701 16875 16875 I flutter : EPG: ensureChannelsLoadedBatch called with 12 channels
01-27 09:42:12.701 16875 16875 I flutter : EPG: ensureChannelsLoadedBatch - no new channels to load (all already loaded or pending)
01-27 09:42:12.706 16875 16875 I flutter : EPG: Batch timer fired, loading 8 channels
01-27 09:42:12.706 16875 16875 I flutter : EPG: _loadProgramsFromDbBatch called with 8 epgIds, dbReady=true, dbDisabled=false, suspendReads=false
01-27 09:42:12.714 16875 16875 I flutter : EPG: DB query returned 0 program rows for 8 channels
01-27 09:42:12.714 16875 16875 I flutter : EPG: No programs found in DB for requested channels
01-27 09:42:12.718 16875 16875 I flutter : EPG: ensureChannelsLoadedBatch called with 59 channels
01-27 09:42:12.718 16875 16875 I flutter : EPG: ensureChannelsLoadedBatch - queueing 8 channels for batch load
01-27 09:42:12.935 16875 16875 I flutter : LiveTV artwork NONE: channel="Awe" (id=awe.us) reason=no_current_program_from_epg (hasProgramsForChannel=true, isLoading=false, isParsing=false, availableChannels=612)
01-27 09:42:12.936 16875 16875 I flutter : LiveTV artwork NONE: channel="CW56 WLVI" (id=cw56wlviboston.us) reason=no_current_program_from_epg (hasProgramsForChannel=false, isLoading=false, isParsing=false, availableChannels=612)
01-27 09:42:12.941 16875 16875 I flutter : EPG: ensureChannelsLoadedBatch called with 10 channels
01-27 09:42:12.941 16875 16875 I flutter : EPG: ensureChannelsLoadedBatch - no new channels to load (all already loaded or pending)
01-27 09:42:12.944 16875 16875 I flutter : EPG: ensureChannelsLoadedBatch called with 12 channels
01-27 09:42:12.944 16875 16875 I flutter : EPG: ensureChannelsLoadedBatch - no new channels to load (all already loaded or pending)
01-27 09:42:13.160 16875 16875 I flutter : EPG: ensureChannelsLoadedBatch called with 12 channels
01-27 09:42:13.160 16875 16875 I flutter : EPG: ensureChannelsLoadedBatch - no new channels to load (all already loaded or pending)
01-27 09:42:13.165 16875 16875 I flutter : EPG: Batch timer fired, loading 8 channels
01-27 09:42:13.165 16875 16875 I flutter : EPG: _loadProgramsFromDbBatch called with 8 epgIds, dbReady=true, dbDisabled=false, suspendReads=false
01-27 09:42:13.172 16875 16875 I flutter : EPG: DB query returned 0 program rows for 8 channels
01-27 09:42:13.172 16875 16875 I flutter : EPG: No programs found in DB for requested channels
01-27 09:42:13.185 16875 16875 I flutter : EPG: ensureChannelsLoadedBatch called with 59 channels
01-27 09:42:13.185 16875 16875 I flutter : EPG: ensureChannelsLoadedBatch - queueing 8 channels for batch load
01-27 09:42:13.400 16875 16875 I flutter : LiveTV artwork NONE: channel="Awe" (id=awe.us) reason=no_current_program_from_epg (hasProgramsForChannel=true, isLoading=false, isParsing=false, availableChannels=612)
01-27 09:42:13.401 16875 16875 I flutter : LiveTV artwork NONE: channel="CW56 WLVI" (id=cw56wlviboston.us) reason=no_current_program_from_epg (hasProgramsForChannel=false, isLoading=false, isParsing=false, availableChannels=612)
01-27 09:42:13.406 16875 16875 I flutter : EPG: ensureChannelsLoadedBatch called with 10 channels
01-27 09:42:13.406 16875 16875 I flutter : EPG: ensureChannelsLoadedBatch - no new channels to load (all already loaded or pending)
01-27 09:42:13.409 16875 16875 I flutter : EPG: ensureChannelsLoadedBatch called with 12 channels
01-27 09:42:13.409 16875 16875 I flutter : EPG: ensureChannelsLoadedBatch - no new channels to load (all already loaded or pending)
01-27 09:42:13.464  3542 17148 W adbd    : timed out while waiting for FUNCTIONFS_BIND, trying again
01-27 09:42:13.464  3542 17148 I adbd    : UsbFfs: connection terminated: monitor thread finished
01-27 09:42:13.464  3542  3542 I adbd    : UsbFfs: already offline
01-27 09:42:13.464  3542  3542 I adbd    : destroying transport UsbFfs
01-27 09:42:13.464  3542  3542 I adbd    : UsbFfsConnection being destroyed
01-27 09:42:13.514  3542  3583 I adbd    : opening control endpoint /dev/usb-ffs/adb/ep0
01-27 09:42:13.515  3542  3583 I adbd    : UsbFfsConnection constructed
01-27 09:42:13.515  3542 17149 I adbd    : UsbFfs-monitor thread spawned
01-27 09:42:13.624 16875 16875 I flutter : EPG: ensureChannelsLoadedBatch called with 12 channels
01-27 09:42:13.624 16875 16875 I flutter : EPG: ensureChannelsLoadedBatch - no new channels to load (all already loaded or pending)
01-27 09:42:13.629 16875 16875 I flutter : EPG: Batch timer fired, loading 8 channels
01-27 09:42:13.629 16875 16875 I flutter : EPG: _loadProgramsFromDbBatch called with 8 epgIds, dbReady=true, dbDisabled=false, suspendReads=false
01-27 09:42:13.636 16875 16875 I flutter : EPG: DB query returned 0 program rows for 8 channels
01-27 09:42:13.636 16875 16875 I flutter : EPG: No programs found in DB for requested channels
01-27 09:42:13.652 16875 16875 I flutter : EPG: ensureChannelsLoadedBatch called with 59 channels
