01-27 09:41:04.522 16875 16875 I flutter : Channel: Boston 25
01-27 09:41:04.523 16875 16875 I flutter : Joined IntegratedTranscriptionService with WhisperTranscriptionService
01-27 09:41:04.525 16875 16875 I flutter : content_focus: Shell unregistered focus callback token=16
01-27 09:41:04.525 16875 16875 I flutter : content_focus: Shell registered focus callback token=17
01-27 09:41:04.525 16875 16875 I flutter : content_focus: Registered content focus: LiveTVScreen (token: 17)
01-27 09:41:04.712  3542 17049 W adbd    : timed out while waiting for FUNCTIONFS_BIND, trying again
01-27 09:41:04.712  3542 17049 I adbd    : UsbFfs: connection terminated: monitor thread finished
01-27 09:41:04.712  3542  3542 I adbd    : UsbFfs: already offline
01-27 09:41:04.712  3542  3542 I adbd    : destroying transport UsbFfs
01-27 09:41:04.713  3542  3542 I adbd    : UsbFfsConnection being destroyed
01-27 09:41:04.750  3542  3583 I adbd    : opening control endpoint /dev/usb-ffs/adb/ep0
01-27 09:41:04.751  3542  3583 I adbd    : UsbFfsConnection constructed
01-27 09:41:04.751  3542 17052 I adbd    : UsbFfs-monitor thread spawned
01-27 09:41:05.106  3397  3521 V hdcp up : tsec_version: 1
01-27 09:41:05.107  3397  3521 D NvOsDebugPrintf: NvRmStreamFree: WARN: pStream is NULL
01-27 09:41:05.280 16875 16875 I flutter : EPG: ensureChannelsLoadedBatch called with 59 channels
01-27 09:41:05.474 16875 16875 I flutter : EPG: ensureChannelsLoadedBatch - no new channels to load (all already loaded or pending)
01-27 09:41:05.508 16875 16875 I flutter : LiveTV artwork NONE: channel="Awe" (id=awe.us) reason=no_current_program_from_epg (hasProgramsForChannel=true, isLoading=true, isParsing=true, availableChannels=612)
01-27 09:41:05.752  3542 17052 W adbd    : timed out while waiting for FUNCTIONFS_BIND, trying again
01-27 09:41:05.753  3542 17052 I adbd    : UsbFfs: connection terminated: monitor thread finished
01-27 09:41:05.753  3542  3542 I adbd    : UsbFfs: already offline
01-27 09:41:05.753  3542  3542 I adbd    : destroying transport UsbFfs
01-27 09:41:05.753  3542  3542 I adbd    : UsbFfsConnection being destroyed
01-27 09:41:05.786  3542  3583 I adbd    : opening control endpoint /dev/usb-ffs/adb/ep0
01-27 09:41:05.787  3542  3583 I adbd    : UsbFfsConnection constructed
01-27 09:41:05.787  3542 17053 I adbd    : UsbFfs-monitor thread spawned
01-27 09:41:05.842 16875 16875 I flutter : LiveTV artwork NONE: channel="CW56 WLVI" (id=cw56wlviboston.us) reason=no_current_program_from_epg (hasProgramsForChannel=false, isLoading=true, isParsing=true, availableChannels=612)
01-27 09:41:05.847 16875 16875 I flutter : EPG: ensureChannelsLoadedBatch called with 10 channels
01-27 09:41:05.847 16875 16875 I flutter : EPG: ensureChannelsLoadedBatch - no new channels to load (all already loaded or pending)
01-27 09:41:06.212 16875 16875 I flutter : EPG: ensureChannelsLoadedBatch called with 60 channels
01-27 09:41:06.404 16875 16875 I flutter : EPG: ensureChannelsLoadedBatch - no new channels to load (all already loaded or pending)
01-27 09:41:06.425 16875 16875 I flutter : content_focus: Shell requesting content focus
01-27 09:41:06.426 16875 16875 I flutter : Memory pressure detected: 348MB used
01-27 09:41:06.426 16875 16875 I flutter : Cleared image caches and set conservative limits
01-27 09:41:06.430 16875 16875 I flutter : EPG: Batch timer retry after suspend, loading 22 channels
01-27 09:41:06.430 16875 16875 I flutter : EPG: _loadProgramsFromDbBatch called with 22 epgIds, dbReady=true, dbDisabled=false, suspendReads=true
01-27 09:41:06.430 16875 16875 I flutter : EPG: _loadProgramsFromDbBatch suspended (parsing in progress), timer will retry
01-27 09:41:06.438 16875 16875 I flutter : === VIDEO PLAYER INIT COMPLETE ===
01-27 09:41:06.463 16875 16875 I flutter : content_focus: Shell unregistered focus callback token=17
01-27 09:41:06.463 16875 16875 I flutter : content_focus: Shell registered focus callback token=18
01-27 09:41:06.463 16875 16875 I flutter : content_focus: Registered content focus: LiveTVScreen (token: 18)
01-27 09:41:06.788  3542 17053 W adbd    : timed out while waiting for FUNCTIONFS_BIND, trying again
01-27 09:41:06.788  3542 17053 I adbd    : UsbFfs: connection terminated: monitor thread finished
01-27 09:41:06.788  3542  3542 I adbd    : UsbFfs: already offline
01-27 09:41:06.788  3542  3542 I adbd    : destroying transport UsbFfs
01-27 09:41:06.788  3542  3542 I adbd    : UsbFfsConnection being destroyed
01-27 09:41:06.838  3542  3583 I adbd    : opening control endpoint /dev/usb-ffs/adb/ep0
01-27 09:41:06.839  3542  3583 I adbd    : UsbFfsConnection constructed
01-27 09:41:06.839  3542 17056 I adbd    : UsbFfs-monitor thread spawned
01-27 09:41:07.186 16875 16875 I flutter : EPG: ensureChannelsLoadedBatch called with 59 channels
01-27 09:41:07.378 16875 16875 I flutter : EPG: ensureChannelsLoadedBatch - no new channels to load (all already loaded or pending)
01-27 09:41:07.438 16875 16875 I flutter : LiveTV artwork NONE: channel="Awe" (id=awe.us) reason=no_current_program_from_epg (hasProgramsForChannel=true, isLoading=true, isParsing=true, availableChannels=612)
01-27 09:41:07.761 16875 16875 I flutter : LiveTV artwork NONE: channel="CW56 WLVI" (id=cw56wlviboston.us) reason=no_current_program_from_epg (hasProgramsForChannel=false, isLoading=true, isParsing=true, availableChannels=612)
01-27 09:41:07.766 16875 16875 I flutter : EPG: ensureChannelsLoadedBatch called with 10 channels
01-27 09:41:07.766 16875 16875 I flutter : EPG: ensureChannelsLoadedBatch - no new channels to load (all already loaded or pending)
01-27 09:41:07.773 16875 16875 I flutter : EPG: ensureChannelsLoadedBatch called with 12 channels
01-27 09:41:07.773 16875 16875 I flutter : EPG: ensureChannelsLoadedBatch - no new channels to load (all already loaded or pending)
01-27 09:41:07.791 16875 16875 I flutter : content_focus: Focus request succeeded for LiveTVScreen
01-27 09:41:07.792 16875 16875 I flutter : content_focus: Callback succeeded
01-27 09:41:07.796 16875 16875 I flutter : EPG: Batch timer retry after suspend, loading 22 channels
01-27 09:41:07.796 16875 16875 I flutter : EPG: _loadProgramsFromDbBatch called with 22 epgIds, dbReady=true, dbDisabled=false, suspendReads=true
01-27 09:41:07.796 16875 16875 I flutter : EPG: _loadProgramsFromDbBatch suspended (parsing in progress), timer will retry
01-27 09:41:07.821 16875 16875 I Choreographer: Skipped 82 frames!  The application may be doing too much work on its main thread.
01-27 09:41:07.840  3542 17056 W adbd    : timed out while waiting for FUNCTIONFS_BIND, trying again
01-27 09:41:07.840  3542 17056 I adbd    : UsbFfs: connection terminated: monitor thread finished
01-27 09:41:07.840  3542  3542 I adbd    : UsbFfs: already offline
01-27 09:41:07.840  3542  3542 I adbd    : destroying transport UsbFfs
01-27 09:41:07.841  3542  3542 I adbd    : UsbFfsConnection being destroyed
01-27 09:41:07.878  3542  3583 I adbd    : opening control endpoint /dev/usb-ffs/adb/ep0
01-27 09:41:07.879  3542  3583 I adbd    : UsbFfsConnection constructed
01-27 09:41:07.879  3542 17058 I adbd    : UsbFfs-monitor thread spawned
01-27 09:41:07.915 16875 16875 I ExoPlayerImpl: Init b76fb4f [AndroidXMedia3/1.8.0] [mdarcy, SHIELD Android TV, NVIDIA, 30]
01-27 09:41:07.957 16875 16875 W com.risa.app: Accessing hidden method Landroid/media/AudioTrack;->getLatency()I (greylist, reflection, allowed)
01-27 09:41:08.019  3709  5310 I system_server: oneway function results will be dropped but finished with status OK and parcel size 4
01-27 09:41:08.019  3709  3723 I system_server: oneway function results will be dropped but finished with status OK and parcel size 4
01-27 09:41:08.076  3709  3723 I chatty  : uid=1000(system) Binder:3709_1 identical 3 lines
01-27 09:41:08.076  3709  3723 I system_server: oneway function results will be dropped but finished with status OK and parcel size 4
01-27 09:41:08.076  3438  3438 E SurfaceFlinger: Attempt to set frame rate on an unrecognized IGraphicBufferProducer
01-27 09:41:08.146 16875 16875 I flutter : EPG: ensureChannelsLoadedBatch called with 12 channels
01-27 09:41:08.146 16875 16875 I flutter : EPG: ensureChannelsLoadedBatch - no new channels to load (all already loaded or pending)
01-27 09:41:08.162 16875 16908 E FlutterJNI: Failed to decode image
01-27 09:41:08.162 16875 16908 E FlutterJNI: android.graphics.ImageDecoder$DecodeException: Failed to create image decoder with message 'unimplemented'Input contained an error.
01-27 09:41:08.162 16875 16908 E FlutterJNI: 	at android.graphics.ImageDecoder.nCreate(Native Method)
01-27 09:41:08.162 16875 16908 E FlutterJNI: 	at android.graphics.ImageDecoder.access$200(ImageDecoder.java:173)
01-27 09:41:08.162 16875 16908 E FlutterJNI: 	at android.graphics.ImageDecoder$ByteBufferSource.createImageDecoder(ImageDecoder.java:250)
01-27 09:41:08.162 16875 16908 E FlutterJNI: 	at android.graphics.ImageDecoder.decodeBitmapImpl(ImageDecoder.java:1862)
01-27 09:41:08.162 16875 16908 E FlutterJNI: 	at android.graphics.ImageDecoder.decodeBitmap(ImageDecoder.java:1855)
01-27 09:41:08.162 16875 16908 E FlutterJNI: 	at io.flutter.embedding.engine.FlutterJNI.decodeImage(FlutterJNI.java:557)
01-27 09:41:08.162 16875 16875 I flutter : Suppressed image error: Exception: Invalid image data
01-27 09:41:08.179 16875 16908 E FlutterJNI: Failed to decode image
01-27 09:41:08.179 16875 16908 E FlutterJNI: android.graphics.ImageDecoder$DecodeException: Failed to create image decoder with message 'unimplemented'Input contained an error.
01-27 09:41:08.179 16875 16908 E FlutterJNI: 	at android.graphics.ImageDecoder.nCreate(Native Method)
01-27 09:41:08.179 16875 16908 E FlutterJNI: 	at android.graphics.ImageDecoder.access$200(ImageDecoder.java:173)
01-27 09:41:08.179 16875 16908 E FlutterJNI: 	at android.graphics.ImageDecoder$ByteBufferSource.createImageDecoder(ImageDecoder.java:250)
01-27 09:41:08.179 16875 16908 E FlutterJNI: 	at android.graphics.ImageDecoder.decodeBitmapImpl(ImageDecoder.java:1862)
01-27 09:41:08.179 16875 16908 E FlutterJNI: 	at android.graphics.ImageDecoder.decodeBitmap(ImageDecoder.java:1855)
01-27 09:41:08.179 16875 16908 E FlutterJNI: 	at io.flutter.embedding.engine.FlutterJNI.decodeImage(FlutterJNI.java:557)
01-27 09:41:08.180 16875 16875 I flutter : Suppressed image error: Exception: Invalid image data
01-27 09:41:08.297 16875 16875 I flutter : EPG: Batch timer retry after suspend, loading 22 channels
01-27 09:41:08.297 16875 16875 I flutter : EPG: _loadProgramsFromDbBatch called with 22 epgIds, dbReady=true, dbDisabled=false, suspendReads=true
01-27 09:41:08.297 16875 16875 I flutter : EPG: _loadProgramsFromDbBatch suspended (parsing in progress), timer will retry
01-27 09:41:08.800 16875 16875 I flutter : EPG: Batch timer retry after suspend, loading 22 channels
01-27 09:41:08.800 16875 16875 I flutter : EPG: _loadProgramsFromDbBatch called with 22 epgIds, dbReady=true, dbDisabled=false, suspendReads=true
01-27 09:41:08.800 16875 16875 I flutter : EPG: _loadProgramsFromDbBatch suspended (parsing in progress), timer will retry
01-27 09:41:08.880  3542 17058 W adbd    : timed out while waiting for FUNCTIONFS_BIND, trying again
01-27 09:41:08.880  3542 17058 I adbd    : UsbFfs: connection terminated: monitor thread finished
01-27 09:41:08.881  3542  3542 I adbd    : UsbFfs: already offline
01-27 09:41:08.882  3542  3542 I adbd    : destroying transport UsbFfs
01-27 09:41:08.882  3542  3542 I adbd    : UsbFfsConnection being destroyed
01-27 09:41:08.910  3542  3583 I adbd    : opening control endpoint /dev/usb-ffs/adb/ep0
01-27 09:41:08.911  3542  3583 I adbd    : UsbFfsConnection constructed
01-27 09:41:08.911  3542 17068 I adbd    : UsbFfs-monitor thread spawned
01-27 09:41:09.301 16875 16875 I flutter : EPG: Batch timer retry after suspend, loading 22 channels
01-27 09:41:09.301 16875 16875 I flutter : EPG: _loadProgramsFromDbBatch called with 22 epgIds, dbReady=true, dbDisabled=false, suspendReads=true
01-27 09:41:09.301 16875 16875 I flutter : EPG: _loadProgramsFromDbBatch suspended (parsing in progress), timer will retry
01-27 09:41:09.803 16875 16875 I flutter : EPG: Batch timer retry after suspend, loading 22 channels
01-27 09:41:09.803 16875 16875 I flutter : EPG: _loadProgramsFromDbBatch called with 22 epgIds, dbReady=true, dbDisabled=false, suspendReads=true
01-27 09:41:09.803 16875 16875 I flutter : EPG: _loadProgramsFromDbBatch suspended (parsing in progress), timer will retry
01-27 09:41:09.912  3542 17068 W adbd    : timed out while waiting for FUNCTIONFS_BIND, trying again
01-27 09:41:09.913  3542 17068 I adbd    : UsbFfs: connection terminated: monitor thread finished
01-27 09:41:09.913  3542  3542 I adbd    : UsbFfs: already offline
01-27 09:41:09.913  3542  3542 I adbd    : destroying transport UsbFfs
01-27 09:41:09.913  3542  3542 I adbd    : UsbFfsConnection being destroyed
01-27 09:41:09.942  3542  3583 I adbd    : opening control endpoint /dev/usb-ffs/adb/ep0
01-27 09:41:09.943  3542  3583 I adbd    : UsbFfsConnection constructed
01-27 09:41:09.943  3542 17069 I adbd    : UsbFfs-monitor thread spawned
01-27 09:41:10.110  3397  3521 V hdcp up : tsec_version: 1
01-27 09:41:10.111  3397  3521 D NvOsDebugPrintf: NvRmStreamFree: WARN: pStream is NULL
01-27 09:41:10.303 16875 16875 I flutter : EPG: Batch timer retry after suspend, loading 22 channels
01-27 09:41:10.303 16875 16875 I flutter : EPG: _loadProgramsFromDbBatch called with 22 epgIds, dbReady=true, dbDisabled=false, suspendReads=true
01-27 09:41:10.304 16875 16875 I flutter : EPG: _loadProgramsFromDbBatch suspended (parsing in progress), timer will retry
01-27 09:41:10.804 16875 16875 I flutter : EPG: Batch timer retry after suspend, loading 22 channels
01-27 09:41:10.804 16875 16875 I flutter : EPG: _loadProgramsFromDbBatch called with 22 epgIds, dbReady=true, dbDisabled=false, suspendReads=true
01-27 09:41:10.804 16875 16875 I flutter : EPG: _loadProgramsFromDbBatch suspended (parsing in progress), timer will retry
01-27 09:41:10.943  3542 17069 W adbd    : timed out while waiting for FUNCTIONFS_BIND, trying again
01-27 09:41:10.943  3542 17069 I adbd    : UsbFfs: connection terminated: monitor thread finished
01-27 09:41:10.944  3542  3542 I adbd    : UsbFfs: already offline
01-27 09:41:10.944  3542  3542 I adbd    : destroying transport UsbFfs
01-27 09:41:10.944  3542  3542 I adbd    : UsbFfsConnection being destroyed
01-27 09:41:10.984  3542  3583 I adbd    : opening control endpoint /dev/usb-ffs/adb/ep0
01-27 09:41:10.985  3542  3583 I adbd    : UsbFfsConnection constructed
01-27 09:41:10.986  3542 17070 I adbd    : UsbFfs-monitor thread spawned
01-27 09:41:11.023  3709  5324 I system_server: oneway function results will be dropped but finished with status OK and parcel size 4
01-27 09:41:11.083  3709  5324 I chatty  : uid=1000(system) Binder:3709_16 identical 1 line
01-27 09:41:11.084  3709  5324 I system_server: oneway function results will be dropped but finished with status OK and parcel size 4
01-27 09:41:11.208 16875 16875 I flutter : EPG: Program ingest took 8085ms
01-27 09:41:11.208 16875 16875 I flutter : EPG: Load (parse+ingest) total 27045ms
01-27 09:41:11.387  4874  5724 I cast_shell: [0127/094111.387185:INFO:mdns_app_filter.cc(3358)] MdnsAppFilter: responses sent in 83 seconds: 2
01-27 09:41:11.916 16875 17061 E ExoPlayerImplInternal: Playback error
01-27 09:41:11.916 16875 17061 E ExoPlayerImplInternal:   androidx.media3.exoplayer.ExoPlaybackException: Source error
01-27 09:41:11.916 16875 17061 E ExoPlayerImplInternal:       at androidx.media3.exoplayer.ExoPlayerImplInternal.handleIoException(ExoPlayerImplInternal.java:927)
01-27 09:41:11.916 16875 17061 E ExoPlayerImplInternal:       at androidx.media3.exoplayer.ExoPlayerImplInternal.handleMessage(ExoPlayerImplInternal.java:899)
01-27 09:41:11.916 16875 17061 E ExoPlayerImplInternal:       at android.os.Handler.dispatchMessage(Handler.java:102)
01-27 09:41:11.916 16875 17061 E ExoPlayerImplInternal:       at android.os.Looper.loop(Looper.java:223)
01-27 09:41:11.916 16875 17061 E ExoPlayerImplInternal:       at android.os.HandlerThread.run(HandlerThread.java:67)
01-27 09:41:11.916 16875 17061 E ExoPlayerImplInternal:   Caused by: androidx.media3.datasource.HttpDataSource$InvalidResponseCodeException: Response code: 405
01-27 09:41:11.916 16875 17061 E ExoPlayerImplInternal:       at androidx.media3.datasource.DefaultHttpDataSource.open(DefaultHttpDataSource.java:400)
01-27 09:41:11.916 16875 17061 E ExoPlayerImplInternal:       at androidx.media3.datasource.DefaultDataSource.open(DefaultDataSource.java:275)
01-27 09:41:11.916 16875 17061 E ExoPlayerImplInternal:       at androidx.media3.datasource.StatsDataSource.open(StatsDataSource.java:88)
01-27 09:41:11.916 16875 17061 E ExoPlayerImplInternal:       at androidx.media3.exoplayer.source.ProgressiveMediaPeriod$ExtractingLoadable.load(ProgressiveMediaPeriod.java:1109)
01-27 09:41:11.916 16875 17061 E ExoPlayerImplInternal:       at androidx.media3.exoplayer.upstream.Loader$LoadTask.run(Loader.java:453)
01-27 09:41:11.916 16875 17061 E ExoPlayerImplInternal:       at java.util.concurrent.ThreadPoolExecutor.runWorker(ThreadPoolExecutor.java:1167)
01-27 09:41:11.916 16875 17061 E ExoPlayerImplInternal:       at java.util.concurrent.ThreadPoolExecutor$Worker.run(ThreadPoolExecutor.java:641)
01-27 09:41:11.916 16875 17061 E ExoPlayerImplInternal:       at java.lang.Thread.run(Thread.java:923)
01-27 09:41:11.986  3542 17070 W adbd    : timed out while waiting for FUNCTIONFS_BIND, trying again
01-27 09:41:11.986  3542 17070 I adbd    : UsbFfs: connection terminated: monitor thread finished
01-27 09:41:11.987  3542  3542 I adbd    : UsbFfs: already offline
01-27 09:41:11.987  3542  3542 I adbd    : destroying transport UsbFfs
01-27 09:41:11.987  3542  3542 I adbd    : UsbFfsConnection being destroyed
01-27 09:41:12.027 16875 16875 I flutter : EPG: ensureChannelsLoadedBatch called with 59 channels
01-27 09:41:12.034  3542  3583 I adbd    : opening control endpoint /dev/usb-ffs/adb/ep0
01-27 09:41:12.035  3542  3583 I adbd    : UsbFfsConnection constructed
01-27 09:41:12.035  3542 17071 I adbd    : UsbFfs-monitor thread spawned
01-27 09:41:12.225 16875 16875 I flutter : EPG: ensureChannelsLoadedBatch - no new channels to load (all already loaded or pending)
01-27 09:41:12.303 16875 16875 I flutter : LiveTV artwork NONE: channel="Awe" (id=awe.us) reason=no_current_program_from_epg (hasProgramsForChannel=true, isLoading=true, isParsing=false, availableChannels=612)
01-27 09:41:12.630 16875 16875 I flutter : LiveTV artwork NONE: channel="CW56 WLVI" (id=cw56wlviboston.us) reason=no_current_program_from_epg (hasProgramsForChannel=false, isLoading=true, isParsing=false, availableChannels=612)
01-27 09:41:12.635 16875 16875 I flutter : EPG: ensureChannelsLoadedBatch called with 10 channels
01-27 09:41:12.635 16875 16875 I flutter : EPG: ensureChannelsLoadedBatch - no new channels to load (all already loaded or pending)
01-27 09:41:12.638 16875 16875 I flutter : EPG: ensureChannelsLoadedBatch called with 12 channels
01-27 09:41:12.638 16875 16875 I flutter : EPG: ensureChannelsLoadedBatch - no new channels to load (all already loaded or pending)
01-27 09:41:12.723 16875 16875 I flutter : EPG: ensureChannelsLoadedBatch called with 12 channels
01-27 09:41:12.724 16875 16875 I flutter : EPG: ensureChannelsLoadedBatch - no new channels to load (all already loaded or pending)
01-27 09:41:12.729 16875 16875 I flutter : EPG: Batch timer retry after suspend, loading 22 channels
01-27 09:41:12.729 16875 16875 I flutter : EPG: _loadProgramsFromDbBatch called with 22 epgIds, dbReady=true, dbDisabled=false, suspendReads=true
01-27 09:41:12.729 16875 16875 I flutter : EPG: _loadProgramsFromDbBatch suspended (parsing in progress), timer will retry
01-27 09:41:13.036  3542 17071 W adbd    : timed out while waiting for FUNCTIONFS_BIND, trying again
01-27 09:41:13.036  3542 17071 I adbd    : UsbFfs: connection terminated: monitor thread finished
01-27 09:41:13.036  3542  3542 I adbd    : UsbFfs: already offline
01-27 09:41:13.036  3542  3542 I adbd    : destroying transport UsbFfs
01-27 09:41:13.036  3542  3542 I adbd    : UsbFfsConnection being destroyed
01-27 09:41:13.086  3542  3583 I adbd    : opening control endpoint /dev/usb-ffs/adb/ep0
01-27 09:41:13.087  3542  3583 I adbd    : UsbFfsConnection constructed
01-27 09:41:13.087  3542 17073 I adbd    : UsbFfs-monitor thread spawned
01-27 09:41:14.088  3542 17073 W adbd    : timed out while waiting for FUNCTIONFS_BIND, trying again
01-27 09:41:14.088  3542 17073 I adbd    : UsbFfs: connection terminated: monitor thread finished
01-27 09:41:14.089  3542  3542 I adbd    : UsbFfs: already offline
01-27 09:41:14.089  3542  3542 I adbd    : destroying transport UsbFfs
01-27 09:41:14.089  3542  3542 I adbd    : UsbFfsConnection being destroyed
01-27 09:41:14.122  3542  3583 I adbd    : opening control endpoint /dev/usb-ffs/adb/ep0
01-27 09:41:14.123  3542  3583 I adbd    : UsbFfsConnection constructed
01-27 09:41:14.123  3542 17074 I adbd    : UsbFfs-monitor thread spawned
01-27 09:41:14.633 16875 16875 I flutter : EPG: ensureChannelsLoadedBatch called with 59 channels
01-27 09:41:15.115  3397  3521 V hdcp up : tsec_version: 1
01-27 09:41:15.116  3397  3521 D NvOsDebugPrintf: NvRmStreamFree: WARN: pStream is NULL
01-27 09:41:15.122 16875 16875 I flutter : EPG: ensureChannelsLoadedBatch - no new channels to load (all already loaded or pending)
01-27 09:41:15.124  3542 17074 W adbd    : timed out while waiting for FUNCTIONFS_BIND, trying again
01-27 09:41:15.124  3542 17074 I adbd    : UsbFfs: connection terminated: monitor thread finished
01-27 09:41:15.124  3542  3542 I adbd    : UsbFfs: already offline
01-27 09:41:15.124  3542  3542 I adbd    : destroying transport UsbFfs
01-27 09:41:15.124  3542  3542 I adbd    : UsbFfsConnection being destroyed
01-27 09:41:15.174  3542  3583 I adbd    : opening control endpoint /dev/usb-ffs/adb/ep0
01-27 09:41:15.175  3542  3583 I adbd    : UsbFfsConnection constructed
01-27 09:41:15.175  3542 17075 I adbd    : UsbFfs-monitor thread spawned
01-27 09:41:15.752 16875 16875 I flutter : LiveTV artwork NONE: channel="Awe" (id=awe.us) reason=no_current_program_from_epg (hasProgramsForChannel=true, isLoading=true, isParsing=false, availableChannels=612)
01-27 09:41:16.111 16875 16875 I flutter : LiveTV artwork NONE: channel="CW56 WLVI" (id=cw56wlviboston.us) reason=no_current_program_from_epg (hasProgramsForChannel=false, isLoading=true, isParsing=false, availableChannels=612)
01-27 09:41:16.176  3542 17075 W adbd    : timed out while waiting for FUNCTIONFS_BIND, trying again
01-27 09:41:16.176  3542 17075 I adbd    : UsbFfs: connection terminated: monitor thread finished
01-27 09:41:16.176  3542  3542 I adbd    : UsbFfs: already offline
01-27 09:41:16.176  3542  3542 I adbd    : destroying transport UsbFfs
01-27 09:41:16.176  3542  3542 I adbd    : UsbFfsConnection being destroyed
01-27 09:41:16.222  3542  3583 I adbd    : opening control endpoint /dev/usb-ffs/adb/ep0
01-27 09:41:16.223  3542  3583 I adbd    : UsbFfsConnection constructed
01-27 09:41:16.223  3542 17076 I adbd    : UsbFfs-monitor thread spawned
01-27 09:41:16.440 16875 16875 I flutter : EPG: ensureChannelsLoadedBatch called with 10 channels
01-27 09:41:16.533 16875 16875 I flutter : EPG: ensureChannelsLoadedBatch - no new channels to load (all already loaded or pending)
01-27 09:41:16.955 16875 16875 I flutter : EPG: ensureChannelsLoadedBatch called with 12 channels
01-27 09:41:17.055 16875 16875 I flutter : EPG: ensureChannelsLoadedBatch - no new channels to load (all already loaded or pending)
01-27 09:41:17.224  3542 17076 W adbd    : timed out while waiting for FUNCTIONFS_BIND, trying again
01-27 09:41:17.224  3542 17076 I adbd    : UsbFfs: connection terminated: monitor thread finished
01-27 09:41:17.224  3542  3542 I adbd    : UsbFfs: already offline
01-27 09:41:17.224  3542  3542 I adbd    : destroying transport UsbFfs
01-27 09:41:17.224  3542  3542 I adbd    : UsbFfsConnection being destroyed
01-27 09:41:17.258  3542  3583 I adbd    : opening control endpoint /dev/usb-ffs/adb/ep0
01-27 09:41:17.259  3542  3583 I adbd    : UsbFfsConnection constructed
01-27 09:41:17.259  3542 17077 I adbd    : UsbFfs-monitor thread spawned
01-27 09:41:17.623 16875 16875 I flutter : EPG: ensureChannelsLoadedBatch called with 12 channels
01-27 09:41:17.693 16875 16875 I flutter : EPG: ensureChannelsLoadedBatch - no new channels to load (all already loaded or pending)
01-27 09:41:18.123 16875 16875 I flutter : EPG: Batch timer retry after suspend, loading 22 channels
01-27 09:41:18.123 16875 16875 I flutter : EPG: _loadProgramsFromDbBatch called with 22 epgIds, dbReady=true, dbDisabled=false, suspendReads=true
01-27 09:41:18.124 16875 16875 I flutter : EPG: _loadProgramsFromDbBatch suspended (parsing in progress), timer will retry
01-27 09:41:18.134 16875 16875 I flutter : Video player initialization error: PlatformException(VideoError, Video player had error androidx.media3.exoplayer.ExoPlaybackException: Source error, null, null)
01-27 09:41:18.159 16875 16875 I flutter : EPG: Saved normalized mapping (607 entries) to /data/user/0/com.risa.app/app_flutter/epg_normalized_pl_f74e5558.json
01-27 09:41:18.228 16875 16875 I flutter : EPG: Saved cache backup to /data/user/0/com.risa.app/files/epg_cache_backup.xml.gz
01-27 09:41:18.228 16875 16875 I flutter : EPG: Successfully parsed 344 channels and 612 IDs with ~346 programs
01-27 09:41:18.260  3542 17077 W adbd    : timed out while waiting for FUNCTIONFS_BIND, trying again
01-27 09:41:18.260  3542 17077 I adbd    : UsbFfs: connection terminated: monitor thread finished
01-27 09:41:18.261  3542  3542 I adbd    : UsbFfs: already offline
01-27 09:41:18.261  3542  3542 I adbd    : destroying transport UsbFfs
01-27 09:41:18.261  3542  3542 I adbd    : UsbFfsConnection being destroyed
01-27 09:41:18.302  3542  3583 I adbd    : opening control endpoint /dev/usb-ffs/adb/ep0
01-27 09:41:18.303  3542  3583 I adbd    : UsbFfsConnection constructed
01-27 09:41:18.303  3542 17080 I adbd    : UsbFfs-monitor thread spawned
01-27 09:41:18.450 16875 16875 I flutter : EPG: Persisting programs to DB...
01-27 09:41:18.625 16875 16875 I flutter : EPG: Batch timer retry after suspend, loading 22 channels
01-27 09:41:18.625 16875 16875 I flutter : EPG: _loadProgramsFromDbBatch called with 22 epgIds, dbReady=true, dbDisabled=false, suspendReads=true
01-27 09:41:18.625 16875 16875 I flutter : EPG: _loadProgramsFromDbBatch suspended (parsing in progress), timer will retry
01-27 09:41:19.126 16875 16875 I flutter : EPG: Batch timer retry after suspend, loading 22 channels
01-27 09:41:19.126 16875 16875 I flutter : EPG: _loadProgramsFromDbBatch called with 22 epgIds, dbReady=true, dbDisabled=false, suspendReads=true
01-27 09:41:19.126 16875 16875 I flutter : EPG: _loadProgramsFromDbBatch suspended (parsing in progress), timer will retry
01-27 09:41:19.304  3542 17080 W adbd    : timed out while waiting for FUNCTIONFS_BIND, trying again
01-27 09:41:19.304  3542 17080 I adbd    : UsbFfs: connection terminated: monitor thread finished
01-27 09:41:19.304  3542  3542 I adbd    : UsbFfs: already offline
01-27 09:41:19.304  3542  3542 I adbd    : destroying transport UsbFfs
01-27 09:41:19.305  3542  3542 I adbd    : UsbFfsConnection being destroyed
01-27 09:41:19.317 16875 16942 D SharedPreferencesImpl: Time required to fsync /data/user/0/com.risa.app/shared_prefs/FlutterSharedPreferences.xml: [<1: 0, <2: 0, <4: 0, <8: 0, <16: 0, <32: 0, <64: 1, <128: 4, <256: 4, <512: 1, <1024: 1, <2048: 0, <4096: 0, <8192: 0, <16384: 0, >=16384: 0]
01-27 09:41:19.320 16875 16875 I flutter : SmartCache: EPG data cached (344 channels)
01-27 09:41:19.332 16875 16875 I flutter : EPG: Persisted 344 channels to DB.
01-27 09:41:19.332 16875 16875 I flutter : EPG: Loading remaining EPG days in background...
01-27 09:41:19.332 16875 16875 I flutter : EPG: Progressive init complete - URL: https://opop.pro/epNCvfgjsYe9JC, Available channels: 612, Loaded channels: 344
01-27 09:41:19.338  3542  3583 I adbd    : opening control endpoint /dev/usb-ffs/adb/ep0
01-27 09:41:19.339  3542  3583 I adbd    : UsbFfsConnection constructed
01-27 09:41:19.339  3542 17081 I adbd    : UsbFfs-monitor thread spawned
01-27 09:41:19.361  9446  9446 W ThreadPoolForeg: type=1400 audit(0.0:53395): avc: denied { write } for name="traced_producer" dev="tmpfs" ino=21993 scontext=u:r:gmscore_app:s0:c512,c768 tcontext=u:object_r:traced_producer_socket:s0 tclass=sock_file permissive=0 app=com.google.android.gms
01-27 09:41:20.089  9824  9824 W ThreadPoolForeg: type=1400 audit(0.0:53396): avc: denied { write } for name="traced_producer" dev="tmpfs" ino=21993 scontext=u:r:gmscore_app:s0:c512,c768 tcontext=u:object_r:traced_producer_socket:s0 tclass=sock_file permissive=0 app=com.google.android.gms
01-27 09:41:20.119  3397  3521 V hdcp up : tsec_version: 1
01-27 09:41:20.120  3397  3521 D NvOsDebugPrintf: NvRmStreamFree: WARN: pStream is NULL
01-27 09:41:20.340  3542 17081 W adbd    : timed out while waiting for FUNCTIONFS_BIND, trying again
01-27 09:41:20.340  3542 17081 I adbd    : UsbFfs: connection terminated: monitor thread finished
01-27 09:41:20.340  3542  3542 I adbd    : UsbFfs: already offline
01-27 09:41:20.341  3542  3542 I adbd    : destroying transport UsbFfs
01-27 09:41:20.341  3542  3542 I adbd    : UsbFfsConnection being destroyed
01-27 09:41:20.360 16875 16875 I flutter : EPG: ensureChannelsLoadedBatch called with 59 channels
01-27 09:41:20.360 16875 16875 I flutter : EPG: ensureChannelsLoadedBatch - no new channels to load (all already loaded or pending)
01-27 09:41:20.378  3542  3583 I adbd    : opening control endpoint /dev/usb-ffs/adb/ep0
01-27 09:41:20.379  3542  3583 I adbd    : UsbFfsConnection constructed
01-27 09:41:20.379  3542 17082 I adbd    : UsbFfs-monitor thread spawned
01-27 09:41:20.419  4874  4874 I cast_shell: [0127/094120.419225:INFO:service_base.h(78)] Size of the map for type AuthTokenResponse is 0
01-27 09:41:20.420  4874  4874 I cast_shell: [0127/094120.420300:INFO:service_base.h(246)] Container sizes for type CloudSetting are (session_info_map: 0), (topic_info_map: 21), (pending_events: 0).
01-27 09:41:20.420  4874  4874 I cast_shell: [0127/094120.420441:INFO:metrics_stat_logger.cc(38)] Metrics stat for the past 60 secs : total=2
01-27 09:41:20.420  4874  4874 I cast_shell: [metrics_stat_logger] Cast.Discovery.Mdns.Request.In=1
01-27 09:41:20.420  4874  4874 I cast_shell: [metrics_stat_logger] Cast.Discovery.Mdns.Response.Out=1
01-27 09:41:20.526 16875 16875 I flutter : LiveTV artwork NONE: channel="Awe" (id=awe.us) reason=no_current_program_from_epg (hasProgramsForChannel=true, isLoading=false, isParsing=false, availableChannels=612)
01-27 09:41:20.527 16875 16875 I flutter : LiveTV artwork NONE: channel="CW56 WLVI" (id=cw56wlviboston.us) reason=no_current_program_from_epg (hasProgramsForChannel=false, isLoading=false, isParsing=false, availableChannels=612)
01-27 09:41:20.532 16875 16875 I flutter : EPG: ensureChannelsLoadedBatch called with 10 channels
01-27 09:41:20.532 16875 16875 I flutter : EPG: ensureChannelsLoadedBatch - no new channels to load (all already loaded or pending)
01-27 09:41:20.535 16875 16875 I flutter : EPG: ensureChannelsLoadedBatch called with 12 channels
01-27 09:41:20.535 16875 16875 I flutter : EPG: ensureChannelsLoadedBatch - no new channels to load (all already loaded or pending)
01-27 09:41:20.680 16875 16875 I flutter : EPG: ensureChannelsLoadedBatch called with 12 channels
01-27 09:41:20.680 16875 16875 I flutter : EPG: ensureChannelsLoadedBatch - no new channels to load (all already loaded or pending)
01-27 09:41:20.686 16875 16875 I flutter : EPG: Batch timer retry after suspend, loading 22 channels
01-27 09:41:20.686 16875 16875 I flutter : EPG: _loadProgramsFromDbBatch called with 22 epgIds, dbReady=true, dbDisabled=false, suspendReads=false
01-27 09:41:20.691 16875 16875 I flutter : EPG: Allowing stale cache. Age: 1 minutes. Size: 26.88 MB
01-27 09:41:20.698 16875 16875 I flutter : EPG: ensureChannelsLoadedBatch called with 59 channels
01-27 09:41:20.698 16875 16875 I flutter : EPG: ensureChannelsLoadedBatch - no new channels to load (all already loaded or pending)
01-27 09:41:20.842 16875 16875 I flutter : LiveTV artwork NONE: channel="Awe" (id=awe.us) reason=no_current_program_from_epg (hasProgramsForChannel=true, isLoading=true, isParsing=false, availableChannels=612)
01-27 09:41:20.843 16875 16875 I flutter : LiveTV artwork NONE: channel="CW56 WLVI" (id=cw56wlviboston.us) reason=no_current_program_from_epg (hasProgramsForChannel=false, isLoading=true, isParsing=false, availableChannels=612)
01-27 09:41:20.848 16875 16875 I flutter : EPG: ensureChannelsLoadedBatch called with 10 channels
01-27 09:41:20.848 16875 16875 I flutter : EPG: ensureChannelsLoadedBatch - no new channels to load (all already loaded or pending)
01-27 09:41:20.851 16875 16875 I flutter : EPG: ensureChannelsLoadedBatch called with 12 channels
01-27 09:41:20.851 16875 16875 I flutter : EPG: ensureChannelsLoadedBatch - no new channels to load (all already loaded or pending)
01-27 09:41:20.995 16875 16875 I flutter : EPG: ensureChannelsLoadedBatch called with 12 channels
01-27 09:41:20.995 16875 16875 I flutter : EPG: ensureChannelsLoadedBatch - no new channels to load (all already loaded or pending)
01-27 09:41:21.000 16875 16875 I flutter : EPG: Cache is valid. Age: 1 minutes. Size: 26.88 MB
01-27 09:41:21.002 16875 16875 I flutter : EPG: DB query returned 8 program rows for 22 channels
01-27 09:41:21.002 16875 16875 I flutter : EPG: Batch loaded programs for 6 channels
01-27 09:41:21.005 16875 16875 I flutter : EPG: Allowing stale cache. Age: 1 minutes. Size: 26.88 MB
01-27 09:41:21.005 16875 16875 I flutter : EPG: Using existing cached data for immediate load.
01-27 09:41:21.005 16875 16875 I flutter : EPG: Download phase took 5ms
01-27 09:41:21.010 16875 16875 I flutter : EPG: DB programCount took 4ms
01-27 09:41:21.010 16875 16875 I flutter : EPG: Found 346 programs in DB, loading...
01-27 09:41:21.013 16875 16875 I flutter : EPG: ensureChannelsLoadedBatch called with 59 channels
01-27 09:41:21.013 16875 16875 I flutter : EPG: ensureChannelsLoadedBatch - no new channels to load (all already loaded or pending)
01-27 09:41:21.157 16875 16875 I flutter : LiveTV artwork NONE: channel="Awe" (id=awe.us) reason=no_current_program_from_epg (hasProgramsForChannel=true, isLoading=true, isParsing=false, availableChannels=612)
01-27 09:41:21.158 16875 16875 I flutter : LiveTV artwork NONE: channel="CW56 WLVI" (id=cw56wlviboston.us) reason=no_current_program_from_epg (hasProgramsForChannel=false, isLoading=true, isParsing=false, availableChannels=612)
01-27 09:41:21.163 16875 16875 I flutter : EPG: ensureChannelsLoadedBatch called with 10 channels
01-27 09:41:21.163 16875 16875 I flutter : EPG: ensureChannelsLoadedBatch - no new channels to load (all already loaded or pending)
01-27 09:41:21.166 16875 16875 I flutter : EPG: ensureChannelsLoadedBatch called with 12 channels
01-27 09:41:21.166 16875 16875 I flutter : EPG: ensureChannelsLoadedBatch - no new channels to load (all already loaded or pending)
01-27 09:41:21.312 16875 16875 I flutter : EPG: ensureChannelsLoadedBatch called with 12 channels
01-27 09:41:21.312 16875 16875 I flutter : EPG: ensureChannelsLoadedBatch - no new channels to load (all already loaded or pending)
01-27 09:41:21.340 16875 16875 I flutter : EPG: DB getAllProgramsByChannel took 329ms
01-27 09:41:21.380  3542 17082 W adbd    : timed out while waiting for FUNCTIONFS_BIND, trying again
01-27 09:41:21.380  3542 17082 I adbd    : UsbFfs: connection terminated: monitor thread finished
01-27 09:41:21.380  3542  3542 I adbd    : UsbFfs: already offline
01-27 09:41:21.380  3542  3542 I adbd    : destroying transport UsbFfs
01-27 09:41:21.380  3542  3542 I adbd    : UsbFfsConnection being destroyed
01-27 09:41:21.394 16875 16875 I flutter : EPG: Loaded 264 channels from DB cache (265 programs)
01-27 09:41:21.394 16875 16875 I flutter : EPG: Load from DB total 707ms
01-27 09:41:21.394 16875 16875 I flutter : EPG: DB cache too small (264/9820); falling through to XML parse.
01-27 09:41:21.405 16875 16875 I flutter : EPG: Starting background parsing...
01-27 09:41:21.405 16875 16875 I flutter : EPG: Parsing full EPG (no channel filter).
01-27 09:41:21.407 16875 16921 I flutter : EPG: Parsing full programs from 2026-01-26 09:41:21.405 to 2026-01-28 09:41:21.405
01-27 09:41:21.418  3542  3583 I adbd    : opening control endpoint /dev/usb-ffs/adb/ep0
01-27 09:41:21.419  3542  3583 I adbd    : UsbFfsConnection constructed
01-27 09:41:21.419  3542 17084 I adbd    : UsbFfs-monitor thread spawned
01-27 09:41:22.421  3542 17084 W adbd    : timed out while waiting for FUNCTIONFS_BIND, trying again
01-27 09:41:22.421  3542 17084 I adbd    : UsbFfs: connection terminated: monitor thread finished
01-27 09:41:22.421  3542  3542 I adbd    : UsbFfs: already offline
01-27 09:41:22.421  3542  3542 I adbd    : destroying transport UsbFfs
01-27 09:41:22.421  3542  3542 I adbd    : UsbFfsConnection being destroyed
01-27 09:41:22.450  3542  3583 I adbd    : opening control endpoint /dev/usb-ffs/adb/ep0
01-27 09:41:22.451  3542  3583 I adbd    : UsbFfsConnection constructed
01-27 09:41:22.451  3542 17086 I adbd    : UsbFfs-monitor thread spawned
01-27 09:41:22.877 16875 16875 I flutter : EPG: getCurrentProgram - No programs for epgId "awe.us" (channelId: "awe.us", total program channels: 264)
01-27 09:41:23.453  3542 17086 W adbd    : timed out while waiting for FUNCTIONFS_BIND, trying again
01-27 09:41:23.453  3542 17086 I adbd    : UsbFfs: connection terminated: monitor thread finished
01-27 09:41:23.453  3542  3542 I adbd    : UsbFfs: already offline
01-27 09:41:23.453  3542  3542 I adbd    : destroying transport UsbFfs
01-27 09:41:23.453  3542  3542 I adbd    : UsbFfsConnection being destroyed
01-27 09:41:23.494  3542  3583 I adbd    : opening control endpoint /dev/usb-ffs/adb/ep0
01-27 09:41:23.495  3542  3583 I adbd    : UsbFfsConnection constructed
01-27 09:41:23.495  3542 17087 I adbd    : UsbFfs-monitor thread spawned
01-27 09:41:23.715 16875 16875 I flutter : EPG: ensureChannelsLoadedBatch called with 60 channels
01-27 09:41:24.256 16875 16875 I flutter : EPG: ensureChannelsLoadedBatch - queueing 1 channels for batch load
01-27 09:41:24.496  3542 17087 W adbd    : timed out while waiting for FUNCTIONFS_BIND, trying again
01-27 09:41:24.497  3542 17087 I adbd    : UsbFfs: connection terminated: monitor thread finished
01-27 09:41:24.497  3542  3542 I adbd    : UsbFfs: already offline
01-27 09:41:24.497  3542  3542 I adbd    : destroying transport UsbFfs
01-27 09:41:24.497  3542  3542 I adbd    : UsbFfsConnection being destroyed
01-27 09:41:24.526  3542  3583 I adbd    : opening control endpoint /dev/usb-ffs/adb/ep0
01-27 09:41:24.527  3542  3583 I adbd    : UsbFfsConnection constructed
01-27 09:41:24.527  3542 17088 I adbd    : UsbFfs-monitor thread spawned
01-27 09:41:25.114 16875 16875 I flutter : LiveTV artwork NONE: channel="Awe" (id=awe.us) reason=no_current_program_from_epg (hasProgramsForChannel=false, isLoading=true, isParsing=true, availableChannels=612)
01-27 09:41:25.124  3397  3521 V hdcp up : tsec_version: 1
01-27 09:41:25.125  3397  3521 D NvOsDebugPrintf: NvRmStreamFree: WARN: pStream is NULL
01-27 09:41:25.521 16875 16875 I flutter : LiveTV artwork NONE: channel="CW56 WLVI" (id=cw56wlviboston.us) reason=no_current_program_from_epg (hasProgramsForChannel=false, isLoading=true, isParsing=true, availableChannels=612)
01-27 09:41:25.528  3542 17088 W adbd    : timed out while waiting for FUNCTIONFS_BIND, trying again
01-27 09:41:25.528  3542 17088 I adbd    : UsbFfs: connection terminated: monitor thread finished
01-27 09:41:25.529  3542  3542 I adbd    : UsbFfs: already offline
01-27 09:41:25.529  3542  3542 I adbd    : destroying transport UsbFfs
01-27 09:41:25.529  3542  3542 I adbd    : UsbFfsConnection being destroyed
01-27 09:41:25.570  3542  3583 I adbd    : opening control endpoint /dev/usb-ffs/adb/ep0
01-27 09:41:25.571  3542  3583 I adbd    : UsbFfsConnection constructed
01-27 09:41:25.571  3542 17089 I adbd    : UsbFfs-monitor thread spawned
01-27 09:41:25.996 16875 16875 I flutter : EPG: ensureChannelsLoadedBatch called with 10 channels
01-27 09:41:26.099 16875 16875 I flutter : EPG: ensureChannelsLoadedBatch - no new channels to load (all already loaded or pending)
01-27 09:41:26.572  3542 17089 W adbd    : timed out while waiting for FUNCTIONFS_BIND, trying again
01-27 09:41:26.572  3542 17089 I adbd    : UsbFfs: connection terminated: monitor thread finished
01-27 09:41:26.573  3542  3542 I adbd    : UsbFfs: already offline
01-27 09:41:26.573  3542  3542 I adbd    : destroying transport UsbFfs
01-27 09:41:26.573  3542  3542 I adbd    : UsbFfsConnection being destroyed
01-27 09:41:26.610  3542  3583 I adbd    : opening control endpoint /dev/usb-ffs/adb/ep0
01-27 09:41:26.611  3542  3583 I adbd    : UsbFfsConnection constructed
01-27 09:41:26.611  3542 17090 I adbd    : UsbFfs-monitor thread spawned
01-27 09:41:26.668 16875 16875 I flutter : EPG: ensureChannelsLoadedBatch called with 12 channels
01-27 09:41:26.780 16875 16875 I flutter : EPG: ensureChannelsLoadedBatch - no new channels to load (all already loaded or pending)
01-27 09:41:27.567 16875 16875 I flutter : EPG: ensureChannelsLoadedBatch called with 12 channels
01-27 09:41:27.612  3542 17090 W adbd    : timed out while waiting for FUNCTIONFS_BIND, trying again
01-27 09:41:27.613  3542 17090 I adbd    : UsbFfs: connection terminated: monitor thread finished
01-27 09:41:27.613  3542  3542 I adbd    : UsbFfs: already offline
01-27 09:41:27.613  3542  3542 I adbd    : destroying transport UsbFfs
01-27 09:41:27.613  3542  3542 I adbd    : UsbFfsConnection being destroyed
01-27 09:41:27.646 16875 16875 I flutter : EPG: ensureChannelsLoadedBatch - no new channels to load (all already loaded or pending)
01-27 09:41:27.658  3542  3583 I adbd    : opening control endpoint /dev/usb-ffs/adb/ep0
01-27 09:41:27.659  3542  3583 I adbd    : UsbFfsConnection constructed
01-27 09:41:27.659  3542 17091 I adbd    : UsbFfs-monitor thread spawned
01-27 09:41:28.153 16875 16875 I flutter : EPG: Batch timer fired, loading 23 channels
01-27 09:41:28.153 16875 16875 I flutter : EPG: _loadProgramsFromDbBatch called with 23 epgIds, dbReady=true, dbDisabled=false, suspendReads=true
01-27 09:41:28.153 16875 16875 I flutter : EPG: _loadProgramsFromDbBatch suspended (parsing in progress), timer will retry
01-27 09:41:28.660  3542 17091 W adbd    : timed out while waiting for FUNCTIONFS_BIND, trying again
01-27 09:41:28.660  3542 17091 I adbd    : UsbFfs: connection terminated: monitor thread finished
01-27 09:41:28.660  3542  3542 I adbd    : UsbFfs: already offline
01-27 09:41:28.660  3542  3542 I adbd    : destroying transport UsbFfs
01-27 09:41:28.660  3542  3542 I adbd    : UsbFfsConnection being destroyed
01-27 09:41:28.706  3542  3583 I adbd    : opening control endpoint /dev/usb-ffs/adb/ep0
01-27 09:41:28.707  3542  3583 I adbd    : UsbFfsConnection constructed
01-27 09:41:28.707  3542 17093 I adbd    : UsbFfs-monitor thread spawned
01-27 09:41:29.709  3542 17093 W adbd    : timed out while waiting for FUNCTIONFS_BIND, trying again
01-27 09:41:29.709  3542 17093 I adbd    : UsbFfs: connection terminated: monitor thread finished
01-27 09:41:29.709  3542  3542 I adbd    : UsbFfs: already offline
01-27 09:41:29.709  3542  3542 I adbd    : destroying transport UsbFfs
01-27 09:41:29.709  3542  3542 I adbd    : UsbFfsConnection being destroyed
01-27 09:41:29.758  3542  3583 I adbd    : opening control endpoint /dev/usb-ffs/adb/ep0
01-27 09:41:29.759  3542  3583 I adbd    : UsbFfsConnection constructed
01-27 09:41:29.759  3542 17094 I adbd    : UsbFfs-monitor thread spawned
01-27 09:41:30.128  3397  3521 V hdcp up : tsec_version: 1
01-27 09:41:30.130  3397  3521 D NvOsDebugPrintf: NvRmStreamFree: WARN: pStream is NULL
01-27 09:41:30.526 16875 16875 I flutter : EPG: ensureChannelsLoadedBatch called with 60 channels
01-27 09:41:30.760  3542 17094 W adbd    : timed out while waiting for FUNCTIONFS_BIND, trying again
01-27 09:41:30.760  3542 17094 I adbd    : UsbFfs: connection terminated: monitor thread finished
01-27 09:41:30.761  3542  3542 I adbd    : UsbFfs: already offline
01-27 09:41:30.761  3542  3542 I adbd    : destroying transport UsbFfs
01-27 09:41:30.761  3542  3542 I adbd    : UsbFfsConnection being destroyed
01-27 09:41:30.806  3542  3583 I adbd    : opening control endpoint /dev/usb-ffs/adb/ep0
01-27 09:41:30.807  3542  3583 I adbd    : UsbFfsConnection constructed
01-27 09:41:30.808  3542 17095 I adbd    : UsbFfs-monitor thread spawned
01-27 09:41:31.068 16875 16875 I flutter : EPG: ensureChannelsLoadedBatch - no new channels to load (all already loaded or pending)
01-27 09:41:31.809  3542 17095 W adbd    : timed out while waiting for FUNCTIONFS_BIND, trying again
01-27 09:41:31.809  3542 17095 I adbd    : UsbFfs: connection terminated: monitor thread finished
01-27 09:41:31.809  3542  3542 I adbd    : UsbFfs: already offline
01-27 09:41:31.809  3542  3542 I adbd    : destroying transport UsbFfs
01-27 09:41:31.809  3542  3542 I adbd    : UsbFfsConnection being destroyed
01-27 09:41:31.850  3542  3583 I adbd    : opening control endpoint /dev/usb-ffs/adb/ep0
01-27 09:41:31.851  3542  3583 I adbd    : UsbFfsConnection constructed
01-27 09:41:31.851  3542 17096 I adbd    : UsbFfs-monitor thread spawned
01-27 09:41:32.073 16875 16875 I flutter : LiveTV artwork NONE: channel="Awe" (id=awe.us) reason=no_current_program_from_epg (hasProgramsForChannel=false, isLoading=true, isParsing=true, availableChannels=612)
01-27 09:41:32.474 16875 16875 I flutter : LiveTV artwork NONE: channel="CW56 WLVI" (id=cw56wlviboston.us) reason=no_current_program_from_epg (hasProgramsForChannel=false, isLoading=true, isParsing=true, availableChannels=612)
01-27 09:41:32.852  3542 17096 W adbd    : timed out while waiting for FUNCTIONFS_BIND, trying again
01-27 09:41:32.852  3542 17096 I adbd    : UsbFfs: connection terminated: monitor thread finished
01-27 09:41:32.853  3542  3542 I adbd    : UsbFfs: already offline
01-27 09:41:32.853  3542  3542 I adbd    : destroying transport UsbFfs
01-27 09:41:32.853  3542  3542 I adbd    : UsbFfsConnection being destroyed
01-27 09:41:32.886  3542  3583 I adbd    : opening control endpoint /dev/usb-ffs/adb/ep0
01-27 09:41:32.887  3542  3583 I adbd    : UsbFfsConnection constructed
01-27 09:41:32.887  3542 17097 I adbd    : UsbFfs-monitor thread spawned
01-27 09:41:33.039 16875 16875 I flutter : EPG: ensureChannelsLoadedBatch called with 10 channels
01-27 09:41:33.143 16875 16875 I flutter : EPG: ensureChannelsLoadedBatch - no new channels to load (all already loaded or pending)
01-27 09:41:33.815 16875 16875 I flutter : EPG: ensureChannelsLoadedBatch called with 12 channels
01-27 09:41:33.888  3542 17097 W adbd    : timed out while waiting for FUNCTIONFS_BIND, trying again
01-27 09:41:33.888  3542 17097 I adbd    : UsbFfs: connection terminated: monitor thread finished
01-27 09:41:33.888  3542  3542 I adbd    : UsbFfs: already offline
01-27 09:41:33.889  3542  3542 I adbd    : destroying transport UsbFfs
01-27 09:41:33.889  3542  3542 I adbd    : UsbFfsConnection being destroyed
01-27 09:41:33.922  3542  3583 I adbd    : opening control endpoint /dev/usb-ffs/adb/ep0
01-27 09:41:33.923  3542  3583 I adbd    : UsbFfsConnection constructed
01-27 09:41:33.923  3542 17098 I adbd    : UsbFfs-monitor thread spawned
01-27 09:41:33.923 16875 16875 I flutter : EPG: ensureChannelsLoadedBatch - no new channels to load (all already loaded or pending)
01-27 09:41:34.850 16875 16875 I flutter : EPG: ensureChannelsLoadedBatch called with 12 channels
01-27 09:41:34.924  3542 17098 W adbd    : timed out while waiting for FUNCTIONFS_BIND, trying again
01-27 09:41:34.924  3542 17098 I adbd    : UsbFfs: connection terminated: monitor thread finished
01-27 09:41:34.924  3542  3542 I adbd    : UsbFfs: already offline
01-27 09:41:34.924  3542  3542 I adbd    : destroying transport UsbFfs
01-27 09:41:34.924  3542  3542 I adbd    : UsbFfsConnection being destroyed
01-27 09:41:34.931 16875 16875 I flutter : EPG: ensureChannelsLoadedBatch - no new channels to load (all already loaded or pending)
01-27 09:41:34.982  3542  3583 I adbd    : opening control endpoint /dev/usb-ffs/adb/ep0
01-27 09:41:34.983  3542  3583 I adbd    : UsbFfsConnection constructed
01-27 09:41:34.983  3542 17099 I adbd    : UsbFfs-monitor thread spawned
01-27 09:41:35.133  3397  3521 V hdcp up : tsec_version: 1
01-27 09:41:35.135  3397  3521 D NvOsDebugPrintf: NvRmStreamFree: WARN: pStream is NULL
01-27 09:41:35.536 16875 16875 I flutter : EPG: Batch timer retry after suspend, loading 23 channels
01-27 09:41:35.536 16875 16875 I flutter : EPG: _loadProgramsFromDbBatch called with 23 epgIds, dbReady=true, dbDisabled=false, suspendReads=true
01-27 09:41:35.536 16875 16875 I flutter : EPG: _loadProgramsFromDbBatch suspended (parsing in progress), timer will retry
01-27 09:41:35.984  3542 17099 W adbd    : timed out while waiting for FUNCTIONFS_BIND, trying again
01-27 09:41:35.984  3542 17099 I adbd    : UsbFfs: connection terminated: monitor thread finished
01-27 09:41:35.985  3542  3542 I adbd    : UsbFfs: already offline
01-27 09:41:35.985  3542  3542 I adbd    : destroying transport UsbFfs
01-27 09:41:35.985  3542  3542 I adbd    : UsbFfsConnection being destroyed
01-27 09:41:36.026  3542  3583 I adbd    : opening control endpoint /dev/usb-ffs/adb/ep0
01-27 09:41:36.027  3542  3583 I adbd    : UsbFfsConnection constructed
01-27 09:41:36.027  3542 17100 I adbd    : UsbFfs-monitor thread spawned
