01-27 09:40:13.259 16875 16875 E libc    : Access denied finding property "ro.vendor.sys.NVRM_GPU_V5tZ4s00"
01-27 09:40:13.259 16875 16875 E libc    : Access denied finding property "ro.vendor.sys.NVRM_GPU_CHANNEL_INTERLEAVE"
01-27 09:40:13.259 16875 16875 E libc    : Access denied finding property "ro.vendor.sys.NVRM_GPU_vGEEY2dW"
01-27 09:40:13.259 16875 16875 E libc    : Access denied finding property "ro.vendor.sys.NVRM_GPU_CHANNEL_PRIORITY"
01-27 09:40:13.259 16875 16875 E libc    : Access denied finding property "ro.vendor.sys.NVRM_GPU_zugIRozd"
01-27 09:40:13.259 16875 16875 E libc    : Access denied finding property "ro.vendor.sys.NVRM_GPU_CHANNEL_TIMESLICE"
01-27 09:40:13.259 16875 16875 E libc    : Access denied finding property "ro.vendor.sys.NVRM_GPU_maIaPSXj"
01-27 09:40:13.259 16875 16875 E libc    : Access denied finding property "ro.vendor.sys.NVRM_GPU_DISABLE_COMPRESSION"
01-27 09:40:13.259 16875 16875 E libc    : Access denied finding property "ro.vendor.sys.NVRM_GPU_LiY1nc6l"
01-27 09:40:13.259 16875 16875 E libc    : Access denied finding property "ro.vendor.sys.NVRM_GPU_NOUVEAU_DISABLE"
01-27 09:40:13.260 16875 16875 E libc    : Access denied finding property "ro.vendor.sys.NVRM_GPU_T29RkpyE"
01-27 09:40:13.260 16875 16875 E libc    : Access denied finding property "ro.vendor.sys.NVRM_GPU_NVGPU_DISABLE"
01-27 09:40:13.260 16875 16875 E libc    : Access denied finding property "ro.vendor.sys.NVRM_GPU_EEPyR4lp"
01-27 09:40:13.260 16875 16875 E libc    : Access denied finding property "ro.vendor.sys.NVRM_GPU_NVGPU_DO_NFA_PARTIAL_MAP"
01-27 09:40:13.260 16875 16875 E libc    : Access denied finding property "ro.vendor.sys.NVRM_GPU_36lvAjow"
01-27 09:40:13.260 16875 16875 E libc    : Access denied finding property "ro.vendor.sys.NVRM_GPU_NVGPU_ECC_OVERRIDES"
01-27 09:40:13.260 16875 16875 E libc    : Access denied finding property "ro.vendor.sys.NVRM_GPU_oSawIPsF"
01-27 09:40:13.260 16875 16875 E libc    : Access denied finding property "ro.vendor.sys.NVRM_GPU_NVGPU_FORCE_SCG"
01-27 09:40:13.260 16875 16875 E libc    : Access denied finding property "ro.vendor.sys.NVRM_GPU_6aQElJ8Y"
01-27 09:40:13.260 16875 16875 E libc    : Access denied finding property "ro.vendor.sys.NVRM_GPU_NVGPU_FORCE_SM_DIVERSITY"
01-27 09:40:13.260 16875 16875 E libc    : Access denied finding property "ro.vendor.sys.NVRM_GPU_UALTpoyI"
01-27 09:40:13.260 16875 16875 E libc    : Access denied finding property "ro.vendor.sys.NVRM_GPU_NVGPU_NO_ALWAYS_IO_COHERENCY"
01-27 09:40:13.260 16875 16875 E libc    : Access denied finding property "ro.vendor.sys.NVRM_GPU_kJo45YxE"
01-27 09:40:13.260 16875 16875 E libc    : Access denied finding property "ro.vendor.sys.NVRM_GPU_NVGPU_NO_ASYNC_CE"
01-27 09:40:13.260 16875 16875 E libc    : Access denied finding property "ro.vendor.sys.NVRM_GPU_gmxia7dI"
01-27 09:40:13.260 16875 16875 E libc    : Access denied finding property "ro.vendor.sys.NVRM_GPU_NVGPU_NO_BIG_PAGES"
01-27 09:40:13.260 16875 16875 E libc    : Access denied finding property "ro.vendor.sys.NVRM_GPU_vl2Vovpk"
01-27 09:40:13.260 16875 16875 E libc    : Access denied finding property "ro.vendor.sys.NVRM_GPU_NVGPU_NO_CHANNEL_SETPRIORITY_EMUL"
01-27 09:40:13.261 16875 16875 E libc    : Access denied finding property "ro.vendor.sys.NVRM_GPU_CqEssDmc"
01-27 09:40:13.261 16875 16875 E libc    : Access denied finding property "ro.vendor.sys.NVRM_GPU_NVGPU_NO_IO_COHERENCY"
01-27 09:40:13.261 16875 16875 E libc    : Access denied finding property "ro.vendor.sys.NVRM_GPU_x90Ja8kG"
01-27 09:40:13.261 16875 16875 E libc    : Access denied finding property "ro.vendor.sys.NVRM_GPU_NVGPU_NO_IOCTL_MUTEX"
01-27 09:40:13.261 16875 16875 E libc    : Access denied finding property "ro.vendor.sys.NVRM_GPU_CI4Wetrn"
01-27 09:40:13.261 16875 16875 E libc    : Access denied finding property "ro.vendor.sys.NVRM_GPU_NVGPU_NO_L3"
01-27 09:40:13.261 16875 16875 E libc    : Access denied finding property "ro.vendor.sys.NVRM_GPU_OmETcz6b"
01-27 09:40:13.261 16875 16875 E libc    : Access denied finding property "ro.vendor.sys.NVRM_GPU_NVGPU_NO_MAP_BUFFER_BATCH"
01-27 09:40:13.261 16875 16875 E libc    : Access denied finding property "ro.vendor.sys.NVRM_GPU_8sKrPMLm"
01-27 09:40:13.261 16875 16875 E libc    : Access denied finding property "ro.vendor.sys.NVRM_GPU_NVGPU_NO_PROBE_DGPU"
01-27 09:40:13.261 16875 16875 E libc    : Access denied finding property "ro.vendor.sys.NVRM_GPU_gT1cB8Jb"
01-27 09:40:13.261 16875 16875 E libc    : Access denied finding property "ro.vendor.sys.NVRM_GPU_NVGPU_NO_PROBE_IGPU"
01-27 09:40:13.261 16875 16875 E libc    : Access denied finding property "ro.vendor.sys.NVRM_GPU_dm7XlLKA"
01-27 09:40:13.261 16875 16875 E libc    : Access denied finding property "ro.vendor.sys.NVRM_GPU_NVGPU_NO_SPARSE"
01-27 09:40:13.261 16875 16875 E libc    : Access denied finding property "ro.vendor.sys.NVRM_GPU_XzoEBCw9"
01-27 09:40:13.261 16875 16875 E libc    : Access denied finding property "ro.vendor.sys.NVRM_GPU_NVGPU_NO_SYNCFD"
01-27 09:40:13.261 16875 16875 E libc    : Access denied finding property "ro.vendor.sys.NVRM_GPU_EHaGX5Xe"
01-27 09:40:13.261 16875 16875 E libc    : Access denied finding property "ro.vendor.sys.NVRM_GPU_NVGPU_NO_SYNCPOINTS"
01-27 09:40:13.261 16875 16875 E libc    : Access denied finding property "ro.vendor.sys.NVRM_GPU_59ct6EdS"
01-27 09:40:13.261 16875 16875 E libc    : Access denied finding property "ro.vendor.sys.NVRM_GPU_NVGPU_NO_TTU"
01-27 09:40:13.261 16875 16875 E libc    : Access denied finding property "ro.vendor.sys.NVRM_GPU_915h8OIS"
01-27 09:40:13.262 16875 16875 E libc    : Access denied finding property "ro.vendor.sys.NVRM_GPU_NVGPU_NO_USER_MANAGED_SYNCPOINT"
01-27 09:40:13.262 16875 16875 E libc    : Access denied finding property "ro.vendor.sys.NVRM_GPU_XylwwSvx"
01-27 09:40:13.262 16875 16875 E libc    : Access denied finding property "ro.vendor.sys.NVRM_GPU_NVGPU_NO_VPR"
01-27 09:40:13.262 16875 16875 E libc    : Access denied finding property "ro.vendor.sys.NVRM_GPU_Yb92x8rk"
01-27 09:40:13.262 16875 16875 E libc    : Access denied finding property "ro.vendor.sys.NVRM_GPU_NVGPU_NO_ZBC"
01-27 09:40:13.262 16875 16875 E libc    : Access denied finding property "ro.vendor.sys.NVRM_GPU_oMdTiRBY"
01-27 09:40:13.262 16875 16875 E libc    : Access denied finding property "ro.vendor.sys.NVRM_GPU_NVGPU_NO_ZCULL"
01-27 09:40:13.262 16875 16875 E libc    : Access denied finding property "ro.vendor.sys.NVRM_GPU_6tRS9rwi"
01-27 09:40:13.262 16875 16875 E libc    : Access denied finding property "ro.vendor.sys.NVRM_GPU_NVGPU_USE_SYSMEM_FOR_VIDMEM"
01-27 09:40:13.262 16875 16875 E libc    : Access denied finding property "ro.vendor.sys.NVRM_GPU_TkDtPGzC"
01-27 09:40:13.262 16875 16875 E libc    : Access denied finding property "ro.vendor.sys.NVRM_GPU_NVGPU_DISABLE_WATCHDOG"
01-27 09:40:13.262 16875 16875 E libc    : Access denied finding property "ro.vendor.sys.NVRM_GPU_EQ5Qmveh"
01-27 09:40:13.262 16875 16875 E libc    : Access denied finding property "ro.vendor.sys.NVRM_GPU_PREVENT_USE"
01-27 09:40:13.262 16875 16875 E libc    : Access denied finding property "ro.vendor.sys.NVRM_GPU_yrGhr5G6"
01-27 09:40:13.263 16875 16875 E libc    : Access denied finding property "ro.vendor.sys.NVRMT_EMULATE_IO_COHERENCY"
01-27 09:40:13.263 16875 16875 E libc    : Access denied finding property "ro.vendor.sys.NVRMT_fY86mLY0"
01-27 09:40:13.263 16875 16875 E libc    : Access denied finding property "ro.vendor.sys.NVRMT_MEMORY_TYPE_SANITIZER"
01-27 09:40:13.263 16875 16875 E libc    : Access denied finding property "ro.vendor.sys.NVRMT_kzdhcuAG"
01-27 09:40:13.263 16875 16875 E libc    : Access denied finding property "ro.vendor.sys.NVRMT_FORCE_L3_ALLOC"
01-27 09:40:13.263 16875 16875 E libc    : Access denied finding property "ro.vendor.sys.NVRMT_ZV2Frkax"
01-27 09:40:13.263 16875 16875 E libc    : Access denied finding property "ro.vendor.sys.NVRMT_FORCE_SNOOPING"
01-27 09:40:13.263 16875 16875 E libc    : Access denied finding property "ro.vendor.sys.NVRMT_VzUDgaZ2"
01-27 09:40:13.263 16875 16875 E libc    : Access denied finding property "ro.vendor.sys.NVRMT_FORCE_SYNC_KICKOFFS"
01-27 09:40:13.263 16875 16875 E libc    : Access denied finding property "ro.vendor.sys.NVRMT_kdisTKXJ"
01-27 09:40:13.266 16875 16914 I flutter : The Dart VM service is listening on http://127.0.0.1:41599/yNdP_2JHlSA=/
01-27 09:40:13.272 16875 16875 E libc    : Access denied finding property "ro.vendor.sys.NVRMT_EMULATE_BIG_PAGES"
01-27 09:40:13.272 16875 16875 E libc    : Access denied finding property "ro.vendor.sys.NVRMT_KcOcZFPL"
01-27 09:40:13.272 16875 16875 E libc    : Access denied finding property "ro.vendor.sys.NVRMT_FORCE_TSG"
01-27 09:40:13.272 16875 16875 E libc    : Access denied finding property "ro.vendor.sys.NVRMT_64gDxjIe"
01-27 09:40:13.272 16875 16875 E libc    : Access denied finding property "ro.vendor.sys.NVRMT_DISABLE_VASPACE"
01-27 09:40:13.272 16875 16875 E libc    : Access denied finding property "ro.vendor.sys.NVRMT_JMAa8wgC"
01-27 09:40:13.273 16875 16875 E libc    : Access denied finding property "ro.vendor.sys.NVWSI_DUMP"
01-27 09:40:13.273 16875 16875 E libc    : Access denied finding property "ro.vendor.sys.NVWSI_FILL"
01-27 09:40:13.277 16875 16875 E libc    : Access denied finding property "ro.vendor.sys.nvblit.twod"
01-27 09:40:13.277 16875 16875 E libc    : Access denied finding property "ro.vendor.sys.nvblit.vic"
01-27 09:40:13.277 16875 16875 E libc    : Access denied finding property "ro.vendor.sys.nvblit.dump"
01-27 09:40:13.282 16875 16875 E libc    : Access denied finding property "ro.vendor.sys.NV_EGL_FORCE_MSAA"
01-27 09:40:13.282 16875 16875 E libc    : Access denied finding property "ro.vendor.sys.NV_EGL_FORCE_DEPTH"
01-27 09:40:13.312 16875 16875 E libc    : Access denied finding property "ro.vendor.sys.NV_ASYNC"
01-27 09:40:13.312 16875 16875 E libc    : Access denied finding property "ro.vendor.sys.NV_LOGFPS"
01-27 09:40:13.312 16875 16875 E libc    : Access denied finding property "ro.vendor.sys.NV_PROCESS_NAME"
01-27 09:40:13.312 16875 16875 E libc    : Access denied finding property "ro.vendor.sys.NV_FPSDYNAMIC"
01-27 09:40:13.312 16875 16908 E libc    : Access denied finding property "ro.vendor.sys.NVRMT_DISABLE_COMPRESSION"
01-27 09:40:13.312 16875 16908 E libc    : Access denied finding property "ro.vendor.sys.NVRMT_h6spQ4yh"
01-27 09:40:13.312 16875 16908 E libc    : Access denied finding property "ro.vendor.sys.NVRMT_FORCE_ALIGN_128K"
01-27 09:40:13.313 16875 16908 E libc    : Access denied finding property "ro.vendor.sys.NVRMT_UnLSxhuN"
01-27 09:40:13.349 16875 16908 E libc    : Access denied finding property "ro.vendor.sys.NVRMT_FORCE_SCG"
01-27 09:40:13.349 16875 16908 E libc    : Access denied finding property "ro.vendor.sys.NVRMT_WVRg2RZb"
01-27 09:40:13.349 16875 16908 E libc    : Access denied finding property "ro.vendor.sys.NVRMT_EXPECTED_GPFIFO_ENTRIES_PER_SUBMIT"
01-27 09:40:13.349 16875 16908 E libc    : Access denied finding property "ro.vendor.sys.NVRMT_0ktEXYzd"
01-27 09:40:13.531 16875 16875 W com.risa.app: Accessing hidden method Landroid/view/accessibility/AccessibilityNodeInfo;->getSourceNodeId()J (greylist,test-api, reflection, allowed)
01-27 09:40:13.531 16875 16875 W com.risa.app: Accessing hidden method Landroid/view/accessibility/AccessibilityRecord;->getSourceNodeId()J (greylist, reflection, allowed)
01-27 09:40:13.531 16875 16875 W com.risa.app: Accessing hidden field Landroid/view/accessibility/AccessibilityNodeInfo;->mChildNodeIds:Landroid/util/LongArray; (greylist, reflection, allowed)
01-27 09:40:13.532 16875 16875 W com.risa.app: Accessing hidden method Landroid/util/LongArray;->get(I)J (greylist, reflection, allowed)
01-27 09:40:13.551 16875 16875 I CrashLogger: Skipping copyLatestCrashToDownloads() and startup marker (writes disabled).
01-27 09:40:13.562 16875 16875 I android_os_HwBinder: HwBinder: Starting thread pool for getting: vendor.nvidia.hardware.cpl.service_common@1.0::INvCplHalCommonService/default
01-27 09:40:13.570 16875 16875 I android_os_HwBinder: HwBinder: Starting thread pool for getting: vendor.nvidia.hardware.cpl.service_common@1.0::INvCplHalCommonService/default
01-27 09:40:13.578  3709 10885 I NvUtils : onActivityResumed AM packageName = com.risa.app
01-27 09:40:13.579  3709 10885 E AudioSystem-JNI: Command failed for android_media_AudioSystem_setParameters: -22
01-27 09:40:13.580  3709 10885 I chatty  : uid=1000(system) Binder:3709_20 identical 2 lines
01-27 09:40:13.580  3709 10885 E AudioSystem-JNI: Command failed for android_media_AudioSystem_setParameters: -22
01-27 09:40:13.582 16875 16875 I flutter : startup: 0ms - main() entry
01-27 09:40:13.584 16875 16875 I flutter : startup: 1ms - Flutter bindings initialized
01-27 09:40:13.615 16875 16875 D View    : com.nvidia.immediateInput = false
01-27 09:40:13.615 16875 16875 D View    : com.nvidia.mRawCursorInputRequested = false
01-27 09:40:13.649  3542 16897 W adbd    : timed out while waiting for FUNCTIONFS_BIND, trying again
01-27 09:40:13.649  3542 16897 I adbd    : UsbFfs: connection terminated: monitor thread finished
01-27 09:40:13.649  3542  3542 I adbd    : UsbFfs: already offline
01-27 09:40:13.649  3542  3542 I adbd    : destroying transport UsbFfs
01-27 09:40:13.649  3542  3542 I adbd    : UsbFfsConnection being destroyed
01-27 09:40:13.689 16875 16901 E libc    : Access denied finding property "ro.vendor.sys.NV_ASYNC"
01-27 09:40:13.689 16875 16901 E libc    : Access denied finding property "ro.vendor.sys.NV_LOGFPS"
01-27 09:40:13.689 16875 16901 E libc    : Access denied finding property "ro.vendor.sys.NV_PROCESS_NAME"
01-27 09:40:13.689 16875 16901 E libc    : Access denied finding property "ro.vendor.sys.NV_FPSDYNAMIC"
01-27 09:40:13.690  3542  3583 I adbd    : opening control endpoint /dev/usb-ffs/adb/ep0
01-27 09:40:13.693  3542  3583 I adbd    : UsbFfsConnection constructed
01-27 09:40:13.694  3542 16919 I adbd    : UsbFfs-monitor thread spawned
01-27 09:40:13.708 16875 16907 E libc    : Access denied finding property "ro.vendor.sys.NV_ASYNC"
01-27 09:40:13.708 16875 16907 E libc    : Access denied finding property "ro.vendor.sys.NV_LOGFPS"
01-27 09:40:13.708 16875 16907 E libc    : Access denied finding property "ro.vendor.sys.NV_PROCESS_NAME"
01-27 09:40:13.708 16875 16907 E libc    : Access denied finding property "ro.vendor.sys.NV_FPSDYNAMIC"
01-27 09:40:13.712  2877  2877 I hwservicemanager: getTransport: Cannot find entry android.hardware.graphics.mapper@4.0::IMapper/default in either framework or device manifest.
01-27 09:40:13.712 16875 16907 I Gralloc4: mapper 4.x is not supported
01-27 09:40:13.713  2877  2877 I hwservicemanager: getTransport: Cannot find entry android.hardware.graphics.mapper@3.0::IMapper/default in either framework or device manifest.
01-27 09:40:13.713 16875 16907 W Gralloc3: mapper 3.x is not supported
01-27 09:40:13.716 16875 16907 E libc    : Access denied finding property "ro.vendor.sys.NV_DECOMPRESSION"
01-27 09:40:13.727 16875 16901 E libc    : Access denied finding property "ro.vendor.sys.NV_ASYNC"
01-27 09:40:13.727 16875 16901 E libc    : Access denied finding property "ro.vendor.sys.NV_LOGFPS"
01-27 09:40:13.727 16875 16901 E libc    : Access denied finding property "ro.vendor.sys.NV_PROCESS_NAME"
01-27 09:40:13.728 16875 16901 E libc    : Access denied finding property "ro.vendor.sys.NV_FPSDYNAMIC"
01-27 09:40:13.782 16875 16875 I flutter : startup: 200ms - Image cache limits configured (SHIELD/LOW MEMORY)
01-27 09:40:13.782 16875 16875 I flutter : startup: 200ms - Shield memory cleanup completed
01-27 09:40:14.026 16875 16875 I flutter : startup: 444ms - SSL handler configured
01-27 09:40:14.027 16875 16875 I flutter : startup: 444ms - HTTP client service initialized
01-27 09:40:14.029 16875 16875 I flutter : startup: 447ms - Preferred orientations locked (Android)
01-27 09:40:14.029 16875 16875 I flutter : startup: 447ms - Launching main app directly
01-27 09:40:14.030 16875 16875 I flutter : startup: 448ms - MyAppState initState
01-27 09:40:14.030 16875 16875 I flutter : startup: 448ms - MyApp initialization: FastStartup init start
01-27 09:40:14.030 16875 16875 I flutter : FastStartup: FastStartup initialization started
01-27 09:40:14.031 16875 16875 I flutter : MemoryMapped: Initialized
01-27 09:40:14.031 16875 16875 I flutter : BackgroundSync: Initialized
01-27 09:40:14.036 16875 16875 I flutter : content_focus: Shell registered focus callback token=1
01-27 09:40:14.036 16875 16875 I flutter : content_focus: Registered content focus: LiveTVScreen (token: 1)
01-27 09:40:14.041 16875 16875 I flutter : LocalDbService: init() called, _isInit=false, _initCompleter=false
01-27 09:40:14.042 16875 16875 I flutter : EPG: Quick start initialization
01-27 09:40:14.053  4822 16824 I FA      : Application backgrounded at: timestamp_millis: 1769524812052
01-27 09:40:14.091 16875 16875 I flutter : ChannelProvider: Category isolate compute took 54ms
01-27 09:40:14.091 16875 16875 I flutter : ChannelProvider: Found 0 categories from 0 channels
01-27 09:40:14.091 16875 16875 I flutter : ChannelProvider: Category compute total 54ms
01-27 09:40:14.091 16875 16875 I flutter : LiveTV: Fetched 0 categories
01-27 09:40:14.093 16875 16875 I flutter : LiveTV: Fetched 0 categories
01-27 09:40:14.106 16875 16875 I flutter : LocalDbService: Opening database at /data/user/0/com.risa.app/app_flutter/iptv_local.db
01-27 09:40:14.108 16875 16907 W libc    : invalid pthread_t (0) passed to pthread_join
01-27 09:40:14.109 16875 16875 I flutter : content_focus: Shell unregistered focus callback token=1
01-27 09:40:14.109 16875 16875 I flutter : content_focus: Shell registered focus callback token=2
01-27 09:40:14.109 16875 16875 I flutter : content_focus: Registered content focus: LiveTVScreen (token: 2)
01-27 09:40:14.149  9824  9847 I FontLog : (REDACTED) Received query %s, URI %s
01-27 09:40:14.150  9824  9847 I FontLog : (REDACTED) Query [%s] resolved to %s
01-27 09:40:14.152  9824  9847 I FontLog : (REDACTED) Fetch %s end status %s
01-27 09:40:14.159  9824  9844 I FontLog : (REDACTED) Pulling font file for id = %d, cache size = %d
01-27 09:40:14.166  9824  9844 I FontLog : (REDACTED) Pulling font file for id = %d, cache size = %d
01-27 09:40:14.191 16875 16875 I flutter : startup: 609ms - ChannelProvider.autoLoadPlaylist invoked
01-27 09:40:14.194 16875 16875 I flutter : ChannelProvider: Auto-loading playlist...
01-27 09:40:14.194 16875 16875 I flutter : LocalDbService: init() called, _isInit=false, _initCompleter=true
01-27 09:40:14.194 16875 16875 I flutter : LocalDbService: Init already in progress, waiting...
01-27 09:40:14.215 16875 16875 I flutter : SmartCache: Initialized
01-27 09:40:14.215 16875 16875 I flutter : FastStartup: FastStartup initialization completed (+184ms)
01-27 09:40:14.215 16875 16875 I flutter : startup: 633ms - MyApp initialization: FastStartup init finished
01-27 09:40:14.216 16875 16875 I flutter : startup: 633ms - MyApp initialization: clear old playlists
01-27 09:40:14.216 16875 16875 I flutter : startup: 634ms - MyApp initialization: playlists cleared
01-27 09:40:14.216 16875 16875 I flutter : startup: 634ms - MyApp initialization: check disclaimer
01-27 09:40:14.216 16875 16875 I flutter : startup: 634ms - MyApp initialization: disclaimer checked
01-27 09:40:14.216 16875 16875 I flutter : startup: 634ms - MyApp initialization: check/load playlist
01-27 09:40:14.216 16875 16875 I flutter : startup: 634ms - MyApp initialization: playlist check finished
01-27 09:40:14.216 16875 16875 I flutter : startup: 634ms - MyApp initialization: complete
01-27 09:40:14.265 16875 16901 E libc    : Access denied finding property "ro.vendor.sys.NV_ASYNC"
01-27 09:40:14.265 16875 16901 E libc    : Access denied finding property "ro.vendor.sys.NV_LOGFPS"
01-27 09:40:14.265 16875 16901 E libc    : Access denied finding property "ro.vendor.sys.NV_PROCESS_NAME"
01-27 09:40:14.265 16875 16901 E libc    : Access denied finding property "ro.vendor.sys.NV_FPSDYNAMIC"
01-27 09:40:14.273 16875 16875 I flutter : ChannelProvider: File cache expired or not found, loading from network
01-27 09:40:14.274 16875 16875 I flutter : ChannelProvider: Playlist type: m3u
01-27 09:40:14.274 16875 16875 I flutter : ChannelProvider: M3U URL: https://opop.pro/mpjJUXrysJKL
01-27 09:40:14.274 16875 16875 I flutter : ChannelProvider: Loading playlist URL: https://opop.pro/mpjJUXrysJKL
01-27 09:40:14.274 16875 16875 I flutter : startup: 691ms - ChannelProvider.autoLoadPlaylist: downloading playlist
01-27 09:40:14.274 16875 16875 I flutter : [PERF] START: PLAYLIST_LOAD_TOTAL
01-27 09:40:14.274 16875 16875 I flutter : [PERF] Memory check (Before playlist load)
01-27 09:40:14.274 16875 16875 I flutter : [PERF] START: PLAYLIST_LOAD_TOTAL
01-27 09:40:14.276 16875 16875 I flutter : ChannelProvider: Loading playlist from URL: https://opop.pro/mpjJUXrysJKL (using PlaylistLoader)
01-27 09:40:14.473 16875 16875 I flutter : EPG: Loaded normalized mapping from file (607 entries)
01-27 09:40:14.473 16875 16875 I flutter : EPG: Starting progressive EPG initialization...
01-27 09:40:14.473 16875 16875 I flutter : LocalDbService: init() called, _isInit=true, _initCompleter=false
01-27 09:40:14.473 16875 16875 I flutter : LocalDbService: DB already initialized and open
01-27 09:40:14.473 16875 16875 I flutter : EPG: Using cache duration of 6 hours
01-27 09:40:14.473 16875 16875 I flutter : EPG: Progressive initialization with URL: https://opop.pro/epNCvfgjsYe9JC
01-27 09:40:14.489 16875 16875 I flutter : content_focus: Shell unregistered focus callback token=2
01-27 09:40:14.489 16875 16875 I flutter : content_focus: Shell registered focus callback token=3
01-27 09:40:14.489 16875 16875 I flutter : content_focus: Registered content focus: LiveTVScreen (token: 3)
01-27 09:40:14.501  3709  3734 D ArtManagerInternalImpl: /data/misc/iorapd/com.risa.app/20/com.risa.app.MainActivity/compiled_traces/compiled_trace.pb doesn't exist
01-27 09:40:14.502  3709  3729 D EventSequenceValidator: dec AccIntentStartedEvents to 1
01-27 09:40:14.502  3709  3734 I ActivityTaskManager: Displayed com.risa.app/.MainActivity: +2s493ms
01-27 09:40:14.502  3709  3734 I ActivityTaskManager: Fully drawn com.risa.app/.MainActivity: +2s493ms
01-27 09:40:14.503 16875 16875 I flutter : ChannelProvider: Category DB load took 13ms
01-27 09:40:14.503 16875 16875 I flutter : ChannelProvider: Loaded 0 categories from DB
01-27 09:40:14.503 16875 16875 I flutter : ChannelProvider: Category compute total 14ms
01-27 09:40:14.504  3413  3413 W powerHAL::common: Power hint:0x8 is not supported in PowerHAL
01-27 09:40:14.513 16875 16875 I flutter : content_focus: Shell unregistered focus callback token=3
01-27 09:40:14.513 16875 16875 I flutter : content_focus: Shell registered focus callback token=4
01-27 09:40:14.513 16875 16875 I flutter : content_focus: Registered content focus: LiveTVScreen (token: 4)
01-27 09:40:14.535  3709 10885 I NvUtils : onActivityStopped AM packageName = com.spocky.projengmenu
01-27 09:40:14.545  3709 10885 E AudioSystem-JNI: Command failed for android_media_AudioSystem_setParameters: -22
01-27 09:40:14.547  3709 10885 E AudioSystem-JNI: Command failed for android_media_AudioSystem_setParameters: -22
01-27 09:40:14.549  3709 10885 I android_os_HwBinder: HwBinder: Starting thread pool for getting: vendor.nvidia.hardware.graphics.display@1.0::INvDisplay/default
01-27 09:40:14.627  4391  4391 I GoogleInputMethodService: GoogleInputMethodService.onFinishInput():2084 
01-27 09:40:14.628  4391  4391 I Module  : DeviceLockedStatusModuleProvider$Module.updateDeviceLockedStatus():101 repeatCheckTimes = 0, locked = false
01-27 09:40:14.628  4391  4391 I GoogleInputMethodService: GoogleInputMethodService.onStartInput():1345 onStartInput(EditorInfo{EditorInfo{packageName=com.risa.app, inputType=0, inputTypeString=NULL, enableLearning=false, autoCorrection=false, autoComplete=false, imeOptions=0, privateImeOptions=null, actionName=UNSPECIFIED, actionLabel=null, initialSelStart=-1, initialSelEnd=-1, initialCapsMode=0, label=null, fieldId=1, fieldName=null, extras=null, hintText=null, hintLocales=[]}}, false)
01-27 09:40:14.635 16875 16875 I flutter : content_focus: Shell unregistered focus callback token=4
01-27 09:40:14.635 16875 16875 I flutter : content_focus: Shell registered focus callback token=5
01-27 09:40:14.635 16875 16875 I flutter : content_focus: Registered content focus: LiveTVScreen (token: 5)
01-27 09:40:14.638  4391  4391 I Module  : DeviceLockedStatusModuleProvider$Module.updateDeviceLockedStatus():101 repeatCheckTimes = 1, locked = false
01-27 09:40:14.694  3542 16919 W adbd    : timed out while waiting for FUNCTIONFS_BIND, trying again
01-27 09:40:14.694  3542 16919 I adbd    : UsbFfs: connection terminated: monitor thread finished
01-27 09:40:14.695  3542  3542 I adbd    : UsbFfs: already offline
01-27 09:40:14.695  3542  3542 I adbd    : destroying transport UsbFfs
01-27 09:40:14.695  3542  3542 I adbd    : UsbFfsConnection being destroyed
01-27 09:40:14.734  3542  3583 I adbd    : opening control endpoint /dev/usb-ffs/adb/ep0
01-27 09:40:14.735  3542  3583 I adbd    : UsbFfsConnection constructed
01-27 09:40:14.735  3542 16935 I adbd    : UsbFfs-monitor thread spawned
01-27 09:40:14.898 16875 16875 I flutter : EPG: Loaded normalized mapping from file (607 entries)
01-27 09:40:14.904 16875 16875 I flutter : EPG: Loaded 10 mappings from DB
01-27 09:40:14.967 16875 16875 I flutter : EPG: Restored cache from backup.
01-27 09:40:14.968 16875 16875 I flutter : EPG: Allowing stale cache. Age: 0 minutes. Size: 26.88 MB
01-27 09:40:14.970 16875 16875 I flutter : EPG: Cache is valid. Age: 0 minutes. Size: 26.88 MB
01-27 09:40:14.970 16875 16875 I flutter : EPG: Using valid cached file, skipping download.
01-27 09:40:14.970 16875 16875 I flutter : EPG: Download phase took 64ms
01-27 09:40:14.972 16875 16921 I flutter : M3UParser: (maps) EPG URL not found in header line.
01-27 09:40:14.973 16875 16875 I flutter : EPG: DB programCount took 2ms
01-27 09:40:14.973 16875 16875 I flutter : EPG: Found 345 programs in DB, loading...
01-27 09:40:15.003 16875 16875 I flutter : EPG: DB getAllProgramsByChannel took 30ms
01-27 09:40:15.028 16875 16875 I flutter : EPG: Loaded 141 channels from DB cache (141 programs)
01-27 09:40:15.028 16875 16875 I flutter : EPG: Load from DB total 123ms
01-27 09:40:15.028 16875 16875 I flutter : EPG: DB cache too small (141/0); falling through to XML parse.
01-27 09:40:15.040 16875 16875 I flutter : EPG: Starting background parsing...
01-27 09:40:15.040 16875 16875 I flutter : EPG: Parsing full EPG (no channel filter).
01-27 09:40:15.041 16875 16921 I flutter : EPG: Parsing full programs from 2026-01-26 09:40:15.040 to 2026-01-28 09:40:15.040
01-27 09:40:15.056  3397  3521 V hdcp up : tsec_version: 1
01-27 09:40:15.058  3397  3521 D NvOsDebugPrintf: NvRmStreamFree: WARN: pStream is NULL
01-27 09:40:15.164  9824  9824 D BoundBrokerSvc: onRebind: Intent { act=com.google.android.gms.libs.gmscorelogger.service.START dat=chimera-action: cmp=com.google.android.gms/.chimera.PersistentDirectBootAwareApiService }
01-27 09:40:15.597  3709  4468 E TaskPersister: File error accessing recents directory (directory doesn't exist?).
01-27 09:40:15.666 16875 16922 I flutter : M3UParser: First logical line: #EXTM3U
01-27 09:40:15.737  3542 16935 W adbd    : timed out while waiting for FUNCTIONFS_BIND, trying again
01-27 09:40:15.737  3542 16935 I adbd    : UsbFfs: connection terminated: monitor thread finished
01-27 09:40:15.737  3542  3542 I adbd    : UsbFfs: already offline
01-27 09:40:15.737  3542  3542 I adbd    : destroying transport UsbFfs
01-27 09:40:15.737  3542  3542 I adbd    : UsbFfsConnection being destroyed
01-27 09:40:15.774  3542  3583 I adbd    : opening control endpoint /dev/usb-ffs/adb/ep0
01-27 09:40:15.775  3542  3583 I adbd    : UsbFfsConnection constructed
01-27 09:40:15.775  3542 16936 I adbd    : UsbFfs-monitor thread spawned
01-27 09:40:15.945 16875 16875 I flutter : content_focus: Shell unregistered focus callback token=5
01-27 09:40:15.945 16875 16875 I flutter : content_focus: Shell registered focus callback token=6
01-27 09:40:15.945 16875 16875 I flutter : content_focus: Registered content focus: LiveTVScreen (token: 6)
01-27 09:40:16.378 16875 16875 I flutter : content_focus: Shell unregistered focus callback token=6
01-27 09:40:16.379 16875 16875 I flutter : content_focus: Shell registered focus callback token=7
01-27 09:40:16.379 16875 16875 I flutter : content_focus: Registered content focus: LiveTVScreen (token: 7)
01-27 09:40:16.379 16875 16875 I flutter : LiveTV: Categories empty but channels present (2000), requesting prefetch...
01-27 09:40:16.400 16875 16875 I flutter : ChannelProvider: Category DB load took 20ms
01-27 09:40:16.409 16875 16875 I flutter : ChannelProvider: Category isolate compute took 7ms
01-27 09:40:16.409 16875 16875 I flutter : ChannelProvider: Loaded 13 categories from DB
01-27 09:40:16.409 16875 16875 I flutter : ChannelProvider: Category compute total 29ms
01-27 09:40:16.409 16875 16875 I flutter : LiveTV: Fetched 13 categories
01-27 09:40:16.409 16875 16875 I flutter : LiveTV: Initialized featured index to 966
01-27 09:40:16.477 16875 16875 I flutter : EPG: ensureChannelsLoadedBatch called with 12 channels
01-27 09:40:16.631 16875 16875 I flutter : EPG: ensureChannelsLoadedBatch - queueing 2 channels for batch load
01-27 09:40:16.645 16875 16875 I flutter : content_focus: Shell unregistered focus callback token=7
01-27 09:40:16.645 16875 16875 I flutter : content_focus: Shell registered focus callback token=8
01-27 09:40:16.645 16875 16875 I flutter : content_focus: Registered content focus: LiveTVScreen (token: 8)
01-27 09:40:16.652 16875 16875 I flutter : EPG: ensureChannelsLoadedBatch called with 12 channels
01-27 09:40:16.767 16875 16875 I flutter : EPG: ensureChannelsLoadedBatch - queueing 3 channels for batch load
01-27 09:40:16.767 16875 16875 I flutter : EPG: ensureChannelsLoadedBatch called with 12 channels
01-27 09:40:16.777  3542 16936 W adbd    : timed out while waiting for FUNCTIONFS_BIND, trying again
01-27 09:40:16.777  3542 16936 I adbd    : UsbFfs: connection terminated: monitor thread finished
01-27 09:40:16.777  3542  3542 I adbd    : UsbFfs: already offline
01-27 09:40:16.777  3542  3542 I adbd    : destroying transport UsbFfs
01-27 09:40:16.777  3542  3542 I adbd    : UsbFfsConnection being destroyed
01-27 09:40:16.814  3542  3583 I adbd    : opening control endpoint /dev/usb-ffs/adb/ep0
01-27 09:40:16.815  3542  3583 I adbd    : UsbFfsConnection constructed
01-27 09:40:16.816  3542 16939 I adbd    : UsbFfs-monitor thread spawned
01-27 09:40:16.872 16875 16875 I flutter : EPG: ensureChannelsLoadedBatch - queueing 3 channels for batch load
01-27 09:40:16.882 16875 16875 I flutter : ChannelProvider: Category DB load took 237ms
01-27 09:40:16.886 16875 16875 I flutter : content_focus: Shell unregistered focus callback token=8
01-27 09:40:16.886 16875 16875 I flutter : content_focus: Shell registered focus callback token=9
01-27 09:40:16.886 16875 16875 I flutter : content_focus: Registered content focus: LiveTVScreen (token: 9)
01-27 09:40:16.892 16875 16875 I flutter : EPG: ensureChannelsLoadedBatch called with 12 channels
01-27 09:40:17.006 16875 16875 I flutter : EPG: ensureChannelsLoadedBatch - queueing 5 channels for batch load
01-27 09:40:17.006 16875 16875 I flutter : EPG: ensureChannelsLoadedBatch called with 12 channels
01-27 09:40:17.139 16875 16875 I flutter : EPG: ensureChannelsLoadedBatch - queueing 2 channels for batch load
01-27 09:40:17.140 16875 16875 I flutter : ChannelProvider: Category isolate compute took 255ms
01-27 09:40:17.140 16875 16875 I flutter : ChannelProvider: Loaded 51 categories from DB
01-27 09:40:17.140 16875 16875 I flutter : ChannelProvider: Category compute total 495ms
01-27 09:40:17.338 16875 16875 I flutter : content_focus: Shell unregistered focus callback token=9
01-27 09:40:17.338 16875 16875 I flutter : content_focus: Shell registered focus callback token=10
01-27 09:40:17.338 16875 16875 I flutter : content_focus: Registered content focus: LiveTVScreen (token: 10)
01-27 09:40:17.338 16875 16875 I flutter : LiveTV: Syncing categories (provider: 51, current: 13)
01-27 09:40:17.352 16875 16875 I flutter : EPG: ensureChannelsLoadedBatch called with 12 channels
01-27 09:40:17.482 16875 16875 I flutter : EPG: ensureChannelsLoadedBatch - no new channels to load (all already loaded or pending)
01-27 09:40:17.492 16875 16875 I flutter : EPG: getCurrentProgram - No EPG ID found for "abcwlneprovidenceri.us" (name: "ABC6 WLNE", available: 612, normalized: 607, programs: 141)
01-27 09:40:17.501 16875 16875 I flutter : EPG: getCurrentProgram - No EPG ID found for "nbc10wjarprovidencerhodeisland.us" (name: "NBC10 WJAR", available: 612, normalized: 607, programs: 141)
01-27 09:40:17.509 16875 16875 I flutter : EPG: getCurrentProgram - No EPG ID found for "fox64wnacprovidence.us" (name: "FOX64 WNAC", available: 612, normalized: 607, programs: 141)
01-27 09:40:17.520 16875 16875 I flutter : EPG: getCurrentProgram - No EPG ID found for "cbs12wpriprovidence.us" (name: "CBS12 WPRI", available: 612, normalized: 607, programs: 141)
01-27 09:40:17.529 16875 16875 I flutter : EPG: getCurrentProgram - No EPG ID found for "cbs4wbzboston.us" (name: "WBZ4", available: 612, normalized: 607, programs: 141)
01-27 09:40:17.538 16875 16875 I flutter : EPG: getCurrentProgram - No EPG ID found for "abcwcvbboston.us" (name: "WCVB5", available: 612, normalized: 607, programs: 141)
01-27 09:40:17.547 16875 16875 I flutter : EPG: getCurrentProgram - No EPG ID found for "nbc10wbtsboston.us" (name: "NBC Boston", available: 612, normalized: 607, programs: 141)
01-27 09:40:17.557 16875 16875 I flutter : EPG: getCurrentProgram - No EPG ID found for "fox25wfxtboston.us" (name: "Boston25 WFXT", available: 612, normalized: 607, programs: 141)
01-27 09:40:17.557 16875 16875 I flutter : EPG: getCurrentProgram - No programs for epgId "38wsbkboston.us" (channelId: "38wsbkboston.us", total program channels: 141)
01-27 09:40:17.567 16875 16875 I flutter : EPG: getCurrentProgram - No EPG ID found for "cw56wlviboston.us" (name: "CW56 WLVI", available: 612, normalized: 607, programs: 141)
01-27 09:40:17.585 16875 16875 I flutter : EPG: getCurrentProgram - No EPG ID found for "news7boston.us" (name: "7 News Boston (whdh)", available: 612, normalized: 607, programs: 141)
01-27 09:40:17.625 16875 16875 I flutter : EPG: getCurrentProgram - No EPG ID found for "a&e.us" (name: "A&E", available: 612, normalized: 607, programs: 141)
01-27 09:40:17.642 16875 16875 I flutter : EPG: getCurrentProgram - No EPG ID found for "accuweather.us" (name: "Accuweather", available: 612, normalized: 607, programs: 141)
01-27 09:40:17.642 16875 16875 I flutter : EPG: getCurrentProgram - No programs for epgId "adultswim.us" (channelId: "adultswim.us", total program channels: 141)
01-27 09:40:17.660 16875 16875 I flutter : EPG: getCurrentProgram - No EPG ID found for "amc.us" (name: "Amc", available: 612, normalized: 607, programs: 141)
01-27 09:40:17.680 16875 16875 I flutter : EPG: getCurrentProgram - No EPG ID found for "amc+.us" (name: "Amc Plus", available: 612, normalized: 607, programs: 141)
01-27 09:40:17.697 16875 16875 I flutter : EPG: getCurrentProgram - No EPG ID found for "storiesamc.us" (name: "Amc Presents", available: 612, normalized: 607, programs: 141)
01-27 09:40:17.716 16875 16875 I flutter : EPG: getCurrentProgram - No EPG ID found for "amcwest.us" (name: "Amc West", available: 612, normalized: 607, programs: 141)
01-27 09:40:17.716 16875 16875 I flutter : EPG: getCurrentProgram - No programs for epgId "americanheroeschannel.us" (channelId: "americanheroeschannel.us", total program channels: 141)
01-27 09:40:17.733 16875 16875 I flutter : EPG: getCurrentProgram - No EPG ID found for "globalbc.ca" (name: "Global Bc", available: 612, normalized: 607, programs: 141)
01-27 09:40:17.770 16875 16875 I flutter : EPG: getCurrentProgram - No EPG ID found for "globalcalgary.ca" (name: "Global Calgary", available: 612, normalized: 607, programs: 141)
01-27 09:40:17.770 16875 16875 I flutter : EPG: getCurrentProgram - No programs for epgId "globaledmonton.ca" (channelId: "globaledmonton.ca", total program channels: 141)
01-27 09:40:17.788 16875 16875 I flutter : EPG: getCurrentProgram - No EPG ID found for "globalnewsbc1.ca" (name: "Global News Bc", available: 612, normalized: 607, programs: 141)
01-27 09:40:17.788 16875 16875 I flutter : EPG: getCurrentProgram - No programs for epgId "citytvcalgary.ca" (channelId: "citytvcalgary.ca", total program channels: 141)
01-27 09:40:17.807 16875 16875 I flutter : EPG: getCurrentProgram - No EPG ID found for "citytvedmonton.ca" (name: "Citytv Edmonton", available: 612, normalized: 607, programs: 141)
01-27 09:40:17.817  3542 16939 W adbd    : timed out while waiting for FUNCTIONFS_BIND, trying again
01-27 09:40:17.817  3542 16939 I adbd    : UsbFfs: connection terminated: monitor thread finished
01-27 09:40:17.817  3542  3542 I adbd    : UsbFfs: already offline
01-27 09:40:17.817  3542  3542 I adbd    : destroying transport UsbFfs
01-27 09:40:17.817  3542  3542 I adbd    : UsbFfsConnection being destroyed
01-27 09:40:17.825 16875 16875 I flutter : EPG: getCurrentProgram - No EPG ID found for "cbchalifax.ca" (name: "Cbc Halifax", available: 612, normalized: 607, programs: 141)
01-27 09:40:17.825 16875 16875 I flutter : EPG: getCurrentProgram - No programs for epgId "cbcmontreal.ca" (channelId: "cbcmontreal.ca", total program channels: 141)
01-27 09:40:17.844 16875 16875 I flutter : EPG: getCurrentProgram - No EPG ID found for "cbcottawa.ca" (name: "Cbc Ottawa", available: 612, normalized: 607, programs: 141)
01-27 09:40:17.844 16875 16875 I flutter : EPG: getCurrentProgram - No programs for epgId "bbcone.uk" (channelId: "bbcone.uk", total program channels: 141)
01-27 09:40:17.845 16875 16875 I flutter : EPG: getCurrentProgram - No programs for epgId "bbctwo.nl" (channelId: "bbctwo.uk", total program channels: 141)
01-27 09:40:17.845 16875 16875 I flutter : EPG: getCurrentProgram - No programs for epgId "bbcthree.uk" (channelId: "bbcthree.uk", total program channels: 141)
01-27 09:40:17.854  3542  3583 I adbd    : opening control endpoint /dev/usb-ffs/adb/ep0
01-27 09:40:17.855  3542  3583 I adbd    : UsbFfsConnection constructed
01-27 09:40:17.856  3542 16940 I adbd    : UsbFfs-monitor thread spawned
01-27 09:40:17.862 16875 16875 I flutter : EPG: getCurrentProgram - No EPG ID found for "bbcfour.uk" (name: "Bbc Four", available: 612, normalized: 607, programs: 141)
01-27 09:40:17.880 16875 16875 I flutter : EPG: getCurrentProgram - No EPG ID found for "itv1.uk" (name: "Itv 1", available: 612, normalized: 607, programs: 141)
01-27 09:40:17.898 16875 16875 I flutter : EPG: getCurrentProgram - No EPG ID found for "itv2.uk" (name: "Itv 2", available: 612, normalized: 607, programs: 141)
01-27 09:40:17.915 16875 16875 I flutter : EPG: getCurrentProgram - No EPG ID found for "itv3.uk" (name: "Itv 3", available: 612, normalized: 607, programs: 141)
01-27 09:40:17.934 16875 16875 I flutter : EPG: getCurrentProgram - No EPG ID found for "itv4.uk" (name: "Itv 4", available: 612, normalized: 607, programs: 141)
01-27 09:40:17.934 16875 16875 I flutter : EPG: getCurrentProgram - No programs for epgId "itvquiz.uk" (channelId: "itvquiz.uk", total program channels: 141)
01-27 09:40:17.934 16875 16875 I flutter : EPG: getCurrentProgram - No programs for epgId "channel4.uk" (channelId: "channel4.uk", total program channels: 141)
01-27 09:40:17.937 16875 16875 I flutter : ChannelProvider: Parsed 7205 channels (isolate)
01-27 09:40:18.019 16875 16875 I flutter : EPG: Batch timer fired, loading 15 channels
01-27 09:40:18.019 16875 16875 I flutter : EPG: _loadProgramsFromDbBatch called with 15 epgIds, dbReady=true, dbDisabled=false, suspendReads=true
01-27 09:40:18.019 16875 16875 I flutter : EPG: _loadProgramsFromDbBatch suspended (parsing in progress), timer will retry
01-27 09:40:18.021 16875 16875 I flutter : content_focus: Shell unregistered focus callback token=10
01-27 09:40:18.021 16875 16875 I flutter : content_focus: Shell registered focus callback token=11
01-27 09:40:18.021 16875 16875 I flutter : content_focus: Registered content focus: LiveTVScreen (token: 11)
01-27 09:40:18.037 16875 16875 I flutter : EPG: ensureChannelsLoadedBatch called with 12 channels
01-27 09:40:18.151 16875 16875 I flutter : EPG: ensureChannelsLoadedBatch - queueing 2 channels for batch load
01-27 09:40:18.156 16875 16875 I flutter : ChannelProvider: Async cache rebuild took 218ms
01-27 09:40:18.166 16875 16875 I flutter : content_focus: Shell unregistered focus callback token=11
01-27 09:40:18.166 16875 16875 I flutter : content_focus: Shell registered focus callback token=12
01-27 09:40:18.166 16875 16875 I flutter : content_focus: Registered content focus: LiveTVScreen (token: 12)
01-27 09:40:18.166 16875 16875 I flutter : LiveTV: Syncing categories (provider: 63, current: 51)
01-27 09:40:18.182 16875 16875 I flutter : EPG: ensureChannelsLoadedBatch called with 12 channels
01-27 09:40:18.299 16875 16875 I flutter : EPG: ensureChannelsLoadedBatch - queueing 2 channels for batch load
01-27 09:40:18.302 16875 16875 I flutter : ChannelProvider: Category DB load took 365ms
01-27 09:40:18.307 16875 16875 I flutter : ChannelProvider: Category isolate compute took 2ms
01-27 09:40:18.307 16875 16875 I flutter : ChannelProvider: Loaded 63 categories from DB
01-27 09:40:18.307 16875 16875 I flutter : ChannelProvider: Category compute total 370ms
01-27 09:40:18.313 16875 16875 I flutter : content_focus: Shell unregistered focus callback token=12
01-27 09:40:18.313 16875 16875 I flutter : content_focus: Shell registered focus callback token=13
01-27 09:40:18.313 16875 16875 I flutter : content_focus: Registered content focus: LiveTVScreen (token: 13)
01-27 09:40:18.473 16875 16875 I flutter : ChannelProvider: Starting deferred DB insert for 7205 channels
01-27 09:40:18.473 16875 16875 I flutter : EPG: External DB busy enabled - suspending reads
01-27 09:40:18.545 16875 16875 I flutter : [PERF] END: PLAYLIST_LOAD_TOTAL took 4270ms
01-27 09:40:18.545 16875 16875 I flutter : [PERF] WARNING: PLAYLIST_LOAD_TOTAL took 4270ms (>100ms)
01-27 09:40:18.545 16875 16875 I flutter : [PERF] CRITICAL: PLAYLIST_LOAD_TOTAL took 4270ms (>1s)
01-27 09:40:18.545 16875 16875 I flutter : [PERF] Memory check (After playlist load)
01-27 09:40:18.545 16875 16875 I flutter : ChannelProvider: Loaded 7205 channels, cache size: 96
01-27 09:40:18.548 16875 16875 I flutter : [PERF] ChannelLoad: 7205 channels in 0ms
01-27 09:40:18.548 16875 16875 I flutter : ChannelProvider: Auto-load completed successfully
01-27 09:40:18.548 16875 16875 I flutter : startup: 4965ms - ChannelProvider.autoLoadPlaylist: network load finished
01-27 09:40:18.549 16875 16875 I flutter : content_focus: Shell unregistered focus callback token=13
01-27 09:40:18.549 16875 16875 I flutter : content_focus: Shell registered focus callback token=14
01-27 09:40:18.549 16875 16875 I flutter : content_focus: Registered content focus: LiveTVScreen (token: 14)
01-27 09:40:18.569 16875 16875 I flutter : ChannelProvider: Reusing persisted EPG mapping (12 entries)
01-27 09:40:18.603 16875 16875 I flutter : EPG: Batch timer fired, loading 19 channels
01-27 09:40:18.603 16875 16875 I flutter : EPG: _loadProgramsFromDbBatch called with 19 epgIds, dbReady=true, dbDisabled=false, suspendReads=true
01-27 09:40:18.603 16875 16875 I flutter : EPG: _loadProgramsFromDbBatch suspended (parsing in progress), timer will retry
01-27 09:40:18.856  3542 16940 W adbd    : timed out while waiting for FUNCTIONFS_BIND, trying again
01-27 09:40:18.856  3542 16940 I adbd    : UsbFfs: connection terminated: monitor thread finished
01-27 09:40:18.856  3542  3542 I adbd    : UsbFfs: already offline
01-27 09:40:18.856  3542  3542 I adbd    : destroying transport UsbFfs
01-27 09:40:18.856  3542  3542 I adbd    : UsbFfsConnection being destroyed
01-27 09:40:18.886  3542  3583 I adbd    : opening control endpoint /dev/usb-ffs/adb/ep0
01-27 09:40:18.888  3542  3583 I adbd    : UsbFfsConnection constructed
01-27 09:40:18.888  3542 16943 I adbd    : UsbFfs-monitor thread spawned
01-27 09:40:19.112 16875 16875 I flutter : EPG: Batch timer retry after suspend, loading 19 channels
01-27 09:40:19.112 16875 16875 I flutter : EPG: _loadProgramsFromDbBatch called with 19 epgIds, dbReady=true, dbDisabled=false, suspendReads=true
01-27 09:40:19.112 16875 16875 I flutter : EPG: _loadProgramsFromDbBatch suspended (parsing in progress), timer will retry
01-27 09:40:19.162 16875 16944 D ProfileInstaller: Installing profile for com.risa.app
01-27 09:40:19.309  9446  9446 W ThreadPoolForeg: type=1400 audit(0.0:53391): avc: denied { write } for name="traced_producer" dev="tmpfs" ino=21993 scontext=u:r:gmscore_app:s0:c512,c768 tcontext=u:object_r:traced_producer_socket:s0 tclass=sock_file permissive=0 app=com.google.android.gms
01-27 09:40:19.619 16875 16875 I flutter : EPG: Batch timer retry after suspend, loading 19 channels
01-27 09:40:19.619 16875 16875 I flutter : EPG: _loadProgramsFromDbBatch called with 19 epgIds, dbReady=true, dbDisabled=false, suspendReads=true
01-27 09:40:19.619 16875 16875 I flutter : EPG: _loadProgramsFromDbBatch suspended (parsing in progress), timer will retry
01-27 09:40:19.889  3542 16943 W adbd    : timed out while waiting for FUNCTIONFS_BIND, trying again
01-27 09:40:19.889  3542 16943 I adbd    : UsbFfs: connection terminated: monitor thread finished
01-27 09:40:19.889  3542  3542 I adbd    : UsbFfs: already offline
01-27 09:40:19.889  3542  3542 I adbd    : destroying transport UsbFfs
01-27 09:40:19.890  3542  3542 I adbd    : UsbFfsConnection being destroyed
01-27 09:40:19.922  3542  3583 I adbd    : opening control endpoint /dev/usb-ffs/adb/ep0
01-27 09:40:19.924  3542  3583 I adbd    : UsbFfsConnection constructed
01-27 09:40:19.948  3542 16946 I adbd    : UsbFfs-monitor thread spawned
01-27 09:40:20.049  9824  9824 W ThreadPoolForeg: type=1400 audit(0.0:53392): avc: denied { write } for name="traced_producer" dev="tmpfs" ino=21993 scontext=u:r:gmscore_app:s0:c512,c768 tcontext=u:object_r:traced_producer_socket:s0 tclass=sock_file permissive=0 app=com.google.android.gms
01-27 09:40:20.062  3397  3521 V hdcp up : tsec_version: 1
01-27 09:40:20.063  3397  3521 D NvOsDebugPrintf: NvRmStreamFree: WARN: pStream is NULL
01-27 09:40:20.120 16875 16875 I flutter : EPG: Batch timer retry after suspend, loading 19 channels
01-27 09:40:20.120 16875 16875 I flutter : EPG: _loadProgramsFromDbBatch called with 19 epgIds, dbReady=true, dbDisabled=false, suspendReads=true
01-27 09:40:20.120 16875 16875 I flutter : EPG: _loadProgramsFromDbBatch suspended (parsing in progress), timer will retry
01-27 09:40:20.418  4874  4874 I cast_shell: [0127/094020.418903:INFO:service_base.h(78)] Size of the map for type AuthTokenResponse is 0
01-27 09:40:20.420  4874  4874 I cast_shell: [0127/094020.420149:INFO:service_base.h(246)] Container sizes for type CloudSetting are (session_info_map: 0), (topic_info_map: 21), (pending_events: 0).
01-27 09:40:20.420  4874  4874 I cast_shell: [0127/094020.420276:INFO:metrics_stat_logger.cc(38)] Metrics stat for the past 60 secs : total=7
01-27 09:40:20.420  4874  4874 I cast_shell: [metrics_stat_logger] Cast.Discovery.Mdns.Query.Cast.Count=1
01-27 09:40:20.420  4874  4874 I cast_shell: [metrics_stat_logger] Cast.Discovery.Mdns.Request.AppId.In=1
01-27 09:40:20.420  4874  4874 I cast_shell: [metrics_stat_logger] Cast.Discovery.Mdns.Request.In=1
01-27 09:40:20.420  4874  4874 I cast_shell: [metrics_stat_logger] Cast.Discovery.Mdns.Request.Namespace.In=1
01-27 09:40:20.420  4874  4874 I cast_shell: [metrics_stat_logger] Cast.Discovery.Mdns.Response.AppId.Out=1
01-27 09:40:20.420  4874  4874 I cast_shell: [metrics_stat_logger] Cast.Discovery.Mdns.Response.Error.NamespaceNotSupported=1
01-27 09:40:20.420  4874  4874 I cast_shell: [metrics_stat_logger] Cast.Discovery.Mdns.Response.Out=1
01-27 09:40:20.622 16875 16875 I flutter : EPG: Batch timer retry after suspend, loading 19 channels
01-27 09:40:20.622 16875 16875 I flutter : EPG: _loadProgramsFromDbBatch called with 19 epgIds, dbReady=true, dbDisabled=false, suspendReads=true
01-27 09:40:20.622 16875 16875 I flutter : EPG: _loadProgramsFromDbBatch suspended (parsing in progress), timer will retry
01-27 09:40:20.949  3542 16946 W adbd    : timed out while waiting for FUNCTIONFS_BIND, trying again
01-27 09:40:20.949  3542 16946 I adbd    : UsbFfs: connection terminated: monitor thread finished
01-27 09:40:20.949  3542  3542 I adbd    : UsbFfs: already offline
01-27 09:40:20.950  3542  3542 I adbd    : destroying transport UsbFfs
01-27 09:40:20.950  3542  3542 I adbd    : UsbFfsConnection being destroyed
01-27 09:40:20.986  3542  3583 I adbd    : opening control endpoint /dev/usb-ffs/adb/ep0
01-27 09:40:20.987  3542  3583 I adbd    : UsbFfsConnection constructed
01-27 09:40:20.988  3542 16947 I adbd    : UsbFfs-monitor thread spawned
01-27 09:40:21.122 16875 16875 I flutter : EPG: Batch timer retry after suspend, loading 19 channels
01-27 09:40:21.123 16875 16875 I flutter : EPG: _loadProgramsFromDbBatch called with 19 epgIds, dbReady=true, dbDisabled=false, suspendReads=true
01-27 09:40:21.123 16875 16875 I flutter : EPG: _loadProgramsFromDbBatch suspended (parsing in progress), timer will retry
01-27 09:40:21.989  3542 16947 W adbd    : timed out while waiting for FUNCTIONFS_BIND, trying again
01-27 09:40:21.989  3542 16947 I adbd    : UsbFfs: connection terminated: monitor thread finished
01-27 09:40:21.989  3542  3542 I adbd    : UsbFfs: already offline
01-27 09:40:21.989  3542  3542 I adbd    : destroying transport UsbFfs
