01-13 22:52:48.737 23157 23157 I SLPASVC : Unbind request                                                                                      [at com.samsung.euicc.lpaService.bootstrap.VsimNetworkRequester.unBind(VsimNetworkRequester.java:150)]
01-13 22:52:48.737 23157 23157 I SLPASVC : bindProcessToNetwork: true                                                                          [at com.samsung.euicc.lpaService.bootstrap.VsimNetworkRequester.unbindVsimNetwork(VsimNetworkRequester.java:156)]
01-13 22:52:48.737 23157 23157 I SLPASVC : complete to remove network callbacks                                                                [at com.samsung.euicc.lpaService.bootstrap.VsimNetworkRequester.unbindVsimNetwork(VsimNetworkRequester.java:159)]
01-13 22:52:48.737 23157 23157 I SLPASVC : Unbind request complete                                                                             [at com.samsung.euicc.lpaService.bootstrap.VsimNetworkRequester.unBind(VsimNetworkRequester.java:152)]
01-13 22:52:48.738 23157 23157 W SLPASVC : - clear resource                                                                                    [at com.samsung.euicc.lpaService.LpaService.clearResource(LpaService.java:243)]
01-13 22:52:48.740 23157 23157 I Process : Sending signal. PID: 23157 SIG: 9
01-13 22:52:48.773  2613  4679 I ActivityManager: Process com.samsung.euicc (pid 23157) has died: fg  SVC (854,2244)
01-13 22:52:48.774  2613  3091 I libprocessgroup: Removed cgroup /sys/fs/cgroup/system/uid_1000/pid_23157
01-13 22:52:48.774  1603  1603 I Zygote  : Process 23157 exited due to signal 9 (Killed)
01-13 22:52:48.774  2613 26056 D WifiConnectivityMonitor.DnsThread:  [|208] []
01-13 22:52:48.776  2613  3866 D WifiConnectivityMonitor.NetworkStatsAnalyzer: DNS resultType : 0, responseTime : 208
01-13 22:52:48.776  2613  3862 D OpenNetworkQos[4.00]: updateBssidLatestDnsResultType - result: 0
01-13 22:52:48.776  2613  3862 D OpenNetworkQos[4.00]: updateBssidNoInternet: mBssidNoInternet = false
01-13 22:52:48.777  2613  3862 D OpenNetworkQos[4.00]: getOpenNetworkQosNoInternetStatus: false
01-13 22:52:48.777  2613  3862 D OpenNetworkQos[4.00]: getOpenNetworkQosScores: 30 0 0 
01-13 22:52:48.777  2613  3862 D KNOX_MDM_SettingsProvider: isChangeAllowed() : name = wifi_wcm_qos_sharing_score_summary
01-13 22:52:48.777  2613  3862 I WifiProfileShare: network QoS data was changed (internet), updateQoSData networkType: true, qosData: false
01-13 22:52:48.777  2613  5693 V WifiProfileShare.Caster: update wips network, size: 0
01-13 22:52:48.777  2613  5693 D WifiProfileShare: nearby scanning settings run
01-13 22:52:48.778  2613  5693 D WifiProfileShare: network score provider settings enabled
01-13 22:52:48.778  2613  5693 D OpenNetworkQos[4.00]: getOpenNetworkQosScores: 30 0 0 
01-13 22:52:48.778  2613  5693 D OpenNetworkQos[4.00]: getOpenNetworkQosNoInternetStatus: false
01-13 22:52:48.778  2613  5693 I WifiProfileShare.Caster: current network type: 0, score: [30, 0, 0]
01-13 22:52:48.778  2613  5693 V WifiProfileShare.Caster: captive portal configuration was set
01-13 22:52:48.778  2613  5693 V WifiProfileShare.Cache: update network score 6c:99:61:**:**:1f
01-13 22:52:48.778  2613  5693 D WifiProfileShare.ScanMatcher: getMcfDataList size:2
01-13 22:52:48.778  2613  5693 I WifiProfileShare.Caster: qos data was updated , before:type:QOS, pBssid:4a:3b:73, qosData:e1 after:type:QOS, pBssid:4a:3b:73, qosData:e1
01-13 22:52:48.779  2613  5693 I [MCFSDK_android_1.3.7026]_4_McfCasterImpl: isNetworkEnabled - type : 1 ret : true
01-13 22:52:48.779  2613  5693 D WifiProfileShare.McfCast: -ME--- mIsNetworkEnabled :true
01-13 22:52:48.779  2613  5693 D WifiProfileShare.McfCast: updateQoSData ignored, same contents
01-13 22:52:48.779  2613  5693 D WifiProfileShare.MCF: success update QosData !
01-13 22:52:48.779  2613  5693 I [MCFSDK_android_1.3.7026]_4_McfCasterImpl: isNetworkEnabled - type : 1 ret : true
01-13 22:52:48.779  2613  5693 D WifiProfileShare.McfCast: -ME--- mIsNetworkEnabled :true
01-13 22:52:48.779  2613  5693 D WifiProfileShare.McfCast: -ME--- updatePasswordDate pwdData size:2
01-13 22:52:48.839 16280 26093 I TrafficStats: tagSocketFd(-1, 11122887, -1) failed with errno-9
01-13 22:52:48.839  2613  4679 D TrafficStateDatabaseController: onDnsEvent():  objTrafficStats.size= 178, mInsertList= true
01-13 22:52:48.841 16280 26092 I TrafficStats: tagSocketFd(-1, 11122887, -1) failed with errno-9
01-13 22:52:48.849  1821  1843 E HeatmapThread: ECT Thread time in milliseconds: 1768362768
01-13 22:52:48.852  1821  1843 D HeatmapThread: !@ batteryplugType : 2
01-13 22:52:48.852  1821  1843 D HeatmapThread: !@ batteryLevel : 75  batteryTemperature : 315 
01-13 22:52:48.852  1821  1843 D HeatmapThread: !@ Heatmap currtime: 29472712
01-13 22:52:48.852  1821  1843 D HeatmapThread: !@ Heatmap prevtime: 29472700
01-13 22:52:48.853  1821  1843 D HeatmapThread: !@ Heatmap plugstarttime: 29472704
01-13 22:52:48.853  1821  1843 D HeatmapThread: !@ Heatmap prevv_dsoh_update_time: 29471816
01-13 22:52:48.853  1821  1843 E HeatmapThread: !@ CAM New BSOH: 100
01-13 22:52:48.853  2613  3889 D NetdEventListenerService: DNS Requested by 115, 10597(com.doordash.driverapp), SUCCESS, 83ms
01-13 22:52:48.855  2613  4679 D TrafficStateDatabaseController: onDnsEvent():  objTrafficStats.size= 179, mInsertList= true
01-13 22:52:48.860  2613  3889 D NetdEventListenerService: DNS Requested by 115, 10597(com.doordash.driverapp), SUCCESS, 77ms
01-13 22:52:49.243  1679  3918 I sensors-hal: handle_sns_std_sensor_event:131, [SSC_LIGHT] A: 22(22),c:0,b:188,m:13,cl:0,l:22,s:15,l0:3648,l1:0,s0:2500,s1:0,acl:3,opr:0.26,f(r):81,u(bl):100,if:0,wi:2,si:0,po:174(N:0)
01-13 22:52:49.505  1723 26184 I StatsHandler: [hvcD_817] Stats: Pending(0) i/p-done(0) Works: Q: 2823/Done 2821|Work-Rate: Q(0.0/s Avg=0.3/s) Done(0.000/s Avg=0.320/s)| Stream: 30.30fps 585.3Kbps
01-13 22:52:49.505  1723 26184 I StatsHandler: [hvcD_817] Mem-usage:  [In-1D: 12 bufs 96.000 MB] [1D-1511: 35 bufs 0.547 MB] [2D-1512: 23 bufs 73.312 MB] | Total: 169.859 MB
01-13 22:52:49.506  1723 26184 I StatsHandler: [avcD_833] Stats: Pending(0) i/p-done(0) Works: Q: 55276/Done 55264|Work-Rate: Q(0.0/s Avg=8.3/s) Done(0.000/s Avg=8.325/s)| Stream: 30.00fps 319.6Kbps
01-13 22:52:49.506  1723 26184 I StatsHandler: [avcD_833] Mem-usage:  [In-1D: 30 bufs 240.000 MB] [1D-1543: 33 bufs 0.516 MB] [2D-1544: 17 bufs 13.547 MB] | Total: 254.062 MB
01-13 22:52:49.631  2613  3161 D PackageManager: Don't send PACKAGE_CHANGED for com.samsung.knox.securefolder by WorkManager
01-13 22:52:49.849  1821  1843 E HeatmapThread: ECT Thread time in milliseconds: 1768362769
01-13 22:52:49.851  1821  1843 D HeatmapThread: !@ batteryplugType : 2
01-13 22:52:49.851  1821  1843 D HeatmapThread: !@ batteryLevel : 75  batteryTemperature : 315 
01-13 22:52:49.851  1821  1843 D HeatmapThread: !@ Heatmap currtime: 29472712
01-13 22:52:49.851  1821  1843 D HeatmapThread: !@ Heatmap prevtime: 29472700
01-13 22:52:49.851  1821  1843 D HeatmapThread: !@ Heatmap plugstarttime: 29472704
01-13 22:52:49.851  1821  1843 D HeatmapThread: !@ Heatmap prevv_dsoh_update_time: 29471816
01-13 22:52:49.851  1821  1843 E HeatmapThread: !@ CAM New BSOH: 100
01-13 22:52:49.871 30092 30092 I wpa_supplicant: Heartbeat 910
01-13 22:52:50.085 16280 16416 W JobInfo : Requested important-while-foreground flag for job1979 is ignored and takes no effect
01-13 22:52:50.123 16280 16408 D ConnectivityManager: StackLog: [android.net.ConnectivityManager.sendRequestForNetwork(ConnectivityManager.java:4736)] [android.net.ConnectivityManager.registerDefaultNetworkCallbackForUid(ConnectivityManager.java:5461)] [android.net.ConnectivityManager.registerDefaultNetworkCallback(ConnectivityManager.java:5428)] [android.net.ConnectivityManager.registerDefaultNetworkCallback(ConnectivityManager.java:5402)] [androidx.work.impl.utils.NetworkApi24.a(Unknown Source:10)] [androidx.work.impl.constraints.trackers.NetworkStateTracker24.h(Unknown Source:19)] [androidx.work.impl.constraints.trackers.ConstraintTracker.c(Unknown Source:72)] [androidx.work.impl.constraints.controllers.BaseConstraintController$track$1.invokeSuspend(Unknown Source:43)] [androidx.work.impl.constraints.controllers.BaseConstraintController$track$1.invoke(SourceFile:2)] [androidx.work.impl.constraints.controllers.BaseConstraintController$track$1.invoke(SourceFile:1)] [kotlinx.coroutines.flow.ChannelFlowBuilder.collectTo$suspendImpl(Unknown Source:2)] [kotlinx.coroutines.flow.ChannelFlowBuilder.collectTo(Unknown Source:0)] [kotlinx.coroutines.flow.CallbackFlowBuilder.collectTo(Unknown Source:60)] [kotlinx.coroutines.flow.internal.ChannelFlow$collectToFun$1.invokeSuspend(Unknown Source:34)] [kotlin.coroutines.jvm.internal.BaseContinuationImpl.resumeWith(Unknown Source:11)] [kotlinx.coroutines.DispatchedTask.run(Unknown Source:128)] [androidx.work.impl.utils.SerialExecutorImpl$Task.run(Unknown Source:2)] [java.util.concurrent.ThreadPoolExecutor.runWorker(ThreadPoolExecutor.java:1156)] [java.util.concurrent.ThreadPoolExecutor$Worker.run(ThreadPoolExecutor.java:651)] [java.lang.Thread.run(Thread.java:1119)]
01-13 22:52:50.124  2613  4679 D ConnectivityService: requestNetwork for uid/pid:10597/16280 activeRequest: null callbackRequest: 4887 [NetworkRequest [ REQUEST id=4888, [ Capabilities: INTERNET&NOT_RESTRICTED&TRUSTED&NOT_VCN_MANAGED&NOT_BANDWIDTH_CONSTRAINED Uid: 10597 RequestorUid: 10597 RequestorPkg: com.doordash.driverapp UnderlyingNetworks: Null] ]] callback flags: 0 order: 2147483647 isUidTracked: false declaredMethods: AVAIL|LOST|NC
01-13 22:52:50.126  2613  3738 D ConnectivityService:    accepting network in place of null for NetworkRequest [ REQUEST id=4888, [ Capabilities: INTERNET&NOT_RESTRICTED&TRUSTED&NOT_VCN_MANAGED&NOT_BANDWIDTH_CONSTRAINED Uid: 10597 RequestorUid: 10597 RequestorPkg: com.doordash.driverapp UnderlyingNetworks: Null] ]
01-13 22:52:50.134  2613  3718 D WifiNetworkFactory: got request NetworkRequest [ REQUEST id=4888, [ Capabilities: INTERNET&NOT_RESTRICTED&TRUSTED&NOT_VCN_MANAGED&NOT_BANDWIDTH_CONSTRAINED Uid: 10597 RequestorUid: 10597 RequestorPkg: com.doordash.driverapp UnderlyingNetworks: Null] ]
01-13 22:52:50.135  2613  3718 D UntrustedWifiNetworkFactory: got request NetworkRequest [ REQUEST id=4888, [ Capabilities: INTERNET&NOT_RESTRICTED&TRUSTED&NOT_VCN_MANAGED&NOT_BANDWIDTH_CONSTRAINED Uid: 10597 RequestorUid: 10597 RequestorPkg: com.doordash.driverapp UnderlyingNetworks: Null] ]
01-13 22:52:50.136  2613  3718 D OemPaidWifiNetworkFactory: got request NetworkRequest [ REQUEST id=4888, [ Capabilities: INTERNET&NOT_RESTRICTED&TRUSTED&NOT_VCN_MANAGED&NOT_BANDWIDTH_CONSTRAINED Uid: 10597 RequestorUid: 10597 RequestorPkg: com.doordash.driverapp UnderlyingNetworks: Null] ]
01-13 22:52:50.136  2613  3718 D MultiInternetWifiNetworkFactory: got request NetworkRequest [ REQUEST id=4888, [ Capabilities: INTERNET&NOT_RESTRICTED&TRUSTED&NOT_VCN_MANAGED&NOT_BANDWIDTH_CONSTRAINED Uid: 10597 RequestorUid: 10597 RequestorPkg: com.doordash.driverapp UnderlyingNetworks: Null] ]
01-13 22:52:50.137  2613  3738 D ConnectivityService: Rematched networks [computed 1ms] [applied 2ms] [issued 9]
01-13 22:52:50.137  2613  3738 D ConnectivityService: NetworkReassignment :
01-13 22:52:50.137  2613  3738 D ConnectivityService:   4888 : null → 115
01-13 22:52:50.176  2613  6606 D SemWifiUsabilityStatsMonitor: onWifiUsabilityStats - seqNum 4668, isSameBssidAndFreq true
01-13 22:52:50.176  2613  3833 E SemWifiLinkQualityMonitor: Too old or invalid TMI: currentTime=1768362770176 lastDateWindow=1768353308000
01-13 22:52:50.178  2613  3833 I SemWifiLinkQualityMonitor: Link stat: 1241 / 88 / 1.10 (32) / 866 / -31.0 || 100.0 : 866.00 / 0.5 : 0.91 / 0.55 : 0.07 / G (G) || 61d35a1f5785: 0.087 / 92.237 / N || N N / 0 0 / N 103.0 / N X 0 / 50983427 0 || 2026-01-13 20:15:08  / 0: 0 0 0 0 0 0 / 0: 0 0 0 0 0 0 / 0: 0 0 0 0 0 0
01-13 22:52:50.180  2613  3834 D InsDataManager: onOutageCountUpdate() - Outage Data: 0, LQ : N. Outage Triggered: false
01-13 22:52:50.180  2613  3834 D SemInsManager: {"bssid": "61d35a1f5785","rssi": -31.0,"latency": 0.08673310512389609,"outage_count": 0,"lq_callback_triggered": false,"outage_log": "Link stat: 1241 / 88 / 1.10 (32) / 866 / -31.0 || 100.0 : 866.00 / 0.5 : 0.91 / 0.55 : 0.07 / G (G) || 61d35a1f5785: 0.087 / 92.237 / N || N N / 0 0 / N 103.0 / N X 0 / 50983427 0 || 2026-01-13 20:15:08  / 0: 0 0 0 0 0 0 / 0: 0 0 0 0 0 0 / 0: 0 0 0 0 0 0""Magnetic Sensor Events size": "0""Pressure Sensor Events size": "0"}
01-13 22:52:50.181  4061  4061 I EPDG -- SIM0 [SMARTWIFI]: isProfiling, hash=241354766, started=true
01-13 22:52:50.183  4061  4061 I EPDG -- SIM0 [SMARTWIFI]: isProfiling, hash=241354766, started=true
01-13 22:52:50.183  2613  3851 D SGM:GameManager: identifyGamePackage. com.sec.android.app.launcher, mCurrentUserId: 0, callingMethodInfo: com.samsung.android.game.SemGameManager.isGamePackage(SemGameManager.java:106)
01-13 22:52:50.183  2613  3851 D SGM:SemGameManager: isGamePackage(), pkgName=com.sec.android.app.launcher, ret=false
01-13 22:52:50.183  4061  4061 I EPDG -- SIM0 [SMARTWIFI]: Rssi : -31 highrange : -71 lowrange : -80 mIsRssiInHystersis : false
01-13 22:52:50.183  4061  4061 I EPDG -- SIM0 [SMARTWIFI]: Rssi : -31 highrange : -71 lowrange : -80 mIsRssiInHystersis : false
01-13 22:52:50.184  4061  4061 I EPDG -- SIM0 [SMARTWIFI]: getHandoverThresholdMet: value is: false
01-13 22:52:50.247 16280 26111 I TrafficStats: tagSocketFd(-1, 11122887, -1) failed with errno-9
01-13 22:52:50.247  2613  4679 D TrafficStateDatabaseController: onDnsEvent():  objTrafficStats.size= 180, mInsertList= true
01-13 22:52:50.253  2613  3889 D NetdEventListenerService: DNS Requested by 115, 10597(com.doordash.driverapp), SUCCESS, 117ms
01-13 22:52:50.314  2613  3636 D ActivityManager: Received BROADCAST intent 0x917843a Key{broadcastIntent pkg=com.sec.epdg intent=act=com.sec.epdg.PERIODIC_DPD_TIMER_EXPIRED xflg=0x4 flags=0x4000000 u=-1} requestCode=1 sent=0 from uid 1000
01-13 22:52:50.322  2613  3089 D GMR     : bg_async : 698 com.android.settings 700->900 state:15->16
01-13 22:52:50.329  4061  4427 I EPDG -- SIM0 [EpdgIntentReceiver:Main]: received: com.sec.epdg.PERIODIC_DPD_TIMER_EXPIRED
01-13 22:52:50.330  4061  4427 I EPDG -- SIM0 [EpdgIntentReceiver:Main]: handleIntentPeriodicDpdTimerExpired: ims
01-13 22:52:50.330  4061  4427 I EPDG -- SIM0 [EpdgIntentReceiver:Main]: complete: com.sec.epdg.PERIODIC_DPD_TIMER_EXPIRED
01-13 22:52:50.330  4061  4427 I EPDG -- SIM0 [EpdgHandler]: Event received: PERIODIC_DPD_TIMER_EXPIRED cid - 0
01-13 22:52:50.337  4061  4427 I EPDG -- SIM0 [EpdgHandler]: handlePeriodicDpdTimerExpired: apnType=ims
01-13 22:52:50.338  4061  4427 I EPDG -- SIM0 [IPSECDATACONNSM][1]: ConnectedState[i] Event: PERIODIC_DPD_TIMER_EXPIRED
01-13 22:52:50.340  4061  4427 I EPDG -- SIM0 [EpdgPeriodicDpd]: getDpdPendingIntentKey apntype : ims, key 1
01-13 22:52:50.341  4061  4427 I EPDG -- SIM0 [EpdgPeriodicDpd]: removePeriodicDpdPendingIntent apntype : ims, pIntent PendingIntent{22351e2: android.os.BinderProxy@5c0e2a2}
01-13 22:52:50.343  4061  4427 I EPDG -- SIM1 [UTILS]: isAlwaysOnApn(): result is: true
01-13 22:52:50.343  4061  4427 I EPDG -- SIM0 [IPSECDATACONNSM][1]: ConnectedState[i] SM start periodic DPD timer : 120 Seconds
01-13 22:52:50.343  4061  4427 I EPDG -- SIM0 [EpdgPeriodicDpd]: startTimerForPeriodicDpd: apnType is: ims dpdTimer is: 120000 alarmExpTime is: 58557664
01-13 22:52:50.343  4061  5298 E EPDG -- [IPSECADAPTER_ERIS]: checkConnection cid (2 ) - timeout : 5
01-13 22:52:50.344  4061  4427 I EPDG -- SIM0 [EpdgPeriodicDpd]: getDpdPendingIntentKey apntype : ims, key 1
01-13 22:52:50.346  4061  5298 I ErisClient -- ErisClient: checkConnection() [2:ims]
01-13 22:52:50.347  4061  4427 I EPDG -- SIM0 [EpdgPeriodicDpd]: getDpdPendingIntentKey apntype : ims, key 1
01-13 22:52:50.348  4061  5298 I ErisClient -- ErisClient: sendRequestToDaemon()
01-13 22:52:50.350  4061  5298 I ErisClient -- ErisClient: Write data to daemon
01-13 22:52:50.354  5326  5349 I eris    : 05[DMN] [eris_interface] handle_request - type = MSG_TYPE_CHECKCONN
01-13 22:52:50.360  5326  5349 I eris    : 05[IKE] sending DPD request
01-13 22:52:50.362  5326  5349 I eris    : 05[ENC] generating INFORMATIONAL request 80 [ ]
01-13 22:52:50.366  5326  5349 I eris    : 05[NET] sending packet: from 192.168.1.62[43075] to 208.54.35.131[4500] (76 bytes)
01-13 22:52:50.366  5326  5349 I eris    : 05[DMN] Search sub-string again
01-13 22:52:50.417  2613  3617 D ActivityManager: freezing 25264 com.samsung.android.samsungpositioning
01-13 22:52:50.420  2613  3617 D ActivityManager: FCA:FCA recordedFileRss = 0, and changeinRss = 56888
01-13 22:52:50.421  5326  5344 I eris    : 04[NET] received packet: from 208.54.35.131[4500] to 192.168.1.62[43075] (76 bytes)
01-13 22:52:50.422  5326  5344 I eris    : 04[ENC] parsed INFORMATIONAL response 80 [ ]
01-13 22:52:50.422  5326  5344 I eris    : 04[DMN] update {event 3, error 0, ike_error 0} for conn[2]
01-13 22:52:50.422  5326  5344 I eris    : 04[DMN] [eris_interface] send_status 
01-13 22:52:50.426  2613  3738 D InetDiagMessage: Destroyed 0 sockets, proto=IPPROTO_TCP, family=AF_INET, states=14
01-13 22:52:50.427  4061  5300 I ErisClient -- ErisClient: getConnectionEventFromDaemonEvent()
01-13 22:52:50.427  4061  5300 I ErisClient -- ErisClient: parseDaemonResponse() {"msgType":4,"msgData":{"stateCode":3,"errorCode":0,"ikeErrorCode":0,"backoffTimer":-1,"cid":2,"mIkeSrcPort":43075}}
01-13 22:52:50.427  4061  5300 I ErisClient -- ErisClient: getErisErrorFromDaemonError()
01-13 22:52:50.428  4061  5300 I ErisClient -- ErisClient: BACKOFF_TIMER = -1s
01-13 22:52:50.428  4061  5300 I ErisClient -- ErisClient: sendConnectionReport() conn = [2:ims] event = EVENT_CONNECTION_ACTIVE error = ERIS_OK
01-13 22:52:50.428  4061  5300 I ErisClient -- ErisClient: interrupt connection cid: 2
01-13 22:52:50.429  4061  5298 I EPDG -- [IPSECADAPTER_ERIS]: Retrieving context ID from the DataBase : [2:ims]
01-13 22:52:50.429  4061  5298 I EPDG -- [IPSECADAPTER_ERIS]: onIpSecAdapterConnectionStatusChanged received : EVENT_CONNECTION_ACTIVE cid : 2
01-13 22:52:50.429  4061  5298 I EPDG -- [IPSECADAPTER_ERIS]: checkConnection wake lock release : IPSEC_EVENT_CONNECTION_ACTIVE
01-13 22:52:50.431  4061  4427 I EPDG -- SIM0 [EpdgHandler]: Event received: DPD_SUCCESS cid - 2
01-13 22:52:50.431  2613  3738 D InetDiagMessage: Destroyed 0 sockets, proto=IPPROTO_TCP, family=AF_INET6, states=14
01-13 22:52:50.431  2613  3738 D InetDiagMessage: Destroyed live tcp sockets for uids={5017} in 10ms
01-13 22:52:50.432  4061  5125 I EPDG -- SIM0 [IPSECDATACONNSM_HP]: Event received: DPD_SUCCESS
01-13 22:52:50.573  1234  1234 D io_stats: !@   8,0 r 15429244 258720996 w 4778227 82154796 d 1269649 84742124 f 122714 270195 iot 3498628 0 th 0 0 0 pt 0 inp 0 0 50983.824
01-13 22:52:50.849  1821  1843 E HeatmapThread: ECT Thread time in milliseconds: 1768362770
01-13 22:52:50.853  1821  1843 D HeatmapThread: !@ batteryplugType : 2
01-13 22:52:50.854  1821  1843 D HeatmapThread: !@ batteryLevel : 75  batteryTemperature : 315 
01-13 22:52:50.854  1821  1843 D HeatmapThread: !@ Heatmap currtime: 29472712
01-13 22:52:50.854  1821  1843 D HeatmapThread: !@ Heatmap prevtime: 29472700
01-13 22:52:50.854  1821  1843 D HeatmapThread: !@ Heatmap plugstarttime: 29472704
01-13 22:52:50.854  1821  1843 D HeatmapThread: !@ Heatmap prevv_dsoh_update_time: 29471816
01-13 22:52:50.854  1821  1843 E HeatmapThread: !@ CAM New BSOH: 100
01-13 22:52:50.864  1830  2193 I VSyncReactor: Current= 60, Period= 60, Distance= 0
01-13 22:52:50.880  1830  2193 I VSyncReactor: Current= 60, Period= 60, Distance= 60
01-13 22:52:51.441  2613  3831 I SemWifiServiceDetector: Service det. resumed: T / T / 30658
01-13 22:52:51.479 16280 16408 D ConnectivityManager: StackLog: [android.net.ConnectivityManager.unregisterNetworkCallback(ConnectivityManager.java:5571)] [androidx.work.impl.utils.NetworkApi21.c(Unknown Source:10)] [androidx.work.impl.constraints.trackers.NetworkStateTracker24.i(Unknown Source:19)] [androidx.work.impl.constraints.trackers.ConstraintTracker.f(Unknown Source:24)] [androidx.work.impl.constraints.controllers.BaseConstraintController$track$1$1.invoke(SourceFile:2)] [androidx.work.impl.constraints.controllers.BaseConstraintController$track$1$1.invoke(SourceFile:1)] [kotlinx.coroutines.channels.ProduceKt.awaitClose(Unknown Source:123)] [kotlinx.coroutines.channels.ProduceKt$awaitClose$1.invokeSuspend(Unknown Source:10)] [kotlin.coroutines.jvm.internal.BaseContinuationImpl.resumeWith(Unknown Source:11)] [kotlinx.coroutines.DispatchedTask.run(Unknown Source:114)] [androidx.work.impl.utils.SerialExecutorImpl$Task.run(Unknown Source:2)] [java.util.concurrent.ThreadPoolExecutor.runWorker(ThreadPoolExecutor.java:1156)] [java.util.concurrent.ThreadPoolExecutor$Worker.run(ThreadPoolExecutor.java:651)] [java.lang.Thread.run(Thread.java:1119)]
01-13 22:52:51.480  2613  3738 D ConnectivityService:  Removing from current network [115 WIFI], leaving 296 requests.
01-13 22:52:51.481  2613  4679 I ActivityManager: Changes in 10597 8 to 10, 128 to 0
01-13 22:52:51.482  2613  4679 W JobScheduler: Job didn't exist in JobStore: 42a6d91 {androidx.work.systemjobscheduler} #u0a597/1979 @androidx.work.systemjobscheduler@com.doordash.driverapp/androidx.work.impl.background.systemjob.SystemJobService
01-13 22:52:51.850  1821  1843 E HeatmapThread: ECT Thread time in milliseconds: 1768362771
01-13 22:52:51.852  1821  1843 D HeatmapThread: !@ batteryplugType : 2
01-13 22:52:51.853  1821  1843 D HeatmapThread: !@ batteryLevel : 75  batteryTemperature : 315 
01-13 22:52:51.853  1821  1843 D HeatmapThread: !@ Heatmap currtime: 29472712
01-13 22:52:51.853  1821  1843 D HeatmapThread: !@ Heatmap prevtime: 29472700
01-13 22:52:51.853  1821  1843 D HeatmapThread: !@ Heatmap plugstarttime: 29472704
01-13 22:52:51.853  1821  1843 D HeatmapThread: !@ Heatmap prevv_dsoh_update_time: 29471816
01-13 22:52:51.853  1821  1843 E HeatmapThread: !@ CAM New BSOH: 100
01-13 22:52:52.320  2613  3088 I ActivityManager: Changes in 10136 5 to 15, 144 to 0
01-13 22:52:52.325  2613  3088 I ActivityManager: Changes in 5009 5 to 15, 144 to 0
01-13 22:52:52.333  2613  3098 D GMR     : bg : 698 com.android.settings
01-13 22:52:52.377  2613  3617 D ActivityManager: freezing 25526 com.samsung.cmh
01-13 22:52:52.379  2613  3617 D ActivityManager: FCA:FCA recordedFileRss = 0, and changeinRss = 58688
01-13 22:52:52.383  2613  3738 D InetDiagMessage: Destroyed 0 sockets, proto=IPPROTO_TCP, family=AF_INET, states=14
01-13 22:52:52.385  2613  3738 D InetDiagMessage: Destroyed 0 sockets, proto=IPPROTO_TCP, family=AF_INET6, states=14
01-13 22:52:52.386  2613  3738 D InetDiagMessage: Destroyed live tcp sockets for uids={5004} in 6ms
01-13 22:52:52.421  2613  3617 D ActivityManager: FCA:Reclamation for pid: 25264
01-13 22:52:52.440  2613  3088 I ActivityManager: Changes in 10088 5 to 15, 144 to 0
01-13 22:52:52.574  1234  1234 D io_stats: !@   8,0 r 15429341 258722920 w 4778340 82162244 d 1269937 84745500 f 122714 270195 iot 3498832 0 th 0 0 0 pt 0 inp 0 0 50985.825
01-13 22:52:52.574  1234  1234 D io_stats: !@ Read_top(KB): rdash.driverapp(16280) 29404 hbox:interactor(2308) 3812 ng.android.scpm(26054) 2116
01-13 22:52:52.574  1234  1234 D io_stats: !@ Write_top(KB): kworker/u16:2(7651) 7368 rdash.driverapp(16280) 352 sait.sohservice(18231) 68
01-13 22:52:52.849  1821  1843 E HeatmapThread: ECT Thread time in milliseconds: 1768362772
01-13 22:52:52.852  1821  1843 D HeatmapThread: !@ batteryplugType : 2
01-13 22:52:52.852  1821  1843 D HeatmapThread: !@ batteryLevel : 75  batteryTemperature : 315 
01-13 22:52:52.852  1821  1843 D HeatmapThread: !@ Heatmap currtime: 29472712
01-13 22:52:52.852  1821  1843 D HeatmapThread: !@ Heatmap prevtime: 29472700
01-13 22:52:52.852  1821  1843 D HeatmapThread: !@ Heatmap plugstarttime: 29472704
01-13 22:52:52.853  1821  1843 D HeatmapThread: !@ Heatmap prevv_dsoh_update_time: 29471816
01-13 22:52:52.853  1821  1843 E HeatmapThread: !@ CAM New BSOH: 100
01-13 22:52:53.195  2613  6606 D SemWifiUsabilityStatsMonitor: onWifiUsabilityStats - seqNum 4669, isSameBssidAndFreq true
01-13 22:52:53.195  2613  3833 E SemWifiLinkQualityMonitor: Too old or invalid TMI: currentTime=1768362773195 lastDateWindow=1768353308000
01-13 22:52:53.197  4061  4061 I EPDG -- SIM0 [SMARTWIFI]: isProfiling, hash=241354766, started=true
01-13 22:52:53.198  2613  3833 I SemWifiLinkQualityMonitor: Link stat: 1428 / 53 / 1.07 (30) / 866 / -34.0 || 100.0 : 866.00 / 0.5 : 0.93 / 0.55 : 0.04 / G (G) || 61d35a1f5785: 0.084 / 95.223 / N || N N / 0 0 / N 103.0 / N X 0 / 50986446 0 || 2026-01-13 20:15:08  / 0: 0 0 0 0 0 0 / 0: 0 0 0 0 0 0 / 0: 0 0 0 0 0 0
01-13 22:52:53.198  4061  4061 I EPDG -- SIM0 [SMARTWIFI]: isProfiling, hash=241354766, started=true
01-13 22:52:53.199  2613  3834 D InsDataManager: onOutageCountUpdate() - Outage Data: 0, LQ : N. Outage Triggered: false
01-13 22:52:53.200  2613  3834 D SemInsManager: {"bssid": "61d35a1f5785","rssi": -34.0,"latency": 0.08401314801595633,"outage_count": 0,"lq_callback_triggered": false,"outage_log": "Link stat: 1428 / 53 / 1.07 (30) / 866 / -34.0 || 100.0 : 866.00 / 0.5 : 0.93 / 0.55 : 0.04 / G (G) || 61d35a1f5785: 0.084 / 95.223 / N || N N / 0 0 / N 103.0 / N X 0 / 50986446 0 || 2026-01-13 20:15:08  / 0: 0 0 0 0 0 0 / 0: 0 0 0 0 0 0 / 0: 0 0 0 0 0 0""Magnetic Sensor Events size": "0""Pressure Sensor Events size": "0"}
01-13 22:52:53.200  4061  4061 I EPDG -- SIM0 [SMARTWIFI]: Rssi : -34 highrange : -71 lowrange : -80 mIsRssiInHystersis : false
01-13 22:52:53.200  4061  4061 I EPDG -- SIM0 [SMARTWIFI]: Rssi : -34 highrange : -71 lowrange : -80 mIsRssiInHystersis : false
01-13 22:52:53.201  4061  4061 I EPDG -- SIM0 [SMARTWIFI]: getHandoverThresholdMet: value is: false
01-13 22:52:53.202  2613  3851 D SGM:GameManager: identifyGamePackage. com.sec.android.app.launcher, mCurrentUserId: 0, callingMethodInfo: com.samsung.android.game.SemGameManager.isGamePackage(SemGameManager.java:106)
01-13 22:52:53.203  2613  3851 D SGM:SemGameManager: isGamePackage(), pkgName=com.sec.android.app.launcher, ret=false
01-13 22:52:53.616  2613  3808 D BackgroundInstallControlService: Package event received: 0
01-13 22:52:53.777  2613  5585 I NSLocationMonitor: getGPSUsingApps() called
01-13 22:52:53.778  5587  5709 I NSLocationManager_FLP: getGPSUsingApps, No change
01-13 22:52:53.788  2613  5585 D FreecessHandler: freeze com.sec.android.app.shealth(10332) result : 39
01-13 22:52:53.849  1821  1843 E HeatmapThread: ECT Thread time in milliseconds: 1768362773
01-13 22:52:53.851  1821  1843 D HeatmapThread: !@ batteryplugType : 2
01-13 22:52:53.851  1821  1843 D HeatmapThread: !@ batteryLevel : 75  batteryTemperature : 315 
01-13 22:52:53.851  1821  1843 D HeatmapThread: !@ Heatmap currtime: 29472712
01-13 22:52:53.851  1821  1843 D HeatmapThread: !@ Heatmap prevtime: 29472700
01-13 22:52:53.851  1821  1843 D HeatmapThread: !@ Heatmap plugstarttime: 29472704
01-13 22:52:53.851  1821  1843 D HeatmapThread: !@ Heatmap prevv_dsoh_update_time: 29471816
01-13 22:52:53.851  1821  1843 E HeatmapThread: !@ CAM New BSOH: 100
01-13 22:52:54.233  2210  2210 I CNSS    : /sys/wifi/max_chipset_log_size doesn't exist
01-13 22:52:54.386  2613  3617 D ActivityManager: FCA:Reclamation for pid: 25526
01-13 22:52:54.507  1723 26184 I StatsHandler: [hvcD_817] Stats: Pending(0) i/p-done(0) Works: Q: 2823/Done 2821|Work-Rate: Q(0.0/s Avg=0.3/s) Done(0.000/s Avg=0.320/s)| Stream: 30.30fps 585.3Kbps
01-13 22:52:54.507  1723 26184 I StatsHandler: [hvcD_817] Mem-usage:  [In-1D: 12 bufs 96.000 MB] [1D-1511: 35 bufs 0.547 MB] [2D-1512: 23 bufs 73.312 MB] | Total: 169.859 MB
01-13 22:52:54.507  1723 26184 I StatsHandler: [avcD_833] Stats: Pending(0) i/p-done(0) Works: Q: 55276/Done 55264|Work-Rate: Q(0.0/s Avg=8.3/s) Done(0.000/s Avg=8.319/s)| Stream: 30.00fps 319.6Kbps
01-13 22:52:54.507  1723 26184 I StatsHandler: [avcD_833] Mem-usage:  [In-1D: 30 bufs 240.000 MB] [1D-1543: 33 bufs 0.516 MB] [2D-1544: 17 bufs 13.547 MB] | Total: 254.062 MB
01-13 22:52:54.575  1234  1234 D io_stats: !@   8,0 r 15429344 258722932 w 4778344 82162424 d 1270217 84748204 f 122715 270196 iot 3499000 0 th 0 0 0 pt 0 inp 0 0 50987.826
01-13 22:52:54.767  1679  1679 I sensors-hal: set_config:60, sample_period_ns is adjusted to 200000000 based on min/max delay_ns
01-13 22:52:54.767  1679  1679 I sensors-hal: batch:363, com.samsung.sensor.light_cct/1511, period=200000000, max_latency=0 request completed
01-13 22:52:54.768  1679  1679 I sensors-hal: activate:300, com.samsung.sensor.light_cct/1511 en=1
01-13 22:52:54.768  1679  1679 I sensors-hal: acquire_qsh_interface:139, acquire_qsh_interface with sensor_id 12 , conn_type 3 
01-13 22:52:54.769  1679  1679 I sensors-hal: worker:51, worker(0xb4000072e0f26e90) is created with tid= 26126
01-13 22:52:54.771  1650  1765 I minksocket: MinkIPC MESSAGE: ( 1650:1765 ) MinkIPC_QRTR_Service:351 minkipc = 0xb400007a974104f0 sock = 15, client with node 1 port 75d8 went down
01-13 22:52:54.771  1650  1790 I minksocket: MinkIPC MESSAGE: ( 1650:1790 ) MinkIPC_QRTR_Service:351 minkipc = 0xb400007a97411410 sock = 33, client with node 1 port 75d8 went down
01-13 22:52:54.774  1650  1765 I minksocket: MinkIPC MESSAGE: ( 1650:1765 ) MinkIPC_QRTR_Service:351 minkipc = 0xb400007a974104f0 sock = 15, client with node 1 port 75d9 went down
01-13 22:52:54.774  1650  1790 I minksocket: MinkIPC MESSAGE: ( 1650:1790 ) MinkIPC_QRTR_Service:351 minkipc = 0xb400007a97411410 sock = 33, client with node 1 port 75d9 went down
01-13 22:52:54.776  1679  1679 I sensors-hal: qsh_qmi:31, qsh_qmi
01-13 22:52:54.776  1650  1765 I minksocket: MinkIPC MESSAGE: ( 1650:1765 ) MinkIPC_QRTR_Service:351 minkipc = 0xb400007a974104f0 sock = 15, client with node 1 port 75da went down
01-13 22:52:54.776  1650  1790 I minksocket: MinkIPC MESSAGE: ( 1650:1790 ) MinkIPC_QRTR_Service:351 minkipc = 0xb400007a97411410 sock = 33, client with node 1 port 75da went down
01-13 22:52:54.777  1679  1679 I sensors-hal: register_cb:304, suid(low=3046173514946711665,high=5084824469409589910) is new. register callbacks
01-13 22:52:54.777  1679  1679 I sensors-hal: send_sync_sensor_request:508, send sync request
01-13 22:52:54.777  1650  1790 I minksocket: MinkIPC MESSAGE: ( 1650:1790 ) MinkIPC_QRTR_Service:351 minkipc = 0xb400007a97411410 sock = 33, client with node 1 port 75db went down
01-13 22:52:54.777  1679  1679 I sensors-hal: send_sync_sensor_request:518, send_sync_sensor_request before send_request for light_cct with SUID low=3046173514946711665 high=5084824469409589910
01-13 22:52:54.777  1650  1765 I minksocket: MinkIPC MESSAGE: ( 1650:1765 ) MinkIPC_QRTR_Service:351 minkipc = 0xb400007a974104f0 sock = 15, client with node 1 port 75db went down
01-13 22:52:54.777  1679  1679 I sensors-hal: send_sync_sensor_request:537, wait for notification of response
01-13 22:52:54.779  1679 26127 I sensors-hal: qsh_conn_resp_cb:930, resp_value = 0 for light_cct 
01-13 22:52:54.779  1679  1679 I sensors-hal: send_sync_sensor_request:543, takes 1 ms to receive the response with 0
01-13 22:52:54.780  1679  1679 I sensors-hal: activate:330, com.samsung.sensor.light_cct/1511 en=1 completed
01-13 22:52:54.780  2613  3756 D SensorManager: registerListener :: 1511, STK33F11 Light Strm  Non-wakeup, 200000, 0, com.samsung.android.displaysolution.EyeComfortSolutionService$1@78992e2
01-13 22:52:54.843  1679  3918 I sensors-hal: handle_sns_std_sensor_event:131, [SSC_LIGHT] A: 22(22),c:0,b:188,m:13,cl:0,l:22,s:17,l0:3712,l1:0,s0:3000,s1:0,acl:3,opr:0.26,f(r):81,u(bl):100,if:0,wi:2,si:0,po:174(N:0)
01-13 22:52:54.844  1679 26127 I sensors-hal: qsh_conn_event_cb:857, SCHED_FIFO(10) for qmi_cbk
01-13 22:52:54.844  1679 26127 I sensors-hal: handle_sns_std_sensor_event:90, light_cct: ts = 58442159737667 ns; value = [22, 22, 70, 69, 13, 188, 0, 0, 3712, 0]
01-13 22:52:54.845  2613  3756 V EyeComfortSolutionService: count : 1187 , bopr_value : 70.0, platform_value : 209.0 , app_weighting : 1.0 , cal_value : 12.056854 , sum_value : 16078.048 , BOPR_MAX_VALUE : 21000
01-13 22:52:54.846  1679  1679 I sensors-hal: activate:300, com.samsung.sensor.light_cct/1511 en=0
01-13 22:52:54.846  1679  1679 I sensors-hal: send_sync_sensor_request:508, send sync request
01-13 22:52:54.846  1679  1679 I sensors-hal: send_sync_sensor_request:518, send_sync_sensor_request before send_request for light_cct with SUID low=3046173514946711665 high=5084824469409589910
01-13 22:52:54.847  1679  1679 I sensors-hal: send_sync_sensor_request:537, wait for notification of response
01-13 22:52:54.848  1679 26127 I sensors-hal: qsh_conn_resp_cb:930, resp_value = 0 for light_cct 
01-13 22:52:54.848  1679  1679 I sensors-hal: send_sync_sensor_request:543, takes 1 ms to receive the response with 0
01-13 22:52:54.849  1679  1679 I sensors-hal: ~worker:65, worker(0xb4000072e0f26e90) send sig to tid= 26126
01-13 22:52:54.849  1821  1843 E HeatmapThread: ECT Thread time in milliseconds: 1768362774
01-13 22:52:54.850  1679  1679 I sensors-hal: ~worker:74, worker(0xb4000072e0f26e90) is destroyed, remaining task = 0, tid= 26126
01-13 22:52:54.849  1650  1765 I minksocket: MinkIPC MESSAGE: ( 1650:1765 ) MinkIPC_QRTR_Service:351 minkipc = 0xb400007a974104f0 sock = 15, client with node 1 port 75dc went down
01-13 22:52:54.850  1679  1679 I sensors-hal: ~qsh_qmi:58, ~qsh_qmi
01-13 22:52:54.850  1679  1679 I sensors-hal: activate:330, com.samsung.sensor.light_cct/1511 en=0 completed
01-13 22:52:54.850  1650  1790 I minksocket: MinkIPC MESSAGE: ( 1650:1790 ) MinkIPC_QRTR_Service:351 minkipc = 0xb400007a97411410 sock = 33, client with node 1 port 75dc went down
01-13 22:52:54.850  2613  3756 D SensorManager: unregisterListener :: com.samsung.android.displaysolution.EyeComfortSolutionService$1@78992e2
01-13 22:52:54.853  1821  1843 D HeatmapThread: !@ batteryplugType : 2
01-13 22:52:54.853  1821  1843 D HeatmapThread: !@ batteryLevel : 75  batteryTemperature : 315 
01-13 22:52:54.853  1821  1843 D HeatmapThread: !@ Heatmap currtime: 29472712
01-13 22:52:54.853  1821  1843 D HeatmapThread: !@ Heatmap prevtime: 29472700
01-13 22:52:54.854  1821  1843 D HeatmapThread: !@ Heatmap plugstarttime: 29472704
01-13 22:52:54.854  1821  1843 D HeatmapThread: !@ Heatmap prevv_dsoh_update_time: 29471816
01-13 22:52:54.854  1821  1843 E HeatmapThread: !@Entered the read from path function
01-13 22:52:54.861  1821  1843 E HeatmapThread: !@Read Extended_heatmap from efs is: 4901 0 0 0 0 0 0 0 0 0 0 0 0 0 0 0 0 0 1446 0 0 0 0 0 0 0 0 0 0 0 0 0 0 0 0 0 1915 0 0 0 0 0 0 0 0 0 0 0 0 0 0 0 0 0 1799 0 0 0 0 0 0 0 0 0 0 0 0 0 0 0 0 0 1965 0 0 0 0 0 0 0 0 0 0 0 0 0 0 0 0 0 2129 0 0 0 0 0 0 0 0 0 0 0 0 0 0 0 0 0 1751 0 0 0 0 0 0 0 0 0 0 0 0 0 0 0 0 0 1974 0 0 0 0 0 0 0 0 0 0 0 0 0 0 0 0 0 2028 0 0 0 0 0 0 0 0 0 0 0 0 0 0 0 0 0 1986 0 0 0 0 0 0 0 0 0 0 0 0 0 0 0 0 0 2112 0 0 0 0 0 0 0 0 0 0 0 0 0 0 0 0 0 8564 0 0 0 0 0 0 0 0 0 0 0 0 0 0 0 0 0 11501 0 0 0 0 0 0 0 0 0 0 0 0 0 0 0 0 0 24325 0 0 0 0 0 0 0 0 0 0 0 0 0 0 0 0 0 21760 0 0 0 0 0 0 0 0 0 0 0 0 0 0 0 0 0 20456 0 0 0 0 0 0 0 0 0 0 0 0 0 0 0 0 0 16425 0 0 0 0 0 0 0 0 0 0 0 0 0 0 0 0 0 12882 0 0 0 0 0 0 0 0 0 0 0 0 0 0 0 0 0 4864 0 0 0 0 0 0 0 0 0 0 0 0 0 0 0 0 0 3755 0 0 0 0 0 0 0 0 0 0 0 0 0 0 0 0 0 3155 0 0 0 0 0 0 0 0 0 0 0 0 0 0 0 0 0 1645 0 0 0 0 0 0 0 0 0 0 0 0 0 0 0 0 0 98 0 0 0 0 0 0 0 0 0 0 0 0 0 0 0 0 0 56 0 0 0 0 0 0 0 0 0 0 0 0 0 0 0 0 0 42 0 0 0 0 0 0 0 0 0 0 0 0 0 0 0 0 0 39 0 0 0 0 
01-13 22:52:54.862  1821  1843 E HeatmapThread: !@Write Extended Heatmap to efs is: 4901 0 0 0 0 0 0 0 0 0 0 0 0 0 0 0 0 0 1446 0 0 0 0 0 0 0 0 0 0 0 0 0 0 0 0 0 1915 0 0 0 0 0 0 0 0 0 0 0 0 0 0 0 0 0 1799 0 0 0 0 0 0 0 0 0 0 0 0 0 0 0 0 0 1965 0 0 0 0 0 0 0 0 0 0 0 0 0 0 0 0 0 2129 0 0 0 0 0 0 0 0 0 0 0 0 0 0 0 0 0 1751 0 0 0 0 0 0 0 0 0 0 0 0 0 0 0 0 0 1974 0 0 0 0 0 0 0 0 0 0 0 0 0 0 0 0 0 2028 0 0 0 0 0 0 0 0 0 0 0 0 0 0 0 0 0 1986 0 0 0 0 0 0 0 0 0 0 0 0 0 0 0 0 0 2112 0 0 0 0 0 0 0 0 0 0 0 0 0 0 0 0 0 8564 0 0 0 0 0 0 0 0 0 0 0 0 0 0 0 0 0 11501 0 0 0 0 0 0 0 0 0 0 0 0 0 0 0 0 0 24326 0 0 0 0 0 0 0 0 0 0 0 0 0 0 0 0 0 21760 0 0 0 0 0 0 0 0 0 0 0 0 0 0 0 0 0 20456 0 0 0 0 0 0 0 0 0 0 0 0 0 0 0 0 0 16425 0 0 0 0 0 0 0 0 0 0 0 0 0 0 0 0 0 12882 0 0 0 0 0 0 0 0 0 0 0 0 0 0 0 0 0 4864 0 0 0 0 0 0 0 0 0 0 0 0 0 0 0 0 0 3755 0 0 0 0 0 0 0 0 0 0 0 0 0 0 0 0 0 3155 0 0 0 0 0 0 0 0 0 0 0 0 0 0 0 0 0 1645 0 0 0 0 0 0 0 0 0 0 0 0 0 0 0 0 0 98 0 0 0 0 0 0 0 0 0 0 0 0 0 0 0 0 0 56 0 0 0 0 0 0 0 0 0 0 0 0 0 0 0 0 0 42 0 0 0 0 0 0 0 0 0 0 0 0 0 0 0 0 0 39 0 0 0 0 0
01-13 22:52:54.862  1821  1843 E HeatmapThread: !@ CAM New BSOH: 100
01-13 22:52:54.870  1830  1915 I VSyncReactor: Current= 60, Period= 60, Distance= 0
01-13 22:52:54.886  1830  1915 I VSyncReactor: Current= 60, Period= 60, Distance= 60
01-13 22:52:55.387 23246 23733 I PlayCommon: [110] Preparing logs for uploading
01-13 22:52:55.414 23246 23733 I PlayCommon: [110] Connecting to server for timestamp: https://play.googleapis.com/play/log/timestamp
01-13 22:52:55.467  2613  4679 D TrafficStateDatabaseController: onDnsEvent():  objTrafficStats.size= 181, mInsertList= true
01-13 22:52:55.479  2613  3889 D NetdEventListenerService: DNS Requested by 115, 10260(com.android.vending), SUCCESS, 47ms
01-13 22:52:55.669  6403  7144 V CpEventLog(u0): [P] cp_state: [                 contacts = {contacts=120, raw_contacts=207, data=1308, account={secphone(1)=1, sim(2)=1, google(3)=119, sim2(4)=0, agg(5)=0, samsung(6)=0, mobileservice(7)=0, coreapp(8)=4, google(9)=0, google(10)=0, google(11)=0, google(12)=0, whatsapp(25)=52, duo(35)=30, google(61)=0, com.microsoft.msa.ltw(73)=0, com.facebook.messenger(104)=0, com.github.android(107)=0, google(114)=0, com.facebook.auth.login(122)=0, com.facebook.auth.login(123)=0, app.revanced(124)=0, google(125)=0, app.revanced(127)=0, www.instagram.com(128)=0}, trash=0, trash_acc={}, trash_sync=0, database=contacts2.db} ]
01-13 22:52:55.669  6403  7144 V CpEventLog(u0): [P] cp_state: [               aggregated = {[1,2]=1, [3,25,35,8]=1, [3,25,35]=13, [3,25,8,35]=1, [3,25]=35, [3,35,25]=1, [3,35]=13, [3,8,25,35]=1, [3,8]=1, [3]=53} ]
01-13 22:52:55.669  6403  7144 V CpEventLog(u0): [P] cp_state: [                  request = {} ]
01-13 22:52:55.669  6403  7144 V CpEventLog(u0): [P] cp_state: [                    calls = {types={[100]=2, [300]=1, [500]=5, [1000]=1566, [1150]=427}, database=calllog.db} ]
01-13 22:52:55.669  6403  7144 V CpEventLog(u0): [P] cp_state: [                  profile = {contacts=0, raw_contacts=0, data=0, account={secphone(1)=0, google(2)=0, sim(3)=0, sim2(4)=0, agg(5)=0, samsung(6)=0, mobileservice(7)=0, coreapp(8)=0, google(9)=0, google(10)=0, google(11)=0, google(12)=0, whatsapp(25)=0, duo(35)=0, google(61)=0, com.microsoft.msa.ltw(73)=0, com.facebook.messenger(104)=0, com.github.android(107)=0, google(114)=0, com.facebook.auth.login(122)=0, com.facebook.auth.login(123)=0, app.revanced(124)=0, google(125)=0, app.revanced(127)=0, www.instagram.com(128)=0}, trash=0, trash_acc={}, trash_sync=0, database=profile.db} ]
01-13 22:52:55.669  6403  7144 V CpEventLog(u0): [P] cp_state: [               sa_profile = {contacts=1, raw_contacts=1, data=2, account={secphone(1)=1, google(2)=0, sim(3)=0, sim2(4)=0, agg(5)=0, samsung(6)=0, mobileservice(7)=0, coreapp(8)=0, google(9)=0, google(10)=0, google(11)=0, google(12)=0, whatsapp(25)=0, duo(35)=0, google(61)=0, com.microsoft.msa.ltw(73)=0, com.facebook.messenger(104)=0, com.github.android(107)=0, google(114)=0, com.facebook.auth.login(122)=0, com.facebook.auth.login(123)=0, app.revanced(124)=0, google(125)=0, app.revanced(127)=0, www.instagram.com(128)=0}, trash=0, trash_acc={}, trash_sync=0, database=profile_sa.db} ]
01-13 22:52:55.669  6403  7144 V CpEventLog(u0): [P] cp_state: [                      etc = {binders=0, country_iso=US, version=15.6.28, db_version=2000, db_size=1, db_wal_size=0, csc=TMB/TMB, sec_enabled=false, is_roaming=false} ]
01-13 22:52:55.669  6403  7144 V CpEventLog(u0): [P] cp_state: ------------------------------------------------------------------------------
01-13 22:52:55.850  1821  1843 E HeatmapThread: ECT Thread time in milliseconds: 1768362775
01-13 22:52:55.853  1821  1843 D HeatmapThread: !@ batteryplugType : 2
01-13 22:52:55.853  1821  1843 D HeatmapThread: !@ batteryLevel : 75  batteryTemperature : 315 
01-13 22:52:55.853  1821  1843 D HeatmapThread: !@ Heatmap currtime: 29472712
01-13 22:52:55.854  1821  1843 D HeatmapThread: !@ Heatmap prevtime: 29472700
01-13 22:52:55.854  1821  1843 D HeatmapThread: !@ Heatmap plugstarttime: 29472704
01-13 22:52:55.854  1821  1843 D HeatmapThread: !@ Heatmap prevv_dsoh_update_time: 29471816
01-13 22:52:55.854  1821  1843 E HeatmapThread: !@ CAM New BSOH: 100
01-13 22:52:55.941 23246 23733 I PlayCommon: [110] Connecting to server: https://play.googleapis.com/play/log?format=raw&proto_v2=true
01-13 22:52:56.027  4314 25850 I NearbyMediums: No BLE Fast/GATT advertisements found in the latest cycle.
01-13 22:52:56.027  4314 25850 I NearbyMediums: Current Tracked Scanning Clients are : {NearbyConnections.EnvironmentMonitor, NearbyConnections.TxAdvertisement}
01-13 22:52:56.037  2613  4363 D TrafficStateDatabaseController: onDnsEvent():  objTrafficStats.size= 182, mInsertList= true
01-13 22:52:56.041  2613  3889 D NetdEventListenerService: DNS Requested by 115, 10275(com.android.chrome), 4(FAIL), isBlocked=true, 1ms
01-13 22:52:56.047  2613  4363 D TrafficStateDatabaseController: onDnsEvent():  objTrafficStats.size= 183, mInsertList= true
01-13 22:52:56.050 23246 23733 I PlayCommon: [110] Successfully uploaded logs.
01-13 22:52:56.052  2613  3889 D NetdEventListenerService: DNS Requested by 115, 10275(com.android.chrome), 4(FAIL), isBlocked=true, 0ms
01-13 22:52:56.214  2613  6606 D SemWifiUsabilityStatsMonitor: onWifiUsabilityStats - seqNum 4670, isSameBssidAndFreq true
01-13 22:52:56.215  4061  4061 I EPDG -- SIM0 [SMARTWIFI]: isProfiling, hash=241354766, started=true
01-13 22:52:56.215  2613  3833 E SemWifiLinkQualityMonitor: Too old or invalid TMI: currentTime=1768362776215 lastDateWindow=1768353308000
01-13 22:52:56.215  4061  4061 I EPDG -- SIM0 [SMARTWIFI]: isProfiling, hash=241354766, started=true
01-13 22:52:56.216  4061  4061 I EPDG -- SIM0 [SMARTWIFI]: Rssi : -31 highrange : -71 lowrange : -80 mIsRssiInHystersis : false
01-13 22:52:56.216  4061  4061 I EPDG -- SIM0 [SMARTWIFI]: Rssi : -31 highrange : -71 lowrange : -80 mIsRssiInHystersis : false
01-13 22:52:56.216  4061  4061 I EPDG -- SIM0 [SMARTWIFI]: getHandoverThresholdMet: value is: false
01-13 22:52:56.216  2613  3834 D InsDataManager: onOutageCountUpdate() - Outage Data: 0, LQ : N. Outage Triggered: false
01-13 22:52:56.217  2613  3834 D SemInsManager: {"bssid": "61d35a1f5785","rssi": -31.0,"latency": 0.0,"outage_count": 0,"lq_callback_triggered": false,"outage_log": "Unreliable statistics: -31.0 / 20 / 1057 / 44 / 0 || 61d35a1f5785: 0.000 / 0.000 / @ || N N / 0 0 / N 103.0 / N X 0 / 50989465 0 || 2026-01-13 20:15:08  / 0: 0 0 0 0 0 0 / 0: 0 0 0 0 0 0 / 0: 0 0 0 0 0 0""Magnetic Sensor Events size": "0""Pressure Sensor Events size": "0"}
01-13 22:52:56.224  2613  3851 D SGM:GameManager: identifyGamePackage. com.sec.android.app.launcher, mCurrentUserId: 0, callingMethodInfo: com.samsung.android.game.SemGameManager.isGamePackage(SemGameManager.java:106)
01-13 22:52:56.224  2613  3851 D SGM:SemGameManager: isGamePackage(), pkgName=com.sec.android.app.launcher, ret=false
01-13 22:52:56.577  1234  1234 D io_stats: !@   8,0 r 15429633 258725468 w 4778664 82164532 d 1270337 84749596 f 122730 270206 iot 3499168 0 th 0 0 0 pt 0 inp 0 0 50989.828
01-13 22:52:56.577  1234  1234 D io_stats: !@ Read_top(KB): d.process.acore(6403) 980 .android.chrome(26854) 936 cessService0:33(14490) 204
01-13 22:52:56.577  1234  1234 D io_stats: !@ Write_top(KB): f2fs_ckpt-254:6(1358) 372 ox.securefolder(25951) 4 sait.sohservice(18231) 4
01-13 22:52:56.849  1821  1843 E HeatmapThread: ECT Thread time in milliseconds: 1768362776
01-13 22:52:56.852  1821  1843 D HeatmapThread: !@ batteryplugType : 2
01-13 22:52:56.852  1821  1843 D HeatmapThread: !@ batteryLevel : 75  batteryTemperature : 315 
01-13 22:52:56.853  1821  1843 D HeatmapThread: !@ Heatmap currtime: 29472712
01-13 22:52:56.853  1821  1843 D HeatmapThread: !@ Heatmap prevtime: 29472700
01-13 22:52:56.853  1821  1843 D HeatmapThread: !@ Heatmap plugstarttime: 29472704
01-13 22:52:56.853  1821  1843 D HeatmapThread: !@ Heatmap prevv_dsoh_update_time: 29471816
01-13 22:52:56.853  1821  1843 E HeatmapThread: !@ CAM New BSOH: 100
01-13 22:52:57.332  2613  3738 D InetDiagMessage: Destroyed 0 sockets, proto=IPPROTO_TCP, family=AF_INET, states=14
01-13 22:52:57.335  2613  3738 D InetDiagMessage: Destroyed 0 sockets, proto=IPPROTO_TCP, family=AF_INET6, states=14
01-13 22:52:57.335  2613  3738 D InetDiagMessage: Destroyed live tcp sockets for uids={10136} in 10ms
01-13 22:52:57.338  2613  3738 D InetDiagMessage: Destroyed 0 sockets, proto=IPPROTO_TCP, family=AF_INET, states=14
01-13 22:52:57.341  2613  3738 D InetDiagMessage: Destroyed 0 sockets, proto=IPPROTO_TCP, family=AF_INET6, states=14
01-13 22:52:57.341  2613  3738 D InetDiagMessage: Destroyed live tcp sockets for uids={20136} in 6ms
01-13 22:52:57.849  1821  1843 E HeatmapThread: ECT Thread time in milliseconds: 1768362777
01-13 22:52:57.855  1821  1843 D HeatmapThread: !@ batteryplugType : 2
01-13 22:52:57.855  1821  1843 D HeatmapThread: !@ batteryLevel : 75  batteryTemperature : 315 
01-13 22:52:57.855  1821  1843 D HeatmapThread: !@ Heatmap currtime: 29472712
01-13 22:52:57.855  1821  1843 D HeatmapThread: !@ Heatmap prevtime: 29472700
01-13 22:52:57.855  1821  1843 D HeatmapThread: !@ Heatmap plugstarttime: 29472704
01-13 22:52:57.855  1821  1843 D HeatmapThread: !@ Heatmap prevv_dsoh_update_time: 29471816
01-13 22:52:57.856  1821  1843 E HeatmapThread: !@ CAM New BSOH: 100
01-13 22:52:57.992  2613  4363 D TrafficStateDatabaseController: onDnsEvent():  objTrafficStats.size= 184, mInsertList= true
01-13 22:52:57.999  2613  4679 D BatteryService: [processValuesLocked]batteryLevel:75 ,LastbatteryLevel:75 ,mPlugType:2 ,batteryStatus:2
01-13 22:52:57.999  2613  4679 D BatteryService: [countBatteryChangedConditions]mBatteryChangedConditionCounts:[122, 49, 1, 214, 121, 236, 202, 0, 0, 122, 123, 0, 62, 0, 0, 78, 269, 121, 0, 0, 0, 1]
01-13 22:52:57.999  1731  1868 E BatteryDump: !@new_battery_dump : 4041,102,300,550,75,317,293,341,317,0,327,341,0,Charging,NO_CHARGING,Normal,Good,USB,1,Normal,0,0,8340,0x8000,0x10010000,0x0,0,0,0000,0000,00000000,0,0,0,0,822,4042,7465,990,0,
01-13 22:52:57.999  2613  4679 D BatteryService: Sending ACTION_BATTERY_CHANGED: level:75, status:2, health:2, remain:13711, ac:false, usb:true, wireless:false, pogo:false, misc:0x10010000, charge_type:2, charger_type:0, voltage:4041, temperature:317, online:4, charging_status:0, cycle_count:0, current_avg:-92, ps:false, hvc:false, current_event:0x8000, mcc:0, mcv:0, cc:3612141, present:true, scale:100, technology:Li-ion, protection:0
01-13 22:52:57.999  1747  1747 I seh_thermal_service: getTemperaturesWithType SehTemperatureType: 3
01-13 22:52:58.000  1731  1731 I sehhealth-service: updateLrpSysfs: write: 327
01-13 22:52:58.000  2613  4679 D [SS]BattUtils: [readNode]path:/efs/FactoryApp/bsoh ,value:100.00
01-13 22:52:58.001  2613 10101 V [SS]SleepChargingTimeController: [isActivated]mSleepChargingStatus isNowSessionTime False => false
01-13 22:52:58.007  4373  4373 I PowerUI : mBootCompleted = true |  mFullyConnected = true
01-13 22:52:58.007  4373  4373 I PowerUI : BATTERY_HEALTH_CHECK / batteryHealth : 2 / wirelessOverheat : false
01-13 22:52:58.007  4373  4373 D PowerUI : Skip charging animation - by Plug reason
01-13 22:52:58.007  2613  3889 D NetdEventListenerService: DNS Requested by 115, 10597(com.doordash.driverapp), SUCCESS, 55ms
01-13 22:52:58.007  4373  4373 D PowerUI : Skip charging sound & vibrate - by Plug reason
01-13 22:52:58.007  4373  4373 D PowerUI : oldMisalign : false, curMisalign : false
01-13 22:52:58.008  4373 15467 D PowerUI.Notification: updateNotification mWarning = false mPlaySound = false
01-13 22:52:58.008  4373  4373 D PowerUI.Notification: showChargingNotice - There is no change charging status, so return!
01-13 22:52:58.009  2613  3884 I DeviceBatteryInfoService: action: android.intent.action.BATTERY_CHANGED
01-13 22:52:58.009  2613  3884 I DeviceBatteryInfoService: phone battery level: 75
01-13 22:52:58.009  2613  3884 I DeviceBatteryInfoService: phone battery status: 2
01-13 22:52:58.009  2613  5493 D KNOX_MDM_SettingsProvider: isChangeAllowed() : name = ltc_highsoc_exceed_time
01-13 22:52:58.009  2613  5493 D KNOX_MDM_SettingsProvider: edmUri: content://com.sec.knox.provider/RestrictionPolicy3
01-13 22:52:58.009  2613  5493 D KNOX_MDM_SettingsProvider: projectionArgs: isSettingsChangesAllowed
01-13 22:52:58.009  2613  5493 D KNOX_MDM_SettingsProvider: selectionArgs: false
01-13 22:52:58.009  2613  5493 D KNOX_MDM_SettingsProvider: selectionArgs: 10049
01-13 22:52:58.009  2613  5493 D SecContentProvider: query(), uri = 17 selection = isSettingsChangesAllowed
01-13 22:52:58.009  2613  5493 D SecContentProvider: called from android.uid.systemui:10049
01-13 22:52:58.009  2613  5493 D RestrictionPolicy: isSettingsChangesAllowedAsUser, userId 0 : true
01-13 22:52:58.009  2613  5493 D KNOX_MDM_SettingsProvider: ret = 1
01-13 22:52:58.010  2613  2613 D AdaptiveBrightnessLongtermModelBuilder[0]: Received android.intent.action.BATTERY_CHANGED
01-13 22:52:58.010  4373  4373 I AODBatteryManager: updateBatteryData: ACTION_BATTERY_CHANGED: true, isSleepModeChanged:false ,isRemainingTimeChanged: false, isUSBRestriction: false
01-13 22:52:58.011  2613  3712 D MotionRecognitionService: [SAR]  onReceive : ACTION_BATTERY_CHANGED, Plugged: 2
