01-13 22:45:03.567 D/WindowManager( 2613): fadeWindowToken, show=true, animationType=token_transform, topWindow=Window{c9b7a37 u0 com.notch.touch}, token=WindowToken{1eb3624 type=2032 android.os.Binder@fb0eb7}, caller=com.android.server.wm.AsyncRotationController.finishOp:116 com.android.server.wm.DisplayContent.finishAsyncRotation:135 com.android.server.wm.AsyncRotationController$$ExternalSyntheticLambda4.onTransactionCommitted:87 android.view.SurfaceControl$Transaction$$ExternalSyntheticLambda4.run:0 android.os.Handler.handleCallback:995 
01-13 22:45:03.567 I/WindowManager( 2613): Cancelling animation restarting=true, leash=Surface(name=Surface(name=WindowToken{1eb3624 type=2032 android.os.Binder@fb0eb7})/@0x609b9be - animation-leash of token_transform)/@0x412d2da
01-13 22:45:03.567 I/WindowManager( 2613): Reparenting to original parent: Surface(name=Leaf:26:31)/@0xfb02a1f, destroy=false, surface=Surface(name=WindowToken{1eb3624 type=2032 android.os.Binder@fb0eb7})/@0x609b9be
01-13 22:45:03.567 I/WindowManager( 2613): Reparenting to leash, surface=Surface(name=WindowToken{1eb3624 type=2032 android.os.Binder@fb0eb7})/@0x609b9be, leashParent=Surface(name=Leaf:26:31)/@0xfb02a1f
01-13 22:45:03.567 I/Telecom ( 2613): SamsungTelecomServiceImpl : isInCall - callingPackage : com.android.systemui / callingUser : UserHandle{0} / hasCrossUserAccess : true
01-13 22:45:03.567 I/SurfaceFlinger( 1830): id=27398 createSurf, flag=24004, Surface(name=WindowToken{1eb3624 type=2032 android.os.Binder@fb0eb7})/@0x609b9be - animation-leash of token_transform#27398
01-13 22:45:03.567 D/WindowManager( 2613): makeSurface duration=0 leash=Surface(name=Surface(name=WindowToken{1eb3624 type=2032 android.os.Binder@fb0eb7})/@0x609b9be - animation-leash of token_transform)/@0xcaed15f
01-13 22:45:03.567 I/Routine@Core[4.9.04.13]: DynamicShortcutsUpdater(26698): onUpdate: shortcutUpdateType=CONFIG_CHANGED
01-13 22:45:03.568 I/Routine@Core[4.9.04.13]: RoutineService(26698): onDestroy
01-13 22:45:03.569 D/WindowManager( 2613): setInsetsWindow Window{1b5a24c u0 InputMethod}, contentInsets=Rect(0, 1248 - 0, 0) -> Rect(0, 2256 - 0, 0), visibleInsets=Rect(0, 1248 - 0, 0) -> Rect(0, 0 - 0, 0), touchableRegion=SkRegion((0,1248,1080,2121)) -> SkRegion(), touchableInsets 3 -> 2
01-13 22:45:03.569 D/SurfaceComposerClient( 2613): setCornerRadius ## 616a034 Splash Screen com.risa.app#27385 cornerRadius=0.000000
01-13 22:45:03.569 D/SurfaceComposerClient( 2613): setCornerRadius ## 616a034 Splash Screen com.risa.app#27385 cornerRadius=0.000000
01-13 22:45:03.569 D/SurfaceComposerClient( 2613): setCornerRadius ## 9383838 com.risa.app/com.risa.app.MainActivity#27397 cornerRadius=0.000000
01-13 22:45:03.569 D/WifiDisplayAdapter( 2613): getWifiDisplayStatusLocked: result=WifiDisplayStatus{featureState=2, scanState=0, activeDisplayState=0, activeDisplay=null, displays=[], sessionInfo=WifiDisplaySessionInfo:
01-13 22:45:03.569 D/WifiDisplayAdapter( 2613):     Client/Owner: Client
01-13 22:45:03.569 D/WifiDisplayAdapter( 2613):     GroupId: 
01-13 22:45:03.569 D/WifiDisplayAdapter( 2613):     Passphrase: 
01-13 22:45:03.569 D/WifiDisplayAdapter( 2613):     SessionId: 0
01-13 22:45:03.569 D/WifiDisplayAdapter( 2613):     IP Address: }
01-13 22:45:03.570 W/ParceledListSlice( 2613): Element #17 is 23580 bytes.
01-13 22:45:03.570 I/SurfaceFlinger( 1830): RequestedLayer [ActivityRecord{150506953 u0 com.sec.[...]ivities.LauncherActivity t23754}#120] hidden!! flag  from(0) --> to(1)
01-13 22:45:03.570 I/SurfaceFlinger( 1830): RequestedLayer [Task=23754#119] hidden!! flag  from(0) --> to(1)
01-13 22:45:03.570 I/SurfaceFlinger( 1830): [Surface(name=WindowToken{1eb3624 type=2032 android.os.Binder@fb0eb7})/@0x609b9be - animation-leash of token_transform#27398] attach to parent LayerHierarchy{RequestedLayerState{Leaf:26:31#38 parentId=37} 5 children}
01-13 22:45:03.570 I/Routine@Core[4.9.04.13]: RoutineApplication(26698): onTrimMemory: level : 40
01-13 22:45:03.570 I/HoneySpace.AppscreenViewModel( 5028): endGestureHint
01-13 22:45:03.570 I/HoneySpace.AppscreenViewModel( 5028): resetAnimatedValues
01-13 22:45:03.570 I/HoneySpace.HoneyScreenManagerImpl( 5028): transitionAnimator is ended, onCancel: false
01-13 22:45:03.570 I/HoneySpace.ContentsAnimator( 5028): ContentsAnimator end [154121865]
01-13 22:45:03.570 I/LiveWallpaperEngineManager( 4373): getEngines : returnCnt=0
01-13 22:45:03.571 I/VRI[app]@b3f212b( 4373): Resizing android.view.ViewRootImpl@e19f5f6: frame = [0,0][2340,1080] reportDraw = false forceLayout = false syncSeqId = -1
01-13 22:45:03.571 I/VRI[]@2370b8a( 8144): handleResized, frames=ClientWindowFrames{frame=[0,485][114,596] display=[-100000,-100000][100000,100000] parentFrame=[0,0][0,0]} displayId=0 dragResizing=false compatScale=1.0 frameChanged=false attachedFrameChanged=false configChanged=false displayChanged=false compatScaleChanged=false dragResizingChanged=false
01-13 22:45:03.571 I/InsetsController( 4373): onStateChanged: host=StatusBar, from=android.view.ViewRootImpl.onInsetsStateChanged:3026, state=InsetsState: {mDisplayFrame=Rect(0, 0 - 2340, 1080), mDisplayCutout=DisplayCutout{insets=Rect(84, 0 - 0, 0) waterfall=Insets{left=0, top=0, right=0, bottom=0} boundingRect={Bounds=[Rect(0, 514 - 84, 565), Rect(0, 0 - 0, 0), Rect(0, 0 - 0, 0), Rect(0, 0 - 0, 0)]} cutoutPathParserInfo={CutoutPathParserInfo{displayWidth=1080 displayHeight=2340 physicalDisplayWidth=1080 physicalDisplayHeight=2340 density={2.8125} cutoutSpec={M 0,0 H -9.066666666666667 V 29.86666666666667 H 9.066666666666667 V 0 H 0 Z @dp} rotation={1} scale={1.0} physicalPixelDisplaySizeRatio={1.0}}} sideOverrides={}}, mRoundedCorners=RoundedCorners{[RoundedCorner{position=TopLeft, radius=101, center=Point(101, 101)}, RoundedCorner{position=TopRight, radius=101, center=Point(2239, 101)}, RoundedCorner{position=BottomRight, radius=101, center=Point(2239, 979)}, RoundedCorner{position=BottomLeft, radius=101, center=Point(101, 979)}]}  mRoundedCornerFrame=Rect(0, 0 - 0, 0), mPrivacyIndicatorBounds=PrivacyIndicatorBounds {static bounds=Rect(2216, 0 - 2340, 84) rotation=1}, mDisplayShape=DisplayShape{ spec=1406003047 displayWidth=1080 displayHeight=2340 physicalPixelDisplaySizeRatio=0.75 rotation=1 offsetX=0 offsetY=0 scale=1.0}, mSources= { InsetsSource: {86cb0001 mType=navigationBars mFrame=[2205,0][2340,1080] mVisible=true mFlags= mSideHint=RIGHT mBoundingRects=null}, InsetsSource: {86cb0004 mType=systemGestures mFrame=[0,0][0,0] mVisible=true mFlags= mSideHint=NONE mBoundingRects=null}, InsetsSource: {86cb0005 mType=mandatorySystemGestures mFrame=[2205,0][2340,1080] mVisible=true mFlags= mSideHint=RIGHT mBoundingRects=null}, InsetsSource: {86cb0006 mType=tappableElement mFrame=[2205,0][2340,1080] mVisible=true mFlags= mSideHint=RIGHT mBoundingRects=null}, InsetsSource: {86cb0024 mType=systemGestures mFrame=[0,0][0,0] mVisible=true mFlags= mSideHint=NONE mBoundingRects=null}, InsetsSource: {7 mType=displayCutout mFrame=[0,0][84,1080] mVisible=true mFlags= mSideHint=LEFT mBoundingRects=null}, InsetsSource: {1ef10005 mType=mandatorySystemGestures mFrame=[0,0][2340,84] mVisible=true mFlags= mSideHint=TOP mBoundingRects=null} }
01-13 22:45:03.571 W/ParceledListSlice( 2613): Element #29 is 18456 bytes.
01-13 22:45:03.571 I/VRI[StatusBar]@caacad6( 4373): handleResized, frames=ClientWindowFrames{frame=[0,0][2340,84] display=[0,0][2340,1080] parentFrame=[0,0][0,0]} displayId=0 dragResizing=false compatScale=1.0 frameChanged=true attachedFrameChanged=false configChanged=true displayChanged=false compatScaleChanged=false dragResizingChanged=false
01-13 22:45:03.571 I/InsetsController( 4373): onStateChanged: host=Splash Screen com.risa.app, from=android.view.ViewRootImpl.onInsetsStateChanged:3026, state=InsetsState: {mDisplayFrame=Rect(0, 0 - 2340, 1080), mDisplayCutout=DisplayCutout{insets=Rect(84, 0 - 0, 0) waterfall=Insets{left=0, top=0, right=0, bottom=0} boundingRect={Bounds=[Rect(0, 514 - 84, 565), Rect(0, 0 - 0, 0), Rect(0, 0 - 0, 0), Rect(0, 0 - 0, 0)]} cutoutPathParserInfo={CutoutPathParserInfo{displayWidth=1080 displayHeight=2340 physicalDisplayWidth=1080 physicalDisplayHeight=2340 density={2.8125} cutoutSpec={M 0,0 H -9.066666666666667 V 29.86666666666667 H 9.066666666666667 V 0 H 0 Z @dp} rotation={1} scale={1.0} physicalPixelDisplaySizeRatio={1.0}}} sideOverrides={}}, mRoundedCorners=RoundedCorners{[RoundedCorner{position=TopLeft, radius=101, center=Point(101, 101)}, RoundedCorner{position=TopRight, radius=101, center=Point(2239, 101)}, RoundedCorner{position=BottomRight, radius=101, center=Point(2239, 979)}, RoundedCorner{position=BottomLeft, radius=101, center=Point(101, 979)}]}  mRoundedCornerFrame=Rect(0, 0 - 2340, 1080), mPrivacyIndicatorBounds=PrivacyIndicatorBounds {static bounds=Rect(2216, 0 - 2340, 84) rotation=1}, mDisplayShape=DisplayShape{ spec=1406003047 displayWidth=1080 displayHeight=2340 physicalPixelDisplaySizeRatio=0.75 rotation=1 offsetX=0 offsetY=0 scale=1.0}, mSources= { InsetsSource: {86cb0001 mType=navigationBars mFrame=[2205,0][2340,1080] mVisible=true mFlags= mSideHint=RIGHT mBoundingRects=null}, InsetsSource: {86cb0004 mType=systemGestures mFrame=[0,0][0,0] mVisible=true mFlags= mSideHint=NONE mBoundingRects=null}, InsetsSource: {86cb0005 mType=mandatorySystemGestures mFrame=[2205,0][2340,1080] mVisible=true mFlags= mSideHint=RIGHT mBoundingRects=null}, InsetsSource: {86cb0006 mType=tappableElement mFrame=[2205,0][2340,1080] mVisible=true mFlags= mSideHint=RIGHT mBoundingRects=null}, InsetsSource: {86cb0024 mType=systemGestures mFrame=[0,0][0,0] mVisible=true mFlags= mSideHint=NONE mBoundingRects=null}, InsetsSource: {3 mType=ime mFrame=[0,0][0,0] mVisible=false mFlags= mSideHint=NONE mBoundingRects=null}, InsetsSource: {7 mType=displayCutout mFrame=[0,0][84,1080] mVisible=true mFlags= mSideHint=LEFT mBoundingRects=null}, InsetsSource: {1ef10000 mType=statusBars mFrame=[0,0][2340,84] mVisible=true mFlags= mSideHint=TOP mBoundingRects=null}, InsetsSource: {1ef10005 mType=mandatorySystemGestures mFrame=[0,0][2340,84] mVisible=true mFlags= mSideHint=TOP mBoundingRects=null}, InsetsSource: {1ef10006 mType=tappableElement mFrame=[0,0][2340,84] mVisible=true mFlags= mSideHint=TOP mBoundingRects=null} }
01-13 22:45:03.571 I/VRI[app]@b3f212b( 4373): handleResized, frames=ClientWindowFrames{frame=[0,0][2340,1080] display=[0,0][2340,1080] parentFrame=[0,0][0,0]} displayId=0 dragResizing=false compatScale=1.0 frameChanged=false attachedFrameChanged=false configChanged=false displayChanged=false compatScaleChanged=false dragResizingChanged=false
01-13 22:45:03.572 I/BLASTBufferQueue( 8144): [VRI[]@2370b8a#0](f:1,a:2,s:1) transactionCommittedCallback
01-13 22:45:03.572 I/BLASTBufferQueue( 8144): [VRI[]@2370b8a#0](f:1,a:2,s:0) transactionCommittedCallback mSyncedFrameNumbers.erase(82)
01-13 22:45:03.572 W/ParceledListSlice( 2613): Element #41 is 23072 bytes.
01-13 22:45:03.572 I/VRI[StatusBar]@caacad6( 4373): handleResized mSyncSeqId = 0
01-13 22:45:03.572 D/VRI[StatusBar]@caacad6( 4373): reportNextDraw android.view.ViewRootImpl.handleResized:2983 android.view.ViewRootImpl.-$$Nest$mhandleResized:0 android.view.ViewRootImpl$W.resized:14082 android.app.servertransaction.WindowStateResizeItem.execute:93 android.app.servertransaction.WindowStateTransactionItem.execute:62 
01-13 22:45:03.573 I/InsetsController( 4373): onStateChanged: host=NavigationBar0, from=android.view.ViewRootImpl.onInsetsStateChanged:3026, state=InsetsState: {mDisplayFrame=Rect(0, 0 - 2340, 1080), mDisplayCutout=DisplayCutout{insets=Rect(84, 0 - 0, 0) waterfall=Insets{left=0, top=0, right=0, bottom=0} boundingRect={Bounds=[Rect(0, 514 - 84, 565), Rect(0, 0 - 0, 0), Rect(0, 0 - 0, 0), Rect(0, 0 - 0, 0)]} cutoutPathParserInfo={CutoutPathParserInfo{displayWidth=1080 displayHeight=2340 physicalDisplayWidth=1080 physicalDisplayHeight=2340 density={2.8125} cutoutSpec={M 0,0 H -9.066666666666667 V 29.86666666666667 H 9.066666666666667 V 0 H 0 Z @dp} rotation={1} scale={1.0} physicalPixelDisplaySizeRatio={1.0}}} sideOverrides={}}, mRoundedCorners=RoundedCorners{[RoundedCorner{position=TopLeft, radius=101, center=Point(101, 101)}, RoundedCorner{position=TopRight, radius=101, center=Point(2239, 101)}, RoundedCorner{position=BottomRight, radius=101, center=Point(2239, 979)}, RoundedCorner{position=BottomLeft, radius=101, center=Point(101, 979)}]}  mRoundedCornerFrame=Rect(0, 0 - 0, 0), mPrivacyIndicatorBounds=PrivacyIndicatorBounds {static bounds=Rect(2216, 0 - 2340, 84) rotation=1}, mDisplayShape=DisplayShape{ spec=1406003047 displayWidth=1080 displayHeight=2340 physicalPixelDisplaySizeRatio=0.75 rotation=1 offsetX=0 offsetY=0 scale=1.0}, mSources= { InsetsSource: {86cb0004 mType=systemGestures mFrame=[0,0][0,0] mVisible=true mFlags= mSideHint=NONE mBoundingRects=null}, InsetsSource: {86cb0005 mType=mandatorySystemGestures mFrame=[2205,0][2340,1080] mVisible=true mFlags= mSideHint=RIGHT mBoundingRects=null}, InsetsSource: {86cb0024 mType=systemGestures mFrame=[0,0][0,0] mVisible=true mFlags= mSideHint=NONE mBoundingRects=null}, InsetsSource: {7 mType=displayCutout mFrame=[0,0][84,1080] mVisible=true mFlags= mSideHint=LEFT mBoundingRects=null}, InsetsSource: {1ef10005 mType=mandatorySystemGestures mFrame=[0,0][2340,84] mVisible=true mFlags= mSideHint=TOP mBoundingRects=null} }
01-13 22:45:03.573 I/VRI[NavigationBar0]@f5bd5f2( 4373): handleResized, frames=ClientWindowFrames{frame=[2205,0][2340,1080] display=[0,0][2340,1080] parentFrame=[0,0][0,0]} displayId=0 dragResizing=false compatScale=1.0 frameChanged=true attachedFrameChanged=false configChanged=true displayChanged=false compatScaleChanged=false dragResizingChanged=false
01-13 22:45:03.574 D/SatelliteController( 3932): registerForSatelliteModemStateChanged: add Listeners for ModemState
01-13 22:45:03.574 E/SatelliteController( 3932): registerForSatelliteModemStateChanged: mSatelliteSessionController is not initialized yet
01-13 22:45:03.574 W/ndroid.systemui( 4373): Large reply transaction of 378688 bytes, interface descriptor com.android.wm.shell.recents.IRecentTasks, code 4
01-13 22:45:03.576 I/VRI[NavigationBar0]@f5bd5f2( 4373): handleResized mSyncSeqId = 43
01-13 22:45:03.576 D/VRI[NavigationBar0]@f5bd5f2( 4373): reportNextDraw android.view.ViewRootImpl.handleResized:2983 android.view.ViewRootImpl.-$$Nest$mhandleResized:0 android.view.ViewRootImpl$W.resized:14082 android.app.servertransaction.WindowStateResizeItem.execute:93 android.app.servertransaction.WindowStateTransactionItem.execute:62 
01-13 22:45:03.576 D/StackScroller( 4373): onDisplayChanged for predraw skip to 2
01-13 22:45:03.577 D/SubscreenNotificationListCoordinator( 4373): onAfterRenderList() isSubScreen = false, pluginLockMode = 0, doNotShowOnCover = false
01-13 22:45:03.577 D/WifiDisplayAdapter( 2613): isFitToActiveDisplayLocked : false
01-13 22:45:03.577 D/NavBarView( 4373): disableBack=false (isBackDismissIme=false, handlingGestures=false, disabledFlagBack=false, isBottomGesture=false, isImeRenderingNavButtons=false)
01-13 22:45:03.577 D/Navbar.Store( 4373): handleEvent(0) OnUpdateSysUiStateFlag(noArguments=true) [Module] SamsungNavigationBarView
01-13 22:45:03.577 D/Navbar.Store( 4373): --[Band]GESTURE_PACK_UPDATE_SYSTEMUI_STATE_FLAG
01-13 22:45:03.577 D/Navbar.Store( 4373): --[Band] (afterAction) GESTURE_PACK_UPDATE_SYSTEMUI_STATE_FLAG
01-13 22:45:03.578 I/WindowManager( 2613): Relayout Window{b27b017 u0 NavigationBar0}: viewVisibility=0 req=135x1080 ty=2019 d0
01-13 22:45:03.578 D/SurfaceComposerClient( 2613): setCornerRadius ## 616a034 Splash Screen com.risa.app#27385 cornerRadius=0.000000
01-13 22:45:03.579 D/SysHelperService( 7145): onConfigurationChanged 1, ACTION_SHUTDOWN
01-13 22:45:03.579 D/SurfaceComposerClient( 2613): setCornerRadius ## 616a034 Splash Screen com.risa.app#27385 cornerRadius=0.000000
01-13 22:45:03.579 D/SurfaceComposerClient( 2613): setCornerRadius ## 9383838 com.risa.app/com.risa.app.MainActivity#27397 cornerRadius=0.000000
01-13 22:45:03.580 I/WindowManager( 2613): Relayout hash=b27b017, pid=4373, syncId=43: mAttrs={(0,0)(135xfill) gr=RIGHT CENTER_HORIZONTAL sim={adjust=pan} layoutInDisplayCutoutMode=always ty=NAVIGATION_BAR fmt=TRANSLUCENT
01-13 22:45:03.580 I/WindowManager( 2613):   fl=20040028
01-13 22:45:03.580 I/WindowManager( 2613):   pfl=31001000
01-13 22:45:03.580 I/WindowManager( 2613):   bhv=1
01-13 22:45:03.580 I/WindowManager( 2613):   providedInsets:
01-13 22:45:03.580 I/WindowManager( 2613):     InsetsFrameProvider: {id=#86cb0001, index=0, type=navigationBars, source=FRAME, flags=[], insetsSizeOverrides=[TypedInsetsSize: {windowType=INPUT_METHOD, insetsSize=null}]}
01-13 22:45:03.580 I/WindowManager( 2613):     InsetsFrameProvider: {id=#86cb0006, index=0, type=tappableElement, source=FRAME, flags=[]}
01-13 22:45:03.580 I/WindowManager( 2613):     InsetsFrameProvider: {id=#86cb0005, index=0, type=mandatorySystemGestures, source=FRAME, flags=[]}
01-13 22:45:03.580 I/WindowManager( 2613):     InsetsFrameProvider: {id=#86cb0004, index=0, type=systemGestures, source=DISPLAY, flags=[], insetsSize=Insets{left=0, top=0, right=0, bottom=0}, mMinimalInsetsSizeInDisplayCutoutSafe=Insets{left=0, top=0, right=0, bottom=0}}
01-13 22:45:03.580 I/WindowManager( 2613):     InsetsFrameProvider: {id=#86cb0024, index=1, type=systemGestures, source=DISPLAY, flags=[], insetsSize=Insets{left=0, top=0, right=0, bottom=0}, mMinimalInsetsSizeInDisplayCutoutSafe=Insets{left=0, top=0, right=0, bottom=0}}
01-13 22:45:03.580 I/WindowManager( 2613):   frameRateBoostOnTouch=true
01-13 22:45:03.580 I/WindowManager( 2613):   dvrrWindowFrameRateHint=true
01-13 22:45:03.580 I/WindowManager( 2613):   paramsForRotation:
01-13 22:45:03.580 I/WindowManager( 2613):     ROTATION_0={(0,0)(fillx135) gr=BOTTOM CENTER_VERTICAL layoutInDisplayCutoutMode=always ty=NAVIGATION_BAR fmt=TRANSLUCENT
01-13 22:45:03.580 I/WindowManager( 2613):       fl=20040028
01-13 22:45:03.580 I/WindowManager( 2613):       pfl=31001000
01-13 22:45:03.580 I/WindowManager( 2613):       bhv=1
01-13 22:45:03.580 I/WindowManager( 2613):       providedInsets:
01-13 22:45:03.580 I/WindowManager( 2613):         InsetsFrameProvider: {id=#86cb0001, index=0, type=navigationBars, source=FRAME, flags=[], insetsSize=Insets{left=0, top=0, right=0, bottom=135}, insetsSizeOverrides=[TypedInsetsSize: {windowType=INPUT_METHOD, insetsSize=null}]}
01-13 22:45:03.580 I/WindowManager( 2613):         InsetsFrameProvider: {id=#86cb0006, index=0, type=tappableElement, source=FRAME, flags=[]}
01-13 22:45:03.580 I/WindowManager( 2613):         InsetsFrameProvider: {id=#86cb0005, index=0, type=mandatorySystemGestures, source=FRAME, flags=[]}
01-13 22:45:03.580 I/WindowManager( 2613):         InsetsFrameProvider: {id=#86cb0004, index=0, type=systemGestures, source=DISPLAY, flags=[], insetsSize=Insets{left=0, top=0, right=0, bottom=0}, mMinimalInsetsSizeInDisplayCutoutSafe=Insets{left=0, top=0, right=0, bottom=0}}
01-13 22:45:03.580 I/WindowManager( 2613):         InsetsFrameProvider: {id=#86cb0024, index=1, type=systemGestures, source=DISPLAY, flags=[], insetsSize=Insets{left=0, top=0, right=0, bottom=0}, mMinimalInsetsSizeInDisplayCutoutSafe=Insets{left=0, top=0, right=0, bottom=0}}
01-13 22:45:03.580 I/WindowManager( 2613):       frameRateBoostOnTouch=true
01-13 22:45:03.580 I/WindowManager( 2613):       dvrrWindowFrameRateHint=true naviIconColor=0}
01-13 22:45:03.580 I/WindowManager( 2613):     ROTATION_90={(0,0)(135xfill) gr=RIGHT CENTER_HORIZONTAL layoutInDisplayCutoutMode=always ty=NAVIGATION_BAR fmt=TRANSLUCENT
01-13 22:45:03.580 I/WindowManager( 2613):       fl=20040028
01-13 22:45:03.580 I/WindowManager( 2613):       pfl=31001000
01-13 22:45:03.580 I/WindowManager( 2613):       bhv=1
01-13 22:45:03.580 I/WindowManager( 2613):       providedInsets:
01-13 22:45:03.580 I/WindowManager( 2613):         InsetsFrameProvider: {id=#86cb0001, index=0, type=navigationBars, source=FRAME, flags=[], insetsSizeOverrides=[TypedInsetsSize: {windowType=INPUT_METHOD, insetsSize=null}]}
01-13 22:45:03.580 I/WindowManager( 2613):         InsetsFrameProvider: {id=#86cb0006, index=0, type=tappableElement, source=FRAME, flags=[]}
01-13 22:45:03.580 I/WindowManager( 2613):         InsetsFrameProvider: {id=#86cb0005, index=0, type=mandatorySystemGestures, source=FRAME, flags=[]}
01-13 22:45:03.580 I/WindowManager( 2613):         InsetsFrameProvider: {id=#86cb0004, index=0, type=systemGestures, source=DISPLAY, flags=[], insetsSize=Insets{left=0, top=0, right=0, bottom=0}, mMinimalInsetsSizeInDisplayCutoutSafe=Insets{left=0, top=0, right=0, bottom=0}}
01-13 22:45:03.580 I/WindowManager( 2613):         InsetsFrameProvider: {id=#86cb0024, index=1, type=systemGestures, source=DISPLAY, flags=[], insetsSize=Insets{left=0, top=0, right=0, bottom=0}, mMinimalInsetsSizeInDisplayCutoutSafe=Insets{left=0, top=0, right=0, bottom=0}}
01-13 22:45:03.580 I/WindowManager( 2613):       frameRateBoostOnTouch=true
01-13 22:45:03.580 I/WindowManager( 2613):       dvrrWindowFrameRateHint=true naviIconColor=0}
01-13 22:45:03.580 I/WindowManager( 2613):     ROTATION_180={(0,0)(fillx135) gr=BOTTOM CENTER_VERTICAL layoutInDisplayCutoutMode=always ty=NAVIGATION_BAR fmt=TRANSLUCENT
01-13 22:45:03.580 I/WindowManager( 2613):       fl=20040028
01-13 22:45:03.580 I/WindowManager( 2613):       pfl=31001000
01-13 22:45:03.580 I/WindowManager( 2613):       bhv=1
01-13 22:45:03.580 I/WindowManager( 2613):       providedInsets:
01-13 22:45:03.580 I/WindowManager( 2613):         InsetsFrameProvider: {id=#86cb0001, index=0, type=navigationBars, source=FRAME, flags=[], insetsSize=Insets{left=0, top=0, right=0, bottom=135}, insetsSizeOverrides=[TypedInsetsSize: {windowType=INPUT_METHOD, insetsSize=null}]}
01-13 22:45:03.580 I/WindowManager( 2613):         InsetsFrameProvider: {id=#86cb0006, index=0, type=tappableElement, source=FRAME, flags=[]}
01-13 22:45:03.580 I/WindowManager( 2613):         InsetsFrameProvider: {id=#86cb0005, index=0, type=mandatorySystemGestures, source=FRAME, flags=[]}
01-13 22:45:03.580 I/WindowManager( 2613):         InsetsFrameProvider: {id=#86cb0004, index=0, type=systemGestures, source=DISPLAY, flags=[], insetsSize=Insets{left=0, top=0, right=0, bottom=0}, mMinimalInsetsSizeInDisplayCutoutSafe=Insets{left=0, top=0, right=0, bottom=0}}
01-13 22:45:03.580 I/WindowManager( 2613):         InsetsFrameProvider: {id=#86cb0024, index=1, type=systemGestures, source=DISPLAY, flags=[], insetsSize=Insets{left=0, top=0, right=0, bottom=0}, mMinimalInsetsSizeInDisplayCutoutSafe=Insets{left=0, top=0, right=0, bottom=0}}
01-13 22:45:03.580 I/WindowManager( 2613):       frameRateBoostOnTouch=true
01-13 22:45:03.580 I/WindowManager( 2613):       dvrrWindowFrameRateHint=true naviIconColor=0}
01-13 22:45:03.580 I/WindowManager( 2613):     ROTATION_270={(0,0)(135xfill) gr=LEFT CENTER_HORIZONTAL layoutInDisplayCutoutMode=always ty=NAVIGATION_BAR fmt=TRANSLUCENT
01-13 22:45:03.580 I/WindowManager( 2613):       fl=20040028
01-13 22:45:03.580 I/WindowManager( 2613):       pfl=31001000
01-13 22:45:03.580 I/WindowManager( 2613):       bhv=1
01-13 22:45:03.580 I/WindowManager( 2613):       providedInsets:
01-13 22:45:03.580 I/WindowManager( 2613):         InsetsFrameProvider: {id=#86cb0001, index=0, type=navigationBars, source=FRAME, flags=[], insetsSizeOverrides=[TypedInsetsSize: {windowType=INPUT_METHOD, insetsSize=null}]}
01-13 22:45:03.580 I/WindowManager( 2613):         InsetsFrameProvider: {id=#86cb0006, index=0, type=tappableElement, source=FRAME, flags=[]}
01-13 22:45:03.580 I/WindowManager( 2613):         InsetsFrameProvider: {id=#86cb0005, index=0, type=mandatorySystemGestures, source=FRAME, flags=[]}
01-13 22:45:03.580 I/WindowManager( 2613):         InsetsFrameProvider: {id=#86cb0004, index=0, type=systemGestures, source=DISPLAY, flags=[], insetsSize=Insets{left=0, top=0, right=0, bottom=0}, mMinimalInsetsSizeInDisplayCutoutSafe=Insets{left=0, top=0, right=0, bottom=0}}
01-13 22:45:03.580 I/WindowManager( 2613):         InsetsFrameProvider: {id=#86cb0024, index=1, type=systemGestures, source=DISPLAY, flags=[], insetsSize=Insets{left=0, top=0, right=0, bottom=0}, mMinimalInsetsSizeInDisplayCutoutSafe=Insets{left=0, top=0, right=0, bottom=0}}
01-13 22:45:03.580 I/WindowManager( 2613):       frameRateBoostOnTouch=true
01-13 22:45:03.580 I/WindowManager( 2613):       dvrrWindowFrameRateHint=true naviIconColor=0} naviIconColor=0}
01-13 22:45:03.580 I/BLASTBufferQueue_Java( 4373): update, w= 135 h= 1080 mName = VRI[NavigationBar0]@f5bd5f2 mNativeObject= 0xb400007647f129d0 sc.mNativeObject= 0xb400007547edbc50 format= -3 caller= android.view.ViewRootImpl.updateBlastSurfaceIfNeeded:3574 android.view.ViewRootImpl.relayoutWindow:11685 android.view.ViewRootImpl.performTraversals:4804 android.view.ViewRootImpl.doTraversal:3924 android.view.ViewRootImpl$TraversalRunnable.run:12903 android.view.Choreographer$CallbackRecord.run:1901 
01-13 22:45:03.581 I/VRI[NavigationBar0]@f5bd5f2( 4373): Relayout returned: old=(2205,0,2340,1080) new=(2205,0,2340,1080) relayoutAsync=false req=(135,1080)0 dur=2 res=0x1 s={true 0xb4000074f7f8c610} ch=false seqId=43
01-13 22:45:03.581 D/VRI[NavigationBar0]@f5bd5f2( 4373): Relayout called with blastSync
01-13 22:45:03.581 D/VRI[NavigationBar0]@f5bd5f2( 4373): reportNextDraw android.view.ViewRootImpl.performTraversals:4814 android.view.ViewRootImpl.doTraversal:3924 android.view.ViewRootImpl$TraversalRunnable.run:12903 android.view.Choreographer$CallbackRecord.run:1901 android.view.Choreographer$CallbackRecord.run:1910 
01-13 22:45:03.581 D/VRI[NavigationBar0]@f5bd5f2( 4373): mThreadedRenderer.updateSurface() mSurface={isValid=true 0xb4000074f7f8c610}
01-13 22:45:03.581 D/VRI[NavigationBar0]@f5bd5f2( 4373): reportNextDraw android.view.ViewRootImpl.performTraversals:5443 android.view.ViewRootImpl.doTraversal:3924 android.view.ViewRootImpl$TraversalRunnable.run:12903 android.view.Choreographer$CallbackRecord.run:1901 android.view.Choreographer$CallbackRecord.run:1910 
01-13 22:45:03.581 D/VRI[NavigationBar0]@f5bd5f2( 4373): Setup new sync=wmsSync-VRI[NavigationBar0]@f5bd5f2#91
01-13 22:45:03.581 I/VRI[NavigationBar0]@f5bd5f2( 4373): Creating new active sync group VRI[NavigationBar0]@f5bd5f2#92
01-13 22:45:03.581 D/VRI[NavigationBar0]@f5bd5f2( 4373): registerCallbacksForSync syncBuffer=true
01-13 22:45:03.581 D/NavBarStateManager( 4373): NavBarStates(0) canUseNavBarBackgroundFrame: false
01-13 22:45:03.582 D/VRI[NavigationBar0]@f5bd5f2( 4373): Received frameDrawingCallback syncResult=0 frameNum=20890.
01-13 22:45:03.582 I/VRI[NavigationBar0]@f5bd5f2( 4373): mWNT: t=0xb400007637ed6410 mBlastBufferQueue=0xb400007647f129d0 fn= 20890 HdrRenderState mRenderHdrSdrRatio=1.0 caller= android.view.ViewRootImpl$12.onFrameDraw:15441 android.view.ThreadedRenderer$1.onFrameDraw:718 <bottom of call stack> 
01-13 22:45:03.582 I/VRI[NavigationBar0]@f5bd5f2( 4373): Setting up sync and frameCommitCallback
01-13 22:45:03.582 I/BLASTBufferQueue_Java( 4373): syncNextTransaction, mName= VRI[NavigationBar0]@f5bd5f2 acquireSingleBuffer= true mNativeObject= 0xb400007647f129d0 callback= android.view.ViewRootImpl$12$$ExternalSyntheticLambda0@a21f02f caller= android.graphics.BLASTBufferQueue.syncNextTransaction:203 android.view.ViewRootImpl$12.onFrameDraw:15467 android.view.ThreadedRenderer$1.onFrameDraw:718 <bottom of call stack> <bottom of call stack> <bottom of call stack> 
01-13 22:45:03.582 I/BLASTBufferQueue( 4373): [VRI[NavigationBar0]@f5bd5f2#2](f:0,a:1,s:0) syncNextTransaction callback: 1, acquireSingleBuffer: 1, mTransactionReadyCallback: 0
01-13 22:45:03.582 W/qdgralloc( 4373): getInterlacedFlag: getMetaData returned 3, defaulting to interlaced_flag = 0
01-13 22:45:03.583 I/BLASTBufferQueue( 4373): [VRI[NavigationBar0]@f5bd5f2#2](f:0,a:1,s:0) onFrameAvailable-start syncTransactionSet=true
01-13 22:45:03.583 I/BLASTBufferQueue( 4373): [VRI[NavigationBar0]@f5bd5f2#2](f:0,a:1,s:0) onFrameAvailable framenumber=20890 syncTransactionSet=true
01-13 22:45:03.583 I/BLASTBufferQueue( 4373): [VRI[NavigationBar0]@f5bd5f2#2](f:1,a:1,s:0) onFrameAvailable framenumber=20890 syncTransactionSet=true
01-13 22:45:03.583 I/BLASTBufferQueue( 4373): [VRI[NavigationBar0]@f5bd5f2#2](f:0,a:2,s:1) mergePendingTransactions t: 18781892198795, frameNumber: 20890
01-13 22:45:03.583 I/BLASTBufferQueue( 4373): [VRI[NavigationBar0]@f5bd5f2#2] transaction merge. this(id: 18781892198795, fn: 20890). other(id: 18781892198794, fn: 20890)
01-13 22:45:03.583 I/BLASTBufferQueue( 4373): [VRI[NavigationBar0]@f5bd5f2#2](f:0,a:2,s:1) acquireNextBufferLocked t: 18781892198795, mLastAppliedFrameNumber: 20889
01-13 22:45:03.583 I/BLASTBufferQueue( 4373): [VRI[NavigationBar0]@f5bd5f2#2](f:0,a:2,s:1) acquireNextBufferLocked size=135x1080 mFrameNumber=20890 applyTransaction=false mTimestamp=50516835136456(auto) mPendingTransactions.size=0 graphicBufferId=18781891993355 transform=7
01-13 22:45:03.583 I/VRI[NavigationBar0]@f5bd5f2( 4373): Received ready transaction from native, debugName=syncBuffer_VRI[NavigationBar0]@f5bd5f2#92
01-13 22:45:03.584 I/VRI[NavigationBar0]@f5bd5f2( 4373): Received frameCommittedCallback lastAttemptedDrawFrameNum=20890 didProduceBuffer=true
01-13 22:45:03.584 D/VRI[NavigationBar0]@f5bd5f2( 4373): reportDrawFinished seqId=43
01-13 22:45:03.584 I/SurfaceComposerClient( 4373): uncacheWithoutTransaction() cacheId: 18781891993355
01-13 22:45:03.585 D/WindowManager( 2613): finishDrawingWindow: Window{b27b017 u0 NavigationBar0} mDrawState=DRAW_PENDING seqId=43
01-13 22:45:03.585 D/WindowManager( 2613): finishDrawingWindow: syncBuffer=syncBuffer_VRI[NavigationBar0]@f5bd5f2#92_seqId<43>
01-13 22:45:03.585 I/WindowManager( 2613): finishDrawing of orientation change: Window{b27b017 u0 NavigationBar0} 65ms
01-13 22:45:03.585 D/WindowManager( 2613): executeDrawHandlers, seqId=43, h.mSeqId=43, hadHandlers=true, win=Window{b27b017 u0 NavigationBar0}
01-13 22:45:03.585 D/AsyncRotation_WindowManager( 2613): handleFinishDrawing Window{b27b017 u0 NavigationBar0}
01-13 22:45:03.585 D/AsyncRotation_WindowManager( 2613): handleFinishDrawing, merged drawTransaction=syncBuffer_VRI[NavigationBar0]@f5bd5f2#92_seqId<43>, w=Window{b27b017 u0 NavigationBar0}
01-13 22:45:03.585 D/AsyncRotation_WindowManager( 2613): Complete directly Window{b27b017 u0 NavigationBar0}
01-13 22:45:03.585 D/AsyncRotation_WindowManager( 2613): finishOp merge transaction Window{b27b017 u0 NavigationBar0}
01-13 22:45:03.585 D/AsyncRotation_WindowManager( 2613): finishOp undo seamless Window{b27b017 u0 NavigationBar0}
01-13 22:45:03.585 D/WindowManager( 2613): finishDrawing, postDrawTransaction=null, syncTransaction=null, pendingTransaction=syncBuffer_VRI[NavigationBar0]@f5bd5f2#92_seqId<43>, w=Window{b27b017 u0 NavigationBar0}
01-13 22:45:03.587 E/SurfaceFlinger( 1830): alpha changed 1.000 -> 0.000 - Surface(name=WindowToken{1eb3624 type=2032 android.os.Binder@fb0eb7})/@0x609b9be - animation-leash of token_transform#27398
01-13 22:45:03.587 I/SurfaceFlinger( 1830): RequestedLayer [Surface(name=WindowToken{1eb3624 typ[...]ation-leash of token_transform#27398] hidden!! flag  from(1) --> to(0)
01-13 22:45:03.587 E/SurfaceFlinger( 1830): alpha changed 0.000 -> 0.000 - Surface(name=WindowToken{1eb3624 type=2032 android.os.Binder@fb0eb7})/@0x609b9be - animation-leash of token_transform#27398
01-13 22:45:03.587 I/SurfaceFlinger( 1830): [LayerHierarchy{RequestedLayerState{WindowToken{1eb3624 type=2032 android.os.Binder@fb0eb7}#131 parentId=27398 z=1} 1 children}] reparent to LayerHierarchy{RequestedLayerState{Surface(name=WindowToken{1eb3624 type=2032 android.os.Binder@fb0eb7})/@0x609b9be - animation-leash of token_transform#27398 parentId=38 z=1} 1 children}
01-13 22:45:03.587 I/SurfaceFlinger( 1830): [LayerHierarchy{RequestedLayerState{Surface(name=WindowToken{1eb3624 type=2032 android.os.Binder@fb0eb7})/@0x609b9be - animation-leash of token_transform#27387 z=1} no children}] reparent to OffscreenRoot
01-13 22:45:03.587 I/SurfaceFlinger( 1830): [LayerHierarchy{RequestedLayerState{Surface(name=WindowToken{1eb3624 type=2032 android.os.Binder@fb0eb7})/@0x609b9be - animation-leash of token_transform#27387 z=1} no children}] RelativeParent to null
01-13 22:45:03.587 I/SurfaceControlRegistry( 2613): hide, t=syncBuffer_VRI[NavigationBar0]@f5bd5f2#92_seqId<43> sc=WallpaperWindowToken{9072363 showWhenLocked=false}, caller=android.view.SurfaceControl$Transaction.hide:3583 android.view.SurfaceControl$Transaction.setVisibility:3525 com.android.server.wm.WallpaperWindowToken.prepareSurfaces:36 com.android.server.wm.WindowContainer.prepareSurfaces:18 com.android.server.wm.WindowContainer.prepareSurfaces:18 com.android.server.wm.WindowContainer.prepareSurfaces:18 
01-13 22:45:03.587 I/SurfaceControlRegistry( 2613): hide, t=syncBuffer_VRI[NavigationBar0]@f5bd5f2#92_seqId<43> sc=WallpaperWindowToken{7ec151 showWhenLocked=false}, caller=android.view.SurfaceControl$Transaction.hide:3583 android.view.SurfaceControl$Transaction.setVisibility:3525 com.android.server.wm.WallpaperWindowToken.prepareSurfaces:36 com.android.server.wm.WindowContainer.prepareSurfaces:18 com.android.server.wm.WindowContainer.prepareSurfaces:18 com.android.server.wm.WindowContainer.prepareSurfaces:18 
01-13 22:45:03.587 I/SurfaceControlRegistry( 2613): apply, t=syncBuffer_VRI[NavigationBar0]@f5bd5f2#92_seqId<43>, caller=android.view.SurfaceControl$Transaction.apply:3459 android.view.SurfaceControl$Transaction.apply:3447 android.view.SurfaceControl$Transaction.apply:3397 com.android.server.wm.WindowAnimator.animate:307 com.android.server.wm.WindowAnimator$$ExternalSyntheticLambda1.doFrame:14 android.view.Choreographer$CallbackRecord.run:1899 
01-13 22:45:03.587 I/SurfaceComposerClient( 2613): setTransactionState with buffer. layerId: 98, bufferData(ID: 18781891993355, frameNumber: 20890, barrierFrameNumber: 20889)
01-13 22:45:03.588 D/SurfaceFlinger( 1830): [NavigationBar0$_4373#98] setTransactionState with buffer. bufferData(ID: 18781891993355, frameNumber: 20890, barrierFrameNumber: 20889)
01-13 22:45:03.590 D/ScrollView( 4373):  onsize change changed 
01-13 22:45:03.590 D/QsExpandAnimator( 4373): setQsExpansionPosition 0.0
01-13 22:45:03.603 E/SurfaceFlinger( 1830): alpha changed 0.000 -> 0.185 - Surface(name=WindowToken{1eb3624 type=2032 android.os.Binder@fb0eb7})/@0x609b9be - animation-leash of token_transform#27398
01-13 22:45:03.603 I/HoneySpace.WallpaperAnimator( 5028): destroyWallpaperSurface Surface(name=Surface(name=RemoteWallpaperAnim:1:1)/@0x147945f - animation-leash of remote_wallpaper)/@0x2275ea8
01-13 22:45:03.603 I/HoneySpace.WallpaperAnimator( 5028): wallpaper animation end [126528961]
01-13 22:45:03.604 I/WindowManager( 2613): Cancelling animation restarting=false, leash=Surface(name=Surface(name=RemoteWallpaperAnim:1:1)/@0x147945f - animation-leash of remote_wallpaper)/@0xbc69119
01-13 22:45:03.604 I/WindowManager( 2613): Reparenting to original parent: Surface(name=OneHanded:0:14)/@0xb294eac, destroy=false, surface=Surface(name=RemoteWallpaperAnim:1:1)/@0x147945f
01-13 22:45:03.604 D/WindowManager( 2613): mRunner#onAnimationCancelled, leash=Surface(name=Surface(name=RemoteWallpaperAnim:1:1)/@0x147945f - animation-leash of remote_wallpaper)/@0xbc69119, caller=com.android.server.wm.SurfaceAnimator.cancelAnimation:14 com.android.server.wm.SurfaceAnimator.cancelAnimation:1 com.android.server.wm.WindowContainer.cancelAnimation:3 com.android.server.wm.WindowManagerService.finishRemoteWallpaperAnimation:81 android.view.IWindowManager$Stub.onTransact:4336 
01-13 22:45:03.604 I/BLASTBufferQueue( 4373): [VRI[NavigationBar0]@f5bd5f2#2](f:0,a:2,s:1) transactionCommittedCallback
01-13 22:45:03.604 I/BLASTBufferQueue( 4373): [VRI[NavigationBar0]@f5bd5f2#2](f:0,a:2,s:0) transactionCommittedCallback mSyncedFrameNumbers.erase(20890)
01-13 22:45:03.604 I/HoneySpace.WallpaperAnimator( 5028): onAnimationCancelled
01-13 22:45:03.604 D/WindowManager( 2613): finishRemoteWallpaperAnimation, success=true
01-13 22:45:03.604 I/WindowManager( 2613): notifyInsetsControlChanged, removed=false, win=Window{616a034 u0 Splash Screen com.risa.app}, caller=com.android.server.wm.InsetsStateController$$ExternalSyntheticLambda1.run:137 com.android.server.wm.WindowAnimator$$ExternalSyntheticLambda2.onTransactionCommitted:26 android.view.SurfaceControl$Transaction$$ExternalSyntheticLambda4.run:0 android.os.Handler.handleCallback:995 android.os.Handler.dispatchMessage:103 android.os.Looper.loopOnce:273 
01-13 22:45:03.605 I/DisplayDeviceRepository( 2613): Display device changed render timings: "Built-in Screen", renderFrameRate=60.000004, presentationDeadlineNanos=17666666, appVsyncOffsetNanos=16666666, frameRateOverrides=[{uid=10049 frameRateHz=60.000004}, {uid=10477 frameRateHz=60.000004}]
01-13 22:45:03.605 D/SurfaceFlinger( 1830): Display 4630946662957460867 HWC layers:
01-13 22:45:03.605 D/SurfaceFlinger( 1830):        DEVICE |           18781891993354 | 00002100 | RGBA_8888    |    0.0    0.0 2340.0 1080.0 |    0    0 1080 2340 | Splash Screen com.risa.app$_4373#27386 (3)
01-13 22:45:03.605 D/SurfaceFlinger( 1830):        DEVICE |           18781891993355 | 00002100 | RGBA_8888    |    0.0    0.0 1080.0  135.0 |    0 2205 1080 2340 | NavigationBar0$_4373#98 (20890)
01-13 22:45:03.605 D/SurfaceFlinger( 1830):        DEVICE |           34978213658709 | 00002100 | RGBA_8888    |    0.0    0.0  111.0  114.0 |  484    0  595  114 | $_8144#134 (83)
01-13 22:45:03.605 D/SurfaceFlinger( 1830): 
01-13 22:45:03.605 V/WindowManager( 2613): performShowLocked: mDrawState=HAS_DRAWN in Window{b27b017 u0 NavigationBar0}
01-13 22:45:03.606 D/SurfaceComposerClient( 2613): setCornerRadius ## 616a034 Splash Screen com.risa.app#27385 cornerRadius=0.000000
01-13 22:45:03.606 D/SurfaceComposerClient( 2613): setCornerRadius ## 9383838 com.risa.app/com.risa.app.MainActivity#27397 cornerRadius=0.000000
01-13 22:45:03.606 W/View    ( 4373): requestLayout() improperly called by com.android.systemui.qs.SecQSGradationDrawableView{ea1dade V.E...... ......ID 0,0-1080,332 #7f0a0a16 app:id/qs_gradation_view} during layout: running second layout pass
01-13 22:45:03.606 W/View    ( 4373): requestLayout() improperly called by android.widget.FrameLayout{14e04bf V.E...... ......I. 0,0-1080,2340 #2} during layout: running second layout pass
01-13 22:45:03.606 W/View    ( 4373): requestLayout() improperly called by android.widget.FrameLayout{e64678c V.E...... ......ID -415,152-1497,2340 #7f0a0a14 app:id/qs_frame} during layout: running second layout pass
01-13 22:45:03.607 W/RefactorFlag( 4373): New code path expects SceneContainerFlag to be enabled.
01-13 22:45:03.607 D/IndicatorGardenInputProperties( 4373): Set cutout=DisplayCutout{insets=Rect(84, 0 - 0, 0) waterfall=Insets{left=0, top=0, right=0, bottom=0} boundingRect={Bounds=[Rect(0, 514 - 84, 565), Rect(0, 0 - 0, 0), Rect(0, 0 - 0, 0), Rect(0, 0 - 0, 0)]} cutoutPathParserInfo={CutoutPathParserInfo{displayWidth=1080 displayHeight=2340 physicalDisplayWidth=1080 physicalDisplayHeight=2340 density={2.8125} cutoutSpec={M 0,0 H -9.066666666666667 V 29.86666666666667 H 9.066666666666667 V 0 H 0 Z @dp} rotation={1} scale={1.0} physicalPixelDisplaySizeRatio={1.0}}} sideOverrides={}}
01-13 22:45:03.608 I/FaceWidgetViewModel( 4373): onNioLayoutUpdated : left 143, right 59, total 84, top 17, bottom 0, containerStartX 396, containerEndX 1939, iconSize 39, iconScaleRate 0.93430656
01-13 22:45:03.608 I/FaceWidgetKeyguardNIOController( 4373): isNioContainerSizeValid availableWidth 1543 currentWidth 124 isAvailableWidth true
01-13 22:45:03.608 D/IndicatorBasicGardener( 4373): PhoneStatusBarViewController update is done totalHeight=84  hasCameraTopMargin=true  cameraTopMargin=17  hasCameraBottomMargin=false  cameraBottomMargin=0  paddingLeft=143  paddingRight=59  maxWidthLeftContainer=1939  maxWidthCenterContainer=29  maxWidthRightContainer=2108 cutout=DisplayCutout{insets=Rect(84, 0 - 0, 0) waterfall=Insets{left=0, top=0, right=0, bottom=0} boundingRect={Bounds=[Rect(0, 514 - 84, 565), Rect(0, 0 - 0, 0), Rect(0, 0 - 0, 0), Rect(0, 0 - 0, 0)]} cutoutPathParserInfo={CutoutPathParserInfo{displayWidth=1080 displayHeight=2340 physicalDisplayWidth=1080 physicalDisplayHeight=2340 density={2.8125} cutoutSpec={M 0,0 H -9.066666666666667 V 29.86666666666667 H 9.066666666666667 V 0 H 0 Z @dp} rotation={1} scale={1.0} physicalPixelDisplaySizeRatio={1.0}}} sideOverrides={}}
01-13 22:45:03.608 I/WindowManager( 2613): Relayout Window{e736f56 u0 StatusBar}: viewVisibility=0 req=2340x84 ty=2000 d0
01-13 22:45:03.609 I/BLASTBufferQueue_Java( 4373): update, w= 2340 h= 84 mName = VRI[StatusBar]@caacad6 mNativeObject= 0xb400007647fbd470 sc.mNativeObject= 0xb400007547e90c50 format= -3 caller= android.view.ViewRootImpl.updateBlastSurfaceIfNeeded:3574 android.view.ViewRootImpl.relayoutWindow:11685 android.view.ViewRootImpl.performTraversals:4804 android.view.ViewRootImpl.doTraversal:3924 android.view.ViewRootImpl$TraversalRunnable.run:12903 android.view.Choreographer$CallbackRecord.run:1901 
01-13 22:45:03.609 D/SurfaceComposerClient( 2613): setCornerRadius ## 616a034 Splash Screen com.risa.app#27385 cornerRadius=0.000000
01-13 22:45:03.609 I/VRI[StatusBar]@caacad6( 4373): Relayout returned: old=(0,0,2340,84) new=(0,0,2340,84) relayoutAsync=true req=(2340,84)0 dur=0 res=0x0 s={true 0xb4000074f7fe0df0} ch=false seqId=0
01-13 22:45:03.609 D/VRI[StatusBar]@caacad6( 4373): mThreadedRenderer.updateSurface() mSurface={isValid=true 0xb4000074f7fe0df0}
01-13 22:45:03.609 D/SurfaceComposerClient( 2613): setCornerRadius ## 616a034 Splash Screen com.risa.app#27385 cornerRadius=0.000000
01-13 22:45:03.609 D/SurfaceComposerClient( 2613): setCornerRadius ## 9383838 com.risa.app/com.risa.app.MainActivity#27397 cornerRadius=0.000000
01-13 22:45:03.609 D/{OngoingChipAdapter}( 4373): updateEnableMaxWidth : 327 -:> 1826
01-13 22:45:03.609 D/VRI[StatusBar]@caacad6( 4373): Setup new sync=wmsSync-VRI[StatusBar]@caacad6#94
01-13 22:45:03.609 I/VRI[StatusBar]@caacad6( 4373): Creating new active sync group VRI[StatusBar]@caacad6#95
01-13 22:45:03.609 D/VRI[StatusBar]@caacad6( 4373): registerCallbacksForSync syncBuffer=false
01-13 22:45:03.610 I/WindowManager( 2613): Relayout hash=e736f56, pid=0, syncId=-1: mAttrs={(0,0)(fillx84) gr=TOP CENTER_VERTICAL sim={adjust=pan} layoutInDisplayCutoutMode=always ty=STATUS_BAR fmt=TRANSLUCENT
01-13 22:45:03.610 I/WindowManager( 2613):   fl=81000008
01-13 22:45:03.610 I/WindowManager( 2613):   pfl=11000000
01-13 22:45:03.610 I/WindowManager( 2613):   bhv=1
01-13 22:45:03.610 I/WindowManager( 2613):   providedInsets:
01-13 22:45:03.610 I/WindowManager( 2613):     InsetsFrameProvider: {id=#1ef10000, index=0, type=statusBars, source=FRAME, flags=[], insetsSize=Insets{left=0, top=84, right=0, bottom=0}}
01-13 22:45:03.610 I/WindowManager( 2613):     InsetsFrameProvider: {id=#1ef10006, index=0, type=tappableElement, source=FRAME, flags=[], insetsSize=Insets{left=0, top=84, right=0, bottom=0}}
01-13 22:45:03.610 I/WindowManager( 2613):     InsetsFrameProvider: {id=#1ef10005, index=0, type=mandatorySystemGestures, source=FRAME, flags=[], mMinimalInsetsSizeInDisplayCutoutSafe=Insets{left=0, top=34, right=0, bottom=0}}
01-13 22:45:03.610 I/WindowManager( 2613):   frameRateBoostOnTouch=true
01-13 22:45:03.610 I/WindowManager( 2613):   dvrrWindowFrameRateHint=true
01-13 22:45:03.610 I/WindowManager( 2613):   paramsForRotation:
01-13 22:45:03.610 I/WindowManager( 2613):     ROTATION_0={(0,0)(fillx84) gr=TOP CENTER_VERTICAL layoutInDisplayCutoutMode=always ty=STATUS_BAR fmt=TRANSLUCENT
01-13 22:45:03.610 I/WindowManager( 2613):       fl=80000008
01-13 22:45:03.610 I/WindowManager( 2613):       pfl=11000000
01-13 22:45:03.610 I/WindowManager( 2613):       bhv=1
01-13 22:45:03.610 I/WindowManager( 2613):       providedInsets:
01-13 22:45:03.610 I/WindowManager( 2613):         InsetsFrameProvider: {id=#1ef10000, index=0, type=statusBars, source=FRAME, flags=[], insetsSize=Insets{left=0, top=84, right=0, bottom=0}}
01-13 22:45:03.610 I/WindowManager( 2613):         InsetsFrameProvider: {id=#1ef10006, index=0, type=tappableElement, source=FRAME, flags=[], insetsSize=Insets{left=0, top=84, right=0, bottom=0}}
01-13 22:45:03.610 I/WindowManager( 2613):         InsetsFrameProvider: {id=#1ef10005, index=0, type=mandatorySystemGestures, source=FRAME, flags=[], insetsSize=Insets{left=0, top=84, right=0, bottom=0}, mMinimalInsetsSizeInDisplayCutoutSafe=Insets{left=0, top=34, right=0, bottom=0}}
01-13 22:45:03.610 I/WindowManager( 2613):       frameRateBoostOnTouch=true
01-13 22:45:03.610 I/WindowManager( 2613):       dvrrWindowFrameRateHint=true naviIconColor=0}
01-13 22:45:03.610 I/WindowManager( 2613):     ROTATION_90={(0,0)(fillx84) gr=TOP CENTER_VERTICAL layoutInDisplayCutoutMode=always ty=STATUS_BAR fmt=TRANSLUCENT
01-13 22:45:03.610 I/WindowManager( 2613):       fl=80000008
01-13 22:45:03.610 I/WindowManager( 2613):       pfl=11000000
01-13 22:45:03.610 I/WindowManager( 2613):       bhv=1
01-13 22:45:03.610 I/WindowManager( 2613):       providedInsets:
01-13 22:45:03.610 I/WindowManager( 2613):         InsetsFrameProvider: {id=#1ef10000, index=0, type=statusBars, source=FRAME, flags=[], insetsSize=Insets{left=0, top=84, right=0, bottom=0}}
01-13 22:45:03.610 I/WindowManager( 2613):         InsetsFrameProvider: {id=#1ef10006, index=0, type=tappableElement, source=FRAME, flags=[], insetsSize=Insets{left=0, top=84, right=0, bottom=0}}
01-13 22:45:03.610 I/WindowManager( 2613):         InsetsFrameProvider: {id=#1ef10005, index=0, type=mandatorySystemGestures, source=FRAME, flags=[], insetsSize=Insets{left=0, top=84, right=0, bottom=0}, mMinimalInsetsSizeInDisplayCutoutSafe=Insets{left=0, top=34, right=0, bottom=0}}
01-13 22:45:03.610 I/WindowManager( 2613):       frameRateBoostOnTouch=true
01-13 22:45:03.610 I/WindowManager( 2613):       dvrrWindowFrameRateHint=true naviIconColor=0}
01-13 22:45:03.610 I/WindowManager( 2613):     ROTATION_180={(0,0)(fillx84) gr=TOP CENTER_VERTICAL layoutInDisplayCutoutMode=always ty=STATUS_BAR fmt=TRANSLUCENT
01-13 22:45:03.610 I/WindowManager( 2613):       fl=80000008
01-13 22:45:03.610 I/WindowManager( 2613):       pfl=11000000
01-13 22:45:03.610 I/WindowManager( 2613):       bhv=1
01-13 22:45:03.610 I/WindowManager( 2613):       providedInsets:
01-13 22:45:03.610 I/WindowManager( 2613):         InsetsFrameProvider: {id=#1ef10000, index=0, type=statusBars, source=FRAME, flags=[], insetsSize=Insets{left=0, top=84, right=0, bottom=0}}
01-13 22:45:03.610 I/WindowManager( 2613):         InsetsFrameProvider: {id=#1ef10006, index=0, type=tappableElement, source=FRAME, flags=[], insetsSize=Insets{left=0, top=84, right=0, bottom=0}}
01-13 22:45:03.610 I/WindowManager( 2613):         InsetsFrameProvider: {id=#1ef10005, index=0, type=mandatorySystemGestures, source=FRAME, flags=[], insetsSize=Insets{left=0, top=84, right=0, bottom=0}, mMinimalInsetsSizeInDisplayCutoutSafe=Insets{left=0, top=34, right=0, bottom=0}}
01-13 22:45:03.610 I/WindowManager( 2613):       frameRateBoostOnTouch=true
01-13 22:45:03.610 I/WindowManager( 2613):       dvrrWindowFrameRateHint=true naviIconColor=0}
01-13 22:45:03.610 I/WindowManager( 2613):     ROTATION_270={(0,0)(fillx84) gr=TOP CENTER_VERTICAL layoutInDisplayCutoutMode=always ty=STATUS_BAR fmt=TRANSLUCENT
01-13 22:45:03.610 I/WindowManager( 2613):       fl=80000008
01-13 22:45:03.610 I/WindowManager( 2613):       pfl=11000000
01-13 22:45:03.610 I/WindowManager( 2613):       bhv=1
01-13 22:45:03.610 I/WindowManager( 2613):       providedInsets:
01-13 22:45:03.610 I/WindowManager( 2613):         InsetsFrameProvider: {id=#1ef10000, index=0, type=statusBars, source=FRAME, flags=[], insetsSize=Insets{left=0, top=84, right=0, bottom=0}}
01-13 22:45:03.610 I/WindowManager( 2613):         InsetsFrameProvider: {id=#1ef10006, index=0, type=tappableElement, source=FRAME, flags=[], insetsSize=Insets{left=0, top=84, right=0, bottom=0}}
01-13 22:45:03.610 I/WindowManager( 2613):         InsetsFrameProvider: {id=#1ef10005, index=0, type=mandatorySystemGestures, source=FRAME, flags=[], insetsSize=Insets{left=0, top=84, right=0, bottom=0}, mMinimalInsetsSizeInDisplayCutoutSafe=Insets{left=0, top=34, right=0, bottom=0}}
01-13 22:45:03.610 I/WindowManager( 2613):       frameRateBoostOnTouch=true
01-13 22:45:03.610 I/WindowManager( 2613):       dvrrWindowFrameRateHint=true naviIconColor=0} naviIconColor=0}
01-13 22:45:03.611 D/VRI[StatusBar]@caacad6( 4373): Received frameDrawingCallback syncResult=0 frameNum=46101.
01-13 22:45:03.611 I/VRI[StatusBar]@caacad6( 4373): mWNT: t=0xb400007637eec750 mBlastBufferQueue=0xb400007647fbd470 fn= 46101 HdrRenderState mRenderHdrSdrRatio=1.0 caller= android.view.ViewRootImpl$12.onFrameDraw:15441 android.view.ThreadedRenderer$1.onFrameDraw:718 <bottom of call stack> 
01-13 22:45:03.612 I/VRI[StatusBar]@caacad6( 4373): Setting up sync and frameCommitCallback
01-13 22:45:03.612 W/qdgralloc( 4373): getInterlacedFlag: getMetaData returned 3, defaulting to interlaced_flag = 0
01-13 22:45:03.613 I/VRI[StatusBar]@caacad6( 4373): Received frameCommittedCallback lastAttemptedDrawFrameNum=46101 didProduceBuffer=true
01-13 22:45:03.613 D/VRI[StatusBar]@caacad6( 4373): reportDrawFinished seqId=0
01-13 22:45:03.613 W/KeyguardSecurityViewFlipper( 4373): onMeasure: widthSpec MeasureSpec: EXACTLY 0 should be AT_MOST
01-13 22:45:03.613 W/KeyguardSecurityViewFlipper( 4373): onMeasure: heightSpec MeasureSpec: EXACTLY 0 should be AT_MOST
01-13 22:45:03.613 D/WindowManager( 2613): finishDrawingWindow: Window{e736f56 u0 StatusBar} mDrawState=DRAW_PENDING seqId=0
01-13 22:45:03.613 I/WindowManager( 2613): finishDrawing of orientation change: Window{e736f56 u0 StatusBar} 93ms
01-13 22:45:03.613 D/AsyncRotation_WindowManager( 2613): handleFinishDrawing Window{e736f56 u0 StatusBar}
01-13 22:45:03.613 D/AsyncRotation_WindowManager( 2613): Complete directly Window{e736f56 u0 StatusBar}
