--------- beginning of main
01-13 22:52:45.849  1821  1843 E HeatmapThread: ECT Thread time in milliseconds: 1768362765
01-13 22:52:45.851  1821  1843 D HeatmapThread: !@ batteryplugType : 2
01-13 22:52:45.852  1821  1843 D HeatmapThread: !@ batteryLevel : 75  batteryTemperature : 312 
01-13 22:52:45.852  1821  1843 D HeatmapThread: !@ Heatmap currtime: 29472712
01-13 22:52:45.852  1821  1843 D HeatmapThread: !@ Heatmap prevtime: 29472700
01-13 22:52:45.852  1821  1843 D HeatmapThread: !@ Heatmap plugstarttime: 29472704
01-13 22:52:45.852  1821  1843 D HeatmapThread: !@ Heatmap prevv_dsoh_update_time: 29471816
01-13 22:52:45.852  1821  1843 E HeatmapThread: !@ CAM New BSOH: 100
01-13 22:52:45.995  2613  3644 D InputDispatcher: 9f0e92f com.risa.app/com.risa.app.MainActivity is not responding. Waited 10001ms for FocusEvent(hasFocus=false)
01-13 22:52:46.025  2613  3644 W InputDispatcher: Window 9f0e92f com.risa.app/com.risa.app.MainActivity is unresponsive: 9f0e92f com.risa.app/com.risa.app.MainActivity is not responding. Waited 10001ms for FocusEvent(hasFocus=false)
01-13 22:52:46.025  2613  3644 W InputDispatcher: Canceling events for 9f0e92f com.risa.app/com.risa.app.MainActivity because it is unresponsive
--------- beginning of system
01-13 22:52:46.025  2613  3644 I WindowManager: ANR in Window{9f0e92f u0 com.risa.app/com.risa.app.MainActivity}. Reason:Input dispatching timed out (9f0e92f com.risa.app/com.risa.app.MainActivity is not responding. Waited 10001ms for FocusEvent(hasFocus=false)).
01-13 22:52:46.027  2613 25947 W ActivityManager: anr : com.risa.app,11308
01-13 22:52:46.029  2613 25946 D ActivityManager: created ANR temporary file:/data/anr/temp_anr_6838356988377158558.txt
01-13 22:52:46.029  2613 25946 I ActivityManager: Collecting stacks for pid 24136 into temporary file temp_anr_6838356988377158558.txt
01-13 22:52:46.030  2613 25946 E system_server: Could not open /dev/binderfs/binder_logs/transactions. Likely a permissions issue. errno: 2
01-13 22:52:46.030  2613 25946 E android.os.Debug: Failed to get binder state info for pid: 24136 status: -2: No such file or directory
01-13 22:52:46.032  2613 25946 I system_server: libdebuggerd_client: started dumping process 24136
01-13 22:52:46.034  1372  1372 I tombstoned: registered intercept for pid 24136 and type kDebuggerdJavaBacktrace
01-13 22:52:46.034 24136 24139 I com.risa.app: Thread[2,tid=24139,WaitingInMainSignalCatcherLoop,Thread*=0xb400007587e80f50,peer=0x2003d68,"Signal Catcher"]: reacting to signal 3
01-13 22:52:46.034 24136 24139 I com.risa.app: 
01-13 22:52:46.055  7237  7237 I SDHMS:PowerAnomaly:Gatherer:AppError: update AppError : uid=11308, pkg=com.risa.app, errorType=anr
01-13 22:52:46.060  7237  7237 I SDHMS:PowerAnomaly:Analyzer:AppError: analyze app error : uid=11308, pkg=com.risa.app, appErrorCount=2
01-13 22:52:46.120  2613  3808 D BackgroundInstallControlService: Package event received: 0
01-13 22:52:46.137  1603  1603 D Zygote  : Forked child process 25951
01-13 22:52:46.138  2613  3090 D DeviceReportingSecurityChecker: getStatus
01-13 22:52:46.138  2613  3090 D DeviceReportingSecurityChecker: mIsICDStatus is true
01-13 22:52:46.138  2613  3090 D DeviceReportingSecurityChecker: mIsSim is true
01-13 22:52:46.138  2613  3090 D DeviceReportingSecurityChecker: mIsEchoAppSignature is true
01-13 22:52:46.138  2613  3090 D DeviceReportingSecurityChecker: security check passed
01-13 22:52:46.138  2613  3090 D DeviceReportingSecurityChecker: mIsICDStatus === true mIsSim == true mIsMyAccountSignature== false mIsEchoAppSignature== true mIsSprintHubSignature== false
01-13 22:52:46.138  2613  3090 I ActivityManager: Start proc 25951:com.samsung.knox.securefolder/u0a136 for content provider {com.samsung.knox.securefolder/com.samsung.knox.securefolder.provider.ExternalProvider}
01-13 22:52:46.139  2613  3090 I ActivityManager: ProcessObserver broadcast disabled
01-13 22:52:46.170 25951 25951 I ox.securefolder: Using CollectorTypeCMC GC.
01-13 22:52:46.173 25951 25951 E ox.securefolder: Not starting debugger since process cannot load the jdwp agent.
01-13 22:52:46.188  6183  6217 V OsAgent : broadcastSystemEvent - 7
01-13 22:52:46.297 25951 25951 I CapsuleProvider_1.1.3: onCreate
01-13 22:52:46.302  2613 25948 W Binder  : Outgoing transactions from this process must be FLAG_ONEWAY
01-13 22:52:46.302  2613 25948 W Binder  : java.lang.Throwable
01-13 22:52:46.302  2613 25948 W Binder  : 	at android.os.BinderProxy.transact(BinderProxy.java:566)
01-13 22:52:46.302  2613 25948 W Binder  : 	at android.content.ContentProviderProxy.call(ContentProviderNative.java:762)
01-13 22:52:46.302  2613 25948 W Binder  : 	at android.content.ContentResolver.call(ContentResolver.java:2481)
01-13 22:52:46.302  2613 25948 W Binder  : 	at android.content.ContentResolver.call(ContentResolver.java:2461)
01-13 22:52:46.302  2613 25948 W Binder  : 	at com.android.server.am.ActivityManagerService.-$$Nest$mdoDump(qb/104146451 cdce0eda9f709a1c8a993f10cb7468c76086b7d2c14bd23760612f690cb74fcc:289)
01-13 22:52:46.302  2613 25948 W Binder  : 	at com.android.server.am.ActivityManagerService$1.dump(qb/104146451 cdce0eda9f709a1c8a993f10cb7468c76086b7d2c14bd23760612f690cb74fcc:3)
01-13 22:52:46.302  2613 25948 W Binder  : 	at com.android.server.utils.PriorityDump.dump(qb/104146451 cdce0eda9f709a1c8a993f10cb7468c76086b7d2c14bd23760612f690cb74fcc:132)
01-13 22:52:46.302  2613 25948 W Binder  : 	at com.android.server.am.ActivityManagerService.dump(qb/104146451 cdce0eda9f709a1c8a993f10cb7468c76086b7d2c14bd23760612f690cb74fcc:3)
01-13 22:52:46.302  2613 25948 W Binder  : 	at android.os.Binder.doDump(Binder.java:1108)
01-13 22:52:46.302  2613 25948 W Binder  : 	at android.os.Binder.dump(Binder.java:1098)
01-13 22:52:46.302  2613 25948 W Binder  : 	at android.os.Debug.dumpService(Debug.java:2611)
01-13 22:52:46.302  2613 25948 W Binder  : 	at com.samsung.android.core.SystemDumpWriter.close(SystemDumpWriter.java:119)
01-13 22:52:46.302  2613 25948 W Binder  : 	at com.samsung.android.core.SystemDumpWriter.saveDumpsysFiles(SystemDumpWriter.java:137)
01-13 22:52:46.302  2613 25948 W Binder  : 	at com.android.server.am.ProcessErrorStateRecord.appNotResponding(qb/104146451 cdce0eda9f709a1c8a993f10cb7468c76086b7d2c14bd23760612f690cb74fcc:191)
01-13 22:52:46.302  2613 25948 W Binder  : 	at com.android.server.am.AnrHelper$AnrConsumerThread.run(qb/104146451 cdce0eda9f709a1c8a993f10cb7468c76086b7d2c14bd23760612f690cb74fcc:210)
01-13 22:52:46.303  2613  7544 I ActivityManager: Changes in 10136 19 to 5, 0 to 144
01-13 22:52:46.305  2613  3808 D BackgroundInstallControlService: Package event received: 0
01-13 22:52:46.306  2613 25948 W UserManagerService: A null UserProperties was returned for user -1301
01-13 22:52:46.306  1830  2193 I VSyncReactor: Current= 60, Period= 60, Distance= 1
01-13 22:52:46.308  2613  3808 D BackgroundInstallControlService: Package event received: 0
01-13 22:52:46.309 25951 25974 I CapsuleProvider_1.1.3: releasing initialize wait lock.
01-13 22:52:46.309 25951 25974 I Sbixby_1.1.3: initialized
01-13 22:52:46.309  2613  3808 D BackgroundInstallControlService: Package event received: 0
01-13 22:52:46.323  1830  2193 I VSyncReactor: Current= 60, Period= 60, Distance= 60
01-13 22:52:46.325  1603  1603 D Zygote  : Forked child process 25983
01-13 22:52:46.326  2613  3090 D DeviceReportingSecurityChecker: getStatus
01-13 22:52:46.326  2613  3090 D DeviceReportingSecurityChecker: mIsICDStatus is true
01-13 22:52:46.326  2613  3090 D DeviceReportingSecurityChecker: mIsSim is true
01-13 22:52:46.326  2613  3090 D DeviceReportingSecurityChecker: mIsEchoAppSignature is true
01-13 22:52:46.326  2613  3090 D DeviceReportingSecurityChecker: security check passed
01-13 22:52:46.326  2613  3090 D DeviceReportingSecurityChecker: mIsICDStatus === true mIsSim == true mIsMyAccountSignature== false mIsEchoAppSignature== true mIsSprintHubSignature== false
01-13 22:52:46.326  2613  3090 I ActivityManager: Start proc 25983:com.samsung.klmsagent/u0a88 for content provider {com.samsung.klmsagent/com.samsung.klmsagent.common.LicenseAgentProvider}
01-13 22:52:46.326  2613  3090 I ActivityManager: ProcessObserver broadcast disabled
01-13 22:52:46.331 25951 25974 I SamsungAnalytics605079: Tracker start:6.05.079
01-13 22:52:46.334 25951 25984 E ashmem  : Pinning is deprecated since Android Q. Please use trim or other methods.
01-13 22:52:46.335  1372  1372 I tombstoned: received crash request for pid 24136
01-13 22:52:46.336  1372  1372 I tombstoned: found intercept fd 512 for pid 24136 and type kDebuggerdJavaBacktrace
01-13 22:52:46.337  1372  1372 W tombstoned: skipping tombstone file creation due to intercept
01-13 22:52:46.338 24136 24139 I com.risa.app: Wrote stack traces to tombstoned
01-13 22:52:46.339  2613 25946 I system_server: libdebuggerd_client: done dumping process 24136
01-13 22:52:46.342 25951 25985 I SamsungAnalytics605079: register setting status
01-13 22:52:46.363 25983 25983 I msung.klmsagent: Using CollectorTypeCMC GC.
01-13 22:52:46.366 25983 25983 E msung.klmsagent: Not starting debugger since process cannot load the jdwp agent.
01-13 22:52:46.373  2613  7544 D PackageManager: setEnabledSetting : userId = 0 packageName = com.samsung.knox.securefolder cmp = androidx.work.impl.background.systemalarm.RescheduleReceiver newState = 1 callingPackage = com.samsung.knox.securefolder
01-13 22:52:46.374  2613  7544 D ApplicationPolicy: getApplicationStateEnabled : pkg = com.samsung.knox.securefolder userId : 0
01-13 22:52:46.374  2613  7544 D ApplicationPolicy: getApplicationComponentState : pkg = com.samsung.knox.securefolder userId : 0
01-13 22:52:46.381  6183  6217 V OsAgent : broadcastSystemEvent - 7
01-13 22:52:46.436  2613 25948 W Binder  : Outgoing transactions from this process must be FLAG_ONEWAY
01-13 22:52:46.436  2613 25948 W Binder  : java.lang.Throwable
01-13 22:52:46.436  2613 25948 W Binder  : 	at android.os.BinderProxy.transact(BinderProxy.java:566)
01-13 22:52:46.436  2613 25948 W Binder  : 	at android.content.ContentProviderProxy.call(ContentProviderNative.java:762)
01-13 22:52:46.436  2613 25948 W Binder  : 	at android.content.ContentResolver.call(ContentResolver.java:2481)
01-13 22:52:46.436  2613 25948 W Binder  : 	at android.content.ContentResolver.call(ContentResolver.java:2461)
01-13 22:52:46.436  2613 25948 W Binder  : 	at com.android.server.am.ActivityManagerService.-$$Nest$mdoDump(qb/104146451 cdce0eda9f709a1c8a993f10cb7468c76086b7d2c14bd23760612f690cb74fcc:333)
01-13 22:52:46.436  2613 25948 W Binder  : 	at com.android.server.am.ActivityManagerService$1.dump(qb/104146451 cdce0eda9f709a1c8a993f10cb7468c76086b7d2c14bd23760612f690cb74fcc:3)
01-13 22:52:46.436  2613 25948 W Binder  : 	at com.android.server.utils.PriorityDump.dump(qb/104146451 cdce0eda9f709a1c8a993f10cb7468c76086b7d2c14bd23760612f690cb74fcc:132)
01-13 22:52:46.436  2613 25948 W Binder  : 	at com.android.server.am.ActivityManagerService.dump(qb/104146451 cdce0eda9f709a1c8a993f10cb7468c76086b7d2c14bd23760612f690cb74fcc:3)
01-13 22:52:46.436  2613 25948 W Binder  : 	at android.os.Binder.doDump(Binder.java:1108)
01-13 22:52:46.436  2613 25948 W Binder  : 	at android.os.Binder.dump(Binder.java:1098)
01-13 22:52:46.436  2613 25948 W Binder  : 	at android.os.Debug.dumpService(Debug.java:2611)
01-13 22:52:46.436  2613 25948 W Binder  : 	at com.samsung.android.core.SystemDumpWriter.close(SystemDumpWriter.java:119)
01-13 22:52:46.436  2613 25948 W Binder  : 	at com.samsung.android.core.SystemDumpWriter.saveDumpsysFiles(SystemDumpWriter.java:137)
01-13 22:52:46.436  2613 25948 W Binder  : 	at com.android.server.am.ProcessErrorStateRecord.appNotResponding(qb/104146451 cdce0eda9f709a1c8a993f10cb7468c76086b7d2c14bd23760612f690cb74fcc:191)
01-13 22:52:46.436  2613 25948 W Binder  : 	at com.android.server.am.AnrHelper$AnrConsumerThread.run(qb/104146451 cdce0eda9f709a1c8a993f10cb7468c76086b7d2c14bd23760612f690cb74fcc:210)
01-13 22:52:46.436 25983 26003 I ENTM:LicenseAgentProvider: dumpStarted
01-13 22:52:46.444  2613  3808 D BackgroundInstallControlService: Package event received: 0
01-13 22:52:46.484  1603  1603 D Zygote  : Forked child process 26006
01-13 22:52:46.514 26006 26006 I roid.da.daagent: Using CollectorTypeCMC GC.
01-13 22:52:46.517 26006 26006 E roid.da.daagent: Not starting debugger since process cannot load the jdwp agent.
01-13 22:52:46.526  2613  2832 I system_server: Background concurrent mark compact GC freed 50MB AllocSpace bytes, 93(1884KB) LOS objects, 21% free, 171MB/219MB, paused 2.669ms,6.674ms total 419.105ms
01-13 22:52:46.570  1234  1234 D io_stats: !@   8,0 r 15426098 258659200 w 4777699 82152876 d 1269353 84683772 f 122679 270138 iot 3497960 0 th 0 0 0 pt 0 inp 0 0 50979.821
01-13 22:52:46.693  2613 25948 D CompatChangeReporter: Compat change id reported: 313677553; UID 10068; state: ENABLED
01-13 22:52:46.694  2613 25948 D CompatChangeReporter: Compat change id reported: 311208629; UID 10068; state: ENABLED
01-13 22:52:46.694  2613 25948 D CompatChangeReporter: Compat change id reported: 311208749; UID 10068; state: ENABLED
01-13 22:52:46.707  2613 25948 W OptProp : Cannot read opt property android.window.PROPERTY_COMPAT_ALLOW_ORIENTATION_OVERRIDE
01-13 22:52:46.828  2613 25948 V ActivityManager: dumpPDS
01-13 22:52:46.828  2613 25948 V PDSController: dumpPDS
01-13 22:52:46.845  2613  6972 W ActivityManager: Slow operation: 405ms so far, now at finishAttachApplicationInner: after mServices.attachApplicationLocked
01-13 22:52:46.845  2613  6972 W ActivityManager: Slow operation: 405ms so far, now at finishAttachApplicationInner: after dispatching broadcasts
01-13 22:52:46.847  2613  6972 I ActivityManager: Changes in 10088 19 to 5, 0 to 144
01-13 22:52:46.849  2613  6972 W ActivityManager: Slow operation: 409ms so far, now at finishAttachApplicationInner: after updateOomAdjLocked
01-13 22:52:46.849  2613  3090 W system_server: Long monitor contention with owner AnrConsumer (25948) at void com.android.server.am.ActivityManagerService.dumpEverything(java.io.FileDescriptor, java.io.PrintWriter, java.lang.String[], int, boolean, java.lang.String, int, boolean, boolean, int, boolean)(qb/104146451 cdce0eda9f709a1c8a993f10cb7468c76086b7d2c14bd23760612f690cb74fcc:161) waiters=1 in void com.android.server.am.ProcessList$$ExternalSyntheticLambda4.run() for 365ms
01-13 22:52:46.849  1821  1843 E HeatmapThread: ECT Thread time in milliseconds: 1768362766
01-13 22:52:46.850  2613  3090 W ActivityManager: Slow operation: 386ms so far, now at startProcess: done updating battery stats
01-13 22:52:46.850  2613  3090 D DeviceReportingSecurityChecker: getStatus
01-13 22:52:46.850  2613  3090 D DeviceReportingSecurityChecker: mIsICDStatus is true
01-13 22:52:46.850  2613  3090 D DeviceReportingSecurityChecker: mIsSim is true
01-13 22:52:46.850  2613  3090 D DeviceReportingSecurityChecker: mIsEchoAppSignature is true
01-13 22:52:46.850  2613  3090 D DeviceReportingSecurityChecker: security check passed
01-13 22:52:46.850  2613  3090 D DeviceReportingSecurityChecker: mIsICDStatus === true mIsSim == true mIsMyAccountSignature== false mIsEchoAppSignature== true mIsSprintHubSignature== false
01-13 22:52:46.850  2613  3090 W ActivityManager: Slow operation: 386ms so far, now at startProcess: building log message
01-13 22:52:46.850  2613  3090 I ActivityManager: Start proc 26006:com.samsung.android.da.daagent/1000 for service {com.samsung.android.da.daagent/com.samsung.android.da.daagent.service.DADebugService}
01-13 22:52:46.851  1821  1843 D HeatmapThread: !@ batteryplugType : 2
01-13 22:52:46.851  1821  1843 D HeatmapThread: !@ batteryLevel : 75  batteryTemperature : 312 
01-13 22:52:46.851  1821  1843 D HeatmapThread: !@ Heatmap currtime: 29472712
01-13 22:52:46.851  1821  1843 D HeatmapThread: !@ Heatmap prevtime: 29472700
01-13 22:52:46.851  1821  1843 D HeatmapThread: !@ Heatmap plugstarttime: 29472704
01-13 22:52:46.851  1821  1843 D HeatmapThread: !@ Heatmap prevv_dsoh_update_time: 29471816
01-13 22:52:46.851  1821  1843 E HeatmapThread: !@ CAM New BSOH: 100
01-13 22:52:46.852  2613  3808 D BackgroundInstallControlService: Package event received: 0
01-13 22:52:46.852  2613  3090 W ActivityManager: Slow operation: 386ms so far, now at startProcess: starting to update pids map
01-13 22:52:46.852  2613  3090 I ActivityManager: ProcessObserver broadcast disabled
01-13 22:52:46.852  2613  3090 W ActivityManager: Slow operation: 389ms so far, now at startProcess: done updating pids map
01-13 22:52:46.853  2613  7544 W system_server: Long monitor contention with owner AnrConsumer (25948) at void com.android.server.am.ActivityManagerService.dumpEverything(java.io.FileDescriptor, java.io.PrintWriter, java.lang.String[], int, boolean, java.lang.String, int, boolean, boolean, int, boolean)(qb/104146451 cdce0eda9f709a1c8a993f10cb7468c76086b7d2c14bd23760612f690cb74fcc:161) waiters=2 in void com.android.server.am.ActivityManagerService.attachApplication(android.app.IApplicationThread, long) for 327ms
01-13 22:52:46.854  2613 25948 I MARsListManager: com.samsung.android.smartmirroring is exempted from MARs
01-13 22:52:46.856  2613 25948 I MARsListManager: com.sec.android.app.shealth is exempted from MARs
01-13 22:52:46.856  2613 25948 I MARsListManager: com.sec.android.app.voicenote is exempted from MARs
01-13 22:52:46.867  1674  1674 D vendor.qti.bluetooth@1.1-ibs_handler: SerialClockVote: vote for UART CLK ON
01-13 22:52:46.868  1674  1674 D vendor.qti.bluetooth@1.1-wake_lock: Acquire wakelock is acquired 
01-13 22:52:46.868  1674  1674 I vendor.qti.bluetooth@1.1-ibs_handler: DeviceWakeUp: Writing IBS_WAKE_IND
01-13 22:52:46.873  1674  5842 I vendor.qti.bluetooth@1.1-ibs_handler: ProcessIbsCmd: Received IBS_WAKE_ACK: 0xFC
01-13 22:52:46.873  1674  5842 I vendor.qti.bluetooth@1.1-ibs_handler: ProcessIbsCmd: Signal wack_cond_
01-13 22:52:46.873  1674  1674 D vendor.qti.bluetooth@1.1-ibs_handler: DeviceWakeUp: Unblocked from waiting for FC, pthread_cond_timedwait ret = 0
01-13 22:52:46.874  1674  5842 I vendor.qti.bluetooth@1.1-ibs_handler: ProcessIbsCmd: Received IBS_WAKE_IND: 0xFD
01-13 22:52:46.874  1674  5842 I vendor.qti.bluetooth@1.1-ibs_handler: ProcessIbsCmd: Writing IBS_WAKE_ACK
01-13 22:52:46.899 26006 26006 E ashmem  : Pinning is deprecated since Android Q. Please use trim or other methods.
01-13 22:52:46.916  2613  7486 D TelephonyManager: requestModemActivityInfo: Sending result to app: ModemActivityInfo{ mTimestamp=58434236 mSleepTimeMs=28248381 mIdleTimeMs=7593585 mActivityStatsTechSpecificInfo=[{mRat=UNKNOWN,mFrequencyRange=UNKNOWN,mTxTimeMs[]=[3377, 28291, 47055, 42284, 792262],mRxTimeMs=22458619}]}
01-13 22:52:46.922  2613  3103 I CpuScalingPolicyReader: Calling readCpuStats: [0, 0, 0, 0, 0, 0, 0, 0, 0, 0, 0, 0, 0, 0, 1, 1, 1, 1, 0, 0, 0, 0, 0, 0, 1, 1, 1, 1, 1, 1, 1, 1, 1, 1, 1, 1, 1, 1, 1, 1, 1, 1, 1, 1, 1, 1, 2, 2, 2, 2, 0, 0, 0, 0, 0, 0, 0, 1, 1, 1, 1, 1, 1, 1, 1, 1, 1, 1, 1, 1, 1, 1, 1, 1, 1, 1, 1, 1, 2, 0, 0, 0, 1, 1, 1, 1, 1, 1, 1, 1, 1, 1, 1, 1, 1, 2, 2, 2, 2, 2, 2, 2, 2, 2, 2, 2, 2, 2, 2, 2, 2, 2, 2, 2, 2, 2], 116 3
01-13 22:52:46.923  3932  4195 D SatelliteController: isInCarrierRoamingNbIotNtn: satellite is disabled
01-13 22:52:46.923  2613  3816 D SemCellularStateManager: onSignalStrengthsChanged: mCellularSignalLevel=0
01-13 22:52:46.926  1674  5842 I vendor.qti.bluetooth@1.1-ibs_handler: ProcessIbsCmd: Received IBS_SLEEP_IND: 0xFE
01-13 22:52:46.933  4061  4061 I EPDG -- SIM0 [SMARTCELLULAR]: onSignalStrengthsChanged: SignalStrength:{mCdma=Invalid,mGsm=Invalid,mWcdma=Invalid,mTdscdma=Invalid,mLte=Invalid,mNr=CellSignalStrengthNr:{ csiRsrp = 2147483647 csiRsrq = 2147483647 csiCqiTableIndex = 2147483647 csiCqiReport = [] ssRsrp = -111 ssRsrq = -11 ssSinr = 7 level = 0 parametersUseForLevel = 0 timingAdvance = 2147483647 },SignalBarInfo{ nrLevel=3 },rat=20,primary=CellSignalStrengthNr}
01-13 22:52:46.933  3932  4195 V SatelliteController: getWwanIsInService: return true
01-13 22:52:46.933  4061  5044 I EPDG -- SIM0 [SMARTCELLULAR]: lastNrRSRP is -105 currentNrRSRP is -111 lastNrRSRQ is -11 currentNrRSRQ is -11
01-13 22:52:46.935  4373  4678 D MobileSignalTransitionManager: updateSignalTransition
01-13 22:52:46.939  2613  3103 D BatteryExternalStatsWorker: update stats : get-stats (127)
01-13 22:52:46.940  2613  3103 D BatteryExternalStatsWorker: Fetch WiFi data
01-13 22:52:46.940  2613  3103 D BatteryExternalStatsWorker: Update Rail Energy data
01-13 22:52:46.943  5028  5208 I HoneySpace.StatusIconTracker: invokeEvent() called with: event = Mobile(bundle=Bundle[mParcelledData.dataSize=256])
01-13 22:52:47.007  2613  3103 D BatteryExternalStatsWorker: Update CPU state
01-13 22:52:47.008  1278  5335 W android.system.suspend-service: getWakeLockStats +
01-13 22:52:47.008  1278  5335 I android.system.suspend-service: name: PowerManager.SuspendLockout, isActive: 1, LC: 50980259, AC: 1, AT: 970002, TT: 41028670
01-13 22:52:47.008  1278  5335 I android.system.suspend-service: name: PowerManagerService.Display, isActive: 1, LC: 50980259, AC: 1, AT: 970675, TT: 41084997
01-13 22:52:47.014  1278  5335 W android.system.suspend-service: getWakeLockStats -
01-13 22:52:47.015  2613  3103 D BatteryExternalStatsWorker: Update Kernel wakelock & memory state
01-13 22:52:47.016  2613  3103 D BatteryExternalStatsWorker: Update RPM state
01-13 22:52:47.016  2613  3103 D BatteryExternalStatsWorker: mStats lock released
01-13 22:52:47.021  2613  3103 D BatteryExternalStatsWorker: Update wifi state
01-13 22:52:47.021  2613  3103 D BatteryExternalStatsWorker: done updateExternalStatsLocked
01-13 22:52:47.039  1674  5842 I vendor.qti.bluetooth@1.1-ibs_handler: ProcessIbsCmd: Received IBS_WAKE_IND: 0xFD
01-13 22:52:47.039  1674  5842 I vendor.qti.bluetooth@1.1-ibs_handler: ProcessIbsCmd: Writing IBS_WAKE_ACK
01-13 22:52:47.055  2613  7486 D TelephonyManager: requestModemActivityInfo: Sending result to app: ModemActivityInfo{ mTimestamp=58434236 mSleepTimeMs=28248381 mIdleTimeMs=7593585 mActivityStatsTechSpecificInfo=[{mRat=UNKNOWN,mFrequencyRange=UNKNOWN,mTxTimeMs[]=[3377, 28291, 47055, 42284, 792262],mRxTimeMs=22458619}]}
01-13 22:52:47.057  2613  3103 I CpuScalingPolicyReader: Calling readCpuStats: [0, 0, 0, 0, 0, 0, 0, 0, 0, 0, 0, 0, 0, 0, 1, 1, 1, 1, 0, 0, 0, 0, 0, 0, 1, 1, 1, 1, 1, 1, 1, 1, 1, 1, 1, 1, 1, 1, 1, 1, 1, 1, 1, 1, 1, 1, 2, 2, 2, 2, 0, 0, 0, 0, 0, 0, 0, 1, 1, 1, 1, 1, 1, 1, 1, 1, 1, 1, 1, 1, 1, 1, 1, 1, 1, 1, 1, 1, 2, 0, 0, 0, 1, 1, 1, 1, 1, 1, 1, 1, 1, 1, 1, 1, 1, 2, 2, 2, 2, 2, 2, 2, 2, 2, 2, 2, 2, 2, 2, 2, 2, 2, 2, 2, 2, 2], 116 3
01-13 22:52:47.081  1674  5842 I vendor.qti.bluetooth@1.1-ibs_handler: ProcessIbsCmd: Received IBS_SLEEP_IND: 0xFE
01-13 22:52:47.082  2613  2832 I system_server: Background concurrent mark compact GC freed 145MB AllocSpace bytes, 5(528KB) LOS objects, 23% free, 155MB/203MB, paused 2.333ms,7.457ms total 424.342ms
01-13 22:52:47.127  2613  3132 I MARsListManager: com.samsung.android.smartmirroring is exempted from MARs
01-13 22:52:47.130  2613  3132 I MARsListManager: com.sec.android.app.shealth is exempted from MARs
01-13 22:52:47.130  2613  3132 I MARsListManager: com.sec.android.app.voicenote is exempted from MARs
01-13 22:52:47.146  2613 25948 I MARsListManager: com.samsung.android.smartmirroring is exempted from MARs
01-13 22:52:47.151  2613 25948 I MARsListManager: com.sec.android.app.shealth is exempted from MARs
01-13 22:52:47.152  2613 25948 I MARsListManager: com.sec.android.app.voicenote is exempted from MARs
01-13 22:52:47.162  2613  6606 D SemWifiUsabilityStatsMonitor: onWifiUsabilityStats - seqNum 4667, isSameBssidAndFreq true
01-13 22:52:47.164  2613  3833 E SemWifiLinkQualityMonitor: Too old or invalid TMI: currentTime=1768362767164 lastDateWindow=1768353308000
01-13 22:52:47.164  2613 25948 D WifiDisplayAdapter: getWifiDisplayStatusLocked: result=WifiDisplayStatus{featureState=2, scanState=0, activeDisplayState=0, activeDisplay=null, displays=[], sessionInfo=WifiDisplaySessionInfo:
01-13 22:52:47.164  2613 25948 D WifiDisplayAdapter:     Client/Owner: Client
01-13 22:52:47.164  2613 25948 D WifiDisplayAdapter:     GroupId: 
01-13 22:52:47.164  2613 25948 D WifiDisplayAdapter:     Passphrase: 
01-13 22:52:47.164  2613 25948 D WifiDisplayAdapter:     SessionId: 0
01-13 22:52:47.164  2613 25948 D WifiDisplayAdapter:     IP Address: }
01-13 22:52:47.165  2613  3851 D SGM:GameManager: identifyGamePackage. com.sec.android.app.launcher, mCurrentUserId: 0, callingMethodInfo: com.samsung.android.game.SemGameManager.isGamePackage(SemGameManager.java:106)
01-13 22:52:47.165  2613  3851 D SGM:SemGameManager: isGamePackage(), pkgName=com.sec.android.app.launcher, ret=false
01-13 22:52:47.166  2613  3834 D InsDataManager: onOutageCountUpdate() - Outage Data: 0, LQ : N. Outage Triggered: false
01-13 22:52:47.167  2613  3834 D SemInsManager: {"bssid": "61d35a1f5785","rssi": -37.0,"latency": 0.0,"outage_count": 0,"lq_callback_triggered": false,"outage_log": "Unreliable statistics: -37.0 / 0 / 0 / 0 / 0 || 61d35a1f5785: 0.000 / 0.000 / @ || N N / 0 0 / N 103.0 / N X 0 / 50980414 0 || 2026-01-13 20:15:08  / 0: 0 0 0 0 0 0 / 0: 0 0 0 0 0 0 / 0: 0 0 0 0 0 0""Magnetic Sensor Events size": "0""Pressure Sensor Events size": "0"}
01-13 22:52:47.178  2613 25948 D DisplayPowerController[0]: dump
01-13 22:52:47.210  1830  1915 W DisplayIdentification: Invalid EDID: falling back to serial number due to missing display name.
01-13 22:52:47.211  1830  1915 W DisplayIdentification: Invalid EDID: falling back to ASCII text due to missing serial number.
01-13 22:52:47.250  2613 25948 D SystemDumpWriter_ANR: Successful to save dumpsys to log/dumpsys_ANR_WindowManager.txt
01-13 22:52:47.250  2613 25948 D SystemDumpWriter_ANR: save dumpsys, duration=1214
01-13 22:52:47.254  2613 25948 I ActivityManager: dumpStackTraces pids=null
01-13 22:52:47.257  2613  3046 W ActivityTaskManager: Activity stop timeout for ActivityRecord{80638204 u0 com.risa.app/.MainActivity t23894}
01-13 22:52:47.258  2613  3046 D SGM:FgCheckThread: getForegroundApp(), foregroundPkgName=com.sec.android.app.launcher
01-13 22:52:47.259  2613  3046 D SGM:FgCheckThread: pkgName: com.risa.app is not in foreground
01-13 22:52:47.259  2613  3046 D SGM:FgCheckThread: noteStopComponent(), received pkgName: com.risa.app, focusedPkgName: com.sec.android.app.launcher, userId: 0
01-13 22:52:47.261  2613  3808 D BackgroundInstallControlService: Package event received: 0
01-13 22:52:47.263  2613 25948 I ActivityManager: Dumping to /data/anr/anr_2026-01-13-22-52-47-255
01-13 22:52:47.263  2613 25948 I ActivityManager: dumpStackTraces nativepids=null
01-13 22:52:47.263  2613 25948 I ActivityManager: dumpStackTraces extraPids=null
01-13 22:52:47.263  2613 25948 I ActivityManager: Done dumping
01-13 22:52:47.267  2613 25948 E ActivityManager: ANR in com.risa.app (com.risa.app/.MainActivity)
01-13 22:52:47.267  2613 25948 E ActivityManager: PID: 24136
01-13 22:52:47.267  2613 25948 E ActivityManager: Reason: Input dispatching timed out (9f0e92f com.risa.app/com.risa.app.MainActivity is not responding. Waited 10001ms for FocusEvent(hasFocus=false)).
01-13 22:52:47.267  2613 25948 E ActivityManager: Parent: com.risa.app/.MainActivity
01-13 22:52:47.267  2613 25948 E ActivityManager: ErrorId: d84e3511-37f9-4c65-bbc4-a2f718201209
01-13 22:52:47.267  2613 25948 E ActivityManager: Frozen: s[false] g[false]
01-13 22:52:47.267  2613 25948 E ActivityManager: Load: 0.0 / 0.0 / 0.0
01-13 22:52:47.267  2613 25948 E ActivityManager: ------ Current CPU Core Info ------
01-13 22:52:47.267  2613 25948 E ActivityManager: - offline : 
01-13 22:52:47.267  2613 25948 E ActivityManager: - online : 0-7
01-13 22:52:47.267  2613 25948 E ActivityManager: - AP Temp = 393
01-13 22:52:47.267  2613 25948 E ActivityManager:                              0           1           2           3           4           5           6           7
01-13 22:52:47.267  2613 25948 E ActivityManager: ------------------------------------------------------------------------------------------------------------------
01-13 22:52:47.267  2613 25948 E ActivityManager: scaling_cur_freq       1689600     1689600     2380800     2380800     2380800     2380800     2380800      902400
01-13 22:52:47.267  2613 25948 E ActivityManager: scaling_governor          walt        walt        walt        walt        walt        walt        walt        walt
01-13 22:52:47.267  2613 25948 E ActivityManager: scaling_max_freq       1689600     1689600     2380800     2380800     2380800     2380800     2380800     2380800
01-13 22:52:47.267  2613 25948 E ActivityManager: ------------------------------------------------------------------------------------------------------------------
01-13 22:52:47.267  2613 25948 E ActivityManager: ----- Output from /proc/pressure/memory -----
01-13 22:52:47.267  2613 25948 E ActivityManager: some avg10=0.20 avg60=1.21 avg300=0.76 total=250050750
01-13 22:52:47.267  2613 25948 E ActivityManager: full avg10=0.19 avg60=1.12 avg300=0.68 total=195496100
01-13 22:52:47.267  2613 25948 E ActivityManager: ----- End output from /proc/pressure/memory -----
01-13 22:52:47.267  2613 25948 E ActivityManager: ----- Output from /proc/pressure/cpu -----
01-13 22:52:47.267  2613 25948 E ActivityManager: some avg10=3.07 avg60=7.38 avg300=7.27 total=7861326909
01-13 22:52:47.267  2613 25948 E ActivityManager: full avg10=0.00 avg60=0.00 avg300=0.00 total=0
01-13 22:52:47.267  2613 25948 E ActivityManager: ----- End output from /proc/pressure/cpu -----
01-13 22:52:47.267  2613 25948 E ActivityManager: ----- Output from /proc/pressure/io -----
01-13 22:52:47.267  2613 25948 E ActivityManager: some avg10=0.61 avg60=1.58 avg300=1.16 total=674967566
01-13 22:52:47.267  2613 25948 E ActivityManager: full avg10=0.50 avg60=1.01 avg300=0.71 total=366966318
01-13 22:52:47.267  2613 25948 E ActivityManager: ----- End output from /proc/pressure/io -----
01-13 22:52:47.267  2613 25948 E ActivityManager: 
01-13 22:52:47.267  2613 25948 E ActivityManager: CPU usage from 215436ms to -1ms ago (2026-01-13 22:49:10.595 to 2026-01-13 22:52:46.031):
01-13 22:52:47.267  2613 25948 E ActivityManager:   24% 2613/system_server: 13% user + 11% kernel / faults: 329402 minor 7462 major
01-13 22:52:47.267  2613 25948 E ActivityManager:   17% 1830/surfaceflinger: 9.5% user + 8.2% kernel / faults: 578 minor 366 major
01-13 22:52:47.267  2613 25948 E ActivityManager:   6.1% 1713/vendor.qti.hardware.display.composer-service: 3% user + 3.1% kernel / faults: 235 minor 268 major
01-13 22:52:47.267  2613 25948 E ActivityManager:   4% 92/kswapd0: 0% user + 4% kernel
01-13 22:52:47.267  2613 25948 E ActivityManager:   3.4% 1243/crtc_commit:201: 0% user + 3.4% kernel
01-13 22:52:47.267  2613 25948 E ActivityManager:   3.2% 8282/com.samsung.android.honeyboard: 2.2% user + 0.9% kernel / faults: 53420 minor 1546 major
01-13 22:52:47.267  2613 25948 E ActivityManager:   2.5% 4314/com.google.android.gms.persistent: 1.5% user + 0.9% kernel / faults: 52244 minor 10508 major
01-13 22:52:47.267  2613 25948 E ActivityManager:   2.4% 26854/com.android.chrome: 1% user + 1.4% kernel / faults: 30014 minor 23693 major
01-13 22:52:47.267  2613 25948 E ActivityManager:   2.4% 4373/com.android.systemui: 1.3% user + 1% kernel / faults: 41244 minor 6885 major
01-13 22:52:47.267  2613 25948 E ActivityManager:   2.3% 2210/cnss_diag: 1.6% user + 0.6% kernel / faults: 1 minor 22 major
01-13 22:52:47.267  2613 25948 E ActivityManager: 23% TOTAL: 11% user + 9.6% kernel + 0.5% iowait + 1.9% irq + 0.3% softirq
01-13 22:52:47.267  2613 25948 E ActivityManager: CPU usage from 50979282ms to 50979282ms ago (1969-12-31 19:00:00.000 to 1969-12-31 19:00:00.000) with 0% awake:
01-13 22:52:47.267  2613 25948 E ActivityManager: 0% TOTAL: 0% user + 0% kernel
01-13 22:52:47.268  2613 25948 I ActivityManager: Killing 24136:com.risa.app/u0a1308 (adj 200): bg anr
01-13 22:52:47.269  2613 26024 I DropBoxManagerService: add tag=data_app_anr isTagEnabled=true flags=0x6
01-13 22:52:47.270  2613 25948 D ActivityManager: Completed ANR of com.risa.app in 1243ms, latency 1ms
01-13 22:52:47.281  2613  3094 D DeviceReportingSecurityChecker: getStatus
01-13 22:52:47.281  2613  3094 D DeviceReportingSecurityChecker: mIsICDStatus is true
01-13 22:52:47.281  2613  3094 D DeviceReportingSecurityChecker: mIsSim is true
01-13 22:52:47.281  2613  3094 D DeviceReportingSecurityChecker: mIsEchoAppSignature is true
01-13 22:52:47.281  2613  3094 D DeviceReportingSecurityChecker: security check passed
01-13 22:52:47.281  2613  3094 D DeviceReportingSecurityChecker: mIsICDStatus === true mIsSim == true mIsMyAccountSignature== false mIsEchoAppSignature== true mIsSprintHubSignature== false
01-13 22:52:47.281  2613  3094 D AppStateBroadcaster: TMO killProcesses
01-13 22:52:47.292  2613  3651 W ActivityManager: Missing app error report, app = com.risa.app crashing = false notResponding = true
01-13 22:52:47.292  2613  3651 I HqmInfo::c: checkAppError: list is null
01-13 22:52:47.293  7162  7162 I DMASA[D]: [ANRDetectionService]Enqueue work to ANR
01-13 22:52:47.304  2613  2837 W JobInfo : Job 'com.sec.android.diagmonagent/.dma.dropbox.ANRDetectionService#11418' has a deadline with no functional constraints. The deadline won't improve job execution latency. Consider removing the deadline.
01-13 22:52:47.326  7162  9966 W DMASA[D]: [ANRDetectionService]ServiceInfo is empty
01-13 22:52:47.326  7162  9966 I DMASA[D]: [a]blockList : com.samsung.context.sdk.sampleapp2
01-13 22:52:47.330  7162  9966 W ContextImpl: Calling a method in the system process without a qualified user: android.app.ContextImpl.sendBroadcast:1350 android.content.ContextWrapper.sendBroadcast:520 com.sec.android.diagmonagent.dma.dropbox.ANRDetectionService.c:1163 X.b.doInBackground:50 android.os.AsyncTask$3.call:394 
01-13 22:52:47.330  2613  2837 E ActivityManager: Sending non-protected broadcast com.sec.android.intent.action.APP_HQM_SEND_REQ from system 7162:com.sec.android.diagmonagent/1000 pkg com.sec.android.diagmonagent
01-13 22:52:47.330  2613  2837 E ActivityManager: java.lang.Throwable
01-13 22:52:47.330  2613  2837 E ActivityManager: 	at com.android.server.am.BroadcastController.checkBroadcastFromSystem(qb/104146451 cdce0eda9f709a1c8a993f10cb7468c76086b7d2c14bd23760612f690cb74fcc:252)
01-13 22:52:47.330  2613  2837 E ActivityManager: 	at com.android.server.am.BroadcastController.broadcastIntentLockedTraced(qb/104146451 cdce0eda9f709a1c8a993f10cb7468c76086b7d2c14bd23760612f690cb74fcc:344)
01-13 22:52:47.330  2613  2837 E ActivityManager: 	at com.android.server.am.BroadcastController.broadcastIntentLocked(qb/104146451 cdce0eda9f709a1c8a993f10cb7468c76086b7d2c14bd23760612f690cb74fcc:18)
01-13 22:52:47.330  2613  2837 E ActivityManager: 	at com.android.server.am.ActivityManagerService.broadcastIntentWithFeature(qb/104146451 cdce0eda9f709a1c8a993f10cb7468c76086b7d2c14bd23760612f690cb74fcc:149)
01-13 22:52:47.330  2613  2837 E ActivityManager: 	at android.app.IActivityManager$Stub.onTransact$broadcastIntentWithFeature$(IActivityManager.java:12378)
01-13 22:52:47.330  2613  2837 E ActivityManager: 	at android.app.IActivityManager$Stub.onTransact(IActivityManager.java:3197)
01-13 22:52:47.330  2613  2837 E ActivityManager: 	at com.android.server.am.ActivityManagerService.onTransact(qb/104146451 cdce0eda9f709a1c8a993f10cb7468c76086b7d2c14bd23760612f690cb74fcc:425)
01-13 22:52:47.330  2613  2837 E ActivityManager: 	at android.os.Binder.execTransactInternal(Binder.java:1457)
01-13 22:52:47.330  2613  2837 E ActivityManager: 	at android.os.Binder.execTransact(Binder.java:1401)
01-13 22:52:47.353  2613  2837 I ActivityManager: Changes in 10117 19 to 3, 0 to 184
01-13 22:52:47.355  1603  1603 D Zygote  : Forked child process 26029
01-13 22:52:47.356  2613  3090 D DeviceReportingSecurityChecker: getStatus
01-13 22:52:47.356  2613  3090 D DeviceReportingSecurityChecker: mIsICDStatus is true
01-13 22:52:47.356  2613  3090 D DeviceReportingSecurityChecker: mIsSim is true
01-13 22:52:47.356  2613  3090 D DeviceReportingSecurityChecker: mIsEchoAppSignature is true
01-13 22:52:47.356  2613  3090 D DeviceReportingSecurityChecker: security check passed
01-13 22:52:47.356  2613  3090 D DeviceReportingSecurityChecker: mIsICDStatus === true mIsSim == true mIsMyAccountSignature== false mIsEchoAppSignature== true mIsSprintHubSignature== false
01-13 22:52:47.356  2613  3090 I ActivityManager: Start proc 26029:com.samsung.android.dqagent/1000 for broadcast {com.samsung.android.dqagent/com.samsung.android.dqagent.receiver.DQADataReceiver}
01-13 22:52:47.356  2613  3090 I ActivityManager: ProcessObserver broadcast disabled
01-13 22:52:47.356  6183  6217 V OsAgent : broadcastSystemEvent - 7
01-13 22:52:47.359  2613  3808 D BackgroundInstallControlService: Package event received: 0
01-13 22:52:47.360 12832 12832 D BoundBrokerSvc: onBind: Intent { act=com.google.android.gms.semanticlocationhistory.service.START dat=chimera-action:/... xflg=0x4 cmp=com.google.android.gms/.chimera.GmsApiService }
01-13 22:52:47.360 12832 12832 D BoundBrokerSvc: Loading bound service for intent: Intent { act=com.google.android.gms.semanticlocationhistory.service.START dat=chimera-action:/... xflg=0x4 cmp=com.google.android.gms/.chimera.GmsApiService }
01-13 22:52:47.363  2613  3808 D BackgroundInstallControlService: Package event received: 0
01-13 22:52:47.363  2613  3808 D BackgroundInstallControlService: Package event received: 0
01-13 22:52:47.375  2613  3161 D PackageManager: Don't send PACKAGE_CHANGED for com.samsung.knox.securefolder by WorkManager
01-13 22:52:47.382  2613  3644 D InputTransport: Input channel destroyed: '9f0e92f', fd=1360
01-13 22:52:47.384 18518 18518 I adbd    : Remote process closed the socket (on MSG_PEEK)
01-13 22:52:47.385  2613  3554 D InputTransport: Input channel destroyed: 'ClientS', fd=528
01-13 22:52:47.385  2613  3554 D InputMethodManagerService: onClientRemovedInternalLocked
01-13 22:52:47.386  1685  1715 I HYPER-HAL: [RequestManager.cpp]acquire(): Acquired ID : 36785063  [1689 / 6887]    HINT :      list : [TID_LOW_LATENCY / 0] [TID / 24187] [TID / 24188] [TID / 24136] [TID / 24155] 
01-13 22:52:47.386  1685  1715 I HYPER-HAL: [RequestManager.cpp]acquire(): Acquired ID : 36793641  [1689 / 6888]    HINT :      list : [UCLAMP_MIN_BOOST / 0] [TID / 24187] [TID / 24188] [TID / 24136] [TID / 24155] 
01-13 22:52:47.386  1685  1715 E HYPER-HAL: [HandlerUClamp.cpp]set_uclamp_min(): sched_setattr failed for thread 24187, err = -1
01-13 22:52:47.386  1685  1715 E HYPER-HAL: [HandlerUClamp.cpp]set_uclamp_min(): sched_setattr failed for thread 24188, err = -1
01-13 22:52:47.386  1685  1715 E HYPER-HAL: [HandlerUClamp.cpp]set_uclamp_min(): sched_setattr failed for thread 24155, err = -1
01-13 22:52:47.386  1685  1715 I HYPER-HAL: [RequestManager.cpp]releaseLocked(): Released ID : 36785063
01-13 22:52:47.386  1685  1715 E HYPER-HAL: [HandlerUClamp.cpp]set_uclamp_min(): sched_setattr failed for thread 24187, err = -1
01-13 22:52:47.386  1685  1715 E HYPER-HAL: [HandlerUClamp.cpp]set_uclamp_min(): sched_setattr failed for thread 24188, err = -1
01-13 22:52:47.386  1685  1715 E HYPER-HAL: [HandlerUClamp.cpp]set_uclamp_min(): sched_setattr failed for thread 24155, err = -1
01-13 22:52:47.387  1685  1715 I HYPER-HAL: [RequestManager.cpp]releaseLocked(): Released ID : 36793641
01-13 22:52:47.388 26029 26029 I android.dqagent: Using CollectorTypeCMC GC.
01-13 22:52:47.389  2613  6697 I WindowManager: WIN DEATH: Window{9f0e92f u0 com.risa.app/com.risa.app.MainActivity}
01-13 22:52:47.389  2613  6697 V WindowManager: Remove Window{9f0e92f u0 com.risa.app/com.risa.app.MainActivity}: mSurfaceControl=Surface(name=com.risa.app/com.risa.app.MainActivity$_24136)/@0x4be8e82 mAnimatingExit=false mRemoveOnExit=false mHasSurface=true surfaceShowing=false animating=false app-animation=false callers=com.android.server.wm.Session.binderDied:85 android.os.IBinder$DeathRecipient.binderDied:346 android.os.BinderProxy.sendDeathNotice:848 <bottom of call stack> <bottom of call stack> <bottom of call stack> 
01-13 22:52:47.390  2613  6697 D RestrictionPolicy: isScreenCaptureEnabled : ret=true userId=0
01-13 22:52:47.391  2613  6697 D SurfaceComposerClient: setCornerRadius ## da88720 com.sec.android.app.launcher/com.sec.android.app.launcher.activities.LauncherActivity#121 cornerRadius=0.000000
01-13 22:52:47.391 26029 26029 E android.dqagent: Not starting debugger since process cannot load the jdwp agent.
01-13 22:52:47.391  2613  3091 I libprocessgroup: Removed cgroup /sys/fs/cgroup/apps/uid_11308/pid_24136
01-13 22:52:47.391  1603  1603 I Zygote  : Process 24136 exited due to signal 9 (Killed)
01-13 22:52:47.392  2613  6697 D SurfaceComposerClient: setCornerRadius ## da88720 com.sec.android.app.launcher/com.sec.android.app.launcher.activities.LauncherActivity#121 cornerRadius=0.000000
01-13 22:52:47.395  2613  2613 I WALLPAPER_SVC:SemWallpaperManagerService: isHomeActivityVisible : true 
01-13 22:52:47.395  2613  2613 D WALLPAPER_SVC:WallpaperData: getWallpaperFile: file = /data/system/users/0/wallpaper_orig 
01-13 22:52:47.395  2613  2613 D WALLPAPER_SVC:WallpaperData: getWallpaperFile: file = /data/system/users/0/wallpaper_orig 
01-13 22:52:47.396  2613  2613 D WALLPAPER_SVC:WallpaperManagerService: dispatchHomeVisibilityChanged: visible = true, connection = com.android.server.wallpaper.WallpaperManagerService$WallpaperConnection@36a2956, systemWallpaper = WallpaperData@d3a15d5, id: 57, which: 5, file mod: 0, info: WallpaperInfo{com.samsung.android.wallpaper.live.layered.LayeredWallpaperService, settings: null}, engine(s): Proxy@97a5890, type = 7, userId = 0, uri= null, allowBackup= true, wallpaperComponent = ComponentInfo{com.samsung.android.wallpaper.live/com.samsung.android.wallpaper.live.layered.LayeredWallpaperService}, nextWallpaperComponent = ComponentInfo{com.samsung.android.wallpaper.live/com.samsung.android.wallpaper.live.layered.LayeredWallpaperService} 
01-13 22:52:47.396  2613  3975 W ActivityTaskManager: Force removing ActivityRecord{80638204 u0 com.risa.app/.MainActivity t23894}: app died, no saved state
01-13 22:52:47.397  6183  6217 V OsAgent : broadcastSystemEvent - 7
01-13 22:52:47.386  1830  2193 I SurfaceFlinger: id=27848 Removed ad79903 SurfaceView[com.risa.app/com.risa.app.MainActivity]@0#27848 (310)
01-13 22:52:47.398  1830  1915 I SurfaceFlinger: id=27868 createSurf, flag=24004, Task=23894#27868
01-13 22:52:47.398  1830  2193 I SurfaceFlinger: id=27849 Removed ad79903 SurfaceView[com.risa.app/com.risa.app.MainActivity]@0(BLAST)#27849 (311)
01-13 22:52:47.398  1830  2193 I SurfaceFlinger: id=27850 Removed Background for ad79903 SurfaceView[com.risa.app/com.risa.app.MainActivity]@0#27850 (311)
01-13 22:52:47.398  1830  4813 I SurfaceFlinger: id=27847 Removed Bounds for - com.risa.app/com.risa.app.MainActivity@0#27847 (311)
01-13 22:52:47.398  1830  1830 I SurfaceFlinger: [Task=23894#27868] attach to parent Root
01-13 22:52:47.398  1830  1916 I SurfaceFlinger: id=27834 Removed 1420ace ActivityRecordInputSink com.risa.app/.MainActivity#27834 (311)
01-13 22:52:47.398  2613  3046 W ActivityManager: setHasOverlayUi called on unknown pid: 24136
01-13 22:52:47.399  1830  2193 I SurfaceFlinger: id=27845 Removed Surface(name=e736f56 StatusBar)/@0x35a560e - animation-leash of insets_animation#27845 (311)
01-13 22:52:47.399  1830  2193 I SurfaceFlinger: id=27846 Removed Surface(name=b27b017 NavigationBar0)/@0x1eb47c5 - animation-leash of insets_animation#27846 (311)
01-13 22:52:47.399  2613  3046 D SGM:FgCheckThread: getForegroundApp(), foregroundPkgName=com.sec.android.app.launcher
01-13 22:52:47.399  2613  3581 W UsageStatsService: Unexpected activity event reported! (com.risa.app/com.risa.app.MainActivity event : 23 instanceId : 50272779)
01-13 22:52:47.401  2613  3046 D SGM:FgCheckThread: pkgName: com.risa.app is not in foreground
01-13 22:52:47.401  2613  3046 D SGM:FgCheckThread: noteStopComponent(), received pkgName: com.risa.app, focusedPkgName: com.sec.android.app.launcher, userId: 0
01-13 22:52:47.402  5028  5028 I HoneySpace.TaskStackChangeRepositoryImpl: onTaskRemoved : 23894
01-13 22:52:47.402  5028  5209 I HoneySpace.TopTaskSource: onTaskRemoved: 23894
01-13 22:52:47.402  5028  5028 I HoneySpace.TaskListViewModel[131233500]: taskRemoveId, 23894
01-13 22:52:47.402  5028  5028 W HoneySpace.TaskListViewModel[131233500]: task is already removed: 23894
01-13 22:52:47.403  5028  5028 I HoneySpace.TaskStackChangeRepositoryImpl: onTaskRemoved : 23894
01-13 22:52:47.403  5028  5028 I HoneySpace.TaskListViewModel[131233500]: taskRemoveId, 23894
01-13 22:52:47.403  5028  5028 W HoneySpace.TaskListViewModel[131233500]: task is already removed: 23894
01-13 22:52:47.404  5028  5209 I HoneySpace.TopTaskSource: onTaskRemoved: 23894
01-13 22:52:47.408  1830  1830 I SurfaceFlinger: destroyed Surface(name=b27b017 NavigationBar0)/@0x1eb47c5 - animation-leash of insets_animation#27846 form LifecycleManager
01-13 22:52:47.408  1830  1830 I SurfaceFlinger: destroyed Surface(name=e736f56 StatusBar)/@0x35a560e - animation-leash of insets_animation#27845 form LifecycleManager
01-13 22:52:47.408  1830  1830 I SurfaceFlinger: id=27846 onLayerDestroyed from LayerHierarchyBuilder(RequestedLayerState{Surface(name=b27b017 NavigationBar0)/@0x1eb47c5 - animation-leash of insets_animation#27846 !handle})
01-13 22:52:47.408  1830  1830 I SurfaceFlinger: id=27845 onLayerDestroyed from LayerHierarchyBuilder(RequestedLayerState{Surface(name=e736f56 StatusBar)/@0x35a560e - animation-leash of insets_animation#27845 !handle})
01-13 22:52:47.409  4373  4603 V ShellDesktopMode: Task Vanished: #23894 closed=true
01-13 22:52:47.410  5028 20579 I HoneySpace.RecentTasks: onRunningTaskVanished
01-13 22:52:47.410  5028 20579 I HoneySpace.RecentTasks: onRecentTasksChanged
01-13 22:52:47.410  1830  1830 I Layer   : id=27846 Destroyed Surface(name=b27b017 NavigationBar0)/@0x1eb47c5 - animation-leash of insets_animation#27846
01-13 22:52:47.410  1830  1830 I Layer   : id=27845 Destroyed Surface(name=e736f56 StatusBar)/@0x35a560e - animation-leash of insets_animation#27845
01-13 22:52:47.414  2613  6697 W ParceledListSlice: Element #17 is 23580 bytes.
01-13 22:52:47.415  2613  6697 W ParceledListSlice: Element #29 is 18456 bytes.
01-13 22:52:47.417  2613  3975 W ParceledListSlice: Element #41 is 23072 bytes.
01-13 22:52:47.419  4373  5553 W ndroid.systemui: Large reply transaction of 374608 bytes, interface descriptor com.android.wm.shell.recents.IRecentTasks, code 4
01-13 22:52:47.425  1830  1830 I SurfaceFlinger: [LayerHierarchy{RequestedLayerState{Task=23894#27868 z=41} no children}] reparent to OffscreenRoot
01-13 22:52:47.425  1830  1830 I SurfaceFlinger: [LayerHierarchy{RequestedLayerState{Task=23894#27868 z=41} no children}] RelativeParent to null
01-13 22:52:47.425  1830  1830 I SurfaceFlinger: [LayerHierarchy{RequestedLayerState{Task=23894#27827 z=41} 1 children}] reparent to OffscreenRoot
01-13 22:52:47.425  1830  1830 I SurfaceFlinger: [LayerHierarchy{RequestedLayerState{Task=23894#27827 z=41} 1 children}] RelativeParent to null
01-13 22:52:47.425  1830  1830 I SurfaceFlinger: [LayerHierarchy{RequestedLayerState{ActivityRecord{80638204 u0 com.risa.app/.MainActivity t23894}#27828} 2 children}] reparent to OffscreenRoot
01-13 22:52:47.425  1830  1830 I SurfaceFlinger: [LayerHierarchy{RequestedLayerState{ActivityRecord{80638204 u0 com.risa.app/.MainActivity t23894}#27828} 2 children}] RelativeParent to null
01-13 22:52:47.425  1830  1830 I SurfaceFlinger: [LayerHierarchy{RequestedLayerState{com.risa.app/com.risa.app.MainActivity$_24136#27844} 3 children}] reparent to OffscreenRoot
01-13 22:52:47.425  1830  1830 I SurfaceFlinger: [LayerHierarchy{RequestedLayerState{com.risa.app/com.risa.app.MainActivity$_24136#27844} 3 children}] RelativeParent to null
01-13 22:52:47.425  1830  1830 I SurfaceFlinger: [LayerHierarchy{RequestedLayerState{9f0e92f com.risa.app/com.risa.app.MainActivity#27841} no children}] reparent to OffscreenRoot
01-13 22:52:47.425  1830  1830 I SurfaceFlinger: [LayerHierarchy{RequestedLayerState{9f0e92f com.risa.app/com.risa.app.MainActivity#27841} no children}] RelativeParent to null
01-13 22:52:47.426  1830  1830 I SurfaceFlinger: id=27868 Removed Task=23894#27868 (309)
01-13 22:52:47.426  1830  1830 I SurfaceFlinger: id=27828 Removed ActivityRecord{80638204 u0 com.risa.app/.MainActivity t23894}#27828 (309)
01-13 22:52:47.426  1830  1830 I SurfaceFlinger: id=27841 Removed 9f0e92f com.risa.app/com.risa.app.MainActivity#27841 (309)
01-13 22:52:47.426  1830  1830 I SurfaceFlinger: id=27844 Removed com.risa.app/com.risa.app.MainActivity$_24136#27844 (309)
01-13 22:52:47.441  1830  1830 I SurfaceFlinger: destroyed ad79903 SurfaceView[com.risa.app/com.risa.app.MainActivity]@0#27848 form LifecycleManager
01-13 22:52:47.441  1830  1830 I SurfaceFlinger: destroyed ad79903 SurfaceView[com.risa.app/com.risa.app.MainActivity]@0(BLAST)#27849 form LifecycleManager
01-13 22:52:47.441  1830  1830 I SurfaceFlinger: destroyed 1420ace ActivityRecordInputSink com.risa.app/.MainActivity#27834 form LifecycleManager
01-13 22:52:47.441  1830  1830 I SurfaceFlinger: destroyed Background for ad79903 SurfaceView[com.risa.app/com.risa.app.MainActivity]@0#27850 form LifecycleManager
01-13 22:52:47.441  1830  1830 I SurfaceFlinger: destroyed Bounds for - com.risa.app/com.risa.app.MainActivity@0#27847 form LifecycleManager
01-13 22:52:47.441  1830  1830 I SurfaceFlinger: destroyed Task=23894#27868 form LifecycleManager
01-13 22:52:47.441  1830  1830 I SurfaceFlinger: destroyed ActivityRecord{80638204 u0 com.risa.app/.MainActivity t23894}#27828 form LifecycleManager
01-13 22:52:47.441  1830  1830 I SurfaceFlinger: destroyed com.risa.app/com.risa.app.MainActivity$_24136#27844 form LifecycleManager
01-13 22:52:47.441  1830  1830 I SurfaceFlinger: destroyed 9f0e92f com.risa.app/com.risa.app.MainActivity#27841 form LifecycleManager
