01-13 22:53:00.211  4373  4650 D AppOpsPrivacyItemMonitor: showLocationSystemApps  AppOpItem(Op code=1, UID=10095, AttributionTag=SensorContextProvider, Package name=com.samsung.android.mcfds, Paused=false)false)false)false)
01-13 22:53:00.211  2613  4714 W Settings: Setting airplane_mode_on has moved from android.provider.Settings.System to android.provider.Settings.Global, returning read-only value.
01-13 22:53:00.211  1679  3707 I sensors-hal: qsh_conn_resp_cb:930, resp_value = 0 for slocationcore 
01-13 22:53:00.211  1679  3707 I sensors-hal: qsh_conn_event_cb:890, event[0] sensor:slocationcore  Wakeup, msg_id=1025, ts=1122292003807
01-13 22:53:00.211  1679  3707 E sensors-hal: handle_sns_client_event:78, slocationcore_event: msgid:1025
01-13 22:53:00.212  4373  4373 D AiAgentEffect: onPrivacyItemsChanged privacyItems.size = 5
01-13 22:53:00.212  4373  4373 D AiAgentEffect: onPrivacyItemsChanged privacyItems isEmpty or found item is null
01-13 22:53:00.212  2613  3705 D CAE     : onGetSensorHubData(SensorHubParserProvider.java:92) - onGetSensorHubData Event [event buffer len :10], AP_WAKEUP
01-13 22:53:00.213  2613  3705 I CAE     : parse(SensorHubParserProvider.java:188) - buffer size = 10
01-13 22:53:00.213  2613  3705 I CAE     : parse(SensorHubParserProvider.java:199) - 1, 1, 55, 0, 5, 2, 17, 0, 58, -104,
01-13 22:53:00.213  2613  3705 I CAE     : parse(SLocationRunner.java:88) - SLocationRunner parse start : 3
01-13 22:53:00.213  2613  3705 D CAE     : display(ContextProvider.java:375) - ================= SLOCATION_RUNNER =================
01-13 22:53:00.213  2613  3705 I CAE     : display(ContextProvider.java:391) - ExtraDataArray=[1, 1, 55, 0, 5, 2, 17, 0, 58, -104]
01-13 22:53:00.214  2613  2613 D SemContextManager: onSemContextChanged() : event = SLocation Core
01-13 22:53:00.214  2613  2613 D SLocation: SensorHubWrapper - SemContextChanged type = 47, packet received
01-13 22:53:00.214  2613  3702 D SemContextService: Service.updateContext() : service = SLocation Core
01-13 22:53:00.214  2613  3705 I CAE     : parse(SLocationRunner.java:96) - SLocationRunner parse end:10
01-13 22:53:00.214  4373  4373 D AiAgentEffect: onPrivacyItemsChanged privacyItems.size = 5
01-13 22:53:00.214  4373  4373 D AiAgentEffect: onPrivacyItemsChanged privacyItems isEmpty or found item is null
01-13 22:53:00.214  2613  3705 D CAE     : onGetSensorHubData(SensorHubParserProvider.java:92) - onGetSensorHubData Event [event buffer len :10], AP_WAKEUP
01-13 22:53:00.214  5028  5208 I HoneySpace.StatusIconTracker: invokeEvent() called with: event = PrivacyInfo(visible=false)
01-13 22:53:00.215  2613  4714 D SLocation: AgingAccuracy - cell changed, use max distance for pvt
01-13 22:53:00.215  2613  3705 I CAE     : parse(SensorHubParserProvider.java:188) - buffer size = 10
01-13 22:53:00.215  2613  3705 I CAE     : parse(SensorHubParserProvider.java:199) - 1, 1, 55, 0, 5, 2, 16, 0, 58, -104,
01-13 22:53:00.215  2613  3705 I CAE     : parse(SLocationRunner.java:88) - SLocationRunner parse start : 3
01-13 22:53:00.215  2613  3705 D CAE     : display(ContextProvider.java:375) - ================= SLOCATION_RUNNER =================
01-13 22:53:00.215  2613  3705 I CAE     : display(ContextProvider.java:391) - ExtraDataArray=[1, 1, 55, 0, 5, 2, 16, 0, 58, -104]
01-13 22:53:00.215  2613  4714 W Settings: Setting airplane_mode_on has moved from android.provider.Settings.System to android.provider.Settings.Global, returning read-only value.
01-13 22:53:00.216  2613  3705 I CAE     : parse(SLocationRunner.java:96) - SLocationRunner parse end:10
01-13 22:53:00.216  2613  3702 D SemContextService: Service.updateContext() : service = SLocation Core
01-13 22:53:00.216  2613  4714 D SLocation: FilteredLastLocation - notify all last locations, loc : 3
01-13 22:53:00.216  2613  2613 D SemContextManager: onSemContextChanged() : event = SLocation Core
01-13 22:53:00.216  2613  2613 D SLocation: SensorHubWrapper - SemContextChanged type = 47, packet received
01-13 22:53:00.216  5028  5208 I HoneySpace.StatusIconTracker: invokeEvent() called with: event = PrivacyInfo(visible=false)
01-13 22:53:00.217  2613  4714 D SLocation: GeofenceCoreManager - received Extra Data from core, len : 5
01-13 22:53:00.217  2613  4714 D SLocation: GeofenceCoreManager - handleCommandCallback - GEOFENCE_REMOVE SUCCESS
01-13 22:53:00.217  2613  4714 I SLocation: SHardwareManager - handleRemoveCallback : GEOFENCE_SUCCESS, id = 15000
01-13 22:53:00.217  2613  4714 D SLocation: CommonCoreManager - received Extra Data from core, len : 5
01-13 22:53:00.217  2613  4714 D SLocation: GeofenceCoreManager - received Extra Data from core, len : 5
01-13 22:53:00.217  2613  4714 D SLocation: GeofenceCoreManager - handleCommandCallback - GEOFENCE_ADD SUCCESS
01-13 22:53:00.217  2613  4714 I SLocation: SHardwareManager - handleAddCallback : GEOFENCE_SUCCESS id = 15000
01-13 22:53:00.217  2613  4714 D SLocation: CommonCoreManager - received Extra Data from core, len : 5
01-13 22:53:00.219  4373  4373 W View    : requestLayout() improperly called by com.android.systemui.qs.SecQSGradationDrawableView{ea1dade V.E...... ......ID 0,0-1080,332 #7f0a0a16 app:id/qs_gradation_view} during layout: running second layout pass
01-13 22:53:00.219  4373  4373 W View    : requestLayout() improperly called by android.widget.FrameLayout{14e04bf V.E...... ......I. 0,0-1080,2340 #2} during layout: running second layout pass
01-13 22:53:00.219  4373  4373 W View    : requestLayout() improperly called by android.widget.FrameLayout{e64678c V.E...... ......ID 0,152-1080,2205 #7f0a0a14 app:id/qs_frame} during layout: running second layout pass
01-13 22:53:00.219  4373  4373 W RefactorFlag: New code path expects SceneContainerFlag to be enabled.
01-13 22:53:00.220  4373  4373 D AiAgentEffect: onPrivacyItemsChanged privacyItems.size = 5
01-13 22:53:00.220  4373  4373 D AiAgentEffect: onPrivacyItemsChanged privacyItems isEmpty or found item is null
01-13 22:53:00.222  4314  4314 D BoundBrokerSvc: onRebind: Intent { act=com.google.android.gms.auth.aang.events.services.START dat=chimera-action:/... xflg=0x4 cmp=com.google.android.gms/.chimera.PersistentApiService }
01-13 22:53:00.222  4373  4373 D AiAgentEffect: onPrivacyItemsChanged privacyItems.size = 5
01-13 22:53:00.222  4373  4373 D AiAgentEffect: onPrivacyItemsChanged privacyItems isEmpty or found item is null
01-13 22:53:00.222  5028  5208 I HoneySpace.StatusIconTracker: invokeEvent() called with: event = PrivacyInfo(visible=false)
01-13 22:53:00.224  5028  5208 I HoneySpace.StatusIconTracker: invokeEvent() called with: event = PrivacyInfo(visible=false)
01-13 22:53:00.230  4373  4373 W View    : requestLayout() improperly called by com.android.systemui.qs.SecQSGradationDrawableView{ea1dade V.E...... ......ID 0,0-1080,332 #7f0a0a16 app:id/qs_gradation_view} during layout: running second layout pass
01-13 22:53:00.230  4373  4373 W View    : requestLayout() improperly called by android.widget.FrameLayout{14e04bf V.E...... ......I. 0,0-1080,2340 #2} during layout: running second layout pass
01-13 22:53:00.230  4373  4373 W View    : requestLayout() improperly called by android.widget.FrameLayout{e64678c V.E...... ......ID 0,152-1080,2205 #7f0a0a14 app:id/qs_frame} during layout: running second layout pass
01-13 22:53:00.230  4373  4373 W RefactorFlag: New code path expects SceneContainerFlag to be enabled.
01-13 22:53:00.266  2613  4679 D PowerManagerService: [api] release WakeLock DRAW_WAKE_LOCK                    '234:draw' ACQ=-1s4ms (uid=10214 pid=8166 displayId=0 lock=611ac25 acqCnt=1)
01-13 22:53:00.277  4314 22919 I TFLite-in-PlayServices: Created interpreter.
01-13 22:53:00.284  4314 22919 I TFLite-in-PlayServices: Created interpreter.
01-13 22:53:00.294  4314 22919 I SemanticLocation: (REDACTED) [Inferrer] %s%s
01-13 22:53:00.345   698  1548 D HWUI    : CacheManager::trimMemory(40)
01-13 22:53:00.350  4314 22919 I TFLite-in-PlayServices: Created interpreter.
01-13 22:53:00.355  4314 22919 I TFLite-in-PlayServices: Created interpreter.
01-13 22:53:00.369  4314 22919 I SemanticLocation: (REDACTED) [Inferrer] %s%s
01-13 22:53:00.411  4314 22919 I TFLite-in-PlayServices: Created interpreter.
01-13 22:53:00.415  4314 22919 I TFLite-in-PlayServices: Created interpreter.
01-13 22:53:00.420  4314 22919 I SemanticLocation: (REDACTED) [Inferrer] %s%s
01-13 22:53:00.580  1234  1234 D io_stats: !@   8,0 r 15430122 258735880 w 4778811 82169364 d 1270369 84753064 f 122733 270219 iot 3499440 0 th 0 0 0 pt 0 inp 0 0 50993.832
01-13 22:53:00.581  1234  1234 D io_stats: !@ Read_top(KB): .gms.persistent(4314) 5828 rdash.driverapp(16280) 3716 .openai.chatgpt(6907) 248
01-13 22:53:00.581  1234  1234 D io_stats: !@ Write_top(KB): kworker/u16:8(7656) 4176 rdash.driverapp(16280) 72 f2fs_ckpt-254:6(1358) 48
01-13 22:53:00.683  2613  4714 D SLocation: WifiBssidMonitor - requestRefresh
01-13 22:53:00.690  2613  4714 W SLocation: WifiBssidMonitor - connected wifi : (6c:99:61:**:**:1f/822)
01-13 22:53:00.851  1821  1843 E HeatmapThread: ECT Thread time in milliseconds: 1768362780
01-13 22:53:00.853  1821  1843 D HeatmapThread: !@ batteryplugType : 2
01-13 22:53:00.853  1821  1843 D HeatmapThread: !@ batteryLevel : 75  batteryTemperature : 317 
01-13 22:53:00.854  1821  1843 D HeatmapThread: !@ Heatmap currtime: 29472713
01-13 22:53:00.854  1821  1843 D HeatmapThread: !@ Heatmap prevtime: 29472700
01-13 22:53:00.854  1821  1843 D HeatmapThread: !@ Heatmap plugstarttime: 29472704
01-13 22:53:00.854  1821  1843 D HeatmapThread: !@ Heatmap prevv_dsoh_update_time: 29471816
01-13 22:53:00.854  1821  1843 E HeatmapThread: !@ CAM New BSOH: 100
01-13 22:53:01.190  4314  4314 D BoundBrokerSvc: onRebind: Intent { act=com.google.android.gms.libs.gmscorelogger.service.START dat=chimera-action:/... xflg=0x4 cmp=com.google.android.gms/.chimera.PersistentDirectBootAwareApiService }
01-13 22:53:01.850  1821  1843 E HeatmapThread: ECT Thread time in milliseconds: 1768362781
01-13 22:53:01.854  1821  1843 D HeatmapThread: !@ batteryplugType : 2
01-13 22:53:01.854  1821  1843 D HeatmapThread: !@ batteryLevel : 75  batteryTemperature : 317 
01-13 22:53:01.854  1821  1843 D HeatmapThread: !@ Heatmap currtime: 29472713
01-13 22:53:01.854  1821  1843 D HeatmapThread: !@ Heatmap prevtime: 29472700
01-13 22:53:01.854  1821  1843 D HeatmapThread: !@ Heatmap plugstarttime: 29472704
01-13 22:53:01.854  1821  1843 D HeatmapThread: !@ Heatmap prevv_dsoh_update_time: 29471816
01-13 22:53:01.854  1821  1843 E HeatmapThread: !@ CAM New BSOH: 100
01-13 22:53:01.891  2613  2832 I system_server: Background concurrent mark compact GC freed 49MB AllocSpace bytes, 50(2332KB) LOS objects, 24% free, 150MB/198MB, paused 1.634ms,5.727ms total 431.702ms
01-13 22:53:01.914  2613  2834 W System  : A resource failed to call CursorWindow.close. 
01-13 22:53:02.261  2613  6606 D SemWifiUsabilityStatsMonitor: onWifiUsabilityStats - seqNum 4672, isSameBssidAndFreq true
01-13 22:53:02.263  2613  3833 E SemWifiLinkQualityMonitor: Too old or invalid TMI: currentTime=1768362782263 lastDateWindow=1768353308000
01-13 22:53:02.265  2613  3833 I SemWifiLinkQualityMonitor: Link stat: 88 / 4 / 2.00 (2) / 866 / -31.0 || 100.0 : 866.00 / 0.5 : 0.50 / G (B) || 61d35a1f5785: 0.245 / 32.685 / N || N N / 0 0 / N 103.0 / N X 0 / 50995513 0 || 2026-01-13 20:15:08  / 0: 0 0 0 0 0 0 / 0: 0 0 0 0 0 0 / 0: 0 0 0 0 0 0
01-13 22:53:02.266  2613  3834 D InsDataManager: onOutageCountUpdate() - Outage Data: 0, LQ : N. Outage Triggered: false
01-13 22:53:02.267  2613  3834 D SemInsManager: {"bssid": "61d35a1f5785","rssi": -31.0,"latency": 0.24476146486308148,"outage_count": 0,"lq_callback_triggered": false,"outage_log": "Link stat: 88 / 4 / 2.00 (2) / 866 / -31.0 || 100.0 : 866.00 / 0.5 : 0.50 / G (B) || 61d35a1f5785: 0.245 / 32.685 / N || N N / 0 0 / N 103.0 / N X 0 / 50995513 0 || 2026-01-13 20:15:08  / 0: 0 0 0 0 0 0 / 0: 0 0 0 0 0 0 / 0: 0 0 0 0 0 0""Magnetic Sensor Events size": "0""Pressure Sensor Events size": "0"}
01-13 22:53:02.273  2613  3851 D SGM:GameManager: identifyGamePackage. com.sec.android.app.launcher, mCurrentUserId: 0, callingMethodInfo: com.samsung.android.game.SemGameManager.isGamePackage(SemGameManager.java:106)
01-13 22:53:02.274  2613  3851 D SGM:SemGameManager: isGamePackage(), pkgName=com.sec.android.app.launcher, ret=false
01-13 22:53:02.473 12832 12832 D BoundBrokerSvc: onUnbind: Intent { act=com.google.android.gms.semanticlocationhistory.service.START dat=chimera-action:/... xflg=0x4 cmp=com.google.android.gms/.chimera.GmsApiService }
01-13 22:53:02.478  2613  4679 I ActivityManager: Changes in 10117 3 to 10, 184 to 0
01-13 22:53:02.482  6183  6217 V OsAgent : broadcastSystemEvent - 7
01-13 22:53:02.582  1234  1234 D io_stats: !@   8,0 r 15430164 258736492 w 4778906 82178876 d 1270577 84755068 f 122733 270220 iot 3499644 0 th 0 0 0 pt 0 inp 0 0 50995.833
01-13 22:53:02.851  1821  1843 E HeatmapThread: ECT Thread time in milliseconds: 1768362782
01-13 22:53:02.854  1821  1843 D HeatmapThread: !@ batteryplugType : 2
01-13 22:53:02.855  1821  1843 D HeatmapThread: !@ batteryLevel : 75  batteryTemperature : 317 
01-13 22:53:02.855  1821  1843 D HeatmapThread: !@ Heatmap currtime: 29472713
01-13 22:53:02.855  1821  1843 D HeatmapThread: !@ Heatmap prevtime: 29472700
01-13 22:53:02.855  1821  1843 D HeatmapThread: !@ Heatmap plugstarttime: 29472704
01-13 22:53:02.855  1821  1843 D HeatmapThread: !@ Heatmap prevv_dsoh_update_time: 29471816
01-13 22:53:02.856  1821  1843 E HeatmapThread: !@ CAM New BSOH: 100
01-13 22:53:02.883  1830  2193 I VSyncReactor: Current= 60, Period= 60, Distance= 0
01-13 22:53:02.899  1830  2193 I VSyncReactor: Current= 60, Period= 60, Distance= 60
01-13 22:53:03.463  2613  3831 I SemWifiServiceDetector: Service det. suspended: T / T / 30658
01-13 22:53:03.643  1679  3918 I sensors-hal: handle_sns_std_sensor_event:131, [SSC_LIGHT] A: 22(22),c:0,b:188,m:13,cl:0,l:22,s:15,l0:3552,l1:0,s0:2500,s1:0,acl:3,opr:0.26,f(r):81,u(bl):100,if:0,wi:2,si:0,po:174(N:0)
01-13 22:53:03.850  1821  1843 E HeatmapThread: ECT Thread time in milliseconds: 1768362783
01-13 22:53:03.853  1821  1843 D HeatmapThread: !@ batteryplugType : 2
01-13 22:53:03.853  1821  1843 D HeatmapThread: !@ batteryLevel : 75  batteryTemperature : 317 
01-13 22:53:03.853  1821  1843 D HeatmapThread: !@ Heatmap currtime: 29472713
01-13 22:53:03.853  1821  1843 D HeatmapThread: !@ Heatmap prevtime: 29472700
01-13 22:53:03.853  1821  1843 D HeatmapThread: !@ Heatmap plugstarttime: 29472704
01-13 22:53:03.853  1821  1843 D HeatmapThread: !@ Heatmap prevv_dsoh_update_time: 29471816
01-13 22:53:03.854  1821  1843 E HeatmapThread: !@ CAM New BSOH: 100
01-13 22:53:04.302  2210  2210 I CNSS    : /sys/wifi/max_chipset_log_size doesn't exist
01-13 22:53:04.509  1723 26184 I StatsHandler: [hvcD_817] Stats: Pending(0) i/p-done(0) Works: Q: 2823/Done 2821|Work-Rate: Q(0.0/s Avg=0.3/s) Done(0.000/s Avg=0.320/s)| Stream: 30.30fps 585.3Kbps
01-13 22:53:04.510  1723 26184 I StatsHandler: [hvcD_817] Mem-usage:  [In-1D: 12 bufs 96.000 MB] [1D-1511: 35 bufs 0.547 MB] [2D-1512: 23 bufs 73.312 MB] | Total: 169.859 MB
01-13 22:53:04.510  1723 26184 I StatsHandler: [avcD_833] Stats: Pending(0) i/p-done(0) Works: Q: 55276/Done 55264|Work-Rate: Q(0.0/s Avg=8.3/s) Done(0.000/s Avg=8.306/s)| Stream: 30.00fps 319.6Kbps
01-13 22:53:04.510  1723 26184 I StatsHandler: [avcD_833] Mem-usage:  [In-1D: 30 bufs 240.000 MB] [1D-1543: 33 bufs 0.516 MB] [2D-1544: 17 bufs 13.547 MB] | Total: 254.062 MB
01-13 22:53:04.515  2613  3647 D InputReader: Btn_touch(4): value=1 when=50997.765876
01-13 22:53:04.516  2613  3647 I InputReader: Touch event's action is 0x0 (id=6, t=0) [pCnt=1, s=0.14018 ] when=50997.765876
01-13 22:53:04.520  2613  2613 D PowerManagerService: [api] userActivity : other (uid: 1000 pid: 2613) <- onInputEvent() in com.android.server.accessibility.AccessibilityInputFilter:427 displayId=0 eventTime=50997765
01-13 22:53:04.521  2613  2613 D InputDispatcher: Inject motion (0/0): action=0x0, time=50997765876000, f=0x0, d=0 dsdx=1.000000 dtdx=0.000000
01-13 22:53:04.522  2613  3644 I InputDispatcher: Delivering touch to (4373): action: 0x4, f=0x0, d=0, 'b27b017', t=1 
01-13 22:53:04.522  2613  3644 I InputDispatcher: Delivering touch to (5028): action: 0x0, f=0x0, d=0, 'da88720', t=1 
01-13 22:53:04.523  2613  3644 D PowerManagerService: [api] userActivityFromNative : touch displayId=0 eventTime=50997765
01-13 22:53:04.523  2613  3044 I GestureDetector: obtain mCurrentDownEvent. id: 842036133 caller: com.android.server.wm.SystemGesturesPointerEventListener.onPointerEvent:17 com.android.server.wm.PointerEventDispatcher.onInputEvent:51 android.view.InputEventReceiver.dispatchInputEvent:392 
01-13 22:53:04.523  2613  3644 D PowerManagerService: UserActivityStateListenerState: 1
01-13 22:53:04.524  2613  3044 I GestureDetector: obtain mCurrentDownEvent. id: 842036133 caller: com.android.server.wm.SystemPerformancePointerEventListener.onPointerEvent:13 com.android.server.wm.PointerEventDispatcher.onInputEvent:51 android.view.InputEventReceiver.dispatchInputEvent:392 
01-13 22:53:04.524  5028  5028 I VRI[LauncherActivity]@ddfbaee: ViewPostIme pointer 0
01-13 22:53:04.525  5028  5028 I HoneySpace.IconHoney: call activeLaunch 328
01-13 22:53:04.525  2613  3044 I GestureDetector: obtain mCurrentMotionEventRaw. action: 2 id: 198895205
01-13 22:53:04.525  2613  3044 I GestureDetector: obtain mCurrentMotionEventRaw. action: 2 id: 198895205
01-13 22:53:04.525  5028  5028 I HoneySpace.LongPressTouchController: ACTION_DOWN, (559.7754, 1828.125)
01-13 22:53:04.525  2613  4363 I Pageboost: start alp : com.sec.android.gallery3d
01-13 22:53:04.525  5028  5028 I HoneySpace.LongPressTouchController: is not VacantCell
01-13 22:53:04.525  5028  5028 I HoneySpace.HomeView: findControllerToHandleTouch ev = 0
01-13 22:53:04.525  5028  5028 I HoneySpace.HoneyWindowController: windowMap[it.hashCode()]?.get()=com.android.internal.policy.PhoneWindow@c449416
01-13 22:53:04.526  5028  5028 I HoneySpace.StatusBarTouchController: canInterceptTouch showNotificationPanel : true systemUiProxy.isActive() = true honeyScreenManager.currentHoneyScreen : HOME honeyScreen.currentHoneyState : com.honeyspace.sdk.HomeScreen$Normal@d7feea7
01-13 22:53:04.526  5028  5028 I HoneySpace.FinderTouchController: onControllerInterceptTouchEvent :: canInterceptTouch() = false, QuickOptionUtil.isShowQuickOption() : false QuickOptionUtil.isDragging : false
01-13 22:53:04.526  5028  5028 I HoneySpace.HomeAppsTouchController: currentChangeState : com.honeyspace.sdk.HomeScreen$Normal@d7feea7, currentHoneyState : com.honeyspace.sdk.HomeScreen$Normal@d7feea7, EditLockPopup : false, isOpenFolderMode : false, isChildScrolling : false, isDragAnimRunning : false
01-13 22:53:04.526  5028  5028 I HoneySpace.HomeAppsTouchController: currentChangeState : com.honeyspace.sdk.HomeScreen$Normal@d7feea7, currentHoneyState : com.honeyspace.sdk.HomeScreen$Normal@d7feea7, EditLockPopup : false, isOpenFolderMode : false, isChildScrolling : false, isDragAnimRunning : false
01-13 22:53:04.526  5028  5028 I HoneySpace.PageEditTouchController: onControllerInterceptTouchEvent, isInProgress = false
01-13 22:53:04.526  5028  5028 I HoneySpace.WorkspaceFastRecyclerView: dispatchTouchEvent() event.action=0
01-13 22:53:04.526  2613  3933 I Pageboost: alp skip : com.sec.android.gallery3d , 2
01-13 22:53:04.526  5028  5028 I HoneySpace.WorkspaceFastRecyclerView: processDownMotionEvent, index = 0, id = 0
01-13 22:53:04.526  5028  5028 I HoneySpace.WorkspaceFastRecyclerView: initTouchPoint, index = 0, id = 0
01-13 22:53:04.526  2613  4363 W ContextImpl: Calling a method in the system process without a qualified user: android.app.ContextImpl.startActivity:1189 com.android.server.am.ActivityManagerService.doActiveLaunch:101 android.app.IActivityManager$Stub.onTransact:5083 com.android.server.am.ActivityManagerService.onTransact:425 android.os.Binder.execTransactInternal:1462 
01-13 22:53:04.526  5028  5028 I VRI[LauncherActivity]@ddfbaee: call setFrameRateCategory for touch hint category=high hint, reason=touch, vri=VRI[LauncherActivity]@ddfbaee
01-13 22:53:04.527  2613  4363 D ActivityTaskManager: startActivityAsUser: callingPid=2613, callingUid=1000, caller=com.android.server.wm.ActivityTaskManagerService.startActivity:123 android.app.Instrumentation.execStartActivity:2010 android.app.ContextImpl.startActivity:1207 com.android.server.am.ActivityManagerService.doActiveLaunch:101 android.app.IActivityManager$Stub.onTransact:5083 com.android.server.am.ActivityManagerService.onTransact:425 android.os.Binder.execTransactInternal:1462 
01-13 22:53:04.527  2613  4363 D ActivityTaskManager: request preloading for newly launching app
01-13 22:53:04.528  2613  4363 I ActivityTaskManager: starting ActiveLaunch
01-13 22:53:04.528  2613  4363 D ActivityManager: starting Active launch
01-13 22:53:04.529   858   858 I lmkd    : check proc pid launching app : 29897
01-13 22:53:04.533  1830  1830 I SurfaceFlinger: [com.sec.android.app.launcher/com.sec.android.app.launcher.activities.LauncherActivity$_5028#27856] setFrameRateCategory: HighHint
01-13 22:53:04.533  5028  5028 I HoneySpace.HomeView: findControllerToHandleTouch ev = 2
01-13 22:53:04.533  5028  5028 I HoneySpace.FinderTouchController: onControllerInterceptTouchEvent :: canInterceptTouch() = false, QuickOptionUtil.isShowQuickOption() : false QuickOptionUtil.isDragging : false
01-13 22:53:04.534  5028  5028 I HoneySpace.HomeAppsTouchController: currentChangeState : com.honeyspace.sdk.HomeScreen$Normal@d7feea7, currentHoneyState : com.honeyspace.sdk.HomeScreen$Normal@d7feea7, EditLockPopup : false, isOpenFolderMode : false, isChildScrolling : false, isDragAnimRunning : false
01-13 22:53:04.534  5028  5028 I HoneySpace.PageEditTouchController: onControllerInterceptTouchEvent, isInProgress = false
01-13 22:53:04.534  5028  5028 I HoneySpace.MinusOnePageController: ACTION_MOVE isValidState: false isNormalState: true shouldStartScroll: false delta: 20.370117 isScrollableItemTouch: false touchSlop: 34.5 minusOnePageMover: n4.d@974871c
01-13 22:53:04.534  5028  5028 I HoneySpace.WorkspaceFastRecyclerView: updateIsBeingDraggedOnTouchDown touchSlop:35, diff:20, moved:false, useLongTouchSlop:true
01-13 22:53:04.535  1830  1916 I VSyncReactor: Current= 60, Period= 60, Distance= 1
01-13 22:53:04.535  2613  3597 D SemInput:UEvent: onSemUEvent: {SUBSYSTEM=sec, SEQNUM=25948, ACTION=change, POS=746,2437, TIMESTAMP=50997786, FEATURE=TSP, GESTURE=15, DEVPATH=/devices/virtual/sec/tsp}
01-13 22:53:04.535  2613  3597 D SemInput:UEvent: !@[sec_input] gesture event type: 15,746,2437
01-13 22:53:04.535  2613  3597 D InputManager: notifyQuickAccess: info=15, x=746.0, y=2437.0
01-13 22:53:04.549  5028  5028 I HoneySpace.HomeView: findControllerToHandleTouch ev = 2
01-13 22:53:04.549  5028  5028 I HoneySpace.TouchDirectionDetector: displacementComponent = -97.615234
01-13 22:53:04.549  5028  5028 I HoneySpace.TouchDirectionDetector: canScrollNegative direction = true
01-13 22:53:04.549  5028  5028 I HoneySpace.TouchDirectionDetector: direction.isNegative(displacement) = false
01-13 22:53:04.549  5028  5028 I HoneySpace.TouchDirectionDetector: canScrollPositive direction = false
01-13 22:53:04.549  5028  5028 I HoneySpace.TouchDirectionDetector: direction.isPositive(displacement) = true
01-13 22:53:04.549  5028  5028 I HoneySpace.FinderTouchController: onControllerInterceptTouchEvent :: canInterceptTouch() = false, QuickOptionUtil.isShowQuickOption() : false QuickOptionUtil.isDragging : false
01-13 22:53:04.549  5028  5028 I HoneySpace.HomeAppsTouchController: currentChangeState : com.honeyspace.sdk.HomeScreen$Normal@d7feea7, currentHoneyState : com.honeyspace.sdk.HomeScreen$Normal@d7feea7, EditLockPopup : false, isOpenFolderMode : false, isChildScrolling : false, isDragAnimRunning : false
01-13 22:53:04.549  5028  5028 I HoneySpace.TouchDirectionDetector: displacementComponent = -97.615234
01-13 22:53:04.549  5028  5028 I HoneySpace.TouchDirectionDetector: canScrollNegative direction = true
01-13 22:53:04.549  5028  5028 I HoneySpace.TouchDirectionDetector: direction.isNegative(displacement) = false
01-13 22:53:04.549  5028  5028 I HoneySpace.TouchDirectionDetector: canScrollPositive direction = true
01-13 22:53:04.549  5028  5028 I HoneySpace.TouchDirectionDetector: direction.isPositive(displacement) = true
01-13 22:53:04.549  5028  5028 I HoneySpace.HomeAppsTouchController: initVelocityTracker
01-13 22:53:04.549  5028  5028 I HoneySpace.HomeAppsTouchController: currentChangeState : com.honeyspace.sdk.HomeScreen$Normal@d7feea7, currentHoneyState : com.honeyspace.sdk.HomeScreen$Normal@d7feea7, EditLockPopup : false, isOpenFolderMode : false, isChildScrolling : false, isDragAnimRunning : false
01-13 22:53:04.550  5028  5028 I HoneySpace.BackgroundManagerImpl: updateProperties[ch=187535353], com.honeyspace.sdk.AppScreen$Normal@a130bce, true
01-13 22:53:04.550  5028  5028 I HoneySpace.BackgroundManagerImpl: updateDimColor[ch=187535353]
01-13 22:53:04.550  5028  5028 I HoneySpace.BackgroundManagerImpl: updated the scrimView's end color : com.honeyspace.sdk.AppScreen$Normal@a130bce
01-13 22:53:04.550  5028  5028 I HoneySpace.BackgroundManagerImpl: updateLastDimAndBlur[ch=187535353]dim[0.0 -> 0.0] ,wBlur[2.0 -> 0.0
01-13 22:53:04.550  5028  5028 I HoneySpace.BackgroundManagerImpl: updateLastState[187535353]: com.honeyspace.sdk.HomeScreen$Normal@d7feea7 -> com.honeyspace.sdk.AppScreen$Normal@a130bce
01-13 22:53:04.550  5028  5028 I HoneySpace.BlurBackgroundControllerImpl: updateLastState com.honeyspace.sdk.AppScreen$Normal@a130bce 5
01-13 22:53:04.550  5028  5028 I HoneySpace.AppscreenPot: onPlayStarted com.honeyspace.sdk.AppScreen$Normal@a130bce
01-13 22:53:04.550  5028  5028 I HoneySpace.HoneyScreenManagerImpl: start state transition: d3.M@ed63271
01-13 22:53:04.550  5028  5028 I HoneySpace.AppscreenPot: show() honeyState: com.honeyspace.sdk.AppScreen$Normal@a130bce, ongoing: false, W1.i.gotoScreenWithAnimation(Unknown Source:359)
01-13 22:53:04.550  5028  5028 I HoneySpace.AppscreenPot: update SystemUI, changedState = com.honeyspace.sdk.AppScreen$Normal@a130bce
01-13 22:53:04.551  5028  5028 I HoneySpace.SystemUIControlUtils: updateSystemUI, show: true, type: statusBars navigationBars, forLauncher: true
01-13 22:53:04.551  5028  5028 I HoneySpace.WhiteBgColorUpdater: changeWhiteBgSystemUIColor, com.android.internal.policy.DecorView{59097fa V.E...... R....... 0,0-1080,2340 aid=0}[LauncherActivity], type = 2, supportWhiteBg = false, forced = false, fromHoneyType = appscreen, darkStatusBar = 0, darkNavigationBar = false
01-13 22:53:04.551  5028  5028 I HoneySpace.WhiteBgColorChanger: changeStatusBarColor, view = com.android.internal.policy.DecorView{59097fa V.E...... R....... 0,0-1080,2340 aid=0}[LauncherActivity], isDarkColor = false
01-13 22:53:04.551  5028  5028 I HoneySpace.WhiteBgColorUpdater: changeWhiteBgSystemUIColor, com.android.internal.policy.DecorView{59097fa V.E...... R....... 0,0-1080,2340 aid=0}[LauncherActivity], type = 3, supportWhiteBg = false, forced = false, fromHoneyType = appscreen, darkStatusBar = 0, darkNavigationBar = false
01-13 22:53:04.551  5028  5028 I HoneySpace.WhiteBgColorChanger: changeNavigationBarColor, view = com.android.internal.policy.DecorView{59097fa V.E...... R....... 0,0-1080,2340 aid=0}[LauncherActivity], isDarkColor = false
01-13 22:53:04.551  5028  5028 I HoneySpace.WallpaperBlurView: apply(): progress = 0.24403809, radius = 61, preset = PresetConfigure(blurRadius=250, id=135, alphaScaleFactor=765.0)
01-13 22:53:04.551  1830  1916 I VSyncReactor: Current= 60, Period= 60, Distance= 60
01-13 22:53:04.551  5028  5028 I HoneySpace.HomeView: founded touch controller : HomeAppsTouchController r4.c@e82e80a
01-13 22:53:04.551  5028  5028 I HoneySpace.WorkspaceFastRecyclerView: dispatchTouchEvent() screenManager.isOnStateTransition=true, suppressLayout=false
01-13 22:53:04.551  5028  5028 I HoneySpace.WorkspaceFastRecyclerView: onInterceptTouchEvent() return by isOnStateTransition
01-13 22:53:04.566  5028  5028 I HoneySpace.HomeView: onTouch event = 2, Touch controller: r4.c@e82e80a
01-13 22:53:04.566  5028  5028 I HoneySpace.HomeAppsTouchController: currentChangeState : com.honeyspace.sdk.HomeScreen$Normal@d7feea7, currentHoneyState : com.honeyspace.sdk.HomeScreen$Normal@d7feea7, EditLockPopup : false, isOpenFolderMode : false, isChildScrolling : false, isDragAnimRunning : false
01-13 22:53:04.566  5028  5028 I HoneySpace.HoneyScreenManagerImpl: stopAppClosing
01-13 22:53:04.566  5028  5028 I HoneySpace.AppscreenPot: show() honeyState: com.honeyspace.sdk.AppScreen$Normal@a130bce, ongoing: false, W1.i.gotoScreenWithAnimation(Unknown Source:359)
01-13 22:53:04.566  5028  5028 I HoneySpace.WallpaperBlurView: apply(): progress = 0.46974608, radius = 117, preset = PresetConfigure(blurRadius=250, id=135, alphaScaleFactor=765.0)
01-13 22:53:04.569  1830  1830 D SurfaceFlinger: GPIS:: requestGpisForBlur
01-13 22:53:04.569  1830  5501 D NativeSemDvfsManager: acquire:: timeout = 2000 mIsAcquired = 1  mTagName : SurfaceFlinger 
01-13 22:53:04.570  1685  1715 I HYPER-HAL: [RequestManager.cpp]acquire(): Acquired ID : 4006865  [1830 / 1000]    HINT : SF_GPU_MINLOCK    list : [TIMEOUT / 2000] 
01-13 22:53:04.570  1830  5501 E NativeCustomFrequencyManager: [NativeCFMS] BpCustomFrequencyManager::acquire()
01-13 22:53:04.583  1234  1234 D io_stats: !@   8,0 r 15430338 258740256 w 4778906 82178876 d 1270577 84755068 f 122733 270220 iot 3499660 0 th 0 0 0 pt 0 inp 0 0 50997.834
01-13 22:53:04.583  1234  1234 D io_stats: !@ Read_top(KB): ndroid.systemui(4373) 3672 .gms.persistent(4314) 524 rdash.driverapp(16280) 56
01-13 22:53:04.583  1234  1234 D io_stats: !@ Write_top(KB): kworker/u16:10(7658) 9500 jbd2/sda9-8(1168) 8
01-13 22:53:04.585  5028  5028 I HoneySpace.HomeView: onTouch event = 2, Touch controller: r4.c@e82e80a
01-13 22:53:04.585  4373  4643 D ShellStartingWindow: preload Icon com.sec.android.gallery3d
01-13 22:53:04.585  5028  5028 I HoneySpace.HomeAppsTouchController: currentChangeState : com.honeyspace.sdk.HomeScreen$Normal@d7feea7, currentHoneyState : com.honeyspace.sdk.HomeScreen$Normal@d7feea7, EditLockPopup : false, isOpenFolderMode : false, isChildScrolling : false, isDragAnimRunning : false
01-13 22:53:04.585  5028  5028 I HoneySpace.HoneyScreenManagerImpl: stopAppClosing
01-13 22:53:04.585  5028  5028 I HoneySpace.AppscreenPot: show() honeyState: com.honeyspace.sdk.AppScreen$Normal@a130bce, ongoing: false, W1.i.gotoScreenWithAnimation(Unknown Source:359)
01-13 22:53:04.586  5028  5028 I HoneySpace.WallpaperBlurView: apply(): progress = 0.8827539, radius = 220, preset = PresetConfigure(blurRadius=250, id=135, alphaScaleFactor=765.0)
01-13 22:53:04.588  2613  3647 D InputReader: Btn_touch(4): value=0 when=50997.839676
01-13 22:53:04.588  2613  3647 I InputReader: Touch event's action is 0x1 (id=6, t=0) [pCnt=1, s=] when=50997.839676
01-13 22:53:04.589  2613  2613 D InputDispatcher: Inject motion (0/0): action=0x1, time=50997839676000, f=0x0, d=0 dsdx=1.000000 dtdx=0.000000
01-13 22:53:04.589  2613  3644 I InputDispatcher: Delivering touch to (5028): action: 0x1, f=0x0, d=0, 'da88720', t=1 
01-13 22:53:04.589  5028  5028 I HoneySpace.HomeView: onTouch event = 2, Touch controller: r4.c@e82e80a
01-13 22:53:04.589  5028  5028 I HoneySpace.HomeAppsTouchController: currentChangeState : com.honeyspace.sdk.HomeScreen$Normal@d7feea7, currentHoneyState : com.honeyspace.sdk.HomeScreen$Normal@d7feea7, EditLockPopup : false, isOpenFolderMode : false, isChildScrolling : false, isDragAnimRunning : false
01-13 22:53:04.589  5028  5028 I HoneySpace.HoneyScreenManagerImpl: stopAppClosing
01-13 22:53:04.589  5028  5028 I HoneySpace.AppscreenPot: show() honeyState: com.honeyspace.sdk.AppScreen$Normal@a130bce, ongoing: false, W1.i.gotoScreenWithAnimation(Unknown Source:359)
01-13 22:53:04.590  5028  5028 I HoneySpace.WallpaperBlurView: apply(): progress = 0.90406495, radius = 226, preset = PresetConfigure(blurRadius=250, id=135, alphaScaleFactor=765.0)
01-13 22:53:04.590  2613  2613 I SemDvfsHyPerManager: acquire hyper - SMOOTH_SCROLL/2613@22, type = -999
01-13 22:53:04.590  2613  2613 I SemDvfsHyPerManager: acquire hyper - GESTURE_DETECTED/2613@23, type = -999
01-13 22:53:04.590  2613  2613 I SemDvfsHyPerManager: acquire hyper - GESTURE_DETECTED/2613@23, type = -999
01-13 22:53:04.590  5028  5028 I VRI[LauncherActivity]@ddfbaee: ViewPostIme pointer 1
01-13 22:53:04.590  5028  5028 I HoneySpace.HomeView: onTouch event = 1, Touch controller: r4.c@e82e80a
01-13 22:53:04.590  5028  5028 I HoneySpace.HomeAppsTouchController: currentChangeState : com.honeyspace.sdk.HomeScreen$Normal@d7feea7, currentHoneyState : com.honeyspace.sdk.HomeScreen$Normal@d7feea7, EditLockPopup : false, isOpenFolderMode : false, isChildScrolling : false, isDragAnimRunning : false
01-13 22:53:04.590  5028  5028 I HoneySpace.HomeAppsTouchController: Swipe Pos(HomeAppsTouchController) : (0.122019, 0)-(0.234873, 16)-(0.441377, 19)-(0.452032, 5)-End
01-13 22:53:04.590  5028  5028 I HoneySpace.HoneyScreenManagerImpl: stopAppClosing
01-13 22:53:04.590  5028  5028 I HoneySpace.AppscreenPot: show() honeyState: com.honeyspace.sdk.AppScreen$Normal@a130bce, ongoing: true, W1.i.gotoScreenWithAnimation(Unknown Source:359)
01-13 22:53:04.590  5028  5028 I HoneySpace.AppscreenViewModel: resetAnimatedValues
01-13 22:53:04.591  5028  5028 I HoneySpace.AppscreenPot: update SystemUI, changedState = com.honeyspace.sdk.AppScreen$Normal@a130bce
01-13 22:53:04.591  5028  5028 I HoneySpace.SystemUIControlUtils: updateSystemUI, show: true, type: statusBars navigationBars, forLauncher: true
01-13 22:53:04.591  5028  5028 I HoneySpace.WhiteBgColorUpdater: changeWhiteBgSystemUIColor, com.android.internal.policy.DecorView{59097fa V.E...... R......D 0,0-1080,2340 aid=0}[LauncherActivity], type = 2, supportWhiteBg = false, forced = false, fromHoneyType = appscreen, darkStatusBar = 0, darkNavigationBar = false
01-13 22:53:04.591  5028  5028 I HoneySpace.WhiteBgColorChanger: changeStatusBarColor, view = com.android.internal.policy.DecorView{59097fa V.E...... R......D 0,0-1080,2340 aid=0}[LauncherActivity], isDarkColor = false
01-13 22:53:04.591  5028  5028 I HoneySpace.WhiteBgColorUpdater: changeWhiteBgSystemUIColor, com.android.internal.policy.DecorView{59097fa V.E...... R......D 0,0-1080,2340 aid=0}[LauncherActivity], type = 3, supportWhiteBg = false, forced = false, fromHoneyType = appscreen, darkStatusBar = 0, darkNavigationBar = false
01-13 22:53:04.591  5028  5028 I HoneySpace.WhiteBgColorChanger: changeNavigationBarColor, view = com.android.internal.policy.DecorView{59097fa V.E...... R......D 0,0-1080,2340 aid=0}[LauncherActivity], isDarkColor = false
01-13 22:53:04.591  5028  5028 I HoneySpace.HoneyScreenManagerImpl: show APPS
01-13 22:53:04.591  5028  5028 I HoneySpace.WallpaperBlurView: apply(): progress = 0.90406495, radius = 226, preset = PresetConfigure(blurRadius=250, id=135, alphaScaleFactor=765.0)
01-13 22:53:04.591  1685  1715 I HYPER-HAL: [RequestManager.cpp]acquire(): Acquired ID : 3475589  [2613 / 23]    HINT : GESTURE_DETECTED    list : [TIMEOUT / 1899] 
01-13 22:53:04.592  5028  5028 I HoneySpace.HomeAppsTouchController: recycleVelocityTracker
01-13 22:53:04.592  5028  5154 I HoneySpace.SALoggingUtils: SA Logging screenID: 101 eventId: 1010 detail: {det=1} value: -1
01-13 22:53:04.592  5028  7512 I HoneySpace.SPayHandler: updateSpayHandler, show = false, defaultPage = true
01-13 22:53:04.593  1685  1715 I HYPER-HAL: [RequestManager.cpp]acquire(): Acquired ID : 3475589  [2613 / 23]    HINT : GESTURE_DETECTED    list : [TIMEOUT / 2065] 
01-13 22:53:04.602  5028  5028 I HoneySpace.WallpaperBlurView: apply(): progress = 0.90406495, radius = 226, preset = PresetConfigure(blurRadius=250, id=135, alphaScaleFactor=765.0)
01-13 22:53:04.619  5028  5028 I HoneySpace.WallpaperBlurView: apply(): progress = 1.5309193, radius = 250, preset = PresetConfigure(blurRadius=250, id=135, alphaScaleFactor=765.0)
01-13 22:53:04.636  5028  5028 I HoneySpace.WallpaperBlurView: apply(): progress = 1.8569653, radius = 250, preset = PresetConfigure(blurRadius=250, id=135, alphaScaleFactor=765.0)
01-13 22:53:04.653  5028  5028 I HoneySpace.WallpaperBlurView: apply(): progress = 1.9771178, radius = 250, preset = PresetConfigure(blurRadius=250, id=135, alphaScaleFactor=765.0)
01-13 22:53:04.670  5028  5028 I HoneySpace.WallpaperBlurView: apply(): progress = 1.9999733, radius = 250, preset = PresetConfigure(blurRadius=250, id=135, alphaScaleFactor=765.0)
01-13 22:53:04.685  5028  5028 I HoneySpace.BackgroundManagerImpl: setProgress: com.honeyspace.sdk.AppScreen$Normal@a130bce, p=1.0, ch=187535353, open=true
01-13 22:53:04.686  5028  5028 I HoneySpace.BackgroundManagerImpl: setProgressToScrimView[ch=187535353]: progress = 1.0, dim = 0.0, currentDimAlpha={187535353=0.0, 1440112=0.0, 38655203=0.0}
01-13 22:53:04.686  5028  5028 I HoneySpace.WallpaperBlurView: apply(): progress = 2.0, radius = 250, preset = PresetConfigure(blurRadius=250, id=135, alphaScaleFactor=765.0)
01-13 22:53:04.686  5028  5028 I HoneySpace.BackgroundManagerImpl: setProgressToBlurView[ch=187535353, st =  com.honeyspace.sdk.AppScreen$Normal@a130bce, progress = 1.0, wb= 2.0]
01-13 22:53:04.686  5028  5028 I HoneySpace.HoneyScreenManagerImpl: gotoScreenWithAnimation shouldOpen doOnEnd: APPS
01-13 22:53:04.686  5028  5028 I HoneySpace.HoneyScreenManagerImpl: setPreviousState: com.honeyspace.sdk.AppScreen$Normal@a130bce
01-13 22:53:04.686  5028  5028 I HoneySpace.HoneyScreenManagerImpl: Hide HOME
01-13 22:53:04.686  5028  5028 I HoneySpace.ContentsAnimator: end call
01-13 22:53:04.686  5028  5028 I HoneySpace.HomescreenPot: hide screenShow: true
01-13 22:53:04.686  5028  5028 I HoneySpace.WorkspaceFastRecyclerView: setCurrentPage() currentPage: 0, getNextPage: 0
01-13 22:53:04.686  5028  5028 I HoneySpace.WorkspacePageIndicatorViewModel: updateCurrentPage position : 0
01-13 22:53:04.686  5028  5028 I HoneySpace.WorkspacePageIndicatorViewModel: updateTargetPage 0
01-13 22:53:04.686  5028  5028 I HoneySpace.AppscreenPot: onShown: com.honeyspace.sdk.AppScreen$Normal@a130bce
01-13 22:53:04.686  5028  5028 I HoneySpace.BackgroundManagerImpl: checkAndUpdateBackgroundEffect: com.honeyspace.sdk.AppScreen$Normal@a130bce, ch=187535353, forceApply=false
01-13 22:53:04.686  5028  5028 I HoneySpace.BackgroundManagerImpl: applyCurrentBackgroundEffect
01-13 22:53:04.686  5028  5028 I HoneySpace.WallpaperBlurView: apply(): progress = 2.0, radius = 250, preset = PresetConfigure(blurRadius=250, id=135, alphaScaleFactor=765.0)
01-13 22:53:04.687  5028  5028 I HoneySpace.WhiteBgColorUpdater: changeWhiteBgSystemUIColor, com.android.internal.policy.DecorView{59097fa V.E...... R......D 0,0-1080,2340 aid=0}[LauncherActivity], type = 2, supportWhiteBg = false, forced = false, fromHoneyType = appscreen, darkStatusBar = 0, darkNavigationBar = false
01-13 22:53:04.687  5028  5028 I HoneySpace.WhiteBgColorChanger: changeStatusBarColor, view = com.android.internal.policy.DecorView{59097fa V.E...... R......D 0,0-1080,2340 aid=0}[LauncherActivity], isDarkColor = false
01-13 22:53:04.687  5028  5028 I HoneySpace.WhiteBgColorUpdater: changeWhiteBgSystemUIColor, com.android.internal.policy.DecorView{59097fa V.E...... R......D 0,0-1080,2340 aid=0}[LauncherActivity], type = 3, supportWhiteBg = false, forced = false, fromHoneyType = appscreen, darkStatusBar = 0, darkNavigationBar = false
01-13 22:53:04.687  5028  5028 I HoneySpace.WhiteBgColorChanger: changeNavigationBarColor, view = com.android.internal.policy.DecorView{59097fa V.E...... R......D 0,0-1080,2340 aid=0}[LauncherActivity], isDarkColor = false
01-13 22:53:04.688  5028  7512 I HoneySpace.SPayHandler: updateSpayHandler, show = true, defaultPage = true
01-13 22:53:04.689  5028  7512 I HoneySpace.SPayHandler: updateSpayHandler, show = false, defaultPage = true
01-13 22:53:04.850  1821  1843 E HeatmapThread: ECT Thread time in milliseconds: 1768362784
01-13 22:53:04.853  1821  1843 D HeatmapThread: !@ batteryplugType : 2
01-13 22:53:04.853  1679  1679 I sensors-hal: set_config:60, sample_period_ns is adjusted to 200000000 based on min/max delay_ns
01-13 22:53:04.853  1821  1843 D HeatmapThread: !@ batteryLevel : 75  batteryTemperature : 317 
01-13 22:53:04.853  1679  1679 I sensors-hal: batch:363, com.samsung.sensor.light_cct/1511, period=200000000, max_latency=0 request completed
01-13 22:53:04.853  1821  1843 D HeatmapThread: !@ Heatmap currtime: 29472713
01-13 22:53:04.853  1821  1843 D HeatmapThread: !@ Heatmap prevtime: 29472700
01-13 22:53:04.853  1821  1843 D HeatmapThread: !@ Heatmap plugstarttime: 29472704
01-13 22:53:04.853  1821  1843 D HeatmapThread: !@ Heatmap prevv_dsoh_update_time: 29471816
01-13 22:53:04.853  1821  1843 E HeatmapThread: !@ CAM New BSOH: 100
01-13 22:53:04.853  1679  1679 I sensors-hal: activate:300, com.samsung.sensor.light_cct/1511 en=1
01-13 22:53:04.854  1679  1679 I sensors-hal: acquire_qsh_interface:139, acquire_qsh_interface with sensor_id 12 , conn_type 3 
01-13 22:53:04.855  1679  1679 I sensors-hal: worker:51, worker(0xb4000072e0f2b330) is created with tid= 26211
01-13 22:53:04.857  1650  1790 I minksocket: MinkIPC MESSAGE: ( 1650:1790 ) MinkIPC_QRTR_Service:351 minkipc = 0xb400007a97411410 sock = 33, client with node 1 port 75dd went down
01-13 22:53:04.857  1650  1765 I minksocket: MinkIPC MESSAGE: ( 1650:1765 ) MinkIPC_QRTR_Service:351 minkipc = 0xb400007a974104f0 sock = 15, client with node 1 port 75dd went down
01-13 22:53:04.859  1650  1765 I minksocket: MinkIPC MESSAGE: ( 1650:1765 ) MinkIPC_QRTR_Service:351 minkipc = 0xb400007a974104f0 sock = 15, client with node 1 port 75de went down
01-13 22:53:04.859  1650  1790 I minksocket: MinkIPC MESSAGE: ( 1650:1790 ) MinkIPC_QRTR_Service:351 minkipc = 0xb400007a97411410 sock = 33, client with node 1 port 75de went down
01-13 22:53:04.860  1650  1765 I minksocket: MinkIPC MESSAGE: ( 1650:1765 ) MinkIPC_QRTR_Service:351 minkipc = 0xb400007a974104f0 sock = 15, client with node 1 port 75df went down
01-13 22:53:04.860  1650  1790 I minksocket: MinkIPC MESSAGE: ( 1650:1790 ) MinkIPC_QRTR_Service:351 minkipc = 0xb400007a97411410 sock = 33, client with node 1 port 75df went down
01-13 22:53:04.861  1679  1679 I sensors-hal: qsh_qmi:31, qsh_qmi
01-13 22:53:04.861  1679  1679 I sensors-hal: register_cb:304, suid(low=3046173514946711665,high=5084824469409589910) is new. register callbacks
01-13 22:53:04.861  1679  1679 I sensors-hal: send_sync_sensor_request:508, send sync request
01-13 22:53:04.861  1679  1679 I sensors-hal: send_sync_sensor_request:518, send_sync_sensor_request before send_request for light_cct with SUID low=3046173514946711665 high=5084824469409589910
01-13 22:53:04.861  1679  1679 I sensors-hal: send_sync_sensor_request:537, wait for notification of response
01-13 22:53:04.862  1650  1765 I minksocket: MinkIPC MESSAGE: ( 1650:1765 ) MinkIPC_QRTR_Service:351 minkipc = 0xb400007a974104f0 sock = 15, client with node 1 port 75e0 went down
01-13 22:53:04.862  1650  1790 I minksocket: MinkIPC MESSAGE: ( 1650:1790 ) MinkIPC_QRTR_Service:351 minkipc = 0xb400007a97411410 sock = 33, client with node 1 port 75e0 went down
01-13 22:53:04.863  1679 26212 I sensors-hal: qsh_conn_resp_cb:930, resp_value = 0 for light_cct 
01-13 22:53:04.863  1679  1679 I sensors-hal: send_sync_sensor_request:543, takes 1 ms to receive the response with 0
01-13 22:53:04.863  1679  1679 I sensors-hal: activate:330, com.samsung.sensor.light_cct/1511 en=1 completed
01-13 22:53:04.864  2613  3756 D SensorManager: registerListener :: 1511, STK33F11 Light Strm  Non-wakeup, 200000, 0, com.samsung.android.displaysolution.EyeComfortSolutionService$1@78992e2
01-13 22:53:04.923  1679 26212 I sensors-hal: qsh_conn_event_cb:857, SCHED_FIFO(10) for qmi_cbk
01-13 22:53:04.923  1679 26212 I sensors-hal: handle_sns_std_sensor_event:90, light_cct: ts = 58452239737146 ns; value = [20, 20, 77, 82, 12, 188, 4, 0, 3904, 0]
01-13 22:53:04.925  2613  3756 V EyeComfortSolutionService: count : 1188 , bopr_value : 77.0, platform_value : 209.0 , app_weighting : 1.0 , cal_value : 14.869554 , sum_value : 16092.917 , BOPR_MAX_VALUE : 21000
01-13 22:53:04.925  1679  1679 I sensors-hal: activate:300, com.samsung.sensor.light_cct/1511 en=0
01-13 22:53:04.926  1679  1679 I sensors-hal: send_sync_sensor_request:508, send sync request
01-13 22:53:04.926  1679  1679 I sensors-hal: send_sync_sensor_request:518, send_sync_sensor_request before send_request for light_cct with SUID low=3046173514946711665 high=5084824469409589910
01-13 22:53:04.926  1679  1679 I sensors-hal: send_sync_sensor_request:537, wait for notification of response
01-13 22:53:04.927  1679 26212 I sensors-hal: qsh_conn_resp_cb:930, resp_value = 0 for light_cct 
01-13 22:53:04.927  1679  1679 I sensors-hal: send_sync_sensor_request:543, takes 1 ms to receive the response with 0
01-13 22:53:04.928  1679  1679 I sensors-hal: ~worker:65, worker(0xb4000072e0f2b330) send sig to tid= 26211
01-13 22:53:04.928  1679  1679 I sensors-hal: ~worker:74, worker(0xb4000072e0f2b330) is destroyed, remaining task = 0, tid= 26211
01-13 22:53:04.929  1650  1765 I minksocket: MinkIPC MESSAGE: ( 1650:1765 ) MinkIPC_QRTR_Service:351 minkipc = 0xb400007a974104f0 sock = 15, client with node 1 port 75e1 went down
01-13 22:53:04.929  1650  1790 I minksocket: MinkIPC MESSAGE: ( 1650:1790 ) MinkIPC_QRTR_Service:351 minkipc = 0xb400007a97411410 sock = 33, client with node 1 port 75e1 went down
01-13 22:53:04.929  1679  1679 I sensors-hal: ~qsh_qmi:58, ~qsh_qmi
01-13 22:53:04.929  1679  1679 I sensors-hal: activate:330, com.samsung.sensor.light_cct/1511 en=0 completed
01-13 22:53:04.929  2613  3756 D SensorManager: unregisterListener :: com.samsung.android.displaysolution.EyeComfortSolutionService$1@78992e2
01-13 22:53:04.948  2613  3647 D InputReader: Btn_touch(4): value=1 when=50998.199429
01-13 22:53:04.948  2613  3647 I InputReader: Touch event's action is 0x0 (id=6, t=0) [pCnt=1, s=0.14019 ] when=50998.199429
01-13 22:53:04.950  2613  2613 D InputDispatcher: Inject motion (0/0): action=0x0, time=50998199429000, f=0x0, d=0 dsdx=1.000000 dtdx=0.000000
01-13 22:53:04.951  2613  3644 I InputDispatcher: Delivering touch to (4373): action: 0x0, f=0x0, d=0, 'b27b017', t=1 +(0,-2205)
01-13 22:53:04.952  4373  4373 I VRI[NavigationBar0]@f5bd5f2: ViewPostIme pointer 0
01-13 22:53:04.952  2613  3044 I GestureDetector: obtain mCurrentDownEvent. id: 314875115 caller: com.android.server.wm.SystemGesturesPointerEventListener.onPointerEvent:17 com.android.server.wm.PointerEventDispatcher.onInputEvent:51 android.view.InputEventReceiver.dispatchInputEvent:392 
01-13 22:53:04.952  2613  3044 I GestureDetector: obtain mCurrentDownEvent. id: 314875115 caller: com.android.server.wm.SystemPerformancePointerEventListener.onPointerEvent:13 com.android.server.wm.PointerEventDispatcher.onInputEvent:51 android.view.InputEventReceiver.dispatchInputEvent:392 
01-13 22:53:04.953  4373  4373 I VRI[NavigationBar0]@f5bd5f2: call setFrameRateCategory for touch hint category=high hint, reason=touch, vri=VRI[NavigationBar0]@f5bd5f2
01-13 22:53:04.953  4373  4775 I KeyButtonView: injectInputEvent - 187
01-13 22:53:04.954  2613  4679 D InputDispatcher: Inject key (4373/10049): action=0, f=0x48, d=0, time=50998203000000
01-13 22:53:04.954  2613  4679 D PhoneWindowManager: interceptKeyTq keycode=187 interactive=true keyguardActive=false policyFlags=2b000002
01-13 22:53:04.954  2613  4679 D SingleKeyGesture: interceptKeyDown, info : KeyCode=KEYCODE_UNKNOWN, size=0
01-13 22:53:04.954  2613  4679 D PhoneWindowManagerExt: interceptKeyTq code=187 down=true repeatCount=0 displayId=0 interactive=true powerCombination=false
01-13 22:53:04.954  2613  4679 D PhoneWindowManager: interceptKeyTq interceptKeyResult=1
01-13 22:53:04.954  2613  4679 W VibratorManagerService: performHapticFeedback; haptic feedback is disabled
01-13 22:53:04.954  2613  4679 D VibratorManagerService: Vibration for uid=1000 and with attrs=VibrationAttributes{mUsage=UNKNOWN, mAudioUsage= USAGE_UNKNOWN, mFlags=0, tags=} ended with status IGNORED_FOR_SETTINGS
01-13 22:53:04.956  2613  3644 D PhoneWindowManager: handleKeyGestureEvent, type=4 keyguardOn=false displayId=0
01-13 22:53:04.957  2613  3044 I GestureDetector: obtain mCurrentMotionEventRaw. action: 2 id: 572239463
01-13 22:53:04.957  2613  3044 I GestureDetector: obtain mCurrentMotionEventRaw. action: 2 id: 572239463
01-13 22:53:04.969  1830  1830 I SurfaceFlinger: [NavigationBar0$_4373#98] setFrameRateCategory: HighHint
01-13 22:53:04.988  4373  4687 W qdgralloc: getInterlacedFlag: getMetaData returned 3, defaulting to interlaced_flag = 0
01-13 22:53:05.005  2613  3647 D InputReader: Btn_touch(4): value=0 when=50998.257006
01-13 22:53:05.006  2613  3647 I InputReader: Touch event's action is 0x1 (id=6, t=0) [pCnt=1, s=] when=50998.257006
01-13 22:53:05.006  2613  2613 D InputDispatcher: Inject motion (0/0): action=0x1, time=50998257006000, f=0x0, d=0 dsdx=1.000000 dtdx=0.000000
01-13 22:53:05.007  2613  3644 I InputDispatcher: Delivering touch to (4373): action: 0x1, f=0x0, d=0, 'b27b017', t=1 +(0,-2205)
01-13 22:53:05.007  4373  4373 I VRI[NavigationBar0]@f5bd5f2: ViewPostIme pointer 1
01-13 22:53:05.008  4373  4775 I KeyButtonView: injectInputEvent - 187
01-13 22:53:05.008  2613  4679 D InputDispatcher: Inject key (4373/10049): action=1, f=0x48, d=0, time=50998259000000
01-13 22:53:05.009  2613  4679 D PhoneWindowManager: interceptKeyTq keycode=187 interactive=true keyguardActive=false policyFlags=2b000002
01-13 22:53:05.009  2613  4679 D PhoneWindowManagerExt: interceptKeyTq code=187 down=false repeatCount=0 displayId=0 interactive=true powerCombination=false
01-13 22:53:05.009  2613  4679 D PhoneWindowManager: interceptKeyTq interceptKeyResult=1
