01-13 22:45:03.126 D/SurfaceComposerClient( 2613): setCornerRadius ## 616a034 Splash Screen com.risa.app#27385 cornerRadius=0.000000
01-13 22:45:03.126 W/ParceledListSlice( 2613): Element #17 is 23580 bytes.
01-13 22:45:03.126 D/StackScroller( 4373): onDisplayChanged for predraw skip to 2
01-13 22:45:03.126 D/SGM:FgCheckThread( 2613): notePauseComponent(), received pkgName: com.sec.android.app.launcher, userId: 0
01-13 22:45:03.127 D/WifiDisplayAdapter( 2613): isFitToActiveDisplayLocked : false
01-13 22:45:03.127 D/SemWifiPackageInfo( 2613): isSkipCategory - skip:FAILED
01-13 22:45:03.127 D/SemWifiTransportLayerMonitor.TcpMonitorHandler( 2613): MSG_SAVE_PACKAGE_INFO
01-13 22:45:03.127 W/ParceledListSlice( 2613): Element #29 is 18456 bytes.
01-13 22:45:03.127 I/CocktailBarManagerServiceContainer( 2613): handleMessage: entry what = 6
01-13 22:45:03.127 I/CocktailBarManagerServiceImpl( 2613): notePauseComponent : no active host
01-13 22:45:03.128 D/SemWifiTransportLayerFileManager( 2613): saveWifiPackageInfoToFile
01-13 22:45:03.128 D/SemWifiTransportLayerFileManager( 2613): writeWifiPackageInfoList
01-13 22:45:03.128 E/ANDR-PERF-UTIL( 1717): ANDR-PERF-UTIL: change_node_val() 319: Failed to update node /proc/sys/walt/sched_per_task_boost with value 18682 0
01-13 22:45:03.128 E/ANDR-PERF-OPTSHANDLER( 1717): ANDR-PERF-OPTSHANDLER: sched_reset_task_boost() 3579: can't reset task 18682
01-13 22:45:03.128 E/ANDR-PERF-RESOURCEQS( 1717): ANDR-PERF-RESOURCEQS: RemovePendingRequest() 434: Failed to reset optimization [3, 32]
01-13 22:45:03.128 W/ParceledListSlice( 2613): Element #41 is 23072 bytes.
01-13 22:45:03.129 I/WindowManager( 2613): Relayout hash=616a034, pid=4373, syncId=-1: mAttrs={(0,0)(fillxfill) sim={adjust=pan} layoutInDisplayCutoutMode=always ty=APPLICATION_STARTING fmt=TRANSLUCENT wanim=0x1030001
01-13 22:45:03.129 I/WindowManager( 2613):   fl=81030118
01-13 22:45:03.129 I/WindowManager( 2613):   pfl=10000810
01-13 22:45:03.129 I/WindowManager( 2613):   bhv=1
01-13 22:45:03.129 I/WindowManager( 2613):   fitSides=0
01-13 22:45:03.129 I/WindowManager( 2613):   frameRateBoostOnTouch=true
01-13 22:45:03.129 I/WindowManager( 2613):   dvrrWindowFrameRateHint=true naviIconColor=0}
01-13 22:45:03.129 I/HoneySpace.TopTaskUseCase( 5028): topTasks 23891 ComponentInfo{com.risa.app/com.risa.app.MainActivity}[displayId=0]
01-13 22:45:03.130 I/VRI[app]@b3f212b( 4373): onActiveControlsChanged, removed=false, mAdded=true, caller=android.view.ViewRootImpl.handleInsetsControlChanged:3002 android.view.ViewRootImpl.relayoutWindow:11629 android.view.ViewRootImpl.performTraversals:4804 android.view.ViewRootImpl.doTraversal:3924 android.view.ViewRootImpl$TraversalRunnable.run:12903 
01-13 22:45:03.130 I/BufferQueueProducer( 4373): [](id:111500000251,api:0,p:133642352,c:4373) setDequeueTimeout:2077252342
01-13 22:45:03.130 I/BLASTBufferQueue_Java( 4373): new BLASTBufferQueue, mName= VRI[app]@b3f212b mNativeObject= 0xb4000076486fa7d0 caller= android.view.ViewRootImpl.updateBlastSurfaceIfNeeded:3585 android.view.ViewRootImpl.relayoutWindow:11685 android.view.ViewRootImpl.performTraversals:4804 android.view.ViewRootImpl.doTraversal:3924 android.view.ViewRootImpl$TraversalRunnable.run:12903 android.view.Choreographer$CallbackRecord.run:1901 android.view.Choreographer$CallbackRecord.run:1910 android.view.Choreographer.doCallbacks:1367 android.view.Choreographer.doFrame:1292 android.view.Choreographer$FrameDisplayEventReceiver.run:1870 
01-13 22:45:03.130 I/BLASTBufferQueue_Java( 4373): update, w= 1080 h= 2340 mName = VRI[app]@b3f212b mNativeObject= 0xb4000076486fa7d0 sc.mNativeObject= 0xb400007547eb1950 format= -3 caller= android.view.ViewRootImpl.updateBlastSurfaceIfNeeded:3590 android.view.ViewRootImpl.relayoutWindow:11685 android.view.ViewRootImpl.performTraversals:4804 android.view.ViewRootImpl.doTraversal:3924 android.view.ViewRootImpl$TraversalRunnable.run:12903 android.view.Choreographer$CallbackRecord.run:1901 
01-13 22:45:03.130 I/VRI[app]@b3f212b( 4373): Relayout returned: old=(0,0,1080,2340) new=(0,0,1080,2340) relayoutAsync=false req=(1080,2340)0 dur=10 res=0x3 s={true 0xb4000074f83275b0} ch=true seqId=0
01-13 22:45:03.131 D/VRI[app]@b3f212b( 4373): mThreadedRenderer.initialize() mSurface={isValid=true 0xb4000074f83275b0} hwInitialized=true
01-13 22:45:03.131 I/com.risa.app(18846): Late-enabling -Xcheck:jni
01-13 22:45:03.131 D/VRI[app]@b3f212b( 4373): reportNextDraw android.view.ViewRootImpl.performTraversals:5443 android.view.ViewRootImpl.doTraversal:3924 android.view.ViewRootImpl$TraversalRunnable.run:12903 android.view.Choreographer$CallbackRecord.run:1901 android.view.Choreographer$CallbackRecord.run:1910 
01-13 22:45:03.131 D/VRI[app]@b3f212b( 4373): Setup new sync=wmsSync-VRI[app]@b3f212b#85
01-13 22:45:03.131 I/VRI[app]@b3f212b( 4373): Creating new active sync group VRI[app]@b3f212b#86
01-13 22:45:03.131 D/BackgroundInstallControlService( 2613): Package event received: 0
01-13 22:45:03.132 W/ndroid.systemui( 4373): Large reply transaction of 378656 bytes, interface descriptor com.android.wm.shell.recents.IRecentTasks, code 4
01-13 22:45:03.132 D/VRI[app]@b3f212b( 4373): registerCallbacksForSync syncBuffer=false
01-13 22:45:03.133 W/qdgralloc( 4373): getInterlacedFlag: getMetaData returned 3, defaulting to interlaced_flag = 0
01-13 22:45:03.133 D/VRI[app]@b3f212b( 4373): Received frameDrawingCallback syncResult=0 frameNum=1.
01-13 22:45:03.133 I/VRI[app]@b3f212b( 4373): mWNT: t=0xb400007638111a10 mBlastBufferQueue=0xb4000076486fa7d0 fn= 1 HdrRenderState mRenderHdrSdrRatio=1.0 caller= android.view.ViewRootImpl$12.onFrameDraw:15441 android.view.ThreadedRenderer$1.onFrameDraw:718 <bottom of call stack> 
01-13 22:45:03.133 I/VRI[app]@b3f212b( 4373): Setting up sync and frameCommitCallback
01-13 22:45:03.134 I/BLASTBufferQueue( 4373): [VRI[app]@b3f212b#593](f:0,a:0,s:0) onFrameAvailable the first frame is available
01-13 22:45:03.134 I/SurfaceComposerClient( 4373): apply transaction with the first frame. layerId: 27386, bufferData(ID: 18781891993349, frameNumber: 1)
01-13 22:45:03.134 I/VRI[app]@b3f212b( 4373): Received frameCommittedCallback lastAttemptedDrawFrameNum=1 didProduceBuffer=true
01-13 22:45:03.135 I/SurfaceFlinger( 1830): [Splash Screen com.risa.app$_4373#27386] setTransactionState with the first frame. bufferData(ID: 18781891993349, frameNumber: 1)
01-13 22:45:03.135 D/HWUI    ( 4373): CFMS:: SetUp Pid : 4373    Tid : 4687
01-13 22:45:03.135 D/VRI[app]@b3f212b( 4373): reportDrawFinished seqId=0
01-13 22:45:03.135 V/OsAgent ( 6183): broadcastSystemEvent - 7
01-13 22:45:03.135 D/WindowManager( 2613): finishDrawingWindow: Window{616a034 u0 Splash Screen com.risa.app} mDrawState=DRAW_PENDING seqId=0
01-13 22:45:03.135 V/WindowManager( 2613): Finishing drawing window Window{616a034 u0 Splash Screen com.risa.app}: mDrawState=DRAW_PENDING
01-13 22:45:03.135 V/WindowManager( 2613): Draw state now committed in Window{616a034 u0 Splash Screen com.risa.app}
01-13 22:45:03.136 D/SurfaceComposerClient( 2613): setCornerRadius ## 616a034 Splash Screen com.risa.app#27385 cornerRadius=0.000000
01-13 22:45:03.136 V/WindowManager( 2613): rotationForOrientation(orient=SCREEN_ORIENTATION_LANDSCAPE (0), last=ROTATION_0 (0)); user=ROTATION_0 (0) USER_ROTATION_LOCKED
01-13 22:45:03.136 D/WindowManager( 2613): rotationForOrientation, orientationSource=ActivityRecord{58400947 u0 com.risa.app/.MainActivity t23891}
01-13 22:45:03.136 D/ActivityTaskManager( 2613): applyFixedRotationTransform, r=ActivityRecord{58400947 u0 com.risa.app/.MainActivity t23891}, caller=com.android.server.wm.ActivityRecord.applyFixedRotationTransform:20 com.android.server.wm.DisplayContent.startFixedRotationTransform:63 com.android.server.wm.DisplayContent.setFixedRotationLaunchingApp:47 com.android.server.wm.DisplayContent.handleTopActivityLaunchingInDifferentOrientation:286 com.android.server.wm.DisplayContent.updateOrientation:40 
01-13 22:45:03.136 I/SurfaceFlinger( 1830): [Splash Screen com.risa.app$_4373#27386] attach to parent LayerHierarchy{RequestedLayerState{616a034 Splash Screen com.risa.app#27385 parentId=27384} 1 children}
01-13 22:45:03.137 D/WindowManager( 2613): fadeWindowToken, show=false, animationType=token_transform, topWindow=Window{c9b7a37 u0 com.notch.touch}, token=WindowToken{1eb3624 type=2032 android.os.Binder@fb0eb7}, caller=com.android.server.wm.DisplayContent.startAsyncRotation:99 com.android.server.wm.DisplayContent.setFixedRotationLaunchingAppUnchecked:47 com.android.server.wm.DisplayContent.setFixedRotationLaunchingApp:50 com.android.server.wm.DisplayContent.handleTopActivityLaunchingInDifferentOrientation:286 com.android.server.wm.DisplayContent.updateOrientation:40 
01-13 22:45:03.137 I/WindowManager( 2613): Reparenting to leash, surface=Surface(name=WindowToken{1eb3624 type=2032 android.os.Binder@fb0eb7})/@0x609b9be, leashParent=Surface(name=Leaf:26:31)/@0xfb02a1f
01-13 22:45:03.137 I/BpBinder( 1830): onLastStrongRef automatically unlinking death recipients: 
01-13 22:45:03.137 I/SurfaceFlinger( 1830): id=27387 createSurf, flag=24000, Surface(name=WindowToken{1eb3624 type=2032 android.os.Binder@fb0eb7})/@0x609b9be - animation-leash of token_transform#27387
01-13 22:45:03.137 D/WindowManager( 2613): makeSurface duration=1 leash=Surface(name=Surface(name=WindowToken{1eb3624 type=2032 android.os.Binder@fb0eb7})/@0x609b9be - animation-leash of token_transform)/@0x412d2da
01-13 22:45:03.138 D/AsyncRotation_WindowManager( 2613): Start fade-out Window{c9b7a37 u0 com.notch.touch}
01-13 22:45:03.138 D/AsyncRotation_WindowManager( 2613): Start seamless Window{b27b017 u0 NavigationBar0}
01-13 22:45:03.138 D/WindowManager( 2613): fadeWindowToken, show=false, animationType=token_transform, topWindow=Window{e736f56 u0 StatusBar}, token=WindowToken{5c8571 type=2000 android.os.BinderProxy@bf57afb}, caller=com.android.server.wm.DisplayContent.startAsyncRotation:99 com.android.server.wm.DisplayContent.setFixedRotationLaunchingAppUnchecked:47 com.android.server.wm.DisplayContent.setFixedRotationLaunchingApp:50 com.android.server.wm.DisplayContent.handleTopActivityLaunchingInDifferentOrientation:286 com.android.server.wm.DisplayContent.updateOrientation:40 
01-13 22:45:03.138 I/WindowManager( 2613): Reparenting to leash, surface=Surface(name=WindowToken{5c8571 type=2000 android.os.BinderProxy@bf57afb})/@0x83182f, leashParent=Surface(name=Leaf:15:15)/@0xea3b3ca
01-13 22:45:03.138 I/SurfaceFlinger( 1830): id=27388 createSurf, flag=24000, Surface(name=WindowToken{5c8571 type=2000 android.os.BinderProxy@bf57afb})/@0x83182f - animation-leash of token_transform#27388
01-13 22:45:03.138 D/WindowManager( 2613): makeSurface duration=0 leash=Surface(name=Surface(name=WindowToken{5c8571 type=2000 android.os.BinderProxy@bf57afb})/@0x83182f - animation-leash of token_transform)/@0xf9d5401
01-13 22:45:03.138 D/AsyncRotation_WindowManager( 2613): Start fade-out Window{e736f56 u0 StatusBar}
01-13 22:45:03.138 D/WindowManager( 2613): setFixedRotationLaunchingAppUnchecked, rotation=1, r=ActivityRecord{58400947 u0 com.risa.app/.MainActivity t23891}, caller=com.android.server.wm.DisplayContent.setFixedRotationLaunchingAppUnchecked:131 com.android.server.wm.DisplayContent.setFixedRotationLaunchingApp:50 com.android.server.wm.DisplayContent.handleTopActivityLaunchingInDifferentOrientation:286 com.android.server.wm.DisplayContent.updateOrientation:40 com.android.server.wm.WindowState.performShowLocked:308 
01-13 22:45:03.138 D/BLASTSyncEngine( 2613): SyncGroup 1784: Set ready true, caller=com.android.server.wm.BLASTSyncEngine.setReady:32 com.android.server.wm.Transition.applyReady:54 com.android.server.wm.Transition.setReady:72 com.android.server.wm.TransitionController.setReady:6 com.android.server.wm.DisplayContent.executeAppTransition:4 com.android.server.wm.WindowState.performShowLocked:313 
01-13 22:45:03.138 D/SurfaceComposerClient( 2613): setCornerRadius ## 616a034 Splash Screen com.risa.app#27385 cornerRadius=0.000000
01-13 22:45:03.138 V/WindowManager( 2613): SyncGroup 1784: Finished!
01-13 22:45:03.139 I/VRI[app]@b3f212b( 4373): Resizing android.view.ViewRootImpl@e19f5f6: frame = [0,0][1080,2340] reportDraw = true forceLayout = false syncSeqId = -1
01-13 22:45:03.139 D/WindowManagerServiceExt( 2613): updateTaskbarTargetIfNeeded: cn=ComponentInfo{com.risa.app/com.risa.app.MainActivity} occludesParent=true isInSplitScreenMode=false
01-13 22:45:03.139 D/ChangeTransitionController( 2613): onTransactionReady: TransitionRecord{e6ade22 id=1784 type=OPEN flags=0x0 c=[
01-13 22:45:03.139 D/ChangeTransitionController( 2613):    ChangeInfo{28a2f3d container=WallpaperWindowToken{7ec151 showWhenLocked=false}_<system> flags=0x0}
01-13 22:45:03.139 D/ChangeTransitionController( 2613):    ChangeInfo{8fff32b container=ActivityRecord{58400947 u0 com.risa.app/.MainActivity t23891} flags=0x0}
01-13 22:45:03.139 D/ChangeTransitionController( 2613):    ChangeInfo{568e332 container=Task{394e759 #1 type=home} flags=0x0}
01-13 22:45:03.139 D/ChangeTransitionController( 2613):    ChangeInfo{d8e2883 container=Task{62f0b66 #23754 type=home I=com.sec.android.app.launcher/.activities.LauncherActivity} flags=0x0}
01-13 22:45:03.139 D/ChangeTransitionController( 2613):    ChangeInfo{f53d388 container=DefaultTaskDisplayArea_d0@117370478 flags=0x0}
01-13 22:45:03.139 D/ChangeTransitionController( 2613):    ChangeInfo{e315a00 container=ActivityRecord{150506953 u0 com.sec.android.app.launcher/.activities.LauncherActivity t23754} flags=0x0}
01-13 22:45:03.139 D/ChangeTransitionController( 2613):    ChangeInfo{6f8239 container=WallpaperWindowToken{9072363 showWhenLocked=true}_<lock> flags=0x0}
01-13 22:45:03.139 D/ChangeTransitionController( 2613):    ChangeInfo{454b121 container=Display{#0 state=ON size=1080x2340 ROTATION_0} flags=0x0}
01-13 22:45:03.139 D/ChangeTransitionController( 2613):    ChangeInfo{68da946 container=Task{cd5a670 #23891 type=standard I=com.risa.app/.MainActivity} flags=0x0}
01-13 22:45:03.139 D/ChangeTransitionController( 2613):    ChangeInfo{a3e007e container=RemoteWallpaperAnim:1:1@216486113 flags=0x0}
01-13 22:45:03.139 D/ChangeTransitionController( 2613): ]
01-13 22:45:03.139 D/ChangeTransitionController( 2613): }
01-13 22:45:03.139 V/WindowManager( 2613): Start calculating TransitionInfo based on participants: {WallpaperWindowToken{7ec151 showWhenLocked=false}_<system>, ActivityRecord{58400947 u0 com.risa.app/.MainActivity t23891}, ActivityRecord{150506953 u0 com.sec.android.app.launcher/.activities.LauncherActivity t23754}, WallpaperWindowToken{9072363 showWhenLocked=true}_<lock>, Task{cd5a670 #23891 type=standard I=com.risa.app/.MainActivity}}
01-13 22:45:03.139 V/WindowManager( 2613):   Final targets: [ChangeInfo{68da946 container=Task{cd5a670 #23891 type=standard I=com.risa.app/.MainActivity} flags=0x10}, ChangeInfo{568e332 container=Task{394e759 #1 type=home} flags=0x10}, ChangeInfo{28a2f3d container=WallpaperWindowToken{7ec151 showWhenLocked=false}_<system> flags=0x0}]
01-13 22:45:03.139 I/InsetsController( 4373): onStateChanged: host=Splash Screen com.risa.app, from=android.view.ViewRootImpl.onInsetsStateChanged:3026, state=InsetsState: {mDisplayFrame=Rect(0, 0 - 2340, 1080), mDisplayCutout=DisplayCutout{insets=Rect(84, 0 - 0, 0) waterfall=Insets{left=0, top=0, right=0, bottom=0} boundingRect={Bounds=[Rect(0, 514 - 84, 565), Rect(0, 0 - 0, 0), Rect(0, 0 - 0, 0), Rect(0, 0 - 0, 0)]} cutoutPathParserInfo={CutoutPathParserInfo{displayWidth=1080 displayHeight=2340 physicalDisplayWidth=1080 physicalDisplayHeight=2340 density={2.8125} cutoutSpec={M 0,0 H -9.066666666666667 V 29.86666666666667 H 9.066666666666667 V 0 H 0 Z @dp} rotation={1} scale={1.0} physicalPixelDisplaySizeRatio={1.0}}} sideOverrides={}}, mRoundedCorners=RoundedCorners{[RoundedCorner{position=TopLeft, radius=101, center=Point(101, 101)}, RoundedCorner{position=TopRight, radius=101, center=Point(2239, 101)}, RoundedCorner{position=BottomRight, radius=101, center=Point(2239, 979)}, RoundedCorner{position=BottomLeft, radius=101, center=Point(101, 979)}]}  mRoundedCornerFrame=Rect(0, 0 - 2340, 1080), mPrivacyIndicatorBounds=PrivacyIndicatorBounds {static bounds=Rect(2216, 0 - 2340, 84) rotation=1}, mDisplayShape=DisplayShape{ spec=1406003047 displayWidth=1080 displayHeight=2340 physicalPixelDisplaySizeRatio=0.75 rotation=1 offsetX=0 offsetY=0 scale=1.0}, mSources= { InsetsSource: {86cb0001 mType=navigationBars mFrame=[2205,0][2340,1080] mVisible=true mFlags= mSideHint=RIGHT mBoundingRects=null}, InsetsSource: {86cb0004 mType=systemGestures mFrame=[0,0][0,0] mVisible=true mFlags= mSideHint=NONE mBoundingRects=null}, InsetsSource: {86cb0005 mType=mandatorySystemGestures mFrame=[2205,0][2340,1080] mVisible=true mFlags= mSideHint=RIGHT mBoundingRects=null}, InsetsSource: {86cb0006 mType=tappableElement mFrame=[2205,0][2340,1080] mVisible=true mFlags= mSideHint=RIGHT mBoundingRects=null}, InsetsSource: {86cb0024 mType=systemGestures mFrame=[0,0][0,0] mVisible=true mFlags= mSideHint=NONE mBoundingRects=null}, InsetsSource: {7 mType=displayCutout mFrame=[0,0][84,1080] mVisible=true mFlags= mSideHint=LEFT mBoundingRects=null}, InsetsSource: {1ef10000 mType=statusBars mFrame=[0,0][2340,84] mVisible=true mFlags= mSideHint=TOP mBoundingRects=null}, InsetsSource: {1ef10005 mType=mandatorySystemGestures mFrame=[0,0][2340,84] mVisible=true mFlags= mSideHint=TOP mBoundingRects=null}, InsetsSource: {1ef10006 mType=tappableElement mFrame=[0,0][2340,84] mVisible=true mFlags= mSideHint=TOP mBoundingRects=null} }
01-13 22:45:03.140 I/VRI[app]@b3f212b( 4373): handleResized, frames=ClientWindowFrames{frame=[0,0][1080,2340] display=[0,0][1080,2340] parentFrame=[0,0][0,0]} displayId=0 dragResizing=false compatScale=1.0 frameChanged=false attachedFrameChanged=false configChanged=true displayChanged=false compatScaleChanged=false dragResizingChanged=false
01-13 22:45:03.140 I/VRI[app]@b3f212b( 4373): performConfigurationChange setNightDimText nightDimLevel=0
01-13 22:45:03.140 I/SurfaceFlinger( 1830): id=27389 createSurf, flag=84004, Transition Root: Task=23891#27389
01-13 22:45:03.140 I/VRI[app]@b3f212b( 4373): handleResized mSyncSeqId = 0
01-13 22:45:03.140 D/VRI[app]@b3f212b( 4373): reportNextDraw android.view.ViewRootImpl.handleResized:2983 android.view.ViewRootImpl.-$$Nest$mhandleResized:0 android.view.ViewRootImpl$ViewRootHandler.handleMessageImpl:8341 android.view.ViewRootImpl$ViewRootHandler.handleMessage:8301 android.os.Handler.dispatchMessage:110 
01-13 22:45:03.140 I/SurfaceControlRegistry( 2613): show, t=StartTransaction_SyncId<1784> sc=ActivityRecord{58400947 u0 com.risa.app/.MainActivity t23891}, caller=android.view.SurfaceControl$Transaction.show:3557 com.android.server.wm.Transition.onTransactionReady:2048 com.android.server.wm.BLASTSyncEngine$SyncGroup.finishNow:240 com.android.server.wm.BLASTSyncEngine.onSurfacePlacement:263 com.android.server.wm.RootWindowContainer.performSurfacePlacementNoTrace:1083 com.android.server.wm.WindowSurfacePlacer.performSurfacePlacement:166 
01-13 22:45:03.140 D/SurfaceComposerClient( 2613): setCornerRadius ## WallpaperWindowToken{7ec151 showWhenLocked=false}#78 cornerRadius=0.000000
01-13 22:45:03.140 D/SurfaceComposerClient( 2613): setCornerRadius ## Task=1#53 cornerRadius=0.000000
01-13 22:45:03.140 D/SurfaceComposerClient( 2613): setCornerRadius ## Task=23891#27383 cornerRadius=0.000000
01-13 22:45:03.141 V/WindowManager( 2613): Calling onTransitionReady: {id=1784 t=OPEN f=0x0 trk=0 r=[0@Point(0, 0)] c=[
01-13 22:45:03.141 V/WindowManager( 2613):         {WCT{RemoteToken{db5a68a Task{cd5a670 #23891 type=standard I=com.risa.app/.MainActivity}}} m=OPEN f=NONE leash=Surface(name=Task=23891)/@0xf52162c sb=Rect(0, 0 - 1080, 2340) eb=Rect(0, 0 - 1080, 2340) epz=Point(1080, 2340) d=0 endFixedRotation=1 taskParent=-1 inset=Rect(84, 84 - 0, 0) dim=true},
01-13 22:45:03.141 V/WindowManager( 2613):         {WCT{RemoteToken{77580b Task{394e759 #1 type=home}}} m=TO_BACK f=SHOW_WALLPAPER|EDGE_EXTENSION_RESTRICTION leash=Surface(name=Task=1)/@0x4aac045 sb=Rect(0, 0 - 1080, 2340) eb=Rect(0, 0 - 1080, 2340) epz=Point(1080, 2340) d=0 taskParent=-1 inset=Rect(0, 84 - 0, 135)},
01-13 22:45:03.141 V/WindowManager( 2613):         {m=TO_BACK f=IS_WALLPAPER p=WCT{RemoteToken{a748e6e RemoteWallpaperAnim:1:1@216486113}} leash=Surface(name=WallpaperWindowToken{7ec151 showWhenLocked=false})/@0x3da185 sb=Rect(0, 0 - 1080, 2340) eb=Rect(0, 0 - 1080, 2340) epz=Point(1080, 2340) d=0 inset=Rect(0, 0 - 0, 0)}
01-13 22:45:03.141 V/WindowManager( 2613):     ]}
01-13 22:45:03.141 D/PowerManagerService( 2613): [api] setPowerBoost(L) boost:0, durationMs:0, caller (uid: 1000 pid: 2613) <- m() in com.android.server.display.DisplayManagerService$BinderService$$ExternalSyntheticOutline0:1
01-13 22:45:03.141 I/HoneySpace.Memory-Monitor( 5028): current state = 2, didTrim = false
01-13 22:45:03.141 V/WindowManagerShell( 4373): onTransitionReady(transaction=11222749630252)
01-13 22:45:03.142 D/SurfaceComposerClient( 2613): setCornerRadius ## 616a034 Splash Screen com.risa.app#27385 cornerRadius=0.000000
01-13 22:45:03.142 V/WindowManager( 2613): Sent Transition (#1784) createdAt=01-13 22:45:03.108 via request=TransitionRequestInfo { type = OPEN, triggerTask = TaskInfo{userId=0 taskId=23891 effectiveUid=11308 displayId=0 isRunning=true baseIntent=Intent { act=android.intent.action.MAIN cat=[android.intent.category.LAUNCHER] flg=0x10200000 cmp=com.risa.app/.MainActivity } baseActivity=ComponentInfo{com.risa.app/com.risa.app.MainActivity} topActivity=ComponentInfo{com.risa.app/com.risa.app.MainActivity} origActivity=null realActivity=ComponentInfo{com.risa.app/com.risa.app.MainActivity} numActivities=1 lastActiveTime=57970434 supportsMultiWindow=true resizeMode=2 isResizeable=true minWidth=-1 minHeight=-1 maxWidth=-1 maxHeight=-1 defaultMinSize=220 desktopDefaultMinSize=304 token=WCT{RemoteToken{db5a68a Task{cd5a670 #23891 type=standard I=com.risa.app/.MainActivity}}} topActivityType=1 pictureInPictureParams=null shouldDockBigOverlays=false launchIntoPipHostTaskId=-1 lastParentTaskIdBeforePip=-1 displayCutoutSafeInsets=Rect(0, 84 - 0, 0) topActivityInfo=ActivityInfo{ffefec4 com.risa.app.MainActivity} launchCookies=[android.os.BinderProxy@ca61ad] positionInParent=Point(0, 0) parentTaskId=-1 isFocused=false isVisible=false isVisibleRequested=false isTopActivityNoDisplay=false isSleeping=false locusId=null displayAreaFeatureId=1 isTopActivityTransparent=false isActivityStackTransparent=false lastNonFullscreenBounds=Rect(81, 559 - 999, 1729) capturedLink=null capturedLinkTimestamp=0 requestedVisibleTypes=-9 topActivityRequestOpenInBrowserEducationTimestamp=0 appCompatTaskInfo=AppCompatTaskInfo { topActivityInSizeCompat=false eligibleForLetterboxEducation= false isLetterboxEducationEnabled= false isLetterboxDoubleTapEnabled= false eligibleForUserAspectRatioButton= false topActivityBoundsLetterboxed= false isFromLetterboxDoubleTap= false topActivityLetterboxVerticalPosition= -1 topActivityLetterboxHorizontalPosition= -1 topActivityLetterboxWidth=-1 topActivityLetterboxHeight=-1 topActivityAppBounds=Rect(0, 0 - 1080, 2340) isUserFullscreenOverrideEnabled=false isSystemFullscreenOverrideEnabled=false hasMinAspectRatioOverride=false topActivityLetterboxBounds=null cameraCompatTaskInfo=CameraCompatTaskInfo { freeformCameraCompatMode=inactive} topActivityBounds=null topActivityInDisplayCompat=false singleTapFromLetterbox=false} topActivityMainWindowFrame=null originallySupportedMultiWindow=true hasWallpaper=false rootAffinity=null isTopTaskInStage=false CoverLauncherWidgetTask=false LaunchedFromAppsCoverLauncherTask=false LaunchedFromMultistarCoverLauncherTask=false isAllowedSeamlessRotation=false isTopTransparentActivity=false isAliasManaged=false hasConfigChanged=false snappingGuideBounds=null isAiKeyRemoveAppTask=false lastDesktopWindowingBounds=null lastExternalDesktopWindowingBounds=null safeCutoutInsets=null}, pipChange = null, remoteTransition = RemoteTransition { remoteTransition = android.window.IRemoteTransition$Stub$Proxy@8bc7ce2, appThread = android.app.IApplicationThread$Stub$Proxy@f1a3873, debugName = QuickstepLaunchflags =NONE }, displayChange = null, flags = 0, debugId = 1784 }
01-13 22:45:03.142 V/WindowManager( 2613):     startWCT=WindowContainerTransaction { changes= {} hops= [] errorCallbackToken=null taskFragmentOrganizer=null }
01-13 22:45:03.143 V/WindowManager( 2613):     info={id=1784 t=OPEN f=0x0 trk=0 r=[0@Point(0, 0)] c=[
01-13 22:45:03.143 V/WindowManager( 2613):         {WCT{RemoteToken{db5a68a Task{cd5a670 #23891 type=standard I=com.risa.app/.MainActivity}}} m=OPEN f=NONE leash=Surface(name=Task=23891)/@0xf52162c sb=Rect(0, 0 - 1080, 2340) eb=Rect(0, 0 - 1080, 2340) epz=Point(1080, 2340) d=0 endFixedRotation=1 taskParent=-1 inset=Rect(84, 84 - 0, 0) dim=true},
01-13 22:45:03.143 V/WindowManager( 2613):         {WCT{RemoteToken{77580b Task{394e759 #1 type=home}}} m=TO_BACK f=SHOW_WALLPAPER|EDGE_EXTENSION_RESTRICTION leash=Surface(name=Task=1)/@0x4aac045 sb=Rect(0, 0 - 1080, 2340) eb=Rect(0, 0 - 1080, 2340) epz=Point(1080, 2340) d=0 taskParent=-1 inset=Rect(0, 84 - 0, 135)},
01-13 22:45:03.143 V/WindowManager( 2613):         {m=TO_BACK f=IS_WALLPAPER p=WCT{RemoteToken{a748e6e RemoteWallpaperAnim:1:1@216486113}} leash=Surface(name=WallpaperWindowToken{7ec151 showWhenLocked=false})/@0x3da185 sb=Rect(0, 0 - 1080, 2340) eb=Rect(0, 0 - 1080, 2340) epz=Point(1080, 2340) d=0 inset=Rect(0, 0 - 0, 0)}
01-13 22:45:03.143 V/WindowManager( 2613):     ]}
01-13 22:45:03.143 I/SurfaceFlinger( 1830): id=27390 createSurf, flag=84000, 91c7fed ActivityRecordInputSink com.risa.app/.MainActivity#27390
01-13 22:45:03.144 W/ParceledListSlice( 2613): Element #17 is 23580 bytes.
01-13 22:45:03.145 W/ParceledListSlice( 2613): Element #29 is 18456 bytes.
01-13 22:45:03.146 W/ParceledListSlice( 2613): Element #41 is 23072 bytes.
01-13 22:45:03.147 D/WindowManagerShell( 4373): onFixedRotationStarted: TaskInfo{userId=0 taskId=23835 effectiveUid=11191 displayId=0 isRunning=true baseIntent=Intent { act=android.intent.action.MAIN cat=[android.intent.category.LAUNCHER] flg=0x10200000 cmp=app.revanced.android.youtube/.revanced_original_1 } baseActivity=ComponentInfo{app.revanced.android.youtube/com.google.android.apps.youtube.app.watchwhile.MainActivity} topActivity=ComponentInfo{app.revanced.android.youtube/com.google.android.apps.youtube.app.watchwhile.MainActivity} origActivity=ComponentInfo{app.revanced.android.youtube/app.revanced.android.youtube.revanced_original_1} realActivity=ComponentInfo{app.revanced.android.youtube/com.google.android.apps.youtube.app.watchwhile.MainActivity} numActivities=1 lastActiveTime=44007201 supportsMultiWindow=true resizeMode=2 isResizeable=true minWidth=-1 minHeight=-1 maxWidth=-1 maxHeight=-1 defaultMinSize=220 desktopDefaultMinSize=304 token=WCT{android.window.IWindowContainerToken$Stub$Proxy@3a5a293} topActivityType=1 pictureInPictureParams=PictureInPictureParams( aspectRatio=16/9 expandedAspectRatio=null sourceRectHint=Rect(0, 84 - 1080, 691) hasSetActions=true hasSetCloseAction=false isAutoPipEnabled=true isSeamlessResizeEnabled=true title=null subtitle=null isLaunchIntoPip=false) shouldDockBigOverlays=false launchIntoPipHostTaskId=-1 lastParentTaskIdBeforePip=-1 displayCutoutSafeInsets=Rect(0, 0 - 0, 0) topActivityInfo=ActivityInfo{5c132d0 app.revanced.android.youtube.revanced_original_1} launchCookies=[android.os.BinderProxy@1d9c99c] positionInParent=Point(0, 0) parentTaskId=-1 isFocused=true isVisible=true isVisibleRequested=true isTopActivityNoDisplay=false isSleeping=false locusId=null displayAreaFeatureId=1 isTopActivityTransparent=false isActivityStackTransparent=false lastNonFullscreenBounds=Rect(81, 559 - 999, 1729) capturedLink=null capturedLinkTimestamp=0 requestedVisibleTypes=-9 topActivityRequestOpenInBrowserEducationTimestamp=0 appCompatTaskInfo=AppCompatTaskInfo { topActivityInSizeCompat=false eligibleForLetterboxEducation= false isLetterboxEducationEnabled= false isLetterboxDoubleTapEnabled= false eligibleForUserAspectRatioButton= false topActivityBoundsLetterboxed= false isFromLetterboxDoubleTap= false topActivityLetterboxVerticalPosition= -1 topActivityLetterboxHorizontalPosition= -1 topActivityLetterboxWidth=-1 topActivityLetterboxHeight=-1 topActivityAppBounds=Rect(0, 0 - 1080, 2340) isUserFullscreenOverrideEnabled=false isSystemFullscreenOverrideEnabled=false hasMinAspectRatioOverride=false topActivityLetterboxBounds=null cameraCompatTaskInfo=CameraCompatTaskInfo { freeformCameraCompatMode=inactive} topActivityBounds=null topActivityInDisplayCompat=false singleTapFromLetterbox=false} topActivityMainWindowFrame=null originallySupportedMultiWindow=true hasWallpaper=false rootAffinity=11191:app.revanced.android.youtube isTopTaskInStage=false CoverLauncherWidgetTask=false LaunchedFromAppsCoverLauncherTask=false LaunchedFromMultistarCoverLauncherTask=false isAllowedSeamlessRotation=false isTopTransparentActivity=true isAliasManaged=false hasConfigChanged=false snappingGuideBounds=null isAiKeyRemoveAppTask=false lastDesktopWindowingBounds=null lastExternalDesktopWindowingBounds=null isKeepScreenOn=true safeCutoutInsets=null}, state=PipTransitionState(mState=undefined, mInSwipePipToHomeTransition=false)
01-13 22:45:03.147 D/PipTaskOrganizer( 4373): onFixedRotationStarted: rot=1, PipTaskOrganizer{mState=0, mTaskInfo=TaskInfo(taskId=23835, isVisible=true, app.revanced.android.youtube), mLeash=null, mWaitForFixedRotation=true, inSwipePipToHome=false, mPictureInPictureParams=null}
01-13 22:45:03.147 V/WindowManagerShell( 4373): onTransitionReady (#1784) android.os.BinderProxy@dea8f21: {id=1784 t=OPEN f=0x0 trk=0 r=[0@Point(0, 0)] c=[
01-13 22:45:03.147 V/WindowManagerShell( 4373):         {m=OPEN f=NONE leash=Surface(name=Task=23891)/@0xc42ddf7 sb=Rect(0, 0 - 1080, 2340) eb=Rect(0, 0 - 1080, 2340) epz=Point(1080, 2340) d=0 endFixedRotation=1 taskParent=-1 inset=Rect(84, 84 - 0, 0) dim=true},
01-13 22:45:03.147 V/WindowManagerShell( 4373):         {m=TO_BACK f=SHOW_WALLPAPER|EDGE_EXTENSION_RESTRICTION leash=Surface(name=Task=1)/@0xc23f464 sb=Rect(0, 0 - 1080, 2340) eb=Rect(0, 0 - 1080, 2340) epz=Point(1080, 2340) d=0 taskParent=-1 inset=Rect(0, 84 - 0, 135)},
01-13 22:45:03.147 V/WindowManagerShell( 4373):         {m=TO_BACK f=IS_WALLPAPER p=WCT{android.window.IWindowContainerToken$Stub$Proxy@d5df2d0} leash=Surface(name=WallpaperWindowToken{7ec151 showWhenLocked=false})/@0x91db6cd sb=Rect(0, 0 - 1080, 2340) eb=Rect(0, 0 - 1080, 2340) epz=Point(1080, 2340) d=0 inset=Rect(0, 0 - 0, 0)}
01-13 22:45:03.147 V/WindowManagerShell( 4373):     ]}
01-13 22:45:03.147 V/ShellDesktopMode( 4373): DesktopModeLogger: taskInfo map after processing changes 0
01-13 22:45:03.147 D/ShellDesktopMode( 4373): DesktopTaskChangeListener: onTaskOpening for taskId=23891, displayId=0
01-13 22:45:03.148 W/ndroid.systemui( 4373): Large reply transaction of 378656 bytes, interface descriptor com.android.wm.shell.recents.IRecentTasks, code 4
01-13 22:45:03.148 I/SurfaceControlRegistry( 4373): hide, t=FinishTransaction_SyncId<1784> sc=Task=1, caller=android.view.SurfaceControl$Transaction.hide:3583 com.android.wm.shell.transition.Transitions.dispatchReady:1263 com.android.wm.shell.transition.Transitions.onTransitionReady:251 com.android.wm.shell.transition.Transitions$TransitionPlayerImpl$$ExternalSyntheticLambda0.run:13 android.os.Handler.handleCallback:995 android.os.Handler.dispatchMessage:103 
01-13 22:45:03.148 I/SurfaceControlRegistry( 4373): show, t=StartTransaction_SyncId<1784> sc=Task=23891, caller=android.view.SurfaceControl$Transaction.show:3557 com.android.wm.shell.transition.Transitions.dispatchReady:1279 com.android.wm.shell.transition.Transitions.onTransitionReady:251 com.android.wm.shell.transition.Transitions$TransitionPlayerImpl$$ExternalSyntheticLambda0.run:13 android.os.Handler.handleCallback:995 android.os.Handler.dispatchMessage:103 
01-13 22:45:03.148 I/SurfaceControlRegistry( 4373): show, t=FinishTransaction_SyncId<1784> sc=Task=23891, caller=android.view.SurfaceControl$Transaction.show:3557 com.android.wm.shell.transition.Transitions.dispatchReady:1330 com.android.wm.shell.transition.Transitions.onTransitionReady:251 com.android.wm.shell.transition.Transitions$TransitionPlayerImpl$$ExternalSyntheticLambda0.run:13 android.os.Handler.handleCallback:995 android.os.Handler.dispatchMessage:103 
01-13 22:45:03.148 V/WindowManagerShell( 4373): Playing animation for (#1784) android.os.BinderProxy@dea8f21@0
01-13 22:45:03.148 I/SurfaceControlRegistry( 4373): show, t=StartTransaction_SyncId<1784> sc=Transition Root: Task=23891, caller=android.view.SurfaceControl$Transaction.show:3557 com.android.wm.shell.transition.Transitions.playTransition:79 com.android.wm.shell.transition.Transitions.processReadyQueue:239 com.android.wm.shell.transition.Transitions.dispatchReady:1352 com.android.wm.shell.transition.Transitions.onTransitionReady:251 com.android.wm.shell.transition.Transitions$TransitionPlayerImpl$$ExternalSyntheticLambda0.run:13 
01-13 22:45:03.148 V/WindowManagerShell( 4373):  try firstHandler com.android.wm.shell.transition.DefaultMixedHandler@21b745a
01-13 22:45:03.148 V/WindowManagerShell( 4373): Mixed transition for opening an intent with a remote transition and PIP or Desktop #1784
01-13 22:45:03.148 V/WindowManagerShell( 4373): tryAnimateOpenIntentWithRemoteAndPipOrDesktop
01-13 22:45:03.148 V/WindowManagerShell( 4373):  Delegate animation for (#1784) to RemoteTransition { remoteTransition = android.window.IRemoteTransition$Stub$Proxy@8bffc5d, appThread = android.app.IApplicationThread$Stub$Proxy@590f9d2, debugName = QuickstepLaunchflags =NONE }
01-13 22:45:03.148 V/WindowManagerShell( 4373):  Excluded change from remote targets at (#1784), change={m=TO_BACK f=IS_WALLPAPER p=WCT{android.window.IWindowContainerToken$Stub$Proxy@d5df2d0} leash=Surface(name=WallpaperWindowToken{7ec151 showWhenLocked=false})/@0x91db6cd sb=Rect(0, 0 - 1080, 2340) eb=Rect(0, 0 - 1080, 2340) epz=Point(1080, 2340) d=0 inset=Rect(0, 0 - 0, 0)}
01-13 22:45:03.148 V/WindowManagerShell( 4373):  animated by firstHandler
01-13 22:45:03.149 I/SurfaceFlinger( 1830): id=27391 createSurf, flag=84000, Surface(name=Task=23891)/@0xde07bf_transition-leash#27391
01-13 22:45:03.149 I/HoneySpace.RecentTasks( 5028): onRunningTaskAppeared
01-13 22:45:03.149 I/HoneySpace.RecentTasks( 5028): onRecentTasksChanged
01-13 22:45:03.149 I/SurfaceControlRegistry( 5028): show, t=StartTransaction_SyncId<1784> sc=Task=23891, caller=android.view.SurfaceControl$Transaction.show:3557 S.j.a:152 S.j.u:0 S.j.t:0 com.android.systemui.animation.RemoteAnimationTargetCompat.wrap:48 com.android.systemui.animation.RemoteAnimationTargetCompat.wrapApps:10 
01-13 22:45:03.149 I/SurfaceFlinger( 1830): id=27392 createSurf, flag=84000, Surface(name=Task=1)/@0x47429d5_transition-leash#27392
01-13 22:45:03.149 I/SurfaceControlRegistry( 5028): show, t=StartTransaction_SyncId<1784> sc=Task=1, caller=android.view.SurfaceControl$Transaction.show:3557 S.j.a:152 S.j.u:0 S.j.t:0 com.android.systemui.animation.RemoteAnimationTargetCompat.wrap:48 com.android.systemui.animation.RemoteAnimationTargetCompat.wrapApps:10 
01-13 22:45:03.149 I/SurfaceControlRegistry( 5028): apply, t=StartTransaction_SyncId<1784>, caller=android.view.SurfaceControl$Transaction.apply:3459 android.view.SurfaceControl$Transaction.apply:3447 android.view.SurfaceControl$Transaction.apply:3397 com.android.systemui.animation.RemoteAnimationRunnerCompat$1.startAnimation:645 android.window.IRemoteTransition$Stub.onTransact:162 android.os.Binder.execTransactInternal:1462 
01-13 22:45:03.150 I/HoneySpace.ShellAnimationRunner( 5028): [onAnimationStart] appTarget(0) : taskId-23891, mode-0
01-13 22:45:03.150 I/HoneySpace.ShellAnimationRunner( 5028): cookie: 69620
01-13 22:45:03.150 I/HoneySpace.ShellAnimationRunner( 5028): [onAnimationStart] appTarget(1) : taskId-1, mode-1
01-13 22:45:03.150 I/HoneySpace.ShellAnimationRunner( 5028): this , com.honeyspace.transition.ShellAnimationRunner@8df2778
01-13 22:45:03.150 I/HoneySpace.ShellTransitionManager( 5028): open animation start
01-13 22:45:03.150 I/HoneySpace.ShellAnimationRunner( 5028): finishExistingAnimation, null
01-13 22:45:03.150 I/HoneySpace.AppLaunchAnimationDelegate( 5028): onAnimationStart
01-13 22:45:03.150 I/HoneySpace.AppLaunchAnimationDelegate( 5028): composeIconLaunchAnimator
01-13 22:45:03.150 I/HoneySpace.AppLaunchAnimationDelegate( 5028): playAnim: translucent:false
01-13 22:45:03.150 I/HoneySpace.FloatingAnimator( 5028): [Player:A(3.105)] lateTargetsSetup, id: 69620
01-13 22:45:03.150 I/HoneySpace.AppLaunchAnimationDelegate( 5028): playFloatingIconAnim, appPlayer: 162012517
01-13 22:45:03.150 I/HoneySpace.AppTransitionAnimationAwait( 5028): prepare refCnt:1 timeout:500
01-13 22:45:03.150 I/HoneySpace.FloatingAnimator( 5028): [Player:A(3.105)] value animator:[145559635] started
01-13 22:45:03.150 I/HoneySpace.AnimationResult( 5028): setAnimation, animation: false
01-13 22:45:03.150 I/HoneySpace.HoneySystemControllerImpl( 5028): isRecentsActivityIdleState false
01-13 22:45:03.152 W/ParceledListSlice( 2613): Element #17 is 23580 bytes.
01-13 22:45:03.153 W/ParceledListSlice( 2613): Element #29 is 18456 bytes.
01-13 22:45:03.153 I/SurfaceFlinger( 1830): RequestedLayer [616a034 Splash Screen com.risa.app#27385] hidden!! flag  from(1) --> to(0)
01-13 22:45:03.153 I/SurfaceFlinger( 1830): RequestedLayer [ActivityRecord{58400947 u0 com.risa.app/.MainActivity t23891}#27384] hidden!! flag  from(1) --> to(0)
01-13 22:45:03.153 I/SurfaceFlinger( 1830): RequestedLayer [Task=23891#27383] hidden!! flag  from(1) --> to(0)
01-13 22:45:03.153 I/SurfaceFlinger( 1830): RequestedLayer [Transition Root: Task=23891#27389] hidden!! flag  from(1) --> to(0)
01-13 22:45:03.153 I/com.risa.app(18846): Using CollectorTypeCMC GC.
01-13 22:45:03.153 E/SurfaceFlinger( 1830): alpha changed 1.000 -> 0.000 - Surface(name=Task=23891)/@0xde07bf_transition-leash#27391
01-13 22:45:03.153 I/SurfaceFlinger( 1830): [LayerHierarchy{RequestedLayerState{Task=1#53 parentId=27392} 2 children}] reparent to LayerHierarchy{RequestedLayerState{Surface(name=Task=1)/@0x47429d5_transition-leash#27392 parentId=27389 z=1} 1 children}
01-13 22:45:03.153 I/SurfaceFlinger( 1830): [LayerHierarchy{RequestedLayerState{WindowToken{5c8571 type=2000 android.os.BinderProxy@bf57afb}#94 parentId=27388} 1 children}] reparent to LayerHierarchy{RequestedLayerState{Surface(name=WindowToken{5c8571 type=2000 android.os.BinderProxy@bf57afb})/@0x83182f - animation-leash of token_transform#27388 parentId=17} 1 children}
01-13 22:45:03.153 I/SurfaceFlinger( 1830): [LayerHierarchy{RequestedLayerState{WindowToken{1eb3624 type=2032 android.os.Binder@fb0eb7}#131 parentId=27387 z=1} 1 children}] reparent to LayerHierarchy{RequestedLayerState{Surface(name=WindowToken{1eb3624 type=2032 android.os.Binder@fb0eb7})/@0x609b9be - animation-leash of token_transform#27387 parentId=38 z=1} 1 children}
01-13 22:45:03.153 I/SurfaceFlinger( 1830): [LayerHierarchy{RequestedLayerState{Task=23891#27383 parentId=27391} 1 children}] reparent to LayerHierarchy{RequestedLayerState{Surface(name=Task=23891)/@0xde07bf_transition-leash#27391 parentId=27389 z=4} 1 children}
01-13 22:45:03.153 I/SurfaceFlinger( 1830): [Surface(name=WindowToken{1eb3624 type=2032 android.os.Binder@fb0eb7})/@0x609b9be - animation-leash of token_transform#27387] attach to parent LayerHierarchy{RequestedLayerState{Leaf:26:31#38 parentId=37} 4 children}
01-13 22:45:03.153 I/SurfaceFlinger( 1830): [Surface(name=WindowToken{5c8571 type=2000 android.os.BinderProxy@bf57afb})/@0x83182f - animation-leash of token_transform#27388] attach to parent LayerHierarchy{RequestedLayerState{Leaf:15:15#17 parentId=16} 1 children}
01-13 22:45:03.153 I/SurfaceFlinger( 1830): [Transition Root: Task=23891#27389] attach to parent LayerHierarchy{RequestedLayerState{DefaultTaskDisplayArea_d0#10 parentId=9} 43 children}
01-13 22:45:03.153 I/SurfaceFlinger( 1830): [91c7fed ActivityRecordInputSink com.risa.app/.MainActivity#27390] attach to parent LayerHierarchy{RequestedLayerState{ActivityRecord{58400947 u0 com.risa.app/.MainActivity t23891}#27384 parentId=27383} 2 children}
01-13 22:45:03.153 I/SurfaceFlinger( 1830): [Surface(name=Task=23891)/@0xde07bf_transition-leash#27391] attach to parent LayerHierarchy{RequestedLayerState{Transition Root: Task=23891#27389 parentId=10 z=41} 1 children}
01-13 22:45:03.153 I/SurfaceFlinger( 1830): [Surface(name=Task=1)/@0x47429d5_transition-leash#27392] attach to parent LayerHierarchy{RequestedLayerState{Transition Root: Task=23891#27389 parentId=10 z=41} 2 children}
01-13 22:45:03.154 W/ParceledListSlice( 2613): Element #41 is 23072 bytes.
01-13 22:45:03.155 I/WindowManager( 2613): Relayout Window{616a034 u0 Splash Screen com.risa.app}: viewVisibility=0 req=1080x2340 ty=3 d0
01-13 22:45:03.156 W/ndroid.systemui( 4373): Large reply transaction of 378656 bytes, interface descriptor com.android.wm.shell.recents.IRecentTasks, code 4
01-13 22:45:03.155 D/SurfaceComposerClient( 2613): setCornerRadius ## 616a034 Splash Screen com.risa.app#27385 cornerRadius=0.000000
01-13 22:45:03.156 I/HoneySpace.IconView( 5028): setIconVisible : visible-false, currentForceHideBadge-false
01-13 22:45:03.156 I/HoneySpace.IconView( 5028): updateInvisibleState false APP_CLOSING current:0 new:2
01-13 22:45:03.156 I/HoneySpace.AppLaunchAnimationDelegate( 5028): hasWallpaperFlags:false
01-13 22:45:03.156 I/HoneySpace.ContentsAnimator( 5028): from : 0.0
01-13 22:45:03.156 I/HoneySpace.ContentsAnimator( 5028): ContentsAnimator start [154121865]
01-13 22:45:03.156 I/HoneySpace.WallpaperAnimator( 5028): createWallpaperSurface
01-13 22:45:03.156 D/WindowManager( 2613): updateSystemBarAttributes: displayId=0, focusedCanBeNavColorWin=false, win=Window{da88720 u0 com.sec.android.app.launcher/com.sec.android.app.launcher.activities.LauncherActivity}, navColorWin=Window{616a034 u0 Splash Screen com.risa.app}, caller=com.android.server.wm.DisplayPolicy.finishPostLayoutPolicyLw:17 com.android.server.wm.RootWindowContainer.applySurfaceChangesTransaction$1:195 com.android.server.wm.RootWindowContainer.performSurfacePlacementNoTrace:59 
01-13 22:45:03.157 D/WindowManager( 2613): updateSystemBarAttributes, bhv=2, apr=0, statusBarAprRegions=[AppearanceRegion{ bounds=[0,0][2340,1080]}], requestedVisibilities=-9
01-13 22:45:03.157 D/SurfaceComposerClient( 2613): setCornerRadius ## 616a034 Splash Screen com.risa.app#27385 cornerRadius=0.000000
01-13 22:45:03.157 D/SamsungLightBarControlHelper( 4373): onStatusBarAppearanceChanged() -  sbModeChanged:false, statusBarMode:0, barState:MODE_TRANSPARENT, isKeyguardShowing:false, navbarColorManagedByIme:false, (AppearanceRegion{ bounds=[0,0][2340,1080]}, )
01-13 22:45:03.157 I/VRI[app]@b3f212b( 4373): Resizing android.view.ViewRootImpl@e19f5f6: frame = [0,0][2340,1080] reportDraw = true forceLayout = false syncSeqId = -1
01-13 22:45:03.157 D/WindowManager( 2613): Changing focus from Window{da88720 u0 com.sec.android.app.launcher/com.sec.android.app.launcher.activities.LauncherActivity} to null displayId=0 Callers=com.android.server.wm.WindowManagerService.relayoutWindow:1350 com.android.server.wm.Session.relayout:27 android.view.IWindowSession$Stub.onTransact:829 com.android.server.wm.Session.onTransact:1 
01-13 22:45:03.157 D/InputDispatcher( 2613): Focus left window (0): da88720 com.sec.android.app.launcher/com.sec.android.app.launcher.activities.LauncherActivity
01-13 22:45:03.157 I/WindowManager( 2613): Cancelling animation restarting=true, leash=Surface(name=Surface(name=e736f56 StatusBar)/@0x35a560e - animation-leash of insets_animation)/@0x4e9816f
01-13 22:45:03.157 I/WindowManager( 2613): Reparenting to original parent: Surface(name=WindowToken{5c8571 type=2000 android.os.BinderProxy@bf57afb})/@0x83182f, destroy=false, surface=Surface(name=e736f56 StatusBar)/@0x35a560e
01-13 22:45:03.157 I/adbd    (18518): jdwp connection from 18846
01-13 22:45:03.157 I/WindowManager( 2613): Reparenting to leash, surface=Surface(name=e736f56 StatusBar)/@0x35a560e, leashParent=Surface(name=WindowToken{5c8571 type=2000 android.os.BinderProxy@bf57afb})/@0x83182f
01-13 22:45:03.158 I/SurfaceFlinger( 1830): id=27393 createSurf, flag=24000, Surface(name=e736f56 StatusBar)/@0x35a560e - animation-leash of insets_animation#27393
01-13 22:45:03.158 D/WindowManager( 2613): makeSurface duration=0 leash=Surface(name=Surface(name=e736f56 StatusBar)/@0x35a560e - animation-leash of insets_animation)/@0x374101d
01-13 22:45:03.158 D/InsetsSourceProvider( 2613): updateControlForTarget: control=InsetsSourceControl: {1ef10000 mType=statusBars initiallyVisible mSurfacePosition=Point(0, 0) mInsetsHint=Insets{left=0, top=84, right=0, bottom=0}}, target=Window{616a034 u0 Splash Screen com.risa.app}, from=com.android.server.wm.InsetsStateController.onControlTargetChanged:83 com.android.server.wm.InsetsPolicy.updateBarControlTarget:212 com.android.server.wm.DisplayPolicy.updateSystemBarAttributes:262 com.android.server.wm.WindowManagerService.updateFocusedWindowLocked:372 com.android.server.wm.WindowManagerService.relayoutWindow:1350 
01-13 22:45:03.158 I/WindowManager( 2613): Cancelling animation restarting=true, leash=Surface(name=Surface(name=b27b017 NavigationBar0)/@0x1eb47c5 - animation-leash of insets_animation)/@0x5bcf305
01-13 22:45:03.158 I/WindowManager( 2613): Reparenting to original parent: Surface(name=WindowToken{1e68535 type=2019 android.os.BinderProxy@27c5c1f})/@0x869c51a, destroy=false, surface=Surface(name=b27b017 NavigationBar0)/@0x1eb47c5
01-13 22:45:03.158 I/WindowManager( 2613): Reparenting to leash, surface=Surface(name=b27b017 NavigationBar0)/@0x1eb47c5, leashParent=Surface(name=WindowToken{1e68535 type=2019 android.os.BinderProxy@27c5c1f})/@0x869c51a
01-13 22:45:03.158 I/SurfaceFlinger( 1830): id=27394 createSurf, flag=24000, Surface(name=b27b017 NavigationBar0)/@0x1eb47c5 - animation-leash of insets_animation#27394
01-13 22:45:03.158 D/WindowManager( 2613): makeSurface duration=0 leash=Surface(name=Surface(name=b27b017 NavigationBar0)/@0x1eb47c5 - animation-leash of insets_animation)/@0xc822463
01-13 22:45:03.158 D/InsetsSourceProvider( 2613): updateControlForTarget: control=InsetsSourceControl: {86cb0001 mType=navigationBars initiallyVisible mSurfacePosition=Point(0, 2205) mInsetsHint=Insets{left=0, top=0, right=0, bottom=135}}, target=Window{616a034 u0 Splash Screen com.risa.app}, from=com.android.server.wm.InsetsStateController.onControlTargetChanged:83 com.android.server.wm.InsetsPolicy.updateBarControlTarget:225 com.android.server.wm.DisplayPolicy.updateSystemBarAttributes:262 com.android.server.wm.WindowManagerService.updateFocusedWindowLocked:372 com.android.server.wm.WindowManagerService.relayoutWindow:1350 
01-13 22:45:03.158 D/WindowManager( 2613): updateSystemBarAttributes: displayId=0, focusedCanBeNavColorWin=false, win=Window{616a034 u0 Splash Screen com.risa.app}, navColorWin=Window{616a034 u0 Splash Screen com.risa.app}, caller=com.android.server.wm.WindowManagerService.updateFocusedWindowLocked:372 com.android.server.wm.WindowManagerService.relayoutWindow:1350 com.android.server.wm.Session.relayout:27 
01-13 22:45:03.158 D/WindowManager( 2613): updateSystemBarAttributes, bhv=1, apr=0, statusBarAprRegions=[AppearanceRegion{ bounds=[0,0][2340,1080]}], requestedVisibilities=-9
01-13 22:45:03.158 V/SystemKeyManager( 2613): updateFocusedWindow() is called, 
01-13 22:45:03.159 I/WindowManager( 2613): Relayout hash=616a034, pid=4373, syncId=-1: mAttrs={(0,0)(fillxfill) sim={adjust=pan} layoutInDisplayCutoutMode=always ty=APPLICATION_STARTING fmt=TRANSLUCENT wanim=0x1030001
01-13 22:45:03.159 I/WindowManager( 2613):   fl=81030118
01-13 22:45:03.159 I/WindowManager( 2613):   pfl=10000810
01-13 22:45:03.159 I/WindowManager( 2613):   bhv=1
01-13 22:45:03.159 I/WindowManager( 2613):   fitSides=0
01-13 22:45:03.159 I/WindowManager( 2613):   frameRateBoostOnTouch=true
01-13 22:45:03.159 I/WindowManager( 2613):   dvrrWindowFrameRateHint=true naviIconColor=0}
01-13 22:45:03.159 I/HoneySpace.SystemUiRepository( 5028): systemUiFlags: allow_gesture|awake
01-13 22:45:03.159 I/HoneySpace.TaskbarEventTracker( 5028): invokeEvent() called with: event = SystemUiStateChanged(stateFlags=268566528)
01-13 22:45:03.159 I/WindowManager( 2613): Reparenting to leash, surface=Surface(name=RemoteWallpaperAnim:1:1)/@0x147945f, leashParent=Surface(name=OneHanded:0:14)/@0xb294eac
01-13 22:45:03.159 I/SurfaceFlinger( 1830): id=27395 createSurf, flag=24000, Surface(name=RemoteWallpaperAnim:1:1)/@0x147945f - animation-leash of remote_wallpaper#27395
01-13 22:45:03.159 I/VRI[app]@b3f212b( 4373): onActiveControlsChanged, removed=false, mAdded=true, caller=android.view.ViewRootImpl.handleInsetsControlChanged:3002 android.view.ViewRootImpl.relayoutWindow:11629 android.view.ViewRootImpl.performTraversals:4804 android.view.ViewRootImpl.doTraversal:3924 android.view.ViewRootImpl$TraversalRunnable.run:12903 
01-13 22:45:03.159 D/WindowManager( 2613): makeSurface duration=1 leash=Surface(name=Surface(name=RemoteWallpaperAnim:1:1)/@0x147945f - animation-leash of remote_wallpaper)/@0xbc69119
01-13 22:45:03.159 D/WindowManager( 2613): startAnimation for remote wallpaper, leash=Surface(name=Surface(name=RemoteWallpaperAnim:1:1)/@0x147945f - animation-leash of remote_wallpaper)/@0xbc69119
01-13 22:45:03.159 D/WindowManager( 2613): startRemoteWallpaperAnimation, d=0, leash=Surface(name=Surface(name=RemoteWallpaperAnim:1:1)/@0x147945f - animation-leash of remote_wallpaper)/@0xbc69119
