01-13 22:52:58.011  4373  4373 I AODBatteryManager: saveBatteryData : AOD BatteryData [mBatteryLevel=75, mBatteryStatus=CHARGING, mBatteryPlugType=USB, mBatteryPlugged=true, mRemainingChargeTime=13711000, mBatteryChargingType=8, mBatteryChargerType=NORMAL, mBatteryOnline=USB, mBatterySwellingMode=NONE, mBatteryProtectMode=false, mBatteryProtectModeType=4, mSleepChargingEvent=null, mSleepChargingEventFinishTime=null, mBatteryHealth=2, mIsDirectPowerMode=false, mIsUsbRestriction=false]
01-13 22:52:58.011  4373  4373 D SamsungBatteryMeterDrawable: onBatteryLevelChanged isSomethingChanged: false
01-13 22:52:58.012  4373  4373 D SamsungBatteryMeterDrawable: onBatteryLevelChanged isSomethingChanged: false
01-13 22:52:58.012  4373  4373 D SamsungBatteryMeterDrawable: onBatteryLevelChanged isSomethingChanged: false
01-13 22:52:58.012  4373  4373 D SamsungBatteryMeterDrawable: onBatteryLevelChanged isSomethingChanged: false
01-13 22:52:58.013  4373  4373 D KeyguardUpdateMonitor: handleBatteryUpdate
01-13 22:52:58.016 26054 26054 I [SCPMV2][SystemMonitorReceiver]: onReceive: android.intent.action.BATTERY_CHANGED
01-13 22:52:58.017  3932  3932 D SemBigDataInfoController: Intent: android.intent.action.BATTERY_CHANGED
01-13 22:52:58.018  3932  3932 D SemBigDataInfoController: Intent: android.intent.action.BATTERY_CHANGED
01-13 22:52:58.020  2613  4679 I BatteryService_BatteryPropertiesRegistrar: [getProperty]id:4
01-13 22:52:58.020  2613  4679 I BatteryService_BatteryPropertiesRegistrar: [getProperty]prop.long:-9223372036854775808 ,prop.string:null
01-13 22:52:58.021  2613  5493 I BatteryService_BatteryPropertiesRegistrar: [getProperty]id:1
01-13 22:52:58.021  2613  5493 I BatteryService_BatteryPropertiesRegistrar: [getProperty]prop.long:-9223372036854775808 ,prop.string:null
01-13 22:52:58.021  2613  4679 I BatteryService_BatteryPropertiesRegistrar: [getProperty]id:3
01-13 22:52:58.021  2613  4679 I BatteryService_BatteryPropertiesRegistrar: [getProperty]prop.long:-9223372036854775808 ,prop.string:null
01-13 22:52:58.022  4373  4373 W View    : requestLayout() improperly called by com.android.systemui.qs.SecQSGradationDrawableView{ea1dade V.E...... ......ID 0,0-1080,332 #7f0a0a16 app:id/qs_gradation_view} during layout: running second layout pass
01-13 22:52:58.022  4373  4373 W View    : requestLayout() improperly called by android.widget.FrameLayout{14e04bf V.E...... ......I. 0,0-1080,2340 #2} during layout: running second layout pass
01-13 22:52:58.022  4373  4373 W View    : requestLayout() improperly called by android.widget.FrameLayout{e64678c V.E...... ......ID 0,152-1080,2205 #7f0a0a14 app:id/qs_frame} during layout: running second layout pass
01-13 22:52:58.022  4373  4373 W RefactorFlag: New code path expects SceneContainerFlag to be enabled.
01-13 22:52:58.024  1830  1915 I VSyncReactor: Current= 60, Period= 60, Distance= 0
01-13 22:52:58.041  1830  1915 I VSyncReactor: Current= 60, Period= 60, Distance= 60
01-13 22:52:58.053  2613  4679 D KNOX_MDM_SettingsProvider: isChangeAllowed() : name = aod_tap_to_show_mode
01-13 22:52:58.053  2613  4679 D KNOX_MDM_SettingsProvider: edmUri: content://com.sec.knox.provider/RestrictionPolicy3
01-13 22:52:58.053  2613  4679 D KNOX_MDM_SettingsProvider: projectionArgs: isSettingsChangesAllowed
01-13 22:52:58.053  2613  4679 D KNOX_MDM_SettingsProvider: selectionArgs: false
01-13 22:52:58.053  2613  4679 D KNOX_MDM_SettingsProvider: selectionArgs: 10214
01-13 22:52:58.053  2613  4679 D SecContentProvider: query(), uri = 17 selection = isSettingsChangesAllowed
01-13 22:52:58.053  2613  4679 D SecContentProvider: called from com.jamworks.alwaysondisplay
01-13 22:52:58.054  2613  4679 D RestrictionPolicy: isSettingsChangesAllowedAsUser, userId 0 : true
01-13 22:52:58.054  2613  4679 D KNOX_MDM_SettingsProvider: ret = 1
01-13 22:52:58.054  2613  4679 E DatabaseUtils: Writing exception to parcel
01-13 22:52:58.054  2613  4679 E DatabaseUtils: java.lang.SecurityException: com.jamworks.alwaysondisplay was not granted  this permission: android.permission.WRITE_SETTINGS.
01-13 22:52:58.054  2613  4679 E DatabaseUtils: 	at android.provider.Settings.isCallingPackageAllowedToPerformAppOpsProtectedOperation(Settings.java:29214)
01-13 22:52:58.054  2613  4679 E DatabaseUtils: 	at android.provider.Settings.checkAndNoteWriteSettingsOperation(Settings.java:29102)
01-13 22:52:58.054  2613  4679 E DatabaseUtils: 	at com.android.providers.settings.SettingsProvider.mutateSystemSetting(SettingsProvider.java:2816)
01-13 22:52:58.054  2613  4679 E DatabaseUtils: 	at com.android.providers.settings.SettingsProvider.insertSystemSetting(SettingsProvider.java:2772)
01-13 22:52:58.054  2613  4679 E DatabaseUtils: 	at com.android.providers.settings.SettingsProvider.call(SettingsProvider.java:779)
01-13 22:52:58.054  2613  4679 E DatabaseUtils: 	at android.content.ContentProvider.call(ContentProvider.java:2770)
01-13 22:52:58.054  2613  4679 E DatabaseUtils: 	at android.content.ContentProvider$Transport.call(ContentProvider.java:644)
01-13 22:52:58.054  2613  4679 E DatabaseUtils: 	at android.content.ContentProviderNative.onTransact(ContentProviderNative.java:307)
01-13 22:52:58.054  2613  4679 E DatabaseUtils: 	at android.os.Binder.execTransactInternal(Binder.java:1457)
01-13 22:52:58.054  2613  4679 E DatabaseUtils: 	at android.os.Binder.execTransact(Binder.java:1401)
01-13 22:52:58.054  2613  4679 D KNOX_MDM_SettingsProvider: isChangeAllowed() : name = aod_mode
01-13 22:52:58.054  2613  4679 D KNOX_MDM_SettingsProvider: edmUri: content://com.sec.knox.provider/RestrictionPolicy3
01-13 22:52:58.054  2613  4679 D KNOX_MDM_SettingsProvider: projectionArgs: isSettingsChangesAllowed
01-13 22:52:58.054  2613  4679 D KNOX_MDM_SettingsProvider: selectionArgs: false
01-13 22:52:58.054  2613  4679 D KNOX_MDM_SettingsProvider: selectionArgs: 10214
01-13 22:52:58.054  2613  4679 D SecContentProvider: query(), uri = 17 selection = isSettingsChangesAllowed
01-13 22:52:58.054  2613  4679 D SecContentProvider: called from com.jamworks.alwaysondisplay
01-13 22:52:58.054  2613  4679 D RestrictionPolicy: isSettingsChangesAllowedAsUser, userId 0 : true
01-13 22:52:58.054  2613  4679 D KNOX_MDM_SettingsProvider: ret = 1
01-13 22:52:58.054  2613  4679 E DatabaseUtils: Writing exception to parcel
01-13 22:52:58.054  2613  4679 E DatabaseUtils: java.lang.SecurityException: com.jamworks.alwaysondisplay was not granted  this permission: android.permission.WRITE_SETTINGS.
01-13 22:52:58.054  2613  4679 E DatabaseUtils: 	at android.provider.Settings.isCallingPackageAllowedToPerformAppOpsProtectedOperation(Settings.java:29214)
01-13 22:52:58.054  2613  4679 E DatabaseUtils: 	at android.provider.Settings.checkAndNoteWriteSettingsOperation(Settings.java:29102)
01-13 22:52:58.054  2613  4679 E DatabaseUtils: 	at com.android.providers.settings.SettingsProvider.mutateSystemSetting(SettingsProvider.java:2816)
01-13 22:52:58.054  2613  4679 E DatabaseUtils: 	at com.android.providers.settings.SettingsProvider.insertSystemSetting(SettingsProvider.java:2772)
01-13 22:52:58.054  2613  4679 E DatabaseUtils: 	at com.android.providers.settings.SettingsProvider.call(SettingsProvider.java:779)
01-13 22:52:58.054  2613  4679 E DatabaseUtils: 	at android.content.ContentProvider.call(ContentProvider.java:2770)
01-13 22:52:58.054  2613  4679 E DatabaseUtils: 	at android.content.ContentProvider$Transport.call(ContentProvider.java:644)
01-13 22:52:58.054  2613  4679 E DatabaseUtils: 	at android.content.ContentProviderNative.onTransact(ContentProviderNative.java:307)
01-13 22:52:58.054  2613  4679 E DatabaseUtils: 	at android.os.Binder.execTransactInternal(Binder.java:1457)
01-13 22:52:58.054  2613  4679 E DatabaseUtils: 	at android.os.Binder.execTransact(Binder.java:1401)
01-13 22:52:58.058  2613  4679 I WindowManager: Relayout Window{81cb8db u0 com.jamworks.alwaysondisplay}: viewVisibility=8 req=1080x2840 ty=2032 d0
01-13 22:52:58.058  2613  4679 D SurfaceComposerClient: setCornerRadius ## da88720 com.sec.android.app.launcher/com.sec.android.app.launcher.activities.LauncherActivity#121 cornerRadius=0.000000
01-13 22:52:58.059  2613  4679 D SurfaceComposerClient: setCornerRadius ## da88720 com.sec.android.app.launcher/com.sec.android.app.launcher.activities.LauncherActivity#121 cornerRadius=0.000000
01-13 22:52:58.059  2613  4679 I WindowManager: Relayout hash=81cb8db, pid=8166, syncId=-1: mAttrs={(0,0)(1080x2840) gr=TOP LEFT CENTER sim={adjust=pan} ty=ACCESSIBILITY_OVERLAY fmt=TRANSLUCENT
01-13 22:52:58.059  2613  4679 I WindowManager:   fl=d000318
01-13 22:52:58.059  2613  4679 I WindowManager:   vsysui=700
01-13 22:52:58.059  2613  4679 I WindowManager:   bhv=1
01-13 22:52:58.059  2613  4679 I WindowManager:   frameRateBoostOnTouch=true
01-13 22:52:58.059  2613  4679 I WindowManager:   dvrrWindowFrameRateHint=true naviIconColor=0}
01-13 22:52:58.060  8166  8166 I InsetsController: onStateChanged: host=, from=android.view.ViewRootImpl.onInsetsStateChanged:3026, state=InsetsState: {mDisplayFrame=Rect(0, 0 - 1080, 2340), mDisplayCutout=DisplayCutout{insets=Rect(0, 84 - 0, 0) waterfall=Insets{left=0, top=0, right=0, bottom=0} boundingRect={Bounds=[Rect(0, 0 - 0, 0), Rect(515, 0 - 566, 84), Rect(0, 0 - 0, 0), Rect(0, 0 - 0, 0)]} cutoutPathParserInfo={CutoutPathParserInfo{displayWidth=1080 displayHeight=2340 physicalDisplayWidth=1080 physicalDisplayHeight=2340 density={2.8125} cutoutSpec={M 0,0 H -9.066666666666667 V 29.86666666666667 H 9.066666666666667 V 0 H 0 Z @dp} rotation={0} scale={1.0} physicalPixelDisplaySizeRatio={1.0}}} sideOverrides={}}, mRoundedCorners=RoundedCorners{[RoundedCorner{position=TopLeft, radius=101, center=Point(101, 101)}, RoundedCorner{position=TopRight, radius=101, center=Point(979, 101)}, RoundedCorner{position=BottomRight, radius=101, center=Point(979, 2239)}, RoundedCorner{position=BottomLeft, radius=101, center=Point(101, 2239)}]}  mRoundedCornerFrame=Rect(0, 0 - 0, 0), mPrivacyIndicatorBounds=PrivacyIndicatorBounds {static bounds=Rect(956, 0 - 1080, 84) rotation=0}, mDisplayShape=DisplayShape{ spec=1406003047 displayWidth=1080 displayHeight=2340 physicalPixelDisplaySizeRatio=0.75 rotation=0 offsetX=0 offsetY=0 scale=1.0}, mSources= { InsetsSource: {86cb0004 mType=systemGestures mFrame=[0,0][0,0] mVisible=true mFlags= mSideHint=NONE mBoundingRects=null}, InsetsSource: {86cb0005 mType=mandatorySystemGestures mFrame=[0,2205][1080,2340] mVisible=true mFlags= mSideHint=BOTTOM mBoundingRects=null}, InsetsSource: {86cb0024 mType=systemGestures mFrame=[0,0][0,0] mVisible=true mFlags= mSideHint=NONE mBoundingRects=null}, InsetsSource: {27 mType=displayCutout mFrame=[0,0][1080,84] mVisible=true mFlags= mSideHint=TOP mBoundingRects=null}, InsetsSource: {1ef10005 mType=mandatorySystemGestures mFrame=[0,0][1080,118] mVisible=true mFlags= mSideHint=TOP mBoundingRects=null} }
01-13 22:52:58.061  8166  8166 I VRI[]@977cb39: Relayout returned: old=(0,0,1080,2840) new=(0,0,1080,2840) relayoutAsync=false req=(1080,2840)8 dur=3 res=0x0 s={false 0x0} ch=false seqId=0
01-13 22:52:58.094  1679  3918 I sensors-hal: handle_sns_client_event:190, auto_rotation_debug_2 mode,255, type,1,1 acc,-2.067,3.044,9.184, ar,0, ver,14, pedo,1,e,1,i,3
01-13 22:52:58.181  2613  4679 D TrafficStateDatabaseController: onDnsEvent():  objTrafficStats.size= 185, mInsertList= true
01-13 22:52:58.189  2613  3889 D NetdEventListenerService: DNS Requested by 115, 10597(com.doordash.driverapp), SUCCESS, 63ms
01-13 22:52:58.410  7237  7879 I SDHMS:x : SIOP:: AP:340 BAT:317 USB:293 CHG:340 PA:340 WIFI:341 CF:327 BLK:0 SUBBAT:0 LRPTHM:341 SKIN:325 SKINF:325 SKINB:321 LRP2:325 LRF2:325 LRB2:321 AP2:325 CHG2:319 WIFI2:325 RCV2:321 SPK2:296 FCAM:293 UPSPK:322 DNSPK:292 VAP02:373 VWIFI:336 AMB2:244 AVGCUR:-316 AVGSYS:0 POWER:-1276
01-13 22:52:58.579  1234  1234 D io_stats: !@   8,0 r 15429840 258729632 w 4778697 82168960 d 1270337 84749596 f 122731 270209 iot 3499292 0 th 0 0 0 pt 0 inp 0 0 50991.830
01-13 22:52:58.849  1821  1843 E HeatmapThread: ECT Thread time in milliseconds: 1768362778
01-13 22:52:58.853  1821  1843 D HeatmapThread: !@ batteryplugType : 2
01-13 22:52:58.853  1821  1843 D HeatmapThread: !@ batteryLevel : 75  batteryTemperature : 317 
01-13 22:52:58.854  1821  1843 D HeatmapThread: !@ Heatmap currtime: 29472712
01-13 22:52:58.854  1821  1843 D HeatmapThread: !@ Heatmap prevtime: 29472700
01-13 22:52:58.854  1821  1843 D HeatmapThread: !@ Heatmap plugstarttime: 29472704
01-13 22:52:58.854  1821  1843 D HeatmapThread: !@ Heatmap prevv_dsoh_update_time: 29471816
01-13 22:52:58.854  1821  1843 E HeatmapThread: !@ CAM New BSOH: 100
01-13 22:52:58.876  1830  2193 I VSyncReactor: Current= 60, Period= 60, Distance= 1
01-13 22:52:58.893  1830  1915 I VSyncReactor: Current= 60, Period= 60, Distance= 60
01-13 22:52:59.102  1279 26046 I keystore2: system/security/keystore2/watchdog/src/lib.rs:377 - Watchdog thread idle -> terminating. Have a great day.
01-13 22:52:59.240  2613  6606 D SemWifiUsabilityStatsMonitor: onWifiUsabilityStats - seqNum 4671, isSameBssidAndFreq true
01-13 22:52:59.241  2613  3833 E SemWifiLinkQualityMonitor: Too old or invalid TMI: currentTime=1768362779241 lastDateWindow=1768353308000
01-13 22:52:59.242  2613  3833 I SemWifiLinkQualityMonitor: Link stat: 1014 / 68 / 1.17 (35) / 866 / -31.0 || 100.0 : 866.00 / 0.5 : 0.86 / 0.55 : 0.07 / G (G) || 61d35a1f5785: 0.086 / 92.578 / N || N N / 0 0 / N 103.0 / N X 0 / 50992491 0 || 2026-01-13 20:15:08  / 0: 0 0 0 0 0 0 / 0: 0 0 0 0 0 0 / 0: 0 0 0 0 0 0
01-13 22:52:59.243  2613  3834 D InsDataManager: onOutageCountUpdate() - Outage Data: 0, LQ : N. Outage Triggered: false
01-13 22:52:59.244  2613  3834 D SemInsManager: {"bssid": "61d35a1f5785","rssi": -31.0,"latency": 0.08641335097578719,"outage_count": 0,"lq_callback_triggered": false,"outage_log": "Link stat: 1014 / 68 / 1.17 (35) / 866 / -31.0 || 100.0 : 866.00 / 0.5 : 0.86 / 0.55 : 0.07 / G (G) || 61d35a1f5785: 0.086 / 92.578 / N || N N / 0 0 / N 103.0 / N X 0 / 50992491 0 || 2026-01-13 20:15:08  / 0: 0 0 0 0 0 0 / 0: 0 0 0 0 0 0 / 0: 0 0 0 0 0 0""Magnetic Sensor Events size": "0""Pressure Sensor Events size": "0"}
01-13 22:52:59.249  2613  3851 D SGM:GameManager: identifyGamePackage. com.sec.android.app.launcher, mCurrentUserId: 0, callingMethodInfo: com.samsung.android.game.SemGameManager.isGamePackage(SemGameManager.java:106)
01-13 22:52:59.249  2613  3851 D SGM:SemGameManager: isGamePackage(), pkgName=com.sec.android.app.launcher, ret=false
01-13 22:52:59.261  2613  5493 D PowerManagerService: [api] acquire WakeLock DRAW_WAKE_LOCK                    '234:draw' (uid=10214 pid=8166 displayId=0 lock=611ac25)
01-13 22:52:59.262  8166  8166 I SurfaceView: 37161866 Locking canvas... stopped=true, surfaceControl=null
01-13 22:52:59.262  8166  8166 I SurfaceView: 37161866 Returned canvas: null
01-13 22:52:59.266  2613  5493 I WindowManager: Relayout Window{9f9ac49 u0 com.jamworks.alwaysondisplay}: viewVisibility=8 req=31x31 ty=2032 d0
01-13 22:52:59.267  2613  5493 D SurfaceComposerClient: setCornerRadius ## da88720 com.sec.android.app.launcher/com.sec.android.app.launcher.activities.LauncherActivity#121 cornerRadius=0.000000
01-13 22:52:59.268  2613  5493 D SurfaceComposerClient: setCornerRadius ## da88720 com.sec.android.app.launcher/com.sec.android.app.launcher.activities.LauncherActivity#121 cornerRadius=0.000000
01-13 22:52:59.270  2613  5493 I WindowManager: Relayout hash=9f9ac49, pid=8166, syncId=-1: mAttrs={(250,28)(31x31) gr=TOP LEFT CENTER sim={adjust=pan} ty=ACCESSIBILITY_OVERLAY fmt=TRANSLUCENT preferredRefreshRate=120.0
01-13 22:52:59.270  2613  5493 I WindowManager:   fl=d000318
01-13 22:52:59.270  2613  5493 I WindowManager:   vsysui=700
01-13 22:52:59.270  2613  5493 I WindowManager:   bhv=1
01-13 22:52:59.270  2613  5493 I WindowManager:   frameRateBoostOnTouch=true
01-13 22:52:59.270  2613  5493 I WindowManager:   dvrrWindowFrameRateHint=true naviIconColor=0}
01-13 22:52:59.271  8166  8166 I VRI[]@cd283eb: Relayout returned: old=(250,28,281,59) new=(250,28,281,59) relayoutAsync=false req=(31,31)8 dur=5 res=0x0 s={false 0x0} ch=false seqId=0
01-13 22:52:59.272  8166  8166 D SV[210711141 ]: updateSurface: surface is not valid
01-13 22:52:59.272  8166  8166 I SV[210711141 ]: releaseSurfaces: viewRoot = VRI[]@cd283eb
01-13 22:52:59.272  8166  8166 D VRI[]@cd283eb: applyTransactionOnDraw applyImmediately
01-13 22:52:59.273  8166  8166 D SV[210711141 ]: updateSurface: surface is not valid
01-13 22:52:59.273  8166  8166 I SV[210711141 ]: releaseSurfaces: viewRoot = VRI[]@cd283eb
01-13 22:52:59.273  8166  8166 D VRI[]@cd283eb: applyTransactionOnDraw applyImmediately
01-13 22:52:59.275  2613  5493 I WindowManager: Relayout Window{3d78c33 u0 com.jamworks.alwaysondisplay}: viewVisibility=8 req=1080x2840 ty=2032 d0
01-13 22:52:59.275  2613  5493 D SurfaceComposerClient: setCornerRadius ## da88720 com.sec.android.app.launcher/com.sec.android.app.launcher.activities.LauncherActivity#121 cornerRadius=0.000000
01-13 22:52:59.276  2613  5493 D SurfaceComposerClient: setCornerRadius ## da88720 com.sec.android.app.launcher/com.sec.android.app.launcher.activities.LauncherActivity#121 cornerRadius=0.000000
01-13 22:52:59.278  2613  5493 I WindowManager: Relayout hash=3d78c33, pid=8166, syncId=-1: mAttrs={(0,0)(1080x2840) gr=TOP LEFT CENTER sim={adjust=pan} ty=ACCESSIBILITY_OVERLAY fmt=TRANSLUCENT
01-13 22:52:59.278  2613  5493 I WindowManager:   fl=d000318
01-13 22:52:59.278  2613  5493 I WindowManager:   vsysui=700
01-13 22:52:59.278  2613  5493 I WindowManager:   bhv=1
01-13 22:52:59.278  2613  5493 I WindowManager:   frameRateBoostOnTouch=true
01-13 22:52:59.278  2613  5493 I WindowManager:   dvrrWindowFrameRateHint=true naviIconColor=0}
01-13 22:52:59.279  8166  8166 I InsetsController: onStateChanged: host=, from=android.view.ViewRootImpl.onInsetsStateChanged:3026, state=InsetsState: {mDisplayFrame=Rect(0, 0 - 1080, 2340), mDisplayCutout=DisplayCutout{insets=Rect(0, 84 - 0, 0) waterfall=Insets{left=0, top=0, right=0, bottom=0} boundingRect={Bounds=[Rect(0, 0 - 0, 0), Rect(515, 0 - 566, 84), Rect(0, 0 - 0, 0), Rect(0, 0 - 0, 0)]} cutoutPathParserInfo={CutoutPathParserInfo{displayWidth=1080 displayHeight=2340 physicalDisplayWidth=1080 physicalDisplayHeight=2340 density={2.8125} cutoutSpec={M 0,0 H -9.066666666666667 V 29.86666666666667 H 9.066666666666667 V 0 H 0 Z @dp} rotation={0} scale={1.0} physicalPixelDisplaySizeRatio={1.0}}} sideOverrides={}}, mRoundedCorners=RoundedCorners{[RoundedCorner{position=TopLeft, radius=101, center=Point(101, 101)}, RoundedCorner{position=TopRight, radius=101, center=Point(979, 101)}, RoundedCorner{position=BottomRight, radius=101, center=Point(979, 2239)}, RoundedCorner{position=BottomLeft, radius=101, center=Point(101, 2239)}]}  mRoundedCornerFrame=Rect(0, 0 - 0, 0), mPrivacyIndicatorBounds=PrivacyIndicatorBounds {static bounds=Rect(956, 0 - 1080, 84) rotation=0}, mDisplayShape=DisplayShape{ spec=1406003047 displayWidth=1080 displayHeight=2340 physicalPixelDisplaySizeRatio=0.75 rotation=0 offsetX=0 offsetY=0 scale=1.0}, mSources= { InsetsSource: {86cb0004 mType=systemGestures mFrame=[0,0][0,0] mVisible=true mFlags= mSideHint=NONE mBoundingRects=null}, InsetsSource: {86cb0005 mType=mandatorySystemGestures mFrame=[0,2205][1080,2340] mVisible=true mFlags= mSideHint=BOTTOM mBoundingRects=null}, InsetsSource: {86cb0024 mType=systemGestures mFrame=[0,0][0,0] mVisible=true mFlags= mSideHint=NONE mBoundingRects=null}, InsetsSource: {27 mType=displayCutout mFrame=[0,0][1080,84] mVisible=true mFlags= mSideHint=TOP mBoundingRects=null}, InsetsSource: {1ef10005 mType=mandatorySystemGestures mFrame=[0,0][1080,118] mVisible=true mFlags= mSideHint=TOP mBoundingRects=null} }
01-13 22:52:59.281  8166  8166 I VRI[]@c025656: Relayout returned: old=(0,0,1080,2840) new=(0,0,1080,2840) relayoutAsync=false req=(1080,2840)8 dur=6 res=0x0 s={false 0x0} ch=false seqId=0
01-13 22:52:59.281  8166  8166 D SV[109109749 ]: updateSurface: surface is not valid
01-13 22:52:59.282  8166  8166 I SV[109109749 ]: releaseSurfaces: viewRoot = VRI[]@c025656
01-13 22:52:59.282  8166  8166 D VRI[]@c025656: applyTransactionOnDraw applyImmediately
01-13 22:52:59.282  8166  8166 D SV[109109749 ]: updateSurface: surface is not valid
01-13 22:52:59.282  8166  8166 I SV[109109749 ]: releaseSurfaces: viewRoot = VRI[]@c025656
01-13 22:52:59.282  8166  8166 D VRI[]@c025656: applyTransactionOnDraw applyImmediately
01-13 22:52:59.294  8166  8166 D SV[109109749 ]: updateSurface: surface is not valid
01-13 22:52:59.294  8166  8166 I SV[109109749 ]: releaseSurfaces: viewRoot = VRI[]@c025656
01-13 22:52:59.294  8166  8166 D VRI[]@c025656: applyTransactionOnDraw applyImmediately
01-13 22:52:59.509  1723 26184 I StatsHandler: [hvcD_817] Stats: Pending(0) i/p-done(0) Works: Q: 2823/Done 2821|Work-Rate: Q(0.0/s Avg=0.3/s) Done(0.000/s Avg=0.320/s)| Stream: 30.30fps 585.3Kbps
01-13 22:52:59.509  1723 26184 I StatsHandler: [hvcD_817] Mem-usage:  [In-1D: 12 bufs 96.000 MB] [1D-1511: 35 bufs 0.547 MB] [2D-1512: 23 bufs 73.312 MB] | Total: 169.859 MB
01-13 22:52:59.509  1723 26184 I StatsHandler: [avcD_833] Stats: Pending(0) i/p-done(0) Works: Q: 55276/Done 55264|Work-Rate: Q(0.0/s Avg=8.3/s) Done(0.000/s Avg=8.312/s)| Stream: 30.00fps 319.6Kbps
01-13 22:52:59.509  1723 26184 I StatsHandler: [avcD_833] Mem-usage:  [In-1D: 30 bufs 240.000 MB] [1D-1543: 33 bufs 0.516 MB] [2D-1544: 17 bufs 13.547 MB] | Total: 254.062 MB
01-13 22:52:59.793  2613  5585 I NSLocationMonitor: getGPSUsingApps() called
01-13 22:52:59.794  5587  5709 I NSLocationManager_FLP: getGPSUsingApps, No change
01-13 22:52:59.807  2613  5585 D FreecessHandler: freeze com.sec.android.app.shealth(10332) result : 39
01-13 22:52:59.851  1821  1843 E HeatmapThread: ECT Thread time in milliseconds: 1768362779
01-13 22:52:59.853  1821  1843 D HeatmapThread: !@ batteryplugType : 2
01-13 22:52:59.853  1821  1843 D HeatmapThread: !@ batteryLevel : 75  batteryTemperature : 317 
01-13 22:52:59.853  1821  1843 D HeatmapThread: !@ Heatmap currtime: 29472712
01-13 22:52:59.853  1821  1843 D HeatmapThread: !@ Heatmap prevtime: 29472700
01-13 22:52:59.853  1821  1843 D HeatmapThread: !@ Heatmap plugstarttime: 29472704
01-13 22:52:59.853  1821  1843 D HeatmapThread: !@ Heatmap prevv_dsoh_update_time: 29471816
01-13 22:52:59.854  1821  1843 E HeatmapThread: !@ CAM New BSOH: 100
01-13 22:52:59.872 30092 30092 I wpa_supplicant: Heartbeat 911
01-13 22:53:00.006  2613  2613 I EyeComfortSolutionService: action  :  android.intent.action.TIME_TICK
01-13 22:53:00.007  2613  3756 I EyeComfortSolutionService: Week : Tue , Hour : 22 , Minute : 53 , TimeValue : 1373 , wakeup state, defaultBedTime : 0 , start sleep : -360
01-13 22:53:00.007  2613  3756 I EyeComfortSolutionService: currentWakeupStep : 30
01-13 22:53:00.008  4373  5075 I DateTimeView: updateAll - getTimeFormat
01-13 22:53:00.009  4373  5075 D QSClockBellTower: onReceive(android.intent.action.TIME_TICK) mTimeZoneString:America/New_York
01-13 22:53:00.010  4373  4373 D ClockFaceEvents: onTimeTick. callers : com.android.keyguard.ClockEventController$keyguardUpdateMonitorCallback$1.refreshTime:19
01-13 22:53:00.010  4373  4373 D ClockFaceEvents: com.android.keyguard.ClockEventController$keyguardUpdateMonitorCallback$1.onTimeChanged:1
01-13 22:53:00.010  4373  4373 D ClockFaceEvents: com.android.keyguard.KeyguardUpdateMonitor$16.handleMessage:732
01-13 22:53:00.011  4373  4373 D ClockFaceEvents: onTimeTick. callers : com.android.keyguard.ClockEventController$keyguardUpdateMonitorCallback$1.refreshTime:38
01-13 22:53:00.011  4373  4373 D ClockFaceEvents: com.android.keyguard.ClockEventController$keyguardUpdateMonitorCallback$1.onTimeChanged:1
01-13 22:53:00.011  4373  4373 D ClockFaceEvents: com.android.keyguard.KeyguardUpdateMonitor$16.handleMessage:732
01-13 22:53:00.011  4373  4373 D FaceWidgetPagesController: onTimeChanged()
01-13 22:53:00.013  4373  4373 D QSClockBellTower: He is ready to ring the bell. (((QSClockBellSound - TimeText:10:53, TimeContentDescription:10:53 PM, DateText:Tue, January 13, ShortDateText:Tue, Jan 13, Demo:false)))
01-13 22:53:00.018  4373  4373 D QSClock : StatusBar clock=10:53 notifyTimeChanged(QSClockBellSound - TimeText:10:53, TimeContentDescription:10:53 PM, DateText:Tue, January 13, ShortDateText:Tue, Jan 13, Demo:false) clockVisibleByPolicy=true, clockVisibleByUser=true, visible=true, parent=android.widget.LinearLayout{c6914fb V.E...... ......ID 0,0-102,67 #7f0a069b app:id/left_clock_container} caller=com.android.systemui.statusbar.phone.fragment.CollapsedStatusBarFragment.animateShow:52 com.android.systemui.statusbar.phone.fragment.CollapsedStatusBarFragment.updateStatusBarVisibilitiesInner:230 com.android.systemui.statusbar.phone.fragment.CollapsedStatusBarFragment.updateStatusBarVisibilities:65 com.android.systemui.statusbar.phone.ongoingactivity.OngoingActivityController.updateParentViewVisibility:99 com.android.systemui.statusbar.phone.ongoingactivity.OngoingActivityController$configurationListener$1.onConfigChanged:26  
01-13 22:53:00.018  4373  4373 D QSClockBellTower: Everyone heard the bell. run(currentTime:1768362780012, getTime():Tue Jan 13 22:53:00 EST 2026, getTimeZone():libcore.util.ZoneInfo[mDstSavings=3600000,mUseDst=true,mDelegate=[id="America/New_York",mRawOffset=-18000000,mEarliestRawOffset=-17762000,transitions=360]])
01-13 22:53:00.031  4373  4373 W RefactorFlag: New code path expects SceneContainerFlag to be enabled.
01-13 22:53:00.164  4314 25850 I FusedLocation: (REDACTED) location delivery to %s blocked - too close
01-13 22:53:00.167  4373  4650 D AppOpsPrivacyItemMonitor: showLocationSystemApps  AppOpItem(Op code=1, UID=5013, AttributionTag=null, Package name=com.sec.location.nsflp2, Paused=false)
01-13 22:53:00.168  4314 25850 I FusedLocation: (REDACTED) location delivery to %s blocked - too fast
01-13 22:53:00.168  5587  5710 I GmsPassiveListener_FLP: onGmsLocationChanged, provider=fused / speed=0.0 / time=1768362780155 / elapsed=58447475999640
01-13 22:53:00.171  4314 25850 I FusedLocation: (REDACTED) location delivery to %s blocked - too fast
01-13 22:53:00.174  4314 25850 I FusedLocation: (REDACTED) location delivery to %s blocked - too close
01-13 22:53:00.177  2613  4714 D SLocation: PositionManager - Passive handleLocationChanged [F, A : 100.00, T : 1768362780155, ET : 58447475, h : 20/19]
01-13 22:53:00.178  2613  4714 D SLocation: PositionManager - receive fused location
01-13 22:53:00.179  2613  4714 W SLocation: GeopointGeofenceManger - refresh wifi to receive loc
01-13 22:53:00.180  2613  4363 D ActivityManager: Received BROADCAST intent 0x53f5f8b Key{broadcastIntent pkg=com.samsung.android.mcfds intent=act=com.samsung.android.ce.sensor.LocationProvider.INTENT_MOVE_CONTEXT_PASSIVE_LOCATION xflg=0x4 pkg=com.samsung.android.mcfds flags=0x2000000 u=0} requestCode=2024320 sent=0 from uid 1000
01-13 22:53:00.180 25021 25175 I Rubin   : [76] B5.e.onLocationChanged(Unknown Source) : Passive location updated
01-13 22:53:00.180  2613  4714 D SLocation: GeopointGeofenceManger - Location reported : fix method = 14 / 100.0
01-13 22:53:00.181 25021 25177 I Rubin   : [77] com.samsung.android.rubin.inferenceengine.contextanalytics.engine.loggers.LocationLogger.flush(Unknown Source) : flush
01-13 22:53:00.184  2613  4714 D SLocation: LastLocations - update latest location [F, A : 100.00, T : 1768362780155, ET : 58447475, h : 20/19]
01-13 22:53:00.185  2613  4714 D SLocation: ARDistanceLibManager - request distance diff to AR Distance Library
01-13 22:53:00.185  2613  4714 D SLocation: SLocationCoreSem - send to coreSem, packet length : 1 / [34]
01-13 22:53:00.185  2613  4714 D SemContextLocationCoreAttribute: setAttribute() mode : 0 action : 23
01-13 22:53:00.185  2613  4714 D SemContextService: lock : changeParameters
01-13 22:53:00.185  2613  4714 D SemContext.CaeProvider.LocationCoreImpl: setAttribute() mode : 0 action : 23
01-13 22:53:00.187  4373  4373 W RefactorFlag: New code path expects SceneContainerFlag to be enabled.
01-13 22:53:00.188  2613  4714 W CAE     : setCAProperty(ContextAwareService.java:509) - [setProperty 01] Mutex is locked for SLOCATION_RUNNER
01-13 22:53:00.188  2613  4714 I CAE     : setPropertyValue(SLocationRunner.java:116) - SLocationRunner setProperty header : 34, len : 1
01-13 22:53:00.189  2613  3709 D SensorService: setSContextDataLocked ints length 2 , byte length 4
01-13 22:53:00.189  2613  3709 D SensorService: setSContextDataLocked 223717c1
01-13 22:53:00.189  1679  1679 I sensors-hal: inject_sensor_data:407, handle 1502 send inject
01-13 22:53:00.189  1679  1679 I sensors-hal: sendContextData:290, sensor hal 4, (0xc1, 0x17, 0x37, 0x22)
01-13 22:53:00.189  4373  4373 D AiAgentEffect: onPrivacyItemsChanged privacyItems.size = 1
01-13 22:53:00.189  4373  4373 D AiAgentEffect: onPrivacyItemsChanged privacyItems isEmpty or found item is null
01-13 22:53:00.190  1679  1679 E sensors-hal: sendContextData:133, slocationcore h 193 m 23 s 55
01-13 22:53:00.190  1679  1679 I sensors-hal: sendUserData:119, slocationcore sendUserData
01-13 22:53:00.193  1679  1679 E sensors-hal: create_send_context_data:64, slocationcore create_send_context_data
01-13 22:53:00.193  1679  1679 I sensors-hal: send_context_data:694, slocationcore, 4986366670857974562, 1320970896291267344, msgid:700
01-13 22:53:00.194  5028  5208 I HoneySpace.StatusIconTracker: invokeEvent() called with: event = PrivacyInfo(visible=false)
01-13 22:53:00.194  1679  3707 I sensors-hal: qsh_conn_resp_cb:930, resp_value = 0 for slocationcore 
01-13 22:53:00.195  1679  3707 I sensors-hal: qsh_conn_event_cb:890, event[0] sensor:slocationcore  Wakeup, msg_id=1025, ts=1122291673457
01-13 22:53:00.195  1679  3707 E sensors-hal: handle_sns_client_event:78, slocationcore_event: msgid:1025
01-13 22:53:00.196  4373  4373 W View    : requestLayout() improperly called by com.android.systemui.qs.SecQSGradationDrawableView{ea1dade V.E...... ......ID 0,0-1080,332 #7f0a0a16 app:id/qs_gradation_view} during layout: running second layout pass
01-13 22:53:00.196  4373  4373 W View    : requestLayout() improperly called by android.widget.FrameLayout{14e04bf V.E...... ......I. 0,0-1080,2340 #2} during layout: running second layout pass
01-13 22:53:00.196  4373  4373 W View    : requestLayout() improperly called by android.widget.FrameLayout{e64678c V.E...... ......ID 0,152-1080,2205 #7f0a0a14 app:id/qs_frame} during layout: running second layout pass
01-13 22:53:00.196  1679  3707 I sensors-hal: qsh_conn_event_cb:890, event[0] sensor:slocationcore  Wakeup, msg_id=1025, ts=1122291673777
01-13 22:53:00.197  1679  3707 E sensors-hal: handle_sns_client_event:78, slocationcore_event: msgid:1025
01-13 22:53:00.197  1679  3707 I sensors-hal: qsh_conn_event_cb:890, event[0] sensor:slocationcore  Wakeup, msg_id=1025, ts=1122291674047
01-13 22:53:00.197  1679  3707 E sensors-hal: handle_sns_client_event:78, slocationcore_event: msgid:1025
01-13 22:53:00.197  4373  4373 W RefactorFlag: New code path expects SceneContainerFlag to be enabled.
01-13 22:53:00.198  2613  4714 W CAE     : setCAProperty(ContextAwareService.java:515) - [setProperty 02] Mutex is unlocked for SLOCATION_RUNNER
01-13 22:53:00.198  2613  4714 D SemContextService: unlock : changeParameters
01-13 22:53:00.198  2613  4714 D SemContextManager:   .changeParameters : listener = Z.i@422b069, service=SLocation Core
01-13 22:53:00.198  2613  4714 D SLocation: SLocationCoreSem - send to coreSem, packet length : 23 / [2, 25, 98, 209, 152, 212, 230, 202, 55, 0, 0, 0, 100, 2, 0, 0, 1, 155, 186, 162, 165, 251, 0]
01-13 22:53:00.198  2613  4714 D SemContextLocationCoreAttribute: setAttribute() mode : 0 action : 23
01-13 22:53:00.198  2613  4714 D SemContextService: lock : changeParameters
01-13 22:53:00.198  2613  4714 D SemContext.CaeProvider.LocationCoreImpl: setAttribute() mode : 0 action : 23
01-13 22:53:00.198  2613  4714 W CAE     : setCAProperty(ContextAwareService.java:509) - [setProperty 01] Mutex is locked for SLOCATION_RUNNER
01-13 22:53:00.198  2613  3705 D CAE     : onGetSensorHubData(SensorHubParserProvider.java:92) - onGetSensorHubData Event [event buffer len :36], AP_WAKEUP
01-13 22:53:00.198  2613  4714 I CAE     : setPropertyValue(SLocationRunner.java:116) - SLocationRunner setProperty header : 2, len : 23
01-13 22:53:00.198  2613  3705 I CAE     : parse(SensorHubParserProvider.java:188) - buffer size = 36
01-13 22:53:00.198  2613  3705 I CAE     : parse(SensorHubParserProvider.java:199) - 1, 1, 55, 0, 31, 5, 7, 2, 0, 0, 0, 0, 0, -45, 116, -48, 5, 1, 0, 0, 0, 100, 0, -45, 116, -48, 7, 2, 0, 0, 0, 10, 0, -45, -101, -32,
01-13 22:53:00.198  2613  3705 I CAE     : parse(SLocationRunner.java:88) - SLocationRunner parse start : 3
01-13 22:53:00.198  2613  3705 D CAE     : display(ContextProvider.java:375) - ================= SLOCATION_RUNNER =================
01-13 22:53:00.198  2613  3705 I CAE     : display(ContextProvider.java:391) - ExtraDataArray=[1, 1, 55, 0, 31, 5, 7, 2, 0, 0, 0, 0, 0, -45, 116, -48, 5, 1, 0, 0, 0, 100, 0, -45, 116, -48, 7, 2, 0, 0, 0, 10, 0, -45, -101, -32]
01-13 22:53:00.198  2613  3705 I CAE     : parse(SLocationRunner.java:96) - SLocationRunner parse end:36
01-13 22:53:00.199  2613  3705 D CAE     : onGetSensorHubData(SensorHubParserProvider.java:92) - onGetSensorHubData Event [event buffer len :38], AP_WAKEUP
01-13 22:53:00.199  2613  3705 I CAE     : parse(SensorHubParserProvider.java:188) - buffer size = 38
01-13 22:53:00.199  2613  3705 I CAE     : parse(SensorHubParserProvider.java:199) - 1, 1, 55, 0, 33, 33, 0, 0, 0, 0, 0, 0, 1, -101, -70, -128, 60, -56, 25, 98, -47, 96, -44, -26, -51, 64, 0, 0, 0, 5, 0, -45, 116, -48, 0, 0, 0, 0,
01-13 22:53:00.199  2613  3705 I CAE     : parse(SLocationRunner.java:88) - SLocationRunner parse start : 3
01-13 22:53:00.199  2613  3705 D CAE     : display(ContextProvider.java:375) - ================= SLOCATION_RUNNER =================
01-13 22:53:00.199  2613  3705 I CAE     : display(ContextProvider.java:391) - ExtraDataArray=[1, 1, 55, 0, 33, 33, 0, 0, 0, 0, 0, 0, 1, -101, -70, -128, 60, -56, 25, 98, -47, 96, -44, -26, -51, 64, 0, 0, 0, 5, 0, -45, 116, -48, 0, 0, 0, 0]
01-13 22:53:00.199  2613  3705 I CAE     : parse(SLocationRunner.java:96) - SLocationRunner parse end:38
01-13 22:53:00.199  2613  3705 D CAE     : onGetSensorHubData(SensorHubParserProvider.java:92) - onGetSensorHubData Event [event buffer len :10], AP_WAKEUP
01-13 22:53:00.199  2613  3705 I CAE     : parse(SensorHubParserProvider.java:188) - buffer size = 10
01-13 22:53:00.199  2613  3705 I CAE     : parse(SensorHubParserProvider.java:199) - 1, 1, 55, 0, 5, 2, 34, 0, 0, 0,
01-13 22:53:00.199  2613  3705 I CAE     : parse(SLocationRunner.java:88) - SLocationRunner parse start : 3
01-13 22:53:00.199  2613  3705 D CAE     : display(ContextProvider.java:375) - ================= SLOCATION_RUNNER =================
01-13 22:53:00.199  2613  3705 I CAE     : display(ContextProvider.java:391) - ExtraDataArray=[1, 1, 55, 0, 5, 2, 34, 0, 0, 0]
01-13 22:53:00.199  2613  3705 I CAE     : parse(SLocationRunner.java:96) - SLocationRunner parse end:10
01-13 22:53:00.200  2613  3709 D SensorService: setSContextDataLocked ints length 8 , byte length 26
01-13 22:53:00.200  2613  3709 D SensorService: setSContextDataLocked 23717c1
01-13 22:53:00.200  1679  1679 I sensors-hal: inject_sensor_data:407, handle 1502 send inject
01-13 22:53:00.200  1679  1679 I sensors-hal: sendContextData:290, sensor hal 26, (0xc1, 0x17, 0x37, 0x2)
01-13 22:53:00.200  1679  1679 E sensors-hal: sendContextData:133, slocationcore h 193 m 23 s 55
01-13 22:53:00.200  1679  1679 I sensors-hal: sendUserData:119, slocationcore sendUserData
01-13 22:53:00.200  1679  1679 E sensors-hal: create_send_context_data:64, slocationcore create_send_context_data
01-13 22:53:00.200  1679  1679 I sensors-hal: send_context_data:694, slocationcore, 4986366670857974562, 1320970896291267344, msgid:700
01-13 22:53:00.201  1679  3707 I sensors-hal: qsh_conn_resp_cb:930, resp_value = 0 for slocationcore 
01-13 22:53:00.201  1679  3707 I sensors-hal: qsh_conn_event_cb:890, event[0] sensor:slocationcore  Wakeup, msg_id=1025, ts=1122291799200
01-13 22:53:00.201  1679  3707 E sensors-hal: handle_sns_client_event:78, slocationcore_event: msgid:1025
01-13 22:53:00.202  2613  4679 D ActivityManager: Received SERVICE intent 0x1137c89 Key{startService pkg=com.google.android.gms/current_semantic_location intent=act=com.google.android.gms.semanticlocation.ACTION_LOCATION xflg=0x4 cmp=com.google.android.gms/.semanticlocation.service.SemanticLocationService flags=0x2000000 u=0} requestCode=0 from uid 10259
01-13 22:53:00.203  2613  4714 W CAE     : setCAProperty(ContextAwareService.java:515) - [setProperty 02] Mutex is unlocked for SLOCATION_RUNNER
01-13 22:53:00.203  2613  4714 D SemContextService: unlock : changeParameters
01-13 22:53:00.203  2613  4714 D SemContextManager:   .changeParameters : listener = Z.i@422b069, service=SLocation Core
01-13 22:53:00.203  2613  3702 D SemContextService: Service.updateContext() : service = SLocation Core
01-13 22:53:00.204  2613  3702 D SemContextService: Service.updateContext() : service = SLocation Core
01-13 22:53:00.204  2613  3702 D SemContextService: Service.updateContext() : service = SLocation Core
01-13 22:53:00.204  2613  2613 D SemContextManager: onSemContextChanged() : event = SLocation Core
01-13 22:53:00.204  2613  2613 D SLocation: SensorHubWrapper - SemContextChanged type = 47, packet received
01-13 22:53:00.204  2613  2613 D SemContextManager: onSemContextChanged() : event = SLocation Core
01-13 22:53:00.204  2613  2613 D SLocation: SensorHubWrapper - SemContextChanged type = 47, packet received
01-13 22:53:00.204  2613  2613 D SemContextManager: onSemContextChanged() : event = SLocation Core
01-13 22:53:00.204  2613  2613 D SLocation: SensorHubWrapper - SemContextChanged type = 47, packet received
01-13 22:53:00.205  2613  4714 D SLocation: ReceiverPair - ignore direction of location due to wifi, id = 44, reason = 400
01-13 22:53:00.205  2613  4714 D SLocation: ReceiverPair - ignore direction of location due to wifi, id = 46, reason = 400
01-13 22:53:00.205  2613  4714 D SLocation: ReceiverPair - ignore direction of location due to wifi, id = 58, reason = 400
01-13 22:53:00.205  2613  3705 D CAE     : onGetSensorHubData(SensorHubParserProvider.java:92) - onGetSensorHubData Event [event buffer len :10], AP_WAKEUP
01-13 22:53:00.205  2613  3705 I CAE     : parse(SensorHubParserProvider.java:188) - buffer size = 10
01-13 22:53:00.205  2613  3705 I CAE     : parse(SensorHubParserProvider.java:199) - 1, 1, 55, 0, 5, 2, 2, 0, 0, 0,
01-13 22:53:00.205  2613  3705 I CAE     : parse(SLocationRunner.java:88) - SLocationRunner parse start : 3
01-13 22:53:00.205  2613  3705 D CAE     : display(ContextProvider.java:375) - ================= SLOCATION_RUNNER =================
01-13 22:53:00.206  2613  3705 I CAE     : display(ContextProvider.java:391) - ExtraDataArray=[1, 1, 55, 0, 5, 2, 2, 0, 0, 0]
01-13 22:53:00.206  2613  3705 I CAE     : parse(SLocationRunner.java:96) - SLocationRunner parse end:10
01-13 22:53:00.206  2613  3702 D SemContextService: Service.updateContext() : service = SLocation Core
01-13 22:53:00.206  2613  2613 D SemContextManager: onSemContextChanged() : event = SLocation Core
01-13 22:53:00.206  2613  2613 D SLocation: SensorHubWrapper - SemContextChanged type = 47, packet received
01-13 22:53:00.207  2613  4714 D SLocation: GeopointLastLocation - last location still available 52 / 9223372036854775807
01-13 22:53:00.207  2613  4714 D SLocation: GeopointGeofenceObserver - location : [F, A : 100.00, T : 1768362780155, ET : 58447475, h : 20/19], radius : 17439
01-13 22:53:00.207  2613  4714 D SLocation: LocationProviderStatus - try to update provider status (GPS/NLP)
01-13 22:53:00.207  2613  4714 D SLocation: LocationProviderStatus - set isGpsOn : true, isNlpOn : true
01-13 22:53:00.207  2613  4714 D SLocation: LocationProviderStatus - gps & nlp status not changed
01-13 22:53:00.207  2613  4714 D SLocation: GeofenceCoreManager - received Extra Data from core, len : 31
01-13 22:53:00.207  2613  4714 D SLocation: CommonCoreManager - received Extra Data from core, len : 31
01-13 22:53:00.208  2613  4714 D SLocation: ARDistanceGetARDistance - convertSensorHubTimeToElapsedTime 56192321
01-13 22:53:00.208  2613  4714 D SLocation: GeofenceCoreManager - received Extra Data from core, len : 33
01-13 22:53:00.208  2613  4714 D SLocation: CommonCoreManager - received Extra Data from core, len : 33
01-13 22:53:00.208  2613  4714 D SLocation: ARDistanceLibManager - command callback received - CURRENT_LOCATION_REQUEST_DISTANCE ERROR CODE : ERROR_NONE
01-13 22:53:00.208  2613  4714 D SLocation: GeofenceCoreManager - received Extra Data from core, len : 5
01-13 22:53:00.208  2613  4714 D SLocation: GeofenceCoreManager - handleCommandCallback - UNKNOWN_CALLBACK 34 SUCCESS
01-13 22:53:00.208  2613  4714 D SLocation: CommonCoreManager - received Extra Data from core, len : 5
01-13 22:53:00.208  2613  4714 D SLocation: GeofenceCoreManager - geofence core command pending size : 2
01-13 22:53:00.208  2613  4714 D SLocation: GeofenceCoreRecovery - removeGeofenceInfo id = 15000
01-13 22:53:00.208  2613  4714 D SLocation: SLocationCoreSem - send to coreSem, packet length : 3 / [17, 58, 152]
01-13 22:53:00.208  2613  4714 D SemContextLocationCoreAttribute: setAttribute() mode : 0 action : 23
01-13 22:53:00.208  2613  4714 D SemContextService: lock : changeParameters
01-13 22:53:00.208  2613  4714 D SemContext.CaeProvider.LocationCoreImpl: setAttribute() mode : 0 action : 23
01-13 22:53:00.209  2613  4714 W CAE     : setCAProperty(ContextAwareService.java:509) - [setProperty 01] Mutex is locked for SLOCATION_RUNNER
01-13 22:53:00.209  2613  4714 I CAE     : setPropertyValue(SLocationRunner.java:116) - SLocationRunner setProperty header : 17, len : 3
01-13 22:53:00.209  2613  3709 D SensorService: setSContextDataLocked ints length 3 , byte length 6
01-13 22:53:00.209  2613  3709 D SensorService: setSContextDataLocked 113717c1
01-13 22:53:00.209  1679  1679 I sensors-hal: inject_sensor_data:407, handle 1502 send inject
01-13 22:53:00.209  1679  1679 I sensors-hal: sendContextData:290, sensor hal 6, (0xc1, 0x17, 0x37, 0x11)
01-13 22:53:00.209  1679  1679 E sensors-hal: sendContextData:133, slocationcore h 193 m 23 s 55
01-13 22:53:00.209  1679  1679 I sensors-hal: sendUserData:119, slocationcore sendUserData
01-13 22:53:00.209  1679  1679 E sensors-hal: create_send_context_data:64, slocationcore create_send_context_data
01-13 22:53:00.209  1679  1679 I sensors-hal: send_context_data:694, slocationcore, 4986366670857974562, 1320970896291267344, msgid:700
01-13 22:53:00.210  2613  4714 W CAE     : setCAProperty(ContextAwareService.java:515) - [setProperty 02] Mutex is unlocked for SLOCATION_RUNNER
01-13 22:53:00.210  2613  4714 D SemContextService: unlock : changeParameters
01-13 22:53:00.210  2613  4714 D SemContextManager:   .changeParameters : listener = Z.i@422b069, service=SLocation Core
01-13 22:53:00.210  2613  4714 D SLocation: GeofenceCoreManager - geofence core command pending size : 1
01-13 22:53:00.210  2613  4714 D SLocation: GeofenceCoreRecovery - storeGeofenceInfo 1 id = 15000, radius = 17439
01-13 22:53:00.210  2613  4714 D SLocation: SLocationCoreSem - send to coreSem, packet length : 16 / [16, 58, 152, 25, 98, 209, 152, 212, 230, 202, 55, 0, 0, 68, 31, 1]
01-13 22:53:00.210  2613  4714 D SemContextLocationCoreAttribute: setAttribute() mode : 0 action : 23
01-13 22:53:00.210  2613  4714 D SemContextService: lock : changeParameters
01-13 22:53:00.210  2613  4714 D SemContext.CaeProvider.LocationCoreImpl: setAttribute() mode : 0 action : 23
01-13 22:53:00.210  2613  4714 W CAE     : setCAProperty(ContextAwareService.java:509) - [setProperty 01] Mutex is locked for SLOCATION_RUNNER
01-13 22:53:00.210  2613  4714 I CAE     : setPropertyValue(SLocationRunner.java:116) - SLocationRunner setProperty header : 16, len : 16
01-13 22:53:00.210  2613  3709 D SensorService: setSContextDataLocked ints length 6 , byte length 19
01-13 22:53:00.210  1679  3707 I sensors-hal: qsh_conn_resp_cb:930, resp_value = 0 for slocationcore 
01-13 22:53:00.210  1679  3707 I sensors-hal: qsh_conn_event_cb:890, event[0] sensor:slocationcore  Wakeup, msg_id=1025, ts=1122291983370
01-13 22:53:00.210  2613  3709 D SensorService: setSContextDataLocked 103717c1
01-13 22:53:00.210  1679  3707 E sensors-hal: handle_sns_client_event:78, slocationcore_event: msgid:1025
01-13 22:53:00.210  1679  1679 I sensors-hal: inject_sensor_data:407, handle 1502 send inject
01-13 22:53:00.210  1679  1679 I sensors-hal: sendContextData:290, sensor hal 19, (0xc1, 0x17, 0x37, 0x10)
01-13 22:53:00.210  1679  1679 E sensors-hal: sendContextData:133, slocationcore h 193 m 23 s 55
01-13 22:53:00.210  1679  1679 I sensors-hal: sendUserData:119, slocationcore sendUserData
01-13 22:53:00.211  1679  1679 E sensors-hal: create_send_context_data:64, slocationcore create_send_context_data
01-13 22:53:00.211  1679  1679 I sensors-hal: send_context_data:694, slocationcore, 4986366670857974562, 1320970896291267344, msgid:700
01-13 22:53:00.211  4373  4650 D AppOpsPrivacyItemMonitor: showLocationSystemApps  AppOpItem(Op code=1, UID=5013, AttributionTag=null, Package name=com.sec.location.nsflp2, Paused=false)false)
01-13 22:53:00.211  4373  4650 D AppOpsPrivacyItemMonitor: showLocationSystemApps  AppOpItem(Op code=1, UID=10109, AttributionTag=null, Package name=com.samsung.android.rubin.app, Paused=false)
01-13 22:53:00.211  4373  4650 D AppOpsPrivacyItemMonitor: showLocationSystemApps  AppOpItem(Op code=1, UID=1000, AttributionTag=SLocationService, Package name=android, Paused=false)
01-13 22:53:00.211  4373  4650 D AppOpsPrivacyItemMonitor: showLocationSystemApps  AppOpItem(Op code=1, UID=10597, AttributionTag=null, Package name=com.doordash.driverapp, Paused=false)
01-13 22:53:00.211  4373  4650 D AppOpsPrivacyItemMonitor: showLocationSystemApps  AppOpItem(Op code=1, UID=10095, AttributionTag=SensorContextProvider, Package name=com.samsung.android.mcfds, Paused=false)
01-13 22:53:00.211  4373  4650 D AppOpsPrivacyItemMonitor: showLocationSystemApps  AppOpItem(Op code=1, UID=5013, AttributionTag=null, Package name=com.sec.location.nsflp2, Paused=false)false)false)
01-13 22:53:00.211  4373  4650 D AppOpsPrivacyItemMonitor: showLocationSystemApps  AppOpItem(Op code=1, UID=10109, AttributionTag=null, Package name=com.samsung.android.rubin.app, Paused=false)false)
01-13 22:53:00.211  2613  4714 W CAE     : setCAProperty(ContextAwareService.java:515) - [setProperty 02] Mutex is unlocked for SLOCATION_RUNNER
01-13 22:53:00.211  4373  4650 D AppOpsPrivacyItemMonitor: showLocationSystemApps  AppOpItem(Op code=1, UID=1000, AttributionTag=SLocationService, Package name=android, Paused=false)false)
01-13 22:53:00.211  4373  4650 D AppOpsPrivacyItemMonitor: showLocationSystemApps  AppOpItem(Op code=1, UID=10597, AttributionTag=null, Package name=com.doordash.driverapp, Paused=false)false)
01-13 22:53:00.211  2613  4714 D SemContextService: unlock : changeParameters
01-13 22:53:00.211  4373  4650 D AppOpsPrivacyItemMonitor: showLocationSystemApps  AppOpItem(Op code=1, UID=10095, AttributionTag=SensorContextProvider, Package name=com.samsung.android.mcfds, Paused=false)false)
01-13 22:53:00.211  2613  4714 D SemContextManager:   .changeParameters : listener = Z.i@422b069, service=SLocation Core
01-13 22:53:00.211  4373  4650 D AppOpsPrivacyItemMonitor: showLocationSystemApps  AppOpItem(Op code=1, UID=5013, AttributionTag=null, Package name=com.sec.location.nsflp2, Paused=false)false)false)false)
01-13 22:53:00.211  4373  4650 D AppOpsPrivacyItemMonitor: showLocationSystemApps  AppOpItem(Op code=1, UID=10109, AttributionTag=null, Package name=com.samsung.android.rubin.app, Paused=false)false)false)
01-13 22:53:00.211  2613  4714 D SLocation: GeofenceCoreManager - received Extra Data from core, len : 5
01-13 22:53:00.211  4373  4650 D AppOpsPrivacyItemMonitor: showLocationSystemApps  AppOpItem(Op code=1, UID=1000, AttributionTag=SLocationService, Package name=android, Paused=false)false)false)
01-13 22:53:00.211  4373  4650 D AppOpsPrivacyItemMonitor: showLocationSystemApps  AppOpItem(Op code=1, UID=10597, AttributionTag=null, Package name=com.doordash.driverapp, Paused=false)false)false)
01-13 22:53:00.211  2613  4714 D SLocation: GeofenceCoreManager - handleCommandCallback - UNKNOWN_CALLBACK 2 SUCCESS
01-13 22:53:00.211  4373  4650 D AppOpsPrivacyItemMonitor: showLocationSystemApps  AppOpItem(Op code=1, UID=10095, AttributionTag=SensorContextProvider, Package name=com.samsung.android.mcfds, Paused=false)false)false)
01-13 22:53:00.211  2613  4714 D SLocation: CommonCoreManager - received Extra Data from core, len : 5
01-13 22:53:00.211  2613  4714 D SLocation: CommonCoreManager - handleCommandCallback - FUNC_TYPE : SET_LOCATION  ERROR_CODE : ERROR_NONE
01-13 22:53:00.211  4373  4650 D AppOpsPrivacyItemMonitor: showLocationSystemApps  AppOpItem(Op code=1, UID=5013, AttributionTag=null, Package name=com.sec.location.nsflp2, Paused=false)false)false)false)false)
01-13 22:53:00.211  4373  4650 D AppOpsPrivacyItemMonitor: showLocationSystemApps  AppOpItem(Op code=1, UID=10109, AttributionTag=null, Package name=com.samsung.android.rubin.app, Paused=false)false)false)false)
01-13 22:53:00.211  4373  4650 D AppOpsPrivacyItemMonitor: showLocationSystemApps  AppOpItem(Op code=1, UID=1000, AttributionTag=SLocationService, Package name=android, Paused=false)false)false)false)
01-13 22:53:00.211  4373  4650 D AppOpsPrivacyItemMonitor: showLocationSystemApps  AppOpItem(Op code=1, UID=10597, AttributionTag=null, Package name=com.doordash.driverapp, Paused=false)false)false)false)
