01-18 15:45:04.275 V/WindowManager( 2561):     startWCT=WindowContainerTransaction { changes= {} hops= [] errorCallbackToken=null taskFragmentOrganizer=null }
01-18 15:45:05.490 V/WindowManager( 2561):     startWCT=WindowContainerTransaction { changes= {} hops= [] errorCallbackToken=null taskFragmentOrganizer=null }
01-18 15:45:05.884 V/WindowManager( 2561):     startWCT=WindowContainerTransaction { changes= {} hops= [] errorCallbackToken=null taskFragmentOrganizer=null }
01-18 15:45:08.544 I/JobScheduler( 2561): maybeQueueReadyJobsForExecutionLocked: [BatchNetworkJob] 3 batched network jobs meet requirement for 107
01-18 15:45:09.368 W/ActivityManager( 2561): pid 2561 system sent binder code 27 with flags 1 to frozen apps and got error -32
01-18 15:45:09.383 W/ActivityManager( 2561): pid 2561 system sent binder code 27 with flags 1 to frozen apps and got error -32
01-18 15:45:09.383 D/ActivityManager( 2561): Too many transaction errors, throttling freezer binder callback.
01-18 15:49:28.524 V/WindowManagerShell( 4166): Directly starting a new transition type=TO_FRONT wct=WindowContainerTransaction { changes= {} hops= [{pendingIntent: options=Bundle[{android.activity.splashScreenStyle=-1, android.activity.sourceInfo=Supplier{VAL_PARCELABLE@148+104}, android:activity.isMlLaunch=-1, android.activity.splitTaskDeferResume=false, android.pendingIntent.backgroundActivityAllowed=1, android:activity.isActiveLaunch=false, android.activity.launchTypeDnD=false, android:activity.startedFromWindowTypeLauncher=false, android.activity.launchDisplayId=0, android:activity.unhandledDropLaunch=false, android:activity.launchInFocusedStageRoot=false, android:activity.animAbortListener=null, android.activity.disableSplashScreen=false, android.activity.startAssistantActivity=false, android.activity.applySystemModalPolicy=false, android:activity.applyBigFreeformSize=false, android:activity.activityEmbeddedPlaceholder=false, android.activity.enterPipWhileLaunching=false, android.activity.splitPosition=0, android.activity.preserveTaskWindowingMode=false, android:activity.enterSplitSideWithAdjacentFlag=0, android.activity.transientLaunch=true}]}] errorCallbackToken=null taskFragmentOrganizer=null } handler=com.android.wm.shell.recents.RecentsTransitionHandler@e925a0
01-18 15:49:28.716 V/WindowManager( 2561):     startWCT=WindowContainerTransaction { changes= {} hops= [{pendingIntent: options=Bundle[{android.activity.splashScreenStyle=-1, android.activity.sourceInfo=android.app.ActivityOptions$SourceInfo@8378b7d, android:activity.isMlLaunch=-1, android.activity.splitTaskDeferResume=false, android.pendingIntent.backgroundActivityAllowed=1, android:activity.isActiveLaunch=false, android.activity.launchTypeDnD=false, android:activity.startedFromWindowTypeLauncher=false, android.activity.launchDisplayId=0, android:activity.unhandledDropLaunch=false, android:activity.launchInFocusedStageRoot=false, android:activity.animAbortListener=null, android.activity.disableSplashScreen=false, android.activity.startAssistantActivity=false, android.activity.applySystemModalPolicy=false, android:activity.applyBigFreeformSize=false, android:activity.activityEmbeddedPlaceholder=false, android.activity.enterPipWhileLaunching=false, android.activity.splitPosition=0, android.activity.preserveTaskWindowingMode=false, android:activity.enterSplitSideWithAdjacentFlag=0, android.activity.transientLaunch=true}]}] errorCallbackToken=null taskFragmentOrganizer=null }
01-18 15:49:30.489 V/WindowManager( 2561):     startWCT=WindowContainerTransaction { changes= {} hops= [] errorCallbackToken=null taskFragmentOrganizer=null }
01-18 15:49:30.672 V/WindowManager( 2561):     startWCT=WindowContainerTransaction { changes= {} hops= [] errorCallbackToken=null taskFragmentOrganizer=null }
01-18 15:49:32.570 E/NotifHistoryProto( 2561): Error writing notification icon -
01-18 15:49:32.570 E/NotifHistoryProto( 2561): java.lang.NullPointerException: Attempt to invoke virtual method 'int android.graphics.drawable.Icon.getType()' on a null object reference
01-18 15:49:32.570 E/NotifHistoryProto( 2561): Error writing notification icon -
01-18 15:49:32.570 E/NotifHistoryProto( 2561): java.lang.NullPointerException: Attempt to invoke virtual method 'int android.graphics.drawable.Icon.getType()' on a null object reference
01-18 15:49:32.572 V/WindowManager( 2561):     startWCT=WindowContainerTransaction { changes= {} hops= [] errorCallbackToken=null taskFragmentOrganizer=null }
01-18 15:49:32.920 V/WindowManager( 2561):     startWCT=WindowContainerTransaction { changes= {} hops= [] errorCallbackToken=null taskFragmentOrganizer=null }
01-18 15:49:34.863 V/BiometricService/AuthSession( 2561): Dismissed! Modality: 5, User: 0, IsCrypto: false, Action: 2, Client: 2, Reason: 4, Error: 0, Latency: 1305, SessionId: 231429
01-18 15:49:34.876 D/UsbManager(25039): java.lang.Exception: who's calling?
01-18 15:49:34.937 E/AdbDebuggingManager( 2561): Caught an exception opening the socket: java.io.IOException: Connection refused
01-18 15:49:35.955 V/WindowManager( 2561):     startWCT=WindowContainerTransaction { changes= {} hops= [] errorCallbackToken=null taskFragmentOrganizer=null }
01-18 15:49:58.309 V/WindowManager( 2561):     startWCT=WindowContainerTransaction { changes= {} hops= [] errorCallbackToken=null taskFragmentOrganizer=null }
01-18 15:49:58.694 V/WindowManager( 2561):     startWCT=WindowContainerTransaction { changes= {} hops= [] errorCallbackToken=null taskFragmentOrganizer=null }
01-18 15:53:28.508 V/WindowManager( 2561):     startWCT=WindowContainerTransaction { changes= {} hops= [] errorCallbackToken=null taskFragmentOrganizer=null }
01-18 15:53:28.724 V/WindowManager( 2561):     startWCT=WindowContainerTransaction { changes= {} hops= [] errorCallbackToken=null taskFragmentOrganizer=null }
01-18 15:54:08.019 V/WindowManager( 2561):     startWCT=WindowContainerTransaction { changes= {} hops= [] errorCallbackToken=null taskFragmentOrganizer=null }
01-18 15:54:09.311 V/WindowManager( 2561):     startWCT=WindowContainerTransaction { changes= {} hops= [] errorCallbackToken=null taskFragmentOrganizer=null }
01-18 15:58:04.439 V/WindowManager( 2561):     startWCT=WindowContainerTransaction { changes= {} hops= [] errorCallbackToken=null taskFragmentOrganizer=null }
01-18 15:58:04.472 E/LoadedApk( 4493): Exception : java.lang.NullPointerException: Attempt to invoke virtual method 'boolean android.os.Looper.isPerfLogEnable()' on a null object reference
01-18 15:58:04.516 E/LoadedApk( 4493): Exception : java.lang.NullPointerException: Attempt to invoke virtual method 'boolean android.os.Looper.isPerfLogEnable()' on a null object reference
01-18 15:58:04.517 E/LoadedApk( 4493): Exception : java.lang.NullPointerException: Attempt to invoke virtual method 'boolean android.os.Looper.isPerfLogEnable()' on a null object reference
01-18 15:58:29.850 V/WindowManager( 2561):     startWCT=WindowContainerTransaction { changes= {} hops= [] errorCallbackToken=null taskFragmentOrganizer=null }
01-18 15:58:29.878 E/LoadedApk( 4493): Exception : java.lang.NullPointerException: Attempt to invoke virtual method 'boolean android.os.Looper.isPerfLogEnable()' on a null object reference
01-18 15:58:29.911 E/LoadedApk( 4493): Exception : java.lang.NullPointerException: Attempt to invoke virtual method 'boolean android.os.Looper.isPerfLogEnable()' on a null object reference
01-18 15:58:29.912 E/LoadedApk( 4493): Exception : java.lang.NullPointerException: Attempt to invoke virtual method 'boolean android.os.Looper.isPerfLogEnable()' on a null object reference
01-18 15:58:30.366 E/keystore2( 1264): system/security/keystore2/src/error.rs:183 - system/security/keystore2/src/security_level.rs:343
01-18 15:58:30.366 E/keystore2( 1264):     1: Error::Km(r#KEY_USER_NOT_AUTHENTICATED)
01-18 15:58:30.790 V/WindowManager( 2561):     startWCT=WindowContainerTransaction { changes= {} hops= [] errorCallbackToken=null taskFragmentOrganizer=null }
01-18 15:58:45.345 W/ActivityManager( 2561): pid 4493 com.google.android.gms.persistent sent binder code 2 with flags 1 to frozen apps and got error -32
01-18 15:58:45.358 D/ActivityThread( 4493): Too many transaction errors, throttling freezer binder callback.
01-18 15:58:45.358 D/ActivityThread( 4493): Too many transaction errors, throttling freezer binder callback.
01-18 15:58:45.358 D/ActivityThread( 4493): Too many transaction errors, throttling freezer binder callback.
01-18 15:58:45.358 D/ActivityThread( 4493): Too many transaction errors, throttling freezer binder callback.
01-18 15:58:45.358 D/ActivityThread( 4493): Too many transaction errors, throttling freezer binder callback.
01-18 15:58:45.358 D/ActivityThread( 4493): Too many transaction errors, throttling freezer binder callback.
01-18 15:58:45.363 D/ActivityThread( 4493): Too many transaction errors, throttling freezer binder callback.
01-18 15:58:45.363 D/ActivityThread( 4493): Too many transaction errors, throttling freezer binder callback.
01-18 15:58:45.874 V/WindowManager( 2561):     startWCT=WindowContainerTransaction { changes= {} hops= [] errorCallbackToken=null taskFragmentOrganizer=null }
01-18 15:58:52.110 V/WindowManager( 2561):     startWCT=WindowContainerTransaction { changes= {} hops= [] errorCallbackToken=null taskFragmentOrganizer=null }
01-18 15:59:19.936 W/ActivityManager( 2561): pid 10040 com.samsung.android.lool sent binder code 23 with flags 0 to frozen apps and got error -2147483646
01-18 16:00:06.022 V/WindowManager( 2561):     startWCT=WindowContainerTransaction { changes= {} hops= [] errorCallbackToken=null taskFragmentOrganizer=null }
01-18 16:00:06.309 V/WindowManager( 2561):     startWCT=WindowContainerTransaction { changes= {} hops= [] errorCallbackToken=null taskFragmentOrganizer=null }
01-18 16:00:58.748 E/ContentProviderHelper( 2561): java.lang.IllegalStateException: Unable to check Uri permission because caller is holding WM lock; assuming permission denied
01-18 16:00:58.748 E/ContentProviderHelper( 2561): java.lang.IllegalStateException: Unable to check Uri permission because caller is holding WM lock; assuming permission denied
01-18 16:00:58.814 E/ContentProviderHelper( 2561): java.lang.IllegalStateException: Unable to check Uri permission because caller is holding WM lock; assuming permission denied
01-18 16:00:58.814 E/ContentProviderHelper( 2561): java.lang.IllegalStateException: Unable to check Uri permission because caller is holding WM lock; assuming permission denied
01-18 16:00:58.904 V/WindowManager( 2561):     startWCT=WindowContainerTransaction { changes= {} hops= [] errorCallbackToken=null taskFragmentOrganizer=null }
01-18 16:00:59.304 V/WindowManager( 2561):     startWCT=WindowContainerTransaction { changes= {} hops= [] errorCallbackToken=null taskFragmentOrganizer=null }
01-18 16:01:00.074 V/WindowManager( 2561):     startWCT=WindowContainerTransaction { changes= {} hops= [] errorCallbackToken=null taskFragmentOrganizer=null }
01-18 16:01:01.102 E/LoadedApk( 4493): Exception : java.lang.NullPointerException: Attempt to invoke virtual method 'boolean android.os.Looper.isPerfLogEnable()' on a null object reference
01-18 16:01:01.132 E/LoadedApk( 4493): Exception : java.lang.NullPointerException: Attempt to invoke virtual method 'boolean android.os.Looper.isPerfLogEnable()' on a null object reference
01-18 16:01:01.419 V/WindowManager( 2561):     startWCT=WindowContainerTransaction { changes= {} hops= [] errorCallbackToken=null taskFragmentOrganizer=null }
01-18 16:01:05.498 V/WindowManager( 2561):     startWCT=WindowContainerTransaction { changes= {} hops= [] errorCallbackToken=null taskFragmentOrganizer=null }
01-18 16:01:05.808 V/WindowManager( 2561):     startWCT=WindowContainerTransaction { changes= {} hops= [] errorCallbackToken=null taskFragmentOrganizer=null }
01-18 16:02:21.650 E/LoadedApk( 4493): Exception : java.lang.NullPointerException: Attempt to invoke virtual method 'boolean android.os.Looper.isPerfLogEnable()' on a null object reference
01-18 16:02:21.654 E/LoadedApk( 5448): Exception : java.lang.NullPointerException: Attempt to invoke virtual method 'boolean android.os.Looper.isPerfLogEnable()' on a null object reference
01-18 16:02:21.657 E/LoadedApk( 4493): Exception : java.lang.NullPointerException: Attempt to invoke virtual method 'boolean android.os.Looper.isPerfLogEnable()' on a null object reference
01-18 16:04:23.282 V/WindowManager( 2561):     startWCT=WindowContainerTransaction { changes= {} hops= [] errorCallbackToken=null taskFragmentOrganizer=null }
01-18 16:04:23.505 V/WindowManager( 2561):     startWCT=WindowContainerTransaction { changes= {} hops= [] errorCallbackToken=null taskFragmentOrganizer=null }
01-18 16:04:26.021 V/WindowManager( 2561):     startWCT=WindowContainerTransaction { changes= {} hops= [] errorCallbackToken=null taskFragmentOrganizer=null }
01-18 16:04:26.458 E/keystore2( 1264): system/security/keystore2/src/error.rs:185 - Rc(r#KEY_NOT_FOUND), "system/security/keystore2/src/service.rs:178: In get_key_entry, while trying to load key info. 10259, Some(\"unstable.c7202ece89390c490b1b94d5b71225e1.B-4939908531167379170\")"
01-18 16:04:26.459 E/keystore2( 1264): system/security/keystore2/src/error.rs:185 - Rc(r#KEY_NOT_FOUND), "system/security/keystore2/src/service.rs:178: In get_key_entry, while trying to load key info. 10259, Some(\"unstable.c7202ece89390c490b1b94d5b71225e1.A-4939908531167379170\")"
01-18 16:04:26.557 E/keystore2( 1264): system/security/keystore2/src/error.rs:185 - Rc(r#KEY_NOT_FOUND), "system/security/keystore2/src/service.rs:401: In delete_key: Trying to unbind the key. 10259, Some(\"unstable.c7202ece89390c490b1b94d5b71225e1.B-4939908531167379170\")"
01-18 16:04:27.249 E/keystore2( 1264): system/security/keystore2/src/error.rs:185 - Rc(r#KEY_NOT_FOUND), "system/security/keystore2/src/service.rs:178: In get_key_entry, while trying to load key info. 10259, Some(\"unstable.c7202ece89390c490b1b94d5b71225e1.B2601903065467953752\")"
01-18 16:04:27.249 E/keystore2( 1264): system/security/keystore2/src/error.rs:185 - Rc(r#KEY_NOT_FOUND), "system/security/keystore2/src/service.rs:178: In get_key_entry, while trying to load key info. 10259, Some(\"unstable.c7202ece89390c490b1b94d5b71225e1.A2601903065467953752\")"
01-18 16:04:27.335 E/keystore2( 1264): system/security/keystore2/src/error.rs:185 - Rc(r#KEY_NOT_FOUND), "system/security/keystore2/src/service.rs:401: In delete_key: Trying to unbind the key. 10259, Some(\"unstable.c7202ece89390c490b1b94d5b71225e1.B2601903065467953752\")"
01-18 16:04:27.652 E/keystore2( 1264): system/security/keystore2/src/error.rs:185 - Rc(r#KEY_NOT_FOUND), "system/security/keystore2/src/service.rs:178: In get_key_entry, while trying to load key info. 10259, Some(\"unstable.c7202ece89390c490b1b94d5b71225e1.B8345926507011285052\")"
01-18 16:04:27.653 E/keystore2( 1264): system/security/keystore2/src/error.rs:185 - Rc(r#KEY_NOT_FOUND), "system/security/keystore2/src/service.rs:178: In get_key_entry, while trying to load key info. 10259, Some(\"unstable.c7202ece89390c490b1b94d5b71225e1.A8345926507011285052\")"
01-18 16:04:27.748 E/keystore2( 1264): system/security/keystore2/src/error.rs:185 - Rc(r#KEY_NOT_FOUND), "system/security/keystore2/src/service.rs:401: In delete_key: Trying to unbind the key. 10259, Some(\"unstable.c7202ece89390c490b1b94d5b71225e1.B8345926507011285052\")"
01-18 16:04:28.101 E/keystore2( 1264): system/security/keystore2/src/error.rs:185 - Rc(r#KEY_NOT_FOUND), "system/security/keystore2/src/service.rs:178: In get_key_entry, while trying to load key info. 10259, Some(\"unstable.c7202ece89390c490b1b94d5b71225e1.B4280079394672082016\")"
01-18 16:04:28.102 E/keystore2( 1264): system/security/keystore2/src/error.rs:185 - Rc(r#KEY_NOT_FOUND), "system/security/keystore2/src/service.rs:178: In get_key_entry, while trying to load key info. 10259, Some(\"unstable.c7202ece89390c490b1b94d5b71225e1.A4280079394672082016\")"
01-18 16:04:28.184 E/keystore2( 1264): system/security/keystore2/src/error.rs:185 - Rc(r#KEY_NOT_FOUND), "system/security/keystore2/src/service.rs:401: In delete_key: Trying to unbind the key. 10259, Some(\"unstable.c7202ece89390c490b1b94d5b71225e1.B4280079394672082016\")"
01-18 16:04:28.962 E/keystore2( 1264): system/security/keystore2/src/error.rs:185 - Rc(r#KEY_NOT_FOUND), "system/security/keystore2/src/service.rs:178: In get_key_entry, while trying to load key info. 10259, Some(\"unstable.c7202ece89390c490b1b94d5b71225e1.B6468029785087058448\")"
01-18 16:04:28.962 E/keystore2( 1264): system/security/keystore2/src/error.rs:185 - Rc(r#KEY_NOT_FOUND), "system/security/keystore2/src/service.rs:178: In get_key_entry, while trying to load key info. 10259, Some(\"unstable.c7202ece89390c490b1b94d5b71225e1.A6468029785087058448\")"
01-18 16:04:29.056 E/keystore2( 1264): system/security/keystore2/src/error.rs:185 - Rc(r#KEY_NOT_FOUND), "system/security/keystore2/src/service.rs:401: In delete_key: Trying to unbind the key. 10259, Some(\"unstable.c7202ece89390c490b1b94d5b71225e1.B6468029785087058448\")"
01-18 16:04:29.424 E/keystore2( 1264): system/security/keystore2/src/error.rs:185 - Rc(r#KEY_NOT_FOUND), "system/security/keystore2/src/service.rs:178: In get_key_entry, while trying to load key info. 10259, Some(\"unstable.c7202ece89390c490b1b94d5b71225e1.B566983216394115362\")"
01-18 16:04:29.424 E/keystore2( 1264): system/security/keystore2/src/error.rs:185 - Rc(r#KEY_NOT_FOUND), "system/security/keystore2/src/service.rs:178: In get_key_entry, while trying to load key info. 10259, Some(\"unstable.c7202ece89390c490b1b94d5b71225e1.A566983216394115362\")"
01-18 16:04:29.525 E/keystore2( 1264): system/security/keystore2/src/error.rs:185 - Rc(r#KEY_NOT_FOUND), "system/security/keystore2/src/service.rs:401: In delete_key: Trying to unbind the key. 10259, Some(\"unstable.c7202ece89390c490b1b94d5b71225e1.B566983216394115362\")"
01-18 16:04:30.346 E/keystore2( 1264): system/security/keystore2/src/error.rs:185 - Rc(r#KEY_NOT_FOUND), "system/security/keystore2/src/service.rs:178: In get_key_entry, while trying to load key info. 10259, Some(\"unstable.c7202ece89390c490b1b94d5b71225e1.B-2717454697185040728\")"
01-18 16:04:30.346 E/keystore2( 1264): system/security/keystore2/src/error.rs:185 - Rc(r#KEY_NOT_FOUND), "system/security/keystore2/src/service.rs:178: In get_key_entry, while trying to load key info. 10259, Some(\"unstable.c7202ece89390c490b1b94d5b71225e1.A-2717454697185040728\")"
01-18 16:04:30.446 E/keystore2( 1264): system/security/keystore2/src/error.rs:185 - Rc(r#KEY_NOT_FOUND), "system/security/keystore2/src/service.rs:401: In delete_key: Trying to unbind the key. 10259, Some(\"unstable.c7202ece89390c490b1b94d5b71225e1.B-2717454697185040728\")"
01-18 16:04:30.822 E/keystore2( 1264): system/security/keystore2/src/error.rs:185 - Rc(r#KEY_NOT_FOUND), "system/security/keystore2/src/service.rs:178: In get_key_entry, while trying to load key info. 10259, Some(\"unstable.c7202ece89390c490b1b94d5b71225e1.B4072583937224444575\")"
01-18 16:04:30.823 E/keystore2( 1264): system/security/keystore2/src/error.rs:185 - Rc(r#KEY_NOT_FOUND), "system/security/keystore2/src/service.rs:178: In get_key_entry, while trying to load key info. 10259, Some(\"unstable.c7202ece89390c490b1b94d5b71225e1.A4072583937224444575\")"
01-18 16:04:30.927 E/keystore2( 1264): system/security/keystore2/src/error.rs:185 - Rc(r#KEY_NOT_FOUND), "system/security/keystore2/src/service.rs:401: In delete_key: Trying to unbind the key. 10259, Some(\"unstable.c7202ece89390c490b1b94d5b71225e1.B4072583937224444575\")"
01-18 16:04:48.050 V/WindowManager( 2561):     startWCT=WindowContainerTransaction { changes= {} hops= [] errorCallbackToken=null taskFragmentOrganizer=null }
01-18 16:05:41.382 V/WindowManager( 2561):     startWCT=WindowContainerTransaction { changes= {} hops= [] errorCallbackToken=null taskFragmentOrganizer=null }
01-18 16:05:43.139 V/WindowManager( 2561):     startWCT=WindowContainerTransaction { changes= {} hops= [] errorCallbackToken=null taskFragmentOrganizer=null }
01-18 16:05:44.632 V/WindowManager( 2561):     startWCT=WindowContainerTransaction { changes= {} hops= [] errorCallbackToken=null taskFragmentOrganizer=null }
01-18 16:05:44.710 E/LoadedApk( 4493): Exception : java.lang.NullPointerException: Attempt to invoke virtual method 'boolean android.os.Looper.isPerfLogEnable()' on a null object reference
01-18 16:05:44.782 E/LoadedApk( 4493): Exception : java.lang.NullPointerException: Attempt to invoke virtual method 'boolean android.os.Looper.isPerfLogEnable()' on a null object reference
01-18 16:05:44.791 E/LoadedApk( 4493): Exception : java.lang.NullPointerException: Attempt to invoke virtual method 'boolean android.os.Looper.isPerfLogEnable()' on a null object reference
01-18 16:11:21.144 V/WindowManager( 2561):     startWCT=WindowContainerTransaction { changes= {} hops= [] errorCallbackToken=null taskFragmentOrganizer=null }
01-18 16:11:21.192 E/LoadedApk( 4493): Exception : java.lang.NullPointerException: Attempt to invoke virtual method 'boolean android.os.Looper.isPerfLogEnable()' on a null object reference
01-18 16:11:21.216 E/LoadedApk( 4493): Exception : java.lang.NullPointerException: Attempt to invoke virtual method 'boolean android.os.Looper.isPerfLogEnable()' on a null object reference
01-18 16:11:21.225 E/LoadedApk( 4493): Exception : java.lang.NullPointerException: Attempt to invoke virtual method 'boolean android.os.Looper.isPerfLogEnable()' on a null object reference
01-18 16:11:21.642 E/keystore2( 1264): system/security/keystore2/src/error.rs:183 - system/security/keystore2/src/security_level.rs:343
01-18 16:11:21.642 E/keystore2( 1264):     1: Error::Km(r#KEY_USER_NOT_AUTHENTICATED)
01-18 16:11:22.727 V/WindowManager( 2561):     startWCT=WindowContainerTransaction { changes= {} hops= [] errorCallbackToken=null taskFragmentOrganizer=null }
01-18 16:11:48.676 I/MetricsTransmissionManager( 7692): transmitKPIMetricBatch started
01-18 16:11:48.685 I/MetricsTransporter( 7692): minerva upload url:https://d7ae3d206ce5366b0f0105dc74e8b013274baf9c15fd9588c12a576fa3ac95c.us-east-1.prod.service.minerva.devices.a2z.com:443/metric-batch
01-18 16:11:48.685 I/MetricsTransporter( 7692): connection: com.android.okhttp.internal.huc.HttpURLConnectionImpl:https://d7ae3d206ce5366b0f0105dc74e8b013274baf9c15fd9588c12a576fa3ac95c.us-east-1.prod.service.minerva.devices.a2z.com:443/metric-batch
01-18 16:11:49.248 I/MetricsTransmissionManager( 7692): transmitKPIMetricBatch finished
01-18 16:11:49.249 I/MetricsTransmissionManager( 7692): transmitMetricBatches started
01-18 16:11:49.253 I/MetricsTransporter( 7692): minerva upload url:https://d7ae3d206ce5366b0f0105dc74e8b013274baf9c15fd9588c12a576fa3ac95c.us-east-1.prod.service.minerva.devices.a2z.com:443/metric-batch
01-18 16:11:49.254 I/MetricsTransporter( 7692): connection: com.android.okhttp.internal.huc.HttpURLConnectionImpl:https://d7ae3d206ce5366b0f0105dc74e8b013274baf9c15fd9588c12a576fa3ac95c.us-east-1.prod.service.minerva.devices.a2z.com:443/metric-batch
01-18 16:11:49.305 I/MetricsTransporter( 7692): minerva upload url:https://d7ae3d206ce5366b0f0105dc74e8b013274baf9c15fd9588c12a576fa3ac95c.us-east-1.prod.service.minerva.devices.a2z.com:443/metric-batch
01-18 16:11:49.305 I/MetricsTransporter( 7692): connection: com.android.okhttp.internal.huc.HttpURLConnectionImpl:https://d7ae3d206ce5366b0f0105dc74e8b013274baf9c15fd9588c12a576fa3ac95c.us-east-1.prod.service.minerva.devices.a2z.com:443/metric-batch
01-18 16:11:49.360 I/MetricsTransporter( 7692): minerva upload url:https://d7ae3d206ce5366b0f0105dc74e8b013274baf9c15fd9588c12a576fa3ac95c.us-east-1.prod.service.minerva.devices.a2z.com:443/metric-batch
01-18 16:11:49.360 I/MetricsTransporter( 7692): connection: com.android.okhttp.internal.huc.HttpURLConnectionImpl:https://d7ae3d206ce5366b0f0105dc74e8b013274baf9c15fd9588c12a576fa3ac95c.us-east-1.prod.service.minerva.devices.a2z.com:443/metric-batch
01-18 16:11:49.419 I/MetricsTransporter( 7692): minerva upload url:https://d7ae3d206ce5366b0f0105dc74e8b013274baf9c15fd9588c12a576fa3ac95c.us-east-1.prod.service.minerva.devices.a2z.com:443/metric-batch
01-18 16:11:49.420 I/MetricsTransporter( 7692): connection: com.android.okhttp.internal.huc.HttpURLConnectionImpl:https://d7ae3d206ce5366b0f0105dc74e8b013274baf9c15fd9588c12a576fa3ac95c.us-east-1.prod.service.minerva.devices.a2z.com:443/metric-batch
01-18 16:11:49.467 I/MetricsTransmissionManager( 7692): transmitMetricBatches finished
01-18 16:11:49.468 I/MetricsTransmissionManager( 7692): transmitMetricBatches, storageManager(after execute): StorageManager{mapStoragePriorityToBatchQueue={3=BoundedBatchFileQueue{mapFileNameToSizeInByte={}, totalSizeInByte=0}}, totalSizeInByte=0, totalBatchFileCount=0}
01-18 16:12:12.764 I/sensors-hal( 1621): batch:363, android.sensor.pressure/61, period=100000000, max_latency=0 request completed
01-18 16:12:14.175 D/SLocation( 2561): ARDistanceLibManager - command callback received - CURRENT_LOCATION_REQUEST_DISTANCE ERROR CODE : ERROR_NONE
01-18 16:12:14.186 D/SLocation( 2561): CommonCoreManager - handleCommandCallback - FUNC_TYPE : SET_LOCATION  ERROR_CODE : ERROR_NONE
01-18 16:12:21.178 W/WearableConn( 4493): Failed to connect, error: read failed, socket might closed or timeout, read ret: -1
01-18 16:12:24.667 D/GnssLocationProvider( 2561): stopBatching
01-18 16:12:24.672 E/LocSvc_APIClientBase( 1620): onResponseCb:996] ERROR: 5 ID: 229
01-18 16:12:24.696 I/XoFrequencyErrorDetector_FLP( 5286): updateData, GOOD,3,0
01-18 16:12:26.854 I/MetricsTransmissionManager( 6521): transmitKPIMetricBatch started
01-18 16:12:26.863 I/MetricsTransporter( 6521): minerva upload url:https://d7ae3d206ce5366b0f0105dc74e8b013274baf9c15fd9588c12a576fa3ac95c.us-east-1.prod.service.minerva.devices.a2z.com:443/metric-batch
01-18 16:12:26.869 I/MetricsTransporter( 6521): connection: com.android.okhttp.internal.huc.HttpURLConnectionImpl:https://d7ae3d206ce5366b0f0105dc74e8b013274baf9c15fd9588c12a576fa3ac95c.us-east-1.prod.service.minerva.devices.a2z.com:443/metric-batch
01-18 16:12:27.261 I/MetricsTransmissionManager( 6521): transmitKPIMetricBatch finished
01-18 16:12:27.262 I/MetricsTransmissionManager( 6521): transmitMetricBatches started
01-18 16:12:27.262 I/MetricsTransmissionManager( 6521): transmitMetricBatches finished
01-18 16:12:27.678 D/SLocation( 2561): ARDistanceLibManager - command callback received - CURRENT_LOCATION_REQUEST_DISTANCE ERROR CODE : ERROR_NONE
01-18 16:12:27.682 D/SLocation( 2561): CommonCoreManager - handleCommandCallback - FUNC_TYPE : SET_LOCATION  ERROR_CODE : ERROR_NONE
01-18 16:12:28.669 D/GnssLocationProvider( 2561): stopBatching
01-18 16:12:31.326 I/eris    ( 5759): 12[DMN] update {event 3, error 0, ike_error 0} for conn[3]
01-18 16:12:31.326 I/ErisClient -- ErisClient( 4033): parseDaemonResponse() {"msgType":4,"msgData":{"stateCode":3,"errorCode":0,"ikeErrorCode":0,"backoffTimer":-1,"cid":3,"mIkeSrcPort":38272}}
01-18 16:12:31.326 I/ErisClient -- ErisClient( 4033): getErisErrorFromDaemonError()
01-18 16:12:31.326 I/ErisClient -- ErisClient( 4033): sendConnectionReport() conn = [3:ims] event = EVENT_CONNECTION_ACTIVE error = ERIS_OK
01-18 16:12:32.138 W/ImageMetadataResolver(20351): java.lang.IllegalStateException: Invalid EXIF size (0, 0)
01-18 16:12:33.339 V/NuPlayer( 2185): checkOffloadExceptions is true, call canOffloadStream
01-18 16:12:33.344 V/NuPlayer( 2185): checkOffloadExceptions is true, call canOffloadStream
01-18 16:12:33.368 D/CCodec  ( 2185):   int32_t buffer-batch-max-output-size = 0
01-18 16:12:33.368 D/CCodec  ( 2185):   int32_t buffer-batch-threshold-output-size = 0
01-18 16:12:33.444 E/ACDB    ( 1611): vendor/qcom/proprietary/args/acdb/src/acdb_command.c:AcdbCmdGetProcSubgraphCalDataPersist:8247 Error[19]: No calibration found
01-18 16:12:33.444 E/ACDB    ( 1611): vendor/qcom/proprietary/args/acdb/src/acdb_command.c:AcdbCmdGetProcSubgraphCalDataPersist:8247 Error[19]: No calibration found
01-18 16:12:33.444 E/ACDB    ( 1611): vendor/qcom/proprietary/args/acdb/src/acdb_command.c:AcdbCmdGetProcSubgraphCalDataPersist:8247 Error[19]: No calibration found
01-18 16:12:33.444 E/ACDB    ( 1611): vendor/qcom/proprietary/args/acdb/src/acdb_command.c:AcdbCmdGetProcSubgraphCalDataPersist:8247 Error[19]: No calibration found
01-18 16:12:33.446 E/ACDB    ( 1611): vendor/qcom/proprietary/args/acdb/src/acdb_command.c:AcdbCmdGetProcSubgraphCalDataPersist:8247 Error[19]: No calibration found
01-18 16:12:33.446 E/ACDB    ( 1611): vendor/qcom/proprietary/args/acdb/src/acdb_command.c:AcdbCmdGetProcSubgraphCalDataPersist:8247 Error[19]: No calibration found
01-18 16:12:33.446 E/ACDB    ( 1611): vendor/qcom/proprietary/args/acdb/src/acdb_command.c:AcdbCmdGetProcSubgraphCalDataPersist:8247 Error[19]: No calibration found
01-18 16:12:33.447 E/ACDB    ( 1611): vendor/qcom/proprietary/args/acdb/src/acdb_command.c:AcdbCmdGetProcSubgraphCalDataPersist:8247 Error[19]: No calibration found
01-18 16:12:33.455 I/BugleRecipients(20351): Retrieving RCS Capabilities in batch from Storage for identities: redacted-pii[12-chars], redacted-pii[12-chars], redacted-pii[12-chars], redacted-pii[12-chars], redacted-pii[12-chars], redacted-pii[12-chars]
01-18 16:12:33.456 I/BugleRecipients(20351): Retrieving RCS Capabilities in batch from Storage for identities: redacted-pii[12-chars], redacted-pii[12-chars], redacted-pii[12-chars], redacted-pii[12-chars], redacted-pii[12-chars], redacted-pii[12-chars]
01-18 16:12:33.502 E/BlockableFutures(20351): java.lang.IllegalStateException: Cannot block on non-blocking thread: BG Thread #2
01-18 16:12:33.706 I/BugleRecipients(20351): Retrieving RCS Capabilities in batch from Storage for identities: redacted-pii[12-chars], redacted-pii[12-chars], redacted-pii[12-chars], redacted-pii[12-chars], redacted-pii[12-chars], redacted-pii[12-chars]
01-18 16:12:33.707 I/BugleRecipients(20351): Retrieving RCS Capabilities in batch from Storage for identities: redacted-pii[12-chars], redacted-pii[12-chars], redacted-pii[12-chars], redacted-pii[12-chars], redacted-pii[12-chars], redacted-pii[12-chars]
01-18 16:12:33.819 W/Glide   (20351): java.io.FileNotFoundException(open failed: ENOENT (No such file or directory))
01-18 16:12:33.819 W/Glide   (20351): java.io.FileNotFoundException(open failed: ENOENT (No such file or directory))
01-18 16:12:33.819 W/Glide   (20351): java.io.FileNotFoundException(open failed: ENOENT (No such file or directory))
01-18 16:12:33.819 W/Glide   (20351):  call GlideException#logRootCauses(String) for more detail
01-18 16:12:33.819 W/Glide   (20351): java.io.FileNotFoundException(open failed: ENOENT (No such file or directory))
01-18 16:12:33.819 W/Glide   (20351):  call GlideException#logRootCauses(String) for more detail
01-18 16:12:33.819 W/Glide   (20351):     Cause (1 of 1): class java.io.FileNotFoundException: open failed: ENOENT (No such file or directory)
01-18 16:12:33.819 W/Glide   (20351): java.io.FileNotFoundException(open failed: ENOENT (No such file or directory))
01-18 16:12:33.819 W/Glide   (20351):  call GlideException#logRootCauses(String) for more detail
01-18 16:12:33.819 W/Glide   (20351):     Cause (1 of 1): class java.io.FileNotFoundException: open failed: ENOENT (No such file or directory)
01-18 16:12:33.819 W/Glide   (20351): java.io.FileNotFoundException(open failed: ENOENT (No such file or directory))
01-18 16:12:33.819 W/Glide   (20351):  call GlideException#logRootCauses(String) for more detail
01-18 16:12:33.819 W/Glide   (20351):     Cause (1 of 1): class java.io.FileNotFoundException: open failed: ENOENT (No such file or directory)
01-18 16:12:33.819 I/Glide   (20351): java.io.FileNotFoundException: open failed: ENOENT (No such file or directory)
01-18 16:12:33.819 I/Glide   (20351): java.io.FileNotFoundException: open failed: ENOENT (No such file or directory)
01-18 16:12:33.820 I/Glide   (20351): java.io.FileNotFoundException: open failed: ENOENT (No such file or directory)
01-18 16:12:33.820 E/BugleGlide(20351): java.io.FileNotFoundException(open failed: ENOENT (No such file or directory))
01-18 16:12:33.820 E/BugleGlide(20351): java.io.FileNotFoundException(open failed: ENOENT (No such file or directory))
01-18 16:12:33.820 E/BugleGlide(20351): java.io.FileNotFoundException(open failed: ENOENT (No such file or directory))
01-18 16:12:33.820 E/BugleGlide(20351):  call GlideException#logRootCauses(String) for more detail
01-18 16:12:33.820 E/BugleGlide(20351): java.io.FileNotFoundException(open failed: ENOENT (No such file or directory))
01-18 16:12:33.820 E/BugleGlide(20351):  call GlideException#logRootCauses(String) for more detail
01-18 16:12:33.820 E/BugleGlide(20351):     Cause (1 of 1): class java.io.FileNotFoundException: open failed: ENOENT (No such file or directory)
01-18 16:12:33.820 E/BugleGlide(20351): java.io.FileNotFoundException(open failed: ENOENT (No such file or directory))
01-18 16:12:33.820 E/BugleGlide(20351):  call GlideException#logRootCauses(String) for more detail
01-18 16:12:33.820 E/BugleGlide(20351):     Cause (1 of 1): class java.io.FileNotFoundException: open failed: ENOENT (No such file or directory)
01-18 16:12:33.820 E/BugleGlide(20351): java.io.FileNotFoundException(open failed: ENOENT (No such file or directory))
01-18 16:12:33.820 E/BugleGlide(20351):  call GlideException#logRootCauses(String) for more detail
01-18 16:12:33.820 E/BugleGlide(20351):     Cause (1 of 1): class java.io.FileNotFoundException: open failed: ENOENT (No such file or directory)
01-18 16:12:33.891 E/BlockableFutures(20351): java.lang.IllegalStateException: Cannot block on non-blocking thread: BG Thread #3
01-18 16:12:37.032 E/BlockableFutures(20351): java.lang.IllegalStateException: Cannot block on non-blocking thread: BG Thread #1
01-18 16:12:37.545 E/BlockableFutures(20351): java.lang.IllegalStateException: Cannot block on non-blocking thread: BG Thread #1
01-18 16:12:38.083 E/BlockableFutures(20351): java.lang.IllegalStateException: Cannot block on non-blocking thread: BG Thread #0
01-18 16:12:38.100 I/BugleRecipients(20351): Retrieving RCS Capabilities in batch from Storage for identities: redacted-pii[12-chars], redacted-pii[12-chars], redacted-pii[12-chars], redacted-pii[12-chars], redacted-pii[12-chars], redacted-pii[12-chars]
01-18 16:12:38.103 I/BugleRecipients(20351): Retrieving RCS Capabilities in batch from Storage for identities: redacted-pii[12-chars], redacted-pii[12-chars], redacted-pii[12-chars], redacted-pii[12-chars], redacted-pii[12-chars], redacted-pii[12-chars]
01-18 16:12:38.176 I/BugleRecipients(20351): Retrieving RCS Capabilities in batch from Storage for identities: redacted-pii[12-chars], redacted-pii[12-chars], redacted-pii[12-chars], redacted-pii[12-chars], redacted-pii[12-chars], redacted-pii[12-chars]
01-18 16:12:38.191 I/BugleRecipients(20351): Retrieving RCS Capabilities in batch from Storage for identities: redacted-pii[12-chars], redacted-pii[12-chars], redacted-pii[12-chars], redacted-pii[12-chars], redacted-pii[12-chars], redacted-pii[12-chars]
01-18 16:12:38.308 W/Glide   (20351): java.io.FileNotFoundException(open failed: ENOENT (No such file or directory))
01-18 16:12:38.308 W/Glide   (20351): java.io.FileNotFoundException(open failed: ENOENT (No such file or directory))
01-18 16:12:38.308 W/Glide   (20351): java.io.FileNotFoundException(open failed: ENOENT (No such file or directory))
01-18 16:12:38.308 W/Glide   (20351):  call GlideException#logRootCauses(String) for more detail
01-18 16:12:38.308 W/Glide   (20351): java.io.FileNotFoundException(open failed: ENOENT (No such file or directory))
01-18 16:12:38.308 W/Glide   (20351):  call GlideException#logRootCauses(String) for more detail
01-18 16:12:38.308 W/Glide   (20351):     Cause (1 of 1): class java.io.FileNotFoundException: open failed: ENOENT (No such file or directory)
01-18 16:12:38.308 W/Glide   (20351): java.io.FileNotFoundException(open failed: ENOENT (No such file or directory))
01-18 16:12:38.308 W/Glide   (20351):  call GlideException#logRootCauses(String) for more detail
01-18 16:12:38.308 W/Glide   (20351):     Cause (1 of 1): class java.io.FileNotFoundException: open failed: ENOENT (No such file or directory)
01-18 16:12:38.308 W/Glide   (20351): java.io.FileNotFoundException(open failed: ENOENT (No such file or directory))
01-18 16:12:38.308 W/Glide   (20351):  call GlideException#logRootCauses(String) for more detail
01-18 16:12:38.308 W/Glide   (20351):     Cause (1 of 1): class java.io.FileNotFoundException: open failed: ENOENT (No such file or directory)
01-18 16:12:38.308 I/Glide   (20351): java.io.FileNotFoundException: open failed: ENOENT (No such file or directory)
01-18 16:12:38.308 I/Glide   (20351): java.io.FileNotFoundException: open failed: ENOENT (No such file or directory)
01-18 16:12:38.309 I/Glide   (20351): java.io.FileNotFoundException: open failed: ENOENT (No such file or directory)
01-18 16:12:38.309 E/BugleGlide(20351): java.io.FileNotFoundException(open failed: ENOENT (No such file or directory))
01-18 16:12:38.309 E/BugleGlide(20351): java.io.FileNotFoundException(open failed: ENOENT (No such file or directory))
01-18 16:12:38.309 E/BugleGlide(20351): java.io.FileNotFoundException(open failed: ENOENT (No such file or directory))
01-18 16:12:38.309 E/BugleGlide(20351):  call GlideException#logRootCauses(String) for more detail
01-18 16:12:38.309 E/BugleGlide(20351): java.io.FileNotFoundException(open failed: ENOENT (No such file or directory))
01-18 16:12:38.309 E/BugleGlide(20351):  call GlideException#logRootCauses(String) for more detail
01-18 16:12:38.309 E/BugleGlide(20351):     Cause (1 of 1): class java.io.FileNotFoundException: open failed: ENOENT (No such file or directory)
01-18 16:12:38.309 E/BugleGlide(20351): java.io.FileNotFoundException(open failed: ENOENT (No such file or directory))
01-18 16:12:38.309 E/BugleGlide(20351):  call GlideException#logRootCauses(String) for more detail
01-18 16:12:38.309 E/BugleGlide(20351):     Cause (1 of 1): class java.io.FileNotFoundException: open failed: ENOENT (No such file or directory)
01-18 16:12:38.309 E/BugleGlide(20351): java.io.FileNotFoundException(open failed: ENOENT (No such file or directory))
01-18 16:12:38.309 E/BugleGlide(20351):  call GlideException#logRootCauses(String) for more detail
01-18 16:12:38.309 E/BugleGlide(20351):     Cause (1 of 1): class java.io.FileNotFoundException: open failed: ENOENT (No such file or directory)
01-18 16:12:38.441 W/Glide   (20351): java.io.FileNotFoundException(open failed: ENOENT (No such file or directory))
01-18 16:12:38.441 W/Glide   (20351): java.io.FileNotFoundException(open failed: ENOENT (No such file or directory))
01-18 16:12:38.441 W/Glide   (20351): java.io.FileNotFoundException(open failed: ENOENT (No such file or directory))
01-18 16:12:38.441 W/Glide   (20351):  call GlideException#logRootCauses(String) for more detail
01-18 16:12:38.441 W/Glide   (20351): java.io.FileNotFoundException(open failed: ENOENT (No such file or directory))
01-18 16:12:38.441 W/Glide   (20351):  call GlideException#logRootCauses(String) for more detail
01-18 16:12:38.441 W/Glide   (20351):     Cause (1 of 1): class java.io.FileNotFoundException: open failed: ENOENT (No such file or directory)
01-18 16:12:38.441 W/Glide   (20351): java.io.FileNotFoundException(open failed: ENOENT (No such file or directory))
01-18 16:12:38.441 W/Glide   (20351):  call GlideException#logRootCauses(String) for more detail
01-18 16:12:38.441 W/Glide   (20351):     Cause (1 of 1): class java.io.FileNotFoundException: open failed: ENOENT (No such file or directory)
01-18 16:12:38.441 W/Glide   (20351): java.io.FileNotFoundException(open failed: ENOENT (No such file or directory))
01-18 16:12:38.441 W/Glide   (20351):  call GlideException#logRootCauses(String) for more detail
01-18 16:12:38.441 W/Glide   (20351):     Cause (1 of 1): class java.io.FileNotFoundException: open failed: ENOENT (No such file or directory)
01-18 16:12:38.442 I/Glide   (20351): java.io.FileNotFoundException: open failed: ENOENT (No such file or directory)
01-18 16:12:38.442 I/Glide   (20351): java.io.FileNotFoundException: open failed: ENOENT (No such file or directory)
01-18 16:12:38.442 I/Glide   (20351): java.io.FileNotFoundException: open failed: ENOENT (No such file or directory)
01-18 16:12:38.443 E/BugleGlide(20351): java.io.FileNotFoundException(open failed: ENOENT (No such file or directory))
01-18 16:12:38.443 E/BugleGlide(20351): java.io.FileNotFoundException(open failed: ENOENT (No such file or directory))
01-18 16:12:38.443 E/BugleGlide(20351): java.io.FileNotFoundException(open failed: ENOENT (No such file or directory))
01-18 16:12:38.443 E/BugleGlide(20351):  call GlideException#logRootCauses(String) for more detail
01-18 16:12:38.443 E/BugleGlide(20351): java.io.FileNotFoundException(open failed: ENOENT (No such file or directory))
01-18 16:12:38.443 E/BugleGlide(20351):  call GlideException#logRootCauses(String) for more detail
01-18 16:12:38.443 E/BugleGlide(20351):     Cause (1 of 1): class java.io.FileNotFoundException: open failed: ENOENT (No such file or directory)
01-18 16:12:38.443 E/BugleGlide(20351): java.io.FileNotFoundException(open failed: ENOENT (No such file or directory))
01-18 16:12:38.443 E/BugleGlide(20351):  call GlideException#logRootCauses(String) for more detail
01-18 16:12:38.443 E/BugleGlide(20351):     Cause (1 of 1): class java.io.FileNotFoundException: open failed: ENOENT (No such file or directory)
01-18 16:12:38.443 E/BugleGlide(20351): java.io.FileNotFoundException(open failed: ENOENT (No such file or directory))
01-18 16:12:38.443 E/BugleGlide(20351):  call GlideException#logRootCauses(String) for more detail
01-18 16:12:38.443 E/BugleGlide(20351):     Cause (1 of 1): class java.io.FileNotFoundException: open failed: ENOENT (No such file or directory)
01-18 16:12:38.534 E/BlockableFutures(20351): java.lang.IllegalStateException: Cannot block on non-blocking thread: BG Thread #3
01-18 16:12:38.562 V/MmsProvider( 3928): checkQueryParametersForSubqueries checking proj: error
01-18 16:12:38.812 I/BugleRecipients(20351): Retrieving RCS Capabilities in batch from Storage for identities: redacted-pii[12-chars], redacted-pii[12-chars], redacted-pii[12-chars], redacted-pii[12-chars], redacted-pii[12-chars], redacted-pii[12-chars]
01-18 16:12:38.830 I/BugleRecipients(20351): Retrieving RCS Capabilities in batch from Storage for identities: redacted-pii[12-chars], redacted-pii[12-chars], redacted-pii[12-chars], redacted-pii[12-chars], redacted-pii[12-chars], redacted-pii[12-chars]
01-18 16:12:38.857 W/Glide   (20351): java.io.FileNotFoundException(open failed: ENOENT (No such file or directory))
01-18 16:12:38.857 W/Glide   (20351): java.io.FileNotFoundException(open failed: ENOENT (No such file or directory))
01-18 16:12:38.857 W/Glide   (20351): java.io.FileNotFoundException(open failed: ENOENT (No such file or directory))
01-18 16:12:38.857 W/Glide   (20351):  call GlideException#logRootCauses(String) for more detail
01-18 16:12:38.857 W/Glide   (20351): java.io.FileNotFoundException(open failed: ENOENT (No such file or directory))
01-18 16:12:38.857 W/Glide   (20351):  call GlideException#logRootCauses(String) for more detail
01-18 16:12:38.857 W/Glide   (20351):     Cause (1 of 1): class java.io.FileNotFoundException: open failed: ENOENT (No such file or directory)
01-18 16:12:38.857 W/Glide   (20351): java.io.FileNotFoundException(open failed: ENOENT (No such file or directory))
01-18 16:12:38.857 W/Glide   (20351):  call GlideException#logRootCauses(String) for more detail
01-18 16:12:38.857 W/Glide   (20351):     Cause (1 of 1): class java.io.FileNotFoundException: open failed: ENOENT (No such file or directory)
01-18 16:12:38.857 W/Glide   (20351): java.io.FileNotFoundException(open failed: ENOENT (No such file or directory))
01-18 16:12:38.857 W/Glide   (20351):  call GlideException#logRootCauses(String) for more detail
01-18 16:12:38.857 W/Glide   (20351):     Cause (1 of 1): class java.io.FileNotFoundException: open failed: ENOENT (No such file or directory)
01-18 16:12:38.857 I/Glide   (20351): java.io.FileNotFoundException: open failed: ENOENT (No such file or directory)
01-18 16:12:38.857 I/Glide   (20351): java.io.FileNotFoundException: open failed: ENOENT (No such file or directory)
01-18 16:12:38.857 I/Glide   (20351): java.io.FileNotFoundException: open failed: ENOENT (No such file or directory)
01-18 16:12:38.858 E/BugleGlide(20351): java.io.FileNotFoundException(open failed: ENOENT (No such file or directory))
01-18 16:12:38.858 E/BugleGlide(20351): java.io.FileNotFoundException(open failed: ENOENT (No such file or directory))
01-18 16:12:38.858 E/BugleGlide(20351): java.io.FileNotFoundException(open failed: ENOENT (No such file or directory))
01-18 16:12:38.858 E/BugleGlide(20351):  call GlideException#logRootCauses(String) for more detail
01-18 16:12:38.858 E/BugleGlide(20351): java.io.FileNotFoundException(open failed: ENOENT (No such file or directory))
01-18 16:12:38.858 E/BugleGlide(20351):  call GlideException#logRootCauses(String) for more detail
01-18 16:12:38.858 E/BugleGlide(20351):     Cause (1 of 1): class java.io.FileNotFoundException: open failed: ENOENT (No such file or directory)
01-18 16:12:38.858 E/BugleGlide(20351): java.io.FileNotFoundException(open failed: ENOENT (No such file or directory))
01-18 16:12:38.858 E/BugleGlide(20351):  call GlideException#logRootCauses(String) for more detail
01-18 16:12:38.858 E/BugleGlide(20351):     Cause (1 of 1): class java.io.FileNotFoundException: open failed: ENOENT (No such file or directory)
01-18 16:12:38.858 E/BugleGlide(20351): java.io.FileNotFoundException(open failed: ENOENT (No such file or directory))
01-18 16:12:38.858 E/BugleGlide(20351):  call GlideException#logRootCauses(String) for more detail
01-18 16:12:38.858 E/BugleGlide(20351):     Cause (1 of 1): class java.io.FileNotFoundException: open failed: ENOENT (No such file or directory)
01-18 16:12:39.030 E/BlockableFutures(20351): java.lang.IllegalStateException: Cannot block on non-blocking thread: BG Thread #4
01-18 16:12:39.252 I/GaiaAuthCheckHelper(20351): Gaia auth check found no UserRecoverableError
01-18 16:12:39.261 I/BugleCms(20351): LinkedAccountManager: No valid stored accountId, throwing NoLinkedAccountException.
01-18 16:12:39.433 V/WindowManager( 2561):     startWCT=WindowContainerTransaction { changes= {} hops= [] errorCallbackToken=null taskFragmentOrganizer=null }
01-18 16:12:40.653 E/BlockableFutures(20351): java.lang.IllegalStateException: Cannot block on non-blocking thread: BG Thread #4
01-18 16:12:40.879 V/WindowManager( 2561):     startWCT=WindowContainerTransaction { changes= {} hops= [] errorCallbackToken=null taskFragmentOrganizer=null }
01-18 16:12:40.893 I/SV[125808318 MainActivity](15063): onWindowVisibilityChanged(0) false io.flutter.embedding.android.FlutterSurfaceView{77faebe V.E...... ......ID 0,0-1080,2340} of VRI[MainActivity]@ab8eca0
01-18 16:12:40.898 I/SV[125808318 MainActivity](15063): windowStopped(false) true io.flutter.embedding.android.FlutterSurfaceView{77faebe V.E...... ......ID 0,0-1080,2340} of VRI[MainActivity]@ab8eca0
01-18 16:12:40.901 I/SV[125808318 MainActivity](15063): surfaceCreated 1 #1 io.flutter.embedding.android.FlutterSurfaceView{77faebe V.E...... ......ID 0,0-1080,2340}
01-18 16:12:40.903 I/SV[125808318 MainActivity](15063): surfaceChanged (1080,2340) 1 #1 io.flutter.embedding.android.FlutterSurfaceView{77faebe V.E...... ......ID 0,0-1080,2340}
01-18 16:12:40.928 I/flutter (15063): listening 1832
01-18 16:12:40.987 I/flutter (15063): 2026-01-18T21:12:40.987210Z [INFO] [BlueBubblesApp] Setting active chat to alive: F06613EB-A19E-4489-AD83-C5EFDAEED088
01-18 16:12:40.990 I/flutter (15063): 2026-01-18T21:12:40.990355Z [INFO] [BlueBubblesApp] Sending method delete-notification to Kotlin
01-18 16:12:40.990 I/flutter (15063): 2026-01-18T21:12:40.990764Z [INFO] [BlueBubblesApp] Sending method get-zen-mode to Kotlin
01-18 16:12:40.990 I/flutter (15063): 2026-01-18T21:12:40.990831Z [INFO] [BlueBubblesApp] Sending method extension-status to Kotlin
01-18 16:12:41.016 I/InsetsController(15063): setRequestedVisibleTypes: visible=true, mask=ime, host=com.openbubbles.messaging/com.bluebubbles.messaging.MainActivity, from=android.view.InsetsController.controlAnimationUnchecked:1604 android.view.InsetsController.applyAnimation:2416 android.view.InsetsController.applyAnimation:2343 android.view.InsetsController.show:1422 android.view.inputmethod.InputMethodManager.showSoftInput:2659 android.view.inputmethod.InputMethodManager.showSoftInput:2571 android.view.inputmethod.InputMethodManager.showSoftInput:2563 android.view.inputmethod.InputMethodManager.showSoftInput:2491 io.flutter.plugin.editing.TextInputPlugin.showTextInput:387 io.flutter.plugin.editing.TextInputPlugin$1.show:93 
01-18 16:12:41.170 E/BlockableFutures(20351): java.lang.IllegalStateException: Cannot block on non-blocking thread: BG Thread #7
01-18 16:12:41.192 I/flutter (15063): 2026-01-18T21:12:41.191447Z [INFO] [BlueBubblesApp] Guid null
01-18 16:12:41.223 I/flutter (15063): 2026-01-18T21:12:41.223943Z [INFO] [BlueBubblesApp] Guid null
01-18 16:12:41.240 I/flutter (15063): 2026-01-18T21:12:41.240483Z [INFO] [BlueBubblesApp] Guid null
01-18 16:12:41.257 I/flutter (15063): 2026-01-18T21:12:41.257008Z [INFO] [BlueBubblesApp] Guid null
01-18 16:12:41.276 I/flutter (15063): 2026-01-18T21:12:41.276141Z [INFO] [BlueBubblesApp] Guid null
01-18 16:12:41.290 I/flutter (15063): 2026-01-18T21:12:41.290297Z [INFO] [BlueBubblesApp] Guid null
01-18 16:12:41.306 I/flutter (15063): 2026-01-18T21:12:41.306908Z [INFO] [BlueBubblesApp] Guid null
01-18 16:12:41.323 I/flutter (15063): 2026-01-18T21:12:41.323689Z [INFO] [BlueBubblesApp] Guid null
01-18 16:12:41.340 I/flutter (15063): 2026-01-18T21:12:41.340437Z [INFO] [BlueBubblesApp] Guid null
