01-18 16:12:41.357 I/flutter (15063): 2026-01-18T21:12:41.357018Z [INFO] [BlueBubblesApp] Guid null
01-18 16:12:41.683 E/DatabaseUtils( 2561): Writing exception to parcel
01-18 16:12:41.683 E/DatabaseUtils( 2561): java.lang.SecurityException: Permission Denial: get/set setting for user asks to run as user -2 but is calling from uid u0a214; this requires android.permission.INTERACT_ACROSS_USERS_FULL
01-18 16:12:41.734 E/DatabaseUtils( 2561): Writing exception to parcel
01-18 16:12:41.734 E/DatabaseUtils( 2561): java.lang.SecurityException: Permission Denial: get/set setting for user asks to run as user -2 but is calling from uid u0a214; this requires android.permission.INTERACT_ACROSS_USERS_FULL
01-18 16:12:41.749 W/System.err( 8585): android.content.pm.PackageManager$NameNotFoundException: com.jamworks.alwaysondisplay.ischarging
01-18 16:12:42.744 I/flutter (15063): 2026-01-18T21:12:42.744717Z [INFO] [BlueBubblesApp] Guid null
01-18 16:12:42.776 I/flutter (15063): 2026-01-18T21:12:42.776687Z [INFO] [BlueBubblesApp] Guid null
01-18 16:12:42.792 I/flutter (15063): 2026-01-18T21:12:42.792500Z [INFO] [BlueBubblesApp] Guid null
01-18 16:12:42.809 I/flutter (15063): 2026-01-18T21:12:42.809166Z [INFO] [BlueBubblesApp] Guid null
01-18 16:12:42.843 I/flutter (15063): 2026-01-18T21:12:42.843577Z [INFO] [BlueBubblesApp] Guid null
01-18 16:12:42.876 I/flutter (15063): 2026-01-18T21:12:42.876536Z [INFO] [BlueBubblesApp] Guid null
01-18 16:12:42.909 I/flutter (15063): 2026-01-18T21:12:42.909468Z [INFO] [BlueBubblesApp] Guid null
01-18 16:12:43.483 E/BlockableFutures(20351): java.lang.IllegalStateException: Cannot block on non-blocking thread: BG Thread #7
01-18 16:12:43.644 I/InsetsController(15063): setRequestedVisibleTypes: visible=true, mask=ime, host=com.openbubbles.messaging/com.bluebubbles.messaging.MainActivity, from=android.view.InsetsController.controlAnimationUnchecked:1604 android.view.InsetsController.applyAnimation:2416 android.view.InsetsController.applyAnimation:2343 android.view.InsetsController.show:1422 android.view.inputmethod.InputMethodManager.showSoftInput:2659 android.view.inputmethod.InputMethodManager.showSoftInput:2571 android.view.inputmethod.InputMethodManager.showSoftInput:2563 android.view.inputmethod.InputMethodManager.showSoftInput:2491 io.flutter.plugin.editing.TextInputPlugin.showTextInput:387 io.flutter.plugin.editing.TextInputPlugin$1.show:93 
01-18 16:12:43.777 I/flutter (15063): 2026-01-18T21:12:43.777751Z [INFO] [BlueBubblesApp] Guid null
01-18 16:12:43.793 I/flutter (15063): 2026-01-18T21:12:43.793958Z [INFO] [BlueBubblesApp] Guid null
01-18 16:12:43.827 I/flutter (15063): 2026-01-18T21:12:43.827233Z [INFO] [BlueBubblesApp] Guid null
01-18 16:12:43.843 I/flutter (15063): 2026-01-18T21:12:43.843574Z [INFO] [BlueBubblesApp] Guid null
01-18 16:12:43.860 I/flutter (15063): 2026-01-18T21:12:43.860315Z [INFO] [BlueBubblesApp] Guid null
01-18 16:12:43.878 I/flutter (15063): 2026-01-18T21:12:43.878131Z [INFO] [BlueBubblesApp] Guid null
01-18 16:12:43.893 I/flutter (15063): 2026-01-18T21:12:43.893582Z [INFO] [BlueBubblesApp] Guid null
01-18 16:12:43.910 I/flutter (15063): 2026-01-18T21:12:43.910689Z [INFO] [BlueBubblesApp] Guid null
01-18 16:12:43.927 I/flutter (15063): 2026-01-18T21:12:43.926887Z [INFO] [BlueBubblesApp] Guid null
01-18 16:12:43.943 I/flutter (15063): 2026-01-18T21:12:43.943905Z [INFO] [BlueBubblesApp] Guid null
01-18 16:12:44.017 E/BlockableFutures(20351): java.lang.IllegalStateException: Cannot block on non-blocking thread: BG Thread #6
01-18 16:12:44.513 E/BlockableFutures(20351): java.lang.IllegalStateException: Cannot block on non-blocking thread: BG Thread #4
01-18 16:12:47.374 I/BatchCreator( 6521): enqueueBatchForTransmission
01-18 16:12:47.378 I/StorageManager( 6521): addBatch to BoundedBatchQueue, then write to disk file...
01-18 16:12:47.385 I/BoundedBatchFileQueue( 6521): batch added to file: 1768770767378_us-east-1_0001
01-18 16:12:49.044 I/InsetsController(15063): setRequestedVisibleTypes: visible=false, mask=ime, host=com.openbubbles.messaging/com.bluebubbles.messaging.MainActivity, from=android.view.InsetsController.controlAnimationUnchecked:1604 android.view.InsetsController.applyAnimation:2416 android.view.InsetsController.applyAnimation:2343 android.view.InsetsController.hide:1540 android.view.inputmethod.InputMethodManager.hideSoftInputFromWindow:2889 android.view.inputmethod.InputMethodManager.hideSoftInputFromWindow:2812 android.view.inputmethod.InputMethodManager.hideSoftInputFromWindow:2773 io.flutter.plugin.editing.TextInputPlugin.hideTextInput:401 io.flutter.plugin.editing.TextInputPlugin.access$300:39 io.flutter.plugin.editing.TextInputPlugin$1.hide:101 
01-18 16:12:49.056 I/flutter (15063): 2026-01-18T21:12:49.056387Z [INFO] [BlueBubblesApp] Guid null
01-18 16:12:49.083 I/flutter (15063): 2026-01-18T21:12:49.083473Z [INFO] [BlueBubblesApp] Guid null
01-18 16:12:49.100 I/flutter (15063): 2026-01-18T21:12:49.100089Z [INFO] [BlueBubblesApp] Guid null
01-18 16:12:49.132 I/flutter (15063): 2026-01-18T21:12:49.132455Z [INFO] [BlueBubblesApp] Guid null
01-18 16:12:49.149 I/flutter (15063): 2026-01-18T21:12:49.149423Z [INFO] [BlueBubblesApp] Guid null
01-18 16:12:49.165 I/flutter (15063): 2026-01-18T21:12:49.165832Z [INFO] [BlueBubblesApp] Guid null
01-18 16:12:50.113 I/flutter (15063): 2026-01-18T21:12:50.113100Z [INFO] [BlueBubblesApp] Sending reaction type: love
01-18 16:12:50.125 I/flutter (15063): 2026-01-18T21:12:50.125446Z [INFO] [BlueBubblesApp] Sending method delete-notification to Kotlin
01-18 16:12:50.139 I/flutter (15063): 2026-01-18T21:12:50.139289Z [INFO] [BlueBubblesApp] Guid null
01-18 16:12:50.637 I/flutter (15063): 2026-01-18T21:12:50.637743Z [INFO] [BlueBubblesApp] reflecting msg
01-18 16:12:50.841 I/InsetsController(15063): setRequestedVisibleTypes: visible=true, mask=ime, host=com.openbubbles.messaging/com.bluebubbles.messaging.MainActivity, from=android.view.InsetsController.controlAnimationUnchecked:1604 android.view.InsetsController.applyAnimation:2416 android.view.InsetsController.applyAnimation:2343 android.view.InsetsController.show:1422 android.view.inputmethod.InputMethodManager.showSoftInput:2659 android.view.inputmethod.InputMethodManager.showSoftInput:2571 android.view.inputmethod.InputMethodManager.showSoftInput:2563 android.view.inputmethod.InputMethodManager.showSoftInput:2491 io.flutter.plugin.editing.TextInputPlugin.showTextInput:387 io.flutter.plugin.editing.TextInputPlugin$1.show:93 
01-18 16:12:51.018 I/flutter (15063): 2026-01-18T21:12:51.018212Z [INFO] [BlueBubblesApp] Guid null
01-18 16:12:51.035 I/flutter (15063): 2026-01-18T21:12:51.035492Z [INFO] [BlueBubblesApp] Guid null
01-18 16:12:51.051 I/flutter (15063): 2026-01-18T21:12:51.051261Z [INFO] [BlueBubblesApp] Guid null
01-18 16:12:51.084 I/flutter (15063): 2026-01-18T21:12:51.084724Z [INFO] [BlueBubblesApp] Guid null
01-18 16:12:51.101 I/flutter (15063): 2026-01-18T21:12:51.101118Z [INFO] [BlueBubblesApp] Guid null
01-18 16:12:51.117 I/flutter (15063): 2026-01-18T21:12:51.117929Z [INFO] [BlueBubblesApp] Guid null
01-18 16:12:51.134 I/flutter (15063): 2026-01-18T21:12:51.134279Z [INFO] [BlueBubblesApp] Guid null
01-18 16:12:51.151 I/flutter (15063): 2026-01-18T21:12:51.151257Z [INFO] [BlueBubblesApp] Guid null
01-18 16:12:51.167 I/flutter (15063): 2026-01-18T21:12:51.167933Z [INFO] [BlueBubblesApp] Guid null
01-18 16:12:51.184 I/flutter (15063): 2026-01-18T21:12:51.184518Z [INFO] [BlueBubblesApp] Guid null
01-18 16:12:51.362 I/vendor.rmt_storage( 1745): wakelock acquired: 1, error no: 11
01-18 16:12:51.387 I/vendor.rmt_storage( 1745): rmt_storage_client_thread: /boot/modem_fs1: About to block rmt_storage client thread (th_id: 534673632384) wakelock released: 1, error no: 0
01-18 16:12:51.537 I/flutter (15063): 2026-01-18T21:12:51.537596Z [INFO] [BlueBubblesApp] a  H
01-18 16:12:51.537 I/flutter (15063): 2026-01-18T21:12:51.537737Z [INFO] [BlueBubblesApp] annotations []
01-18 16:12:51.711 I/flutter (15063): 2026-01-18T21:12:51.711228Z [INFO] [BlueBubblesApp] a H Ho
01-18 16:12:51.712 I/flutter (15063): 2026-01-18T21:12:51.712031Z [INFO] [BlueBubblesApp] annotations [{range: [0, 1]}]
01-18 16:12:51.843 I/flutter (15063): 2026-01-18T21:12:51.843740Z [INFO] [BlueBubblesApp] a Ho How
01-18 16:12:51.844 I/flutter (15063): 2026-01-18T21:12:51.844Z [INFO] [BlueBubblesApp] annotations [{range: [0, 2]}]
01-18 16:12:51.921 I/flutter (15063): 2026-01-18T21:12:51.921329Z [INFO] [BlueBubblesApp] a How How 
01-18 16:12:51.922 I/flutter (15063): 2026-01-18T21:12:51.922015Z [INFO] [BlueBubblesApp] annotations [{range: [0, 3]}]
01-18 16:12:52.102 I/flutter (15063): 2026-01-18T21:12:52.102280Z [INFO] [BlueBubblesApp] a How  How u
01-18 16:12:52.102 I/flutter (15063): 2026-01-18T21:12:52.102496Z [INFO] [BlueBubblesApp] annotations [{range: [0, 4]}]
01-18 16:12:52.284 I/flutter (15063): 2026-01-18T21:12:52.284122Z [INFO] [BlueBubblesApp] a How u How u 
01-18 16:12:52.284 I/flutter (15063): 2026-01-18T21:12:52.284328Z [INFO] [BlueBubblesApp] annotations [{range: [0, 5]}]
01-18 16:12:52.403 I/flutter (15063): 2026-01-18T21:12:52.403479Z [INFO] [BlueBubblesApp] a How u  How u d
01-18 16:12:52.404 I/flutter (15063): 2026-01-18T21:12:52.404049Z [INFO] [BlueBubblesApp] annotations [{range: [0, 6]}]
01-18 16:12:52.478 I/flutter (15063): 2026-01-18T21:12:52.478671Z [INFO] [BlueBubblesApp] a How u d How u do
01-18 16:12:52.479 I/flutter (15063): 2026-01-18T21:12:52.479009Z [INFO] [BlueBubblesApp] annotations [{range: [0, 7]}]
01-18 16:12:52.637 I/flutter (15063): 2026-01-18T21:12:52.637321Z [INFO] [BlueBubblesApp] a How u do How u doi
01-18 16:12:52.637 I/flutter (15063): 2026-01-18T21:12:52.637501Z [INFO] [BlueBubblesApp] annotations [{range: [0, 8]}]
01-18 16:12:52.819 I/flutter (15063): 2026-01-18T21:12:52.819122Z [INFO] [BlueBubblesApp] a How u doi How u doin
01-18 16:12:52.819 I/flutter (15063): 2026-01-18T21:12:52.819285Z [INFO] [BlueBubblesApp] annotations [{range: [0, 9]}]
01-18 16:12:53.038 I/flutter (15063): 2026-01-18T21:12:53.038230Z [INFO] [BlueBubblesApp] a How u doin How u doin 
01-18 16:12:53.038 I/flutter (15063): 2026-01-18T21:12:53.038397Z [INFO] [BlueBubblesApp] annotations [{range: [0, 10]}]
01-18 16:12:53.210 I/flutter (15063): 2026-01-18T21:12:53.210814Z [INFO] [BlueBubblesApp] a How u doin  How u doin m
01-18 16:12:53.211 I/flutter (15063): 2026-01-18T21:12:53.211093Z [INFO] [BlueBubblesApp] annotations [{range: [0, 11]}]
01-18 16:12:53.294 I/flutter (15063): 2026-01-18T21:12:53.294815Z [INFO] [BlueBubblesApp] a How u doin m How u doin ma
01-18 16:12:53.294 I/flutter (15063): 2026-01-18T21:12:53.294977Z [INFO] [BlueBubblesApp] annotations [{range: [0, 12]}]
01-18 16:12:53.386 I/flutter (15063): 2026-01-18T21:12:53.386618Z [INFO] [BlueBubblesApp] a How u doin ma How u doin mam
01-18 16:12:53.387 I/flutter (15063): 2026-01-18T21:12:53.386974Z [INFO] [BlueBubblesApp] annotations [{range: [0, 13]}]
01-18 16:12:53.449 I/flutter (15063): 2026-01-18T21:12:53.449078Z [INFO] [BlueBubblesApp] a How u doin mam How u doin mama
01-18 16:12:53.449 I/flutter (15063): 2026-01-18T21:12:53.449529Z [INFO] [BlueBubblesApp] annotations [{range: [0, 14]}]
01-18 16:12:53.914 I/flutter (15063): 2026-01-18T21:12:53.914859Z [INFO] [BlueBubblesApp] a How u doin mama How u doin mama?
01-18 16:12:53.915 I/flutter (15063): 2026-01-18T21:12:53.915062Z [INFO] [BlueBubblesApp] annotations [{range: [0, 15]}]
01-18 16:12:54.644 I/flutter (15063): 2026-01-18T21:12:54.644053Z [INFO] [BlueBubblesApp] a How u doin mama? How u doin mama?
01-18 16:12:54.644 I/flutter (15063): 2026-01-18T21:12:54.644248Z [INFO] [BlueBubblesApp] a How u doin mama? How u doin mama?
01-18 16:12:54.644 I/flutter (15063): 2026-01-18T21:12:54.644849Z [INFO] [BlueBubblesApp] a How u doin mama? 
01-18 16:12:54.645 I/flutter (15063): 2026-01-18T21:12:54.644981Z [INFO] [BlueBubblesApp] annotations []
01-18 16:12:54.666 I/flutter (15063): 2026-01-18T21:12:54.666710Z [INFO] [BlueBubblesApp] Sending method delete-notification to Kotlin
01-18 16:12:54.673 I/flutter (15063): 2026-01-18T21:12:54.673611Z [INFO] [BlueBubblesApp] sending 09EF2FE1-0210-41B5-AFAC-2796E23D9888
01-18 16:12:54.683 I/flutter (15063): listening 1834
01-18 16:12:55.007 I/flutter (15063): 2026-01-18T21:12:55.006963Z [INFO] [BlueBubblesApp] Guid null
01-18 16:12:55.023 I/flutter (15063): 2026-01-18T21:12:55.023810Z [INFO] [BlueBubblesApp] Guid null
01-18 16:12:55.055 I/flutter (15063): 2026-01-18T21:12:55.055301Z [INFO] [BlueBubblesApp] Guid null
01-18 16:12:55.072 I/flutter (15063): 2026-01-18T21:12:55.072441Z [INFO] [BlueBubblesApp] Guid null
01-18 16:12:55.105 I/flutter (15063): 2026-01-18T21:12:55.105692Z [INFO] [BlueBubblesApp] Guid null
01-18 16:12:55.140 I/flutter (15063): 2026-01-18T21:12:55.140464Z [INFO] [BlueBubblesApp] Guid null
01-18 16:12:55.172 I/flutter (15063): 2026-01-18T21:12:55.172425Z [INFO] [BlueBubblesApp] Guid null
01-18 16:12:55.191 I/flutter (15063): 2026-01-18T21:12:55.191915Z [INFO] [BlueBubblesApp] got message 33 0
01-18 16:12:55.192 I/flutter (15063): 2026-01-18T21:12:55.192464Z [INFO] [BlueBubblesApp] waitingForInit 33 0
01-18 16:12:55.192 I/flutter (15063): 2026-01-18T21:12:55.192555Z [INFO] [BlueBubblesApp] Handling 33 0
01-18 16:12:55.192 I/flutter (15063): 2026-01-18T21:12:55.192581Z [INFO] [BlueBubblesApp] starting 09EF2FE1-0210-41B5-AFAC-2796E23D9888
01-18 16:12:55.200 I/flutter (15063): 2026-01-18T21:12:55.200904Z [INFO] [BlueBubblesApp] Marking as handled 33
01-18 16:12:55.201 I/flutter (15063): 2026-01-18T21:12:55.200991Z [INFO] [BlueBubblesApp] Marking as handled commit 33
01-18 16:12:55.201 I/flutter (15063): 2026-01-18T21:12:55.201204Z [INFO] [ActionHandler] Updated message: [How u doin mama?] delivered at 2026-01-18 16:12:55.372 - for chat [F06613EB-A19E-4489-AD83-C5EFDAEED088]
01-18 16:12:55.204 I/flutter (15063): 2026-01-18T21:12:55.204829Z [INFO] [BlueBubblesApp] finish message 33 0
01-18 16:12:55.579 W/QC2Filter( 1668): [imgTxrF_193] release returned error retval=-1
01-18 16:12:55.581 I/flutter (15063): 2026-01-18T21:12:55.581334Z [INFO] [BlueBubblesApp] reflecting msg
01-18 16:12:55.596 I/flutter (15063): 2026-01-18T21:12:55.596137Z [INFO] [BlueBubblesApp] a  
01-18 16:12:55.919 I/flutter (15063): 2026-01-18T21:12:55.919816Z [INFO] [BlueBubblesApp] got message 34 0
01-18 16:12:55.920 I/flutter (15063): 2026-01-18T21:12:55.920261Z [INFO] [BlueBubblesApp] got message 35 0
01-18 16:12:55.923 I/flutter (15063): 2026-01-18T21:12:55.923697Z [INFO] [BlueBubblesApp] waitingForInit 34 0
01-18 16:12:55.923 I/flutter (15063): 2026-01-18T21:12:55.923820Z [INFO] [BlueBubblesApp] Handling 34 0
01-18 16:12:55.924 I/flutter (15063): 2026-01-18T21:12:55.924091Z [INFO] [BlueBubblesApp] SendFinished
01-18 16:12:55.925 I/flutter (15063): 2026-01-18T21:12:55.925389Z [INFO] [BlueBubblesApp] Marking as handled 34
01-18 16:12:55.925 I/flutter (15063): 2026-01-18T21:12:55.925501Z [INFO] [BlueBubblesApp] Marking as handled commit 34
01-18 16:12:55.925 I/flutter (15063): 2026-01-18T21:12:55.925755Z [INFO] [BlueBubblesApp] waitingForInit 35 0
01-18 16:12:55.925 I/flutter (15063): 2026-01-18T21:12:55.925848Z [INFO] [BlueBubblesApp] Handling 35 0
01-18 16:12:55.925 I/flutter (15063): 2026-01-18T21:12:55.925898Z [INFO] [BlueBubblesApp] starting 09EF2FE1-0210-41B5-AFAC-2796E23D9888
01-18 16:12:55.927 I/flutter (15063): 2026-01-18T21:12:55.927331Z [INFO] [BlueBubblesApp] finish message 34 0
01-18 16:12:55.928 I/flutter (15063): 2026-01-18T21:12:55.928919Z [INFO] [BlueBubblesApp] Marking as handled 35
01-18 16:12:55.929 I/flutter (15063): 2026-01-18T21:12:55.929002Z [INFO] [BlueBubblesApp] Marking as handled commit 35
01-18 16:12:55.929 I/flutter (15063): 2026-01-18T21:12:55.929192Z [INFO] [ActionHandler] Updated message: [How u doin mama?] delivered at 2026-01-18 16:12:56.144 - for chat [F06613EB-A19E-4489-AD83-C5EFDAEED088]
01-18 16:12:55.932 I/flutter (15063): 2026-01-18T21:12:55.932458Z [INFO] [BlueBubblesApp] finish message 35 0
01-18 16:12:56.458 I/flutter (15063): 2026-01-18T21:12:56.458758Z [INFO] [BlueBubblesApp] ensuring keys
01-18 16:12:56.469 I/flutter (15063): 2026-01-18T21:12:56.469450Z [INFO] [BlueBubblesApp] Sending method delete-notification to Kotlin
01-18 16:12:56.497 I/flutter (15063): 2026-01-18T21:12:56.497571Z [INFO] [BlueBubblesApp] finished ensuring keys 2/2
01-18 16:12:56.497 I/flutter (15063): 2026-01-18T21:12:56.497665Z [INFO] [BlueBubblesApp] showing interest in handle tel:+14019992614
01-18 16:12:56.503 I/flutter (15063): 2026-01-18T21:12:56.503361Z [INFO] [BlueBubblesApp] showed interest in handles
01-18 16:12:56.771 I/flutter (15063): listening 1831
01-18 16:12:56.772 I/flutter (15063): listening 1806
01-18 16:12:56.772 I/flutter (15063): listening 1800
01-18 16:12:56.772 I/flutter (15063): listening 1799
01-18 16:12:56.772 I/flutter (15063): listening 1798
01-18 16:12:56.773 I/flutter (15063): listening 1797
01-18 16:12:56.773 I/flutter (15063): listening 1796
01-18 16:12:56.773 I/flutter (15063): listening 1795
01-18 16:12:56.773 I/flutter (15063): listening 1794
01-18 16:12:56.773 I/flutter (15063): listening 1793
01-18 16:12:56.774 I/flutter (15063): listening 1791
01-18 16:12:56.774 I/flutter (15063): listening 1786
01-18 16:12:56.774 I/flutter (15063): listening 1785
01-18 16:12:56.774 I/flutter (15063): listening 1783
01-18 16:12:56.774 I/flutter (15063): listening 1782
01-18 16:12:56.775 I/flutter (15063): listening 1780
01-18 16:12:56.775 I/flutter (15063): listening 1779
01-18 16:12:56.775 I/flutter (15063): listening 1778
01-18 16:12:56.775 I/flutter (15063): listening 1777
01-18 16:12:56.775 I/flutter (15063): listening 1776
01-18 16:12:56.775 I/flutter (15063): listening 1775
01-18 16:12:56.775 I/flutter (15063): listening 1774
01-18 16:12:56.775 I/flutter (15063): listening 1773
01-18 16:12:56.775 I/flutter (15063): listening 1772
01-18 16:12:56.775 I/flutter (15063): listening 1771
01-18 16:12:56.790 I/flutter (15063): 2026-01-18T21:12:56.790182Z [INFO] [BlueBubblesApp] Guid null
01-18 16:12:56.849 I/media_kit(15063): flutterJNIAPIAvailable = true
01-18 16:12:56.849 I/flutter (15063): {id: 4}
01-18 16:12:56.879 I/media_kit(15063): flutterJNIAPIAvailable = true
01-18 16:12:56.879 I/flutter (15063): {id: 5}
01-18 16:12:56.896 I/media_kit(15063): flutterJNIAPIAvailable = true
01-18 16:12:56.897 I/flutter (15063): {id: 6}
01-18 16:12:56.904 I/flutter (15063): {wid: 21354}
01-18 16:12:56.905 I/flutter (15063): {wid: 21414}
01-18 16:12:56.905 I/flutter (15063): {wid: 21446}
01-18 16:12:57.108 I/AudioPolicyEffectException( 1724): MySpaceHandler::checkDetachCondition media 1, ring 0, mp 0
01-18 16:12:57.108 I/AudioPolicyEffectException( 1724): MySpace detach value 1
01-18 16:12:57.150 I/AudioPolicyEffectException( 1724): MySpaceHandler::checkDetachCondition media 1, ring 0, mp 0
01-18 16:12:57.150 I/AudioPolicyEffectException( 1724): MySpace detach value 1
01-18 16:12:57.159 E/libOpenSLES(15063): Configuration error: unknown key
01-18 16:12:57.173 E/libOpenSLES(15063): Configuration error: unknown key
01-18 16:12:57.204 E/ACDB    ( 1611): vendor/qcom/proprietary/args/acdb/src/acdb_command.c:AcdbCmdGetProcSubgraphCalDataPersist:8247 Error[19]: No calibration found
01-18 16:12:57.204 E/ACDB    ( 1611): vendor/qcom/proprietary/args/acdb/src/acdb_command.c:AcdbCmdGetProcSubgraphCalDataPersist:8247 Error[19]: No calibration found
01-18 16:12:57.204 E/ACDB    ( 1611): vendor/qcom/proprietary/args/acdb/src/acdb_command.c:AcdbCmdGetProcSubgraphCalDataPersist:8247 Error[19]: No calibration found
01-18 16:12:57.204 E/ACDB    ( 1611): vendor/qcom/proprietary/args/acdb/src/acdb_command.c:AcdbCmdGetProcSubgraphCalDataPersist:8247 Error[19]: No calibration found
01-18 16:12:57.206 E/ACDB    ( 1611): vendor/qcom/proprietary/args/acdb/src/acdb_command.c:AcdbCmdGetProcSubgraphCalDataPersist:8247 Error[19]: No calibration found
01-18 16:12:57.206 E/ACDB    ( 1611): vendor/qcom/proprietary/args/acdb/src/acdb_command.c:AcdbCmdGetProcSubgraphCalDataPersist:8247 Error[19]: No calibration found
01-18 16:12:57.206 E/ACDB    ( 1611): vendor/qcom/proprietary/args/acdb/src/acdb_command.c:AcdbCmdGetProcSubgraphCalDataPersist:8247 Error[19]: No calibration found
01-18 16:12:57.206 E/ACDB    ( 1611): vendor/qcom/proprietary/args/acdb/src/acdb_command.c:AcdbCmdGetProcSubgraphCalDataPersist:8247 Error[19]: No calibration found
01-18 16:12:57.273 I/AudioPolicyEffectException( 1724): MySpaceHandler::checkDetachCondition media 1, ring 0, mp 0
01-18 16:12:57.273 I/AudioPolicyEffectException( 1724): MySpace detach value 1
01-18 16:12:57.274 E/libOpenSLES(15063): Configuration error: unknown key
01-18 16:12:57.282 W/QC2Filter( 1668): [imgTxrF_254] release returned error retval=-1
01-18 16:12:57.409 W/QC2Filter( 1668): [imgTxrF_255] release returned error retval=-1
01-18 16:12:57.491 I/flutter (15063): VideoOutput.WaitUntilFirstFrameRenderedNotify
01-18 16:12:57.491 I/flutter (15063): {handle: -5476376621279037136}
01-18 16:12:57.491 I/flutter (15063): -5476376621279037136
01-18 16:12:57.554 W/QC2Filter( 1668): [imgTxrF_256] release returned error retval=-1
01-18 16:12:57.662 I/flutter (15063): VideoOutput.WaitUntilFirstFrameRenderedNotify
01-18 16:12:57.662 I/flutter (15063): {handle: -5476376621279226576}
01-18 16:12:57.662 I/flutter (15063): -5476376621279226576
01-18 16:12:57.744 I/flutter (15063): VideoOutput.WaitUntilFirstFrameRenderedNotify
01-18 16:12:57.744 I/flutter (15063): {handle: -5476376621279551584}
01-18 16:12:57.744 I/flutter (15063): -5476376621279551584
01-18 16:12:58.748 I/flutter (15063): 2026-01-18T21:12:58.748896Z [INFO] [BlueBubblesApp] a  
01-18 16:12:58.756 I/InsetsController(15063): setRequestedVisibleTypes: visible=true, mask=ime, host=com.openbubbles.messaging/com.bluebubbles.messaging.MainActivity, from=android.view.InsetsController.controlAnimationUnchecked:1604 android.view.InsetsController.applyAnimation:2416 android.view.InsetsController.applyAnimation:2343 android.view.InsetsController.show:1422 android.view.inputmethod.InputMethodManager.showSoftInput:2659 android.view.inputmethod.InputMethodManager.showSoftInput:2571 android.view.inputmethod.InputMethodManager.showSoftInput:2563 android.view.inputmethod.InputMethodManager.showSoftInput:2491 io.flutter.plugin.editing.TextInputPlugin.showTextInput:387 io.flutter.plugin.editing.TextInputPlugin$1.show:93 
01-18 16:12:58.904 W/aomt    ( 4493): java.util.concurrent.ExecutionException: fryr: No data was found for the table autofill-domain-predictions-prod-spanner.
01-18 16:12:58.942 I/flutter (15063): 2026-01-18T21:12:58.942528Z [INFO] [BlueBubblesApp] Guid null
01-18 16:12:58.958 I/flutter (15063): 2026-01-18T21:12:58.958824Z [INFO] [BlueBubblesApp] Guid null
01-18 16:12:58.975 I/flutter (15063): 2026-01-18T21:12:58.975639Z [INFO] [BlueBubblesApp] Guid null
01-18 16:12:58.992 I/flutter (15063): 2026-01-18T21:12:58.992428Z [INFO] [BlueBubblesApp] Guid null
01-18 16:12:59.009 I/flutter (15063): 2026-01-18T21:12:59.009003Z [INFO] [BlueBubblesApp] Guid null
01-18 16:12:59.025 I/flutter (15063): 2026-01-18T21:12:59.025934Z [INFO] [BlueBubblesApp] Guid null
01-18 16:12:59.042 I/flutter (15063): 2026-01-18T21:12:59.042705Z [INFO] [BlueBubblesApp] Guid null
01-18 16:12:59.059 I/flutter (15063): 2026-01-18T21:12:59.059203Z [INFO] [BlueBubblesApp] Guid null
01-18 16:12:59.075 I/flutter (15063): 2026-01-18T21:12:59.075799Z [INFO] [BlueBubblesApp] Guid null
01-18 16:12:59.092 I/flutter (15063): 2026-01-18T21:12:59.092405Z [INFO] [BlueBubblesApp] Guid null
01-18 16:12:59.109 I/flutter (15063): 2026-01-18T21:12:59.109097Z [INFO] [BlueBubblesApp] Guid null
01-18 16:12:59.753 I/flutter (15063): 2026-01-18T21:12:59.753229Z [INFO] [BlueBubblesApp] a  It
01-18 16:12:59.753 I/flutter (15063): 2026-01-18T21:12:59.753451Z [INFO] [BlueBubblesApp] annotations []
01-18 16:12:59.945 I/flutter (15063): 2026-01-18T21:12:59.945113Z [INFO] [BlueBubblesApp] a It It 
01-18 16:12:59.945 I/flutter (15063): 2026-01-18T21:12:59.945303Z [INFO] [BlueBubblesApp] annotations [{range: [0, 2]}]
01-18 16:13:00.255 I/flutter (15063): 2026-01-18T21:13:00.255271Z [INFO] [BlueBubblesApp] a It  It was
01-18 16:13:00.255 I/flutter (15063): 2026-01-18T21:13:00.255525Z [INFO] [BlueBubblesApp] annotations [{range: [0, 3]}]
01-18 16:13:00.480 I/flutter (15063): 2026-01-18T21:13:00.480110Z [INFO] [BlueBubblesApp] a It was It was 
01-18 16:13:00.480 I/flutter (15063): 2026-01-18T21:13:00.480549Z [INFO] [BlueBubblesApp] annotations [{range: [0, 6]}]
01-18 16:13:01.319 I/flutter (15063): 2026-01-18T21:13:01.319474Z [INFO] [BlueBubblesApp] a It was  It was random
01-18 16:13:01.319 I/flutter (15063): 2026-01-18T21:13:01.319637Z [INFO] [BlueBubblesApp] annotations [{range: [0, 7]}]
01-18 16:13:03.438 I/flutter (15063): 2026-01-18T21:13:03.438102Z [INFO] [BlueBubblesApp] a It was random It was random 
01-18 16:13:03.438 I/flutter (15063): 2026-01-18T21:13:03.438448Z [INFO] [BlueBubblesApp] annotations [{range: [0, 13]}]
01-18 16:13:03.673 I/flutter (15063): 2026-01-18T21:13:03.673295Z [INFO] [BlueBubblesApp] a It was random  It was random l
01-18 16:13:03.673 I/flutter (15063): 2026-01-18T21:13:03.673771Z [INFO] [BlueBubblesApp] annotations [{range: [0, 14]}]
01-18 16:13:03.815 I/flutter (15063): 2026-01-18T21:13:03.814958Z [INFO] [BlueBubblesApp] a It was random l It was random lo
01-18 16:13:03.815 I/flutter (15063): 2026-01-18T21:13:03.815281Z [INFO] [BlueBubblesApp] annotations [{range: [0, 15]}]
01-18 16:13:03.956 I/flutter (15063): 2026-01-18T21:13:03.956232Z [INFO] [BlueBubblesApp] a It was random lo It was random lol
01-18 16:13:03.956 I/flutter (15063): 2026-01-18T21:13:03.956455Z [INFO] [BlueBubblesApp] annotations [{range: [0, 16]}]
01-18 16:13:04.203 I/flutter (15063): 2026-01-18T21:13:04.203929Z [INFO] [BlueBubblesApp] a It was random lol It was random lol
01-18 16:13:04.204 I/flutter (15063): 2026-01-18T21:13:04.204496Z [INFO] [BlueBubblesApp] a It was random lol It was random lol
01-18 16:13:04.205 I/flutter (15063): 2026-01-18T21:13:04.205439Z [INFO] [BlueBubblesApp] a It was random lol 
01-18 16:13:04.206 I/flutter (15063): 2026-01-18T21:13:04.206018Z [INFO] [BlueBubblesApp] annotations []
01-18 16:13:04.228 I/flutter (15063): 2026-01-18T21:13:04.228678Z [INFO] [BlueBubblesApp] Sending method delete-notification to Kotlin
01-18 16:13:04.235 I/flutter (15063): 2026-01-18T21:13:04.235327Z [INFO] [BlueBubblesApp] sending 8D258235-4194-4417-9083-0D4D4FAA553F
01-18 16:13:04.248 I/flutter (15063): listening 1835
01-18 16:13:04.281 W/QC2Filter( 1668): [imgTxrF_259] release returned error retval=-1
01-18 16:13:04.352 W/QC2Filter( 1668): [imgTxrF_260] release returned error retval=-1
01-18 16:13:04.366 W/QC2Filter( 1668): [imgTxrF_257] release returned error retval=-1
01-18 16:13:04.414 W/QC2Filter( 1668): [imgTxrF_261] release returned error retval=-1
01-18 16:13:04.542 W/QC2Filter( 1668): [imgTxrF_262] release returned error retval=-1
01-18 16:13:04.597 I/flutter (15063): 2026-01-18T21:13:04.597810Z [INFO] [BlueBubblesApp] Guid null
01-18 16:13:04.651 W/QC2Filter( 1668): [imgTxrF_263] release returned error retval=-1
01-18 16:13:04.720 I/flutter (15063): 2026-01-18T21:13:04.720586Z [INFO] [BlueBubblesApp] Guid null
01-18 16:13:04.748 I/flutter (15063): 2026-01-18T21:13:04.748635Z [INFO] [BlueBubblesApp] Guid null
01-18 16:13:04.883 W/QC2Filter( 1668): [imgTxrF_265] release returned error retval=-1
01-18 16:13:04.895 I/flutter (15063): 2026-01-18T21:13:04.895006Z [INFO] [BlueBubblesApp] a  
01-18 16:13:04.897 W/QC2Filter( 1668): [imgTxrF_264] release returned error retval=-1
01-18 16:13:04.914 W/QC2Filter( 1668): [imgTxrF_258] release returned error retval=-1
01-18 16:13:04.928 I/flutter (15063): 2026-01-18T21:13:04.928229Z [INFO] [BlueBubblesApp] reflecting msg
01-18 16:13:04.929 I/flutter (15063): 2026-01-18T21:13:04.929069Z [INFO] [BlueBubblesApp] got message 36 0
01-18 16:13:04.929 I/flutter (15063): 2026-01-18T21:13:04.929223Z [INFO] [BlueBubblesApp] got message 37 0
01-18 16:13:04.931 I/flutter (15063): 2026-01-18T21:13:04.931143Z [INFO] [BlueBubblesApp] waitingForInit 36 0
01-18 16:13:04.931 I/flutter (15063): 2026-01-18T21:13:04.931200Z [INFO] [BlueBubblesApp] Handling 36 0
01-18 16:13:04.931 I/flutter (15063): 2026-01-18T21:13:04.931216Z [INFO] [BlueBubblesApp] starting 8D258235-4194-4417-9083-0D4D4FAA553F
01-18 16:13:04.931 I/flutter (15063): 2026-01-18T21:13:04.931361Z [INFO] [BlueBubblesApp] waitingForInit 37 0
01-18 16:13:04.931 I/flutter (15063): 2026-01-18T21:13:04.931425Z [INFO] [BlueBubblesApp] Handling 37 0
01-18 16:13:04.931 I/flutter (15063): 2026-01-18T21:13:04.931442Z [INFO] [BlueBubblesApp] starting D1CC6E9E-E46C-42DA-800A-8E94EDF24C69
01-18 16:13:04.938 I/flutter (15063): 2026-01-18T21:13:04.938210Z [INFO] [BlueBubblesApp] Marking as handled 36
01-18 16:13:04.938 I/flutter (15063): 2026-01-18T21:13:04.938276Z [INFO] [BlueBubblesApp] Marking as handled commit 36
01-18 16:13:04.938 I/flutter (15063): 2026-01-18T21:13:04.938428Z [INFO] [ActionHandler] Updated message: [It was random lol] delivered at 2026-01-18 16:13:05.125 - for chat [06a2d115-4e3e-416c-b0b6-98eec51e0c40]
01-18 16:13:04.942 I/flutter (15063): 2026-01-18T21:13:04.942052Z [INFO] [BlueBubblesApp] finish message 36 0
01-18 16:13:04.946 I/flutter (15063): 2026-01-18T21:13:04.946769Z [INFO] [BlueBubblesApp] Reflecting D1CC6E9E-E46C-42DA-800A-8E94EDF24C69
01-18 16:13:04.946 I/flutter (15063): 2026-01-18T21:13:04.946835Z [INFO] [BlueBubblesApp] reflecting msg
01-18 16:13:04.952 I/flutter (15063): 2026-01-18T21:13:04.952638Z [INFO] [BlueBubblesApp] Reflect finished D1CC6E9E-E46C-42DA-800A-8E94EDF24C69
01-18 16:13:04.952 I/flutter (15063): 2026-01-18T21:13:04.952680Z [INFO] [BlueBubblesApp] Queing
01-18 16:13:04.952 I/flutter (15063): 2026-01-18T21:13:04.952698Z [INFO] [BlueBubblesApp] handling new null
01-18 16:13:04.953 I/flutter (15063): 2026-01-18T21:13:04.953001Z [INFO] [ActionHandler] New message: [Eh been ok ] - for chat [F06613EB-A19E-4489-AD83-C5EFDAEED088]
01-18 16:13:04.953 I/flutter (15063): 2026-01-18T21:13:04.953200Z [INFO] [BlueBubblesApp] Marking as handled 37
01-18 16:13:04.953 I/flutter (15063): 2026-01-18T21:13:04.953224Z [INFO] [BlueBubblesApp] Marking as handled processing wait 37
01-18 16:13:04.957 I/flutter (15063): 2026-01-18T21:13:04.957620Z [INFO] [BlueBubblesApp] Marking as handled commit 37
01-18 16:13:04.961 I/flutter (15063): 2026-01-18T21:13:04.961127Z [INFO] [BlueBubblesApp] finish message 37 0
01-18 16:13:05.403 I/flutter (15063): 2026-01-18T21:13:05.403868Z [INFO] [BlueBubblesApp] got message 38 0
01-18 16:13:05.404 I/flutter (15063): 2026-01-18T21:13:05.404187Z [INFO] [BlueBubblesApp] waitingForInit 38 0
01-18 16:13:05.404 I/flutter (15063): 2026-01-18T21:13:05.404270Z [INFO] [BlueBubblesApp] Handling 38 0
01-18 16:13:05.404 I/flutter (15063): 2026-01-18T21:13:05.404289Z [INFO] [BlueBubblesApp] starting F3D33086-4A49-4A54-8C17-98FD9D36F803
01-18 16:13:05.409 I/flutter (15063): 2026-01-18T21:13:05.409250Z [INFO] [BlueBubblesApp] Marking as handled 38
01-18 16:13:05.409 I/flutter (15063): 2026-01-18T21:13:05.409296Z [INFO] [BlueBubblesApp] Marking as handled commit 38
01-18 16:13:05.414 I/flutter (15063): 2026-01-18T21:13:05.414423Z [INFO] [BlueBubblesApp] finish message 38 0
01-18 16:13:05.424 V/WindowManager( 2561):     startWCT=WindowContainerTransaction { changes= {} hops= [] errorCallbackToken=null taskFragmentOrganizer=null }
01-18 16:13:05.633 I/SV[125808318 MainActivity](15063): onWindowVisibilityChanged(8) false io.flutter.embedding.android.FlutterSurfaceView{77faebe V.E...... ........ 0,0-1080,2340} of VRI[MainActivity]@ab8eca0
01-18 16:13:05.633 I/SV[125808318 MainActivity](15063): surfaceDestroyed callback.size 1 #2 io.flutter.embedding.android.FlutterSurfaceView{77faebe V.E...... ........ 0,0-1080,2340}
01-18 16:13:05.676 I/SV[125808318 MainActivity](15063): windowStopped(true) false io.flutter.embedding.android.FlutterSurfaceView{77faebe V.E...... ........ 0,0-1080,2340} of VRI[MainActivity]@ab8eca0
01-18 16:13:05.788 D/QuickPanelLog( 4166):  - com.android.systemui.shade.NotificationShadeWindowControllerImpl.batchApplyWindowLayoutParams:7
01-18 16:13:05.953 D/QuickPanelLog( 4166):  - com.android.systemui.shade.NotificationShadeWindowControllerImpl.batchApplyWindowLayoutParams:7
01-18 16:13:06.945 I/flutter (15063): 2026-01-18T21:13:06.945651Z [INFO] [BlueBubblesApp] got message 39 0
01-18 16:13:06.946 I/flutter (15063): 2026-01-18T21:13:06.946626Z [INFO] [BlueBubblesApp] waitingForInit 39 0
01-18 16:13:06.946 I/flutter (15063): 2026-01-18T21:13:06.946771Z [INFO] [BlueBubblesApp] Handling 39 0
01-18 16:13:06.946 I/flutter (15063): 2026-01-18T21:13:06.946829Z [INFO] [BlueBubblesApp] starting F3D33086-4A49-4A54-8C17-98FD9D36F803
01-18 16:13:06.959 I/flutter (15063): 2026-01-18T21:13:06.959216Z [INFO] [BlueBubblesApp] Reflecting F3D33086-4A49-4A54-8C17-98FD9D36F803
01-18 16:13:06.959 I/flutter (15063): 2026-01-18T21:13:06.959322Z [INFO] [BlueBubblesApp] reflecting msg
01-18 16:13:06.968 I/flutter (15063): 2026-01-18T21:13:06.968283Z [INFO] [BlueBubblesApp] Reflect finished F3D33086-4A49-4A54-8C17-98FD9D36F803
01-18 16:13:06.968 I/flutter (15063): 2026-01-18T21:13:06.968370Z [INFO] [BlueBubblesApp] Queing
01-18 16:13:06.968 I/flutter (15063): 2026-01-18T21:13:06.968420Z [INFO] [BlueBubblesApp] handling new null
01-18 16:13:06.969 I/flutter (15063): 2026-01-18T21:13:06.969050Z [INFO] [ActionHandler] New message: [You ] - for chat [F06613EB-A19E-4489-AD83-C5EFDAEED088]
01-18 16:13:06.971 I/flutter (15063): 2026-01-18T21:13:06.970982Z [INFO] [BlueBubblesApp] Marking as handled 39
01-18 16:13:06.971 I/flutter (15063): 2026-01-18T21:13:06.971071Z [INFO] [BlueBubblesApp] Marking as handled processing wait 39
01-18 16:13:07.534 I/flutter (15063): 2026-01-18T21:13:07.534771Z [INFO] [BlueBubblesApp] Sending method create-incoming-message-notification to Kotlin
01-18 16:13:07.605 I/flutter (15063): 2026-01-18T21:13:07.605363Z [INFO] [BlueBubblesApp] Marking as handled commit 39
01-18 16:13:07.606 I/flutter (15063): 2026-01-18T21:13:07.606452Z [INFO] [BlueBubblesApp] finish message 39 0
01-18 16:13:07.690 D/QuickPanelLog( 4166):  - com.android.systemui.shade.NotificationShadeWindowControllerImpl.batchApplyWindowLayoutParams:7
01-18 16:13:07.936 W/System.err( 8585): android.content.pm.PackageManager$NameNotFoundException: com.jamworks.alwaysondisplay.ischarging
01-18 16:13:09.902 V/WindowManager( 2561):     startWCT=WindowContainerTransaction { changes= {} hops= [] errorCallbackToken=null taskFragmentOrganizer=null }
01-18 16:13:09.903 I/SV[125808318 MainActivity](15063): onWindowVisibilityChanged(0) false io.flutter.embedding.android.FlutterSurfaceView{77faebe V.E...... ......ID 0,0-1080,2340} of VRI[MainActivity]@ab8eca0
01-18 16:13:09.909 I/SV[125808318 MainActivity](15063): windowStopped(false) true io.flutter.embedding.android.FlutterSurfaceView{77faebe V.E...... ......ID 0,0-1080,2340} of VRI[MainActivity]@ab8eca0
01-18 16:13:09.911 I/SV[125808318 MainActivity](15063): surfaceCreated 1 #1 io.flutter.embedding.android.FlutterSurfaceView{77faebe V.E...... ......ID 0,0-1080,2340}
01-18 16:13:09.912 I/SV[125808318 MainActivity](15063): surfaceChanged (1080,2340) 1 #1 io.flutter.embedding.android.FlutterSurfaceView{77faebe V.E...... ......ID 0,0-1080,2340}
01-18 16:13:09.979 I/flutter (15063): 2026-01-18T21:13:09.979071Z [INFO] [BlueBubblesApp] Setting active chat to alive: null
01-18 16:13:09.979 I/flutter (15063): 2026-01-18T21:13:09.979715Z [INFO] [BlueBubblesApp] Sending method get-zen-mode to Kotlin
01-18 16:13:09.979 I/flutter (15063): 2026-01-18T21:13:09.979877Z [INFO] [BlueBubblesApp] Sending method extension-status to Kotlin
01-18 16:13:10.729 I/flutter (15063): 2026-01-18T21:13:10.729648Z [INFO] [BlueBubblesApp] got message 40 0
01-18 16:13:10.730 I/flutter (15063): 2026-01-18T21:13:10.730293Z [INFO] [BlueBubblesApp] waitingForInit 40 0
01-18 16:13:10.730 I/flutter (15063): 2026-01-18T21:13:10.730392Z [INFO] [BlueBubblesApp] Handling 40 0
01-18 16:13:10.730 I/flutter (15063): 2026-01-18T21:13:10.730414Z [INFO] [BlueBubblesApp] starting 8D258235-4194-4417-9083-0D4D4FAA553F
01-18 16:13:10.732 I/flutter (15063): 2026-01-18T21:13:10.732962Z [INFO] [BlueBubblesApp] Marking as handled 40
01-18 16:13:10.733 I/flutter (15063): 2026-01-18T21:13:10.733055Z [INFO] [BlueBubblesApp] Marking as handled commit 40
01-18 16:13:10.733 I/flutter (15063): 2026-01-18T21:13:10.733220Z [INFO] [ActionHandler] Updated message: [It was random lol] read at 2026-01-18 16:13:10.958 - for chat [06a2d115-4e3e-416c-b0b6-98eec51e0c40]
01-18 16:13:10.736 I/flutter (15063): 2026-01-18T21:13:10.736311Z [INFO] [BlueBubblesApp] finish message 40 0
01-18 16:13:10.924 I/flutter (15063): 2026-01-18T21:13:10.924250Z [INFO] [BlueBubblesApp] ensuring keys
01-18 16:13:10.931 I/flutter (15063): 2026-01-18T21:13:10.931193Z [INFO] [BlueBubblesApp] Sending method delete-notification to Kotlin
01-18 16:13:10.956 I/flutter (15063): 2026-01-18T21:13:10.956673Z [INFO] [BlueBubblesApp] finished ensuring keys 2/2
01-18 16:13:10.956 I/flutter (15063): 2026-01-18T21:13:10.956715Z [INFO] [BlueBubblesApp] showing interest in handle tel:+17742804400
01-18 16:13:10.965 I/flutter (15063): 2026-01-18T21:13:10.965561Z [INFO] [BlueBubblesApp] showed interest in handles
01-18 16:13:11.230 I/flutter (15063): listening 1837
01-18 16:13:11.230 I/flutter (15063): listening 1836
01-18 16:13:11.230 I/flutter (15063): listening 1832
01-18 16:13:11.230 I/flutter (15063): listening 1758
01-18 16:13:11.230 I/flutter (15063): listening 1743
01-18 16:13:11.231 I/flutter (15063): listening 1742
01-18 16:13:11.231 I/flutter (15063): listening 1741
01-18 16:13:11.231 I/flutter (15063): listening 1740
01-18 16:13:11.231 I/flutter (15063): listening 1739
01-18 16:13:11.231 I/flutter (15063): listening 1738
01-18 16:13:11.231 I/flutter (15063): listening 1737
01-18 16:13:11.232 I/flutter (15063): listening 1736
01-18 16:13:11.232 I/flutter (15063): listening 1735
01-18 16:13:11.232 I/flutter (15063): listening 1734
01-18 16:13:11.232 I/flutter (15063): listening 1733
01-18 16:13:11.232 I/flutter (15063): listening 1732
01-18 16:13:11.232 I/flutter (15063): listening 1731
01-18 16:13:11.232 I/flutter (15063): listening 1730
01-18 16:13:11.233 I/flutter (15063): listening 1729
01-18 16:13:11.233 I/flutter (15063): listening 1727
01-18 16:13:11.233 I/flutter (15063): listening 1726
01-18 16:13:11.233 I/flutter (15063): listening 1592
01-18 16:13:11.238 I/flutter (15063): 2026-01-18T21:13:11.238859Z [INFO] [BlueBubblesApp] Guid null
01-18 16:13:11.607 W/System.err( 8585): android.content.pm.PackageManager$NameNotFoundException: com.jamworks.alwaysondisplay.ischarging
01-18 16:13:13.085 I/flutter (15063): 2026-01-18T21:13:13.085167Z [INFO] [BlueBubblesApp] got message 41 0
01-18 16:13:13.085 I/flutter (15063): 2026-01-18T21:13:13.085843Z [INFO] [BlueBubblesApp] waitingForInit 41 0
01-18 16:13:13.085 I/flutter (15063): 2026-01-18T21:13:13.085978Z [INFO] [BlueBubblesApp] Handling 41 0
01-18 16:13:13.086 I/flutter (15063): 2026-01-18T21:13:13.086012Z [INFO] [BlueBubblesApp] starting 4CEFFBCE-2009-4E1E-A496-1B6B0A88E814
01-18 16:13:13.093 I/flutter (15063): 2026-01-18T21:13:13.093551Z [INFO] [BlueBubblesApp] Marking as handled 41
01-18 16:13:13.093 I/flutter (15063): 2026-01-18T21:13:13.093652Z [INFO] [BlueBubblesApp] Marking as handled commit 41
01-18 16:13:13.099 I/flutter (15063): 2026-01-18T21:13:13.099224Z [INFO] [BlueBubblesApp] finish message 41 0
01-18 16:13:13.765 I/flutter (15063): 2026-01-18T21:13:13.765230Z [INFO] [BlueBubblesApp] a  
01-18 16:13:13.774 I/InsetsController(15063): setRequestedVisibleTypes: visible=true, mask=ime, host=com.openbubbles.messaging/com.bluebubbles.messaging.MainActivity, from=android.view.InsetsController.controlAnimationUnchecked:1604 android.view.InsetsController.applyAnimation:2416 android.view.InsetsController.applyAnimation:2343 android.view.InsetsController.show:1422 android.view.inputmethod.InputMethodManager.showSoftInput:2659 android.view.inputmethod.InputMethodManager.showSoftInput:2571 android.view.inputmethod.InputMethodManager.showSoftInput:2563 android.view.inputmethod.InputMethodManager.showSoftInput:2491 io.flutter.plugin.editing.TextInputPlugin.showTextInput:387 io.flutter.plugin.editing.TextInputPlugin$1.show:93 
01-18 16:13:13.840 W/aomt    ( 4493): java.util.concurrent.ExecutionException: fryr: No data was found for the table autofill-domain-predictions-prod-spanner.
01-18 16:13:13.942 I/flutter (15063): 2026-01-18T21:13:13.942732Z [INFO] [BlueBubblesApp] Guid null
01-18 16:13:13.958 I/flutter (15063): 2026-01-18T21:13:13.958808Z [INFO] [BlueBubblesApp] Guid null
01-18 16:13:13.975 I/flutter (15063): 2026-01-18T21:13:13.975207Z [INFO] [BlueBubblesApp] Guid null
01-18 16:13:13.992 I/sensors-hal( 1621): batch:363, android.sensor.pressure/61, period=100000000, max_latency=0 request completed
01-18 16:13:13.992 I/flutter (15063): 2026-01-18T21:13:13.992685Z [INFO] [BlueBubblesApp] Guid null
01-18 16:13:14.025 I/flutter (15063): 2026-01-18T21:13:14.025545Z [INFO] [BlueBubblesApp] Guid null
01-18 16:13:14.043 I/flutter (15063): 2026-01-18T21:13:14.043687Z [INFO] [BlueBubblesApp] Guid null
01-18 16:13:14.058 I/flutter (15063): 2026-01-18T21:13:14.058709Z [INFO] [BlueBubblesApp] Guid null
01-18 16:13:14.075 I/flutter (15063): 2026-01-18T21:13:14.075618Z [INFO] [BlueBubblesApp] Guid null
01-18 16:13:14.092 I/flutter (15063): 2026-01-18T21:13:14.092117Z [INFO] [BlueBubblesApp] Guid null
01-18 16:13:14.109 I/flutter (15063): 2026-01-18T21:13:14.109230Z [INFO] [BlueBubblesApp] Guid null
01-18 16:13:15.091 D/SLocation( 2561): ARDistanceLibManager - command callback received - CURRENT_LOCATION_REQUEST_DISTANCE ERROR CODE : ERROR_NONE
01-18 16:13:15.091 D/SLocation( 2561): CommonCoreManager - handleCommandCallback - FUNC_TYPE : SET_LOCATION  ERROR_CODE : ERROR_NONE
01-18 16:13:15.545 I/flutter (15063): 2026-01-18T21:13:15.545361Z [INFO] [BlueBubblesApp] a  I
01-18 16:13:15.545 I/flutter (15063): 2026-01-18T21:13:15.545589Z [INFO] [BlueBubblesApp] annotations []
01-18 16:13:15.820 I/flutter (15063): 2026-01-18T21:13:15.820087Z [INFO] [BlueBubblesApp] a I Im
01-18 16:13:15.820 I/flutter (15063): 2026-01-18T21:13:15.820502Z [INFO] [BlueBubblesApp] annotations [{range: [0, 1]}]
01-18 16:13:15.871 I/flutter (15063): 2026-01-18T21:13:15.871043Z [INFO] [BlueBubblesApp] got message 42 0
01-18 16:13:15.872 I/flutter (15063): 2026-01-18T21:13:15.872167Z [INFO] [BlueBubblesApp] waitingForInit 42 0
01-18 16:13:15.872 I/flutter (15063): 2026-01-18T21:13:15.872361Z [INFO] [BlueBubblesApp] Handling 42 0
01-18 16:13:15.872 I/flutter (15063): 2026-01-18T21:13:15.872411Z [INFO] [BlueBubblesApp] starting 4CEFFBCE-2009-4E1E-A496-1B6B0A88E814
01-18 16:13:15.882 I/flutter (15063): 2026-01-18T21:13:15.882024Z [INFO] [BlueBubblesApp] Reflecting 4CEFFBCE-2009-4E1E-A496-1B6B0A88E814
01-18 16:13:15.882 I/flutter (15063): 2026-01-18T21:13:15.882176Z [INFO] [BlueBubblesApp] reflecting msg
01-18 16:13:15.889 I/flutter (15063): 2026-01-18T21:13:15.889724Z [INFO] [BlueBubblesApp] Reflect finished 4CEFFBCE-2009-4E1E-A496-1B6B0A88E814
01-18 16:13:15.889 I/flutter (15063): 2026-01-18T21:13:15.889851Z [INFO] [BlueBubblesApp] Queing
01-18 16:13:15.889 I/flutter (15063): 2026-01-18T21:13:15.889948Z [INFO] [BlueBubblesApp] handling new null
01-18 16:13:15.890 I/flutter (15063): 2026-01-18T21:13:15.890361Z [INFO] [ActionHandler] New message: [I know ] - for chat [06a2d115-4e3e-416c-b0b6-98eec51e0c40]
01-18 16:13:15.890 I/flutter (15063): 2026-01-18T21:13:15.890778Z [INFO] [BlueBubblesApp] Marking as handled 42
01-18 16:13:15.890 I/flutter (15063): 2026-01-18T21:13:15.890871Z [INFO] [BlueBubblesApp] Marking as handled processing wait 42
01-18 16:13:15.908 I/flutter (15063): 2026-01-18T21:13:15.908204Z [INFO] [BlueBubblesApp] Marking as handled commit 42
01-18 16:13:15.977 I/flutter (15063): 2026-01-18T21:13:15.977347Z [INFO] [BlueBubblesApp] finish message 42 0
01-18 16:13:16.093 I/flutter (15063): 2026-01-18T21:13:16.093282Z [INFO] [BlueBubblesApp] a Im Im 
01-18 16:13:16.093 I/flutter (15063): 2026-01-18T21:13:16.093373Z [INFO] [BlueBubblesApp] annotations [{range: [0, 2]}]
01-18 16:13:16.140 I/flutter (15063): 2026-01-18T21:13:16.140274Z [INFO] [BlueBubblesApp] Sending method create-incoming-message-notification to Kotlin
01-18 16:13:16.338 I/flutter (15063): 2026-01-18T21:13:16.338126Z [INFO] [BlueBubblesApp] a Im  Im a
01-18 16:13:16.338 I/flutter (15063): 2026-01-18T21:13:16.338816Z [INFO] [BlueBubblesApp] annotations [{range: [0, 3]}]
01-18 16:13:16.604 I/flutter (15063): 2026-01-18T21:13:16.604160Z [INFO] [BlueBubblesApp] a Im a Im al
01-18 16:13:16.604 I/flutter (15063): 2026-01-18T21:13:16.604330Z [INFO] [BlueBubblesApp] annotations [{range: [0, 4]}]
01-18 16:13:16.897 I/flutter (15063): 2026-01-18T21:13:16.897520Z [INFO] [BlueBubblesApp] a Im al Im alr
01-18 16:13:16.897 I/flutter (15063): 2026-01-18T21:13:16.897835Z [INFO] [BlueBubblesApp] annotations [{range: [0, 5]}]
01-18 16:13:17.547 I/flutter (15063): 2026-01-18T21:13:17.547538Z [INFO] [BlueBubblesApp] a Im alr Im alright
01-18 16:13:17.547 I/flutter (15063): 2026-01-18T21:13:17.547754Z [INFO] [BlueBubblesApp] annotations [{range: [0, 6]}]
01-18 16:13:18.074 I/flutter (15063): 2026-01-18T21:13:18.074080Z [INFO] [BlueBubblesApp] a Im alright Im alright.
01-18 16:13:18.074 I/flutter (15063): 2026-01-18T21:13:18.074777Z [INFO] [BlueBubblesApp] annotations [{range: [0, 10]}]
01-18 16:13:18.264 I/flutter (15063): 2026-01-18T21:13:18.264549Z [INFO] [BlueBubblesApp] a Im alright. Im alright. 
01-18 16:13:18.264 I/flutter (15063): 2026-01-18T21:13:18.264813Z [INFO] [BlueBubblesApp] annotations [{range: [0, 11]}]
01-18 16:13:18.788 I/flutter (15063): 2026-01-18T21:13:18.788630Z [INFO] [BlueBubblesApp] a Im alright.  Im alright. Been
01-18 16:13:18.788 I/flutter (15063): 2026-01-18T21:13:18.788755Z [INFO] [BlueBubblesApp] annotations [{range: [0, 12]}]
01-18 16:13:18.965 I/flutter (15063): 2026-01-18T21:13:18.965299Z [INFO] [BlueBubblesApp] a Im alright. Been Im alright. Been 
01-18 16:13:18.965 I/flutter (15063): 2026-01-18T21:13:18.965703Z [INFO] [BlueBubblesApp] annotations [{range: [0, 16]}]
01-18 16:13:19.790 I/flutter (15063): 2026-01-18T21:13:19.790286Z [INFO] [BlueBubblesApp] a Im alright. Been  Im alright. Been thinking
01-18 16:13:19.790 I/flutter (15063): 2026-01-18T21:13:19.790416Z [INFO] [BlueBubblesApp] annotations [{range: [0, 17]}]
01-18 16:13:20.318 I/flutter (15063): 2026-01-18T21:13:20.318794Z [INFO] [BlueBubblesApp] a Im alright. Been thinking Im alright. Been thinking 
01-18 16:13:20.319 I/flutter (15063): 2026-01-18T21:13:20.319120Z [INFO] [BlueBubblesApp] annotations [{range: [0, 25]}]
01-18 16:13:20.530 I/flutter (15063): 2026-01-18T21:13:20.530314Z [INFO] [BlueBubblesApp] a Im alright. Been thinking  Im alright. Been thinking b
01-18 16:13:20.530 I/flutter (15063): 2026-01-18T21:13:20.530551Z [INFO] [BlueBubblesApp] annotations [{range: [0, 26]}]
01-18 16:13:20.715 I/flutter (15063): 2026-01-18T21:13:20.715563Z [INFO] [BlueBubblesApp] a Im alright. Been thinking b Im alright. Been thinking bo
01-18 16:13:20.715 I/flutter (15063): 2026-01-18T21:13:20.715679Z [INFO] [BlueBubblesApp] annotations [{range: [0, 27]}]
01-18 16:13:20.896 I/flutter (15063): 2026-01-18T21:13:20.896767Z [INFO] [BlueBubblesApp] a Im alright. Been thinking bo Im alright. Been thinking bou
01-18 16:13:20.896 I/flutter (15063): 2026-01-18T21:13:20.896945Z [INFO] [BlueBubblesApp] annotations [{range: [0, 28]}]
01-18 16:13:20.950 I/MetricsTransmissionManager( 6735): transmitKPIMetricBatch started
01-18 16:13:20.958 I/MetricsTransporter( 6735): minerva upload url:https://d7ae3d206ce5366b0f0105dc74e8b013274baf9c15fd9588c12a576fa3ac95c.us-east-1.prod.service.minerva.devices.a2z.com:443/metric-batch
01-18 16:13:20.962 I/MetricsTransporter( 6735): connection: com.android.okhttp.internal.huc.HttpURLConnectionImpl:https://d7ae3d206ce5366b0f0105dc74e8b013274baf9c15fd9588c12a576fa3ac95c.us-east-1.prod.service.minerva.devices.a2z.com:443/metric-batch
01-18 16:13:21.080 I/flutter (15063): 2026-01-18T21:13:21.080124Z [INFO] [BlueBubblesApp] a Im alright. Been thinking bou Im alright. Been thinking bout
01-18 16:13:21.080 I/flutter (15063): 2026-01-18T21:13:21.080320Z [INFO] [BlueBubblesApp] annotations [{range: [0, 29]}]
01-18 16:13:21.285 I/flutter (15063): 2026-01-18T21:13:21.284937Z [INFO] [BlueBubblesApp] a Im alright. Been thinking bout Im alright. Been thinking bout 
01-18 16:13:21.285 I/flutter (15063): 2026-01-18T21:13:21.285272Z [INFO] [BlueBubblesApp] annotations [{range: [0, 30]}]
01-18 16:13:21.430 I/MetricsTransmissionManager( 6735): transmitKPIMetricBatch finished
01-18 16:13:21.430 I/MetricsTransmissionManager( 6735): transmitMetricBatches started
01-18 16:13:21.438 I/MetricsTransporter( 6735): minerva upload url:https://d7ae3d206ce5366b0f0105dc74e8b013274baf9c15fd9588c12a576fa3ac95c.us-east-1.prod.service.minerva.devices.a2z.com:443/metric-batch
01-18 16:13:21.440 I/MetricsTransporter( 6735): connection: com.android.okhttp.internal.huc.HttpURLConnectionImpl:https://d7ae3d206ce5366b0f0105dc74e8b013274baf9c15fd9588c12a576fa3ac95c.us-east-1.prod.service.minerva.devices.a2z.com:443/metric-batch
01-18 16:13:21.593 I/MetricsTransporter( 6735): minerva upload url:https://d7ae3d206ce5366b0f0105dc74e8b013274baf9c15fd9588c12a576fa3ac95c.us-east-1.prod.service.minerva.devices.a2z.com:443/metric-batch
01-18 16:13:21.598 I/MetricsTransporter( 6735): connection: com.android.okhttp.internal.huc.HttpURLConnectionImpl:https://d7ae3d206ce5366b0f0105dc74e8b013274baf9c15fd9588c12a576fa3ac95c.us-east-1.prod.service.minerva.devices.a2z.com:443/metric-batch
01-18 16:13:21.619 I/flutter (15063): 2026-01-18T21:13:21.619266Z [INFO] [BlueBubblesApp] a Im alright. Been thinking bout  Im alright. Been thinking bout ya
