01-18 16:16:31.516 I/flutter (15063): 2026-01-18T21:16:31.516561Z [INFO] [BlueBubblesApp] annotations [{range: [0, 13]}]
01-18 16:16:31.534 I/eris    ( 5759): 10[DMN] update {event 3, error 0, ike_error 0} for conn[3]
01-18 16:16:31.535 I/ErisClient -- ErisClient( 4033): parseDaemonResponse() {"msgType":4,"msgData":{"stateCode":3,"errorCode":0,"ikeErrorCode":0,"backoffTimer":-1,"cid":3,"mIkeSrcPort":38272}}
01-18 16:16:31.535 I/ErisClient -- ErisClient( 4033): getErisErrorFromDaemonError()
01-18 16:16:31.535 I/ErisClient -- ErisClient( 4033): sendConnectionReport() conn = [3:ims] event = EVENT_CONNECTION_ACTIVE error = ERIS_OK
01-18 16:16:32.134 I/flutter (15063): 2026-01-18T21:16:32.134107Z [INFO] [BlueBubblesApp] a I know you'll  I know you'll p
01-18 16:16:32.134 I/flutter (15063): 2026-01-18T21:16:32.134543Z [INFO] [BlueBubblesApp] annotations [{range: [0, 14]}]
01-18 16:16:32.383 I/flutter (15063): 2026-01-18T21:16:32.383750Z [INFO] [BlueBubblesApp] a I know you'll p I know you'll pu
01-18 16:16:32.384 I/flutter (15063): 2026-01-18T21:16:32.384049Z [INFO] [BlueBubblesApp] annotations [{range: [0, 15]}]
01-18 16:16:32.659 I/flutter (15063): 2026-01-18T21:16:32.659239Z [INFO] [BlueBubblesApp] a I know you'll pu I know you'll pus
01-18 16:16:32.659 I/flutter (15063): 2026-01-18T21:16:32.659471Z [INFO] [BlueBubblesApp] annotations [{range: [0, 16]}]
01-18 16:16:32.918 I/flutter (15063): 2026-01-18T21:16:32.917940Z [INFO] [BlueBubblesApp] a I know you'll pus I know you'll push
01-18 16:16:32.918 I/flutter (15063): 2026-01-18T21:16:32.918325Z [INFO] [BlueBubblesApp] annotations [{range: [0, 17]}]
01-18 16:16:33.186 I/flutter (15063): 2026-01-18T21:16:33.186606Z [INFO] [BlueBubblesApp] a I know you'll push I know you'll push 
01-18 16:16:33.187 I/flutter (15063): 2026-01-18T21:16:33.187641Z [INFO] [BlueBubblesApp] annotations [{range: [0, 18]}]
01-18 16:16:33.794 I/flutter (15063): 2026-01-18T21:16:33.794842Z [INFO] [BlueBubblesApp] a I know you'll push  I know you'll push thru
01-18 16:16:33.795 I/flutter (15063): 2026-01-18T21:16:33.795008Z [INFO] [BlueBubblesApp] annotations [{range: [0, 19]}]
01-18 16:16:34.019 I/flutter (15063): 2026-01-18T21:16:34.019256Z [INFO] [BlueBubblesApp] a I know you'll push thru I know you'll push thru 
01-18 16:16:34.019 I/flutter (15063): 2026-01-18T21:16:34.019447Z [INFO] [BlueBubblesApp] annotations [{range: [0, 23]}]
01-18 16:16:34.393 I/flutter (15063): 2026-01-18T21:16:34.393093Z [INFO] [BlueBubblesApp] a I know you'll push thru  I know you'll push thru it
01-18 16:16:34.393 I/flutter (15063): 2026-01-18T21:16:34.393594Z [INFO] [BlueBubblesApp] annotations [{range: [0, 24]}]
01-18 16:16:34.913 I/flutter (15063): 2026-01-18T21:16:34.913475Z [INFO] [BlueBubblesApp] a I know you'll push thru it I know you'll push thru it.
01-18 16:16:34.913 I/flutter (15063): 2026-01-18T21:16:34.913778Z [INFO] [BlueBubblesApp] annotations [{range: [0, 26]}]
01-18 16:16:35.102 I/flutter (15063): 2026-01-18T21:16:35.101946Z [INFO] [BlueBubblesApp] a I know you'll push thru it. I know you'll push thru it. 
01-18 16:16:35.102 I/flutter (15063): 2026-01-18T21:16:35.102072Z [INFO] [BlueBubblesApp] annotations [{range: [0, 27]}]
01-18 16:16:35.663 I/flutter (15063): 2026-01-18T21:16:35.663773Z [INFO] [BlueBubblesApp] a I know you'll push thru it.  I know you'll push thru it. But
01-18 16:16:35.664 I/flutter (15063): 2026-01-18T21:16:35.664064Z [INFO] [BlueBubblesApp] annotations [{range: [0, 28]}]
01-18 16:16:35.904 I/flutter (15063): 2026-01-18T21:16:35.904455Z [INFO] [BlueBubblesApp] a I know you'll push thru it. But I know you'll push thru it. But 
01-18 16:16:35.904 I/flutter (15063): 2026-01-18T21:16:35.904630Z [INFO] [BlueBubblesApp] annotations [{range: [0, 31]}]
01-18 16:16:36.153 I/flutter (15063): 2026-01-18T21:16:36.153856Z [INFO] [BlueBubblesApp] a I know you'll push thru it. But  I know you'll push thru it. But i
01-18 16:16:36.154 I/flutter (15063): 2026-01-18T21:16:36.154055Z [INFO] [BlueBubblesApp] annotations [{range: [0, 32]}]
01-18 16:16:36.371 I/flutter (15063): 2026-01-18T21:16:36.371539Z [INFO] [BlueBubblesApp] a I know you'll push thru it. But i I know you'll push thru it. But i 
01-18 16:16:36.372 I/flutter (15063): 2026-01-18T21:16:36.372154Z [INFO] [BlueBubblesApp] annotations [{range: [0, 33]}]
01-18 16:16:37.357 I/flutter (15063): 2026-01-18T21:16:37.357706Z [INFO] [BlueBubblesApp] a I know you'll push thru it. But i  I know you'll push thru it. But i wish
01-18 16:16:37.357 I/flutter (15063): 2026-01-18T21:16:37.357811Z [INFO] [BlueBubblesApp] annotations [{range: [0, 34]}]
01-18 16:16:37.556 I/flutter (15063): 2026-01-18T21:16:37.556721Z [INFO] [BlueBubblesApp] a I know you'll push thru it. But i wish I know you'll push thru it. But i wish 
01-18 16:16:37.556 I/flutter (15063): 2026-01-18T21:16:37.556905Z [INFO] [BlueBubblesApp] annotations [{range: [0, 38]}]
01-18 16:16:37.795 I/flutter (15063): 2026-01-18T21:16:37.795681Z [INFO] [BlueBubblesApp] a I know you'll push thru it. But i wish  I know you'll push thru it. But i wish i
01-18 16:16:37.795 I/flutter (15063): 2026-01-18T21:16:37.795842Z [INFO] [BlueBubblesApp] annotations [{range: [0, 39]}]
01-18 16:16:37.909 W/Auth    ( 4493): [ChimeraGetToken] exception while trying to fetch auth tokens for app=com.google.android.gms, scope=oauth2:https://www.googleapis.com/auth/notifications [CONTEXT service_id=153 ]
01-18 16:16:37.910 W/Auth    ( 5448): [GoogleAuthUtil] [GoogleAuthUtil] error status:BAD_AUTHENTICATION with method:getTokenWithDetails
01-18 16:16:38.032 I/flutter (15063): 2026-01-18T21:16:38.032135Z [INFO] [BlueBubblesApp] a I know you'll push thru it. But i wish i I know you'll push thru it. But i wish i 
01-18 16:16:38.032 I/flutter (15063): 2026-01-18T21:16:38.032337Z [INFO] [BlueBubblesApp] annotations [{range: [0, 40]}]
01-18 16:16:38.939 I/flutter (15063): 2026-01-18T21:16:38.939205Z [INFO] [BlueBubblesApp] a I know you'll push thru it. But i wish i  I know you'll push thru it. But i wish i could
01-18 16:16:38.939 I/flutter (15063): 2026-01-18T21:16:38.939389Z [INFO] [BlueBubblesApp] annotations [{range: [0, 41]}]
01-18 16:16:39.164 I/flutter (15063): 2026-01-18T21:16:39.164162Z [INFO] [BlueBubblesApp] a I know you'll push thru it. But i wish i could I know you'll push thru it. But i wish i could 
01-18 16:16:39.164 I/flutter (15063): 2026-01-18T21:16:39.164268Z [INFO] [BlueBubblesApp] annotations [{range: [0, 46]}]
01-18 16:16:39.789 I/flutter (15063): 2026-01-18T21:16:39.789378Z [INFO] [BlueBubblesApp] a I know you'll push thru it. But i wish i could  I know you'll push thru it. But i wish i could help
01-18 16:16:39.789 I/flutter (15063): 2026-01-18T21:16:39.789520Z [INFO] [BlueBubblesApp] annotations [{range: [0, 47]}]
01-18 16:16:39.848 W/Auth    ( 4493): [ChimeraGetToken] exception while trying to fetch auth tokens for app=com.google.android.gms, scope=oauth2:https://www.googleapis.com/auth/emeraldsea.mobileapps.doritos.cookie [CONTEXT service_id=153 ]
01-18 16:16:39.849 W/Auth    ( 5448): [GoogleAuthUtil] [GoogleAuthUtil] error status:BAD_AUTHENTICATION with method:getTokenWithDetails
01-18 16:16:40.178 W/Auth    ( 4493): [ChimeraGetToken] exception while trying to fetch auth tokens for app=com.google.android.gms, scope=oauth2:https://www.googleapis.com/auth/cclog [CONTEXT service_id=153 ]
01-18 16:16:40.178 W/Auth    ( 4493): [GoogleAuthUtil] [GoogleAuthUtil] error status:BAD_AUTHENTICATION with method:getTokenWithDetails
01-18 16:16:40.179 I/CCTUploader( 4493): Failed to get auth token due to class com.google.android.gms.auth.UserRecoverableAuthException
01-18 16:16:40.203 W/Auth    ( 4493): [ChimeraGetToken] exception while trying to fetch auth tokens for app=com.google.android.gms, scope=oauth2:https://www.googleapis.com/auth/cclog [CONTEXT service_id=153 ]
01-18 16:16:40.203 W/Auth    ( 4493): [GoogleAuthUtil] [GoogleAuthUtil] error status:BAD_AUTHENTICATION with method:getTokenWithDetails
01-18 16:16:40.203 I/CCTUploader( 4493): Failed to get auth token due to class com.google.android.gms.auth.UserRecoverableAuthException
01-18 16:16:40.224 W/Auth    ( 4493): [ChimeraGetToken] exception while trying to fetch auth tokens for app=com.google.android.gms, scope=oauth2:https://www.googleapis.com/auth/cclog [CONTEXT service_id=153 ]
01-18 16:16:40.224 W/Auth    ( 4493): [GoogleAuthUtil] [GoogleAuthUtil] error status:BAD_AUTHENTICATION with method:getTokenWithDetails
01-18 16:16:40.224 I/CCTUploader( 4493): Failed to get auth token due to class com.google.android.gms.auth.UserRecoverableAuthException
01-18 16:16:40.247 W/Auth    ( 4493): [ChimeraGetToken] exception while trying to fetch auth tokens for app=com.google.android.gms, scope=oauth2:https://www.googleapis.com/auth/cclog [CONTEXT service_id=153 ]
01-18 16:16:40.247 W/Auth    ( 4493): [GoogleAuthUtil] [GoogleAuthUtil] error status:BAD_AUTHENTICATION with method:getTokenWithDetails
01-18 16:16:40.247 I/CCTUploader( 4493): Failed to get auth token due to class com.google.android.gms.auth.UserRecoverableAuthException
01-18 16:16:40.330 I/flutter (15063): 2026-01-18T21:16:40.330853Z [INFO] [BlueBubblesApp] a I know you'll push thru it. But i wish i could help I know you'll push thru it. But i wish i could help
01-18 16:16:40.331 I/flutter (15063): 2026-01-18T21:16:40.331183Z [INFO] [BlueBubblesApp] a I know you'll push thru it. But i wish i could help I know you'll push thru it. But i wish i could help
01-18 16:16:40.332 I/flutter (15063): 2026-01-18T21:16:40.332089Z [INFO] [BlueBubblesApp] a I know you'll push thru it. But i wish i could help 
01-18 16:16:40.332 I/flutter (15063): 2026-01-18T21:16:40.332248Z [INFO] [BlueBubblesApp] annotations []
01-18 16:16:40.355 I/flutter (15063): 2026-01-18T21:16:40.355363Z [INFO] [BlueBubblesApp] Sending method delete-notification to Kotlin
01-18 16:16:40.361 I/flutter (15063): 2026-01-18T21:16:40.361021Z [INFO] [BlueBubblesApp] sending 93D37ADB-8CA4-404E-A00E-6DBE259D9822
01-18 16:16:40.375 I/flutter (15063): listening 1845
01-18 16:16:40.764 I/flutter (15063): 2026-01-18T21:16:40.764907Z [INFO] [BlueBubblesApp] got message 57 0
01-18 16:16:40.765 I/flutter (15063): 2026-01-18T21:16:40.765295Z [INFO] [BlueBubblesApp] waitingForInit 57 0
01-18 16:16:40.765 I/flutter (15063): 2026-01-18T21:16:40.765373Z [INFO] [BlueBubblesApp] Handling 57 0
01-18 16:16:40.765 I/flutter (15063): 2026-01-18T21:16:40.765397Z [INFO] [BlueBubblesApp] starting 93D37ADB-8CA4-404E-A00E-6DBE259D9822
01-18 16:16:40.767 I/flutter (15063): 2026-01-18T21:16:40.767640Z [INFO] [BlueBubblesApp] Marking as handled 57
01-18 16:16:40.767 I/flutter (15063): 2026-01-18T21:16:40.767711Z [INFO] [BlueBubblesApp] Marking as handled commit 57
01-18 16:16:40.767 I/flutter (15063): 2026-01-18T21:16:40.767922Z [INFO] [ActionHandler] Updated message: [I know you'll push thru it. But i wish i could help] delivered at 2026-01-18 16:16:41.064 - for chat [F06613EB-A19E-4489-AD83-C5EFDAEED088]
01-18 16:16:40.771 I/flutter (15063): 2026-01-18T21:16:40.771741Z [INFO] [BlueBubblesApp] finish message 57 0
01-18 16:16:40.892 W/Auth    ( 4493): [ChimeraGetToken] exception while trying to fetch auth tokens for app=com.google.android.gms, scope=oauth2:https://www.googleapis.com/auth/cclog [CONTEXT service_id=153 ]
01-18 16:16:40.892 W/Auth    ( 4493): [GoogleAuthUtil] [GoogleAuthUtil] error status:BAD_AUTHENTICATION with method:getTokenWithDetails
01-18 16:16:40.892 I/CCTUploader( 4493): Failed to get auth token due to class com.google.android.gms.auth.UserRecoverableAuthException
01-18 16:16:40.907 W/Auth    ( 4493): [ChimeraGetToken] exception while trying to fetch auth tokens for app=com.google.android.gms, scope=oauth2:https://www.googleapis.com/auth/cclog [CONTEXT service_id=153 ]
01-18 16:16:40.907 W/Auth    ( 4493): [GoogleAuthUtil] [GoogleAuthUtil] error status:BAD_AUTHENTICATION with method:getTokenWithDetails
01-18 16:16:40.907 I/CCTUploader( 4493): Failed to get auth token due to class com.google.android.gms.auth.UserRecoverableAuthException
01-18 16:16:41.270 I/flutter (15063): 2026-01-18T21:16:41.270752Z [INFO] [BlueBubblesApp] reflecting msg
01-18 16:16:41.425 W/Auth    ( 4493): [ChimeraGetToken] exception while trying to fetch auth tokens for app=com.google.android.gms, scope=oauth2:https://www.googleapis.com/auth/cclog [CONTEXT service_id=153 ]
01-18 16:16:41.426 W/Auth    ( 4493): [GoogleAuthUtil] [GoogleAuthUtil] error status:BAD_AUTHENTICATION with method:getTokenWithDetails
01-18 16:16:41.426 I/CCTUploader( 4493): Failed to get auth token due to class com.google.android.gms.auth.UserRecoverableAuthException
01-18 16:16:41.499 I/flutter (15063): 2026-01-18T21:16:41.499718Z [INFO] [BlueBubblesApp] got message 58 0
01-18 16:16:41.502 I/flutter (15063): 2026-01-18T21:16:41.502182Z [INFO] [BlueBubblesApp] got message 59 0
01-18 16:16:41.502 I/flutter (15063): 2026-01-18T21:16:41.502830Z [INFO] [BlueBubblesApp] waitingForInit 58 0
01-18 16:16:41.502 I/flutter (15063): 2026-01-18T21:16:41.502934Z [INFO] [BlueBubblesApp] Handling 58 0
01-18 16:16:41.503 I/flutter (15063): 2026-01-18T21:16:41.503365Z [INFO] [BlueBubblesApp] SendFinished
01-18 16:16:41.506 I/flutter (15063): 2026-01-18T21:16:41.506466Z [INFO] [BlueBubblesApp] Marking as handled 58
01-18 16:16:41.506 I/flutter (15063): 2026-01-18T21:16:41.506665Z [INFO] [BlueBubblesApp] Marking as handled commit 58
01-18 16:16:41.507 I/flutter (15063): 2026-01-18T21:16:41.507125Z [INFO] [BlueBubblesApp] waitingForInit 59 0
01-18 16:16:41.507 I/flutter (15063): 2026-01-18T21:16:41.507298Z [INFO] [BlueBubblesApp] Handling 59 0
01-18 16:16:41.507 I/flutter (15063): 2026-01-18T21:16:41.507362Z [INFO] [BlueBubblesApp] starting 93D37ADB-8CA4-404E-A00E-6DBE259D9822
01-18 16:16:41.510 I/flutter (15063): 2026-01-18T21:16:41.510265Z [INFO] [BlueBubblesApp] finish message 58 0
01-18 16:16:41.520 I/flutter (15063): 2026-01-18T21:16:41.520883Z [INFO] [BlueBubblesApp] Marking as handled 59
01-18 16:16:41.521 I/flutter (15063): 2026-01-18T21:16:41.521028Z [INFO] [BlueBubblesApp] Marking as handled commit 59
01-18 16:16:41.521 I/flutter (15063): 2026-01-18T21:16:41.521415Z [INFO] [ActionHandler] Updated message: [I know you'll push thru it. But i wish i could help] delivered at 2026-01-18 16:16:41.760 - for chat [F06613EB-A19E-4489-AD83-C5EFDAEED088]
01-18 16:16:41.528 I/flutter (15063): 2026-01-18T21:16:41.527989Z [INFO] [BlueBubblesApp] finish message 59 0
01-18 16:16:41.753 W/Auth    ( 4493): [ChimeraGetToken] exception while trying to fetch auth tokens for app=com.google.android.gms, scope=oauth2:https://www.googleapis.com/auth/cclog [CONTEXT service_id=153 ]
01-18 16:16:41.753 W/Auth    ( 4493): [GoogleAuthUtil] [GoogleAuthUtil] error status:BAD_AUTHENTICATION with method:getTokenWithDetails
01-18 16:16:41.753 I/CCTUploader( 4493): Failed to get auth token due to class com.google.android.gms.auth.UserRecoverableAuthException
01-18 16:16:42.862 I/flutter (15063): 2026-01-18T21:16:42.862915Z [INFO] [BlueBubblesApp] Guid null
01-18 16:16:42.894 I/flutter (15063): 2026-01-18T21:16:42.894716Z [INFO] [BlueBubblesApp] Guid null
01-18 16:16:42.911 I/flutter (15063): 2026-01-18T21:16:42.911435Z [INFO] [BlueBubblesApp] Guid null
01-18 16:16:42.928 I/flutter (15063): 2026-01-18T21:16:42.928012Z [INFO] [BlueBubblesApp] Guid null
01-18 16:16:42.945 I/flutter (15063): 2026-01-18T21:16:42.945093Z [INFO] [BlueBubblesApp] Guid null
01-18 16:16:42.978 I/flutter (15063): 2026-01-18T21:16:42.978034Z [INFO] [BlueBubblesApp] Guid null
01-18 16:16:43.096 I/flutter (15063): 2026-01-18T21:16:43.096490Z [INFO] [BlueBubblesApp] a  
01-18 16:16:43.649 W/WearableConn( 4493): Failed to connect, error: read failed, socket might closed or timeout, read ret: -1
01-18 16:16:43.976 V/WindowManager( 2561):     startWCT=WindowContainerTransaction { changes= {} hops= [] errorCallbackToken=null taskFragmentOrganizer=null }
01-18 16:16:44.195 I/SV[125808318 MainActivity](15063): onWindowVisibilityChanged(8) false io.flutter.embedding.android.FlutterSurfaceView{77faebe V.E...... ........ 0,0-1080,2340} of VRI[MainActivity]@ab8eca0
01-18 16:16:44.195 I/SV[125808318 MainActivity](15063): surfaceDestroyed callback.size 1 #2 io.flutter.embedding.android.FlutterSurfaceView{77faebe V.E...... ........ 0,0-1080,2340}
01-18 16:16:44.227 I/SV[125808318 MainActivity](15063): windowStopped(true) false io.flutter.embedding.android.FlutterSurfaceView{77faebe V.E...... ........ 0,0-1080,2340} of VRI[MainActivity]@ab8eca0
01-18 16:16:44.674 D/GnssLocationProvider( 2561): stopBatching
01-18 16:16:44.675 E/LocSvc_APIClientBase( 1620): onResponseCb:996] ERROR: 5 ID: 233
01-18 16:16:44.685 I/XoFrequencyErrorDetector_FLP( 5286): updateData, GOOD,3,0
01-18 16:16:46.687 D/SLocation( 2561): ARDistanceLibManager - command callback received - CURRENT_LOCATION_REQUEST_DISTANCE ERROR CODE : ERROR_NONE
01-18 16:16:46.689 D/SLocation( 2561): CommonCoreManager - handleCommandCallback - FUNC_TYPE : SET_LOCATION  ERROR_CODE : ERROR_NONE
01-18 16:16:48.682 I/MetricsTransmissionManager( 7692): transmitKPIMetricBatch started
01-18 16:16:48.689 I/MetricsTransporter( 7692): minerva upload url:https://d7ae3d206ce5366b0f0105dc74e8b013274baf9c15fd9588c12a576fa3ac95c.us-east-1.prod.service.minerva.devices.a2z.com:443/metric-batch
01-18 16:16:48.690 I/MetricsTransporter( 7692): connection: com.android.okhttp.internal.huc.HttpURLConnectionImpl:https://d7ae3d206ce5366b0f0105dc74e8b013274baf9c15fd9588c12a576fa3ac95c.us-east-1.prod.service.minerva.devices.a2z.com:443/metric-batch
01-18 16:16:48.857 I/BugleNetwork(20351): TACHYON_REGISTRATION_TYPE_PHONE_NUMBER BindHandler: Cancelling stream intentionally. onError will be called but no-op
01-18 16:16:48.875 I/BugleNetwork(20351): TACHYON_REGISTRATION_TYPE_PHONE_NUMBER BindHandler: onError is called with IntendedStreamCloseException. No-op.
01-18 16:16:49.176 I/MetricsTransmissionManager( 7692): transmitKPIMetricBatch finished
01-18 16:16:49.176 I/MetricsTransmissionManager( 7692): transmitMetricBatches started
01-18 16:16:49.183 I/MetricsTransporter( 7692): minerva upload url:https://d7ae3d206ce5366b0f0105dc74e8b013274baf9c15fd9588c12a576fa3ac95c.us-east-1.prod.service.minerva.devices.a2z.com:443/metric-batch
01-18 16:16:49.184 I/MetricsTransporter( 7692): connection: com.android.okhttp.internal.huc.HttpURLConnectionImpl:https://d7ae3d206ce5366b0f0105dc74e8b013274baf9c15fd9588c12a576fa3ac95c.us-east-1.prod.service.minerva.devices.a2z.com:443/metric-batch
01-18 16:16:49.242 I/MetricsTransporter( 7692): minerva upload url:https://d7ae3d206ce5366b0f0105dc74e8b013274baf9c15fd9588c12a576fa3ac95c.us-east-1.prod.service.minerva.devices.a2z.com:443/metric-batch
01-18 16:16:49.243 I/MetricsTransporter( 7692): connection: com.android.okhttp.internal.huc.HttpURLConnectionImpl:https://d7ae3d206ce5366b0f0105dc74e8b013274baf9c15fd9588c12a576fa3ac95c.us-east-1.prod.service.minerva.devices.a2z.com:443/metric-batch
01-18 16:16:49.302 I/MetricsTransporter( 7692): minerva upload url:https://d7ae3d206ce5366b0f0105dc74e8b013274baf9c15fd9588c12a576fa3ac95c.us-east-1.prod.service.minerva.devices.a2z.com:443/metric-batch
01-18 16:16:49.302 I/MetricsTransporter( 7692): connection: com.android.okhttp.internal.huc.HttpURLConnectionImpl:https://d7ae3d206ce5366b0f0105dc74e8b013274baf9c15fd9588c12a576fa3ac95c.us-east-1.prod.service.minerva.devices.a2z.com:443/metric-batch
01-18 16:16:49.358 I/MetricsTransmissionManager( 7692): transmitMetricBatches finished
01-18 16:16:49.359 I/MetricsTransmissionManager( 7692): transmitMetricBatches, storageManager(after execute): StorageManager{mapStoragePriorityToBatchQueue={3=BoundedBatchFileQueue{mapFileNameToSizeInByte={}, totalSizeInByte=0}}, totalSizeInByte=0, totalBatchFileCount=0}
01-18 16:16:49.670 D/GnssLocationProvider( 2561): stopBatching
01-18 16:17:14.798 I/vendor.rmt_storage( 1745): wakelock acquired: 1, error no: 11
01-18 16:17:14.869 I/vendor.rmt_storage( 1745): rmt_storage_client_thread: /boot/modem_fs1: About to block rmt_storage client thread (th_id: 534673632384) wakelock released: 1, error no: 0
01-18 16:17:17.815 I/sensors-hal( 1621): batch:363, android.sensor.pressure/61, period=100000000, max_latency=0 request completed
01-18 16:17:18.989 D/SLocation( 2561): ARDistanceLibManager - command callback received - CURRENT_LOCATION_REQUEST_DISTANCE ERROR CODE : ERROR_NONE
01-18 16:17:18.990 D/SLocation( 2561): CommonCoreManager - handleCommandCallback - FUNC_TYPE : SET_LOCATION  ERROR_CODE : ERROR_NONE
01-18 16:17:26.861 I/MetricsTransmissionManager( 6521): transmitKPIMetricBatch started
01-18 16:17:26.872 I/MetricsTransporter( 6521): minerva upload url:https://d7ae3d206ce5366b0f0105dc74e8b013274baf9c15fd9588c12a576fa3ac95c.us-east-1.prod.service.minerva.devices.a2z.com:443/metric-batch
01-18 16:17:26.892 I/MetricsTransporter( 6521): connection: com.android.okhttp.internal.huc.HttpURLConnectionImpl:https://d7ae3d206ce5366b0f0105dc74e8b013274baf9c15fd9588c12a576fa3ac95c.us-east-1.prod.service.minerva.devices.a2z.com:443/metric-batch
01-18 16:17:27.485 I/MetricsTransmissionManager( 6521): transmitKPIMetricBatch finished
01-18 16:17:27.485 I/MetricsTransmissionManager( 6521): transmitMetricBatches started
01-18 16:17:27.485 I/MetricsTransmissionManager( 6521): transmitMetricBatches finished
01-18 16:17:28.291 E/chromium(32609): [ERROR:chrome/browser/commerce/merchant_viewer/merchant_viewer_data_manager.cc:103] Clearing 0 merchants.
01-18 16:17:29.147 E/BlockableFutures(20351): java.lang.IllegalStateException: Cannot block on non-blocking thread: BG Thread #6
01-18 16:17:29.673 E/BlockableFutures(20351): java.lang.IllegalStateException: Cannot block on non-blocking thread: BG Thread #7
01-18 16:17:31.863 I/BugleRecipients(20351): Retrieving RCS Capabilities in batch from Storage for identities: redacted-pii[12-chars], redacted-pii[12-chars], redacted-pii[12-chars], redacted-pii[12-chars], redacted-pii[12-chars], redacted-pii[12-chars] [CONTEXT work_id="33dac655-dede-48d0-ad3c-5f19ae1e6330" pipeline_type="ReceivingRcsPipeline" ]
01-18 16:17:31.884 E/BlockableFutures(20351): java.lang.IllegalStateException: Cannot block on non-blocking thread: BG Thread #1
01-18 16:17:31.955 E/ConvListDataSources(20351): invalidate data source in convList paging 3 error: negative after [CONTEXT loadingStatus="REFRESHING" ]
01-18 16:17:32.910 E/DatabaseUtils( 2561): Writing exception to parcel
01-18 16:17:32.910 E/DatabaseUtils( 2561): java.lang.SecurityException: Permission Denial: get/set setting for user asks to run as user -2 but is calling from uid u0a214; this requires android.permission.INTERACT_ACROSS_USERS_FULL
01-18 16:17:32.926 W/System.err( 8585): android.content.pm.PackageManager$NameNotFoundException: com.jamworks.alwaysondisplay.ischarging
01-18 16:17:47.065 I/BatchCreator( 6735): enqueueBatchForTransmission
01-18 16:17:47.067 I/StorageManager( 6735): addBatch to BoundedBatchQueue, then write to disk file...
01-18 16:17:47.069 I/BoundedBatchFileQueue( 6735): batch added to file: 1768771067067_us-east-1_0001
01-18 16:17:47.399 I/BatchCreator( 6521): enqueueBatchForTransmission
01-18 16:17:47.403 I/StorageManager( 6521): addBatch to BoundedBatchQueue, then write to disk file...
01-18 16:17:47.405 I/BoundedBatchFileQueue( 6521): batch added to file: 1768771067403_us-east-1_0001
01-18 16:17:49.673 D/GnssLocationProvider( 2561): stopBatching
01-18 16:17:49.679 E/LocSvc_APIClientBase( 1620): onResponseCb:996] ERROR: 5 ID: 234
01-18 16:17:49.695 I/XoFrequencyErrorDetector_FLP( 5286): updateData, GOOD,3,0
01-18 16:17:57.686 D/SLocation( 2561): ARDistanceLibManager - command callback received - CURRENT_LOCATION_REQUEST_DISTANCE ERROR CODE : ERROR_NONE
01-18 16:17:57.694 D/SLocation( 2561): CommonCoreManager - handleCommandCallback - FUNC_TYPE : SET_LOCATION  ERROR_CODE : ERROR_NONE
01-18 16:18:00.662 D/GnssLocationProvider( 2561): stopBatching
01-18 16:18:03.857 V/WindowManager( 2561):     startWCT=WindowContainerTransaction { changes= {} hops= [] errorCallbackToken=null taskFragmentOrganizer=null }
01-18 16:18:04.794 W/Bugle   (20351): future failed due to CancellationException
01-18 16:18:04.794 W/Bugle   (20351): java.util.concurrent.CancellationException: Task was cancelled.
01-18 16:18:04.803 I/BugleRecipients(20351): Retrieving RCS Capabilities in batch from Storage for identities: redacted-pii[12-chars], redacted-pii[12-chars], redacted-pii[12-chars], redacted-pii[12-chars], redacted-pii[12-chars], redacted-pii[12-chars]
01-18 16:18:04.954 W/TikTokXUiKitTracer(20351): Temporarily overriding an ErrorTrace
01-18 16:18:04.968 W/TikTokXUiKitTracer(20351): Temporarily overriding an ErrorTrace
01-18 16:18:05.004 W/TikTokXUiKitTracer(20351): Temporarily overriding an ErrorTrace
01-18 16:18:05.028 W/TikTokXUiKitTracer(20351): Temporarily overriding an ErrorTrace
01-18 16:18:05.637 W/System.err( 8585): android.content.pm.PackageManager$NameNotFoundException: com.jamworks.alwaysondisplay.ischarging
01-18 16:18:06.211 I/GaiaAuthCheckHelper(20351): Gaia auth check found no UserRecoverableError
01-18 16:18:06.219 I/BugleCms(20351): LinkedAccountManager: No valid stored accountId, throwing NoLinkedAccountException.
01-18 16:18:06.432 V/WindowManager( 2561):     startWCT=WindowContainerTransaction { changes= {} hops= [] errorCallbackToken=null taskFragmentOrganizer=null }
01-18 16:18:08.248 I/sensors-hal( 1621): send_sensor_config_request:645, dt=ambient_light: convert sample_period=200000000 to batch_period=200000
01-18 16:18:08.250 I/sensors-hal( 1621): batch:363, android.sensor.light/51, period=200000000, max_latency=0 request completed
01-18 16:18:08.281 I/sensors-hal( 1621): send_sensor_config_request:645, dt=ambient_light: convert sample_period=250000000 to batch_period=250000
01-18 16:18:08.283 I/sensors-hal( 1621): batch:363, android.sensor.light/51, period=250000000, max_latency=0 request completed
01-18 16:18:08.465 I/sensors-hal( 1621): send_sensor_config_request:645, dt=auto_rotation: convert sample_period=200000000 to batch_period=200000
01-18 16:18:08.468 I/sensors-hal( 1621): batch:363, android.sensor.device_orientation/271, period=200000000, max_latency=0 request completed
01-18 16:18:08.491 D/[NFC_SE]NfcOemLogHelper( 4531): try to send FLD_ERROR
01-18 16:18:08.510 E/libprotobuf-native( 1621): [libprotobuf ERROR external/protobuf/src/google/protobuf/message_lite.cc:133] Can't parse message of type "sns_std_sensor_event" because it is missing required fields: (cannot determine missing fields for lite message)
01-18 16:18:08.515 E/libprotobuf-native( 1621): [libprotobuf ERROR external/protobuf/src/google/protobuf/message_lite.cc:133] Can't parse message of type "sns_std_sensor_event" because it is missing required fields: (cannot determine missing fields for lite message)
01-18 16:18:08.590 E/NearbyMediums( 4493): MEDIUM_ERROR [SYSTEM][WIFI_LAN][START_LISTENING_INCOMING_CONNECTION][ACCEPT_CONNECTION_FAILED][SOCKET_CLOSED], service-id=NearbySharing
01-18 16:18:08.711 E/ClockPackSettingsUtils( 4166): isRoamingState: android.provider.Settings$SettingNotFoundException: easy_mode_switch
01-18 16:18:08.719 E/ClockPackSettingsUtils( 4166): isRoamingState: android.provider.Settings$SettingNotFoundException: easy_mode_switch
01-18 16:18:08.730 D/KeyguardStatusBarViewExt( 4166): v:0, a:0.00, com.android.systemui.statusbar.phone.KeyguardStatusBarViewController.updateViewState:34 com.android.systemui.shade.NotificationPanelViewController$$ExternalSyntheticLambda48.run:545 com.android.systemui.shade.NotificationShadeWindowControllerImpl.batchApplyWindowLayoutParams:7 com.android.systemui.shade.NotificationPanelViewController.setExpandedHeightInternal:23 com.android.systemui.shade.NotificationPanelViewController.setExpandedHeight:1 
01-18 16:18:08.730 D/KeyguardStatusBarViewExt( 4166): v:4, a:0.00, com.android.systemui.statusbar.phone.KeyguardStatusBarViewController.updateViewState:34 com.android.systemui.shade.NotificationPanelViewController$$ExternalSyntheticLambda48.run:545 com.android.systemui.shade.NotificationShadeWindowControllerImpl.batchApplyWindowLayoutParams:7 com.android.systemui.shade.NotificationPanelViewController.setExpandedHeightInternal:23 com.android.systemui.shade.NotificationPanelViewController.setExpandedHeight:1 
01-18 16:18:08.731 D/QuickPanelLog( 4166):  - com.android.systemui.shade.NotificationShadeWindowControllerImpl.batchApplyWindowLayoutParams:7
01-18 16:18:08.733 D/[NFC_SE]NfcOemLogHelper( 4531): try to send FLD_ERROR
01-18 16:18:08.738 E/ClockPackSettingsUtils( 4166): isRoamingState: android.provider.Settings$SettingNotFoundException: easy_mode_switch
01-18 16:18:08.743 V/WindowManager( 2561):     startWCT=WindowContainerTransaction { changes= {} hops= [] errorCallbackToken=null taskFragmentOrganizer=null }
01-18 16:18:08.750 E/ClockPackSettingsUtils( 4166): isRoamingState: android.provider.Settings$SettingNotFoundException: easy_mode_switch
01-18 16:18:08.751 E/ClockPackSettingsUtils( 4166): isRoamingState: android.provider.Settings$SettingNotFoundException: easy_mode_switch
01-18 16:18:08.758 E/LoadedApk( 4493): Exception : java.lang.NullPointerException: Attempt to invoke virtual method 'boolean android.os.Looper.isPerfLogEnable()' on a null object reference
01-18 16:18:08.763 E/engmode_aidl_service( 1273): error to server(0xd0060012)
01-18 16:18:08.767 E/engmode_client_aidl( 4166): Client error
01-18 16:18:08.771 I/sensors-hal( 1621): batch:363, android.sensor.pick_up_gesture/252, period=1000000, max_latency=0 request completed
01-18 16:18:08.774 E/engmode_aidl_service( 1273): error to server(0xd0060012)
01-18 16:18:08.782 D/KeyguardStatusBarViewExt( 4166): v:4, a:1.00, com.android.systemui.statusbar.phone.KeyguardStatusBarViewController.updateViewState:34 com.android.systemui.shade.NotificationPanelViewController$$ExternalSyntheticLambda48.run:545 com.android.systemui.shade.NotificationShadeWindowControllerImpl.batchApplyWindowLayoutParams:7 com.android.systemui.shade.NotificationPanelViewController.setExpandedHeightInternal:23 com.android.systemui.shade.NotificationPanelViewController.setExpandedHeight:1 
01-18 16:18:08.784 D/QuickPanelLog( 4166):  - com.android.systemui.shade.NotificationShadeWindowControllerImpl.batchApplyWindowLayoutParams:7
01-18 16:18:08.817 I/sensors-hal( 1621): send_sensor_config_request:645, dt=aod: convert sample_period=0 to batch_period=0
01-18 16:18:08.818 E/LoadedApk( 4493): Exception : java.lang.NullPointerException: Attempt to invoke virtual method 'boolean android.os.Looper.isPerfLogEnable()' on a null object reference
01-18 16:18:08.823 I/CAE     ( 2561): showListenerList(ContextAwareService.java:334) - Listener : com.samsung.android.contextaware.manager.ContextAwareService$Listener@aaa9b52, Service : ACTIVITY_TRACKER_BATCH(1)
01-18 16:18:08.826 E/LoadedApk( 4493): Exception : java.lang.NullPointerException: Attempt to invoke virtual method 'boolean android.os.Looper.isPerfLogEnable()' on a null object reference
01-18 16:18:08.840 I/BatchScanningManager( 4493): (REDACTED) Starting batch scanner in %d seconds.
01-18 16:18:08.848 W/Bundle  ( 4166): Attempt to cast generated internal exception:
01-18 16:18:08.848 W/Bundle  ( 4166): java.lang.ClassCastException: java.lang.Integer cannot be cast to java.lang.String
01-18 16:18:08.849 W/Bundle  ( 4166): Attempt to cast generated internal exception:
01-18 16:18:08.849 W/Bundle  ( 4166): java.lang.ClassCastException: java.lang.Integer cannot be cast to java.lang.String
01-18 16:18:08.910 E/libprotobuf-native( 1621): [libprotobuf ERROR external/protobuf/src/google/protobuf/message_lite.cc:133] Can't parse message of type "sns_std_sensor_event" because it is missing required fields: (cannot determine missing fields for lite message)
01-18 16:18:08.918 I/Rubin   (30513): [80] f7.b.run(Unknown Source) : currentTimestamp : 1768771088918, lastCollectTimestamp : 1768701651468, diff : 69437450, BATCH_INTERVAL : 86400000
01-18 16:18:08.919 I/Rubin   (30513): [121] g2.a.n(Unknown Source) : currentTimestamp : 1768771088919, lastBatchTimestamp : 1768705323131, diff : 65765788, batchInterval : 86400000
01-18 16:18:08.919 I/Rubin   (30513): [121] g2.a.n(Unknown Source) : isPassedBatchInterval : FALSE
01-18 16:18:08.919 I/Rubin   (30513): [121] g2.a.n(Unknown Source) : currentTimestamp : 1768771088919, lastBatchTimestamp : 1768428807212, diff : 342281707, batchInterval : 604800000
01-18 16:18:08.919 I/Rubin   (30513): [121] g2.a.n(Unknown Source) : isPassedBatchInterval : FALSE
01-18 16:18:08.925 I/Rubin   (30513): [2] g2.a.n(Unknown Source) : currentTimestamp : 1768771088925, lastBatchTimestamp : 1768701651464, diff : 69437461, batchInterval : 86400000
01-18 16:18:08.926 I/Rubin   (30513): [2] g2.a.n(Unknown Source) : isPassedBatchInterval : FALSE
01-18 16:18:08.930 I/Rubin   (30513): [123] g2.a.n(Unknown Source) : currentTimestamp : 1768771088930, lastBatchTimestamp : 1768692135097, diff : 78953833, batchInterval : 259200000
01-18 16:18:08.930 I/Rubin   (30513): [123] g2.a.n(Unknown Source) : isPassedBatchInterval : FALSE
01-18 16:18:08.931 I/Rubin   (30513): [122] g2.a.n(Unknown Source) : currentTimestamp : 1768771088930, lastBatchTimestamp : 1768705321508, diff : 65767422, batchInterval : 86400000
01-18 16:18:08.931 I/Rubin   (30513): [122] g2.a.n(Unknown Source) : isPassedBatchInterval : FALSE
01-18 16:18:09.016 E/libprotobuf-native( 1621): [libprotobuf ERROR external/protobuf/src/google/protobuf/message_lite.cc:133] Can't parse message of type "sns_std_sensor_event" because it is missing required fields: (cannot determine missing fields for lite message)
01-18 16:18:18.844 I/sensors-hal( 1621): batch:363, android.sensor.pressure/61, period=100000000, max_latency=0 request completed
01-18 16:18:20.033 D/SLocation( 2561): ARDistanceLibManager - command callback received - CURRENT_LOCATION_REQUEST_DISTANCE ERROR CODE : ERROR_NONE
01-18 16:18:20.033 D/SLocation( 2561): CommonCoreManager - handleCommandCallback - FUNC_TYPE : SET_LOCATION  ERROR_CODE : ERROR_NONE
01-18 16:18:20.955 I/MetricsTransmissionManager( 6735): transmitKPIMetricBatch started
01-18 16:18:20.969 I/MetricsTransporter( 6735): minerva upload url:https://d7ae3d206ce5366b0f0105dc74e8b013274baf9c15fd9588c12a576fa3ac95c.us-east-1.prod.service.minerva.devices.a2z.com:443/metric-batch
01-18 16:18:20.976 I/MetricsTransporter( 6735): connection: com.android.okhttp.internal.huc.HttpURLConnectionImpl:https://d7ae3d206ce5366b0f0105dc74e8b013274baf9c15fd9588c12a576fa3ac95c.us-east-1.prod.service.minerva.devices.a2z.com:443/metric-batch
01-18 16:18:21.341 I/MetricsTransmissionManager( 6735): transmitKPIMetricBatch finished
01-18 16:18:21.341 I/MetricsTransmissionManager( 6735): transmitMetricBatches started
01-18 16:18:21.348 I/MetricsTransporter( 6735): minerva upload url:https://d7ae3d206ce5366b0f0105dc74e8b013274baf9c15fd9588c12a576fa3ac95c.us-east-1.prod.service.minerva.devices.a2z.com:443/metric-batch
01-18 16:18:21.354 I/MetricsTransporter( 6735): connection: com.android.okhttp.internal.huc.HttpURLConnectionImpl:https://d7ae3d206ce5366b0f0105dc74e8b013274baf9c15fd9588c12a576fa3ac95c.us-east-1.prod.service.minerva.devices.a2z.com:443/metric-batch
01-18 16:18:21.514 I/MetricsTransporter( 6735): minerva upload url:https://d7ae3d206ce5366b0f0105dc74e8b013274baf9c15fd9588c12a576fa3ac95c.us-east-1.prod.service.minerva.devices.a2z.com:443/metric-batch
01-18 16:18:21.521 I/MetricsTransporter( 6735): connection: com.android.okhttp.internal.huc.HttpURLConnectionImpl:https://d7ae3d206ce5366b0f0105dc74e8b013274baf9c15fd9588c12a576fa3ac95c.us-east-1.prod.service.minerva.devices.a2z.com:443/metric-batch
01-18 16:18:21.684 I/MetricsTransporter( 6735): minerva upload url:https://d7ae3d206ce5366b0f0105dc74e8b013274baf9c15fd9588c12a576fa3ac95c.us-east-1.prod.service.minerva.devices.a2z.com:443/metric-batch
01-18 16:18:21.689 I/MetricsTransporter( 6735): connection: com.android.okhttp.internal.huc.HttpURLConnectionImpl:https://d7ae3d206ce5366b0f0105dc74e8b013274baf9c15fd9588c12a576fa3ac95c.us-east-1.prod.service.minerva.devices.a2z.com:443/metric-batch
01-18 16:18:21.762 I/MetricsTransmissionManager( 6735): transmitMetricBatches finished
01-18 16:18:21.762 I/MetricsTransmissionManager( 6735): transmitMetricBatches, storageManager(after execute): StorageManager{mapStoragePriorityToBatchQueue={3=BoundedBatchFileQueue{mapFileNameToSizeInByte={}, totalSizeInByte=0}}, totalSizeInByte=0, totalBatchFileCount=0}
01-18 16:18:31.387 E/ClockPackSettingsUtils( 4166): isRoamingState: android.provider.Settings$SettingNotFoundException: easy_mode_switch
01-18 16:18:31.446 I/eris    ( 5759): 14[DMN] update {event 3, error 0, ike_error 0} for conn[3]
01-18 16:18:31.446 I/ErisClient -- ErisClient( 4033): parseDaemonResponse() {"msgType":4,"msgData":{"stateCode":3,"errorCode":0,"ikeErrorCode":0,"backoffTimer":-1,"cid":3,"mIkeSrcPort":38272}}
01-18 16:18:31.446 I/ErisClient -- ErisClient( 4033): getErisErrorFromDaemonError()
01-18 16:18:31.446 I/ErisClient -- ErisClient( 4033): sendConnectionReport() conn = [3:ims] event = EVENT_CONNECTION_ACTIVE error = ERIS_OK
01-18 16:18:47.070 I/BatchCreator( 6735): enqueueBatchForTransmission
01-18 16:18:47.071 I/StorageManager( 6735): addBatch to BoundedBatchQueue, then write to disk file...
01-18 16:18:47.072 I/BoundedBatchFileQueue( 6735): batch added to file: 1768771127071_us-east-1_0001
01-18 16:18:47.406 I/BatchCreator( 6521): enqueueBatchForTransmission
01-18 16:18:47.408 I/StorageManager( 6521): addBatch to BoundedBatchQueue, then write to disk file...
01-18 16:18:47.409 I/BoundedBatchFileQueue( 6521): batch added to file: 1768771127408_us-east-1_0001
01-18 16:18:47.650 I/MetricsTransmissionManager( 6317): transmitKPIMetricBatch started
01-18 16:18:47.661 I/MetricsTransporter( 6317): minerva upload url:https://d7ae3d206ce5366b0f0105dc74e8b013274baf9c15fd9588c12a576fa3ac95c.us-east-1.prod.service.minerva.devices.a2z.com:443/metric-batch
01-18 16:18:47.662 E/ComponentRegistry( 6317): java.lang.IllegalStateException: Unbound api:interface com.amazon.alexa.identity.api.IdentityService
01-18 16:18:47.662 E/ComponentRegistry( 6317): 	at com.amazon.minerva.client.thirdparty.transport.MetricsTransmissionManager.transmitMetricBatch(Unknown Source:21)
01-18 16:18:47.662 I/MetricsTransporter( 6317): connection: com.android.okhttp.internal.huc.HttpURLConnectionImpl:https://d7ae3d206ce5366b0f0105dc74e8b013274baf9c15fd9588c12a576fa3ac95c.us-east-1.prod.service.minerva.devices.a2z.com:443/metric-batch
01-18 16:18:47.998 I/MetricsTransmissionManager( 6317): transmitKPIMetricBatch finished
01-18 16:18:47.999 I/MetricsTransmissionManager( 6317): transmitMetricBatches started
01-18 16:18:47.999 I/MetricsTransmissionManager( 6317): transmitMetricBatches finished
01-18 16:18:58.665 D/StrictMode(27141): 	at o.teM$getErrorText.invokeSuspend(Unknown Source:60)
01-18 16:18:58.665 D/StrictMode(27141): 	at o.teM$getErrorText.valueOf(Unknown Source:65351)
01-18 16:18:58.665 D/StrictMode(27141): 	at o.teM$getErrorText.invoke(Unknown Source:65352)
01-18 16:18:58.665 D/StrictMode(27141): 	at o.uqh.getErrorText(Unknown Source:165)
01-18 16:18:58.665 D/StrictMode(27141): 	at o.uqj.getErrorText(Unknown Source:1)
01-18 16:18:58.666 E/SessionConfigFetcher(27141): Error failing to fetch the remote configs: Unable to resolve host "firebase-settings.crashlytics.com": No address associated with hostname
01-18 16:18:59.029 E/GoogleApiManager(27141): java.lang.SecurityException: Unknown calling package name 'com.google.android.gms'.
01-18 16:18:59.029 E/GoogleApiManager(27141): 	at android.os.Parcel.createExceptionOrNull(Parcel.java:3354)
01-18 16:18:59.029 E/GoogleApiManager(27141): 	at android.os.Parcel.createException(Parcel.java:3338)
01-18 16:18:59.029 E/GoogleApiManager(27141): 	at android.os.Parcel.readException(Parcel.java:3321)
01-18 16:18:59.029 E/GoogleApiManager(27141): 	at android.os.Parcel.readException(Parcel.java:3263)
01-18 16:18:59.029 W/GoogleApiManager(27141): Not showing notification since connectionResult is not user-facing: ConnectionResult{statusCode=DEVELOPER_ERROR, resolution=null, message=null, clientMethodKey=null}
01-18 16:18:59.030 W/FlagRegistrar(27141): fwfk: 17: 17: API: Phenotype.API is not available on this device. Connection failed with: ConnectionResult{statusCode=DEVELOPER_ERROR, resolution=null, message=null, clientMethodKey=null}
01-18 16:18:59.030 W/FlagRegistrar(27141): Caused by: bckm: 17: API: Phenotype.API is not available on this device. Connection failed with: ConnectionResult{statusCode=DEVELOPER_ERROR, resolution=null, message=null, clientMethodKey=null}
01-18 16:18:59.364 V/setRequestedOrientation(27141): getErrorText(getPhoneNumber=Info, values={duration=351, feature=easeHost, event=certPinning})
01-18 16:18:59.464 D/ConnectivityManager(27141): StackLog: [android.net.ConnectivityManager.sendRequestForNetwork(ConnectivityManager.java:4736)] [android.net.ConnectivityManager.registerDefaultNetworkCallbackForUid(ConnectivityManager.java:5461)] [android.net.ConnectivityManager.registerDefaultNetworkCallback(ConnectivityManager.java:5428)] [android.net.ConnectivityManager.registerDefaultNetworkCallback(ConnectivityManager.java:5402)] [o.draw$getPhoneNumber.getPhoneNumber(Unknown Source:191)] [o.setSpaceMin.read(Unknown Source:3113)] [o.setGranularity.valueOf(Unknown Source:15)] [o.removeViewportJob.<init>(Unknown Source:147)] [o.removeViewportJob.<init>(Unknown Source:105)] [o.setXOffset$3.getErrorText(Unknown Source:292)] [o.setXOffset.valueOf(Unknown Source:74)] [o.setXOffset.getErrorText(Unknown Source:102)] [com.bumptech.glide.Glide.getPhoneNumber(Unknown Source:545)] [o.nUO.getPhoneNumber(Unknown Source:222)] [o.nVe.getPhoneNumber(Unknown Source:65348)] [o.nVe.getErrorText(Unknown Source:207)] [o.nVe.getErrorText(Unknown Source:156)] [o.nVe.getErrorText(Unknown Source:36)] [o.nVe$valueOf$4.getErrorText(Unknown Source:144)] [o.nVe$valueOf$4.emit(Unknown Source:143)] [o.utT.valueOf(Unknown Source:397)] [o.utT.collect(Unknown Source:65354)] [o.nVe$valueOf.invokeSuspend(Unknown Source:143)] [o.tKa.resumeWith(Unknown Source:34)] [o.urh.run(Unknown Source:100)] [o.uvZ.values(Unknown Source:586)] [o.uvZ$RemoteActionCompatParcelizer.RemoteActionCompatParcelizer(Unknown Source:829)] [o.uvZ$RemoteActionCompatParcelizer.read(Unknown Source:717)] [o.uvZ$RemoteActionCompatParcelizer.run(Unknown Source:704)]
01-18 16:18:59.491 V/NetworkMonitorImpl(27141): getErrorText(getPhoneNumber=Info, values={duration=5, customAttribute={"isLegacy":false,"requestName":"NetworkRequestTransform (getIconsOffset)","url":"https://potomac-clickstream.capitalone.com/com.snowplowanalytics.snowplow/tp2","artificialDelayTime":0}, feature=networking, event=intercepting:9a4c36d5-9c3a-4918-a762-0f33e8c003f0})
01-18 16:18:59.516 I/NetworkScheduler( 4493): (REDACTED) Error inserting %s
01-18 16:18:59.574 V/NetworkMonitorImpl(27141): getErrorText(getPhoneNumber=Info, values={duration=0, customAttribute={"isLegacy":false,"requestName":"NetworkRequestTransform (getIconsOffset)","url":"https://potomac-clickstream.capitalone.com/com.snowplowanalytics.snowplow/tp2","artificialDelayTime":0}, feature=networking, event=intercepting:84b0160b-37f6-40ca-b93e-1af3c16fc7d3})
01-18 16:18:59.576 E/o.getGradientColor(27141): Unable to parse body on API request failure: org.json.JSONException: No value for events
01-18 16:18:59.577 V/NetworkMonitorImpl(27141): getPhoneNumber(valueOf=o.akb: Error info - NetworkError NETWORK_ERROR | Unable to resolve host "potomac-clickstream.capitalone.com": No address associated with hostname, getErrorText={customAttribute={"isLegacy":false,"requestName":"NetworkRequestTransform (getIconsOffset)","url":"https://potomac-clickstream.capitalone.com/com.snowplowanalytics.snowplow/tp2","statusCode":0}, feature=networking, event=networkError, statusCode=13000})
01-18 16:18:59.582 E/o.getGradientColor(27141): Unable to parse body on API request failure: org.json.JSONException: No value for events
01-18 16:18:59.582 V/NetworkMonitorImpl(27141): getPhoneNumber(valueOf=o.akb: Error info - NetworkError NETWORK_ERROR | Unable to resolve host "potomac-clickstream.capitalone.com": No address associated with hostname, getErrorText={customAttribute={"isLegacy":false,"requestName":"NetworkRequestTransform (getIconsOffset)","url":"https://potomac-clickstream.capitalone.com/com.snowplowanalytics.snowplow/tp2","statusCode":0}, feature=networking, event=networkError, statusCode=13000})
01-18 16:19:00.048 D/QuickPanelLog( 4166):  - com.android.systemui.shade.NotificationShadeWindowControllerImpl.batchApplyWindowLayoutParams:7
01-18 16:19:00.889 I/JobScheduler( 2561): maybeQueueReadyJobsForExecutionLocked: [BatchNetworkJob] 2 batched network jobs meet requirement for 108
01-18 16:19:02.125 E/DatabaseUtils( 2561): Writing exception to parcel
01-18 16:19:02.125 E/DatabaseUtils( 2561): java.lang.SecurityException: Permission Denial: get/set setting for user asks to run as user -2 but is calling from uid u0a214; this requires android.permission.INTERACT_ACROSS_USERS_FULL
01-18 16:19:02.153 E/DatabaseUtils( 2561): Writing exception to parcel
01-18 16:19:02.153 E/DatabaseUtils( 2561): java.lang.SecurityException: Permission Denial: get/set setting for user asks to run as user -2 but is calling from uid u0a214; this requires android.permission.INTERACT_ACROSS_USERS_FULL
01-18 16:19:02.372 E/DatabaseUtils( 2561): Writing exception to parcel
01-18 16:19:02.372 E/DatabaseUtils( 2561): java.lang.SecurityException: com.jamworks.alwaysondisplay was not granted  this permission: android.permission.WRITE_SETTINGS.
01-18 16:19:02.373 E/DatabaseUtils( 2561): Writing exception to parcel
01-18 16:19:02.373 E/DatabaseUtils( 2561): java.lang.SecurityException: com.jamworks.alwaysondisplay was not granted  this permission: android.permission.WRITE_SETTINGS.
01-18 16:19:03.284 V/NetworkMonitorImpl(27141): getErrorText(getPhoneNumber=Info, values={duration=3799, customAttribute={"isLegacy":false,"requestName":"NetworkRequestTransform (avE)","url":"https://potomac-clickstream.capitalone.com/com.snowplowanalytics.snowplow/tp2","artificialDelayTime":3791}, feature=networking, event=intercepting:eeae14e1-73bf-4f70-ae94-e90bbdce6e60})
01-18 16:19:03.305 V/NetworkMonitorImpl(27141): getPhoneNumber(valueOf=o.akb: Error info - NetworkError NETWORK_ERROR | Unable to resolve host "potomac-clickstream.capitalone.com": No address associated with hostname, getErrorText={customAttribute={"isLegacy":false,"requestName":"NetworkRequestTransform (avE)","url":"https://potomac-clickstream.capitalone.com/com.snowplowanalytics.snowplow/tp2","statusCode":0}, feature=networking, event=networkError, statusCode=13000})
01-18 16:19:09.499 I/NetworkScheduler( 4493): (REDACTED) Error inserting %s
01-18 16:19:09.784 I/NetworkScheduler( 4493): (REDACTED) Error inserting %s
01-18 16:19:10.025 I/NetworkScheduler( 4493): (REDACTED) Error inserting %s
01-18 16:19:10.290 I/NetworkScheduler( 4493): (REDACTED) Error inserting %s
01-18 16:19:10.617 I/NetworkScheduler( 4493): (REDACTED) Error inserting %s
01-18 16:19:10.870 I/BugleNetwork(20351): TACHYON_REGISTRATION_TYPE_GDITTO BindHandler: Cancelling stream intentionally. onError will be called but no-op
01-18 16:19:10.889 I/BugleNetwork(20351): TACHYON_REGISTRATION_TYPE_GDITTO BindHandler: onError is called with IntendedStreamCloseException. No-op.
01-18 16:19:11.674 I/BugleNetwork(20351): TACHYON_REGISTRATION_TYPE_PHONE_NUMBER BindHandler: Cancelling stream intentionally. onError will be called but no-op
01-18 16:19:11.684 I/BugleNetwork(20351): TACHYON_REGISTRATION_TYPE_PHONE_NUMBER BindHandler: onError is called with IntendedStreamCloseException. No-op.
01-18 16:19:19.874 I/sensors-hal( 1621): batch:363, android.sensor.pressure/61, period=100000000, max_latency=0 request completed
01-18 16:19:20.211 I/sensors-hal( 1621): batch:363, android.sensor.accelerometer/11, period=20000000, max_latency=0 request completed
01-18 16:19:20.240 I/sensors-hal( 1621): batch:363, android.sensor.pressure/61, period=100000000, max_latency=0 request completed
01-18 16:19:20.251 D/SLocation( 2561): ARDistanceLibManager - command callback received - CURRENT_LOCATION_REQUEST_DISTANCE ERROR CODE : ERROR_NONE
01-18 16:19:20.255 D/SLocation( 2561): CommonCoreManager - handleCommandCallback - FUNC_TYPE : SET_LOCATION  ERROR_CODE : ERROR_NONE
01-18 16:19:20.279 I/sensors-hal( 1621): batch:363, android.sensor.accelerometer/11, period=200000000, max_latency=0 request completed
01-18 16:19:20.289 I/sensors-hal( 1621): batch:363, android.sensor.accelerometer/11, period=10000000, max_latency=0 request completed
01-18 16:19:20.290 I/sensors-hal( 1621): batch:363, android.sensor.magnetic_field_uncalibrated/141, period=200000000, max_latency=0 request completed
01-18 16:19:20.301 I/sensors-hal( 1621): batch:363, android.sensor.magnetic_field_uncalibrated/141, period=20000000, max_latency=0 request completed
01-18 16:19:20.302 I/sensors-hal( 1621): batch:363, android.sensor.gyroscope_uncalibrated/161, period=200000000, max_latency=0 request completed
01-18 16:19:20.311 I/sensors-hal( 1621): batch:363, android.sensor.gyroscope_uncalibrated/161, period=10000000, max_latency=0 request completed
01-18 16:19:20.312 I/sensors-hal( 1621): batch:363, android.sensor.magnetic_field/21, period=200000000, max_latency=0 request completed
01-18 16:19:20.322 I/sensors-hal( 1621): batch:363, android.sensor.magnetic_field/21, period=20000000, max_latency=0 request completed
01-18 16:19:22.852 W/System.err( 1356): java.util.concurrent.CancellationException: Finish coroutine session
01-18 16:19:22.853 W/GWT:PreviewSessionManager( 1356): [daemonapp] PreviewSession is finished by java.util.concurrent.CancellationException: Finish coroutine session
01-18 16:19:23.304 W/System.err( 1356): java.util.concurrent.CancellationException: Finish coroutine session
