01-18 16:23:15.824 I/flutter (29769): EPG: getCurrentProgram - No programs for epgId "storiesamc.us" (channelId: "storiesamc.us", total program channels: 0)
01-18 16:23:15.824 I/flutter (29769): EPG: getCurrentProgram - No programs for epgId "amcwest.us" (channelId: "amcwest.us", total program channels: 0)
01-18 16:23:15.824 I/flutter (29769): EPG: getCurrentProgram - No programs for epgId "americanheroeschannel.us" (channelId: "americanheroeschannel.us", total program channels: 0)
01-18 16:23:15.824 I/flutter (29769): EPG: getCurrentProgram - No programs for epgId "animalplanet.us" (channelId: "animalplanet.us", total program channels: 0)
01-18 16:23:15.824 I/flutter (29769): EPG: getCurrentProgram - No programs for epgId "animalplanetwest.us" (channelId: "animalplanetwest.us", total program channels: 0)
01-18 16:23:15.824 I/flutter (29769): EPG: getCurrentProgram - No programs for epgId "antennatv.us" (channelId: "antennatv.us", total program channels: 0)
01-18 16:23:15.824 I/flutter (29769): EPG: getCurrentProgram - No programs for epgId "awe.us" (channelId: "awe.us", total program channels: 0)
01-18 16:23:15.824 I/flutter (29769): EPG: getCurrentProgram - No programs for epgId "axstv.us" (channelId: "axstv.us", total program channels: 0)
01-18 16:23:15.824 I/flutter (29769): EPG: getCurrentProgram - No programs for epgId "axstvnow.us" (channelId: "axstvnow.us", total program channels: 0)
01-18 16:23:15.824 I/flutter (29769): EPG: getCurrentProgram - No programs for epgId "bbcamerica.us" (channelId: "bbcamerica.us", total program channels: 0)
01-18 16:23:15.824 I/flutter (29769): EPG: getCurrentProgram - No programs for epgId "beinsports.us" (channelId: "beinsports.us", total program channels: 0)
01-18 16:23:15.824 I/flutter (29769): EPG: getCurrentProgram - No programs for epgId "beinsports4.us" (channelId: "beinsports4.us", total program channels: 0)
01-18 16:23:15.824 I/flutter (29769): EPG: getCurrentProgram - No programs for epgId "beinsports5.us" (channelId: "beinsports5.us", total program channels: 0)
01-18 16:23:15.824 I/flutter (29769): EPG: getCurrentProgram - No programs for epgId "beinsports6.us" (channelId: "beinsports6.us", total program channels: 0)
01-18 16:23:15.824 I/flutter (29769): EPG: getCurrentProgram - No programs for epgId "beinsports7.us" (channelId: "beinsports7.us", total program channels: 0)
01-18 16:23:15.824 I/flutter (29769): EPG: getCurrentProgram - No programs for epgId "beinsports8.us" (channelId: "beinsports8.us", total program channels: 0)
01-18 16:23:15.824 I/flutter (29769): EPG: getCurrentProgram - No programs for epgId "bet.us" (channelId: "bet.us", total program channels: 0)
01-18 16:23:15.824 I/flutter (29769): EPG: getCurrentProgram - No programs for epgId "bravo.us" (channelId: "bravo.us", total program channels: 0)
01-18 16:23:15.824 I/flutter (29769): EPG: getCurrentProgram - No programs for epgId "bravowest.us" (channelId: "bravowest.us", total program channels: 0)
01-18 16:23:15.824 I/flutter (29769): LiveTV: _filterChannelsWithLoadedEpg returned 0 of 50 channels. EPG isLoading=false, availableChannels=4080, error=null, isDbReady=false
01-18 16:23:15.824 I/flutter (29769): EPG: ensureChannelsLoadedBatch called with 50 channels
01-18 16:23:15.889 I/flutter (29769): EPG: ensureChannelsLoadedBatch - queueing 19 channels for batch load
01-18 16:23:15.889 I/flutter (29769): LiveTV: Waiting for EPG (2164ms, batchLoading=true)
01-18 16:23:15.893 I/flutter (29769): ChannelProvider: DB category batch failed: Unsupported operation: read-only
01-18 16:23:15.912 I/flutter (29769): LocalDbService: init() called, _isInit=false, _initCompleter=false
01-18 16:23:15.913 I/flutter (29769): LocalDbService: Opening database at /data/user/0/com.risa.app/app_flutter/iptv_local.db
01-18 16:23:15.914 I/flutter (29769): EPG: ensureChannelsLoadedBatch called with 12 channels
01-18 16:23:15.914 I/flutter (29769): EPG: ensureChannelsLoadedBatch - no new channels to load (all already loaded or pending)
01-18 16:23:15.915 I/flutter (29769): EPG: ensureChannelsLoadedBatch called with 12 channels
01-18 16:23:15.935 I/flutter (29769): EPG: ensureChannelsLoadedBatch - no new channels to load (all already loaded or pending)
01-18 16:23:15.970 I/flutter (29769): ChannelProvider: Recovered read-only DB, rebuilding caches
01-18 16:23:16.002 I/flutter (29769): LiveTV: _filterChannelsWithLoadedEpg returned 0 of 50 channels. EPG isLoading=true, availableChannels=4080, error=null, isDbReady=true
01-18 16:23:16.002 I/flutter (29769): EPG: ensureChannelsLoadedBatch called with 50 channels
01-18 16:23:16.062 I/flutter (29769): EPG: ensureChannelsLoadedBatch - no new channels to load (all already loaded or pending)
01-18 16:23:16.062 I/flutter (29769): LiveTV: Waiting for EPG (2337ms, batchLoading=true)
01-18 16:23:16.101 I/flutter (29769): EPG: Restored cache from backup.
01-18 16:23:16.122 I/flutter (29769): content_focus: Shell unregistered focus callback token=13
01-18 16:23:16.122 I/flutter (29769): content_focus: Shell registered focus callback token=14
01-18 16:23:16.122 I/flutter (29769): content_focus: Registered content focus: LiveTVScreen (token: 14)
01-18 16:23:16.136 I/flutter (29769): LiveTV: _filterChannelsWithLoadedEpg returned 0 of 50 channels. EPG isLoading=true, availableChannels=4080, error=null, isDbReady=true
01-18 16:23:16.136 I/flutter (29769): EPG: ensureChannelsLoadedBatch called with 50 channels
01-18 16:23:16.193 I/flutter (29769): EPG: ensureChannelsLoadedBatch - no new channels to load (all already loaded or pending)
01-18 16:23:16.193 I/flutter (29769): LiveTV: Waiting for EPG (2468ms, batchLoading=true)
01-18 16:23:16.202 I/flutter (29769): ChannelProvider: Category DB load took 220ms
01-18 16:23:16.236 I/flutter (29769): EPG: Batch timer fired, loading 37 channels
01-18 16:23:16.236 I/flutter (29769): EPG: _loadProgramsFromDbBatch called with 37 epgIds, dbReady=true, dbDisabled=false, suspendReads=true
01-18 16:23:16.236 I/flutter (29769): EPG: _loadProgramsFromDbBatch suspended (parsing in progress), timer will retry
01-18 16:23:16.241 I/flutter (29769): content_focus: Shell unregistered focus callback token=14
01-18 16:23:16.241 I/flutter (29769): content_focus: Shell registered focus callback token=15
01-18 16:23:16.241 I/flutter (29769): content_focus: Registered content focus: LiveTVScreen (token: 15)
01-18 16:23:16.256 I/flutter (29769): LiveTV: _filterChannelsWithLoadedEpg returned 0 of 50 channels. EPG isLoading=true, availableChannels=4080, error=null, isDbReady=true
01-18 16:23:16.256 I/flutter (29769): EPG: ensureChannelsLoadedBatch called with 50 channels
01-18 16:23:16.313 I/flutter (29769): EPG: ensureChannelsLoadedBatch - no new channels to load (all already loaded or pending)
01-18 16:23:16.313 I/flutter (29769): LiveTV: Waiting for EPG (2588ms, batchLoading=true)
01-18 16:23:16.317 I/flutter (29769): ChannelProvider: Category isolate compute took 114ms
01-18 16:23:16.317 I/flutter (29769): ChannelProvider: Loaded 18 categories from DB
01-18 16:23:16.317 I/flutter (29769): ChannelProvider: Category compute total 336ms
01-18 16:23:16.324 I/flutter (29769): EPG: Allowing stale cache. Age: 0 minutes. Size: 19.29 MB
01-18 16:23:16.357 I/flutter (29769): content_focus: Shell unregistered focus callback token=15
01-18 16:23:16.357 I/flutter (29769): content_focus: Shell registered focus callback token=16
01-18 16:23:16.357 I/flutter (29769): content_focus: Registered content focus: LiveTVScreen (token: 16)
01-18 16:23:16.373 I/flutter (29769): LiveTV: _filterChannelsWithLoadedEpg returned 0 of 50 channels. EPG isLoading=true, availableChannels=4080, error=null, isDbReady=true
01-18 16:23:16.373 I/flutter (29769): EPG: ensureChannelsLoadedBatch called with 50 channels
01-18 16:23:16.429 I/flutter (29769): EPG: ensureChannelsLoadedBatch - no new channels to load (all already loaded or pending)
01-18 16:23:16.429 I/flutter (29769): LiveTV: Waiting for EPG (2704ms, batchLoading=true)
01-18 16:23:16.462 I/flutter (29769): EPG: Cache is valid. Age: 0 minutes. Size: 19.29 MB
01-18 16:23:16.462 I/flutter (29769): EPG: Using valid cached file, skipping download.
01-18 16:23:16.462 I/flutter (29769): EPG: Download phase took 484ms
01-18 16:23:16.464 I/flutter (29769): ChannelProvider: Category DB load took 106ms
01-18 16:23:16.480 I/flutter (29769): EPG: getCurrentProgram - No programs for epgId "cbssportsgolazonetwork.us" (channelId: "cbssportsgolazonetwork.us", total program channels: 0)
01-18 16:23:16.483 I/flutter (29769): EPG: getCurrentProgram - No EPG ID found for "women\'ssportsnetwork.us" (name: "Cbs Sports Network", available: 4080, normalized: 8884, programs: 0)
01-18 16:23:16.483 I/flutter (29769): EPG: getCurrentProgram - No programs for epgId "cinemaxaction.us" (channelId: "cinemaxaction.us", total program channels: 0)
01-18 16:23:16.483 I/flutter (29769): EPG: getCurrentProgram - No programs for epgId "cinemaxclassics.us" (channelId: "cinemaxclassics.us", total program channels: 0)
01-18 16:23:16.483 I/flutter (29769): EPG: getCurrentProgram - No programs for epgId "cinemax.us" (channelId: "cinemax.us", total program channels: 0)
01-18 16:23:16.483 I/flutter (29769): EPG: getCurrentProgram - No programs for epgId "cinemaxhits.us" (channelId: "cinemaxhits.us", total program channels: 0)
01-18 16:23:16.483 I/flutter (29769): EPG: getCurrentProgram - No programs for epgId "cinemaxwest.us" (channelId: "cinemaxwest.us", total program channels: 0)
01-18 16:23:16.483 I/flutter (29769): EPG: getCurrentProgram - No programs for epgId "cmt.us" (channelId: "cmt.us", total program channels: 0)
01-18 16:23:16.483 I/flutter (29769): EPG: getCurrentProgram - No programs for epgId "cnbc.us" (channelId: "cnbc.us", total program channels: 0)
01-18 16:23:16.483 I/flutter (29769): LiveTV: _filterChannelsWithLoadedEpg returned 0 of 60 channels. EPG isLoading=true, availableChannels=4080, error=null, isDbReady=true
01-18 16:23:16.483 I/flutter (29769): EPG: ensureChannelsLoadedBatch called with 60 channels
01-18 16:23:16.549 I/flutter (29769): EPG: ensureChannelsLoadedBatch - queueing 8 channels for batch load
01-18 16:23:16.549 I/flutter (29769): LiveTV: Waiting for EPG (2824ms, batchLoading=true)
01-18 16:23:16.553 I/flutter (29769): EPG: DB programCount took 91ms
01-18 16:23:16.553 I/flutter (29769): EPG: Allowed channels not ready yet - will parse all EPG data and filter later.
01-18 16:23:16.553 I/flutter (29769): ChannelProvider: Category isolate compute took 87ms
01-18 16:23:16.553 I/flutter (29769): ChannelProvider: Loaded 63 categories from DB
01-18 16:23:16.553 I/flutter (29769): ChannelProvider: Category compute total 195ms
01-18 16:23:16.557 I/flutter (29769): EPG: Starting background parsing...
01-18 16:23:16.557 I/flutter (29769): EPG: Using 8884 cached EPG channel IDs for parsing
01-18 16:23:16.559 I/flutter (29769): EPG: Parsing full programs from 2026-01-17 16:23:16.557 to 2026-01-19 22:23:16.557
01-18 16:23:16.564 I/flutter (29769): content_focus: Shell unregistered focus callback token=16
01-18 16:23:16.564 I/flutter (29769): content_focus: Shell registered focus callback token=17
01-18 16:23:16.564 I/flutter (29769): content_focus: Registered content focus: LiveTVScreen (token: 17)
01-18 16:23:16.564 I/flutter (29769): LiveTV: Processing 61 new categories (total: 63, current: 2)
01-18 16:23:16.583 I/flutter (29769): LiveTV: _filterChannelsWithLoadedEpg returned 0 of 60 channels. EPG isLoading=true, availableChannels=4080, error=null, isDbReady=true
01-18 16:23:16.583 I/flutter (29769): EPG: ensureChannelsLoadedBatch called with 60 channels
01-18 16:23:16.663 I/flutter (29769): EPG: ensureChannelsLoadedBatch - no new channels to load (all already loaded or pending)
01-18 16:23:16.663 I/flutter (29769): LiveTV: Waiting for EPG (2938ms, batchLoading=true)
01-18 16:23:16.672 I/flutter (29769): LiveTV: Updated _categoryNames to 63, visibleCount: 8
01-18 16:23:16.702 I/flutter (29769): LiveTV: _filterChannelsWithLoadedEpg returned 0 of 60 channels. EPG isLoading=true, availableChannels=4080, error=null, isDbReady=true
01-18 16:23:16.702 I/flutter (29769): EPG: ensureChannelsLoadedBatch called with 60 channels
01-18 16:23:16.792 I/flutter (29769): EPG: ensureChannelsLoadedBatch - no new channels to load (all already loaded or pending)
01-18 16:23:16.792 I/flutter (29769): LiveTV: Waiting for EPG (3067ms, batchLoading=true)
01-18 16:23:16.908 I/flutter (29769): EPG: Batch timer fired, loading 45 channels
01-18 16:23:16.908 I/flutter (29769): EPG: _loadProgramsFromDbBatch called with 45 epgIds, dbReady=true, dbDisabled=false, suspendReads=true
01-18 16:23:16.908 I/flutter (29769): EPG: _loadProgramsFromDbBatch suspended (parsing in progress), timer will retry
01-18 16:23:16.909 I/flutter (29769): content_focus: Shell unregistered focus callback token=17
01-18 16:23:16.909 I/flutter (29769): content_focus: Shell registered focus callback token=18
01-18 16:23:16.909 I/flutter (29769): content_focus: Registered content focus: LiveTVScreen (token: 18)
01-18 16:23:16.935 I/flutter (29769): LiveTV: _filterChannelsWithLoadedEpg returned 0 of 60 channels. EPG isLoading=true, availableChannels=4080, error=null, isDbReady=true
01-18 16:23:16.935 I/flutter (29769): EPG: ensureChannelsLoadedBatch called with 60 channels
01-18 16:23:17.041 I/flutter (29769): EPG: ensureChannelsLoadedBatch - no new channels to load (all already loaded or pending)
01-18 16:23:17.041 I/flutter (29769): LiveTV: Waiting for EPG (3316ms, batchLoading=true)
01-18 16:23:17.102 I/flutter (29769): ChannelProvider: Parsed 7205 channels (isolate)
01-18 16:23:17.103 I/flutter (29769): content_focus: Shell unregistered focus callback token=18
01-18 16:23:17.103 I/flutter (29769): content_focus: Shell registered focus callback token=19
01-18 16:23:17.104 I/flutter (29769): content_focus: Registered content focus: LiveTVScreen (token: 19)
01-18 16:23:17.153 I/flutter (29769): LiveTV: _filterChannelsWithLoadedEpg returned 0 of 60 channels. EPG isLoading=true, availableChannels=4080, error=null, isDbReady=true
01-18 16:23:17.153 I/flutter (29769): EPG: ensureChannelsLoadedBatch called with 60 channels
01-18 16:23:17.241 I/flutter (29769): EPG: ensureChannelsLoadedBatch - no new channels to load (all already loaded or pending)
01-18 16:23:17.241 I/flutter (29769): LiveTV: Waiting for EPG (3516ms, batchLoading=true)
01-18 16:23:17.246 I/flutter (29769): ChannelProvider: Category DB load took 144ms
01-18 16:23:17.248 I/flutter (29769): ChannelProvider: Category isolate compute took 1ms
01-18 16:23:17.248 I/flutter (29769): ChannelProvider: Loaded 63 categories from DB
01-18 16:23:17.248 I/flutter (29769): ChannelProvider: Category compute total 146ms
01-18 16:23:17.249 I/flutter (29769): content_focus: Shell unregistered focus callback token=19
01-18 16:23:17.249 I/flutter (29769): content_focus: Shell registered focus callback token=20
01-18 16:23:17.249 I/flutter (29769): content_focus: Registered content focus: LiveTVScreen (token: 20)
01-18 16:23:17.276 I/flutter (29769): LiveTV: _filterChannelsWithLoadedEpg returned 0 of 60 channels. EPG isLoading=true, availableChannels=4080, error=null, isDbReady=true
01-18 16:23:17.277 I/flutter (29769): EPG: ensureChannelsLoadedBatch called with 60 channels
01-18 16:23:17.377 I/flutter (29769): EPG: ensureChannelsLoadedBatch - no new channels to load (all already loaded or pending)
01-18 16:23:17.377 I/flutter (29769): LiveTV: Waiting for EPG (3652ms, batchLoading=true)
01-18 16:23:17.405 I/flutter (29769): [PERF] END: PLAYLIST_LOAD_TOTAL took 3415ms
01-18 16:23:17.405 I/flutter (29769): [PERF] WARNING: PLAYLIST_LOAD_TOTAL took 3415ms (>100ms)
01-18 16:23:17.405 I/flutter (29769): [PERF] CRITICAL: PLAYLIST_LOAD_TOTAL took 3415ms (>1s)
01-18 16:23:17.405 I/flutter (29769): [PERF] Memory check (After playlist load)
01-18 16:23:17.405 I/flutter (29769): ChannelProvider: Loaded 7205 channels, cache size: 35
01-18 16:23:17.409 I/flutter (29769): [PERF] ChannelLoad: 7205 channels in 0ms
01-18 16:23:17.410 I/flutter (29769): ChannelProvider: Auto-load completed successfully
01-18 16:23:17.410 I/flutter (29769): startup: 3839ms - ChannelProvider.autoLoadPlaylist: network load finished
01-18 16:23:17.410 I/flutter (29769): EPG: Batch timer retry after suspend, loading 45 channels
01-18 16:23:17.410 I/flutter (29769): EPG: _loadProgramsFromDbBatch called with 45 epgIds, dbReady=true, dbDisabled=false, suspendReads=true
01-18 16:23:17.410 I/flutter (29769): EPG: _loadProgramsFromDbBatch suspended (parsing in progress), timer will retry
01-18 16:23:17.411 I/flutter (29769): ChannelProvider: Saved JSON cache metadata only
01-18 16:23:17.417 I/flutter (29769): content_focus: Shell unregistered focus callback token=20
01-18 16:23:17.417 I/flutter (29769): content_focus: Shell registered focus callback token=21
01-18 16:23:17.417 I/flutter (29769): content_focus: Registered content focus: LiveTVScreen (token: 21)
01-18 16:23:17.443 I/flutter (29769): LiveTV: _filterChannelsWithLoadedEpg returned 0 of 60 channels. EPG isLoading=true, availableChannels=4080, error=null, isDbReady=true
01-18 16:23:17.443 I/flutter (29769): EPG: ensureChannelsLoadedBatch called with 60 channels
01-18 16:23:17.530 I/flutter (29769): EPG: ensureChannelsLoadedBatch - no new channels to load (all already loaded or pending)
01-18 16:23:17.530 I/flutter (29769): LiveTV: Waiting for EPG (3805ms, batchLoading=true)
01-18 16:23:17.911 I/flutter (29769): EPG: Batch timer retry after suspend, loading 45 channels
01-18 16:23:17.911 I/flutter (29769): EPG: _loadProgramsFromDbBatch called with 45 epgIds, dbReady=true, dbDisabled=false, suspendReads=true
01-18 16:23:17.911 I/flutter (29769): EPG: _loadProgramsFromDbBatch suspended (parsing in progress), timer will retry
01-18 16:23:18.413 I/flutter (29769): EPG: Batch timer retry after suspend, loading 45 channels
01-18 16:23:18.413 I/flutter (29769): EPG: _loadProgramsFromDbBatch called with 45 epgIds, dbReady=true, dbDisabled=false, suspendReads=true
01-18 16:23:18.413 I/flutter (29769): EPG: _loadProgramsFromDbBatch suspended (parsing in progress), timer will retry
01-18 16:23:18.914 I/flutter (29769): EPG: Batch timer retry after suspend, loading 45 channels
01-18 16:23:18.914 I/flutter (29769): EPG: _loadProgramsFromDbBatch called with 45 epgIds, dbReady=true, dbDisabled=false, suspendReads=true
01-18 16:23:18.914 I/flutter (29769): EPG: _loadProgramsFromDbBatch suspended (parsing in progress), timer will retry
01-18 16:23:19.414 I/flutter (29769): EPG: Batch timer retry after suspend, loading 45 channels
01-18 16:23:19.415 I/flutter (29769): EPG: _loadProgramsFromDbBatch called with 45 epgIds, dbReady=true, dbDisabled=false, suspendReads=true
01-18 16:23:19.415 I/flutter (29769): EPG: _loadProgramsFromDbBatch suspended (parsing in progress), timer will retry
01-18 16:23:19.916 I/flutter (29769): EPG: Batch timer retry after suspend, loading 45 channels
01-18 16:23:19.916 I/flutter (29769): EPG: _loadProgramsFromDbBatch called with 45 epgIds, dbReady=true, dbDisabled=false, suspendReads=true
01-18 16:23:19.916 I/flutter (29769): EPG: _loadProgramsFromDbBatch suspended (parsing in progress), timer will retry
01-18 16:23:20.417 I/flutter (29769): EPG: Batch timer retry after suspend, loading 45 channels
01-18 16:23:20.417 I/flutter (29769): EPG: _loadProgramsFromDbBatch called with 45 epgIds, dbReady=true, dbDisabled=false, suspendReads=true
01-18 16:23:20.417 I/flutter (29769): EPG: _loadProgramsFromDbBatch suspended (parsing in progress), timer will retry
01-18 16:23:20.918 I/flutter (29769): EPG: Batch timer retry after suspend, loading 45 channels
01-18 16:23:20.918 I/flutter (29769): EPG: _loadProgramsFromDbBatch called with 45 epgIds, dbReady=true, dbDisabled=false, suspendReads=true
01-18 16:23:20.918 I/flutter (29769): EPG: _loadProgramsFromDbBatch suspended (parsing in progress), timer will retry
01-18 16:23:20.946 I/flutter (29769): EPG: UTF-8 parse failed (will retry with Latin1): XmlTagException: Missing </desc>
01-18 16:23:20.964 I/MetricsTransmissionManager( 6735): transmitKPIMetricBatch started
01-18 16:23:20.975 I/MetricsTransporter( 6735): minerva upload url:https://d7ae3d206ce5366b0f0105dc74e8b013274baf9c15fd9588c12a576fa3ac95c.us-east-1.prod.service.minerva.devices.a2z.com:443/metric-batch
01-18 16:23:20.991 I/MetricsTransporter( 6735): connection: com.android.okhttp.internal.huc.HttpURLConnectionImpl:https://d7ae3d206ce5366b0f0105dc74e8b013274baf9c15fd9588c12a576fa3ac95c.us-east-1.prod.service.minerva.devices.a2z.com:443/metric-batch
01-18 16:23:21.419 I/flutter (29769): EPG: Batch timer retry after suspend, loading 45 channels
01-18 16:23:21.420 I/flutter (29769): EPG: _loadProgramsFromDbBatch called with 45 epgIds, dbReady=true, dbDisabled=false, suspendReads=true
01-18 16:23:21.420 I/flutter (29769): EPG: _loadProgramsFromDbBatch suspended (parsing in progress), timer will retry
01-18 16:23:21.668 I/MetricsTransmissionManager( 6735): transmitKPIMetricBatch finished
01-18 16:23:21.669 I/MetricsTransmissionManager( 6735): transmitMetricBatches started
01-18 16:23:21.678 I/MetricsTransporter( 6735): minerva upload url:https://d7ae3d206ce5366b0f0105dc74e8b013274baf9c15fd9588c12a576fa3ac95c.us-east-1.prod.service.minerva.devices.a2z.com:443/metric-batch
01-18 16:23:21.681 I/MetricsTransporter( 6735): connection: com.android.okhttp.internal.huc.HttpURLConnectionImpl:https://d7ae3d206ce5366b0f0105dc74e8b013274baf9c15fd9588c12a576fa3ac95c.us-east-1.prod.service.minerva.devices.a2z.com:443/metric-batch
01-18 16:23:21.766 I/MetricsTransporter( 6735): minerva upload url:https://d7ae3d206ce5366b0f0105dc74e8b013274baf9c15fd9588c12a576fa3ac95c.us-east-1.prod.service.minerva.devices.a2z.com:443/metric-batch
01-18 16:23:21.769 I/MetricsTransporter( 6735): connection: com.android.okhttp.internal.huc.HttpURLConnectionImpl:https://d7ae3d206ce5366b0f0105dc74e8b013274baf9c15fd9588c12a576fa3ac95c.us-east-1.prod.service.minerva.devices.a2z.com:443/metric-batch
01-18 16:23:21.787 I/flutter (29769): LiveTV: _filterChannelsWithLoadedEpg returned 0 of 60 channels. EPG isLoading=true, availableChannels=4080, error=null, isDbReady=true
01-18 16:23:21.787 I/flutter (29769): EPG: ensureChannelsLoadedBatch called with 60 channels
01-18 16:23:21.831 I/MetricsTransmissionManager( 6735): transmitMetricBatches finished
01-18 16:23:21.833 I/MetricsTransmissionManager( 6735): transmitMetricBatches, storageManager(after execute): StorageManager{mapStoragePriorityToBatchQueue={3=BoundedBatchFileQueue{mapFileNameToSizeInByte={}, totalSizeInByte=0}}, totalSizeInByte=0, totalBatchFileCount=0}
01-18 16:23:21.886 I/flutter (29769): EPG: ensureChannelsLoadedBatch - no new channels to load (all already loaded or pending)
01-18 16:23:21.886 I/flutter (29769): LiveTV: Waiting for EPG (8161ms, batchLoading=true)
01-18 16:23:21.924 I/flutter (29769): EPG: Batch timer retry after suspend, loading 45 channels
01-18 16:23:21.924 I/flutter (29769): EPG: _loadProgramsFromDbBatch called with 45 epgIds, dbReady=true, dbDisabled=false, suspendReads=true
01-18 16:23:21.924 I/flutter (29769): EPG: _loadProgramsFromDbBatch suspended (parsing in progress), timer will retry
01-18 16:23:22.879 I/flutter (29769): EPG: Batch timer retry after suspend, loading 45 channels
01-18 16:23:22.879 I/flutter (29769): EPG: _loadProgramsFromDbBatch called with 45 epgIds, dbReady=true, dbDisabled=false, suspendReads=true
01-18 16:23:22.879 I/flutter (29769): EPG: _loadProgramsFromDbBatch suspended (parsing in progress), timer will retry
01-18 16:23:23.380 I/flutter (29769): EPG: Batch timer retry after suspend, loading 45 channels
01-18 16:23:23.380 I/flutter (29769): EPG: _loadProgramsFromDbBatch called with 45 epgIds, dbReady=true, dbDisabled=false, suspendReads=true
01-18 16:23:23.380 I/flutter (29769): EPG: _loadProgramsFromDbBatch suspended (parsing in progress), timer will retry
01-18 16:23:23.881 I/flutter (29769): EPG: Batch timer retry after suspend, loading 45 channels
01-18 16:23:23.881 I/flutter (29769): EPG: _loadProgramsFromDbBatch called with 45 epgIds, dbReady=true, dbDisabled=false, suspendReads=true
01-18 16:23:23.881 I/flutter (29769): EPG: _loadProgramsFromDbBatch suspended (parsing in progress), timer will retry
01-18 16:23:24.382 I/flutter (29769): EPG: Batch timer retry after suspend, loading 45 channels
01-18 16:23:24.382 I/flutter (29769): EPG: _loadProgramsFromDbBatch called with 45 epgIds, dbReady=true, dbDisabled=false, suspendReads=true
01-18 16:23:24.382 I/flutter (29769): EPG: _loadProgramsFromDbBatch suspended (parsing in progress), timer will retry
01-18 16:23:24.791 I/flutter (29769): EPG: Latin1 retry also failed: XmlTagException: Missing </desc>
01-18 16:23:24.791 I/flutter (29769): #0      _XmlWithParentEventsSink.close (package:xml/src/xml_events/streams/with_parent.dart:56)
01-18 16:23:24.791 I/flutter (29769): #1      _ConverterStreamEventSink.close (dart:convert/chunked_conversion.dart:79)
01-18 16:23:24.791 I/flutter (29769): #2      _SinkTransformerStreamSubscription._handleDone (dart:async/stream_transformers.dart:136)
01-18 16:23:24.791 I/flutter (29769): #3      _RootZone.runGuarded (dart:async/zone.dart:1766)
01-18 16:23:24.791 I/flutter (29769): #4      _BufferingStreamSubscription._sendDone.sendDone (dart:async/stream_impl.dart:434)
01-18 16:23:24.791 I/flutter (29769): #5      _BufferingStreamSubscription._sendDone (dart:async/stream_impl.dart:444)
01-18 16:23:24.791 I/flutter (29769): #6      _BufferingStreamSubscription._close (dart:async/stream_impl.dart:333)
01-18 16:23:24.791 I/flutter (29769): #7      _SinkTransformerStreamSubscription._close (dart:async/stream_transformers.dart:91)
01-18 16:23:24.791 I/flutter (29769): #8      _EventSinkWrapper.close (dart:async/stream_transformers.dart:21)
01-18 16:23:24.791 I/flutter (29769): #9      _XmlEventDecoderSink.close (package:xml/src/xml_events/converters/event_decoder.dart:138)
01-18 16:23:24.791 I/flutter (29769): #10     _ConverterStreamEventSink.close (dart:convert/chunked_conversion.dart:79)
01-18 16:23:24.791 I/flutter (29769): #11     _SinkTransformerStreamSubscription._handleDone (dart:async/stream_transformers.dart:136)
01-18 16:23:24.791 I/flutter (29769): #12     _RootZone.runGuarded (dart:async/zone.dart:1766)
01-18 16:23:24.791 I/flutter (29769): #13     _BufferingStreamSubscription._sendDone.sendDone (dart:async/stream_impl.dart:434)
01-18 16:23:24.791 I/flutter (29769): #14     _BufferingStreamSubscription._sendDone (dart:async/stream_impl.dart:444)
01-18 16:23:24.791 I/flutter (29769): #15     _BufferingStreamSubscription._close (dart:async/stream_impl.dart:333)
01-18 16:23:24.791 I/flutter (29769): #16     _SinkTransformerStreamSubscription._close (dart:async/stream_transformers.dart:91)
01-18 16:23:24.791 I/flutter (29769): #17     _EventSinkWrapper.close (dart:async/stream_transformers.dart:21)
01-18 16:23:24.791 I/flutter (29769): #18     IncrementalEpgService._parseEpgInIsolate.sanitizeXmlStream.<anonymous closure> (package:iptv_player/services/incremental_epg_service.dart:1970)
01-18 16:23:24.791 I/flutter (29769): #19     _HandlerEventSink.close (dart:async/stream_transformers.dart:256)
01-18 16:23:24.791 I/flutter (29769): #20     _SinkTransformerStreamSubscription._handleDone (dart:async/stream_transformers.dart:136)
01-18 16:23:24.791 I/flutter (29769): #21     _RootZone.runGuarded (dart:async/zone.dart:1766)
01-18 16:23:24.791 I/flutter (29769): #22     _BufferingStreamSubscription._sendDone.sendDone (dart:async/stream_impl.dart:434)
01-18 16:23:24.791 I/flutter (29769): #23     _BufferingStreamSubscription._sendDone (dart:async/stream_impl.dart:444)
01-18 16:23:24.791 I/flutter (29769): #24     _BufferingStreamSubscription._close (dart:async/stream_impl.dart:333)
01-18 16:23:24.791 I/flutter (29769): #25     _SinkTransformerStreamSubscription._close (dart:async/stream_transformers.dart:91)
01-18 16:23:24.791 I/flutter (29769): #26     _EventSinkWrapper.close (dart:async/stream_transformers.dart:21)
01-18 16:23:24.791 I/flutter (29769): #27     _StringAdapterSink.close (dart:convert/string_conversion.dart:241)
01-18 16:23:24.791 I/flutter (29769): #28     _Latin1DecoderSink.close (dart:convert/latin1.dart:142)
01-18 16:23:24.791 I/flutter (29769): #29     _ConverterStreamEventSink.close (dart:convert/chunked_conversion.dart:79)
01-18 16:23:24.791 I/flutter (29769): #30     _SinkTransformerStreamSubscription._handleDone (dart:async/stream_transformers.dart:136)
01-18 16:23:24.791 I/flutter (29769): #31     _RootZone.runGuarded (dart:async/zone.dart:1766)
01-18 16:23:24.791 I/flutter (29769): #32     _BufferingStreamSubscription._sendDone.sendDone (dart:async/stream_impl.dart:434)
01-18 16:23:24.791 I/flutter (29769): #33     _BufferingStreamSubscription._sendDone (dart:async/stream_impl.dart:444)
01-18 16:23:24.791 I/flutter (29769): #34     _BufferingStreamSubscription._close (dart:async/stream_impl.dart:333)
01-18 16:23:24.791 I/flutter (29769): #35     _SinkTransformerStreamSubscription._close (dart:async/stream_transformers.dart:91)
01-18 16:23:24.791 I/flutter (29769): #36     _EventSinkWrapper.close (dart:async/stream_transformers.dart:21)
01-18 16:23:24.791 I/flutter (29769): #37     _ByteAdapterSink.close (dart:convert/byte_conversion.dart:54)
01-18 16:23:24.791 I/flutter (29769): #38     _FilterSink.close (dart:io/data_transformer.dart:586)
01-18 16:23:24.791 I/flutter (29769): #39     _ConverterStreamEventSink.close (dart:convert/chunked_conversion.dart:79)
01-18 16:23:24.791 I/flutter (29769): #40     _SinkTransformerStreamSubscription._handleDone (dart:async/stream_transformers.dart:136)
01-18 16:23:24.791 I/flutter (29769): #41     _RootZone.runGuarded (dart:async/zone.dart:1766)
01-18 16:23:24.791 I/flutter (29769): #42     _BufferingStreamSubscription._sendDone.sendDone (dart:async/stream_impl.dart:434)
01-18 16:23:24.791 I/flutter (29769): #43     _RootZone.run (dart:async/zone.dart:1843)
01-18 16:23:24.791 I/flutter (29769): #44     _FutureListener.handleWhenComplete (dart:async/future_impl.dart:272)
01-18 16:23:24.791 I/flutter (29769): #45     Future._propagateToListeners.handleWhenCompleteCallback (dart:async/future_impl.dart:909)
01-18 16:23:24.791 I/flutter (29769): #46     Future._propagateToListeners (dart:async/future_impl.dart:974)
01-18 16:23:24.791 I/flutter (29769): #47     Future._completeWithValue (dart:async/future_impl.dart:720)
01-18 16:23:24.791 I/flutter (29769): #48     Future._asyncCompleteWithValue.<anonymous closure> (dart:async/future_impl.dart:804)
01-18 16:23:24.791 I/flutter (29769): #49     _microtaskLoop (dart:async/schedule_microtask.dart:40)
01-18 16:23:24.791 I/flutter (29769): #50     _startMicrotaskLoop (dart:async/schedule_microtask.dart:49)
01-18 16:23:24.791 I/flutter (29769): #51     _runPendingImmediateCallback (dart:isolate-patch/isolate_patch.dart:127)
01-18 16:23:24.791 I/flutter (29769): #52     _RawReceivePort._handleMessage (dart:isolate-patch/isolate_patch.dart:194)
01-18 16:23:24.791 I/flutter (29769): 
01-18 16:23:24.791 I/flutter (29769): EPG: Falling back to lenient parser after XML errors.
01-18 16:23:24.883 I/flutter (29769): EPG: Batch timer retry after suspend, loading 45 channels
01-18 16:23:24.883 I/flutter (29769): EPG: _loadProgramsFromDbBatch called with 45 epgIds, dbReady=true, dbDisabled=false, suspendReads=true
01-18 16:23:24.883 I/flutter (29769): EPG: _loadProgramsFromDbBatch suspended (parsing in progress), timer will retry
01-18 16:23:27.602 I/flutter (29769): EPG: Batch timer retry after suspend, loading 45 channels
01-18 16:23:27.602 I/flutter (29769): EPG: _loadProgramsFromDbBatch called with 45 epgIds, dbReady=true, dbDisabled=false, suspendReads=true
01-18 16:23:27.602 I/flutter (29769): EPG: _loadProgramsFromDbBatch suspended (parsing in progress), timer will retry
01-18 16:23:28.103 I/flutter (29769): EPG: Batch timer retry after suspend, loading 45 channels
01-18 16:23:28.103 I/flutter (29769): EPG: _loadProgramsFromDbBatch called with 45 epgIds, dbReady=true, dbDisabled=false, suspendReads=true
01-18 16:23:28.103 I/flutter (29769): EPG: _loadProgramsFromDbBatch suspended (parsing in progress), timer will retry
01-18 16:23:28.604 I/flutter (29769): EPG: Batch timer retry after suspend, loading 45 channels
01-18 16:23:28.604 I/flutter (29769): EPG: _loadProgramsFromDbBatch called with 45 epgIds, dbReady=true, dbDisabled=false, suspendReads=true
01-18 16:23:28.604 I/flutter (29769): EPG: _loadProgramsFromDbBatch suspended (parsing in progress), timer will retry
01-18 16:23:29.105 I/flutter (29769): EPG: Batch timer retry after suspend, loading 45 channels
01-18 16:23:29.105 I/flutter (29769): EPG: _loadProgramsFromDbBatch called with 45 epgIds, dbReady=true, dbDisabled=false, suspendReads=true
01-18 16:23:29.105 I/flutter (29769): EPG: _loadProgramsFromDbBatch suspended (parsing in progress), timer will retry
01-18 16:23:30.249 I/flutter (29769): EPG: Batch timer retry after suspend, loading 45 channels
01-18 16:23:30.249 I/flutter (29769): EPG: _loadProgramsFromDbBatch called with 45 epgIds, dbReady=true, dbDisabled=false, suspendReads=true
01-18 16:23:30.249 I/flutter (29769): EPG: _loadProgramsFromDbBatch suspended (parsing in progress), timer will retry
01-18 16:23:30.766 I/flutter (29769): LiveTV: _filterChannelsWithLoadedEpg returned 0 of 60 channels. EPG isLoading=true, availableChannels=4080, error=null, isDbReady=true
01-18 16:23:30.766 I/flutter (29769): EPG: ensureChannelsLoadedBatch called with 60 channels
01-18 16:23:30.847 I/flutter (29769): EPG: ensureChannelsLoadedBatch - no new channels to load (all already loaded or pending)
01-18 16:23:30.847 I/flutter (29769): LiveTV: Waiting for EPG (17122ms, batchLoading=true)
01-18 16:23:30.849 I/flutter (29769): EPG: Batch timer retry after suspend, loading 45 channels
01-18 16:23:30.849 I/flutter (29769): EPG: _loadProgramsFromDbBatch called with 45 epgIds, dbReady=true, dbDisabled=false, suspendReads=true
01-18 16:23:30.849 I/flutter (29769): EPG: _loadProgramsFromDbBatch suspended (parsing in progress), timer will retry
01-18 16:23:31.351 I/flutter (29769): EPG: Batch timer retry after suspend, loading 45 channels
01-18 16:23:31.351 I/flutter (29769): EPG: _loadProgramsFromDbBatch called with 45 epgIds, dbReady=true, dbDisabled=false, suspendReads=true
01-18 16:23:31.351 I/flutter (29769): EPG: _loadProgramsFromDbBatch suspended (parsing in progress), timer will retry
01-18 16:23:31.851 I/flutter (29769): EPG: Batch timer retry after suspend, loading 45 channels
01-18 16:23:31.852 I/flutter (29769): EPG: _loadProgramsFromDbBatch called with 45 epgIds, dbReady=true, dbDisabled=false, suspendReads=true
01-18 16:23:31.852 I/flutter (29769): EPG: _loadProgramsFromDbBatch suspended (parsing in progress), timer will retry
01-18 16:23:32.531 W/Auth    ( 4493): [ChimeraGetToken] exception while trying to fetch auth tokens for app=com.google.android.gms, scope=oauth2:https://www.googleapis.com/auth/googleplay [CONTEXT service_id=153 ]
01-18 16:23:32.531 W/GLSActivity( 4493): [GmsAccountAuthenticatorImpl] error status while fetching token:BadAuthentication
01-18 16:23:33.322 I/flutter (29769): EPG: Batch timer retry after suspend, loading 45 channels
01-18 16:23:33.322 I/flutter (29769): EPG: _loadProgramsFromDbBatch called with 45 epgIds, dbReady=true, dbDisabled=false, suspendReads=true
01-18 16:23:33.322 I/flutter (29769): EPG: _loadProgramsFromDbBatch suspended (parsing in progress), timer will retry
01-18 16:23:33.827 I/flutter (29769): EPG: Batch timer retry after suspend, loading 45 channels
01-18 16:23:33.827 I/flutter (29769): EPG: _loadProgramsFromDbBatch called with 45 epgIds, dbReady=true, dbDisabled=false, suspendReads=true
01-18 16:23:33.827 I/flutter (29769): EPG: _loadProgramsFromDbBatch suspended (parsing in progress), timer will retry
01-18 16:23:34.328 I/flutter (29769): EPG: Batch timer retry after suspend, loading 45 channels
01-18 16:23:34.328 I/flutter (29769): EPG: _loadProgramsFromDbBatch called with 45 epgIds, dbReady=true, dbDisabled=false, suspendReads=true
01-18 16:23:34.328 I/flutter (29769): EPG: _loadProgramsFromDbBatch suspended (parsing in progress), timer will retry
01-18 16:23:34.829 I/flutter (29769): EPG: Batch timer retry after suspend, loading 45 channels
01-18 16:23:34.829 I/flutter (29769): EPG: _loadProgramsFromDbBatch called with 45 epgIds, dbReady=true, dbDisabled=false, suspendReads=true
01-18 16:23:34.829 I/flutter (29769): EPG: _loadProgramsFromDbBatch suspended (parsing in progress), timer will retry
01-18 16:23:35.696 I/flutter (29769): EPG: Batch timer retry after suspend, loading 45 channels
01-18 16:23:35.696 I/flutter (29769): EPG: _loadProgramsFromDbBatch called with 45 epgIds, dbReady=true, dbDisabled=false, suspendReads=true
01-18 16:23:35.696 I/flutter (29769): EPG: _loadProgramsFromDbBatch suspended (parsing in progress), timer will retry
01-18 16:23:36.197 I/flutter (29769): EPG: Batch timer retry after suspend, loading 45 channels
01-18 16:23:36.197 I/flutter (29769): EPG: _loadProgramsFromDbBatch called with 45 epgIds, dbReady=true, dbDisabled=false, suspendReads=true
01-18 16:23:36.197 I/flutter (29769): EPG: _loadProgramsFromDbBatch suspended (parsing in progress), timer will retry
01-18 16:23:36.698 I/flutter (29769): EPG: Batch timer retry after suspend, loading 45 channels
01-18 16:23:36.698 I/flutter (29769): EPG: _loadProgramsFromDbBatch called with 45 epgIds, dbReady=true, dbDisabled=false, suspendReads=true
01-18 16:23:36.698 I/flutter (29769): EPG: _loadProgramsFromDbBatch suspended (parsing in progress), timer will retry
01-18 16:23:37.199 I/flutter (29769): EPG: Batch timer retry after suspend, loading 45 channels
01-18 16:23:37.199 I/flutter (29769): EPG: _loadProgramsFromDbBatch called with 45 epgIds, dbReady=true, dbDisabled=false, suspendReads=true
01-18 16:23:37.199 I/flutter (29769): EPG: _loadProgramsFromDbBatch suspended (parsing in progress), timer will retry
01-18 16:23:37.887 I/flutter (29769): EPG: Batch timer retry after suspend, loading 45 channels
01-18 16:23:37.887 I/flutter (29769): EPG: _loadProgramsFromDbBatch called with 45 epgIds, dbReady=true, dbDisabled=false, suspendReads=true
01-18 16:23:37.887 I/flutter (29769): EPG: _loadProgramsFromDbBatch suspended (parsing in progress), timer will retry
01-18 16:23:38.390 I/flutter (29769): EPG: Batch timer retry after suspend, loading 45 channels
01-18 16:23:38.390 I/flutter (29769): EPG: _loadProgramsFromDbBatch called with 45 epgIds, dbReady=true, dbDisabled=false, suspendReads=true
01-18 16:23:38.390 I/flutter (29769): EPG: _loadProgramsFromDbBatch suspended (parsing in progress), timer will retry
01-18 16:23:38.512 I/vendor.rmt_storage( 1745): wakelock acquired: 1, error no: 11
01-18 16:23:38.551 I/vendor.rmt_storage( 1745): rmt_storage_client_thread: /boot/modem_fs2: About to block rmt_storage client thread (th_id: 534672567424) wakelock released: 1, error no: 0
01-18 16:23:38.772 I/flutter (29769): LiveTV: _filterChannelsWithLoadedEpg returned 0 of 60 channels. EPG isLoading=true, availableChannels=4080, error=null, isDbReady=true
01-18 16:23:38.772 I/flutter (29769): EPG: ensureChannelsLoadedBatch called with 60 channels
01-18 16:23:38.850 I/flutter (29769): EPG: ensureChannelsLoadedBatch - no new channels to load (all already loaded or pending)
01-18 16:23:38.850 I/flutter (29769): LiveTV: Waiting for EPG (25125ms, batchLoading=true)
01-18 16:23:38.895 I/flutter (29769): EPG: Batch timer retry after suspend, loading 45 channels
01-18 16:23:38.895 I/flutter (29769): EPG: _loadProgramsFromDbBatch called with 45 epgIds, dbReady=true, dbDisabled=false, suspendReads=true
01-18 16:23:38.895 I/flutter (29769): EPG: _loadProgramsFromDbBatch suspended (parsing in progress), timer will retry
01-18 16:23:39.397 I/flutter (29769): EPG: Batch timer retry after suspend, loading 45 channels
01-18 16:23:39.397 I/flutter (29769): EPG: _loadProgramsFromDbBatch called with 45 epgIds, dbReady=true, dbDisabled=false, suspendReads=true
01-18 16:23:39.397 I/flutter (29769): EPG: _loadProgramsFromDbBatch suspended (parsing in progress), timer will retry
01-18 16:23:40.751 I/flutter (29769): EPG: Batch timer retry after suspend, loading 45 channels
01-18 16:23:40.751 I/flutter (29769): EPG: _loadProgramsFromDbBatch called with 45 epgIds, dbReady=true, dbDisabled=false, suspendReads=true
01-18 16:23:40.751 I/flutter (29769): EPG: _loadProgramsFromDbBatch suspended (parsing in progress), timer will retry
01-18 16:23:41.252 I/flutter (29769): EPG: Batch timer retry after suspend, loading 45 channels
01-18 16:23:41.252 I/flutter (29769): EPG: _loadProgramsFromDbBatch called with 45 epgIds, dbReady=true, dbDisabled=false, suspendReads=true
01-18 16:23:41.252 I/flutter (29769): EPG: _loadProgramsFromDbBatch suspended (parsing in progress), timer will retry
01-18 16:23:41.753 I/flutter (29769): EPG: Batch timer retry after suspend, loading 45 channels
01-18 16:23:41.753 I/flutter (29769): EPG: _loadProgramsFromDbBatch called with 45 epgIds, dbReady=true, dbDisabled=false, suspendReads=true
01-18 16:23:41.753 I/flutter (29769): EPG: _loadProgramsFromDbBatch suspended (parsing in progress), timer will retry
01-18 16:23:42.254 I/flutter (29769): EPG: Batch timer retry after suspend, loading 45 channels
01-18 16:23:42.254 I/flutter (29769): EPG: _loadProgramsFromDbBatch called with 45 epgIds, dbReady=true, dbDisabled=false, suspendReads=true
01-18 16:23:42.254 I/flutter (29769): EPG: _loadProgramsFromDbBatch suspended (parsing in progress), timer will retry
01-18 16:23:42.847 I/flutter (29769): EPG: Batch timer retry after suspend, loading 45 channels
01-18 16:23:42.847 I/flutter (29769): EPG: _loadProgramsFromDbBatch called with 45 epgIds, dbReady=true, dbDisabled=false, suspendReads=true
01-18 16:23:42.847 I/flutter (29769): EPG: _loadProgramsFromDbBatch suspended (parsing in progress), timer will retry
01-18 16:23:43.348 I/flutter (29769): EPG: Batch timer retry after suspend, loading 45 channels
01-18 16:23:43.348 I/flutter (29769): EPG: _loadProgramsFromDbBatch called with 45 epgIds, dbReady=true, dbDisabled=false, suspendReads=true
01-18 16:23:43.348 I/flutter (29769): EPG: _loadProgramsFromDbBatch suspended (parsing in progress), timer will retry
01-18 16:23:43.849 I/flutter (29769): EPG: Batch timer retry after suspend, loading 45 channels
01-18 16:23:43.849 I/flutter (29769): EPG: _loadProgramsFromDbBatch called with 45 epgIds, dbReady=true, dbDisabled=false, suspendReads=true
01-18 16:23:43.849 I/flutter (29769): EPG: _loadProgramsFromDbBatch suspended (parsing in progress), timer will retry
01-18 16:23:45.113 I/flutter (29769): EPG: Batch timer retry after suspend, loading 45 channels
01-18 16:23:45.113 I/flutter (29769): EPG: _loadProgramsFromDbBatch called with 45 epgIds, dbReady=true, dbDisabled=false, suspendReads=true
01-18 16:23:45.113 I/flutter (29769): EPG: _loadProgramsFromDbBatch suspended (parsing in progress), timer will retry
01-18 16:23:45.615 I/flutter (29769): EPG: Batch timer retry after suspend, loading 45 channels
01-18 16:23:45.615 I/flutter (29769): EPG: _loadProgramsFromDbBatch called with 45 epgIds, dbReady=true, dbDisabled=false, suspendReads=true
01-18 16:23:45.615 I/flutter (29769): EPG: _loadProgramsFromDbBatch suspended (parsing in progress), timer will retry
01-18 16:23:46.116 I/flutter (29769): EPG: Batch timer retry after suspend, loading 45 channels
01-18 16:23:46.116 I/flutter (29769): EPG: _loadProgramsFromDbBatch called with 45 epgIds, dbReady=true, dbDisabled=false, suspendReads=true
01-18 16:23:46.116 I/flutter (29769): EPG: _loadProgramsFromDbBatch suspended (parsing in progress), timer will retry
01-18 16:23:46.161 I/flutter (29769): ChannelProvider: Completed EPG mapping build
01-18 16:23:46.617 I/flutter (29769): EPG: Batch timer retry after suspend, loading 45 channels
01-18 16:23:46.617 I/flutter (29769): EPG: _loadProgramsFromDbBatch called with 45 epgIds, dbReady=true, dbDisabled=false, suspendReads=true
01-18 16:23:46.617 I/flutter (29769): EPG: _loadProgramsFromDbBatch suspended (parsing in progress), timer will retry
01-18 16:23:47.080 I/BatchCreator( 6735): enqueueBatchForTransmission
01-18 16:23:47.083 I/StorageManager( 6735): addBatch to BoundedBatchQueue, then write to disk file...
01-18 16:23:47.084 I/BoundedBatchFileQueue( 6735): batch added to file: 1768771427083_us-east-1_0001
01-18 16:23:47.117 I/flutter (29769): EPG: Batch timer retry after suspend, loading 45 channels
01-18 16:23:47.118 I/flutter (29769): EPG: _loadProgramsFromDbBatch called with 45 epgIds, dbReady=true, dbDisabled=false, suspendReads=true
01-18 16:23:47.118 I/flutter (29769): EPG: _loadProgramsFromDbBatch suspended (parsing in progress), timer will retry
01-18 16:23:47.619 I/flutter (29769): EPG: Batch timer retry after suspend, loading 45 channels
01-18 16:23:47.619 I/flutter (29769): EPG: _loadProgramsFromDbBatch called with 45 epgIds, dbReady=true, dbDisabled=false, suspendReads=true
01-18 16:23:47.619 I/flutter (29769): EPG: _loadProgramsFromDbBatch suspended (parsing in progress), timer will retry
01-18 16:23:47.666 I/MetricsTransmissionManager( 6317): transmitKPIMetricBatch started
01-18 16:23:47.686 I/MetricsTransporter( 6317): minerva upload url:https://d7ae3d206ce5366b0f0105dc74e8b013274baf9c15fd9588c12a576fa3ac95c.us-east-1.prod.service.minerva.devices.a2z.com:443/metric-batch
01-18 16:23:47.691 E/ComponentRegistry( 6317): java.lang.IllegalStateException: Unbound api:interface com.amazon.alexa.identity.api.IdentityService
01-18 16:23:47.691 E/ComponentRegistry( 6317): 	at com.amazon.minerva.client.thirdparty.transport.MetricsTransmissionManager.transmitMetricBatch(Unknown Source:21)
01-18 16:23:47.693 I/MetricsTransporter( 6317): connection: com.android.okhttp.internal.huc.HttpURLConnectionImpl:https://d7ae3d206ce5366b0f0105dc74e8b013274baf9c15fd9588c12a576fa3ac95c.us-east-1.prod.service.minerva.devices.a2z.com:443/metric-batch
01-18 16:23:47.767 I/flutter (29769): LiveTV: _filterChannelsWithLoadedEpg returned 0 of 60 channels. EPG isLoading=true, availableChannels=4080, error=null, isDbReady=true
01-18 16:23:47.767 I/flutter (29769): EPG: ensureChannelsLoadedBatch called with 60 channels
01-18 16:23:47.855 I/flutter (29769): EPG: ensureChannelsLoadedBatch - no new channels to load (all already loaded or pending)
01-18 16:23:47.855 I/flutter (29769): LiveTV: Waiting for EPG (34130ms, batchLoading=true)
01-18 16:23:48.120 I/flutter (29769): EPG: Batch timer retry after suspend, loading 45 channels
01-18 16:23:48.120 I/flutter (29769): EPG: _loadProgramsFromDbBatch called with 45 epgIds, dbReady=true, dbDisabled=false, suspendReads=true
01-18 16:23:48.120 I/flutter (29769): EPG: _loadProgramsFromDbBatch suspended (parsing in progress), timer will retry
01-18 16:23:48.254 I/MetricsTransmissionManager( 6317): transmitKPIMetricBatch finished
01-18 16:23:48.254 I/MetricsTransmissionManager( 6317): transmitMetricBatches started
01-18 16:23:48.254 I/MetricsTransmissionManager( 6317): transmitMetricBatches finished
01-18 16:23:48.621 I/flutter (29769): EPG: Batch timer retry after suspend, loading 45 channels
01-18 16:23:48.621 I/flutter (29769): EPG: _loadProgramsFromDbBatch called with 45 epgIds, dbReady=true, dbDisabled=false, suspendReads=true
01-18 16:23:48.621 I/flutter (29769): EPG: _loadProgramsFromDbBatch suspended (parsing in progress), timer will retry
01-18 16:23:49.122 I/flutter (29769): EPG: Batch timer retry after suspend, loading 45 channels
01-18 16:23:49.122 I/flutter (29769): EPG: _loadProgramsFromDbBatch called with 45 epgIds, dbReady=true, dbDisabled=false, suspendReads=true
01-18 16:23:49.122 I/flutter (29769): EPG: _loadProgramsFromDbBatch suspended (parsing in progress), timer will retry
01-18 16:23:49.623 I/flutter (29769): EPG: Batch timer retry after suspend, loading 45 channels
01-18 16:23:49.623 I/flutter (29769): EPG: _loadProgramsFromDbBatch called with 45 epgIds, dbReady=true, dbDisabled=false, suspendReads=true
01-18 16:23:49.623 I/flutter (29769): EPG: _loadProgramsFromDbBatch suspended (parsing in progress), timer will retry
01-18 16:23:49.726 I/flutter (29769): Memory pressure detected: 690MB used
01-18 16:23:49.726 I/flutter (29769): Cleared image caches and set conservative limits
01-18 16:23:49.730 I/flutter (29769): ChannelProvider: DB filtered fetch failed: Unsupported operation: read-only
01-18 16:23:49.770 I/flutter (29769): LiveTV: _filterChannelsWithLoadedEpg returned 0 of 60 channels. EPG isLoading=true, availableChannels=4080, error=null, isDbReady=true
01-18 16:23:49.770 I/flutter (29769): EPG: ensureChannelsLoadedBatch called with 60 channels
01-18 16:23:49.860 I/flutter (29769): EPG: ensureChannelsLoadedBatch - no new channels to load (all already loaded or pending)
01-18 16:23:49.860 I/flutter (29769): LiveTV: Waiting for EPG (36135ms, batchLoading=true)
01-18 16:23:50.124 I/flutter (29769): EPG: Batch timer retry after suspend, loading 45 channels
01-18 16:23:50.124 I/flutter (29769): EPG: _loadProgramsFromDbBatch called with 45 epgIds, dbReady=true, dbDisabled=false, suspendReads=true
01-18 16:23:50.124 I/flutter (29769): EPG: _loadProgramsFromDbBatch suspended (parsing in progress), timer will retry
01-18 16:23:50.625 I/flutter (29769): EPG: Batch timer retry after suspend, loading 45 channels
01-18 16:23:50.625 I/flutter (29769): EPG: _loadProgramsFromDbBatch called with 45 epgIds, dbReady=true, dbDisabled=false, suspendReads=true
01-18 16:23:50.625 I/flutter (29769): EPG: _loadProgramsFromDbBatch suspended (parsing in progress), timer will retry
01-18 16:23:51.126 I/flutter (29769): EPG: Batch timer retry after suspend, loading 45 channels
01-18 16:23:51.126 I/flutter (29769): EPG: _loadProgramsFromDbBatch called with 45 epgIds, dbReady=true, dbDisabled=false, suspendReads=true
