01-13 22:45:00.165 E/sensors-hal( 1679): sendContextData:133, slocationcore h 193 m 23 s 55
01-13 22:45:00.165 I/sensors-hal( 1679): sendUserData:119, slocationcore sendUserData
01-13 22:45:00.165 E/sensors-hal( 1679): create_send_context_data:64, slocationcore create_send_context_data
01-13 22:45:00.165 I/sensors-hal( 1679): send_context_data:694, slocationcore, 4986366670857974562, 1320970896291267344, msgid:700
01-13 22:45:00.166 I/sensors-hal( 1679): qsh_conn_event_cb:890, event[0] sensor:slocationcore  Wakeup, msg_id=1025, ts=1113075085553
01-13 22:45:00.166 E/sensors-hal( 1679): handle_sns_client_event:78, slocationcore_event: msgid:1025
01-13 22:45:00.166 I/sensors-hal( 1679): qsh_conn_event_cb:890, event[0] sensor:slocationcore  Wakeup, msg_id=1025, ts=1113075085793
01-13 22:45:00.166 E/sensors-hal( 1679): handle_sns_client_event:78, slocationcore_event: msgid:1025
01-13 22:45:00.166 I/sensors-hal( 1679): qsh_conn_resp_cb:930, resp_value = 0 for slocationcore 
01-13 22:45:00.166 I/sensors-hal( 1679): qsh_conn_event_cb:890, event[0] sensor:slocationcore  Wakeup, msg_id=1025, ts=1113075129854
01-13 22:45:00.166 E/sensors-hal( 1679): handle_sns_client_event:78, slocationcore_event: msgid:1025
01-13 22:45:00.167 D/CAE     ( 2613): onGetSensorHubData(SensorHubParserProvider.java:92) - onGetSensorHubData Event [event buffer len :36], AP_WAKEUP
01-13 22:45:00.167 I/CAE     ( 2613): parse(SensorHubParserProvider.java:188) - buffer size = 36
01-13 22:45:00.167 I/CAE     ( 2613): parse(SensorHubParserProvider.java:199) - 1, 1, 55, 0, 31, 5, 7, 2, 0, 0, 0, 0, 0, -52, 33, -48, 5, 1, 0, 0, 0, 100, 0, -52, 33, -48, 7, 2, 0, 0, 0, 10, 0, -52, 72, -32,
01-13 22:45:00.167 I/CAE     ( 2613): parse(SLocationRunner.java:88) - SLocationRunner parse start : 3
01-13 22:45:00.167 D/CAE     ( 2613): display(ContextProvider.java:375) - ================= SLOCATION_RUNNER =================
01-13 22:45:00.167 I/CAE     ( 2613): display(ContextProvider.java:391) - ExtraDataArray=[1, 1, 55, 0, 31, 5, 7, 2, 0, 0, 0, 0, 0, -52, 33, -48, 5, 1, 0, 0, 0, 100, 0, -52, 33, -48, 7, 2, 0, 0, 0, 10, 0, -52, 72, -32]
01-13 22:45:00.167 I/CAE     ( 2613): parse(SLocationRunner.java:96) - SLocationRunner parse end:36
01-13 22:45:00.167 D/CAE     ( 2613): onGetSensorHubData(SensorHubParserProvider.java:92) - onGetSensorHubData Event [event buffer len :38], AP_WAKEUP
01-13 22:45:00.167 I/CAE     ( 2613): parse(SensorHubParserProvider.java:188) - buffer size = 38
01-13 22:45:00.167 I/CAE     ( 2613): parse(SensorHubParserProvider.java:199) - 1, 1, 55, 0, 33, 33, 0, 0, 0, 0, 0, 0, 1, -101, -70, -128, 60, -56, 25, 98, -47, 96, -44, -26, -51, 64, 0, 0, 0, 5, 0, -52, 33, -48, 0, 0, 0, 0,
01-13 22:45:00.167 I/CAE     ( 2613): parse(SLocationRunner.java:88) - SLocationRunner parse start : 3
01-13 22:45:00.167 D/CAE     ( 2613): display(ContextProvider.java:375) - ================= SLOCATION_RUNNER =================
01-13 22:45:00.167 D/SemContextService( 2613): Service.updateContext() : service = SLocation Core
01-13 22:45:00.168 I/CAE     ( 2613): display(ContextProvider.java:391) - ExtraDataArray=[1, 1, 55, 0, 33, 33, 0, 0, 0, 0, 0, 0, 1, -101, -70, -128, 60, -56, 25, 98, -47, 96, -44, -26, -51, 64, 0, 0, 0, 5, 0, -52, 33, -48, 0, 0, 0, 0]
01-13 22:45:00.168 I/CAE     ( 2613): parse(SLocationRunner.java:96) - SLocationRunner parse end:38
01-13 22:45:00.168 D/SemContextManager( 2613): onSemContextChanged() : event = SLocation Core
01-13 22:45:00.168 D/SLocation( 2613): SensorHubWrapper - SemContextChanged type = 47, packet received
01-13 22:45:00.168 D/CAE     ( 2613): onGetSensorHubData(SensorHubParserProvider.java:92) - onGetSensorHubData Event [event buffer len :10], AP_WAKEUP
01-13 22:45:00.168 I/CAE     ( 2613): parse(SensorHubParserProvider.java:188) - buffer size = 10
01-13 22:45:00.168 I/CAE     ( 2613): parse(SensorHubParserProvider.java:199) - 1, 1, 55, 0, 5, 2, 34, 0, 0, 0,
01-13 22:45:00.168 D/SemContextService( 2613): Service.updateContext() : service = SLocation Core
01-13 22:45:00.168 I/CAE     ( 2613): parse(SLocationRunner.java:88) - SLocationRunner parse start : 3
01-13 22:45:00.168 D/CAE     ( 2613): display(ContextProvider.java:375) - ================= SLOCATION_RUNNER =================
01-13 22:45:00.168 D/SemContextManager( 2613): onSemContextChanged() : event = SLocation Core
01-13 22:45:00.168 D/SLocation( 2613): SensorHubWrapper - SemContextChanged type = 47, packet received
01-13 22:45:00.168 I/CAE     ( 2613): display(ContextProvider.java:391) - ExtraDataArray=[1, 1, 55, 0, 5, 2, 34, 0, 0, 0]
01-13 22:45:00.168 I/CAE     ( 2613): parse(SLocationRunner.java:96) - SLocationRunner parse end:10
01-13 22:45:00.168 D/CAE     ( 2613): onGetSensorHubData(SensorHubParserProvider.java:92) - onGetSensorHubData Event [event buffer len :10], AP_WAKEUP
01-13 22:45:00.168 I/CAE     ( 2613): parse(SensorHubParserProvider.java:188) - buffer size = 10
01-13 22:45:00.168 W/RefactorFlag( 4373): New code path expects SceneContainerFlag to be enabled.
01-13 22:45:00.168 I/CAE     ( 2613): parse(SensorHubParserProvider.java:199) - 1, 1, 55, 0, 5, 2, 2, 0, 0, 0,
01-13 22:45:00.168 I/CAE     ( 2613): parse(SLocationRunner.java:88) - SLocationRunner parse start : 3
01-13 22:45:00.168 D/CAE     ( 2613): display(ContextProvider.java:375) - ================= SLOCATION_RUNNER =================
01-13 22:45:00.168 I/CAE     ( 2613): display(ContextProvider.java:391) - ExtraDataArray=[1, 1, 55, 0, 5, 2, 2, 0, 0, 0]
01-13 22:45:00.168 D/SemContextService( 2613): Service.updateContext() : service = SLocation Core
01-13 22:45:00.168 I/CAE     ( 2613): parse(SLocationRunner.java:96) - SLocationRunner parse end:10
01-13 22:45:00.169 D/SemContextManager( 2613): onSemContextChanged() : event = SLocation Core
01-13 22:45:00.169 D/SLocation( 2613): SensorHubWrapper - SemContextChanged type = 47, packet received
01-13 22:45:00.169 D/SemContextService( 2613): Service.updateContext() : service = SLocation Core
01-13 22:45:00.169 D/SemContextManager( 2613): onSemContextChanged() : event = SLocation Core
01-13 22:45:00.169 D/SLocation( 2613): SensorHubWrapper - SemContextChanged type = 47, packet received
01-13 22:45:00.169 D/AiAgentEffect( 4373): onPrivacyItemsChanged privacyItems.size = 1
01-13 22:45:00.169 D/AiAgentEffect( 4373): onPrivacyItemsChanged privacyItems isEmpty or found item is null
01-13 22:45:00.170 W/CAE     ( 2613): setCAProperty(ContextAwareService.java:515) - [setProperty 02] Mutex is unlocked for SLOCATION_RUNNER
01-13 22:45:00.170 D/SemContextService( 2613): unlock : changeParameters
01-13 22:45:00.170 D/SemContextManager( 2613):   .changeParameters : listener = Z.i@422b069, service=SLocation Core
01-13 22:45:00.172 I/HoneySpace.StatusIconTracker( 5028): invokeEvent() called with: event = PrivacyInfo(visible=false)
01-13 22:45:00.172 D/SLocation( 2613): ReceiverPair - ignore direction of location due to wifi, id = 44, reason = 400
01-13 22:45:00.173 D/SLocation( 2613): ReceiverPair - ignore direction of location due to wifi, id = 46, reason = 400
01-13 22:45:00.173 D/SLocation( 2613): ReceiverPair - ignore direction of location due to wifi, id = 58, reason = 400
01-13 22:45:00.177 D/SLocation( 2613): GeopointLastLocation - last location still available 27 / 9223372036854775807
01-13 22:45:00.177 D/SLocation( 2613): GeopointGeofenceObserver - location : [F, A : 100.00, T : 1768362300149, ET : 57967470, h : 20/19], radius : 17439
01-13 22:45:00.178 D/SLocation( 2613): LocationProviderStatus - try to update provider status (GPS/NLP)
01-13 22:45:00.178 D/SLocation( 2613): LocationProviderStatus - set isGpsOn : true, isNlpOn : true
01-13 22:45:00.178 D/SLocation( 2613): LocationProviderStatus - gps & nlp status not changed
01-13 22:45:00.178 D/SLocation( 2613): GeofenceCoreManager - received Extra Data from core, len : 31
01-13 22:45:00.179 D/SLocation( 2613): CommonCoreManager - received Extra Data from core, len : 31
01-13 22:45:00.179 D/SLocation( 2613): ARDistanceGetARDistance - convertSensorHubTimeToElapsedTime 56192321
01-13 22:45:00.179 D/SLocation( 2613): GeofenceCoreManager - received Extra Data from core, len : 33
01-13 22:45:00.179 D/SLocation( 2613): CommonCoreManager - received Extra Data from core, len : 33
01-13 22:45:00.180 D/SLocation( 2613): ARDistanceLibManager - command callback received - CURRENT_LOCATION_REQUEST_DISTANCE ERROR CODE : ERROR_NONE
01-13 22:45:00.180 D/SLocation( 2613): GeofenceCoreManager - received Extra Data from core, len : 5
01-13 22:45:00.180 D/SLocation( 2613): GeofenceCoreManager - handleCommandCallback - UNKNOWN_CALLBACK 34 SUCCESS
01-13 22:45:00.180 D/SLocation( 2613): CommonCoreManager - received Extra Data from core, len : 5
01-13 22:45:00.180 D/SLocation( 2613): GeofenceCoreManager - received Extra Data from core, len : 5
01-13 22:45:00.180 D/SLocation( 2613): GeofenceCoreManager - handleCommandCallback - UNKNOWN_CALLBACK 2 SUCCESS
01-13 22:45:00.181 D/SLocation( 2613): CommonCoreManager - received Extra Data from core, len : 5
01-13 22:45:00.181 D/SLocation( 2613): CommonCoreManager - handleCommandCallback - FUNC_TYPE : SET_LOCATION  ERROR_CODE : ERROR_NONE
01-13 22:45:00.181 D/SLocation( 2613): GeofenceCoreManager - geofence core command pending size : 2
01-13 22:45:00.181 D/SLocation( 2613): GeofenceCoreRecovery - removeGeofenceInfo id = 15000
01-13 22:45:00.181 D/AppOpsPrivacyItemMonitor( 4373): showLocationSystemApps  AppOpItem(Op code=1, UID=5013, AttributionTag=null, Package name=com.sec.location.nsflp2, Paused=false)false)
01-13 22:45:00.181 D/AppOpsPrivacyItemMonitor( 4373): showLocationSystemApps  AppOpItem(Op code=1, UID=1000, AttributionTag=SLocationService, Package name=android, Paused=false)
01-13 22:45:00.181 D/AppOpsPrivacyItemMonitor( 4373): showLocationSystemApps  AppOpItem(Op code=1, UID=10597, AttributionTag=null, Package name=com.doordash.driverapp, Paused=false)
01-13 22:45:00.181 D/SLocation( 2613): SLocationCoreSem - send to coreSem, packet length : 3 / [17, 58, 152]
01-13 22:45:00.181 D/AppOpsPrivacyItemMonitor( 4373): showLocationSystemApps  AppOpItem(Op code=1, UID=10109, AttributionTag=null, Package name=com.samsung.android.rubin.app, Paused=false)
01-13 22:45:00.181 D/AppOpsPrivacyItemMonitor( 4373): showLocationSystemApps  AppOpItem(Op code=1, UID=10095, AttributionTag=SensorContextProvider, Package name=com.samsung.android.mcfds, Paused=false)
01-13 22:45:00.181 D/SemContextLocationCoreAttribute( 2613): setAttribute() mode : 0 action : 23
01-13 22:45:00.181 D/SemContextService( 2613): lock : changeParameters
01-13 22:45:00.181 D/AppOpsPrivacyItemMonitor( 4373): showLocationSystemApps  AppOpItem(Op code=1, UID=5013, AttributionTag=null, Package name=com.sec.location.nsflp2, Paused=false)false)false)
01-13 22:45:00.181 D/AppOpsPrivacyItemMonitor( 4373): showLocationSystemApps  AppOpItem(Op code=1, UID=1000, AttributionTag=SLocationService, Package name=android, Paused=false)false)
01-13 22:45:00.181 D/AppOpsPrivacyItemMonitor( 4373): showLocationSystemApps  AppOpItem(Op code=1, UID=10597, AttributionTag=null, Package name=com.doordash.driverapp, Paused=false)false)
01-13 22:45:00.181 D/SemContext.CaeProvider.LocationCoreImpl( 2613): setAttribute() mode : 0 action : 23
01-13 22:45:00.181 D/AppOpsPrivacyItemMonitor( 4373): showLocationSystemApps  AppOpItem(Op code=1, UID=10109, AttributionTag=null, Package name=com.samsung.android.rubin.app, Paused=false)false)
01-13 22:45:00.181 D/AppOpsPrivacyItemMonitor( 4373): showLocationSystemApps  AppOpItem(Op code=1, UID=10095, AttributionTag=SensorContextProvider, Package name=com.samsung.android.mcfds, Paused=false)false)
01-13 22:45:00.181 D/AppOpsPrivacyItemMonitor( 4373): showLocationSystemApps  AppOpItem(Op code=1, UID=5013, AttributionTag=null, Package name=com.sec.location.nsflp2, Paused=false)false)false)false)
01-13 22:45:00.181 D/AppOpsPrivacyItemMonitor( 4373): showLocationSystemApps  AppOpItem(Op code=1, UID=1000, AttributionTag=SLocationService, Package name=android, Paused=false)false)false)
01-13 22:45:00.181 D/AppOpsPrivacyItemMonitor( 4373): showLocationSystemApps  AppOpItem(Op code=1, UID=10597, AttributionTag=null, Package name=com.doordash.driverapp, Paused=false)false)false)
01-13 22:45:00.181 D/AppOpsPrivacyItemMonitor( 4373): showLocationSystemApps  AppOpItem(Op code=1, UID=10109, AttributionTag=null, Package name=com.samsung.android.rubin.app, Paused=false)false)false)
01-13 22:45:00.181 D/AppOpsPrivacyItemMonitor( 4373): showLocationSystemApps  AppOpItem(Op code=1, UID=10095, AttributionTag=SensorContextProvider, Package name=com.samsung.android.mcfds, Paused=false)false)false)
01-13 22:45:00.181 D/AppOpsPrivacyItemMonitor( 4373): showLocationSystemApps  AppOpItem(Op code=1, UID=5013, AttributionTag=null, Package name=com.sec.location.nsflp2, Paused=false)false)false)false)false)
01-13 22:45:00.181 W/CAE     ( 2613): setCAProperty(ContextAwareService.java:509) - [setProperty 01] Mutex is locked for SLOCATION_RUNNER
01-13 22:45:00.181 D/AppOpsPrivacyItemMonitor( 4373): showLocationSystemApps  AppOpItem(Op code=1, UID=1000, AttributionTag=SLocationService, Package name=android, Paused=false)false)false)false)
01-13 22:45:00.181 D/AppOpsPrivacyItemMonitor( 4373): showLocationSystemApps  AppOpItem(Op code=1, UID=10597, AttributionTag=null, Package name=com.doordash.driverapp, Paused=false)false)false)false)
01-13 22:45:00.181 D/AppOpsPrivacyItemMonitor( 4373): showLocationSystemApps  AppOpItem(Op code=1, UID=10109, AttributionTag=null, Package name=com.samsung.android.rubin.app, Paused=false)false)false)false)
01-13 22:45:00.181 D/AppOpsPrivacyItemMonitor( 4373): showLocationSystemApps  AppOpItem(Op code=1, UID=10095, AttributionTag=SensorContextProvider, Package name=com.samsung.android.mcfds, Paused=false)false)false)false)
01-13 22:45:00.181 I/CAE     ( 2613): setPropertyValue(SLocationRunner.java:116) - SLocationRunner setProperty header : 17, len : 3
01-13 22:45:00.181 D/SensorService( 2613): setSContextDataLocked ints length 3 , byte length 6
01-13 22:45:00.181 D/SensorService( 2613): setSContextDataLocked 113717c1
01-13 22:45:00.182 I/sensors-hal( 1679): inject_sensor_data:407, handle 1502 send inject
01-13 22:45:00.182 I/sensors-hal( 1679): sendContextData:290, sensor hal 6, (0xc1, 0x17, 0x37, 0x11)
01-13 22:45:00.182 E/sensors-hal( 1679): sendContextData:133, slocationcore h 193 m 23 s 55
01-13 22:45:00.182 I/sensors-hal( 1679): sendUserData:119, slocationcore sendUserData
01-13 22:45:00.182 E/sensors-hal( 1679): create_send_context_data:64, slocationcore create_send_context_data
01-13 22:45:00.182 I/sensors-hal( 1679): send_context_data:694, slocationcore, 4986366670857974562, 1320970896291267344, msgid:700
01-13 22:45:00.183 W/CAE     ( 2613): setCAProperty(ContextAwareService.java:515) - [setProperty 02] Mutex is unlocked for SLOCATION_RUNNER
01-13 22:45:00.183 D/SemContextService( 2613): unlock : changeParameters
01-13 22:45:00.183 D/SemContextManager( 2613):   .changeParameters : listener = Z.i@422b069, service=SLocation Core
01-13 22:45:00.183 D/SLocation( 2613): GeofenceCoreManager - geofence core command pending size : 1
01-13 22:45:00.183 D/SLocation( 2613): GeofenceCoreRecovery - storeGeofenceInfo 1 id = 15000, radius = 17439
01-13 22:45:00.183 D/SLocation( 2613): SLocationCoreSem - send to coreSem, packet length : 16 / [16, 58, 152, 25, 98, 209, 152, 212, 230, 202, 55, 0, 0, 68, 31, 1]
01-13 22:45:00.183 D/SemContextLocationCoreAttribute( 2613): setAttribute() mode : 0 action : 23
01-13 22:45:00.183 D/SemContextService( 2613): lock : changeParameters
01-13 22:45:00.183 D/SemContext.CaeProvider.LocationCoreImpl( 2613): setAttribute() mode : 0 action : 23
01-13 22:45:00.183 W/CAE     ( 2613): setCAProperty(ContextAwareService.java:509) - [setProperty 01] Mutex is locked for SLOCATION_RUNNER
01-13 22:45:00.183 I/CAE     ( 2613): setPropertyValue(SLocationRunner.java:116) - SLocationRunner setProperty header : 16, len : 16
01-13 22:45:00.183 D/SensorService( 2613): setSContextDataLocked ints length 6 , byte length 19
01-13 22:45:00.183 D/SensorService( 2613): setSContextDataLocked 103717c1
01-13 22:45:00.183 I/sensors-hal( 1679): inject_sensor_data:407, handle 1502 send inject
01-13 22:45:00.183 I/sensors-hal( 1679): sendContextData:290, sensor hal 19, (0xc1, 0x17, 0x37, 0x10)
01-13 22:45:00.183 E/sensors-hal( 1679): sendContextData:133, slocationcore h 193 m 23 s 55
01-13 22:45:00.183 I/sensors-hal( 1679): sendUserData:119, slocationcore sendUserData
01-13 22:45:00.183 E/sensors-hal( 1679): create_send_context_data:64, slocationcore create_send_context_data
01-13 22:45:00.183 I/sensors-hal( 1679): send_context_data:694, slocationcore, 4986366670857974562, 1320970896291267344, msgid:700
01-13 22:45:00.183 W/CAE     ( 2613): setCAProperty(ContextAwareService.java:515) - [setProperty 02] Mutex is unlocked for SLOCATION_RUNNER
01-13 22:45:00.183 D/SemContextService( 2613): unlock : changeParameters
01-13 22:45:00.183 D/SemContextManager( 2613):   .changeParameters : listener = Z.i@422b069, service=SLocation Core
01-13 22:45:00.183 I/sensors-hal( 1679): qsh_conn_resp_cb:930, resp_value = 0 for slocationcore 
01-13 22:45:00.183 W/Settings( 2613): Setting airplane_mode_on has moved from android.provider.Settings.System to android.provider.Settings.Global, returning read-only value.
01-13 22:45:00.184 I/sensors-hal( 1679): qsh_conn_event_cb:890, event[0] sensor:slocationcore  Wakeup, msg_id=1025, ts=1113075467169
01-13 22:45:00.184 E/sensors-hal( 1679): handle_sns_client_event:78, slocationcore_event: msgid:1025
01-13 22:45:00.184 I/sensors-hal( 1679): qsh_conn_resp_cb:930, resp_value = 0 for slocationcore 
01-13 22:45:00.184 I/sensors-hal( 1679): qsh_conn_event_cb:890, event[0] sensor:slocationcore  Wakeup, msg_id=1025, ts=1113075471434
01-13 22:45:00.184 E/sensors-hal( 1679): handle_sns_client_event:78, slocationcore_event: msgid:1025
01-13 22:45:00.185 W/View    ( 4373): requestLayout() improperly called by com.android.systemui.qs.SecQSGradationDrawableView{ea1dade V.E...... ......ID 0,0-1080,332 #7f0a0a16 app:id/qs_gradation_view} during layout: running second layout pass
01-13 22:45:00.185 W/View    ( 4373): requestLayout() improperly called by android.widget.FrameLayout{14e04bf V.E...... ......I. 0,0-1080,2340 #2} during layout: running second layout pass
01-13 22:45:00.185 W/View    ( 4373): requestLayout() improperly called by android.widget.FrameLayout{e64678c V.E...... ......ID 0,152-1080,2205 #7f0a0a14 app:id/qs_frame} during layout: running second layout pass
01-13 22:45:00.185 W/RefactorFlag( 4373): New code path expects SceneContainerFlag to be enabled.
01-13 22:45:00.185 D/SLocation( 2613): AgingAccuracy - cell changed, use max distance for pvt
01-13 22:45:00.185 W/Settings( 2613): Setting airplane_mode_on has moved from android.provider.Settings.System to android.provider.Settings.Global, returning read-only value.
01-13 22:45:00.185 D/AiAgentEffect( 4373): onPrivacyItemsChanged privacyItems.size = 5
01-13 22:45:00.185 D/AiAgentEffect( 4373): onPrivacyItemsChanged privacyItems isEmpty or found item is null
01-13 22:45:00.185 D/CAE     ( 2613): onGetSensorHubData(SensorHubParserProvider.java:92) - onGetSensorHubData Event [event buffer len :10], AP_WAKEUP
01-13 22:45:00.185 D/SLocation( 2613): FilteredLastLocation - notify all last locations, loc : 3
01-13 22:45:00.185 I/CAE     ( 2613): parse(SensorHubParserProvider.java:188) - buffer size = 10
01-13 22:45:00.185 I/CAE     ( 2613): parse(SensorHubParserProvider.java:199) - 1, 1, 55, 0, 5, 2, 17, 0, 58, -104,
01-13 22:45:00.186 I/CAE     ( 2613): parse(SLocationRunner.java:88) - SLocationRunner parse start : 3
01-13 22:45:00.186 D/CAE     ( 2613): display(ContextProvider.java:375) - ================= SLOCATION_RUNNER =================
01-13 22:45:00.186 D/AiAgentEffect( 4373): onPrivacyItemsChanged privacyItems.size = 5
01-13 22:45:00.186 D/AiAgentEffect( 4373): onPrivacyItemsChanged privacyItems isEmpty or found item is null
01-13 22:45:00.187 I/CAE     ( 2613): display(ContextProvider.java:391) - ExtraDataArray=[1, 1, 55, 0, 5, 2, 17, 0, 58, -104]
01-13 22:45:00.187 I/CAE     ( 2613): parse(SLocationRunner.java:96) - SLocationRunner parse end:10
01-13 22:45:00.187 I/HoneySpace.StatusIconTracker( 5028): invokeEvent() called with: event = PrivacyInfo(visible=false)
01-13 22:45:00.187 D/CAE     ( 2613): onGetSensorHubData(SensorHubParserProvider.java:92) - onGetSensorHubData Event [event buffer len :10], AP_WAKEUP
01-13 22:45:00.187 I/CAE     ( 2613): parse(SensorHubParserProvider.java:188) - buffer size = 10
01-13 22:45:00.187 I/CAE     ( 2613): parse(SensorHubParserProvider.java:199) - 1, 1, 55, 0, 5, 2, 16, 0, 58, -104,
01-13 22:45:00.187 I/CAE     ( 2613): parse(SLocationRunner.java:88) - SLocationRunner parse start : 3
01-13 22:45:00.187 D/CAE     ( 2613): display(ContextProvider.java:375) - ================= SLOCATION_RUNNER =================
01-13 22:45:00.187 I/CAE     ( 2613): display(ContextProvider.java:391) - ExtraDataArray=[1, 1, 55, 0, 5, 2, 16, 0, 58, -104]
01-13 22:45:00.187 I/CAE     ( 2613): parse(SLocationRunner.java:96) - SLocationRunner parse end:10
01-13 22:45:00.187 D/SemContextService( 2613): Service.updateContext() : service = SLocation Core
01-13 22:45:00.187 D/AiAgentEffect( 4373): onPrivacyItemsChanged privacyItems.size = 5
01-13 22:45:00.187 D/AiAgentEffect( 4373): onPrivacyItemsChanged privacyItems isEmpty or found item is null
01-13 22:45:00.187 D/SemContextService( 2613): Service.updateContext() : service = SLocation Core
01-13 22:45:00.187 I/HoneySpace.StatusIconTracker( 5028): invokeEvent() called with: event = PrivacyInfo(visible=false)
01-13 22:45:00.187 D/SemContextManager( 2613): onSemContextChanged() : event = SLocation Core
01-13 22:45:00.187 D/SLocation( 2613): SensorHubWrapper - SemContextChanged type = 47, packet received
01-13 22:45:00.187 D/SemContextManager( 2613): onSemContextChanged() : event = SLocation Core
01-13 22:45:00.187 D/SLocation( 2613): SensorHubWrapper - SemContextChanged type = 47, packet received
01-13 22:45:00.187 D/SLocation( 2613): GeofenceCoreManager - received Extra Data from core, len : 5
01-13 22:45:00.187 D/SLocation( 2613): GeofenceCoreManager - handleCommandCallback - GEOFENCE_REMOVE SUCCESS
01-13 22:45:00.187 I/SLocation( 2613): SHardwareManager - handleRemoveCallback : GEOFENCE_SUCCESS, id = 15000
01-13 22:45:00.187 D/SLocation( 2613): CommonCoreManager - received Extra Data from core, len : 5
01-13 22:45:00.187 D/SLocation( 2613): GeofenceCoreManager - received Extra Data from core, len : 5
01-13 22:45:00.187 D/SLocation( 2613): GeofenceCoreManager - handleCommandCallback - GEOFENCE_ADD SUCCESS
01-13 22:45:00.187 I/SLocation( 2613): SHardwareManager - handleAddCallback : GEOFENCE_SUCCESS id = 15000
01-13 22:45:00.187 D/SLocation( 2613): CommonCoreManager - received Extra Data from core, len : 5
01-13 22:45:00.188 D/AiAgentEffect( 4373): onPrivacyItemsChanged privacyItems.size = 5
01-13 22:45:00.188 I/HoneySpace.StatusIconTracker( 5028): invokeEvent() called with: event = PrivacyInfo(visible=false)
01-13 22:45:00.188 D/AiAgentEffect( 4373): onPrivacyItemsChanged privacyItems isEmpty or found item is null
01-13 22:45:00.189 I/HoneySpace.StatusIconTracker( 5028): invokeEvent() called with: event = PrivacyInfo(visible=false)
01-13 22:45:00.190 I/TFLite-in-PlayServices( 4314): Created interpreter.
01-13 22:45:00.197 I/TFLite-in-PlayServices( 4314): Created interpreter.
01-13 22:45:00.200 I/SemanticLocation( 4314): (REDACTED) [Inferrer] %s%s
01-13 22:45:00.201 W/View    ( 4373): requestLayout() improperly called by com.android.systemui.qs.SecQSGradationDrawableView{ea1dade V.E...... ......ID 0,0-1080,332 #7f0a0a16 app:id/qs_gradation_view} during layout: running second layout pass
01-13 22:45:00.202 W/View    ( 4373): requestLayout() improperly called by android.widget.FrameLayout{14e04bf V.E...... ......I. 0,0-1080,2340 #2} during layout: running second layout pass
01-13 22:45:00.202 W/View    ( 4373): requestLayout() improperly called by android.widget.FrameLayout{e64678c V.E...... ......ID 0,152-1080,2205 #7f0a0a14 app:id/qs_frame} during layout: running second layout pass
01-13 22:45:00.202 W/RefactorFlag( 4373): New code path expects SceneContainerFlag to be enabled.
01-13 22:45:00.233 D/BackgroundInstallControlService( 2613): Package event received: 0
01-13 22:45:00.252 D/io_stats( 1234): !@   8,0 r 15085535 254283684 w 4683601 80421276 d 1258737 84011680 f 121105 266122 iot 3456580 0 th 0 0 0 pt 0 inp 0 0 50513.503
01-13 22:45:00.253 D/io_stats( 1234): !@ Read_top(KB): kworker/u16:10(7658) 13332 kworker/u16:8(7656) 5888 ndroid.systemui(4373) 508
01-13 22:45:00.253 D/io_stats( 1234): !@ Write_top(KB): kworker/u16:10(7658) 1540 f2fs_ckpt-254:6(1358) 196 droid.rubin.app(8880) 64
01-13 22:45:00.254 I/TFLite-in-PlayServices( 4314): Created interpreter.
01-13 22:45:00.259 I/TFLite-in-PlayServices( 4314): Created interpreter.
01-13 22:45:00.262 I/SemanticLocation( 4314): (REDACTED) [Inferrer] %s%s
01-13 22:45:00.302 I/TFLite-in-PlayServices( 4314): Created interpreter.
01-13 22:45:00.307 I/TFLite-in-PlayServices( 4314): Created interpreter.
01-13 22:45:00.310 I/SemanticLocation( 4314): (REDACTED) [Inferrer] %s%s
01-13 22:45:00.369 E/BatteryDump( 1731): !@new_battery_dump : 4035,-235,300,550,76,284,267,294,284,0,298,294,0,Charging,NO_CHARGING,Normal,Good,USB,1,Normal,0,0,8340,0x8000,0x10010000,0x0,0,0,0000,0000,00000000,0,0,0,0,822,4051,7541,990,0,
01-13 22:45:00.370 I/seh_thermal_service( 1747): getTemperaturesWithType SehTemperatureType: 3
01-13 22:45:00.371 I/sehhealth-service( 1731): updateLrpSysfs: write: 297
01-13 22:45:00.370 V/[SS]SleepChargingTimeController( 2613): [isActivated]mSleepChargingStatus isNowSessionTime False => false
01-13 22:45:00.662 D/SLocation( 2613): WifiBssidMonitor - requestRefresh
01-13 22:45:00.664 W/SLocation( 2613): WifiBssidMonitor - connected wifi : (6c:99:61:**:**:1f/822)
01-13 22:45:00.851 E/HeatmapThread( 1821): ECT Thread time in milliseconds: 1768362300
01-13 22:45:00.855 D/HeatmapThread( 1821): !@ batteryplugType : 2
01-13 22:45:00.855 D/HeatmapThread( 1821): !@ batteryLevel : 76  batteryTemperature : 284 
01-13 22:45:00.855 D/HeatmapThread( 1821): !@ Heatmap currtime: 29472705
01-13 22:45:00.855 D/HeatmapThread( 1821): !@ Heatmap prevtime: 29472700
01-13 22:45:00.855 D/HeatmapThread( 1821): !@ Heatmap plugstarttime: 29472704
01-13 22:45:00.855 D/HeatmapThread( 1821): !@ Heatmap prevv_dsoh_update_time: 29471816
01-13 22:45:00.855 E/HeatmapThread( 1821): !@ CAM New BSOH: 100
01-13 22:45:01.001 I/HoneySpace.LiveIconSupplier( 5028): time tick - 65, CLOCK, 22:45 - 22:44, view: #a95249, parent: VerticalApplistIconViewContainer#87092dc
01-13 22:45:01.002 I/LauncherActivityInfo( 5028): Trying to load live icon for com.sec.android.app.clockpackage
01-13 22:45:01.003 I/ApplicationPackageManager( 5028): package : com.sec.android.app.clockpackage, useAppIconResources : false
01-13 22:45:01.003 I/LiveIconUtil( 5028): getLiveIcon was called in ClockPackage
01-13 22:45:01.004 I/LiveIconUtil( 5028): getLiveIcon res = com.sec.android.app.clockpackage
01-13 22:45:01.005 I/LiveIconUtil( 5028): stdIconSize : 135 , targetIconSize : 163
01-13 22:45:01.005 I/LiveIconUtil( 5028): iconDpi : 640 , mTargetIconDpi : 450
01-13 22:45:01.007 I/sensors-hal( 1679): set_config:60, sample_period_ns is adjusted to 200000000 based on min/max delay_ns
01-13 22:45:01.008 I/sensors-hal( 1679): batch:363, com.samsung.sensor.light_cct/1511, period=200000000, max_latency=0 request completed
01-13 22:45:01.008 I/sensors-hal( 1679): activate:300, com.samsung.sensor.light_cct/1511 en=1
01-13 22:45:01.008 I/sensors-hal( 1679): acquire_qsh_interface:139, acquire_qsh_interface with sensor_id 12 , conn_type 3 
01-13 22:45:01.009 I/sensors-hal( 1679): worker:51, worker(0xb4000072e0f21a30) is created with tid= 18678
01-13 22:45:01.012 I/minksocket( 1650): MinkIPC MESSAGE: ( 1650:1765 ) MinkIPC_QRTR_Service:351 minkipc = 0xb400007a974104f0 sock = 15, client with node 1 port 74ed went down
01-13 22:45:01.012 I/minksocket( 1650): MinkIPC MESSAGE: ( 1650:1790 ) MinkIPC_QRTR_Service:351 minkipc = 0xb400007a97411410 sock = 33, client with node 1 port 74ed went down
01-13 22:45:01.015 I/minksocket( 1650): MinkIPC MESSAGE: ( 1650:1765 ) MinkIPC_QRTR_Service:351 minkipc = 0xb400007a974104f0 sock = 15, client with node 1 port 74ee went down
01-13 22:45:01.015 I/minksocket( 1650): MinkIPC MESSAGE: ( 1650:1790 ) MinkIPC_QRTR_Service:351 minkipc = 0xb400007a97411410 sock = 33, client with node 1 port 74ee went down
01-13 22:45:01.016 I/minksocket( 1650): MinkIPC MESSAGE: ( 1650:1765 ) MinkIPC_QRTR_Service:351 minkipc = 0xb400007a974104f0 sock = 15, client with node 1 port 74ef went down
01-13 22:45:01.016 I/minksocket( 1650): MinkIPC MESSAGE: ( 1650:1790 ) MinkIPC_QRTR_Service:351 minkipc = 0xb400007a97411410 sock = 33, client with node 1 port 74ef went down
01-13 22:45:01.017 I/sensors-hal( 1679): qsh_qmi:31, qsh_qmi
01-13 22:45:01.017 I/sensors-hal( 1679): register_cb:304, suid(low=3046173514946711665,high=5084824469409589910) is new. register callbacks
01-13 22:45:01.017 I/sensors-hal( 1679): send_sync_sensor_request:508, send sync request
01-13 22:45:01.017 I/sensors-hal( 1679): send_sync_sensor_request:518, send_sync_sensor_request before send_request for light_cct with SUID low=3046173514946711665 high=5084824469409589910
01-13 22:45:01.017 I/sensors-hal( 1679): send_sync_sensor_request:537, wait for notification of response
01-13 22:45:01.018 I/minksocket( 1650): MinkIPC MESSAGE: ( 1650:1765 ) MinkIPC_QRTR_Service:351 minkipc = 0xb400007a974104f0 sock = 15, client with node 1 port 74f0 went down
01-13 22:45:01.018 I/minksocket( 1650): MinkIPC MESSAGE: ( 1650:1790 ) MinkIPC_QRTR_Service:351 minkipc = 0xb400007a97411410 sock = 33, client with node 1 port 74f0 went down
01-13 22:45:01.019 I/sensors-hal( 1679): qsh_conn_resp_cb:930, resp_value = 0 for light_cct 
01-13 22:45:01.019 I/sensors-hal( 1679): send_sync_sensor_request:543, takes 1 ms to receive the response with 0
01-13 22:45:01.019 I/sensors-hal( 1679): activate:330, com.samsung.sensor.light_cct/1511 en=1 completed
01-13 22:45:01.020 D/SensorManager( 2613): registerListener :: 1511, STK33F11 Light Strm  Non-wakeup, 200000, 0, com.samsung.android.displaysolution.EyeComfortSolutionService$1@78992e2
01-13 22:45:01.043 E/AppIconSolution( 5028): Couldn't get theme package resources, package is null
01-13 22:45:01.043 I/AppIconSolution( 5028): load= live icon for com.sec.android.app.clockpackage, from overlay = false
01-13 22:45:01.044 I/LauncherActivityInfo( 5028): packageName: com.sec.android.app.clockpackage, useThemeIcon: false, height: 288, width: 288, density: 640
01-13 22:45:01.047 I/HoneySpace.LiveIconSupplier( 5028): updateIcon - 65, CLOCK, true - 22:45, view: #a95249, parent: VerticalApplistIconViewContainer#87092dc
01-13 22:45:01.071 D/SurfaceFlinger( 1830): GPIS:: requestGPISForClientComposition
01-13 22:45:01.083 I/sensors-hal( 1679): qsh_conn_event_cb:857, SCHED_FIFO(10) for qmi_cbk
01-13 22:45:01.083 I/sensors-hal( 1679): handle_sns_std_sensor_event:90, light_cct: ts = 57968399734154 ns; value = [23, 23, 77, 82, 13, 188, 4, 0, 4544, 0]
01-13 22:45:01.084 V/EyeComfortSolutionService( 2613): count : 1140 , bopr_value : 77.0, platform_value : 209.0 , app_weighting : 1.0 , cal_value : 14.869554 , sum_value : 15865.409 , BOPR_MAX_VALUE : 21000
01-13 22:45:01.084 I/sensors-hal( 1679): activate:300, com.samsung.sensor.light_cct/1511 en=0
01-13 22:45:01.085 I/sensors-hal( 1679): send_sync_sensor_request:508, send sync request
01-13 22:45:01.085 I/sensors-hal( 1679): send_sync_sensor_request:518, send_sync_sensor_request before send_request for light_cct with SUID low=3046173514946711665 high=5084824469409589910
01-13 22:45:01.085 I/sensors-hal( 1679): send_sync_sensor_request:537, wait for notification of response
01-13 22:45:01.086 I/sensors-hal( 1679): qsh_conn_resp_cb:930, resp_value = 0 for light_cct 
01-13 22:45:01.087 I/sensors-hal( 1679): send_sync_sensor_request:543, takes 1 ms to receive the response with 0
01-13 22:45:01.087 I/sensors-hal( 1679): ~worker:65, worker(0xb4000072e0f21a30) send sig to tid= 18678
01-13 22:45:01.088 I/minksocket( 1650): MinkIPC MESSAGE: ( 1650:1790 ) MinkIPC_QRTR_Service:351 minkipc = 0xb400007a97411410 sock = 33, client with node 1 port 74f1 went down
01-13 22:45:01.088 I/sensors-hal( 1679): ~worker:74, worker(0xb4000072e0f21a30) is destroyed, remaining task = 0, tid= 18678
01-13 22:45:01.088 I/sensors-hal( 1679): ~qsh_qmi:58, ~qsh_qmi
01-13 22:45:01.088 I/sensors-hal( 1679): activate:330, com.samsung.sensor.light_cct/1511 en=0 completed
01-13 22:45:01.088 D/SensorManager( 2613): unregisterListener :: com.samsung.android.displaysolution.EyeComfortSolutionService$1@78992e2
01-13 22:45:01.089 I/minksocket( 1650): MinkIPC MESSAGE: ( 1650:1765 ) MinkIPC_QRTR_Service:351 minkipc = 0xb400007a974104f0 sock = 15, client with node 1 port 74f1 went down
01-13 22:45:01.097 D/InputReader( 2613): Btn_touch(4): value=1 when=50514.348854
01-13 22:45:01.097 I/InputReader( 2613): Touch event's action is 0x0 (id=6, t=0) [pCnt=1, s=0.13643 ] when=50514.348854
01-13 22:45:01.099 D/PowerManagerService( 2613): [api] userActivity : other (uid: 1000 pid: 2613) <- onInputEvent() in com.android.server.accessibility.AccessibilityInputFilter:427 displayId=0 eventTime=50514348
01-13 22:45:01.100 D/InputDispatcher( 2613): Inject motion (0/0): action=0x0, time=50514348854000, f=0x0, d=0 dsdx=1.000000 dtdx=0.000000
01-13 22:45:01.100 I/InputDispatcher( 2613): Delivering touch to (4373): action: 0x4, f=0x0, d=0, 'b27b017', t=1 
01-13 22:45:01.101 I/InputDispatcher( 2613): Delivering touch to (5028): action: 0x0, f=0x0, d=0, 'da88720', t=1 
01-13 22:45:01.101 I/VRI[LauncherActivity]@ddfbaee( 5028): ViewPostIme pointer 0
01-13 22:45:01.101 I/HoneySpace.IconHoney( 5028): call activeLaunch 38
01-13 22:45:01.101 D/PowerManagerService( 2613): [api] userActivityFromNative : touch displayId=0 eventTime=50514348
01-13 22:45:01.101 I/HoneySpace.AppscreenContainerView( 5028): findActiveTouchController ev = 0
01-13 22:45:01.101 I/Pageboost( 2613): start alp : com.google.android.videos
01-13 22:45:01.101 I/HoneySpace.AppscreenHomeTouchController( 5028): onControllerInterceptTouchEvent :: , QuickOptionUtil.isShowQuickOption = false, QuickOptionUtil.isDragging = false, canInterceptTouch = false
01-13 22:45:01.102 W/ContextImpl( 2613): Calling a method in the system process without a qualified user: android.app.ContextImpl.startActivity:1189 com.android.server.am.ActivityManagerService.doActiveLaunch:101 android.app.IActivityManager$Stub.onTransact:5083 com.android.server.am.ActivityManagerService.onTransact:425 android.os.Binder.execTransactInternal:1462 
01-13 22:45:01.102 D/ActivityTaskManager( 2613): startActivityAsUser: callingPid=2613, callingUid=1000, caller=com.android.server.wm.ActivityTaskManagerService.startActivity:123 android.app.Instrumentation.execStartActivity:2010 android.app.ContextImpl.startActivity:1207 com.android.server.am.ActivityManagerService.doActiveLaunch:101 android.app.IActivityManager$Stub.onTransact:5083 com.android.server.am.ActivityManagerService.onTransact:425 android.os.Binder.execTransactInternal:1462 
01-13 22:45:01.102 I/HoneySpace.IconView( 5028): start dim animation : Google TV
01-13 22:45:01.102 I/Pageboost( 2613): alp for : com.google.android.videos , 0
01-13 22:45:01.103 D/ActivityTaskManager( 2613): request preloading for newly launching app
01-13 22:45:01.103 I/ActivityTaskManager( 2613): starting ActiveLaunch
01-13 22:45:01.103 D/ActivityManager( 2613): starting Active launch
01-13 22:45:01.104 D/CompatChangeReporter( 2613): Compat change id reported: 151861875; UID 10357; state: ENABLED
01-13 22:45:01.104 E/pageboostd( 5642): alp start : app comgoogleandroidvideos
01-13 22:45:01.105 I/GestureDetector( 2613): obtain mCurrentDownEvent. id: 895709519 caller: com.android.server.wm.SystemGesturesPointerEventListener.onPointerEvent:17 com.android.server.wm.PointerEventDispatcher.onInputEvent:51 android.view.InputEventReceiver.dispatchInputEvent:392 
01-13 22:45:01.105 I/GestureDetector( 2613): obtain mCurrentDownEvent. id: 895709519 caller: com.android.server.wm.SystemPerformancePointerEventListener.onPointerEvent:13 com.android.server.wm.PointerEventDispatcher.onInputEvent:51 android.view.InputEventReceiver.dispatchInputEvent:392 
01-13 22:45:01.106 I/GestureDetector( 2613): obtain mCurrentMotionEventRaw. action: 2 id: 710750219
01-13 22:45:01.107 I/GestureDetector( 2613): obtain mCurrentMotionEventRaw. action: 2 id: 710750219
01-13 22:45:01.118 I/HoneySpace.AppscreenContainerView( 5028): findActiveTouchController ev = 2
01-13 22:45:01.118 I/HoneySpace.AppscreenHomeTouchController( 5028): onControllerInterceptTouchEvent :: , QuickOptionUtil.isShowQuickOption = false, QuickOptionUtil.isDragging = false, canInterceptTouch = false
01-13 22:45:01.125 D/Zygote  ( 1603): Forked child process 18682
01-13 22:45:01.127 D/ActivityManager( 2613): Received BROADCAST intent 0x8bf0207 Key{broadcastIntent pkg=com.google.android.gms/com.google.android.gms.wearable intent=act=com.google.android.gms.wearable.node.bluetooth.RETRY_CONNECTION dat=content://B0:54:76:FB:26:D1/... xflg=0x4 pkg=com.google.android.gms flags=0x4000000 u=0} requestCode=1 sent=0 from uid 1000
01-13 22:45:01.127 D/DeviceReportingSecurityChecker( 2613): getStatus
01-13 22:45:01.127 D/DeviceReportingSecurityChecker( 2613): mIsICDStatus is true
01-13 22:45:01.127 D/DeviceReportingSecurityChecker( 2613): mIsSim is true
01-13 22:45:01.127 D/DeviceReportingSecurityChecker( 2613): mIsEchoAppSignature is true
01-13 22:45:01.127 D/DeviceReportingSecurityChecker( 2613): security check passed
01-13 22:45:01.127 D/DeviceReportingSecurityChecker( 2613): mIsICDStatus === true mIsSim == true mIsMyAccountSignature== false mIsEchoAppSignature== true mIsSprintHubSignature== false
01-13 22:45:01.127 I/ActivityManager( 2613): Start proc 18682:com.google.android.videos/u0a357 for activelaunch {com.google.android.videos/com.google.android.videos.activity.LauncherActivity}
01-13 22:45:01.127 I/ActivityManager( 2613): ProcessObserver broadcast disabled
01-13 22:45:01.131 I/WearableConn( 4314): Connecting to "Galaxy Watch7 (HRTZ)"
01-13 22:45:01.132 I/BluetoothSocket( 4314): connect() for device XX:XX:XX:XX:26:D1 called by pid: 4314
01-13 22:45:01.133 I/BluetoothSocketManagerBinder( 4749): connectSocket: device=XX:XX:XX:XX:26:D1, type=1, uuid=5e8945b0-9525-11e3-a5e2-0800200c9a66, port=-1, from uid/pid=10259/4314
01-13 22:45:01.133 I/bt_btif_sock( 4749): system/btif/src/btif_sock.cc:233 btsock_connect: Attempting socket connection for device: xx:xx:xx:xx:26:d1, type: 1, channel: -1, app_uid: 10259, data_path: 0, hub_id: 0, endpoint_id: 0, max_rx_packet_size: 0
01-13 22:45:01.133 I/bt_btif_sock_rfcomm( 4749): system/btif/src/btif_sock_rfc.cc:494 btsock_rfc_connect: service_uuid:5e8945b0-9525-11e3-a5e2-0800200c9a66, bd_addr:xx:xx:xx:xx:26:d1, slot_id:416
01-13 22:45:01.134 W/l2c_link( 4749): system/stack/l2cap/l2c_link.cc:689 l2c_link_adjust_allocation: link_xmit_data_q is null
01-13 22:45:01.135 I/HoneySpace.AppscreenContainerView( 5028): findActiveTouchController ev = 2
01-13 22:45:01.135 I/HoneySpace.AppscreenHomeTouchController( 5028): onControllerInterceptTouchEvent :: , QuickOptionUtil.isShowQuickOption = false, QuickOptionUtil.isDragging = false, canInterceptTouch = false
01-13 22:45:01.135 W/btm_acl ( 4749): system/stack/acl/btm_acl.cc:1698 BTM_ReadRemoteVersion: Unable to find active acl
01-13 22:45:01.135 I/bluetooth( 4749): system/bta/jv/bta_jv_act.cc:913 bta_jv_start_discovery: Started service discovery bd_addr:xx:xx:xx:xx:26:d1 num_uuid:1 rfcomm_slot_id:416
01-13 22:45:01.135 I/BluetoothSocket( 4314): connect(), SocketState: INIT, mPfd: {ParcelFileDescriptor: java.io.FileDescriptor@1908271}
01-13 22:45:01.136 W/bluetooth( 4749): system/gd/hci/acl_manager/acl_scheduler.cc:211 try_dequeue_next_operation: Pending connections is not empty; so sending next connection
01-13 22:45:01.137 W/bluetooth( 4749): system/gd/hci/acl_manager/classic_impl.h:347 actually_create_connection: xx:xx:xx:xx:26:d1 EnqueueCommand (classic_link)
01-13 22:45:01.137 D/vendor.qti.bluetooth@1.1-ibs_handler( 1674): SerialClockVote: vote for UART CLK ON
01-13 22:45:01.139 D/ShellStartingWindow( 4373): preload Icon com.google.android.videos
01-13 22:45:01.139 D/vendor.qti.bluetooth@1.1-wake_lock( 1674): Acquire wakelock is acquired 
01-13 22:45:01.139 I/vendor.qti.bluetooth@1.1-ibs_handler( 1674): DeviceWakeUp: Writing IBS_WAKE_IND
01-13 22:45:01.144 I/vendor.qti.bluetooth@1.1-ibs_handler( 1674): ProcessIbsCmd: Received IBS_WAKE_ACK: 0xFC
01-13 22:45:01.144 I/vendor.qti.bluetooth@1.1-ibs_handler( 1674): ProcessIbsCmd: Signal wack_cond_
01-13 22:45:01.144 D/vendor.qti.bluetooth@1.1-ibs_handler( 1674): DeviceWakeUp: Unblocked from waiting for FC, pthread_cond_timedwait ret = 0
01-13 22:45:01.145 I/vendor.qti.bluetooth@1.1-ibs_handler( 1674): ProcessIbsCmd: Received IBS_WAKE_IND: 0xFD
01-13 22:45:01.145 I/vendor.qti.bluetooth@1.1-ibs_handler( 1674): ProcessIbsCmd: Writing IBS_WAKE_ACK
01-13 22:45:01.152 I/HoneySpace.AppscreenContainerView( 5028): findActiveTouchController ev = 2
01-13 22:45:01.152 I/HoneySpace.AppscreenHomeTouchController( 5028): onControllerInterceptTouchEvent :: , QuickOptionUtil.isShowQuickOption = false, QuickOptionUtil.isDragging = false, canInterceptTouch = false
01-13 22:45:01.156 I/.android.videos(18682): Using CollectorTypeCMC GC.
01-13 22:45:01.159 E/.android.videos(18682): Not starting debugger since process cannot load the jdwp agent.
01-13 22:45:01.162 D/nativeloader(18682): Load libframework-connectivity-tiramisu-jni.so using APEX ns com_android_tethering for caller /apex/com.android.tethering/javalib/framework-connectivity-t.jar: ok
01-13 22:45:01.164 D/ActivityThread(18682): setConscryptValidator
01-13 22:45:01.164 D/ActivityThread(18682): setConscryptValidator - put
01-13 22:45:01.168 I/HoneySpace.AppscreenContainerView( 5028): findActiveTouchController ev = 2
01-13 22:45:01.168 I/HoneySpace.AppscreenHomeTouchController( 5028): onControllerInterceptTouchEvent :: , QuickOptionUtil.isShowQuickOption = false, QuickOptionUtil.isDragging = false, canInterceptTouch = false
01-13 22:45:01.172 I/HoneySpace.VerticalApplistRecyclerViewAdapter( 5028): onBindViewHolder 48 48 Lose It!
01-13 22:45:01.172 I/HoneySpace.VerticalApplistRecyclerViewAdapter( 5028): onBindViewHolder 49 49 Manus
01-13 22:45:01.172 I/HoneySpace.VerticalApplistRecyclerViewAdapter( 5028): onBindViewHolder 50 50 Maps
01-13 22:45:01.173 I/HoneySpace.VerticalApplistRecyclerViewAdapter( 5028): onBindViewHolder 51 51 Messenger
01-13 22:45:01.174 V/OsAgent ( 6183): broadcastSystemEvent - 7
01-13 22:45:01.174 D/ApplicationLoaders(18682): Returning zygote-cached class loader: /system/framework/org.apache.http.legacy.jar
01-13 22:45:01.174 D/ApplicationLoaders(18682): Returning zygote-cached class loader: /system_ext/framework/androidx.window.extensions.jar
01-13 22:45:01.174 D/ApplicationLoaders(18682): Returning zygote-cached class loader: /system_ext/framework/androidx.window.sidecar.jar
01-13 22:45:01.175 E/pageboostd( 5642): comgoogleandroidvideos, amt 46944536 scnt 4 fcnt 0
01-13 22:45:01.176 I/HYPER-HAL( 1685): [RequestManager.cpp]acquire(): Acquired ID : 33197336  [1689 / 6458]    HINT :      list : [UCLAMP_MIN_BOOST / 50] [TID / 7426] [TID / 7427] [TID / 5028] [TID / 7251] 
01-13 22:45:01.176 I/HYPER-HAL( 1685): [RequestManager.cpp]acquire(): Acquired ID : 33197336  [1689 / 6458]    HINT :      list : [UCLAMP_MIN_BOOST / 100] [TID / 7426] [TID / 7427] [TID / 5028] [TID / 7251] 
01-13 22:45:01.176 I/HYPER-HAL( 1685): [RequestManager.cpp]acquire(): Acquired ID : 33197336  [1689 / 6458]    HINT :      list : [UCLAMP_MIN_BOOST / 150] [TID / 7426] [TID / 7427] [TID / 5028] [TID / 7251] 
01-13 22:45:01.176 I/HYPER-HAL( 1685): [RequestManager.cpp]acquire(): Acquired ID : 33197336  [1689 / 6458]    HINT :      list : [UCLAMP_MIN_BOOST / 200] [TID / 7426] [TID / 7427] [TID / 5028] [TID / 7251] 
01-13 22:45:01.182 E/pageboostd( 5642): comgoogleandroidvideos, amt 12808192 scnt 28 fcnt 95
01-13 22:45:01.182 E/pageboostd( 5642): alp end : app comgoogleandroidvideos data_amount 59752728
01-13 22:45:01.191 W/.android.videos(18682): Failed to find entry 'classes.dex': Entry not found
01-13 22:45:01.192 I/vendor.qti.bluetooth@1.1-ibs_handler( 1674): ProcessIbsCmd: Received IBS_SLEEP_IND: 0xFE
01-13 22:45:01.196 D/InputReader( 2613): Btn_touch(4): value=0 when=50514.448096
01-13 22:45:01.196 I/InputReader( 2613): Touch event's action is 0x1 (id=6, t=0) [pCnt=1, s=] when=50514.448096
01-13 22:45:01.197 D/InputDispatcher( 2613): Inject motion (0/0): action=0x1, time=50514448096000, f=0x0, d=0 dsdx=1.000000 dtdx=0.000000
01-13 22:45:01.197 I/InputDispatcher( 2613): Delivering touch to (5028): action: 0x1, f=0x0, d=0, 'da88720', t=1 
01-13 22:45:01.197 W/.android.videos(18682): Failed to find entry 'classes.dex': Entry not found
01-13 22:45:01.198 W/.android.videos(18682): Failed to find entry 'classes.dex': Entry not found
01-13 22:45:01.198 I/VRI[LauncherActivity]@ddfbaee( 5028): ViewPostIme pointer 1
01-13 22:45:01.198 I/SemDvfsHyPerManager( 2613): acquire hyper - GESTURE_DETECTED/2613@23, type = -999
01-13 22:45:01.198 D/nativeloader(18682): Configuring clns-9 for other apk /data/app/~~sACopsgujSVsqecgPyX7sg==/com.google.android.videos-oMCq6uhTdaV2B9NJUlV5Ww==/base.apk:/data/app/~~sACopsgujSVsqecgPyX7sg==/com.google.android.videos-oMCq6uhTdaV2B9NJUlV5Ww==/split_config.arm64_v8a.apk:/data/app/~~sACopsgujSVsqecgPyX7sg==/com.google.android.videos-oMCq6uhTdaV2B9NJUlV5Ww==/split_config.en.apk:/data/app/~~sACopsgujSVsqecgPyX7sg==/com.google.android.videos-oMCq6uhTdaV2B9NJUlV5Ww==/split_config.xxhdpi.apk. target_sdk_version=35, uses_libraries=, library_path=/data/app/~~sACopsgujSVsqecgPyX7sg==/com.google.android.videos-oMCq6uhTdaV2B9NJUlV5Ww==/lib/arm64:/data/app/~~sACopsgujSVsqecgPyX7sg==/com.google.android.videos-oMCq6uhTdaV2B9NJUlV5Ww==/base.apk!/lib/arm64-v8a:/data/app/~~sACopsgujSVsqecgPyX7sg==/com.google.android.videos-oMCq6uhTdaV2B9NJUlV5Ww==/split_config.arm64_v8a.apk!/lib/arm64-v8a:/data/app/~~sACopsgujSVsqecgPyX7sg==/com.google.android.videos-oMCq6uhTdaV2B9NJUlV5Ww==/split_config.en.apk!/lib/arm64-v8a:/data/app/~~sACopsgujSVsqecgPyX7sg==/com.
01-13 22:45:01.198 I/SemDvfsHyPerManager( 2613): acquire hyper - SMOOTH_SCROLL/2613@22, type = -999
01-13 22:45:01.198 I/SeslRecyclerView( 5028): onTouchUp() velocity : 15953.694, last move skip : true(16.666666), use scroller : android.widget.OverScroller
01-13 22:45:01.198 I/SemDvfsHyPerManager( 2613): acquire hyper - GESTURE_DETECTED/2613@23, type = -999
01-13 22:45:01.198 I/HYPER-HAL( 1685): [RequestManager.cpp]acquire(): Acquired ID : 3475589  [2613 / 23]    HINT : GESTURE_DETECTED    list : [TIMEOUT / 2049] 
01-13 22:45:01.199 D/CompatChangeReporter(18682): Compat change id reported: 202956589; UID 10357; state: ENABLED
01-13 22:45:01.199 I/HYPER-HAL( 1685): [RequestManager.cpp]acquire(): Acquired ID : 3475589  [2613 / 23]    HINT : GESTURE_DETECTED    list : [TIMEOUT / 2246] 
01-13 22:45:01.202 V/GraphicsEnvironment(18682): Currently set values for:
01-13 22:45:01.202 V/GraphicsEnvironment(18682):   angle_gl_driver_selection_pkgs=[]
01-13 22:45:01.202 V/GraphicsEnvironment(18682):   angle_gl_driver_selection_values=[]
01-13 22:45:01.202 V/GraphicsEnvironment(18682): com.google.android.videos is not listed in per-application setting
01-13 22:45:01.202 V/GraphicsEnvironment(18682): ANGLE allowlist from config: 
01-13 22:45:01.202 V/GraphicsEnvironment(18682): com.google.android.videos is not listed in ANGLE allowlist or settings, returning default
01-13 22:45:01.202 V/GraphicsEnvironment(18682): App is not on the allowlist for updatable production driver.
01-13 22:45:01.203 I/Pageboost( 2613): stop alp by timeout
01-13 22:45:01.203 E/pageboostd( 5642): Received HALT command code 2
01-13 22:45:01.207 I/SemDvfsHyPerManager( 2613): acquire hyper - SMOOTH_SCROLL/2613@22, type = -999
01-13 22:45:01.207 I/HoneySpace.VerticalApplistRecyclerViewAdapter( 5028): onBindViewHolder 52 52 Meta Horizon
01-13 22:45:01.208 I/HoneySpace.VerticalApplistRecyclerViewAdapter( 5028): onBindViewHolder 53 53 My Files
01-13 22:45:01.208 I/HoneySpace.VerticalApplistRecyclerViewAdapter( 5028): onBindViewHolder 54 54 NetBridge
01-13 22:45:01.209 I/HoneySpace.VerticalApplistRecyclerViewAdapter( 5028): onBindViewHolder 55 55 NotebookLM
01-13 22:45:01.211 I/HYPER-HAL( 1685): [RequestManager.cpp]acquire(): Acquired ID : 33197336  [1689 / 6458]    HINT :      list : [UCLAMP_MIN_BOOST / 250] [TID / 7426] [TID / 7427] [TID / 5028] [TID / 7251] 
01-13 22:45:01.212 I/HYPER-HAL( 1685): [RequestManager.cpp]acquire(): Acquired ID : 33197336  [1689 / 6458]    HINT :      list : [UCLAMP_MIN_BOOST / 300] [TID / 7426] [TID / 7427] [TID / 5028] [TID / 7251] 
01-13 22:45:01.212 I/HYPER-HAL( 1685): [RequestManager.cpp]acquire(): Acquired ID : 33197336  [1689 / 6458]    HINT :      list : [UCLAMP_MIN_BOOST / 350] [TID / 7426] [TID / 7427] [TID / 5028] [TID / 7251] 
01-13 22:45:01.212 I/HYPER-HAL( 1685): [RequestManager.cpp]acquire(): Acquired ID : 33197336  [1689 / 6458]    HINT :      list : [UCLAMP_MIN_BOOST / 400] [TID / 7426] [TID / 7427] [TID / 5028] [TID / 7251] 
01-13 22:45:01.221 I/HoneySpace.VerticalApplistRecyclerViewAdapter( 5028): onBindViewHolder 56 56 Obsidian
01-13 22:45:01.222 I/HoneySpace.VerticalApplistRecyclerViewAdapter( 5028): onBindViewHolder 57 57 OpenBubbles
01-13 22:45:01.222 I/HoneySpace.VerticalApplistRecyclerViewAdapter( 5028): onBindViewHolder 58 58 Orion Store
01-13 22:45:01.222 I/HoneySpace.VerticalApplistRecyclerViewAdapter( 5028): onBindViewHolder 59 59 Photos
01-13 22:45:01.232 D/CompatChangeReporter(18682): Compat change id reported: 307233716; UID 10357; state: ENABLED
