01-13 22:45:03.540 I/SurfaceControlRegistry( 4373): show, t=StartTransaction_SyncId<1785> sc=Task=23891, caller=android.view.SurfaceControl$Transaction.show:3557 com.android.wm.shell.transition.Transitions.dispatchReady:907 com.android.wm.shell.transition.Transitions.onTransitionReady:251 com.android.wm.shell.transition.Transitions$TransitionPlayerImpl$$ExternalSyntheticLambda0.run:13 android.os.Handler.handleCallback:995 android.os.Handler.dispatchMessage:103 
01-13 22:45:03.540 V/WindowManagerShell( 4373): Playing animation for (#1785) android.os.BinderProxy@456ed3d@0
01-13 22:45:03.540 D/NavBarStateManager( 4373): NavBarStates(0) canShowKeyboardButtonForRotation(1): true
01-13 22:45:03.540 I/SurfaceControlRegistry( 4373): show, t=StartTransaction_SyncId<1785> sc=Transition Root: Display 0 name="Built-in Screen", caller=android.view.SurfaceControl$Transaction.show:3557 com.android.wm.shell.transition.Transitions.playTransition:79 com.android.wm.shell.transition.Transitions.processReadyQueue:239 com.android.wm.shell.transition.Transitions.dispatchReady:1352 com.android.wm.shell.transition.Transitions.onTransitionReady:251 com.android.wm.shell.transition.Transitions$TransitionPlayerImpl$$ExternalSyntheticLambda0.run:13 
01-13 22:45:03.541 V/ShellRecents( 4373): RecentsTransitionHandler.startAnimation: no controller found
01-13 22:45:03.541 V/ShellDesktopMode( 4373): DesktopMixedTransitionHandler: No pending desktop transition
01-13 22:45:03.541 V/WindowManagerShell( 4373): start default transition animation, info = {id=1785 t=CHANGE f=0x0 trk=0 r=[0@Point(0, 0)] c=[{m=CHANGE f=NONE p=WCT{android.window.IWindowContainerToken$Stub$Proxy@4510ae5} leash=Surface(name=Task=23891)/@0x5fa92b0 sb=Rect(0, 0 - 1080, 2340) eb=Rect(0, 0 - 2340, 1080) epz=Point(2340, 1080) d=0 r=0->1:-1 taskParent=-1 inset=Rect(84, 84 - 135, 0)},{m=CHANGE f=FLAG_IS_TASK_DISPLAY_AREA p=WCT{android.window.IWindowContainerToken$Stub$Proxy@891506b} leash=Surface(name=DefaultTaskDisplayArea_d0)/@0x8824529 sb=Rect(0, 0 - 1080, 2340) eb=Rect(0, 0 - 2340, 1080) epz=Point(2340, 1080) d=0 r=0->1:-1 inset=Rect(0, 0 - 0, 0)},{m=CHANGE f=IS_DISPLAY leash=Surface(name=WindowedMagnification:0:31)/@0x74020ae sb=Rect(0, 0 - 1080, 2340) eb=Rect(0, 0 - 2340, 1080) epz=Point(2340, 1080) d=0 r=0->1:3 inset=Rect(0, 0 - 0, 0)}]}
01-13 22:45:03.541 V/WindowManagerShell( 4373): Display is changing, resolve the animation hint.
01-13 22:45:03.541 V/WindowManagerShell( 4373):   display requests explicit seamless
01-13 22:45:03.541 I/HYPER-HAL( 1685): [RequestManager.cpp]acquire(): Acquired ID : 35610890  [1689 / 6749]    HINT :      list : [TID_LOW_LATENCY / 0] [TID / 9463] [TID / 9464] [TID / 8282] [TID / 9465] 
01-13 22:45:03.541 I/SurfaceControlRegistry( 4373): apply, t=StartTransaction_SyncId<1785>, caller=android.view.SurfaceControl$Transaction.apply:3459 android.view.SurfaceControl$Transaction.apply:3447 android.view.SurfaceControl$Transaction.apply:3397 com.android.wm.shell.transition.DefaultTransitionHandler.startAnimation:3387 com.android.wm.shell.transition.Transitions.dispatchTransition:90 com.android.wm.shell.transition.Transitions.playTransition:774 
01-13 22:45:03.541 I/SurfaceComposerClient( 4373): apply DisplayState::eDisplayProjectionChanged(index:0) orientation(1) layerStackSpaceRect(2340x1080) orientedDisplaySpaceRect(2340x1080)
01-13 22:45:03.541 D/NavBarStateManager( 4373): NavBarStates(0) canShowKeyboardButtonForRotation(2): true
01-13 22:45:03.541 D/NetdEventListenerService( 2613): DNS Requested by 115, 10465(com.facebook.katana), 4(FAIL), isBlocked=true, 0ms
01-13 22:45:03.542 D/NavBarStateManager( 4373): NavBarStates(0) canShowKeyboardButtonForRotation(3): true
01-13 22:45:03.542 V/WindowManagerShell( 4373): Transition animation finished (aborted=false), notifying core (#1785) android.os.BinderProxy@456ed3d@0
01-13 22:45:03.542 I/SurfaceControlRegistry( 4373): apply, t=FinishTransaction_SyncId<1785>, caller=android.view.SurfaceControl$Transaction.apply:3459 android.view.SurfaceControl$Transaction.apply:3447 android.view.SurfaceControl$Transaction.apply:3397 com.android.wm.shell.transition.Transitions.onFinish:315 com.android.wm.shell.transition.Transitions$$ExternalSyntheticLambda7.onTransitionFinished:12 com.android.wm.shell.transition.DefaultTransitionHandler$$ExternalSyntheticLambda2.run:36 
01-13 22:45:03.542 D/SecQuickSettingsAffordance( 4373): onConfigChanged isAttachedView = false, noAnim = false, isRemoveView = false, newConfig = {1.0 310mcc260mnc [en_US] ldltr sw384dp w832dp h384dp 450dpi nrml long hdr widecg land night finger -keyb/v/h -nav/h winConfig={ mBounds=Rect(0, 0 - 2340, 1080) mAppBounds=Rect(0, 0 - 2340, 1080) mMaxBounds=Rect(0, 0 - 2340, 1080) mDisplayRotation=ROTATION_90 mWindowingMode=fullscreen mActivityType=undefined mAlwaysOnTop=undefined mRotation=ROTATION_90 mStageConfig=undefined mEmbedActivityMode=undefined mPopOver=undefined mOverlappingWithCutout=false} s.7850 fontWeightAdjustment=0 ff=0 bf=-1 bts=0 cst=1.0 nightDim=0 themeSeq=0}
01-13 22:45:03.542 D/ShadeStateTraceLogger( 4373): New configuration change from Shade window. smallestScreenWidthDp: 384, densityDpi: 450
01-13 22:45:03.542 D/DeviceState( 4373): getDisplayWidth portrait? false  displayWidth= 2340
01-13 22:45:03.543 I/SamsungAccount( 7943): [AccountManagerProvider] isChildAccount
01-13 22:45:03.543 I/SamsungAccount( 7943): [AccountManagerProvider] Calling package : android.honeyboard.
01-13 22:45:03.543 D/AudioFlinger( 1809): setParameters: filtered dev setParameters keyvalue screen_state=on
01-13 22:45:03.543 D/AHAL: AudioDevice( 1673): SetParameters: 1865: enter
01-13 22:45:03.543 D/AHAL: AudioVoice( 1673): VoiceSetParameters: 200: Enter
01-13 22:45:03.543 D/AHAL: AudioVoice( 1673): VoiceSetParameters: 479: Exit ret: 0
01-13 22:45:03.543 D/AHAL: hfp( 1673): hfp_set_parameters: 444: enter
01-13 22:45:03.543 D/AHAL: AudioDevice( 1673): SetParameters: 1945:  - screen = on
01-13 22:45:03.544 I/PAL: ResourceManager( 1673): setParameter: 10683: Screen State:1
01-13 22:45:03.544 D/AHAL: AudioDevice( 1673): SetParameters: 2798: exit: screen_state=on
01-13 22:45:03.544 D/AS.DesktopModeHelper( 2613): onDisplayChanged: #Id=0
01-13 22:45:03.544 I/WindowManager( 2613): Relayout Window{c9b7a37 u0 com.notch.touch}: viewVisibility=0 req=114x111 ty=2032 d0
01-13 22:45:03.544 D/SurfaceComposerClient( 2613): setCornerRadius ## 616a034 Splash Screen com.risa.app#27385 cornerRadius=0.000000
01-13 22:45:03.544 I/SamsungAccount( 7943): [SignatureInfoDbHelper] searchOnUser(fromDb) - [10/lfgff][android.honeyboard.][64/3291d] => matched
01-13 22:45:03.544 I/SamsungAccount( 7943): [AccountManagerProvider] This is the access of the allowed application
01-13 22:45:03.544 I/SamsungAccount( 7943): [AccountManagerUtil] isSamsungAccountSignedIn : true
01-13 22:45:03.545 D/SurfaceComposerClient( 2613): setCornerRadius ## 616a034 Splash Screen com.risa.app#27385 cornerRadius=0.000000
01-13 22:45:03.545 D/SurfaceComposerClient( 2613): setCornerRadius ## 9383838 com.risa.app/com.risa.app.MainActivity#27397 cornerRadius=0.000000
01-13 22:45:03.545 I/SamsungAccount( 7943): [TPMU]  SIMState     :SIM_STATE_READY
01-13 22:45:03.545 I/SamsungAccount( 7943): [CountryCodeUtil] isChinaCountryCode : false
01-13 22:45:03.545 I/SemWallpaperColorsArea( 4676): Final area : Rect(67, 16 - 1012, 81)
01-13 22:45:03.545 D/WindowManager( 2613): applyWithNextDraw, mSyncSeqId=42, win=Window{c9b7a37 u0 com.notch.touch}, caller=com.android.server.wm.WindowState.applyWithNextDraw:131 com.android.server.wm.WindowState.updateSurfacePosition:302 com.android.server.wm.RootWindowContainer.performSurfacePlacementNoTrace:145 com.android.server.wm.WindowSurfacePlacer.performSurfacePlacement:166 com.android.server.wm.WindowManagerService.relayoutWindow:1198 com.android.server.wm.Session.relayout:27 
01-13 22:45:03.545 I/SemWallpaperColorsArea( 4676): Final area : Rect(36, 163 - 1043, 1881)
01-13 22:45:03.545 I/SemWallpaperColorsArea( 4676): Final area : Rect(0, 2205 - 1080, 2340)
01-13 22:45:03.546 I/SemWallpaperColorsArea( 4676): Final area : Rect(67, 16 - 1012, 81)
01-13 22:45:03.546 I/SemWallpaperColorsArea( 4676): Final area : Rect(112, 466 - 967, 756)
01-13 22:45:03.546 I/SemWallpaperColorsArea( 4676): Final area : Rect(112, 1274 - 967, 1330)
01-13 22:45:03.546 I/SemWallpaperColorsArea( 4676): Final area : Rect(112, 1358 - 967, 1828)
01-13 22:45:03.546 I/SemWallpaperColorsArea( 4676): Final area : Rect(112, 2092 - 967, 2255)
01-13 22:45:03.546 I/SemWallpaperColorsArea( 4676): Final area : Rect(0, 0 - 1080, 2340)
01-13 22:45:03.546 I/WindowManager( 2613): Relayout hash=c9b7a37, pid=8144, syncId=42: mAttrs={(0,485)(114x111) gr=TOP LEFT CENTER sim={adjust=nothing} layoutInDisplayCutoutMode=always ty=ACCESSIBILITY_OVERLAY fmt=TRANSLUCENT
01-13 22:45:03.546 I/WindowManager( 2613):   fl=328
01-13 22:45:03.546 I/WindowManager( 2613):   pfl=40
01-13 22:45:03.546 I/WindowManager( 2613):   bhv=1
01-13 22:45:03.546 I/WindowManager( 2613):   fitTypes=206
01-13 22:45:03.546 I/WindowManager( 2613):   frameRateBoostOnTouch=true
01-13 22:45:03.546 I/WindowManager( 2613):   dvrrWindowFrameRateHint=true naviIconColor=0}
01-13 22:45:03.546 I/SamsungAccount( 7943): [TPMU] getMccFromUsim
01-13 22:45:03.546 I/SamsungAccount( 7943): [MccManager] saveMccToPreference Start
01-13 22:45:03.546 I/SamsungAccount( 7943): [MccManager] saveMccToPreference, mcc is same with previous mcc
01-13 22:45:03.546 I/HoneySpace.SearchUI( 5028): updateInsets Insets{left=84, top=84, right=0, bottom=135}
01-13 22:45:03.546 I/HoneySpace.SearchUI( 5028): updateInsetsOnBinding: bind=Insets{left=84, top=84, right=0, bottom=135} Insets{left=0, top=84, right=0, bottom=135}
01-13 22:45:03.546 I/HoneySpace.SearchUI( 5028): updateInsetsOnBinding: input=Insets{left=84, top=84, right=0, bottom=135} Insets{left=0, top=84, right=0, bottom=135}
01-13 22:45:03.546 I/SamsungAccount( 7943): [ChildAccountSupportedListManager] getSupportedListFromPreference from cache
01-13 22:45:03.546 I/HoneySpace.WindowBounds( 5028): sourceContext: android.window.WindowContext@24dd4e3
01-13 22:45:03.546 I/HoneySpace.WindowBounds( 5028): sourceConfig: {1.0 310mcc260mnc [en_US] ldltr sw384dp w832dp h384dp 450dpi nrml long hdr widecg land night finger -keyb/v/h -nav/h winConfig={ mBounds=Rect(0, 0 - 2340, 1080) mAppBounds=Rect(0, 0 - 2340, 1080) mMaxBounds=Rect(0, 0 - 2340, 1080) mDisplayRotation=ROTATION_90 mWindowingMode=fullscreen mActivityType=undefined mAlwaysOnTop=undefined mRotation=ROTATION_90 mStageConfig=undefined mEmbedActivityMode=undefined mPopOver=off mOverlappingWithCutout=false} s.7736 fontWeightAdjustment=0 ff=0 bf=-1 bts=0 cst=1.0 nightDim=0 themeSeq=0}
01-13 22:45:03.546 I/HoneySpace.WindowBounds( 5028): updateNavigationMode? BUTTON
01-13 22:45:03.546 I/HoneySpace.WindowBounds( 5028): immersiveNavigation? false
01-13 22:45:03.546 I/HoneySpace.WindowBounds( 5028): setInsetAndCutout, Bounds=Rect(0, 0 - 2340, 1080), AppBounds=Rect(0, 0 - 2340, 1080)
01-13 22:45:03.546 I/BLASTBufferQueue_Java( 8144): update, w= 114 h= 111 mName = VRI[]@2370b8a mNativeObject= 0xb400007647e9b260 sc.mNativeObject= 0xb400007547e85910 format= -3 caller= android.view.ViewRootImpl.updateBlastSurfaceIfNeeded:3574 android.view.ViewRootImpl.relayoutWindow:11685 android.view.ViewRootImpl.performTraversals:4804 android.view.ViewRootImpl.doTraversal:3924 android.view.ViewRootImpl$TraversalRunnable.run:12903 android.view.Choreographer$CallbackRecord.run:1901 
01-13 22:45:03.546 I/HoneySpace.WindowBounds( 5028): update window bounds, name = android.window.WindowContext, context = android.window.WindowContext, call from {com.honeyspace.ui.common.recentstyler.RecentStyler.updateStyleData(Unknown Source:11)}
01-13 22:45:03.546 I/HoneySpace.WindowBounds( 5028): WindowBounds width=2340 height=1080, bounds=Rect(0, 0 - 2340, 1080), insets=Insets{left=0, top=84, right=135, bottom=0}, systemInsets=Insets{left=0, top=84, right=135, bottom=0}, cutout=Rect(84, 0 - 0, 0), gestureActionInsets=Insets{left=0, top=84, right=135, bottom=0}, insetsIgnoreCutout=Insets{left=84, top=84, right=135, bottom=0}, baseScreenSize=Point(2121, 1080)screenSizeIncludeCutout: Point(2205, 1080)
01-13 22:45:03.547 I/VRI[]@2370b8a( 8144): Relayout returned: old=(485,0,596,114) new=(0,485,114,596) relayoutAsync=false req=(114,111)0 dur=9 res=0x1 s={true 0xb4000074f7e93540} ch=false seqId=42
01-13 22:45:03.547 D/VRI[]@2370b8a( 8144): Relayout called with blastSync
01-13 22:45:03.547 I/SamsungAccount( 7943): [TPMU]  SIMState     :SIM_STATE_READY
01-13 22:45:03.547 I/SamsungAccount( 7943): [CountryCodeUtil] isChinaCountryCode : false
01-13 22:45:03.547 I/HoneySpace.HoneySpaceManagerContainer( 5028): getWindowBounds, key = (android.window.WindowContext, 0)
01-13 22:45:03.547 D/VRI[]@2370b8a( 8144): reportNextDraw android.view.ViewRootImpl.performTraversals:4814 android.view.ViewRootImpl.doTraversal:3924 android.view.ViewRootImpl$TraversalRunnable.run:12903 android.view.Choreographer$CallbackRecord.run:1901 android.view.Choreographer$CallbackRecord.run:1910 
01-13 22:45:03.547 D/VRI[]@2370b8a( 8144): mThreadedRenderer.updateSurface() mSurface={isValid=true 0xb4000074f7e93540}
01-13 22:45:03.547 D/VRI[]@2370b8a( 8144): reportNextDraw android.view.ViewRootImpl.performTraversals:5443 android.view.ViewRootImpl.doTraversal:3924 android.view.ViewRootImpl$TraversalRunnable.run:12903 android.view.Choreographer$CallbackRecord.run:1901 android.view.Choreographer$CallbackRecord.run:1910 
01-13 22:45:03.547 D/VRI[]@2370b8a( 8144): Setup new sync=wmsSync-VRI[]@2370b8a#1
01-13 22:45:03.547 I/VRI[]@2370b8a( 8144): Creating new active sync group VRI[]@2370b8a#2
01-13 22:45:03.547 I/HoneySpace.OnlyPortInsetsManager( 5028): needToUpdateCache, standardInsets = Insets{left=84, top=84, right=135, bottom=0}
01-13 22:45:03.547 I/HoneySpace.PhoneIconStyleFactory( 5028): init densityDpi=450
01-13 22:45:03.547 I/HoneySpace.PhoneIconStyleFactory( 5028): setDisplayOptionList 450 1
01-13 22:45:03.547 D/VRI[]@2370b8a( 8144): registerCallbacksForSync syncBuffer=true
01-13 22:45:03.547 I/HoneySpace.PhoneIconStyleFactory( 5028): setDisplayOptionList: 450 IconDisplayOption(itemSizeList=[ItemSize(size=0.144, isLand=false, hideLabel=false, adjustSizeByLevel=[{SMALL=-0.012}, {LARGE=0.008}]), ItemSize(size=0.147, isLand=true, hideLabel=false, adjustSizeByLevel=[{SMALL=-0.012}, {LARGE=0.008}]), ItemSize(size=0.152, isLand=false, hideLabel=true, adjustSizeByLevel=[{SMALL=-0.012}, {LARGE=0.008}]), ItemSize(size=0.147, isLand=true, hideLabel=true, adjustSizeByLevel=[{SMALL=-0.012}, {LARGE=0.008}])], iconDrawablePadding=0.003, iconDrawablePaddingLand=0.003, iconTextSize=11.0, iconTextSizeLand=11.0)
01-13 22:45:03.547 I/HoneySpace.PhoneIconStyleFactory( 5028): setDisplayOptionList: 450 IconDisplayOption(itemSizeList=[ItemSize(size=0.198, isLand=false, hideLabel=false, adjustSizeByLevel=[{SMALL=-0.012}, {LARGE=0.015}]), ItemSize(size=0.198, isLand=true, hideLabel=false, adjustSizeByLevel=[{SMALL=-0.012}, {LARGE=0.008}]), ItemSize(size=0.198, isLand=false, hideLabel=true, adjustSizeByLevel=[{SMALL=-0.012}, {LARGE=0.015}]), ItemSize(size=0.198, isLand=true, hideLabel=true, adjustSizeByLevel=[{SMALL=-0.012}, {LARGE=0.008}])], iconDrawablePadding=0.003, iconDrawablePaddingLand=0.003, iconTextSize=12.3, iconTextSizeLand=12.3)
01-13 22:45:03.547 I/HoneySpace.PhoneIconStyleFactory( 5028): setDisplayOptionList: 450 IconDisplayOption(itemSizeList=[ItemSize(size=0.164, isLand=false, hideLabel=false, adjustSizeByLevel=[{SMALL=-0.012}, {LARGE=0.015}]), ItemSize(size=0.147, isLand=true, hideLabel=false, adjustSizeByLevel=[{SMALL=-0.012}, {LARGE=0.008}]), ItemSize(size=0.173, isLand=false, hideLabel=true, adjustSizeByLevel=[{SMALL=-0.012}, {LARGE=0.015}]), ItemSize(size=0.172, isLand=true, hideLabel=true, adjustSizeByLevel=[{SMALL=-0.012}, {LARGE=0.008}])], iconDrawablePadding=0.003, iconDrawablePaddingLand=0.003, iconTextSize=11.0, iconTextSizeLand=11.0)
01-13 22:45:03.547 I/HoneySpace.PhoneIconStyleFactory( 5028): setDisplayOptionList: 450 IconDisplayOption(itemSizeList=[ItemSize(size=0.198, isLand=false, hideLabel=false, adjustSizeByLevel=[{SMALL=-0.012}, {LARGE=0.015}]), ItemSize(size=0.198, isLand=true, hideLabel=false, adjustSizeByLevel=[{SMALL=-0.012}, {LARGE=0.008}]), ItemSize(size=0.198, isLand=false, hideLabel=true, adjustSizeByLevel=[{SMALL=-0.012}, {LARGE=0.015}]), ItemSize(size=0.198, isLand=true, hideLabel=true, adjustSizeByLevel=[{SMALL=-0.012}, {LARGE=0.008}])], iconDrawablePadding=0.003, iconDrawablePaddingLand=0.003, iconTextSize=12.3, iconTextSizeLand=12.3)
01-13 22:45:03.547 I/HoneySpace.HoneySpaceManagerContainer( 5028): getWindowBounds, key = (android.window.WindowContext, 0)
01-13 22:45:03.547 I/SamsungAccount( 7943): [TPMU] getMccFromUsim
01-13 22:45:03.547 V/WindowManager( 2613): Finish Transition: TransitionRecord{dd03cfa id=1785 type=CHANGE flags=0x0 c=[
01-13 22:45:03.547 V/WindowManager( 2613):    ChangeInfo{8a46c23 container=ActivityRecord{58400947 u0 com.risa.app/.MainActivity t23891} flags=0x0}
01-13 22:45:03.547 V/WindowManager( 2613):    ChangeInfo{d06e520 container=DefaultTaskDisplayArea_d0@117370478 flags=0x10}
01-13 22:45:03.547 V/WindowManager( 2613):    ChangeInfo{c7f7ed9 container=Display{#0 state=ON size=2340x1080 ROTATION_90} flags=0x1}
01-13 22:45:03.547 V/WindowManager( 2613):    ChangeInfo{fc5509e container=Task{cd5a670 #23891 type=standard I=com.risa.app/.MainActivity} flags=0x0}
01-13 22:45:03.547 V/WindowManager( 2613): ]
01-13 22:45:03.547 V/WindowManager( 2613): }, caller=com.android.server.wm.WindowOrganizerController.finishTransitionInner:31 com.android.server.wm.WindowOrganizerController.finishAllTransitions:60 android.window.IWindowOrganizerController$Stub.onTransact:283 
01-13 22:45:03.547 I/SamsungAccount( 7943): [MccManager] saveMccToPreference Start
01-13 22:45:03.547 I/SamsungAccount( 7943): [MccManager] saveMccToPreference, mcc is same with previous mcc
01-13 22:45:03.547 I/SamsungAccount( 7943): [FamilyGroupUtil] meetKoreaCountryCondition(beforeSignUp=false): false
01-13 22:45:03.547 I/HoneySpace.RecentStyler( 5028): context = android.window.WindowContext@24dd4e3, styleData = RecentStyleData(bounds=RectF(0.0, 0.0, 2340.0, 1080.0), sceneInsets=Insets{left=84, top=0, right=135, bottom=0}, standardInsets=Insets{left=84, top=84, right=135, bottom=0}, stageInsets=Insets{left=0, top=0, right=0, bottom=0}, iconSize=135, iconGravity=1, iconStarMargin=0, sceneScale=PointF(0.539, 0.539), sceneCoordinate=RectF(599.0, 225.0, 1742.0, 807.0), sceneTopMargin=70, taskViewCoordinate=RectF(599.0, 155.0, 1742.0, 807.0), sceneFullyScale=PointF(2.047244, 1.8556701), rowGap=0.0, sceneRadius=56.25, deviceRadius=75.75, mwRadius=(28.125, 47.8125), curveEffectScale=0.117, pageSpacing=50, pageSideMargin=0, sceneStartMargin=0, circularEffect=0.0, listSceneScale=PointF(0.566, 0.566), listSceneSize=RectF(0.0, 0.0, 1200.486, 611.27997), listSceneRadius=42.1875, tiltStackInterval=[3876.396, 2523.198, 1170.0, 673.68604, -81.38995, -836.46594], swipeThreshold=0.5, dwbStyleData=DWBStyleData(size=1143x140, gravity=81), taskLockStyleData=TaskLockStyleData(size=158, gravity=8388693, margin=Insets{left=0, top=0, right=28, bottom=28}), fadingEdgeEffectData=FadingEdgeEffectData(horizontalEnable=true, verticalEnable=false, length=501, strength=RectF(0.0, 0.0, 0.75, 0.0)))
01-13 22:45:03.548 V/WindowManager( 2613): Finish Transition (#1785): created at 01-13 22:45:03.492 collect-started=0.175ms request-sent=0.251ms started=4.976ms ready=28.181ms sent=36.474ms finished=55.825ms
01-13 22:45:03.548 I/SamsungAccount( 7943): [ChildAccountSupportedListManager] getSupportedListFromPreference from cache
01-13 22:45:03.548 I/HoneySpace.LeashOverlayWindowImpl( 5028): SimpleTaskListPot will be destroyed currentTaskViewCoordinate: RectF(200.0, 249.0, 881.0, 1666.0) newTaskViewCoordinate: RectF(599.0, 155.0, 1742.0, 807.0)
01-13 22:45:03.548 D/VRI[]@2370b8a( 8144): Received frameDrawingCallback syncResult=0 frameNum=82.
01-13 22:45:03.548 D/AsyncRotation_WindowManager( 2613): onTransitionFinished {WindowToken{5c8571 type=2000 android.os.BinderProxy@bf57afb}=Operation{a=2 pending=false}, WindowToken{1e68535 type=2019 android.os.BinderProxy@27c5c1f}=Operation{a=1 pending=false}, WindowToken{1eb3624 type=2032 android.os.Binder@fb0eb7}=Operation{a=2 pending=false}}
01-13 22:45:03.548 I/VRI[]@2370b8a( 8144): mWNT: t=0xb400007637eaf510 mBlastBufferQueue=0xb400007647e9b260 fn= 82 HdrRenderState mRenderHdrSdrRatio=1.0 caller= android.view.ViewRootImpl$12.onFrameDraw:15441 android.view.ThreadedRenderer$1.onFrameDraw:718 <bottom of call stack> 
01-13 22:45:03.548 I/VRI[]@2370b8a( 8144): Setting up sync and frameCommitCallback
01-13 22:45:03.548 D/ChangeTransitionController( 2613): onTransitionFinished: TransitionRecord{dd03cfa id=1785 type=CHANGE flags=0x0 c=[
01-13 22:45:03.548 D/ChangeTransitionController( 2613):    ChangeInfo{8a46c23 container=ActivityRecord{58400947 u0 com.risa.app/.MainActivity t23891} flags=0x0}
01-13 22:45:03.548 D/ChangeTransitionController( 2613):    ChangeInfo{d06e520 container=DefaultTaskDisplayArea_d0@117370478 flags=0x10}
01-13 22:45:03.548 D/ChangeTransitionController( 2613):    ChangeInfo{c7f7ed9 container=Display{#0 state=ON size=2340x1080 ROTATION_90} flags=0x1}
01-13 22:45:03.548 D/ChangeTransitionController( 2613):    ChangeInfo{fc5509e container=Task{cd5a670 #23891 type=standard I=com.risa.app/.MainActivity} flags=0x0}
01-13 22:45:03.548 D/ChangeTransitionController( 2613): ]
01-13 22:45:03.548 D/ChangeTransitionController( 2613): }
01-13 22:45:03.548 V/WindowManager( 2613): rotationForOrientation(orient=SCREEN_ORIENTATION_LANDSCAPE (0), last=ROTATION_90 (1)); user=ROTATION_0 (0) USER_ROTATION_LOCKED
01-13 22:45:03.548 D/WindowManager( 2613): rotationForOrientation, orientationSource=ActivityRecord{58400947 u0 com.risa.app/.MainActivity t23891}
01-13 22:45:03.548 I/BLASTBufferQueue_Java( 8144): syncNextTransaction, mName= VRI[]@2370b8a acquireSingleBuffer= true mNativeObject= 0xb400007647e9b260 callback= android.view.ViewRootImpl$12$$ExternalSyntheticLambda0@abfbd3d caller= android.graphics.BLASTBufferQueue.syncNextTransaction:203 android.view.ViewRootImpl$12.onFrameDraw:15467 android.view.ThreadedRenderer$1.onFrameDraw:718 <bottom of call stack> <bottom of call stack> <bottom of call stack> 
01-13 22:45:03.548 V/WindowManager( 2613): Computed rotation=ROTATION_90 (1) for display id=0 based on lastOrientation=SCREEN_ORIENTATION_LANDSCAPE (0) and oldRotation=ROTATION_90 (1), caller=com.android.server.wm.WindowManagerService.updateRotationUnchecked:72 com.android.server.wm.TransitionController.finishTransition:2544 com.android.server.wm.WindowOrganizerController.finishTransitionInner:31 com.android.server.wm.WindowOrganizerController.finishAllTransitions:60 android.window.IWindowOrganizerController$Stub.onTransact:283 com.android.server.wm.WindowOrganizerController.onTransact:1 
01-13 22:45:03.548 I/BLASTBufferQueue( 8144): [VRI[]@2370b8a#0](f:0,a:1,s:0) syncNextTransaction callback: 1, acquireSingleBuffer: 1, mTransactionReadyCallback: 0
01-13 22:45:03.548 V/WindowManagerShell( 4373): Track 0 became idle
01-13 22:45:03.548 V/WindowManagerShell( 4373): All active transition animations finished
01-13 22:45:03.548 V/WindowManagerShell( 4373):  animated by com.android.wm.shell.transition.DefaultTransitionHandler@daae310
01-13 22:45:03.548 V/WindowManagerShell( 4373): Track 0 became idle
01-13 22:45:03.548 V/WindowManagerShell( 4373): All active transition animations finished
01-13 22:45:03.548 D/ShellSplitScreen( 4373): onTaskInfoChanged: taskId=3 taskAct=null stageId=MAIN
01-13 22:45:03.548 I/HoneySpace.LauncherApplication( 5028): onConfigurationChanged {1.0 310mcc260mnc [en_US] ldltr sw384dp w832dp h384dp 450dpi nrml long hdr widecg land night finger -keyb/v/h -nav/h winConfig={ mBounds=Rect(0, 0 - 2340, 1080) mAppBounds=Rect(0, 0 - 2340, 1080) mMaxBounds=Rect(0, 0 - 2340, 1080) mDisplayRotation=ROTATION_90 mWindowingMode=fullscreen mActivityType=undefined mAlwaysOnTop=undefined mRotation=ROTATION_90 mStageConfig=undefined mEmbedActivityMode=undefined mPopOver=off mOverlappingWithCutout=false} s.7863 fontWeightAdjustment=0 ff=0 bf=-1 bts=0 cst=1.0 nightDim=0 themeSeq=0}
01-13 22:45:03.548 V/ShellDesktopMode( 4373): RootTaskDesksOrganizer: Desk #5's task info changed
01-13 22:45:03.549 I/HoneySpace.HoneySpaceManagerContainer( 5028): getWindowBounds, key = (APPLICATION, 0)
01-13 22:45:03.549 I/HoneySpace.LauncherApplication( 5028): skip update windowBounds with same bounds
01-13 22:45:03.549 V/ShellDesktopMode( 4373): RootTaskDesksOrganizer: Minimization root for desk#5 task info changed
01-13 22:45:03.549 I/HoneySpace.RecentTasks( 5028): onRecentTasksChanged
01-13 22:45:03.549 I/HoneySpace.RecentTasks( 5028): onRecentTasksChanged
01-13 22:45:03.549 I/SamsungAccount( 7943): [TPMU]  SIMState     :SIM_STATE_READY
01-13 22:45:03.549 I/SamsungAccount( 7943): [CountryCodeUtil] isChinaCountryCode : false
01-13 22:45:03.549 I/HoneySpace.Memory-Monitor( 5028): current state = 2, didTrim = false
01-13 22:45:03.549 I/HoneySpace.Memory-Monitor( 5028): current state = 2, didTrim = false
01-13 22:45:03.549 W/qdgralloc( 8144): getInterlacedFlag: getMetaData returned 3, defaulting to interlaced_flag = 0
01-13 22:45:03.549 I/SamsungAccount( 7943): [TPMU] getMccFromUsim
01-13 22:45:03.549 I/SamsungAccount( 7943): [MccManager] saveMccToPreference Start
01-13 22:45:03.549 I/SamsungAccount( 7943): [MccManager] saveMccToPreference, mcc is same with previous mcc
01-13 22:45:03.549 I/SamsungAccount( 7943): [FamilyGroupUtil] meetServerCountryCondition(beforeSignUp=false): true
01-13 22:45:03.550 I/SecLightRevealScrimHelper( 4373): getPositionCorrectionRatio screenSizeRatio=1.3333334 physicalScreenSize.x=1440 baseWidthPixels = 1440 currentWidthPixels = 1080
01-13 22:45:03.550 I/SecLightRevealScrimHelper( 4373): updateResources: secRevealCenterX=1170.0 secRevealCenterY=540.0 currentDisplaySize.x=2340 currentDisplaySize.y=1080 powerKeyY=971 radius=2577.2078
01-13 22:45:03.550 D/UdfpsOverlayInteractor( 4373): udfpsOverlayParams updated UdfpsOverlayParams(sensorBounds=Rect(1706, 442 - 1903, 638), overlayBounds=Rect(1170, 0 - 2340, 1080), naturalDisplayWidth=1080, naturalDisplayHeight=2340, scaleFactor=0.75, rotation=1, sensorType=2)
01-13 22:45:03.550 I/SamsungAccount( 7943): [TPMU]  SIMState     :SIM_STATE_READY
01-13 22:45:03.550 I/SamsungAccount( 7943): [CountryCodeUtil] isChinaCountryCode : false
01-13 22:45:03.550 D/SecLockIconViewController( 4373): updateVisibility
01-13 22:45:03.550 I/SamsungAccount( 7943): [TPMU] getMccFromUsim
01-13 22:45:03.550 I/SamsungAccount( 7943): [MccManager] saveMccToPreference Start
01-13 22:45:03.550 I/SamsungAccount( 7943): [MccManager] saveMccToPreference, mcc is same with previous mcc
01-13 22:45:03.550 I/SamsungAccount( 7943): [FamilyGroupUtil] meetKoreaOneUiCondition: false
01-13 22:45:03.551 I/DisplayDeviceRepository( 2613): Display device changed render timings: "Built-in Screen", renderFrameRate=60.000004, presentationDeadlineNanos=17666666, appVsyncOffsetNanos=16666666, frameRateOverrides=[{uid=10049 frameRateHz=60.000004}]
01-13 22:45:03.551 I/SamsungAccount( 7943): [ChildAccountSupportedListManager] getSupportedListFromPreference from cache
01-13 22:45:03.551 I/SamsungAccount( 7943): [FamilyGroupUtil] meetServerOneUiCondition: true
01-13 22:45:03.551 I/SamsungAccount( 7943): [FamilyGroupUtil] isSupportFamilyService: true
01-13 22:45:03.551 I/SamsungAccount( 7943): [ChildAccount] isChildAccount : false
01-13 22:45:03.551 I/SamsungAccount( 7943): [AccountManagerProvider] makeResultBundle - resultCode : 0
01-13 22:45:03.551 D/PowerManagerService( 2613): [api] setScreenDimDurationOverrideFromWindowManagerInternal: timeoutMillis: -1
01-13 22:45:03.551 I/BLASTBufferQueue( 8144): [VRI[]@2370b8a#0](f:0,a:1,s:0) onFrameAvailable-start syncTransactionSet=true
01-13 22:45:03.551 I/BLASTBufferQueue( 8144): [VRI[]@2370b8a#0](f:0,a:1,s:0) onFrameAvailable framenumber=82 syncTransactionSet=true
01-13 22:45:03.551 I/BLASTBufferQueue( 8144): [VRI[]@2370b8a#0](f:1,a:1,s:0) onFrameAvailable framenumber=82 syncTransactionSet=true
01-13 22:45:03.551 I/HBD     ( 8282): i [AiWriter] isChildAccount:false
01-13 22:45:03.551 I/BLASTBufferQueue( 8144): [VRI[]@2370b8a#0](f:0,a:2,s:1) mergePendingTransactions t: 34978213659271, frameNumber: 82
01-13 22:45:03.551 I/BLASTBufferQueue( 8144): [VRI[]@2370b8a#0] transaction merge. this(id: 34978213659271, fn: 82). other(id: 34978213659270, fn: 82)
01-13 22:45:03.551 I/BLASTBufferQueue( 8144): [VRI[]@2370b8a#0](f:0,a:2,s:1) acquireNextBufferLocked t: 34978213659271, mLastAppliedFrameNumber: 81
01-13 22:45:03.551 I/BLASTBufferQueue( 8144): [VRI[]@2370b8a#0](f:0,a:2,s:1) acquireNextBufferLocked size=114x111 mFrameNumber=82 applyTransaction=false mTimestamp=50516802439737(auto) mPendingTransactions.size=0 graphicBufferId=34978213658708 transform=7
01-13 22:45:03.551 I/VRI[]@2370b8a( 8144): Received ready transaction from native, debugName=syncBuffer_VRI[]@2370b8a#2
01-13 22:45:03.551 I/VRI[]@2370b8a( 8144): Received frameCommittedCallback lastAttemptedDrawFrameNum=82 didProduceBuffer=true
01-13 22:45:03.551 I/HBD     ( 8282): f needOff = true , isForceOff = false, isNullInputClass : true 
01-13 22:45:03.551 I/HBD     ( 8282): f update cached prediction status : false 
01-13 22:45:03.551 I/DisplayDeviceRepository( 2613): Display device same: DisplayDeviceInfo{"Built-in Screen": uniqueId="local:4630946662957460867", 1080 x 2340, modeId 10, renderFrameRate 60.000004, hasArrSupport false, frameRateCategoryRate FrameRateCategoryRate {normal=60.0, high=90.0}, supportedRefreshRates [120.00001, 80.0, 60.000004, 48.000004, 30.000002, 24.000002, 10.0, 120.00001, 80.0, 60.000004, 48.000004, 30.000002, 24.000002, 10.0, 120.00001, 80.0, 60.000004, 48.000004, 30.000002, 24.000002, 10.0], defaultModeId 8, userPreferredModeId 8, supportedModes [{id=1, width=1440, height=3120, fps=120.00001, vsync=120.00001, synthetic=false, alternativeRefreshRates=[10.0, 24.000002, 30.000002, 48.000004, 60.000004, 80.0], supportedHdrTypes=[2, 3, 4]}, {id=2, width=1440, height=3120, fps=80.0, vsync=80.0, synthetic=false, alternativeRefreshRates=[10.0, 24.000002, 30.000002, 48.000004, 60.000004, 120.00001], supportedHdrTypes=[2, 3, 4]}, {id=3, width=1440, height=3120, fps=60.000004, vsync=60.000004, synthetic=false, alternativeRefreshRates=[10.0, 24.000002, 30.000002, 48.000004, 80.0, 120.00001], supportedHdrTypes=[2, 3, 4]}, {id=4, width=1440, height=3120, fps=48.000004, vsync=48.000004, synthetic=false, alternativeRefreshRates=[10.0, 24.000002, 30.000002, 60.000004, 80.0, 120.00001], supportedHdrTypes=[2, 3, 4]}, {id=5, width=1440, height=3120, fps=30.000002, vsync=30.000002, synthetic=false, alternativeRefreshRates=[10.0, 24.000002, 48.000004, 60.000004, 80.0, 120.00001], supportedHdrTypes=[2, 3, 4]}, {id=6, width=1440, height=3120, fps=24.000002, vsync=24.000002, synthetic=false, alternativeRefreshRates=[10.0, 30.000002, 48.000004, 60.000004, 80.0, 120.00001], supportedHdrTypes=[2, 3, 4]}, {id=7, width=1440, height=3120, fps=10.0, vsync=10.0, synthetic=false, alternativeRefreshRates=[24.000002, 30.000002, 48.000004, 60.000004, 80.0, 120.00001], supportedHdrTypes=[2, 3, 4]}, {id=8, width=1080, height=2340, fps=120.00001, vsync=120.00001, synthetic=false, alternativeRefreshRates=[10.0, 24.000002, 30.000002, 48.000004, 60.000004, 80.0], supportedHdrTypes=[2, 3, 4]}, {id=9, width=1080, height=2340, fps=80.0, vsync=80.0, synthetic=false, alternativeRefreshRates=[10.0, 24.000002, 30.000002, 48.000004, 60.000004, 120.00001], supportedHdrTypes=[2, 3, 4]}, {id=10, width=1080, height=2340, fps=60.000004, vsync=60.000004, synthetic=false, alternativeRefreshRates=[10.0, 24.000002, 30.000002, 48.000004, 80.0, 120.00001], supportedHdrTypes=[2, 3, 4]}, {id=11, width=1080, height=2340, fps=48.000004, vsync=48.000004, synthetic=false, alternativeRefreshRates=[10.0, 24.000002, 30.000002, 60.000004, 80.0, 120.00001], supportedHdrTypes=[2, 3, 4]}, {id=12, width=1080, height=2340, fps=30.000002, vsync=30.000002, synthetic=false, alternativeRefreshRates=[10.0, 24.000002, 48.000004, 60.000004, 80.0, 120.00001], supportedHdrTypes=[2, 3, 4]}, {id=13, width=1080, height=2340, fps=24.000002, vsync=24.000002, synthetic=false, alternativeRefreshRates=[10.0, 30.000002, 48.000004, 60.000004, 80.0, 120.00001], supportedHdrTypes=[2, 3, 4]}, {id=14, width=1080, height=2340, fps=10.0, vsync=10.0, synthetic=false, alternativeRefreshRates=[24.000002, 30.000002, 48.000004, 60.000004, 80.0, 120.00001], supportedHdrTypes=[2, 3, 4]}, {id=15, width=720, height=1560, fps=120.00001, vsync=120.00001, synthetic=false, alternativeRefreshRates=[10.0, 24.000002, 30.000002, 48.000004, 60.000004, 80.0], supportedHdrTypes=[2, 3, 4]}, {id=16, width=720, height=1560, fps=80.0, vsync=80.0, synthetic=false, alternativeRefreshRates=[10.0, 24.000002, 30.000002, 48.000004, 60.000004, 120.00001], supportedHdrTypes=[2, 3, 4]}, {id=17, width=720, height=1560, fps=60.000004, vsync=60.000004, synthetic=false, alternativeRefreshRates=[10.0, 24.000002, 30.000002, 48.000004, 80.0, 120.00001], supportedHdrTypes=[2, 3, 4]}, {id=18, width=720, height=1560, fps=48.000004, vsync=48.000004, synthetic=false, alternativeRefreshRates=[10.0, 24.000002, 30.000002, 60.000004, 80.0, 120.00001], supportedHdrTypes=[2, 3, 4]}, {id=19, width=720, height=1560, fps=30.000002, vsync=30.000002, synth
01-13 22:45:03.551 D/VRI[]@2370b8a( 8144): reportDrawFinished seqId=42
01-13 22:45:03.551 I/SurfaceComposerClient( 8144): uncacheWithoutTransaction() cacheId: 34978213658708
01-13 22:45:03.552 D/BaseRestrictionMgr( 2613): Package: com.jamworks.alwaysondisplay, userid: 0, hostingType: broadcast is allowed by freecess, caller is: null
01-13 22:45:03.552 D/ActivityManager( 2613): unpendingScheduleServiceRestart: u=10214, drop=false
01-13 22:45:03.552 D/BaseRestrictionMgr( 2613): Package: com.jamworks.alwaysondisplay, userid: 0, hostingType: broadcast is allowed by freecess, caller is: null
01-13 22:45:03.552 I/FaceWidgetViewModel( 4373): onNioLayoutUpdated : left 59, right 59, total 84, top 17, bottom 0, containerStartX 396, containerEndX 1071, iconSize 39, iconScaleRate 0.93430656
01-13 22:45:03.552 I/VRI[]@2370b8a( 8144): handleResized, frames=ClientWindowFrames{frame=[0,485][114,596] display=[-100000,-100000][100000,100000] parentFrame=[0,0][0,0]} displayId=0 dragResizing=false compatScale=1.0 frameChanged=false attachedFrameChanged=false configChanged=false displayChanged=false compatScaleChanged=false dragResizingChanged=false
01-13 22:45:03.552 I/VRI[]@2370b8a( 8144): handleResized mSyncSeqId = 42
01-13 22:45:03.552 D/ActivityManager( 2613): unpendingScheduleServiceRestart: u=10214, drop=false
01-13 22:45:03.552 D/VRI[]@2370b8a( 8144): reportNextDraw android.view.ViewRootImpl.handleResized:2983 android.view.ViewRootImpl.-$$Nest$mhandleResized:0 android.view.ViewRootImpl$W.resized:14082 android.app.servertransaction.WindowStateResizeItem.execute:93 android.app.servertransaction.WindowStateTransactionItem.execute:62 
01-13 22:45:03.553 I/SurfaceFlinger( 1830): RequestedLayer [Transition Root: Display 0 name="Built-in Screen"#27396] hidden!! flag  from(1) --> to(0)
01-13 22:45:03.553 I/SurfaceFlinger( 1830): RequestedLayer [com.sec.android.app.launcher/com.sec[...]ivities.LauncherActivity$_5028#27374] hidden!! flag  from(0) --> to(1)
01-13 22:45:03.553 I/SurfaceFlinger( 1830): [LayerHierarchy{RequestedLayerState{WindowedMagnification:0:31#2 parentId=49} 7 children}] reparent to LayerHierarchy{RequestedLayerState{Display 0 name="Built-in Screen"#49} 7 children}
01-13 22:45:03.553 I/SurfaceFlinger( 1830): [LayerHierarchy{RequestedLayerState{DefaultTaskDisplayArea_d0#10 parentId=9} 44 children}] reparent to LayerHierarchy{RequestedLayerState{AppZoomOut:2:14#9 parentId=4 z=2} 3 children}
01-13 22:45:03.553 I/SurfaceFlinger( 1830): [LayerHierarchy{RequestedLayerState{Task=23891#27383 parentId=10 z=41} 1 children}] reparent to LayerHierarchy{RequestedLayerState{DefaultTaskDisplayArea_d0#10 parentId=9} 44 children}
01-13 22:45:03.553 I/SurfaceFlinger( 1830): [LayerHierarchy{RequestedLayerState{Transition Root: Display 0 name="Built-in Screen"#27396} no children}] reparent to OffscreenRoot
01-13 22:45:03.553 I/SurfaceFlinger( 1830): [LayerHierarchy{RequestedLayerState{Transition Root: Display 0 name="Built-in Screen"#27396} no children}] RelativeParent to null
01-13 22:45:03.554 D/DisplayDevice( 1830): setProjection: Orientation changed from ROTATION_0 to ROTATION_90 on display 4630946662957460867
01-13 22:45:03.554 D/DisplayDevice( 1830): [MultiResolution] Input Value : o = 1, layerStack = (2340x1080), orientedDisplay = (2340x1080), mDisplay = (1080x2340)
01-13 22:45:03.554 D/VRI[]@2370b8a( 8144): cancelDraw returned false
01-13 22:45:03.554 D/VRI[]@2370b8a( 8144): Setup new sync=wmsSync-VRI[]@2370b8a#4
01-13 22:45:03.554 I/VRI[]@2370b8a( 8144): Creating new active sync group VRI[]@2370b8a#5
01-13 22:45:03.554 D/VRI[]@2370b8a( 8144): registerCallbacksForSync syncBuffer=false
01-13 22:45:03.554 I/HBD     ( 8282): a [NRIC] resetNoResponseState 
01-13 22:45:03.554 I/HBD     ( 8282): f needOff = true , isForceOff = false, isNullInputClass : true 
01-13 22:45:03.554 I/HBD     ( 8282): f update cached prediction status : false 
01-13 22:45:03.555 W/ParceledListSlice( 2613): Element #17 is 23580 bytes.
01-13 22:45:03.555 I/HBD     ( 8282): HoneyBoardService [PF_OP][onStartInput]  15 ms 
01-13 22:45:03.555 I/SDM     ( 1713): ToneMappingCore::set_default_vals():922 Initial enablement signals - bypass adaptive TM: 0, actual panel luma usage: 1, temporal filtering of dynamic meta data: 1, histTM enable: 1, static meta data usage: 1
01-13 22:45:03.555 W/InputMethodManagerService( 2613): showAgainInputMehtodPicker
01-13 22:45:03.555 I/SDM     ( 1713): HdrAlgorithm::SetXMLParameters():288 Override enablement signals - bypass adaptive TM: 0, bypass sdr dimming: 0
01-13 22:45:03.555 I/HBD     ( 8282): f updatePredictionStatus : 9, editorOpt 
01-13 22:45:03.555 D/VRI[]@2370b8a( 8144): Received frameDrawingCallback syncResult=0 frameNum=83.
01-13 22:45:03.555 I/VRI[]@2370b8a( 8144): Setting up sync and frameCommitCallback
01-13 22:45:03.556 W/ParceledListSlice( 2613): Element #29 is 18456 bytes.
01-13 22:45:03.556 D/SurfaceComposerClient( 2613): setCornerRadius ## 616a034 Splash Screen com.risa.app#27385 cornerRadius=0.000000
01-13 22:45:03.556 D/SurfaceComposerClient( 2613): setCornerRadius ## 9383838 com.risa.app/com.risa.app.MainActivity#27397 cornerRadius=0.000000
01-13 22:45:03.557 W/ParceledListSlice( 2613): Element #41 is 23072 bytes.
01-13 22:45:03.557 D/MotionRecognitionService( 2613): Receiver: CONFIGURATION_CHANGED
01-13 22:45:03.557 D/MotionRecognitionService( 2613): Inject auto rotation : 1
01-13 22:45:03.557 D/SensorService( 2613): Motion injection
01-13 22:45:03.557 D/SensorService( 2613): [EAR_TOUCH] : INJECT_AUTO_ROTATION ++++
01-13 22:45:03.557 D/SensorService( 2613): [EARPROXIMITY] getScreenRotation
01-13 22:45:03.557 D/MdnieScenarioControlService( 2613):  packageName : com.risa.app    className : com.risa.app.MainActivity
01-13 22:45:03.557 D/WindowManager( 2613): finishDrawingWindow: Window{c9b7a37 u0 com.notch.touch} mDrawState=DRAW_PENDING seqId=42
01-13 22:45:03.557 D/WindowManager( 2613): finishDrawingWindow: syncBuffer=syncBuffer_VRI[]@2370b8a#2_seqId<42>
01-13 22:45:03.557 I/WindowManager( 2613): finishDrawing of orientation change: Window{c9b7a37 u0 com.notch.touch} 37ms
01-13 22:45:03.557 D/WindowManager( 2613): executeDrawHandlers, seqId=42, h.mSeqId=42, hadHandlers=true, win=Window{c9b7a37 u0 com.notch.touch}
01-13 22:45:03.557 D/AsyncRotation_WindowManager( 2613): handleFinishDrawing Window{c9b7a37 u0 com.notch.touch}
01-13 22:45:03.557 D/AsyncRotation_WindowManager( 2613): Complete set pending Window{c9b7a37 u0 com.notch.touch}
01-13 22:45:03.557 D/WindowManager( 2613): finishDrawing, postDrawTransaction=syncBuffer_VRI[]@2370b8a#2_seqId<42>, syncTransaction=null, pendingTransaction=null, w=Window{c9b7a37 u0 com.notch.touch}
01-13 22:45:03.557 D/vendor.qti.bluetooth@1.1-wake_lock( 1674): Release wakelock is released 
01-13 22:45:03.558 D/SEP_UNION_SemDeviceInfoManagerService( 2613): onReceive : android.intent.action.CONFIGURATION_CHANGED, userId = 0 
01-13 22:45:03.558 W/qdgralloc( 8144): getInterlacedFlag: getMetaData returned 3, defaulting to interlaced_flag = 0
01-13 22:45:03.559 D/SEP_UNION_CoverManager_ResolutionMonitor( 2613): onReceive 536872064 
01-13 22:45:03.559 W/ndroid.systemui( 4373): Large reply transaction of 378688 bytes, interface descriptor com.android.wm.shell.recents.IRecentTasks, code 4
01-13 22:45:03.559 D/WALLPAPER_SVC:SemWallpaperManagerService( 2613): onReceive: android.intent.action.CONFIGURATION_CHANGED, densityDpi=450, orientation [old=1, new=2] 
01-13 22:45:03.559 D/WALLPAPER_SVC:WallpaperManagerService( 2613): orientation is changed, notifySemColorListeners 
01-13 22:45:03.559 I/BLASTBufferQueue( 8144): [VRI[]@2370b8a#0](f:0,a:2,s:1) onFrameAvailable-start syncTransactionSet=false
01-13 22:45:03.559 I/BLASTBufferQueue( 8144): [VRI[]@2370b8a#0](f:0,a:2,s:1) onFrameAvailable framenumber=83 syncTransactionSet=false
01-13 22:45:03.559 I/BLASTBufferQueue( 8144): [VRI[]@2370b8a#0](f:1,a:2,s:1) onFrameAvailable framenumber=83 syncTransactionSet=false
01-13 22:45:03.559 I/VRI[]@2370b8a( 8144): Received frameCommittedCallback lastAttemptedDrawFrameNum=83 didProduceBuffer=true
01-13 22:45:03.559 I/DateTimeView( 4373): updateAll - getTimeFormat
01-13 22:45:03.559 D/VRI[]@2370b8a( 8144): reportDrawFinished seqId=42
01-13 22:45:03.560 D/ActivityManager( 2613): Received SERVICE intent 0xea793e4 Key{startService pkg=com.samsung.android.app.routines intent=act=android.intent.action.CONFIGURATION_CHANGED xflg=0x4 cmp=com.samsung.android.app.routines/.domainmodel.service.RoutineService flags=0x2000000 u=0} requestCode=10007 from uid 1000
01-13 22:45:03.560 D/SEP_UNION_SemDeviceInfoManagerService( 2613): Send intent android.intent.action.CONFIGURATION_CHANGED, userId: 0 by broadcast 
01-13 22:45:03.560 D/SurfaceComposerClient( 2613): setCornerRadius ## 616a034 Splash Screen com.risa.app#27385 cornerRadius=0.000000
01-13 22:45:03.560 D/QSClockBellTower( 4373): onReceive(android.intent.action.CONFIGURATION_CHANGED) mTimeZoneString:America/New_York
01-13 22:45:03.560 I/HoneySpace.Memory-Monitor( 5028): current state = 2, didTrim = false
01-13 22:45:03.561 I/HBD     ( 8282): t historic wpmWordCount:1722 wpmSessionTime:9573746 wpmPauseTime:1661599 wpm:13 
01-13 22:45:03.561 I/HBD     ( 8282): t historic(rounded) wpmWordCount:1722 wpmSessionTime:9573746 wpmPauseTime:1661599 wpm:15 
01-13 22:45:03.561 V/WindowManager( 2613): performShowLocked: mDrawState=HAS_DRAWN in Window{c9b7a37 u0 com.notch.touch}
01-13 22:45:03.561 I/HBD     ( 8282): MultiModalSwitcher onConfigurationChanged 
01-13 22:45:03.561 I/HBD     ( 8282): HoneyBoardService [PF_CF][onConfigurationChanged]  31 ms 
01-13 22:45:03.561 D/SurfaceComposerClient( 2613): setCornerRadius ## 616a034 Splash Screen com.risa.app#27385 cornerRadius=0.000000
01-13 22:45:03.561 D/SurfaceComposerClient( 2613): setCornerRadius ## 9383838 com.risa.app/com.risa.app.MainActivity#27397 cornerRadius=0.000000
01-13 22:45:03.561 V/Configuration( 3932): Updating configuration, locales updated from [en_US] to []
01-13 22:45:03.562 I/SurfaceControlRegistry( 2613): apply, t=syncBuffer_VRI[]@2370b8a#2_seqId<42>, caller=android.view.SurfaceControl$Transaction.apply:3459 android.view.SurfaceControl$Transaction.apply:3447 android.view.SurfaceControl$Transaction.apply:3397 com.android.server.wm.BLASTSyncEngine$SyncGroup$1CommitCallback.onCommitted:110 com.android.server.wm.BLASTSyncEngine$SyncGroup$$ExternalSyntheticLambda0.onTransactionCommitted:8 android.view.SurfaceControl$Transaction$$ExternalSyntheticLambda4.run:0 
01-13 22:45:03.562 I/SurfaceComposerClient( 2613): setTransactionState with buffer. layerId: 134, bufferData(ID: 34978213658708, frameNumber: 82, barrierFrameNumber: 81)
01-13 22:45:03.562 I/HBD     ( 8282): d inset is lower than 0 
01-13 22:45:03.563 I/HBD     ( 8282): DeX h DeX mode state change in non-main thread 
01-13 22:45:03.563 D/SurfaceFlinger( 1830): [$_8144#134] setTransactionState with buffer. bufferData(ID: 34978213658708, frameNumber: 82, barrierFrameNumber: 81)
01-13 22:45:03.563 I/HBD     ( 8282): DeX h DeX mode state change: 3 
01-13 22:45:03.563 I/HBD     ( 8282): b isPhysicalKeyboard() isPhysicalKeyboard false: deviceId=-1, isVirtual=true, keyboardType=2, isKeyboardTypedMouse=false 
01-13 22:45:03.563 I/HBD     ( 8282): b isPhysicalKeyboard() isPhysicalKeyboard false: deviceId=2, isVirtual=false, keyboardType=1, isKeyboardTypedMouse=false 
01-13 22:45:03.563 I/HBD     ( 8282): b isPhysicalKeyboard() isPhysicalKeyboard false: deviceId=3, isVirtual=false, keyboardType=0, isKeyboardTypedMouse=false 
01-13 22:45:03.563 I/HBD     ( 8282): b isPhysicalKeyboard() isPhysicalKeyboard false: deviceId=4, isVirtual=false, keyboardType=1, isKeyboardTypedMouse=false 
01-13 22:45:03.563 I/HBD     ( 8282): b isPhysicalKeyboard() isPhysicalKeyboard false: deviceId=5, isVirtual=false, keyboardType=1, isKeyboardTypedMouse=false 
01-13 22:45:03.563 I/HBD     ( 8282): b isPhysicalKeyboard() isPhysicalKeyboard false: deviceId=6, isVirtual=false, keyboardType=1, isKeyboardTypedMouse=false 
01-13 22:45:03.563 I/HBD     ( 8282): b isPhysicalKeyboard() isPhysicalKeyboard false: deviceId=7, isVirtual=false, keyboardType=1, isKeyboardTypedMouse=false 
01-13 22:45:03.563 I/HBD     ( 8282): b currentConnectionState : false 
01-13 22:45:03.563 I/HBD     ( 8282): DeX h DeX mode state change in non-main thread 
01-13 22:45:03.563 I/HBD     ( 8282): DeX h DeX mode state change: 3 
01-13 22:45:03.563 D/WindowManager( 2613): finishDrawingWindow: Window{c9b7a37 u0 com.notch.touch} mDrawState=HAS_DRAWN seqId=42
01-13 22:45:03.563 D/AsyncRotation_WindowManager( 2613): handleFinishDrawing Window{c9b7a37 u0 com.notch.touch}
01-13 22:45:03.563 D/AsyncRotation_WindowManager( 2613): Complete set pending Window{c9b7a37 u0 com.notch.touch}
01-13 22:45:03.564 V/MdnieScenarioControlService( 2613): setUIMode from UI function(3)
01-13 22:45:03.564 I/FaceWidgetKeyguardNIOController( 4373): isNioContainerSizeValid availableWidth 675 currentWidth 124 isAvailableWidth true
01-13 22:45:03.564 D/IndicatorBasicGardener( 4373): PhoneStatusBarViewController update is done totalHeight=84  hasCameraTopMargin=true  cameraTopMargin=17  hasCameraBottomMargin=true  cameraBottomMargin=0  paddingLeft=59  paddingRight=59  maxWidthLeftContainer=1071  maxWidthCenterContainer=80  maxWidthRightContainer=1071 cutout=DisplayCutout{insets=Rect(0, 84 - 0, 0) waterfall=Insets{left=0, top=0, right=0, bottom=0} boundingRect={Bounds=[Rect(0, 0 - 0, 0), Rect(515, 0 - 566, 84), Rect(0, 0 - 0, 0), Rect(0, 0 - 0, 0)]} cutoutPathParserInfo={CutoutPathParserInfo{displayWidth=1080 displayHeight=2340 physicalDisplayWidth=1080 physicalDisplayHeight=2340 density={2.8125} cutoutSpec={M 0,0 H -9.066666666666667 V 29.86666666666667 H 9.066666666666667 V 0 H 0 Z @dp} rotation={0} scale={1.0} physicalPixelDisplaySizeRatio={1.0}}} sideOverrides={}}
01-13 22:45:03.564 I/{OngoingActivityController}( 4373): onConfigChanged()!! - {1.0 310mcc260mnc [en_US] ldltr sw384dp w832dp h384dp 450dpi nrml long hdr widecg land night finger -keyb/v/h -nav/h winConfig={ mBounds=Rect(0, 0 - 2340, 1080) mAppBounds=Rect(0, 0 - 2340, 1080) mMaxBounds=Rect(0, 0 - 2340, 1080) mDisplayRotation=ROTATION_90 mWindowingMode=fullscreen mActivityType=undefined mAlwaysOnTop=undefined mRotation=ROTATION_90 mStageConfig=undefined mEmbedActivityMode=undefined mPopOver=undefined mOverlappingWithCutout=false} s.7850 fontWeightAdjustment=0 ff=0 bf=-1 bts=0 cst=1.0 nightDim=0 themeSeq=0}
01-13 22:45:03.564 D/{OngoingActivityController}( 4373): updateParentViewVisibility() animate:true shouldVisible()
01-13 22:45:03.564 D/CollapsedStatusBarFragment( 4373): onHideActivityChip() animate:true
01-13 22:45:03.564 I/MediaOngoingActivity( 4373): reinflate removeMediaFrame / addMediaFrame
01-13 22:45:03.564 D/SecMediaHost( 4373): OA removeMediaFrame
01-13 22:45:03.564 D/SecMediaHost( 4373): OA addMediaFrame
01-13 22:45:03.565 D/SurfaceComposerClient( 2613): setCornerRadius ## 616a034 Splash Screen com.risa.app#27385 cornerRadius=0.000000
01-13 22:45:03.565 D/SecMediaHost( 4373): addMediaFrame. There is no current media data on QS, exit
01-13 22:45:03.566 D/NowBarController( 4373): [BriefLog]_do not updateNowBar: showing false
01-13 22:45:03.566 D/NowBarController( 4373): [BriefLog]_do not updateRemoteNowBar: showing false
01-13 22:45:03.566 D/SatelliteController( 3932): registerForSatelliteModemStateChanged: add Listeners for ModemState
01-13 22:45:03.566 E/SatelliteController( 3932): registerForSatelliteModemStateChanged: mSatelliteSessionController is not initialized yet
01-13 22:45:03.566 D/SurfaceComposerClient( 2613): setCornerRadius ## 616a034 Splash Screen com.risa.app#27385 cornerRadius=0.000000
01-13 22:45:03.566 D/SurfaceComposerClient( 2613): setCornerRadius ## 9383838 com.risa.app/com.risa.app.MainActivity#27397 cornerRadius=0.000000
01-13 22:45:03.566 I/Routine@Core[4.9.04.13]: RoutineService(26698): onCreate
01-13 22:45:03.566 I/Routine@Core[4.9.04.13]: RoutineService(26698): onStartCommand: android.intent.action.CONFIGURATION_CHANGED
01-13 22:45:03.566 D/AsyncRotation_WindowManager( 2613): Start transaction is committed
01-13 22:45:03.567 D/AsyncRotation_WindowManager( 2613): Continue pending completion Window{c9b7a37 u0 com.notch.touch}
01-13 22:45:03.567 D/AsyncRotation_WindowManager( 2613): Complete directly Window{c9b7a37 u0 com.notch.touch}
01-13 22:45:03.567 D/AsyncRotation_WindowManager( 2613): finishOp fade-in Window{c9b7a37 u0 com.notch.touch}
