01-15 09:20:05.885  1723 28495 I StatsHandler: [av1D_9] Stats: Pending(0) i/p-done(0) Works: Q: 423/Done 619|Work-Rate: Q(0.0/s Avg=0.1/s) Done(0.000/s Avg=0.086/s)| Stream: 60.00fps 1.2Mbps
01-15 09:20:05.885  1723 28495 I StatsHandler: [av1D_9] Mem-usage:  [In-1D: 13 bufs 104.000 MB] [1D-3796: 35 bufs 0.547 MB] [2D-3797: 22 bufs 70.125 MB] | Total: 174.672 MB
01-15 09:20:05.924  4749  5196 I avrcp   : system/profile/avrcp/device.cc:2779 HandlePlayPosUpdate: 
01-15 09:20:05.926  4749  5196 I avrcp   : system/profile/avrcp/device.cc:1369 PlaybackPosNotificationResponse: pos= 34996
01-15 09:20:05.927  4749  5196 I avrcp   : system/profile/avrcp/connection_handler.cc:837 SendMessage: SendMessage to handle=0x0
01-15 09:20:05.935  1679  3918 I sensors-hal: handle_sns_client_event:190, auto_rotation_debug_2 mode,255, type,1,0 acc,0.086,9.222,3.321, ar,0, ver,14, pedo,1,e,1,i,3
01-15 09:20:05.954  4749  5196 I avrcp   : system/profile/avrcp/connection_handler.cc:643 MessageCb: Message received on handle 0
01-15 09:20:05.954  4749  5196 I avrcp   : system/profile/avrcp/device.cc:1548 MessageReceived: opcode=Opcode::VENDOR
01-15 09:20:05.954  4749  5196 I avrcp   : system/profile/avrcp/device.cc:200 VendorPacketHandler: pdu=CommandPdu::REGISTER_NOTIFICATION
01-15 09:20:05.955  4749  5196 I avrcp   : system/profile/avrcp/device.cc:831 HandleNotification: event=Event::PLAYBACK_POS_CHANGED
01-15 09:20:05.955  4749  5196 I avrcp   : system/profile/avrcp/connection_handler.cc:837 SendMessage: SendMessage to handle=0x0
01-15 09:20:05.955  4749  5196 I avrcp   : system/profile/avrcp/device.cc:915 HandleNotification: Queue next play position update
01-15 09:20:05.967  4749  5196 I avrcp   : system/profile/avrcp/connection_handler.cc:643 MessageCb: Message received on handle 0
01-15 09:20:05.967  4749  5196 I avrcp   : system/profile/avrcp/device.cc:1548 MessageReceived: opcode=Opcode::VENDOR
01-15 09:20:05.967  4749  5196 I avrcp   : system/profile/avrcp/device.cc:200 VendorPacketHandler: pdu=CommandPdu::GET_PLAY_STATUS
01-15 09:20:05.967  4749  5196 I avrcp   : system/profile/avrcp/connection_handler.cc:837 SendMessage: SendMessage to handle=0x0
01-15 09:20:05.971 29494 32526 D BluetoothAdapter: getBondedDevices() - package : com.google.android.projection.gearhead, state : 12
01-15 09:20:05.974  4749  8439 I AdapterProperties: getBondedDevices: length=23
01-15 09:20:05.975  4749  8439 I bt_btif_dm: system/btif/src/btif_dm.cc:1208 btif_dm_get_connection_state: Acl is not connected to peer:xx:xx:xx:xx:3e:61
01-15 09:20:05.977  4749  8439 I bt_btif_dm: system/btif/src/btif_dm.cc:1208 btif_dm_get_connection_state: Acl is not connected to peer:xx:xx:xx:xx:25:a7
01-15 09:20:05.979  4749  4772 I bt_btif_dm: system/btif/src/btif_dm.cc:1208 btif_dm_get_connection_state: Acl is not connected to peer:xx:xx:xx:xx:b6:7b
01-15 09:20:05.979  4749  5067 I bt_btif_dm: system/btif/src/btif_dm.cc:1208 btif_dm_get_connection_state: Acl is not connected to peer:xx:xx:xx:xx:02:d0
01-15 09:20:05.981  4749 10294 I bt_btif_dm: system/btif/src/btif_dm.cc:1208 btif_dm_get_connection_state: Acl is not connected to peer:xx:xx:xx:xx:81:f4
01-15 09:20:05.983 29494  5361 I GH.ConnLoggerV2: Session b5104adf-f1ad-4100-bf2b-30e89538f588, event 11, detail OptionalInt.empty, SESSION_CONNECTED, at 182472779 
01-15 09:20:05.983 29494 32526 D BluetoothAdapter: getBondedDevices() - package : com.google.android.projection.gearhead, state : 12
01-15 09:20:05.984  4749  8439 I AdapterProperties: getBondedDevices: length=23
01-15 09:20:05.986  4749  4772 I bt_btif_dm: system/btif/src/btif_dm.cc:1208 btif_dm_get_connection_state: Acl is not connected to peer:xx:xx:xx:xx:3e:61
01-15 09:20:05.988  4749  4772 I bt_btif_dm: system/btif/src/btif_dm.cc:1208 btif_dm_get_connection_state: Acl is not connected to peer:xx:xx:xx:xx:25:a7
01-15 09:20:05.989  4749  4772 I bt_btif_dm: system/btif/src/btif_dm.cc:1208 btif_dm_get_connection_state: Acl is not connected to peer:xx:xx:xx:xx:b6:7b
01-15 09:20:05.990  4749  8439 I bt_btif_dm: system/btif/src/btif_dm.cc:1208 btif_dm_get_connection_state: Acl is not connected to peer:xx:xx:xx:xx:02:d0
01-15 09:20:05.990  2613  3636 D ActivityManager: Received BROADCAST intent 0x6a6806e Key{broadcastIntent pkg=com.google.android.gms/com.google.android.gms.location_base intent=act=com.google.android.location.ALARM_WAKEUP_ACTIVITY_DETECTION xflg=0x4 flags=0x4000000 u=0} requestCode=0 sent=0 from uid 1000
01-15 09:20:05.990  4749  4772 I bt_btif_dm: system/btif/src/btif_dm.cc:1208 btif_dm_get_connection_state: Acl is not connected to peer:xx:xx:xx:xx:81:f4
01-15 09:20:05.996  2613  2839 D LocationManagerService: gps provider getLastLocation from : 10246/com.google.android.projection.gearhead
01-15 09:20:05.999  2613  3147 D PowerManagerService: displayReady: false groupId=0
01-15 09:20:05.999  2613  3147 D DisplayPowerController[0]: animateScreenStateChange: target=ON, mIsEnabled=true
01-15 09:20:05.999  2613  3147 D PowerManagerService: displayReady: true groupId=0
01-15 09:20:06.004  1679  1679 I sensors-hal: flush:383, android.sensor.accelerometer/11
01-15 09:20:06.005  1679  1679 I sensors-hal: send_sync_sensor_request:508, send sync request
01-15 09:20:06.005  1679  1679 I sensors-hal: send_sync_sensor_request:518, send_sync_sensor_request before send_request for accel with SUID low=7080276908576992050 high=13131023702051637398
01-15 09:20:06.005  1679  1679 I sensors-hal: send_sync_sensor_request:537, wait for notification of response
01-15 09:20:06.006  1679  7873 I sensors-hal: qsh_conn_resp_cb:930, resp_value = 0 for accel 
01-15 09:20:06.006  1679  1679 I sensors-hal: send_sync_sensor_request:543, takes 0 ms to receive the response with 0
01-15 09:20:06.006  1679  1679 I sensors-hal: flush:389, android.sensor.accelerometer/11 completed
01-15 09:20:06.013  1650  1765 I minksocket: MinkIPC MESSAGE: ( 1650:1765 ) MinkIPC_QRTR_Service:351 minkipc = 0xb400007a974104f0 sock = 15, client with node 1 port 666b went down
01-15 09:20:06.013  1650  1765 I minksocket: MinkIPC MESSAGE: ( 1650:1765 ) MinkIPC_QRTR_Service:351 minkipc = 0xb400007a974104f0 sock = 15, client with node 1 port 666f went down
01-15 09:20:06.013  1650  1790 I minksocket: MinkIPC MESSAGE: ( 1650:1790 ) MinkIPC_QRTR_Service:351 minkipc = 0xb400007a97411410 sock = 33, client with node 1 port 666b went down
01-15 09:20:06.013  1650  1790 I minksocket: MinkIPC MESSAGE: ( 1650:1790 ) MinkIPC_QRTR_Service:351 minkipc = 0xb400007a97411410 sock = 33, client with node 1 port 666f went down
01-15 09:20:06.034  2613  2839 W AppOps  : Noting op not finished: uid 10259 pkg com.google.android.gms code 113 startTime of in progress event=1768486788177
01-15 09:20:06.037  2613  2839 D ActivityManager: Received SERVICE intent 0x433a5d8 Key{startService pkg=com.google.android.gms/fused_location_provider intent=act=com.google.android.gms.location.util.nlp.RESULT cat=[targeted_intent_op_prefix:.location.util.nlp.NlpInternalApi$NlpReceiverIntentOperation] xflg=0x4 cmp=com.google.android.gms/.chimera.PersistentIntentOperationService flags=0x2000000 u=0} requestCode=1 from uid 10259
01-15 09:20:06.041  2613  3554 D ActivityManager: Received SERVICE intent 0x17f0c16 Key{startService pkg=com.google.android.gms/fused_location_provider intent=act=com.google.android.location.internal.action.FLP_AR_RESULT xflg=0x4 pkg=com.google.android.gms cmp=com.google.android.gms/com.google.android.location.internal.PendingIntentCallbackService flags=0x2000000 u=0} requestCode=0 from uid 10259
01-15 09:20:06.042  2613  2839 W AppOps  : Noting op not finished: uid 10259 pkg com.google.android.gms code 113 startTime of in progress event=1768486788172
01-15 09:20:06.044  2613  3554 D ActivityManager: Received SERVICE intent 0x7cb0997 Key{startService pkg=com.google.android.gms/current_semantic_location intent=act=com.google.android.gms.semanticlocation.ACTION_ACTIVITY xflg=0x4 cmp=com.google.android.gms/.semanticlocation.service.SemanticLocationService flags=0x2000000 u=0} requestCode=0 from uid 10259
01-15 09:20:06.045  2613  3554 W AppOps  : Noting op not finished: uid 10259 pkg com.google.android.gms code 113 startTime of in progress event=1768486788172
01-15 09:20:06.046  2613  3554 D ActivityManager: Received SERVICE intent 0x975db6d Key{startService pkg=com.google.android.gms/com.google.android.gms.location_base intent=act=com.google.android.location.internal.action.AR_TRANSITION_RESULT xflg=0x4 pkg=com.google.android.gms cmp=com.google.android.gms/com.google.android.location.internal.PendingIntentCallbackService flags=0x2000000 u=0} requestCode=0 from uid 10259
01-15 09:20:06.046  7549  7965 I ActivityScheduler: nextTriggerTime: 182474092, in 1250ms, detectorType: 39, FULL_TYPE alarmWindowMillis: 156
01-15 09:20:06.053  2255  2602 V NuPlayerDriver: getCurrentPosition(0xb4000074a734fff0) 34852 (msec), at state 5
01-15 09:20:06.150  2613  2839 D SemContextService: lock : requestToUpdate
01-15 09:20:06.151  2613  2839 W CAE     : setCAProperty(ContextAwareService.java:509) - [setProperty 01] Mutex is locked for CH_LOC_TRIGGER
01-15 09:20:06.151  2613  3709 D SensorService: setSContextDataLocked ints length 2 , byte length 4
01-15 09:20:06.152  2613  3709 D SensorService: setSContextDataLocked 3db8
01-15 09:20:06.152  1679  1679 I sensors-hal: inject_sensor_data:407, handle 1502 send inject
01-15 09:20:06.152  1679  1679 I sensors-hal: sendContextData:290, sensor hal 4, (0xb8, 0x3d, 0x0, 0x0)
01-15 09:20:06.153  1679  1679 I sensors-hal: sendContextData:131, change_location_trigger 4,184
01-15 09:20:06.153  1679  1679 I sensors-hal: sendUserData:118, change_location_trigger h 184 m 61 s 0
01-15 09:20:06.153  1679  1679 I sensors-hal: create_send_context_data:66, change_location_trigger create_send_context_data
01-15 09:20:06.153  1679  1679 I sensors-hal: send_context_data:694, change_location_trigger, -244018566922240, 1320970896291267344, msgid:700
01-15 09:20:06.154  1679  3707 I sensors-hal: qsh_conn_resp_cb:930, resp_value = 0 for change_location_trigger 
01-15 09:20:06.154  2613  2839 W CAE     : setCAProperty(ContextAwareService.java:515) - [setProperty 02] Mutex is unlocked for CH_LOC_TRIGGER
01-15 09:20:06.154  2613  2839 D SemContextService:     .requestToUpdate() : service = Location Change Trigger
01-15 09:20:06.154  2613  2839 D SemContextService: unlock : requestToUpdate
01-15 09:20:06.154  2613  2839 D SemContextManager:   .requestToUpdate : listener = com.android.server.location.nsflp.NSLocationMonitor$5@37f2d77, service=Location Change Trigger
01-15 09:20:06.154  5587 11306 I NewStopController_FLP: StateChecker, check stationary message
01-15 09:20:06.155  2613  3816 D SemWifiTrafficPoller: getSoftApTotalTrafficInBytes:327250403
01-15 09:20:06.166  1679  3707 I sensors-hal: qsh_conn_event_cb:890, event[0] sensor:change_location_trigger  Wakeup, msg_id=1025, ts=3503580237752
01-15 09:20:06.166  1679  3707 I sensors-hal: handle_sns_client_event:85, change_location_trigger_event: msgid:1025
01-15 09:20:06.166  1679  3707 I sensors-hal: handle_sns_client_event:108, change_location_trigger_event: 255, 255
01-15 09:20:06.169  2613  3705 D CAE     : onGetSensorHubData(SensorHubParserProvider.java:92) - onGetSensorHubData Event [event buffer len :15], AP_WAKEUP
01-15 09:20:06.169  2613  3705 I CAE     : parse(SensorHubParserProvider.java:188) - buffer size = 15
01-15 09:20:06.169  2613  3705 I CAE     : parse(SensorHubParserProvider.java:199) - 1, 1, 61, -1, 0, 2, 1, 0, 0, 0, 1, 0, 0, 0, 0,
01-15 09:20:06.169  2613  3705 D CAE     : display(ContextProvider.java:375) - ================= CH_LOC_TRIGGER =================
01-15 09:20:06.169  2613  3705 I CAE     : display(ContextProvider.java:391) - duration=[1], property=[1], result=[2], reserved=[0]
01-15 09:20:06.172  2613  3702 D SemContextService: Service.updateContext() : service = Location Change Trigger
01-15 09:20:06.173  2613  3753 D SemContextManager: onSemContextChanged() : event = Location Change Trigger
01-15 09:20:06.173  2613  3753 D NSLocationMonitor: onSemContextChanged, activity : 1 result : 2 movement : 1
01-15 09:20:06.200  2613  3147 D PowerManagerService: displayReady: false groupId=0
01-15 09:20:06.200  2613  3147 D DisplayPowerController[0]: animateScreenStateChange: target=ON, mIsEnabled=true
01-15 09:20:06.203  2613  3147 D PowerManagerService: displayReady: true groupId=0
01-15 09:20:06.215  1679 12284 I sensors-hal: handle_sns_client_event:422, [0][184846] gyro_sample_cal(cal_available:1)(3) [-0.021, 0.002, 0.000] bias[-0.002,-0.005,-0.001] 182473004034227
01-15 09:20:06.218  1679  4527 I sensors-hal: handle_sns_client_event:455, [0][2789] gyro_sample_uncal [-0.010,-0.015,-0.004] [-0.002,-0.005,-0.001] 182473008210269
01-15 09:20:06.225  1679  4530 I sensors-hal: handle_sns_client_event:341, [1164] mag_sample_cal(magcal_available:1): ts=182473009702873 ns; cal = [-19.867874, -53.531906, 12.881710], uncal = [-190.687866, 188.808090, -46.098289], bias = [-170.819992, 242.339996, -58.980000], status=1
01-15 09:20:06.240  1679 12118 I sensors-hal: handle_sns_std_sensor_event:158, [38619] Pressure 954.839, cal 0.024, sw_offset 0.150 (lsb(bit) 0x54 0xb0 0x3b)
01-15 09:20:06.291  1821  1843 E HeatmapThread: ECT Thread time in milliseconds: 1768486806
01-15 09:20:06.296  1821  1843 D HeatmapThread: !@ batteryplugType : 2
01-15 09:20:06.296  1821  1843 D HeatmapThread: !@ batteryLevel : 57  batteryTemperature : 355 
01-15 09:20:06.296  1821  1843 D HeatmapThread: !@ Heatmap currtime: 29474780
01-15 09:20:06.296  1821  1843 D HeatmapThread: !@ Heatmap prevtime: 29474771
01-15 09:20:06.296  1821  1843 D HeatmapThread: !@ Heatmap plugstarttime: 29474767
01-15 09:20:06.296  1821  1843 D HeatmapThread: !@ Heatmap prevv_dsoh_update_time: 29474302
01-15 09:20:06.297  1821  1843 E HeatmapThread: !@ CAM New BSOH: 100
01-15 09:20:06.401  2613  3147 D PowerManagerService: displayReady: false groupId=0
01-15 09:20:06.402  2613  3147 D DisplayPowerController[0]: animateScreenStateChange: target=ON, mIsEnabled=true
01-15 09:20:06.404  2613  3147 D PowerManagerService: displayReady: true groupId=0
01-15 09:20:06.473  4749  5196 I avrcp   : system/profile/avrcp/connection_handler.cc:643 MessageCb: Message received on handle 0
01-15 09:20:06.473  4749  5196 I avrcp   : system/profile/avrcp/device.cc:1548 MessageReceived: opcode=Opcode::VENDOR
01-15 09:20:06.473  4749  5196 I avrcp   : system/profile/avrcp/device.cc:200 VendorPacketHandler: pdu=CommandPdu::GET_PLAY_STATUS
01-15 09:20:06.473  4749  5196 I avrcp   : system/profile/avrcp/connection_handler.cc:837 SendMessage: SendMessage to handle=0x0
01-15 09:20:06.587  7389  7389 I AudioPathManager: loadAudioPath() : loaded audio path is bluetooth (2)
01-15 09:20:06.587  7389  7389 I EffectManager: isSupportDolbyAtmosOnThisAudioPath() : path is bluetooth (2)
01-15 09:20:06.588  7389  7389 I UHQUpscalerManager: isUHQCompatibleBluetooth() : support is 0, mode is 1
01-15 09:20:06.588  7389  7389 I AudioPathManager: loadAudioPath() : loaded audio path is bluetooth (2)
01-15 09:20:06.588  7389  7389 I EffectManager: isSupportVolumeNormalizationOnCurrentAudioPath() : path is bluetooth (2)
01-15 09:20:06.588  7389  7389 I DVFSHelper: isNecessaryToBoostCPU() : isDolbyOn? false, isUHQUpscalerOn? false, isVoiceBoostOn? false, isVolumeNormalizationOn? false
01-15 09:20:06.601  2613  3147 D PowerManagerService: displayReady: false groupId=0
01-15 09:20:06.602  2613  3147 D DisplayPowerController[0]: animateScreenStateChange: target=ON, mIsEnabled=true
01-15 09:20:06.603  2613  3147 D PowerManagerService: displayReady: true groupId=0
01-15 09:20:06.733  1674  5842 I vendor.qti.bluetooth@1.1-ibs_handler: ProcessIbsCmd: Received IBS_SLEEP_IND: 0xFE
01-15 09:20:06.738  1674  5842 I vendor.qti.bluetooth@1.1-ibs_handler: ProcessIbsCmd: Received IBS_WAKE_IND: 0xFD
01-15 09:20:06.739  1674  5842 I vendor.qti.bluetooth@1.1-ibs_handler: ProcessIbsCmd: Writing IBS_WAKE_ACK
01-15 09:20:06.803  2613  3147 D PowerManagerService: displayReady: false groupId=0
01-15 09:20:06.803  2613  3147 D DisplayPowerController[0]: animateScreenStateChange: target=ON, mIsEnabled=true
01-15 09:20:06.804  2613  3147 D PowerManagerService: displayReady: true groupId=0
01-15 09:20:06.857  5587  5710 I GnssEngineManager_FLP: updateSatelliteStatus, top4=43, top6=43, visibleSv=64, usedSv=53, usedL5Sv=17 (usedGps=12, usedGlo=6, usedBds=21, usedGal=14)
01-15 09:20:06.859  2613  3752 D GnssLocationProvider_ex: SV Count : 53 / 64      (PRN, Constellation, Type, SNR, Used)
01-15 09:20:06.859  2613  3752 D GnssLocationProvider_ex: (3, GPS, L1, 29.4, 1) (4, GPS, L1, 36.2, 1) (9, GPS, L1, 23.4, 0) (16, GPS, L1, 44.6, 1) (26, GPS, L1, 42.4, 1) (27, GPS, L1, 38.4, 1) 
01-15 09:20:06.859  2613  3752 D GnssLocationProvider_ex: (28, GPS, L1, 45.7, 1) (29, GPS, L1, 23.1, 0) (31, GPS, L1, 42.4, 1) (2, GLONASS, L1, 37.7, 1) (22, GLONASS, L1, 27.7, 1) (12, GLONASS, L1, 37.1, 1) 
01-15 09:20:06.859  2613  3752 D GnssLocationProvider_ex: (11, GLONASS, L1, 27.1, 1) (1, GLONASS, L1, 37.9, 1) (21, GLONASS, L1, 21.8, 0) (3, GLONASS, L1, 40.3, 1) (44, BEIDOU, L1, 42.6, 1) (42, BEIDOU, L1, 34.9, 1) 
01-15 09:20:06.859  2613  3752 D GnssLocationProvider_ex: (41, BEIDOU, L1, 35.0, 1) (35, BEIDOU, L1, 30.0, 1) (33, BEIDOU, L1, 39.1, 1) (26, BEIDOU, L1, 37.3, 0) (25, BEIDOU, L1, 36.4, 1) (24, BEIDOU, L1, 38.6, 1) 
01-15 09:20:06.859  2613  3752 D GnssLocationProvider_ex: (14, BEIDOU, L1, 41.0, 1) (12, BEIDOU, L1, 21.2, 0) (4, GALILEO, L1, 22.5, 1) (6, GALILEO, L1, 22.8, 0) (14, GALILEO, L1, 28.5, 1) (19, GALILEO, L1, 37.2, 1) 
01-15 09:20:06.859  2613  3752 D GnssLocationProvider_ex: (21, GALILEO, L1, 42.8, 1) (23, GALILEO, L1, 40.8, 1) (27, GALILEO, L1, 31.0, 1) (29, GALILEO, L1, 42.1, 1) (3, GPS, L5, 31.7, 1) (4, GPS, L5, 24.1, 1) 
01-15 09:20:06.859  2613  3752 D GnssLocationProvider_ex: (9, GPS, L5, 29.4, 0) (26, GPS, L5, 30.3, 1) (27, GPS, L5, 37.8, 1) (28, GPS, L5, 37.7, 1) (4, GALILEO, L5, 22.4, 0) (6, GALILEO, L5, 25.4, 1) 
01-15 09:20:06.859  2613  3752 D GnssLocationProvider_ex: (14, GALILEO, L5, 28.7, 1) (19, GALILEO, L5, 29.9, 1) (21, GALILEO, L5, 32.6, 1) (23, GALILEO, L5, 35.0, 1) (27, GALILEO, L5, 29.6, 1) (29, GALILEO, L5, 32.1, 1) 
01-15 09:20:06.859  2613  3752 D GnssLocationProvider_ex: (24, BEIDOU, L5, 29.0, 1) (25, BEIDOU, L5, 24.1, 1) (26, BEIDOU, L5, 21.9, 0) (33, BEIDOU, L5, 36.4, 0) (35, BEIDOU, L5, 18.8, 0) (41, BEIDOU, L5, 27.5, 1) 
01-15 09:20:06.859  2613  3752 D GnssLocationProvider_ex: (42, BEIDOU, L5, 35.2, 1) (44, BEIDOU, L5, 26.0, 1) (24, BEIDOU, L1, 37.1, 1) (25, BEIDOU, L1, 29.6, 1) (26, BEIDOU, L1, 37.3, 1) (33, BEIDOU, L1, 43.7, 1) 
01-15 09:20:06.859  2613  3752 D GnssLocationProvider_ex: (35, BEIDOU, L1, 30.9, 1) (41, BEIDOU, L1, 38.7, 1) (42, BEIDOU, L1, 37.3, 1) (44, BEIDOU, L1, 42.3, 1) 
01-15 09:20:06.859  2613  3752 D GnssLocationProvider: reportLocation
01-15 09:20:06.863  5587  5710 I GnssEngineManager_FLP: onGpsLocationChanged, provider=gps / isMock=false / speed=0.0 / time=1768486807000 / elapsed=182473618306379
01-15 09:20:06.863  5587  5710 I NewStopController_FLP: isAvailableLastLoc, KeepStationary : false , timeGap : 41 , mStraightFixCount : 0
01-15 09:20:06.864  5587  5710 I NewStopController_FLP: onChangedGlpLocation, isGpsStopped= false, isReportingLL= false, isAvailableLastLoc : true
01-15 09:20:06.871  7549  7903 I FusedLocation: (REDACTED) location delivery to %s blocked - too fast
01-15 09:20:06.873  7549  7903 I FusedLocation: (REDACTED) location delivery to %s blocked - too fast
01-15 09:20:06.873  7549  7903 I FusedLocation: (REDACTED) location delivery to %s blocked - too fast
01-15 09:20:06.875  7549  7903 I FusedLocation: (REDACTED) location delivery to %s blocked - too close
01-15 09:20:06.875  5587  5710 I GmsPassiveListener_FLP: onGmsLocationChanged, provider=fused / speed=0.0 / time=1768486806821 / elapsed=182473618306379
01-15 09:20:06.877  2613  4714 D SLocation: PositionManager - Passive handleLocationChanged [G, A : 3.80, T : 1768486807000, ET : 182473618, E : OD, h : 19/19]
01-15 09:20:06.877  2613 12268 I Mocca_VehicleDetectionHelper: (1.1.04.1)GPS: Avg speed: 0.0 Speed: 0.0 LIST: [0.0, 0.0, 0.0, 0.0, 0.0, 0.0, 0.0, 0.0, 0.0, 0.0]
01-15 09:20:06.877  2613 12268 D VehicleSensorHub: vehicleSendToSensorHub status : 1 type : 18
01-15 09:20:06.877  2613 12268 I SensorManager: Get Sensor type = 65586
01-15 09:20:06.877  2613  4714 D SLocation: PositionManager - receive gps location
01-15 09:20:06.877  2613 12268 D SensorService: setSContextDataLocked ints length 3 , byte length 5
01-15 09:20:06.877  2613 12268 D SensorService: setSContextDataLocked 123c17c1
01-15 09:20:06.877  2613  4714 I SLocation: GeofenceLocationFilter - fire alarm & cancel, E.Q@26f6e05
01-15 09:20:06.877  1679  1679 I sensors-hal: inject_sensor_data:407, handle 1502 send inject
01-15 09:20:06.877  1679  1679 I sensors-hal: sendContextData:290, sensor hal 5, (0xc1, 0x17, 0x3c, 0x12)
01-15 09:20:06.877  2613  4714 W SLocation: GeopointGeofenceManger - refresh wifi to receive loc
01-15 09:20:06.877  1679  1679 I sensors-hal: sendContextData:230, activities 5 c1, 1
01-15 09:20:06.877  1679  1679 I sensors-hal: sendUserData:251, Activities cmd 0xc1 0x17
01-15 09:20:06.877  1679  1679 I sensors-hal: create_send_context_data:80, sending create_send_context_data
01-15 09:20:06.877  1679  1679 I sensors-hal: send_context_data:694, activities, 4914309220830019584, 1320970896291267344, msgid:700
01-15 09:20:06.877  2613  4714 E SLocation: GeopointLastLocation - Last location is more well than current Location.
01-15 09:20:06.878  2613  4714 D SLocation: GeopointGeofenceManger - Location reported : fix method = 3 / 3.7962263
01-15 09:20:06.878  2613  4714 D SLocation: LocationBuffer - receivedLocation - op[interval(min 60000, max 1800000), waitTime 36000000, numOfUpdates 5, minDistance 200.0]dist : 43.911884 diffTime : 29000 filtered Location
01-15 09:20:06.878  2613  4714 D SLocation: BatchManager - received batch location buffered = false
01-15 09:20:06.878  2613 12268 W ContextImpl: Calling a method in the system process without a qualified user: android.app.ContextImpl.sendBroadcast:1335 com.samsung.android.mocca.app.vehicle.AdvancedVehicleDetection.reportAdvancedVehicleEvent:185 com.samsung.android.mocca.app.vehicle.AdvancedVehicleDetection.handleLocEvent:277 com.samsung.android.mocca.app.vehicle.AdvancedVehicleDetection.p:0 D.e.h:136 
01-15 09:20:06.878  2613  4714 D SLocation: LastLocations - update latest location [G, A : 3.80, T : 1768486807000, ET : 182473618, E : OD, h : 19/19]
01-15 09:20:06.878  2613  4714 D SLocation: FilteredLastLocation - notify all last locations, loc : 3
01-15 09:20:06.878  1679  3707 I sensors-hal: qsh_conn_resp_cb:930, resp_value = 0 for activities 
01-15 09:20:06.878  2613  4714 D SLocation: GeopointReceiver - cancel delay & hold gf id : 12
01-15 09:20:06.879  7549  7903 I FusedLocation: (REDACTED) location delivery to %s blocked - too fast
01-15 09:20:06.879  2613  4714 D SLocation: ReceiverPairWithAdaptive - id : 59, dir : 2
01-15 09:20:06.879  7549  7903 I FusedLocation: (REDACTED) location delivery to %s blocked - too close
01-15 09:20:06.879  2613  4714 D SLocation: ReceiverPairWithAdaptive - id : 66, dir : 2
01-15 09:20:06.879  2613  4714 D SLocation: ReceiverPairWithAdaptive - similar fence, do not update geopoint geofence
01-15 09:20:06.880  2613  4714 D SLocation: GeopointLastLocation - last location still available 25058 / 9223372036854775807
01-15 09:20:06.880  2613  4714 D SLocation: GeopointGeofenceObserver - location : [G, A : 3.79, T : 1768486782000, ET : 182448618, E : OD, h : 19/19], radius : 15465
01-15 09:20:06.880  2613  4714 D SLocation: LocationProviderStatus - try to update provider status (GPS/NLP)
01-15 09:20:06.880  2613  4714 D SLocation: LocationProviderStatus - set isGpsOn : true, isNlpOn : true
01-15 09:20:06.880  2613  4714 D SLocation: LocationProviderStatus - gps & nlp status not changed
01-15 09:20:06.880  2613  4714 D SLocation: GeofenceCoreManager - geofence core command pending size : 2
01-15 09:20:06.881  2613  4714 D SLocation: GeofenceCoreRecovery - removeGeofenceInfo id = 15000
01-15 09:20:06.881  2613  4714 D SLocation: SLocationCoreSem - send to coreSem, packet length : 3 / [17, 58, 152]
01-15 09:20:06.881  2613  4714 D SemContextLocationCoreAttribute: setAttribute() mode : 0 action : 23
01-15 09:20:06.881  2613  4714 D SemContextService: lock : changeParameters
01-15 09:20:06.881  2613  4714 D SemContext.CaeProvider.LocationCoreImpl: setAttribute() mode : 0 action : 23
01-15 09:20:06.881  2613  4714 W CAE     : setCAProperty(ContextAwareService.java:509) - [setProperty 01] Mutex is locked for SLOCATION_RUNNER
01-15 09:20:06.881  2613  4714 I CAE     : setPropertyValue(SLocationRunner.java:116) - SLocationRunner setProperty header : 17, len : 3
01-15 09:20:06.882  2613  3709 D SensorService: setSContextDataLocked ints length 3 , byte length 6
01-15 09:20:06.883  2613  3709 D SensorService: setSContextDataLocked 113717c1
01-15 09:20:06.884  1679  1679 I sensors-hal: inject_sensor_data:407, handle 1502 send inject
01-15 09:20:06.884  1679  1679 I sensors-hal: sendContextData:290, sensor hal 6, (0xc1, 0x17, 0x37, 0x11)
01-15 09:20:06.884  1679  1679 E sensors-hal: sendContextData:133, slocationcore h 193 m 23 s 55
01-15 09:20:06.884  1679  1679 I sensors-hal: sendUserData:119, slocationcore sendUserData
01-15 09:20:06.884  1679  1679 E sensors-hal: create_send_context_data:64, slocationcore create_send_context_data
01-15 09:20:06.884  1679  1679 I sensors-hal: send_context_data:694, slocationcore, 4986366670857974562, 1320970896291267344, msgid:700
01-15 09:20:06.884  1679  3707 I sensors-hal: qsh_conn_resp_cb:930, resp_value = 0 for slocationcore 
01-15 09:20:06.884  1679  3707 I sensors-hal: qsh_conn_event_cb:890, event[0] sensor:slocationcore  Wakeup, msg_id=1025, ts=3503594046969
01-15 09:20:06.884  1679  3707 E sensors-hal: handle_sns_client_event:78, slocationcore_event: msgid:1025
01-15 09:20:06.885  7549  7903 I FusedLocation: (REDACTED) location delivery to %s blocked - too fast
01-15 09:20:06.887  2613  4714 W CAE     : setCAProperty(ContextAwareService.java:515) - [setProperty 02] Mutex is unlocked for SLOCATION_RUNNER
01-15 09:20:06.887  2613  4714 D SemContextService: unlock : changeParameters
01-15 09:20:06.887  2613  4714 D SemContextManager:   .changeParameters : listener = Z.i@422b069, service=SLocation Core
01-15 09:20:06.887  2613  4714 D SLocation: GeofenceCoreManager - geofence core command pending size : 1
01-15 09:20:06.887  2613  4714 D SLocation: GeofenceCoreRecovery - storeGeofenceInfo 1 id = 15000, radius = 15465
01-15 09:20:06.887  2613  4714 D SLocation: SLocationCoreSem - send to coreSem, packet length : 16 / [16, 58, 152, 25, 97, 52, 249, 212, 249, 248, 231, 0, 0, 60, 105, 1]
01-15 09:20:06.887  2613  4714 D SemContextLocationCoreAttribute: setAttribute() mode : 0 action : 23
01-15 09:20:06.887  2613  4714 D SemContextService: lock : changeParameters
01-15 09:20:06.887  2613  4714 D SemContext.CaeProvider.LocationCoreImpl: setAttribute() mode : 0 action : 23
01-15 09:20:06.887  2613  4714 W CAE     : setCAProperty(ContextAwareService.java:509) - [setProperty 01] Mutex is locked for SLOCATION_RUNNER
01-15 09:20:06.887  2613  4714 I CAE     : setPropertyValue(SLocationRunner.java:116) - SLocationRunner setProperty header : 16, len : 16
01-15 09:20:06.887  2613  3709 D SensorService: setSContextDataLocked ints length 6 , byte length 19
01-15 09:20:06.887  2613  3709 D SensorService: setSContextDataLocked 103717c1
01-15 09:20:06.888  2613  3705 D CAE     : onGetSensorHubData(SensorHubParserProvider.java:92) - onGetSensorHubData Event [event buffer len :10], AP_WAKEUP
01-15 09:20:06.888  1679  1679 I sensors-hal: inject_sensor_data:407, handle 1502 send inject
01-15 09:20:06.888  1679  1679 I sensors-hal: sendContextData:290, sensor hal 19, (0xc1, 0x17, 0x37, 0x10)
01-15 09:20:06.888  1679  1679 E sensors-hal: sendContextData:133, slocationcore h 193 m 23 s 55
01-15 09:20:06.888  1679  1679 I sensors-hal: sendUserData:119, slocationcore sendUserData
01-15 09:20:06.888  1679  1679 E sensors-hal: create_send_context_data:64, slocationcore create_send_context_data
01-15 09:20:06.888  1679  1679 I sensors-hal: send_context_data:694, slocationcore, 4986366670857974562, 1320970896291267344, msgid:700
01-15 09:20:06.888  2613  3705 I CAE     : parse(SensorHubParserProvider.java:188) - buffer size = 10
01-15 09:20:06.888  2613  3705 I CAE     : parse(SensorHubParserProvider.java:199) - 1, 1, 55, 0, 5, 2, 17, 0, 58, -104,
01-15 09:20:06.888  2613  3705 I CAE     : parse(SLocationRunner.java:88) - SLocationRunner parse start : 3
01-15 09:20:06.888  2613  3705 D CAE     : display(ContextProvider.java:375) - ================= SLOCATION_RUNNER =================
01-15 09:20:06.888  2613  3705 I CAE     : display(ContextProvider.java:391) - ExtraDataArray=[1, 1, 55, 0, 5, 2, 17, 0, 58, -104]
01-15 09:20:06.889  2613  3705 I CAE     : parse(SLocationRunner.java:96) - SLocationRunner parse end:10
01-15 09:20:06.889  1679  3707 I sensors-hal: qsh_conn_resp_cb:930, resp_value = 0 for slocationcore 
01-15 09:20:06.889  1679  3707 I sensors-hal: qsh_conn_event_cb:890, event[0] sensor:slocationcore  Wakeup, msg_id=1025, ts=3503594132260
01-15 09:20:06.889  1679  3707 E sensors-hal: handle_sns_client_event:78, slocationcore_event: msgid:1025
01-15 09:20:06.889  2613  3702 D SemContextService: Service.updateContext() : service = SLocation Core
01-15 09:20:06.889  2613  4714 W CAE     : setCAProperty(ContextAwareService.java:515) - [setProperty 02] Mutex is unlocked for SLOCATION_RUNNER
01-15 09:20:06.889  2613  4714 D SemContextService: unlock : changeParameters
01-15 09:20:06.889  2613  4714 D SemContextManager:   .changeParameters : listener = Z.i@422b069, service=SLocation Core
01-15 09:20:06.889  2613  4714 D SLocation: PositionManager - Passive handleLocationChanged [F, A : 3.80, T : 1768486806821, ET : 182473618, h : 19/19]
01-15 09:20:06.889  2613  2613 D SemContextManager: onSemContextChanged() : event = SLocation Core
01-15 09:20:06.889  2613  2613 D SLocation: SensorHubWrapper - SemContextChanged type = 47, packet received
01-15 09:20:06.890  2613  4714 D SLocation: PositionManager - receive fused location
01-15 09:20:06.890  2613  4714 D SLocation: DuplicateLocationChecker_GeofenceLocationFilter - fused is duplicated last gps location
01-15 09:20:06.890  2613  4714 D SLocation: LocationBuffer - receivedLocation - op[interval(min 60000, max 1800000), waitTime 36000000, numOfUpdates 5, minDistance 200.0]dist : 43.906803 diffTime : 29000 filtered Location
01-15 09:20:06.890  2613  4714 D SLocation: BatchManager - received batch location buffered = false
01-15 09:20:06.890  2613  4714 W Settings: Setting airplane_mode_on has moved from android.provider.Settings.System to android.provider.Settings.Global, returning read-only value.
01-15 09:20:06.890  2613  4714 D SLocation: FilteredLastLocation - notify all last locations, loc : 3
01-15 09:20:06.890  2613  4714 D SLocation: GeofenceCoreManager - received Extra Data from core, len : 5
01-15 09:20:06.890  2613  4714 D SLocation: GeofenceCoreManager - handleCommandCallback - GEOFENCE_REMOVE SUCCESS
01-15 09:20:06.890  2613  4714 I SLocation: SHardwareManager - handleRemoveCallback : GEOFENCE_SUCCESS, id = 15000
01-15 09:20:06.890  2613  4714 D SLocation: CommonCoreManager - received Extra Data from core, len : 5
01-15 09:20:06.890  2613  3705 D CAE     : onGetSensorHubData(SensorHubParserProvider.java:92) - onGetSensorHubData Event [event buffer len :10], AP_WAKEUP
01-15 09:20:06.890  2613  3705 I CAE     : parse(SensorHubParserProvider.java:188) - buffer size = 10
01-15 09:20:06.891  2613  3705 I CAE     : parse(SensorHubParserProvider.java:199) - 1, 1, 55, 0, 5, 2, 16, 0, 58, -104,
01-15 09:20:06.891  2613  3705 I CAE     : parse(SLocationRunner.java:88) - SLocationRunner parse start : 3
01-15 09:20:06.891  2613  3705 D CAE     : display(ContextProvider.java:375) - ================= SLOCATION_RUNNER =================
01-15 09:20:06.891  2613  3705 I CAE     : display(ContextProvider.java:391) - ExtraDataArray=[1, 1, 55, 0, 5, 2, 16, 0, 58, -104]
01-15 09:20:06.891  2613  3705 I CAE     : parse(SLocationRunner.java:96) - SLocationRunner parse end:10
01-15 09:20:06.891  2613  3702 D SemContextService: Service.updateContext() : service = SLocation Core
01-15 09:20:06.891  2613  2613 D SemContextManager: onSemContextChanged() : event = SLocation Core
01-15 09:20:06.891  2613  2613 D SLocation: SensorHubWrapper - SemContextChanged type = 47, packet received
01-15 09:20:06.892  2613  4714 D SLocation: GeofenceCoreManager - received Extra Data from core, len : 5
01-15 09:20:06.892  2613  4714 D SLocation: GeofenceCoreManager - handleCommandCallback - GEOFENCE_ADD SUCCESS
01-15 09:20:06.892  2613  4714 I SLocation: SHardwareManager - handleAddCallback : GEOFENCE_SUCCESS id = 15000
01-15 09:20:06.892  2613  4714 D SLocation: CommonCoreManager - received Extra Data from core, len : 5
01-15 09:20:06.920  1650  1765 I minksocket: MinkIPC MESSAGE: ( 1650:1765 ) MinkIPC_QRTR_Service:351 minkipc = 0xb400007a974104f0 sock = 15, client with node 1 port 6674 went down
01-15 09:20:06.920  1650  1790 I minksocket: MinkIPC MESSAGE: ( 1650:1790 ) MinkIPC_QRTR_Service:351 minkipc = 0xb400007a97411410 sock = 33, client with node 1 port 6674 went down
01-15 09:20:06.922  1650  1790 I minksocket: MinkIPC MESSAGE: ( 1650:1790 ) MinkIPC_QRTR_Service:351 minkipc = 0xb400007a97411410 sock = 33, client with node 1 port 6675 went down
01-15 09:20:06.922  1650  1765 I minksocket: MinkIPC MESSAGE: ( 1650:1765 ) MinkIPC_QRTR_Service:351 minkipc = 0xb400007a974104f0 sock = 15, client with node 1 port 6675 went down
01-15 09:20:06.923  1650  1790 I minksocket: MinkIPC MESSAGE: ( 1650:1790 ) MinkIPC_QRTR_Service:351 minkipc = 0xb400007a97411410 sock = 33, client with node 1 port 6676 went down
01-15 09:20:06.924  1650  1765 I minksocket: MinkIPC MESSAGE: ( 1650:1765 ) MinkIPC_QRTR_Service:351 minkipc = 0xb400007a974104f0 sock = 15, client with node 1 port 6676 went down
01-15 09:20:06.926  1650  1790 I minksocket: MinkIPC MESSAGE: ( 1650:1790 ) MinkIPC_QRTR_Service:351 minkipc = 0xb400007a97411410 sock = 33, client with node 1 port 6677 went down
01-15 09:20:06.926  1650  1765 I minksocket: MinkIPC MESSAGE: ( 1650:1765 ) MinkIPC_QRTR_Service:351 minkipc = 0xb400007a974104f0 sock = 15, client with node 1 port 6677 went down
01-15 09:20:06.955  4749  5196 I avrcp   : system/profile/avrcp/device.cc:2779 HandlePlayPosUpdate: 
01-15 09:20:06.957  4749  5196 I avrcp   : system/profile/avrcp/device.cc:1369 PlaybackPosNotificationResponse: pos= 36026
01-15 09:20:06.957  4749  5196 I avrcp   : system/profile/avrcp/connection_handler.cc:837 SendMessage: SendMessage to handle=0x0
01-15 09:20:06.961  7549  4495 I NearbyMediums: No BLE Fast/GATT advertisements found in the latest cycle.
01-15 09:20:06.961  7549  4495 I NearbyMediums: Current Tracked Scanning Clients are : {NearbyConnections.EnvironmentMonitor, NearbyConnections.TxAdvertisement}
01-15 09:20:06.973  4749  5196 I avrcp   : system/profile/avrcp/connection_handler.cc:643 MessageCb: Message received on handle 0
01-15 09:20:06.973  4749  5196 I avrcp   : system/profile/avrcp/device.cc:1548 MessageReceived: opcode=Opcode::VENDOR
01-15 09:20:06.973  4749  5196 I avrcp   : system/profile/avrcp/device.cc:200 VendorPacketHandler: pdu=CommandPdu::GET_PLAY_STATUS
01-15 09:20:06.973  4749  5196 I avrcp   : system/profile/avrcp/connection_handler.cc:837 SendMessage: SendMessage to handle=0x0
01-15 09:20:06.977  4749  5196 I avrcp   : system/profile/avrcp/connection_handler.cc:643 MessageCb: Message received on handle 0
01-15 09:20:06.977  4749  5196 I avrcp   : system/profile/avrcp/device.cc:1548 MessageReceived: opcode=Opcode::VENDOR
01-15 09:20:06.977  4749  5196 I avrcp   : system/profile/avrcp/device.cc:200 VendorPacketHandler: pdu=CommandPdu::REGISTER_NOTIFICATION
01-15 09:20:06.977  4749  5196 I avrcp   : system/profile/avrcp/device.cc:831 HandleNotification: event=Event::PLAYBACK_POS_CHANGED
01-15 09:20:06.977  4749  5196 I avrcp   : system/profile/avrcp/connection_handler.cc:837 SendMessage: SendMessage to handle=0x0
01-15 09:20:06.977  4749  5196 I avrcp   : system/profile/avrcp/device.cc:915 HandleNotification: Queue next play position update
01-15 09:20:07.004  2613  3147 D PowerManagerService: displayReady: false groupId=0
01-15 09:20:07.005  2613  3147 D DisplayPowerController[0]: animateScreenStateChange: target=ON, mIsEnabled=true
01-15 09:20:07.006  2613  3147 D PowerManagerService: displayReady: true groupId=0
01-15 09:20:07.034  2613  4217 W AppOps  : Noting op not finished: uid 10259 pkg com.google.android.gms code 113 startTime of in progress event=1768486788177
01-15 09:20:07.048  7549  9060 I NearbyDiscovery: FastPair: isDestroyable: Scanner is alive. [CONTEXT service_id=265 ]
01-15 09:20:07.048  7549  9060 I NearbyDiscovery: DiscoveryService: Skip stopSelf(), fast pair controller is not destroyable. [CONTEXT service_id=265 ]
01-15 09:20:07.057  2255  2602 V NuPlayerDriver: getCurrentPosition(0xb4000074a734fff0) 35856 (msec), at state 5
01-15 09:20:07.109  1830  1916 I VSyncReactor: Current= 60, Period= 60, Distance= 0
01-15 09:20:07.125  1830  1916 I VSyncReactor: Current= 60, Period= 60, Distance= 60
01-15 09:20:07.155  2613  4217 D SemContextService: lock : requestToUpdate
01-15 09:20:07.156  2613  4217 W CAE     : setCAProperty(ContextAwareService.java:509) - [setProperty 01] Mutex is locked for CH_LOC_TRIGGER
01-15 09:20:07.157  2613  3709 D SensorService: setSContextDataLocked ints length 2 , byte length 4
01-15 09:20:07.157  2613  3709 D SensorService: setSContextDataLocked 3db8
01-15 09:20:07.157  1679  1679 I sensors-hal: inject_sensor_data:407, handle 1502 send inject
01-15 09:20:07.157  1679  1679 I sensors-hal: sendContextData:290, sensor hal 4, (0xb8, 0x3d, 0x0, 0x0)
01-15 09:20:07.157  1679  1679 I sensors-hal: sendContextData:131, change_location_trigger 4,184
01-15 09:20:07.157  1679  1679 I sensors-hal: sendUserData:118, change_location_trigger h 184 m 61 s 0
01-15 09:20:07.157  1679  1679 I sensors-hal: create_send_context_data:66, change_location_trigger create_send_context_data
01-15 09:20:07.158  1679  1679 I sensors-hal: send_context_data:694, change_location_trigger, -244018566922240, 1320970896291267344, msgid:700
01-15 09:20:07.159  2613  4217 W CAE     : setCAProperty(ContextAwareService.java:515) - [setProperty 02] Mutex is unlocked for CH_LOC_TRIGGER
01-15 09:20:07.159  2613  4217 D SemContextService:     .requestToUpdate() : service = Location Change Trigger
01-15 09:20:07.159  2613  4217 D SemContextService: unlock : requestToUpdate
01-15 09:20:07.160  2613  4217 D SemContextManager:   .requestToUpdate : listener = com.android.server.location.nsflp.NSLocationMonitor$5@37f2d77, service=Location Change Trigger
01-15 09:20:07.160  1679  3707 I sensors-hal: qsh_conn_resp_cb:930, resp_value = 0 for change_location_trigger 
01-15 09:20:07.162  5587 11306 I NewStopController_FLP: StateChecker, check stationary message
01-15 09:20:07.167  1679  3707 I sensors-hal: qsh_conn_event_cb:890, event[0] sensor:change_location_trigger  Wakeup, msg_id=1025, ts=3503599471313
01-15 09:20:07.167  1679  3707 I sensors-hal: handle_sns_client_event:85, change_location_trigger_event: msgid:1025
01-15 09:20:07.167  1679  3707 I sensors-hal: handle_sns_client_event:108, change_location_trigger_event: 255, 255
01-15 09:20:07.170  2613  3705 D CAE     : onGetSensorHubData(SensorHubParserProvider.java:92) - onGetSensorHubData Event [event buffer len :15], AP_WAKEUP
01-15 09:20:07.171  2613  3705 I CAE     : parse(SensorHubParserProvider.java:188) - buffer size = 15
01-15 09:20:07.171  2613  3705 I CAE     : parse(SensorHubParserProvider.java:199) - 1, 1, 61, -1, 0, 2, 1, 0, 0, 0, 1, 0, 0, 0, 0,
01-15 09:20:07.171  2613  3705 D CAE     : display(ContextProvider.java:375) - ================= CH_LOC_TRIGGER =================
01-15 09:20:07.171  2613  3705 I CAE     : display(ContextProvider.java:391) - duration=[1], property=[1], result=[2], reserved=[0]
01-15 09:20:07.172  2613  3702 D SemContextService: Service.updateContext() : service = Location Change Trigger
01-15 09:20:07.173  2613  3753 D SemContextManager: onSemContextChanged() : event = Location Change Trigger
01-15 09:20:07.173  2613  3753 D NSLocationMonitor: onSemContextChanged, activity : 1 result : 2 movement : 1
01-15 09:20:07.205  2613  3147 D PowerManagerService: displayReady: false groupId=0
01-15 09:20:07.205  2613  3147 D DisplayPowerController[0]: animateScreenStateChange: target=ON, mIsEnabled=true
01-15 09:20:07.205  2613  3147 D PowerManagerService: displayReady: true groupId=0
01-15 09:20:07.226  1679  7873 I sensors-hal: handle_sns_client_event:375, [0][321635] accel_sample [ 0.012,  9.210,  3.417] 182474015375686
01-15 09:20:07.276  2210  2210 I CNSS    : /sys/wifi/max_chipset_log_size doesn't exist
01-15 09:20:07.291  1821  1843 E HeatmapThread: ECT Thread time in milliseconds: 1768486807
01-15 09:20:07.294  1821  1843 D HeatmapThread: !@ batteryplugType : 2
01-15 09:20:07.295  1821  1843 D HeatmapThread: !@ batteryLevel : 57  batteryTemperature : 355 
01-15 09:20:07.296  1821  1843 D HeatmapThread: !@ Heatmap currtime: 29474780
01-15 09:20:07.296  1821  1843 D HeatmapThread: !@ Heatmap prevtime: 29474771
01-15 09:20:07.296  1821  1843 D HeatmapThread: !@ Heatmap plugstarttime: 29474767
01-15 09:20:07.296  1821  1843 D HeatmapThread: !@ Heatmap prevv_dsoh_update_time: 29474302
01-15 09:20:07.297  1821  1843 E HeatmapThread: !@ CAM New BSOH: 100
01-15 09:20:07.336  1674  5842 I vendor.qti.bluetooth@1.1-ibs_handler: ProcessIbsCmd: Received IBS_SLEEP_IND: 0xFE
01-15 09:20:07.355  1674  5842 I vendor.qti.bluetooth@1.1-ibs_handler: ProcessIbsCmd: Received IBS_WAKE_IND: 0xFD
01-15 09:20:07.355  1674  5842 I vendor.qti.bluetooth@1.1-ibs_handler: ProcessIbsCmd: Writing IBS_WAKE_ACK
01-15 09:20:07.379  2613  4714 D SLocation: WifiBssidMonitor - requestRefresh
01-15 09:20:07.387  1679  3918 I sensors-hal: handle_sns_std_sensor_event:131, [SSC_LIGHT] A: 333(333),c:0,b:180,m:13,cl:0,l:334,s:332,l0:59936,l1:5216,s0:59500,s1:5000,acl:3,opr:0.30,f(r):81,u(bl):92,if:0,wi:2,si:343,po:183(N:0)
01-15 09:20:07.406  2613  3147 D PowerManagerService: displayReady: false groupId=0
01-15 09:20:07.407  2613  3147 D DisplayPowerController[0]: animateScreenStateChange: target=ON, mIsEnabled=true
01-15 09:20:07.407  2613  3147 D PowerManagerService: displayReady: true groupId=0
01-15 09:20:07.485  4749  5196 I avrcp   : system/profile/avrcp/connection_handler.cc:643 MessageCb: Message received on handle 0
01-15 09:20:07.485  4749  5196 I avrcp   : system/profile/avrcp/device.cc:1548 MessageReceived: opcode=Opcode::VENDOR
01-15 09:20:07.485  4749  5196 I avrcp   : system/profile/avrcp/device.cc:200 VendorPacketHandler: pdu=CommandPdu::GET_PLAY_STATUS
01-15 09:20:07.485  4749  5196 I avrcp   : system/profile/avrcp/connection_handler.cc:837 SendMessage: SendMessage to handle=0x0
01-15 09:20:07.549  1674  5842 I vendor.qti.bluetooth@1.1-ibs_handler: ProcessIbsCmd: Received IBS_SLEEP_IND: 0xFE
01-15 09:20:07.551  1674  5842 I vendor.qti.bluetooth@1.1-ibs_handler: ProcessIbsCmd: Received IBS_WAKE_IND: 0xFD
01-15 09:20:07.551  1674  5842 I vendor.qti.bluetooth@1.1-ibs_handler: ProcessIbsCmd: Writing IBS_WAKE_ACK
01-15 09:20:07.569  1234  1234 D io_stats: !@   8,0 r 42854697 728108916 w 12939457 242649280 d 2388879 162709664 f 335988 735473 iot 8780068 0 th 0 0 0 pt 0 inp 0 0 159616.379
01-15 09:20:07.591  7389  7389 I AudioPathManager: loadAudioPath() : loaded audio path is bluetooth (2)
01-15 09:20:07.591  7389  7389 I EffectManager: isSupportDolbyAtmosOnThisAudioPath() : path is bluetooth (2)
01-15 09:20:07.591  7389  7389 I UHQUpscalerManager: isUHQCompatibleBluetooth() : support is 0, mode is 1
01-15 09:20:07.591  7389  7389 I AudioPathManager: loadAudioPath() : loaded audio path is bluetooth (2)
01-15 09:20:07.591  7389  7389 I EffectManager: isSupportVolumeNormalizationOnCurrentAudioPath() : path is bluetooth (2)
01-15 09:20:07.591  7389  7389 I DVFSHelper: isNecessaryToBoostCPU() : isDolbyOn? false, isUHQUpscalerOn? false, isVoiceBoostOn? false, isVolumeNormalizationOn? false
01-15 09:20:07.591  7389  7389 I DVFSHelper: acquireBoostingCPU() : stop boosting cpu
01-15 09:20:07.595  7389  7389 I AudioPathManager: loadAudioPath() : loaded audio path is bluetooth (2)
01-15 09:20:07.595  7389  7389 I EffectManager: isSupportDolbyAtmosOnThisAudioPath() : path is bluetooth (2)
01-15 09:20:07.596  7389  7389 I UHQUpscalerManager: isUHQCompatibleBluetooth() : support is 0, mode is 1
01-15 09:20:07.596  7389  7389 I AudioPathManager: loadAudioPath() : loaded audio path is bluetooth (2)
01-15 09:20:07.596  7389  7389 I EffectManager: isSupportVolumeNormalizationOnCurrentAudioPath() : path is bluetooth (2)
01-15 09:20:07.596  7389  7389 I DVFSHelper: isNecessaryToBoostCPU() : isDolbyOn? false, isUHQUpscalerOn? false, isVoiceBoostOn? false, isVolumeNormalizationOn? false
01-15 09:20:07.606  2613  3147 D PowerManagerService: displayReady: false groupId=0
01-15 09:20:07.607  2613  3147 D DisplayPowerController[0]: animateScreenStateChange: target=ON, mIsEnabled=true
01-15 09:20:07.609  2613  3147 D PowerManagerService: displayReady: true groupId=0
01-15 09:20:07.808  2613  3147 D PowerManagerService: displayReady: false groupId=0
01-15 09:20:07.808  2613  3147 D DisplayPowerController[0]: animateScreenStateChange: target=ON, mIsEnabled=true
01-15 09:20:07.808  2613  3147 D PowerManagerService: displayReady: true groupId=0
01-15 09:20:07.854  2613  3752 D GnssLocationProvider_ex: SV Count : 50 / 64      (PRN, Constellation, Type, SNR, Used)
01-15 09:20:07.855  2613  3752 D GnssLocationProvider_ex: (3, GPS, L1, 29.6, 0) (4, GPS, L1, 36.5, 1) (9, GPS, L1, 22.8, 0) (16, GPS, L1, 44.9, 1) (26, GPS, L1, 41.3, 1) (27, GPS, L1, 37.4, 1) 
01-15 09:20:07.855  2613  3752 D GnssLocationProvider_ex: (28, GPS, L1, 44.4, 1) (29, GPS, L1, 18.5, 0) (31, GPS, L1, 42.6, 1) (2, GLONASS, L1, 38.0, 1) (22, GLONASS, L1, 29.9, 1) (12, GLONASS, L1, 37.7, 1) 
01-15 09:20:07.855  2613  3752 D GnssLocationProvider_ex: (11, GLONASS, L1, 25.9, 1) (1, GLONASS, L1, 38.0, 1) (21, GLONASS, L1, 21.8, 0) (3, GLONASS, L1, 40.0, 1) (44, BEIDOU, L1, 42.5, 1) (42, BEIDOU, L1, 33.2, 1) 
01-15 09:20:07.855  2613  3752 D GnssLocationProvider_ex: (41, BEIDOU, L1, 33.6, 1) (35, BEIDOU, L1, 27.7, 1) (33, BEIDOU, L1, 38.2, 1) (26, BEIDOU, L1, 37.4, 0) (25, BEIDOU, L1, 36.8, 1) (24, BEIDOU, L1, 39.4, 1) 
01-15 09:20:07.855  2613  3752 D GnssLocationProvider_ex: (14, BEIDOU, L1, 41.8, 1) (12, BEIDOU, L1, 23.2, 0) (4, GALILEO, L1, 22.5, 0) (6, GALILEO, L1, 25.6, 0) (14, GALILEO, L1, 32.0, 1) (19, GALILEO, L1, 37.9, 1) 
01-15 09:20:07.855  2613  3752 D GnssLocationProvider_ex: (21, GALILEO, L1, 43.4, 1) (23, GALILEO, L1, 39.4, 1) (27, GALILEO, L1, 27.9, 1) (29, GALILEO, L1, 40.7, 1) (3, GPS, L5, 31.5, 1) (4, GPS, L5, 24.1, 1) 
01-15 09:20:07.855  2613  3752 D GnssLocationProvider_ex: (9, GPS, L5, 29.5, 1) (26, GPS, L5, 29.5, 1) (27, GPS, L5, 37.9, 1) (28, GPS, L5, 37.6, 1) (4, GALILEO, L5, 23.8, 0) (6, GALILEO, L5, 23.7, 0) 
01-15 09:20:07.855  2613  3752 D GnssLocationProvider_ex: (14, GALILEO, L5, 27.9, 1) (19, GALILEO, L5, 30.7, 1) (21, GALILEO, L5, 33.5, 1) (23, GALILEO, L5, 33.5, 1) (27, GALILEO, L5, 30.0, 1) (29, GALILEO, L5, 33.0, 1) 
01-15 09:20:07.855  2613  3752 D GnssLocationProvider_ex: (24, BEIDOU, L5, 29.3, 1) (25, BEIDOU, L5, 23.1, 1) (26, BEIDOU, L5, 21.9, 0) (33, BEIDOU, L5, 36.9, 0) (35, BEIDOU, L5, 18.8, 0) (41, BEIDOU, L5, 26.5, 1) 
01-15 09:20:07.855  2613  3752 D GnssLocationProvider_ex: (42, BEIDOU, L5, 34.7, 0) (44, BEIDOU, L5, 26.7, 1) (24, BEIDOU, L1, 37.9, 1) (25, BEIDOU, L1, 29.6, 1) (26, BEIDOU, L1, 36.9, 1) (33, BEIDOU, L1, 43.5, 1) 
01-15 09:20:07.855  2613  3752 D GnssLocationProvider_ex: (35, BEIDOU, L1, 29.6, 1) (41, BEIDOU, L1, 36.1, 1) (42, BEIDOU, L1, 37.4, 1) (44, BEIDOU, L1, 43.0, 1) 
01-15 09:20:07.856  2613  3752 D GnssLocationProvider: reportLocation
01-15 09:20:07.858  5587  5710 I GnssEngineManager_FLP: updateSatelliteStatus, top4=43, top6=43, visibleSv=64, usedSv=50, usedL5Sv=16 (usedGps=12, usedGlo=6, usedBds=20, usedGal=12)
01-15 09:20:07.859  5587  5710 I GnssEngineManager_FLP: onGpsLocationChanged, provider=gps / isMock=false / speed=0.0 / time=1768486808000 / elapsed=182474618306379
01-15 09:20:07.859  5587  5710 I NewStopController_FLP: isAvailableLastLoc, KeepStationary : false , timeGap : 37 , mStraightFixCount : 0
01-15 09:20:07.860  5587  5710 I NewStopController_FLP: onChangedGlpLocation, isGpsStopped= false, isReportingLL= false, isAvailableLastLoc : true
01-15 09:20:07.868  2613 12268 I Mocca_VehicleDetectionHelper: (1.1.04.1)GPS: Avg speed: 0.0 Speed: 0.0 LIST: [0.0, 0.0, 0.0, 0.0, 0.0, 0.0, 0.0, 0.0, 0.0, 0.0]
01-15 09:20:07.868  2613 12268 D VehicleSensorHub: vehicleSendToSensorHub status : 1 type : 18
01-15 09:20:07.868  2613 12268 I SensorManager: Get Sensor type = 65586
01-15 09:20:07.868  2613 12268 D SensorService: setSContextDataLocked ints length 3 , byte length 5
01-15 09:20:07.868  2613 12268 D SensorService: setSContextDataLocked 123c17c1
01-15 09:20:07.868  1679  1679 I sensors-hal: inject_sensor_data:407, handle 1502 send inject
01-15 09:20:07.868  1679  1679 I sensors-hal: sendContextData:290, sensor hal 5, (0xc1, 0x17, 0x3c, 0x12)
01-15 09:20:07.868  1679  1679 I sensors-hal: sendContextData:230, activities 5 c1, 1
01-15 09:20:07.868  1679  1679 I sensors-hal: sendUserData:251, Activities cmd 0xc1 0x17
01-15 09:20:07.868  1679  1679 I sensors-hal: create_send_context_data:80, sending create_send_context_data
01-15 09:20:07.868  1679  1679 I sensors-hal: send_context_data:694, activities, 4914309220830019584, 1320970896291267344, msgid:700
