01-15 09:20:01.885  4373  4650 D AppOpsPrivacyItemMonitor: showLocationSystemApps  AppOpItem(Op code=1, UID=5013, AttributionTag=null, Package name=com.sec.location.nsflp2, Paused=false)false)false)false)false)false)false)false)false)false)false)false)false)false)false)false)false)false)false)false)false)false)false)false)false)false)false)false)false)false)false)false)false)false)false)false)false)false)false)false)false)false)false)false)false)false)false)false)false)false)false)false)false)false)false)false)false)false)false)false)false)false)false)false)false)false)false)false)false)false)false)false)false)false)false)false)false)false)false)false)false)false)false)false)false)false)false)false)false)false)false)false)false)false)false)false)false)false)false)false)false)false)false)false)false)false)false)false)false)false)false)false)false)false)false)false)false)false)false)false)false)false)false)false)false)false)false)false)false)false)false)false)false)false)false)false)false)false)false)false)false)false)false)false)false)false)false)false)false)false)false)false)false)false)false)false)false)false)false)false)false)false)false)false)false)false)false)false)false)false)false)false)false)false)false)false)false)false)false)false)false)false)false)false)false)false)false)false)false)false)false)false)false)false)false)false)false)false)false)false)false)false)false)false)false)false)false)false)false)false)false)false)false)false)false)false)false)false)false)false)false)false)false)false)false)false)false)false)false)false)false)false)false)false)false)false)false)false)false)false)false)false)false)false)false)false)false)false)false)false)false)false)false)false)false)false)false)false)false)false)false)false)false)false)false)false)false)false)false)false)false)false)false)false)false)false)false)false)false)false)false)false)false)false)false)false)false)false)false)false)false)false)false)false)false)false)false)false)false)false)false)false)false)false)false)false)false)false)false)false)false)false)false)false)false)false)false)false)false)false)false)false)false)false)false)false)false)false)false)false)false)false)false)false)false)false)false)false)false)false)false)false)false)false)false)false)false)false)false)false)false)false)false)false)false)false)false)false)false)false)false)false)false)false)false)false)false)false)false)false)false)false)false)false)false)false)false)false)false)false)false)false)false)false)false)false)false)false)false)false)false)false)false)false)false)false)false)false)false)false)false)false)false)false)false)false)false)false)false)false)false)false)false)false)false)false)false)false)false)false)false)false)false)false)false)false)false)false)false)false)false)false)false)false)false)false)false)false)false)false)false)false)false)false)false)false)false)false)false)false)false)false)false)false)false)false)false)false)false)false)false)false)false)false)false)false)false)false)false)false)false)false)false)false)false)false)false)false)false)false)false)false)false)false)false)false)false)false)false)false)false)false)false)false)false)false)false)false)false)false)false)false)false)false)false)false)false)false)false)false)false)false)false)false)false)false)false)false)false)false)false)false)false)false)false)false)false)false)false)false)false)false)false)false)false)false)false)false)false)false)false)false)false)false)false)false)false)false)false)false)false)false)false)false)false)false)false)false)false)false)false)false)false)false)false)false)false)false)false)false)false)false)false)false)false)false)false)false)false)false)false)false)false)false)false)false)false)false)false)false)false)false)false)false)false)false)false)false)false)false)false)false)false)false)false)false)false)false)false)false)false)false)false)false)false)false)false)false)false)false)false)false)false)false)false)false)false)false)false)false)false)false)false)false)false)false)false)false)false)false)false)false)false)false)false)false)false)false)
01-15 09:20:01.885  1679  1679 I sensors-hal: inject_sensor_data:407, handle 1502 send inject
01-15 09:20:01.885  1679  1679 I sensors-hal: sendContextData:290, sensor hal 6, (0xc1, 0x17, 0x37, 0x11)
01-15 09:20:01.885  1679  1679 E sensors-hal: sendContextData:133, slocationcore h 193 m 23 s 55
01-15 09:20:01.885  1679  1679 I sensors-hal: sendUserData:119, slocationcore sendUserData
01-15 09:20:01.885  1679  1679 E sensors-hal: create_send_context_data:64, slocationcore create_send_context_data
01-15 09:20:01.885  1679  1679 I sensors-hal: send_context_data:694, slocationcore, 4986366670857974562, 1320970896291267344, msgid:700
01-15 09:20:01.885  1679  3707 I sensors-hal: qsh_conn_resp_cb:930, resp_value = 0 for slocationcore 
01-15 09:20:01.886  1679  3707 I sensors-hal: qsh_conn_event_cb:890, event[0] sensor:slocationcore  Wakeup, msg_id=1025, ts=3503498071983
01-15 09:20:01.886  1679  3707 E sensors-hal: handle_sns_client_event:78, slocationcore_event: msgid:1025
01-15 09:20:01.886  2613  4714 W CAE     : setCAProperty(ContextAwareService.java:515) - [setProperty 02] Mutex is unlocked for SLOCATION_RUNNER
01-15 09:20:01.886  2613  4714 D SemContextService: unlock : changeParameters
01-15 09:20:01.886  2613  4714 D SemContextManager:   .changeParameters : listener = Z.i@422b069, service=SLocation Core
01-15 09:20:01.887  2613  4714 D SLocation: GeofenceCoreManager - geofence core command pending size : 1
01-15 09:20:01.887  2613  4714 D SLocation: GeofenceCoreRecovery - storeGeofenceInfo 1 id = 15000, radius = 15465
01-15 09:20:01.887  2613  4714 D SLocation: SLocationCoreSem - send to coreSem, packet length : 16 / [16, 58, 152, 25, 97, 52, 249, 212, 249, 248, 231, 0, 0, 60, 105, 1]
01-15 09:20:01.887  2613  4714 D SemContextLocationCoreAttribute: setAttribute() mode : 0 action : 23
01-15 09:20:01.887  2613  4714 D SemContextService: lock : changeParameters
01-15 09:20:01.887  2613  4714 D SemContext.CaeProvider.LocationCoreImpl: setAttribute() mode : 0 action : 23
01-15 09:20:01.887  4373  4373 D AiAgentEffect: onPrivacyItemsChanged privacyItems.size = 3
01-15 09:20:01.887  4373  4373 D AiAgentEffect: onPrivacyItemsChanged privacyItems isEmpty or found item is null
01-15 09:20:01.887  2613  4714 W CAE     : setCAProperty(ContextAwareService.java:509) - [setProperty 01] Mutex is locked for SLOCATION_RUNNER
01-15 09:20:01.887  2613  4714 I CAE     : setPropertyValue(SLocationRunner.java:116) - SLocationRunner setProperty header : 16, len : 16
01-15 09:20:01.888  7549  7903 I FusedLocation: (REDACTED) location delivery to %s blocked - too fast
01-15 09:20:01.888  2613  3709 D SensorService: setSContextDataLocked ints length 6 , byte length 19
01-15 09:20:01.888  2613  3709 D SensorService: setSContextDataLocked 103717c1
01-15 09:20:01.888  2613  3705 D CAE     : onGetSensorHubData(SensorHubParserProvider.java:92) - onGetSensorHubData Event [event buffer len :10], AP_WAKEUP
01-15 09:20:01.888  1679  1679 I sensors-hal: inject_sensor_data:407, handle 1502 send inject
01-15 09:20:01.888  1679  1679 I sensors-hal: sendContextData:290, sensor hal 19, (0xc1, 0x17, 0x37, 0x10)
01-15 09:20:01.888  1679  1679 E sensors-hal: sendContextData:133, slocationcore h 193 m 23 s 55
01-15 09:20:01.888  1679  1679 I sensors-hal: sendUserData:119, slocationcore sendUserData
01-15 09:20:01.888  1679  1679 E sensors-hal: create_send_context_data:64, slocationcore create_send_context_data
01-15 09:20:01.888  1679  1679 I sensors-hal: send_context_data:694, slocationcore, 4986366670857974562, 1320970896291267344, msgid:700
01-15 09:20:01.889  7549  7903 I FusedLocation: (REDACTED) location delivery to %s blocked - too fast
01-15 09:20:01.889  7549  7903 I FusedLocation: (REDACTED) location delivery to %s blocked - too fast
01-15 09:20:01.889  1679  3707 I sensors-hal: qsh_conn_resp_cb:930, resp_value = 0 for slocationcore 
01-15 09:20:01.889  7549  7903 I FusedLocation: (REDACTED) location delivery to %s blocked - too close
01-15 09:20:01.889  2613  3705 I CAE     : parse(SensorHubParserProvider.java:188) - buffer size = 10
01-15 09:20:01.889  7549  7903 I FusedLocation: (REDACTED) location delivery to %s blocked - too fast
01-15 09:20:01.889  1679  3707 I sensors-hal: qsh_conn_event_cb:890, event[0] sensor:slocationcore  Wakeup, msg_id=1025, ts=3503498137319
01-15 09:20:01.889  1679  3707 E sensors-hal: handle_sns_client_event:78, slocationcore_event: msgid:1025
01-15 09:20:01.889  2613  3705 I CAE     : parse(SensorHubParserProvider.java:199) - 1, 1, 55, 0, 5, 2, 17, 0, 58, -104,
01-15 09:20:01.889  2613  3705 I CAE     : parse(SLocationRunner.java:88) - SLocationRunner parse start : 3
01-15 09:20:01.889  2613  3705 D CAE     : display(ContextProvider.java:375) - ================= SLOCATION_RUNNER =================
01-15 09:20:01.889  2613  3705 I CAE     : display(ContextProvider.java:391) - ExtraDataArray=[1, 1, 55, 0, 5, 2, 17, 0, 58, -104]
01-15 09:20:01.889  2613  3705 I CAE     : parse(SLocationRunner.java:96) - SLocationRunner parse end:10
01-15 09:20:01.891  2613  4714 W CAE     : setCAProperty(ContextAwareService.java:515) - [setProperty 02] Mutex is unlocked for SLOCATION_RUNNER
01-15 09:20:01.891  2613  4714 D SemContextService: unlock : changeParameters
01-15 09:20:01.891  2613  4714 D SemContextManager:   .changeParameters : listener = Z.i@422b069, service=SLocation Core
01-15 09:20:01.891  2613  3705 D CAE     : onGetSensorHubData(SensorHubParserProvider.java:92) - onGetSensorHubData Event [event buffer len :10], AP_WAKEUP
01-15 09:20:01.891  2613  3705 I CAE     : parse(SensorHubParserProvider.java:188) - buffer size = 10
01-15 09:20:01.891  2613  3705 I CAE     : parse(SensorHubParserProvider.java:199) - 1, 1, 55, 0, 5, 2, 16, 0, 58, -104,
01-15 09:20:01.891  2613  3705 I CAE     : parse(SLocationRunner.java:88) - SLocationRunner parse start : 3
01-15 09:20:01.891  2613  3705 D CAE     : display(ContextProvider.java:375) - ================= SLOCATION_RUNNER =================
01-15 09:20:01.892  2613  3705 I CAE     : display(ContextProvider.java:391) - ExtraDataArray=[1, 1, 55, 0, 5, 2, 16, 0, 58, -104]
01-15 09:20:01.892  2613  3705 I CAE     : parse(SLocationRunner.java:96) - SLocationRunner parse end:10
01-15 09:20:01.892  7549  7903 I FusedLocation: (REDACTED) location delivery to %s blocked - too fast
01-15 09:20:01.892  7549  7903 I FusedLocation: (REDACTED) location delivery to %s blocked - too close
01-15 09:20:01.893  2613  2613 D SemContextManager: onSemContextChanged() : event = SLocation Core
01-15 09:20:01.893  2613  2613 D SLocation: SensorHubWrapper - SemContextChanged type = 47, packet received
01-15 09:20:01.893  7549  7903 I FusedLocation: (REDACTED) location delivery to %s blocked - too fast
01-15 09:20:01.894  2613  4714 D SLocation: GeofenceCoreManager - received Extra Data from core, len : 5
01-15 09:20:01.894  2613  4714 D SLocation: GeofenceCoreManager - handleCommandCallback - GEOFENCE_REMOVE SUCCESS
01-15 09:20:01.895  2613  4714 I SLocation: SHardwareManager - handleRemoveCallback : GEOFENCE_SUCCESS, id = 15000
01-15 09:20:01.895  2613  4714 D SLocation: CommonCoreManager - received Extra Data from core, len : 5
01-15 09:20:01.895  2613  4714 D SLocation: PositionManager - Passive handleLocationChanged [F, A : 3.80, T : 1768486801822, ET : 182468618, h : 19/19]
01-15 09:20:01.895  2613  4714 D SLocation: PositionManager - receive fused location
01-15 09:20:01.895  2613  4714 D SLocation: DuplicateLocationChecker_GeofenceLocationFilter - fused is duplicated last gps location
01-15 09:20:01.895  2613  4714 D SLocation: LocationBuffer - receivedLocation - op[interval(min 60000, max 1800000), waitTime 36000000, numOfUpdates 5, minDistance 200.0]dist : 43.906803 diffTime : 24000 filtered Location
01-15 09:20:01.895  2613  4714 D SLocation: BatchManager - received batch location buffered = false
01-15 09:20:01.895  2613  4714 W Settings: Setting airplane_mode_on has moved from android.provider.Settings.System to android.provider.Settings.Global, returning read-only value.
01-15 09:20:01.895  2613  3702 D SemContextService: Service.updateContext() : service = SLocation Core
01-15 09:20:01.895  5028  5208 I HoneySpace.StatusIconTracker: invokeEvent() called with: event = PrivacyInfo(visible=false)
01-15 09:20:01.896  2613  4714 D SLocation: FilteredLastLocation - notify all last locations, loc : 3
01-15 09:20:01.896  2613  2613 D SemContextManager: onSemContextChanged() : event = SLocation Core
01-15 09:20:01.896  2613  2613 D SLocation: SensorHubWrapper - SemContextChanged type = 47, packet received
01-15 09:20:01.897  2613  4714 D SLocation: GeofenceCoreManager - received Extra Data from core, len : 5
01-15 09:20:01.897  2613  4714 D SLocation: GeofenceCoreManager - handleCommandCallback - GEOFENCE_ADD SUCCESS
01-15 09:20:01.897  2613  4714 I SLocation: SHardwareManager - handleAddCallback : GEOFENCE_SUCCESS id = 15000
01-15 09:20:01.897  2613  4714 D SLocation: CommonCoreManager - received Extra Data from core, len : 5
01-15 09:20:01.897  2613  3702 D SemContextService: Service.updateContext() : service = SLocation Core
01-15 09:20:01.897  5587  5710 I GmsPassiveListener_FLP: onGmsLocationChanged, provider=fused / speed=0.0 / time=1768486801822 / elapsed=182468618306379
01-15 09:20:01.903  4373  4373 W View    : requestLayout() improperly called by com.android.systemui.qs.SecQSGradationDrawableView{ea1dade V.E...... ......ID 0,0-1080,332 #7f0a0a16 app:id/qs_gradation_view} during layout: running second layout pass
01-15 09:20:01.904  4373  4373 W View    : requestLayout() improperly called by android.widget.FrameLayout{14e04bf V.E...... ......I. 0,0-1080,2340 #2} during layout: running second layout pass
01-15 09:20:01.904  4373  4373 W View    : requestLayout() improperly called by android.widget.FrameLayout{e64678c V.E...... ......ID 0,152-1080,2205 #7f0a0a14 app:id/qs_frame} during layout: running second layout pass
01-15 09:20:01.904  4373  4373 W RefactorFlag: New code path expects SceneContainerFlag to be enabled.
01-15 09:20:01.910  1674  5842 I vendor.qti.bluetooth@1.1-ibs_handler: ProcessIbsCmd: Received IBS_SLEEP_IND: 0xFE
01-15 09:20:01.912  1674  5842 I vendor.qti.bluetooth@1.1-ibs_handler: ProcessIbsCmd: Received IBS_WAKE_IND: 0xFD
01-15 09:20:01.912  1674  5842 I vendor.qti.bluetooth@1.1-ibs_handler: ProcessIbsCmd: Writing IBS_WAKE_ACK
01-15 09:20:01.975  4749  5196 I avrcp   : system/profile/avrcp/connection_handler.cc:643 MessageCb: Message received on handle 0
01-15 09:20:01.975  4749  5196 I avrcp   : system/profile/avrcp/device.cc:1548 MessageReceived: opcode=Opcode::VENDOR
01-15 09:20:01.975  4749  5196 I avrcp   : system/profile/avrcp/device.cc:200 VendorPacketHandler: pdu=CommandPdu::GET_PLAY_STATUS
01-15 09:20:01.975  4749  5196 I avrcp   : system/profile/avrcp/connection_handler.cc:837 SendMessage: SendMessage to handle=0x0
01-15 09:20:01.982  2613  3147 D PowerManagerService: displayReady: false groupId=0
01-15 09:20:01.983  2613  3147 D DisplayPowerController[0]: animateScreenStateChange: target=ON, mIsEnabled=true
01-15 09:20:01.984  2613  3147 D PowerManagerService: displayReady: true groupId=0
01-15 09:20:02.017  4749  5964 I ScanController: onScanResult to scannerId: 7- eventType=0x10, addressType=1, address=XX:XX:XX:XX:DC:46, primaryPhy=1, secondaryPhy=0, advertisingSid=0xff, txPower=127, rssi=-94, periodicAdvInt=0x0
01-15 09:20:02.034  2255  2602 V NuPlayerDriver: getCurrentPosition(0xb4000074a734fff0) 30833 (msec), at state 5
01-15 09:20:02.126  2613  3554 D SemContextService: lock : requestToUpdate
01-15 09:20:02.127  2613  3554 W CAE     : setCAProperty(ContextAwareService.java:509) - [setProperty 01] Mutex is locked for CH_LOC_TRIGGER
01-15 09:20:02.127  2613  3709 D SensorService: setSContextDataLocked ints length 2 , byte length 4
01-15 09:20:02.128  2613  3709 D SensorService: setSContextDataLocked 3db8
01-15 09:20:02.128  1679  1679 I sensors-hal: inject_sensor_data:407, handle 1502 send inject
01-15 09:20:02.128  1679  1679 I sensors-hal: sendContextData:290, sensor hal 4, (0xb8, 0x3d, 0x0, 0x0)
01-15 09:20:02.128  1679  1679 I sensors-hal: sendContextData:131, change_location_trigger 4,184
01-15 09:20:02.128  1679  1679 I sensors-hal: sendUserData:118, change_location_trigger h 184 m 61 s 0
01-15 09:20:02.128  1679  1679 I sensors-hal: create_send_context_data:66, change_location_trigger create_send_context_data
01-15 09:20:02.128  1679  1679 I sensors-hal: send_context_data:694, change_location_trigger, -244018566922240, 1320970896291267344, msgid:700
01-15 09:20:02.129  1679  3707 I sensors-hal: qsh_conn_resp_cb:930, resp_value = 0 for change_location_trigger 
01-15 09:20:02.129  2613  3554 W CAE     : setCAProperty(ContextAwareService.java:515) - [setProperty 02] Mutex is unlocked for CH_LOC_TRIGGER
01-15 09:20:02.129  2613  3554 D SemContextService:     .requestToUpdate() : service = Location Change Trigger
01-15 09:20:02.129  2613  3554 D SemContextService: unlock : requestToUpdate
01-15 09:20:02.129  2613  3554 D SemContextManager:   .requestToUpdate : listener = com.android.server.location.nsflp.NSLocationMonitor$5@37f2d77, service=Location Change Trigger
01-15 09:20:02.130  5587 11306 I NewStopController_FLP: StateChecker, check stationary message
01-15 09:20:02.156  1679  3707 I sensors-hal: qsh_conn_event_cb:890, event[0] sensor:change_location_trigger  Wakeup, msg_id=1025, ts=3503503245093
01-15 09:20:02.156  1679  3707 I sensors-hal: handle_sns_client_event:85, change_location_trigger_event: msgid:1025
01-15 09:20:02.156  1679  3707 I sensors-hal: handle_sns_client_event:108, change_location_trigger_event: 255, 255
01-15 09:20:02.161  2613  3705 D CAE     : onGetSensorHubData(SensorHubParserProvider.java:92) - onGetSensorHubData Event [event buffer len :15], AP_WAKEUP
01-15 09:20:02.162  2613  3705 I CAE     : parse(SensorHubParserProvider.java:188) - buffer size = 15
01-15 09:20:02.163  2613  3705 I CAE     : parse(SensorHubParserProvider.java:199) - 1, 1, 61, -1, 0, 2, 1, 0, 0, 0, 1, 0, 0, 0, 0,
01-15 09:20:02.163  2613  3705 D CAE     : display(ContextProvider.java:375) - ================= CH_LOC_TRIGGER =================
01-15 09:20:02.164  2613  3705 I CAE     : display(ContextProvider.java:391) - duration=[1], property=[1], result=[2], reserved=[0]
01-15 09:20:02.166  2613  3702 D SemContextService: Service.updateContext() : service = Location Change Trigger
01-15 09:20:02.167  2613  3753 D SemContextManager: onSemContextChanged() : event = Location Change Trigger
01-15 09:20:02.167  2613  3753 D NSLocationMonitor: onSemContextChanged, activity : 1 result : 2 movement : 1
01-15 09:20:02.183  2613  3147 D PowerManagerService: displayReady: false groupId=0
01-15 09:20:02.183  2613  3147 D DisplayPowerController[0]: animateScreenStateChange: target=ON, mIsEnabled=true
01-15 09:20:02.184  2613  3147 D PowerManagerService: displayReady: true groupId=0
01-15 09:20:02.215  1679 12284 I sensors-hal: handle_sns_client_event:422, [0][184367] gyro_sample_cal(cal_available:1)(3) [ 0.013, 0.001, 0.008] bias[-0.002,-0.005,-0.001] 182469003367144
01-15 09:20:02.218  1679  4527 I sensors-hal: handle_sns_client_event:455, [0][2310] gyro_sample_uncal [-0.006,-0.001, 0.008] [-0.002,-0.005,-0.001] 182469007543238
01-15 09:20:02.224  1679  4530 I sensors-hal: handle_sns_client_event:341, [964] mag_sample_cal(magcal_available:1): ts=182469009702873 ns; cal = [-17.902756, -53.151154, 13.309605], uncal = [-188.722748, 189.188843, -45.670395], bias = [-170.819992, 242.339996, -58.980000], status=1
01-15 09:20:02.240  1679 12118 I sensors-hal: handle_sns_std_sensor_event:158, [38519] Pressure 954.840, cal 0.024, sw_offset 0.150 (lsb(bit) 0x44 0xb0 0x3b)
01-15 09:20:02.291  1821  1843 E HeatmapThread: ECT Thread time in milliseconds: 1768486802
01-15 09:20:02.295  1821  1843 D HeatmapThread: !@ batteryplugType : 2
01-15 09:20:02.295  1821  1843 D HeatmapThread: !@ batteryLevel : 57  batteryTemperature : 355 
01-15 09:20:02.295  1821  1843 D HeatmapThread: !@ Heatmap currtime: 29474780
01-15 09:20:02.295  1821  1843 D HeatmapThread: !@ Heatmap prevtime: 29474771
01-15 09:20:02.295  1821  1843 D HeatmapThread: !@ Heatmap plugstarttime: 29474767
01-15 09:20:02.295  1821  1843 D HeatmapThread: !@ Heatmap prevv_dsoh_update_time: 29474302
01-15 09:20:02.295  1821  1843 E HeatmapThread: !@ CAM New BSOH: 100
01-15 09:20:02.337  1679  3918 I sensors-hal: handle_sns_std_sensor_event:131, [SSC_LIGHT] A: 320(320),c:0,b:180,m:13,cl:0,l:320,s:320,l0:57600,l1:5120,s0:57500,s1:5000,acl:3,opr:0.30,f(r):81,u(bl):92,if:0,wi:2,si:343,po:183(N:0)
01-15 09:20:02.383  2613  4714 D SLocation: WifiBssidMonitor - requestRefresh
01-15 09:20:02.384  2613  3147 D PowerManagerService: displayReady: false groupId=0
01-15 09:20:02.384  2613  3147 D DisplayPowerController[0]: animateScreenStateChange: target=ON, mIsEnabled=true
01-15 09:20:02.385  2613  3147 D PowerManagerService: displayReady: true groupId=0
01-15 09:20:02.472  4749  5196 I avrcp   : system/profile/avrcp/connection_handler.cc:643 MessageCb: Message received on handle 0
01-15 09:20:02.473  4749  5196 I avrcp   : system/profile/avrcp/device.cc:1548 MessageReceived: opcode=Opcode::VENDOR
01-15 09:20:02.473  4749  5196 I avrcp   : system/profile/avrcp/device.cc:200 VendorPacketHandler: pdu=CommandPdu::GET_PLAY_STATUS
01-15 09:20:02.473  4749  5196 I avrcp   : system/profile/avrcp/connection_handler.cc:837 SendMessage: SendMessage to handle=0x0
01-15 09:20:02.501  1650  1765 I minksocket: MinkIPC MESSAGE: ( 1650:1765 ) MinkIPC_QRTR_Service:351 minkipc = 0xb400007a974104f0 sock = 15, client with node 1 port 6654 went down
01-15 09:20:02.501  1650  1790 I minksocket: MinkIPC MESSAGE: ( 1650:1790 ) MinkIPC_QRTR_Service:351 minkipc = 0xb400007a97411410 sock = 33, client with node 1 port 6654 went down
01-15 09:20:02.503  1650  1790 I minksocket: MinkIPC MESSAGE: ( 1650:1790 ) MinkIPC_QRTR_Service:351 minkipc = 0xb400007a97411410 sock = 33, client with node 1 port 6655 went down
01-15 09:20:02.503  1650  1765 I minksocket: MinkIPC MESSAGE: ( 1650:1765 ) MinkIPC_QRTR_Service:351 minkipc = 0xb400007a974104f0 sock = 15, client with node 1 port 6655 went down
01-15 09:20:02.505  1650  1765 I minksocket: MinkIPC MESSAGE: ( 1650:1765 ) MinkIPC_QRTR_Service:351 minkipc = 0xb400007a974104f0 sock = 15, client with node 1 port 6656 went down
01-15 09:20:02.505  1650  1790 I minksocket: MinkIPC MESSAGE: ( 1650:1790 ) MinkIPC_QRTR_Service:351 minkipc = 0xb400007a97411410 sock = 33, client with node 1 port 6656 went down
01-15 09:20:02.507  1650  1765 I minksocket: MinkIPC MESSAGE: ( 1650:1765 ) MinkIPC_QRTR_Service:351 minkipc = 0xb400007a974104f0 sock = 15, client with node 1 port 6657 went down
01-15 09:20:02.507  1650  1790 I minksocket: MinkIPC MESSAGE: ( 1650:1790 ) MinkIPC_QRTR_Service:351 minkipc = 0xb400007a97411410 sock = 33, client with node 1 port 6657 went down
01-15 09:20:02.571  7389  7389 I AudioPathManager: loadAudioPath() : loaded audio path is bluetooth (2)
01-15 09:20:02.571  7389  7389 I EffectManager: isSupportDolbyAtmosOnThisAudioPath() : path is bluetooth (2)
01-15 09:20:02.572  7389  7389 I UHQUpscalerManager: isUHQCompatibleBluetooth() : support is 0, mode is 1
01-15 09:20:02.572  7389  7389 I AudioPathManager: loadAudioPath() : loaded audio path is bluetooth (2)
01-15 09:20:02.572  7389  7389 I EffectManager: isSupportVolumeNormalizationOnCurrentAudioPath() : path is bluetooth (2)
01-15 09:20:02.572  7389  7389 I DVFSHelper: isNecessaryToBoostCPU() : isDolbyOn? false, isUHQUpscalerOn? false, isVoiceBoostOn? false, isVolumeNormalizationOn? false
01-15 09:20:02.585  2613  3147 D PowerManagerService: displayReady: false groupId=0
01-15 09:20:02.586  2613  3147 D DisplayPowerController[0]: animateScreenStateChange: target=ON, mIsEnabled=true
01-15 09:20:02.587  2613  3147 D PowerManagerService: displayReady: true groupId=0
01-15 09:20:02.785  2613  3147 D PowerManagerService: displayReady: false groupId=0
01-15 09:20:02.786  2613  3147 D DisplayPowerController[0]: animateScreenStateChange: target=ON, mIsEnabled=true
01-15 09:20:02.787  2613  3147 D PowerManagerService: displayReady: true groupId=0
01-15 09:20:02.834  4749  5196 I avrcp   : system/profile/avrcp/device.cc:2779 HandlePlayPosUpdate: 
01-15 09:20:02.837  4749  5196 I avrcp   : system/profile/avrcp/device.cc:1369 PlaybackPosNotificationResponse: pos= 31906
01-15 09:20:02.837  4749  5196 I avrcp   : system/profile/avrcp/connection_handler.cc:837 SendMessage: SendMessage to handle=0x0
01-15 09:20:02.852  2613  3752 D GnssLocationProvider_ex: SV Count : 50 / 64      (PRN, Constellation, Type, SNR, Used)
01-15 09:20:02.852  2613  3752 D GnssLocationProvider_ex: (3, GPS, L1, 28.8, 0) (4, GPS, L1, 36.6, 1) (9, GPS, L1, 20.3, 0) (16, GPS, L1, 44.6, 1) (26, GPS, L1, 41.3, 1) (27, GPS, L1, 38.2, 1) 
01-15 09:20:02.852  2613  3752 D GnssLocationProvider_ex: (28, GPS, L1, 44.1, 1) (29, GPS, L1, 23.1, 0) (31, GPS, L1, 42.2, 1) (2, GLONASS, L1, 39.3, 1) (22, GLONASS, L1, 24.1, 1) (12, GLONASS, L1, 38.7, 1) 
01-15 09:20:02.852  2613  3752 D GnssLocationProvider_ex: (11, GLONASS, L1, 29.8, 1) (1, GLONASS, L1, 37.9, 1) (21, GLONASS, L1, 20.2, 0) (3, GLONASS, L1, 39.8, 1) (44, BEIDOU, L1, 42.1, 1) (42, BEIDOU, L1, 35.4, 1) 
01-15 09:20:02.852  2613  3752 D GnssLocationProvider_ex: (41, BEIDOU, L1, 33.6, 1) (35, BEIDOU, L1, 30.4, 1) (33, BEIDOU, L1, 40.1, 1) (26, BEIDOU, L1, 36.5, 0) (25, BEIDOU, L1, 35.9, 0) (24, BEIDOU, L1, 38.9, 1) 
01-15 09:20:02.852  2613  3752 D GnssLocationProvider_ex: (14, BEIDOU, L1, 41.3, 1) (12, BEIDOU, L1, 24.6, 0) (4, GALILEO, L1, 26.8, 0) (6, GALILEO, L1, 24.3, 0) (14, GALILEO, L1, 32.3, 1) (19, GALILEO, L1, 37.6, 1) 
01-15 09:20:02.852  2613  3752 D GnssLocationProvider_ex: (21, GALILEO, L1, 42.8, 1) (23, GALILEO, L1, 39.7, 1) (27, GALILEO, L1, 30.5, 1) (29, GALILEO, L1, 42.3, 1) (3, GPS, L5, 32.5, 1) (4, GPS, L5, 25.4, 1) 
01-15 09:20:02.852  2613  3752 D GnssLocationProvider_ex: (9, GPS, L5, 30.1, 1) (26, GPS, L5, 29.5, 1) (27, GPS, L5, 37.6, 1) (28, GPS, L5, 37.5, 1) (4, GALILEO, L5, 22.4, 1) (6, GALILEO, L5, 27.1, 0) 
01-15 09:20:02.852  2613  3752 D GnssLocationProvider_ex: (14, GALILEO, L5, 27.6, 1) (19, GALILEO, L5, 30.2, 1) (21, GALILEO, L5, 32.9, 1) (23, GALILEO, L5, 34.5, 1) (27, GALILEO, L5, 29.9, 1) (29, GALILEO, L5, 32.3, 1) 
01-15 09:20:02.852  2613  3752 D GnssLocationProvider_ex: (24, BEIDOU, L5, 28.8, 1) (25, BEIDOU, L5, 25.0, 0) (26, BEIDOU, L5, 22.8, 0) (33, BEIDOU, L5, 36.7, 0) (35, BEIDOU, L5, 19.0, 0) (41, BEIDOU, L5, 27.0, 1) 
01-15 09:20:02.852  2613  3752 D GnssLocationProvider_ex: (42, BEIDOU, L5, 35.0, 1) (44, BEIDOU, L5, 26.5, 1) (24, BEIDOU, L1, 37.0, 1) (25, BEIDOU, L1, 31.7, 1) (26, BEIDOU, L1, 38.3, 1) (33, BEIDOU, L1, 44.2, 1) 
01-15 09:20:02.852  2613  3752 D GnssLocationProvider_ex: (35, BEIDOU, L1, 30.1, 1) (41, BEIDOU, L1, 38.0, 1) (42, BEIDOU, L1, 39.2, 1) (44, BEIDOU, L1, 43.0, 1) 
01-15 09:20:02.856  4749  5196 I avrcp   : system/profile/avrcp/connection_handler.cc:643 MessageCb: Message received on handle 0
01-15 09:20:02.856  4749  5196 I avrcp   : system/profile/avrcp/device.cc:1548 MessageReceived: opcode=Opcode::VENDOR
01-15 09:20:02.856  4749  5196 I avrcp   : system/profile/avrcp/device.cc:200 VendorPacketHandler: pdu=CommandPdu::REGISTER_NOTIFICATION
01-15 09:20:02.856  4749  5196 I avrcp   : system/profile/avrcp/device.cc:831 HandleNotification: event=Event::PLAYBACK_POS_CHANGED
01-15 09:20:02.856  4749  5196 I avrcp   : system/profile/avrcp/connection_handler.cc:837 SendMessage: SendMessage to handle=0x0
01-15 09:20:02.857  4749  5196 I avrcp   : system/profile/avrcp/device.cc:915 HandleNotification: Queue next play position update
01-15 09:20:02.859  2613  3752 D GnssLocationProvider: reportLocation
01-15 09:20:02.862  5587  5710 I GnssEngineManager_FLP: updateSatelliteStatus, top4=43, top6=43, visibleSv=64, usedSv=50, usedL5Sv=17 (usedGps=12, usedGlo=6, usedBds=19, usedGal=13)
01-15 09:20:02.868  5587  5710 I GnssEngineManager_FLP: onGpsLocationChanged, provider=gps / isMock=false / speed=0.0 / time=1768486803000 / elapsed=182469618306379
01-15 09:20:02.869  5587  5710 I NewStopController_FLP: isAvailableLastLoc, KeepStationary : false , timeGap : 47 , mStraightFixCount : 0
01-15 09:20:02.870  5587  5710 I NewStopController_FLP: onChangedGlpLocation, isGpsStopped= false, isReportingLL= false, isAvailableLastLoc : true
01-15 09:20:02.873  2613  4714 D SLocation: PositionManager - Passive handleLocationChanged [G, A : 3.80, T : 1768486803000, ET : 182469618, E : OD, h : 19/19]
01-15 09:20:02.873  7549  7903 I FusedLocation: (REDACTED) location delivery to %s blocked - too fast
01-15 09:20:02.873  2613  4714 D SLocation: PositionManager - receive gps location
01-15 09:20:02.873  2613 12268 I Mocca_VehicleDetectionHelper: (1.1.04.1)GPS: Avg speed: 0.0 Speed: 0.0 LIST: [0.0, 0.0, 0.0, 0.0, 0.0, 0.0, 0.0, 0.0, 0.0, 0.0]
01-15 09:20:02.874  2613 12268 D VehicleSensorHub: vehicleSendToSensorHub status : 1 type : 18
01-15 09:20:02.874  2613 12268 I SensorManager: Get Sensor type = 65586
01-15 09:20:02.874  2613 12268 D SensorService: setSContextDataLocked ints length 3 , byte length 5
01-15 09:20:02.874  2613 12268 D SensorService: setSContextDataLocked 123c17c1
01-15 09:20:02.874  7549  7903 I FusedLocation: (REDACTED) location delivery to %s blocked - too fast
01-15 09:20:02.874  1679  1679 I sensors-hal: inject_sensor_data:407, handle 1502 send inject
01-15 09:20:02.874  1679  1679 I sensors-hal: sendContextData:290, sensor hal 5, (0xc1, 0x17, 0x3c, 0x12)
01-15 09:20:02.874  1679  1679 I sensors-hal: sendContextData:230, activities 5 c1, 1
01-15 09:20:02.875  7549  7903 I FusedLocation: (REDACTED) location delivery to %s blocked - too fast
01-15 09:20:02.875  1679  1679 I sensors-hal: sendUserData:251, Activities cmd 0xc1 0x17
01-15 09:20:02.875  7549  7903 I FusedLocation: (REDACTED) location delivery to %s blocked - too close
01-15 09:20:02.875  1679  1679 I sensors-hal: create_send_context_data:80, sending create_send_context_data
01-15 09:20:02.875  1679  1679 I sensors-hal: send_context_data:694, activities, 4914309220830019584, 1320970896291267344, msgid:700
01-15 09:20:02.875  2613  4714 D SLocation: GeofenceLocationFilter - location sent before 993, need to filter / provider : gps, accuracy : 3.7962263
01-15 09:20:02.875  2613  4714 I SLocation: GeofenceLocationFilter - alarm set, next time to send location : 182474677, E.Q@26f6e05
01-15 09:20:02.875  1679  3707 I sensors-hal: qsh_conn_resp_cb:930, resp_value = 0 for activities 
01-15 09:20:02.875  2613 12268 W ContextImpl: Calling a method in the system process without a qualified user: android.app.ContextImpl.sendBroadcast:1335 com.samsung.android.mocca.app.vehicle.AdvancedVehicleDetection.reportAdvancedVehicleEvent:185 com.samsung.android.mocca.app.vehicle.AdvancedVehicleDetection.handleLocEvent:277 com.samsung.android.mocca.app.vehicle.AdvancedVehicleDetection.p:0 D.e.h:136 
01-15 09:20:02.876  7549  7903 I FusedLocation: (REDACTED) location delivery to %s blocked - too fast
01-15 09:20:02.876  7549  7903 I FusedLocation: (REDACTED) location delivery to %s blocked - too close
01-15 09:20:02.876  2613  4714 D SLocation: LocationBuffer - receivedLocation - op[interval(min 60000, max 1800000), waitTime 36000000, numOfUpdates 5, minDistance 200.0]dist : 43.911884 diffTime : 25000 filtered Location
01-15 09:20:02.876  2613  4714 D SLocation: BatchManager - received batch location buffered = false
01-15 09:20:02.876  7549  7903 I FusedLocation: (REDACTED) location delivery to %s blocked - too fast
01-15 09:20:02.878  5587  5710 I GmsPassiveListener_FLP: onGmsLocationChanged, provider=fused / speed=0.0 / time=1768486802822 / elapsed=182469618306379
01-15 09:20:02.879  2613  4714 D SLocation: LastLocations - update latest location [G, A : 3.80, T : 1768486803000, ET : 182469618, E : OD, h : 19/19]
01-15 09:20:02.880  2613  4714 D SLocation: FilteredLastLocation - notify all last locations, loc : 3
01-15 09:20:02.880  2613  4714 D SLocation: PositionManager - Passive handleLocationChanged [F, A : 3.80, T : 1768486802822, ET : 182469618, h : 19/19]
01-15 09:20:02.880  2613  4714 D SLocation: PositionManager - receive fused location
01-15 09:20:02.880  2613  4714 D SLocation: DuplicateLocationChecker_GeofenceLocationFilter - fused is duplicated last gps location
01-15 09:20:02.880  2613  4714 D SLocation: LocationBuffer - receivedLocation - op[interval(min 60000, max 1800000), waitTime 36000000, numOfUpdates 5, minDistance 200.0]dist : 43.906803 diffTime : 25000 filtered Location
01-15 09:20:02.880  2613  4714 D SLocation: BatchManager - received batch location buffered = false
01-15 09:20:02.880  2613  4714 W Settings: Setting airplane_mode_on has moved from android.provider.Settings.System to android.provider.Settings.Global, returning read-only value.
01-15 09:20:02.881  2613  4714 D SLocation: FilteredLastLocation - notify all last locations, loc : 3
01-15 09:20:02.889  2613  3554 D NetdEventListenerService: CSC Feature value: true
01-15 09:20:02.889  2613  3554 D NetdEventListenerService: CSC Feature value: true
01-15 09:20:02.890  2613  3554 D TrafficStateDatabaseController: onDnsEvent():  objTrafficStats.size= 117, mInsertList= true
01-15 09:20:02.895  2613  3889 D NetdEventListenerService: DNS Requested by 141, 10597(com.doordash.driverapp), SUCCESS, 2ms
01-15 09:20:02.972  4749  5196 I avrcp   : system/profile/avrcp/connection_handler.cc:643 MessageCb: Message received on handle 0
01-15 09:20:02.972  4749  5196 I avrcp   : system/profile/avrcp/device.cc:1548 MessageReceived: opcode=Opcode::VENDOR
01-15 09:20:02.972  4749  5196 I avrcp   : system/profile/avrcp/device.cc:200 VendorPacketHandler: pdu=CommandPdu::GET_PLAY_STATUS
01-15 09:20:02.972  4749  5196 I avrcp   : system/profile/avrcp/connection_handler.cc:837 SendMessage: SendMessage to handle=0x0
01-15 09:20:02.986  2613  3147 D PowerManagerService: displayReady: false groupId=0
01-15 09:20:02.986  2613  3147 D DisplayPowerController[0]: animateScreenStateChange: target=ON, mIsEnabled=true
01-15 09:20:02.988  2613  3147 D PowerManagerService: displayReady: true groupId=0
01-15 09:20:03.039  2255  2602 V NuPlayerDriver: getCurrentPosition(0xb4000074a734fff0) 31838 (msec), at state 5
01-15 09:20:03.050  2613  3554 I BatteryService_BatteryPropertiesRegistrar: [getProperty]id:4
01-15 09:20:03.050  2613  3554 I BatteryService_BatteryPropertiesRegistrar: [getProperty]prop.long:-9223372036854775808 ,prop.string:null
01-15 09:20:03.051  2613  3554 I BatteryService_BatteryPropertiesRegistrar: [getProperty]id:6
01-15 09:20:03.051  2613  3554 I BatteryService_BatteryPropertiesRegistrar: [getProperty]prop.long:-9223372036854775808 ,prop.string:null
01-15 09:20:03.104  1650  1765 I minksocket: MinkIPC MESSAGE: ( 1650:1765 ) MinkIPC_QRTR_Service:351 minkipc = 0xb400007a974104f0 sock = 15, client with node 1 port 6658 went down
01-15 09:20:03.104  1650  1790 I minksocket: MinkIPC MESSAGE: ( 1650:1790 ) MinkIPC_QRTR_Service:351 minkipc = 0xb400007a97411410 sock = 33, client with node 1 port 6658 went down
01-15 09:20:03.106  1650  1790 I minksocket: MinkIPC MESSAGE: ( 1650:1790 ) MinkIPC_QRTR_Service:351 minkipc = 0xb400007a97411410 sock = 33, client with node 1 port 6659 went down
01-15 09:20:03.106  1650  1765 I minksocket: MinkIPC MESSAGE: ( 1650:1765 ) MinkIPC_QRTR_Service:351 minkipc = 0xb400007a974104f0 sock = 15, client with node 1 port 6659 went down
01-15 09:20:03.106  1650  1765 I minksocket: MinkIPC MESSAGE: ( 1650:1765 ) MinkIPC_QRTR_Service:351 minkipc = 0xb400007a974104f0 sock = 15, client with node 1 port 665a went down
01-15 09:20:03.107  1650  1790 I minksocket: MinkIPC MESSAGE: ( 1650:1790 ) MinkIPC_QRTR_Service:351 minkipc = 0xb400007a97411410 sock = 33, client with node 1 port 665a went down
01-15 09:20:03.109  1650  1790 I minksocket: MinkIPC MESSAGE: ( 1650:1790 ) MinkIPC_QRTR_Service:351 minkipc = 0xb400007a97411410 sock = 33, client with node 1 port 665c went down
01-15 09:20:03.109  1650  1765 I minksocket: MinkIPC MESSAGE: ( 1650:1765 ) MinkIPC_QRTR_Service:351 minkipc = 0xb400007a974104f0 sock = 15, client with node 1 port 665c went down
01-15 09:20:03.110  1650  1765 I minksocket: MinkIPC MESSAGE: ( 1650:1765 ) MinkIPC_QRTR_Service:351 minkipc = 0xb400007a974104f0 sock = 15, client with node 1 port 665d went down
01-15 09:20:03.110  1650  1790 I minksocket: MinkIPC MESSAGE: ( 1650:1790 ) MinkIPC_QRTR_Service:351 minkipc = 0xb400007a97411410 sock = 33, client with node 1 port 665d went down
01-15 09:20:03.111  1650  1790 I minksocket: MinkIPC MESSAGE: ( 1650:1790 ) MinkIPC_QRTR_Service:351 minkipc = 0xb400007a97411410 sock = 33, client with node 1 port 665e went down
01-15 09:20:03.111  1650  1765 I minksocket: MinkIPC MESSAGE: ( 1650:1765 ) MinkIPC_QRTR_Service:351 minkipc = 0xb400007a974104f0 sock = 15, client with node 1 port 665e went down
01-15 09:20:03.132  2613  3554 D SemContextService: lock : requestToUpdate
01-15 09:20:03.132  2613  3554 W CAE     : setCAProperty(ContextAwareService.java:509) - [setProperty 01] Mutex is locked for CH_LOC_TRIGGER
01-15 09:20:03.133  2613  3709 D SensorService: setSContextDataLocked ints length 2 , byte length 4
01-15 09:20:03.133  2613  3709 D SensorService: setSContextDataLocked 3db8
01-15 09:20:03.134  1679  1679 I sensors-hal: inject_sensor_data:407, handle 1502 send inject
01-15 09:20:03.134  1679  1679 I sensors-hal: sendContextData:290, sensor hal 4, (0xb8, 0x3d, 0x0, 0x0)
01-15 09:20:03.134  1679  1679 I sensors-hal: sendContextData:131, change_location_trigger 4,184
01-15 09:20:03.134  1679  1679 I sensors-hal: sendUserData:118, change_location_trigger h 184 m 61 s 0
01-15 09:20:03.134  1679  1679 I sensors-hal: create_send_context_data:66, change_location_trigger create_send_context_data
01-15 09:20:03.134  1679  1679 I sensors-hal: send_context_data:694, change_location_trigger, -244018566922240, 1320970896291267344, msgid:700
01-15 09:20:03.135  1679  3707 I sensors-hal: qsh_conn_resp_cb:930, resp_value = 0 for change_location_trigger 
01-15 09:20:03.135  2613  3554 W CAE     : setCAProperty(ContextAwareService.java:515) - [setProperty 02] Mutex is unlocked for CH_LOC_TRIGGER
01-15 09:20:03.135  2613  3554 D SemContextService:     .requestToUpdate() : service = Location Change Trigger
01-15 09:20:03.135  2613  3554 D SemContextService: unlock : requestToUpdate
01-15 09:20:03.135  2613  3554 D SemContextManager:   .requestToUpdate : listener = com.android.server.location.nsflp.NSLocationMonitor$5@37f2d77, service=Location Change Trigger
01-15 09:20:03.136  5587 11306 I NewStopController_FLP: StateChecker, check stationary message
01-15 09:20:03.138  2613  5585 I NSLocationMonitor: getGPSUsingApps() called
01-15 09:20:03.139  5587  5618 W NSLocationManager_FLP: add uid 10364 to freeze Allowlist by using GMS_FUSED in foreground
01-15 09:20:03.139  5587  5618 W NSLocationManager_FLP: add uid 10597 to freeze Allowlist by using gps in foreground
01-15 09:20:03.139  5587  5618 I NSLocationManager_FLP: getGPSUsingApps, No change
01-15 09:20:03.153  2613  5585 D FreecessHandler: freeze com.tom.rv2ide(10302) result : 2
01-15 09:20:03.153  2613  3816 D SemWifiTrafficPoller: getSoftApTotalTrafficInBytes:327249497
01-15 09:20:03.158  1679  3707 I sensors-hal: qsh_conn_event_cb:890, event[0] sensor:change_location_trigger  Wakeup, msg_id=1025, ts=3503522487593
01-15 09:20:03.158  1679  3707 I sensors-hal: handle_sns_client_event:85, change_location_trigger_event: msgid:1025
01-15 09:20:03.158  1679  3707 I sensors-hal: handle_sns_client_event:108, change_location_trigger_event: 255, 255
01-15 09:20:03.163  2613  3705 D CAE     : onGetSensorHubData(SensorHubParserProvider.java:92) - onGetSensorHubData Event [event buffer len :15], AP_WAKEUP
01-15 09:20:03.163  2613  3705 I CAE     : parse(SensorHubParserProvider.java:188) - buffer size = 15
01-15 09:20:03.163  2613  3705 I CAE     : parse(SensorHubParserProvider.java:199) - 1, 1, 61, -1, 0, 2, 1, 0, 0, 0, 1, 0, 0, 0, 0,
01-15 09:20:03.163  2613  3705 D CAE     : display(ContextProvider.java:375) - ================= CH_LOC_TRIGGER =================
01-15 09:20:03.163  2613  3705 I CAE     : display(ContextProvider.java:391) - duration=[1], property=[1], result=[2], reserved=[0]
01-15 09:20:03.164  2613  3702 D SemContextService: Service.updateContext() : service = Location Change Trigger
01-15 09:20:03.165  2613  3753 D SemContextManager: onSemContextChanged() : event = Location Change Trigger
01-15 09:20:03.166  2613  3753 D NSLocationMonitor: onSemContextChanged, activity : 1 result : 2 movement : 1
01-15 09:20:03.186  1830  1915 I VSyncReactor: Current= 60, Period= 60, Distance= 1
01-15 09:20:03.187  2613  3147 D PowerManagerService: displayReady: false groupId=0
01-15 09:20:03.187  2613  3147 D DisplayPowerController[0]: animateScreenStateChange: target=ON, mIsEnabled=true
01-15 09:20:03.187  2613  3147 D PowerManagerService: displayReady: true groupId=0
01-15 09:20:03.203  1830  1915 I VSyncReactor: Current= 60, Period= 60, Distance= 60
01-15 09:20:03.216  1679  7873 I sensors-hal: handle_sns_client_event:375, [0][321155] accel_sample [-0.067,  9.217,  3.127] 182470006368654
01-15 09:20:03.271  2255  4455 D BufferPoolAccessor2.0: bufferpool2 0xb4000074a734cd38 : 8(65536 size) total buffers - 5(40960 size) used buffers - 1248/1256 (recycle/alloc) - 8/2508 (fetch/transfer)
01-15 09:20:03.274  1690  4456 D BufferPoolAccessor2.0: bufferpool2 0xb4000073558e9f38 : 4(1843200 size) total buffers - 1(460800 size) used buffers - 1251/1255 (recycle/alloc) - 13/1254 (fetch/transfer)
01-15 09:20:03.291  1821  1843 E HeatmapThread: ECT Thread time in milliseconds: 1768486803
01-15 09:20:03.294  1821  1843 D HeatmapThread: !@ batteryplugType : 2
01-15 09:20:03.294  1821  1843 D HeatmapThread: !@ batteryLevel : 57  batteryTemperature : 355 
01-15 09:20:03.294  1821  1843 D HeatmapThread: !@ Heatmap currtime: 29474780
01-15 09:20:03.294  1821  1843 D HeatmapThread: !@ Heatmap prevtime: 29474771
01-15 09:20:03.294  1821  1843 D HeatmapThread: !@ Heatmap plugstarttime: 29474767
01-15 09:20:03.294  1821  1843 D HeatmapThread: !@ Heatmap prevv_dsoh_update_time: 29474302
01-15 09:20:03.294  1821  1843 E HeatmapThread: !@ CAM New BSOH: 100
01-15 09:20:03.388  2613  3147 D PowerManagerService: displayReady: false groupId=0
01-15 09:20:03.388  2613  3147 D DisplayPowerController[0]: animateScreenStateChange: target=ON, mIsEnabled=true
01-15 09:20:03.389  2613  3147 D PowerManagerService: displayReady: true groupId=0
01-15 09:20:03.473  4749  5196 I avrcp   : system/profile/avrcp/connection_handler.cc:643 MessageCb: Message received on handle 0
01-15 09:20:03.473  4749  5196 I avrcp   : system/profile/avrcp/device.cc:1548 MessageReceived: opcode=Opcode::VENDOR
01-15 09:20:03.473  4749  5196 I avrcp   : system/profile/avrcp/device.cc:200 VendorPacketHandler: pdu=CommandPdu::GET_PLAY_STATUS
01-15 09:20:03.473  4749  5196 I avrcp   : system/profile/avrcp/connection_handler.cc:837 SendMessage: SendMessage to handle=0x0
01-15 09:20:03.567  1234  1234 D io_stats: !@   8,0 r 42854652 728108324 w 12939413 242645956 d 2388879 162709664 f 335988 735472 iot 8779908 0 th 0 0 0 pt 0 inp 0 0 159612.377
01-15 09:20:03.574  7389  7389 I AudioPathManager: loadAudioPath() : loaded audio path is bluetooth (2)
01-15 09:20:03.574  7389  7389 I EffectManager: isSupportDolbyAtmosOnThisAudioPath() : path is bluetooth (2)
01-15 09:20:03.574  7389  7389 I UHQUpscalerManager: isUHQCompatibleBluetooth() : support is 0, mode is 1
01-15 09:20:03.574  7389  7389 I AudioPathManager: loadAudioPath() : loaded audio path is bluetooth (2)
01-15 09:20:03.574  7389  7389 I EffectManager: isSupportVolumeNormalizationOnCurrentAudioPath() : path is bluetooth (2)
01-15 09:20:03.574  7389  7389 I DVFSHelper: isNecessaryToBoostCPU() : isDolbyOn? false, isUHQUpscalerOn? false, isVoiceBoostOn? false, isVolumeNormalizationOn? false
01-15 09:20:03.574  7389  7389 I DVFSHelper: acquireBoostingCPU() : stop boosting cpu
01-15 09:20:03.576  7389  7389 I AudioPathManager: loadAudioPath() : loaded audio path is bluetooth (2)
01-15 09:20:03.576  7389  7389 I EffectManager: isSupportDolbyAtmosOnThisAudioPath() : path is bluetooth (2)
01-15 09:20:03.577  7389  7389 I UHQUpscalerManager: isUHQCompatibleBluetooth() : support is 0, mode is 1
01-15 09:20:03.577  7389  7389 I AudioPathManager: loadAudioPath() : loaded audio path is bluetooth (2)
01-15 09:20:03.577  7389  7389 I EffectManager: isSupportVolumeNormalizationOnCurrentAudioPath() : path is bluetooth (2)
01-15 09:20:03.577  7389  7389 I DVFSHelper: isNecessaryToBoostCPU() : isDolbyOn? false, isUHQUpscalerOn? false, isVoiceBoostOn? false, isVolumeNormalizationOn? false
01-15 09:20:03.589  2613  3147 D PowerManagerService: displayReady: false groupId=0
01-15 09:20:03.589  2613  3147 D DisplayPowerController[0]: animateScreenStateChange: target=ON, mIsEnabled=true
01-15 09:20:03.590  2613  3147 D PowerManagerService: displayReady: true groupId=0
01-15 09:20:03.605  1650  1790 I minksocket: MinkIPC MESSAGE: ( 1650:1790 ) MinkIPC_QRTR_Service:351 minkipc = 0xb400007a97411410 sock = 33, client with node 1 port 6660 went down
01-15 09:20:03.605  1650  1765 I minksocket: MinkIPC MESSAGE: ( 1650:1765 ) MinkIPC_QRTR_Service:351 minkipc = 0xb400007a974104f0 sock = 15, client with node 1 port 6660 went down
01-15 09:20:03.607  1650  1765 I minksocket: MinkIPC MESSAGE: ( 1650:1765 ) MinkIPC_QRTR_Service:351 minkipc = 0xb400007a974104f0 sock = 15, client with node 1 port 6661 went down
01-15 09:20:03.608  1650  1790 I minksocket: MinkIPC MESSAGE: ( 1650:1790 ) MinkIPC_QRTR_Service:351 minkipc = 0xb400007a97411410 sock = 33, client with node 1 port 6661 went down
01-15 09:20:03.609  1650  1765 I minksocket: MinkIPC MESSAGE: ( 1650:1765 ) MinkIPC_QRTR_Service:351 minkipc = 0xb400007a974104f0 sock = 15, client with node 1 port 6662 went down
01-15 09:20:03.610  1650  1790 I minksocket: MinkIPC MESSAGE: ( 1650:1790 ) MinkIPC_QRTR_Service:351 minkipc = 0xb400007a97411410 sock = 33, client with node 1 port 6662 went down
01-15 09:20:03.612  1674  5842 I vendor.qti.bluetooth@1.1-ibs_handler: ProcessIbsCmd: Received IBS_SLEEP_IND: 0xFE
01-15 09:20:03.614  1650  1765 I minksocket: MinkIPC MESSAGE: ( 1650:1765 ) MinkIPC_QRTR_Service:351 minkipc = 0xb400007a974104f0 sock = 15, client with node 1 port 6663 went down
01-15 09:20:03.614  1650  1790 I minksocket: MinkIPC MESSAGE: ( 1650:1790 ) MinkIPC_QRTR_Service:351 minkipc = 0xb400007a97411410 sock = 33, client with node 1 port 6663 went down
01-15 09:20:03.616  1674  5842 I vendor.qti.bluetooth@1.1-ibs_handler: ProcessIbsCmd: Received IBS_WAKE_IND: 0xFD
01-15 09:20:03.616  1674  5842 I vendor.qti.bluetooth@1.1-ibs_handler: ProcessIbsCmd: Writing IBS_WAKE_ACK
01-15 09:20:03.636  2613  5585 I NSLocationMonitor: getGPSUsingApps() called
01-15 09:20:03.637  5587  5618 W NSLocationManager_FLP: add uid 10364 to freeze Allowlist by using GMS_FUSED in foreground
01-15 09:20:03.637  5587  5618 W NSLocationManager_FLP: add uid 10597 to freeze Allowlist by using gps in foreground
01-15 09:20:03.637  5587  5618 I NSLocationManager_FLP: getGPSUsingApps, No change
01-15 09:20:03.649  2613  5585 D FreecessHandler: freeze com.sec.android.app.shealth(10332) result : 39
01-15 09:20:03.790  2613  3147 D PowerManagerService: displayReady: false groupId=0
01-15 09:20:03.790  2613  3147 D DisplayPowerController[0]: animateScreenStateChange: target=ON, mIsEnabled=true
01-15 09:20:03.790  2613  3147 D PowerManagerService: displayReady: true groupId=0
01-15 09:20:03.852  2613  3752 D GnssLocationProvider_ex: SV Count : 55 / 64      (PRN, Constellation, Type, SNR, Used)
01-15 09:20:03.852  2613  3752 D GnssLocationProvider_ex: (3, GPS, L1, 29.0, 0) (4, GPS, L1, 35.7, 1) (9, GPS, L1, 20.3, 0) (16, GPS, L1, 44.5, 1) (26, GPS, L1, 42.4, 1) (27, GPS, L1, 38.2, 1) 
01-15 09:20:03.852  2613  3752 D GnssLocationProvider_ex: (28, GPS, L1, 44.2, 1) (29, GPS, L1, 23.1, 0) (31, GPS, L1, 42.6, 1) (2, GLONASS, L1, 38.6, 1) (22, GLONASS, L1, 27.2, 0) (12, GLONASS, L1, 38.5, 1) 
01-15 09:20:03.852  2613  3752 D GnssLocationProvider_ex: (11, GLONASS, L1, 29.4, 1) (1, GLONASS, L1, 37.4, 1) (21, GLONASS, L1, 20.2, 0) (3, GLONASS, L1, 39.5, 1) (44, BEIDOU, L1, 42.6, 1) (42, BEIDOU, L1, 34.9, 1) 
01-15 09:20:03.852  2613  3752 D GnssLocationProvider_ex: (41, BEIDOU, L1, 32.9, 1) (35, BEIDOU, L1, 30.7, 1) (33, BEIDOU, L1, 39.5, 1) (26, BEIDOU, L1, 36.6, 1) (25, BEIDOU, L1, 36.8, 1) (24, BEIDOU, L1, 38.4, 1) 
01-15 09:20:03.852  2613  3752 D GnssLocationProvider_ex: (14, BEIDOU, L1, 40.8, 1) (12, BEIDOU, L1, 24.6, 0) (4, GALILEO, L1, 26.4, 1) (6, GALILEO, L1, 24.6, 0) (14, GALILEO, L1, 29.9, 1) (19, GALILEO, L1, 37.3, 1) 
01-15 09:20:03.852  2613  3752 D GnssLocationProvider_ex: (21, GALILEO, L1, 42.8, 1) (23, GALILEO, L1, 40.0, 1) (27, GALILEO, L1, 30.9, 1) (29, GALILEO, L1, 41.6, 1) (3, GPS, L5, 32.3, 1) (4, GPS, L5, 24.6, 1) 
01-15 09:20:03.852  2613  3752 D GnssLocationProvider_ex: (9, GPS, L5, 30.1, 1) (26, GPS, L5, 29.3, 1) (27, GPS, L5, 37.4, 1) (28, GPS, L5, 37.6, 1) (4, GALILEO, L5, 23.7, 1) (6, GALILEO, L5, 25.8, 1) 
01-15 09:20:03.852  2613  3752 D GnssLocationProvider_ex: (14, GALILEO, L5, 27.6, 1) (19, GALILEO, L5, 30.1, 1) (21, GALILEO, L5, 32.8, 1) (23, GALILEO, L5, 34.5, 1) (27, GALILEO, L5, 29.9, 1) (29, GALILEO, L5, 32.2, 1) 
01-15 09:20:03.852  2613  3752 D GnssLocationProvider_ex: (24, BEIDOU, L5, 29.3, 1) (25, BEIDOU, L5, 24.3, 1) (26, BEIDOU, L5, 22.0, 1) (33, BEIDOU, L5, 36.7, 0) (35, BEIDOU, L5, 19.0, 0) (41, BEIDOU, L5, 27.2, 1) 
01-15 09:20:03.852  2613  3752 D GnssLocationProvider_ex: (42, BEIDOU, L5, 34.9, 1) (44, BEIDOU, L5, 27.1, 1) (24, BEIDOU, L1, 36.5, 1) (25, BEIDOU, L1, 30.9, 1) (26, BEIDOU, L1, 38.4, 1) (33, BEIDOU, L1, 43.6, 1) 
