01-15 09:20:03.852  2613  3752 D GnssLocationProvider_ex: (35, BEIDOU, L1, 30.1, 1) (41, BEIDOU, L1, 37.9, 1) (42, BEIDOU, L1, 38.3, 1) (44, BEIDOU, L1, 43.1, 1) 
01-15 09:20:03.854  2613  3752 D GnssLocationProvider: reportLocation
01-15 09:20:03.856  5587  5710 I GnssEngineManager_FLP: updateSatelliteStatus, top4=43, top6=43, visibleSv=64, usedSv=55, usedL5Sv=20 (usedGps=12, usedGlo=5, usedBds=23, usedGal=15)
01-15 09:20:03.857  4749  5196 I avrcp   : system/profile/avrcp/device.cc:2779 HandlePlayPosUpdate: 
01-15 09:20:03.863  4749  5196 I avrcp   : system/profile/avrcp/device.cc:1369 PlaybackPosNotificationResponse: pos= 32928
01-15 09:20:03.863  4749  5196 I avrcp   : system/profile/avrcp/connection_handler.cc:837 SendMessage: SendMessage to handle=0x0
01-15 09:20:03.864  5587  5710 I GnssEngineManager_FLP: onGpsLocationChanged, provider=gps / isMock=false / speed=0.0 / time=1768486804000 / elapsed=182470618306379
01-15 09:20:03.864  5587  5710 I NewStopController_FLP: isAvailableLastLoc, KeepStationary : false , timeGap : 42 , mStraightFixCount : 0
01-15 09:20:03.864  5587  5710 I NewStopController_FLP: onChangedGlpLocation, isGpsStopped= false, isReportingLL= false, isAvailableLastLoc : true
01-15 09:20:03.865  2613  4714 D SLocation: PositionManager - Passive handleLocationChanged [G, A : 3.80, T : 1768486804000, ET : 182470618, E : OD, h : 19/19]
01-15 09:20:03.866  2613 12268 I Mocca_VehicleDetectionHelper: (1.1.04.1)GPS: Avg speed: 0.0 Speed: 0.0 LIST: [0.0, 0.0, 0.0, 0.0, 0.0, 0.0, 0.0, 0.0, 0.0, 0.0]
01-15 09:20:03.866  2613 12268 D VehicleSensorHub: vehicleSendToSensorHub status : 1 type : 18
01-15 09:20:03.866  2613 12268 I SensorManager: Get Sensor type = 65586
01-15 09:20:03.866  2613  4714 D SLocation: PositionManager - receive gps location
01-15 09:20:03.866  2613 12268 D SensorService: setSContextDataLocked ints length 3 , byte length 5
01-15 09:20:03.866  2613 12268 D SensorService: setSContextDataLocked 123c17c1
01-15 09:20:03.866  2613  4714 D SLocation: GeofenceLocationFilter - location sent before 1985, need to filter / provider : gps, accuracy : 3.800063
01-15 09:20:03.866  2613  4714 D SLocation: LocationBuffer - receivedLocation - op[interval(min 60000, max 1800000), waitTime 36000000, numOfUpdates 5, minDistance 200.0]dist : 43.911884 diffTime : 26000 filtered Location
01-15 09:20:03.866  2613  4714 D SLocation: BatchManager - received batch location buffered = false
01-15 09:20:03.866  1679  1679 I sensors-hal: inject_sensor_data:407, handle 1502 send inject
01-15 09:20:03.866  1679  1679 I sensors-hal: sendContextData:290, sensor hal 5, (0xc1, 0x17, 0x3c, 0x12)
01-15 09:20:03.866  1679  1679 I sensors-hal: sendContextData:230, activities 5 c1, 1
01-15 09:20:03.866  1679  1679 I sensors-hal: sendUserData:251, Activities cmd 0xc1 0x17
01-15 09:20:03.866  1679  1679 I sensors-hal: create_send_context_data:80, sending create_send_context_data
01-15 09:20:03.867  1679  1679 I sensors-hal: send_context_data:694, activities, 4914309220830019584, 1320970896291267344, msgid:700
01-15 09:20:03.867  2613  4714 D SLocation: LastLocations - update latest location [G, A : 3.80, T : 1768486804000, ET : 182470618, E : OD, h : 19/19]
01-15 09:20:03.867  2613  4714 D SLocation: FilteredLastLocation - notify all last locations, loc : 3
01-15 09:20:03.867  2613 12268 W ContextImpl: Calling a method in the system process without a qualified user: android.app.ContextImpl.sendBroadcast:1335 com.samsung.android.mocca.app.vehicle.AdvancedVehicleDetection.reportAdvancedVehicleEvent:185 com.samsung.android.mocca.app.vehicle.AdvancedVehicleDetection.handleLocEvent:277 com.samsung.android.mocca.app.vehicle.AdvancedVehicleDetection.p:0 D.e.h:136 
01-15 09:20:03.867  1679  3707 I sensors-hal: qsh_conn_resp_cb:930, resp_value = 0 for activities 
01-15 09:20:03.871  7549  7903 I FusedLocation: (REDACTED) location delivery to %s blocked - too fast
01-15 09:20:03.872  7549  7903 I FusedLocation: (REDACTED) location delivery to %s blocked - too fast
01-15 09:20:03.873  7549  7903 I FusedLocation: (REDACTED) location delivery to %s blocked - too fast
01-15 09:20:03.873  7549  7903 I FusedLocation: (REDACTED) location delivery to %s blocked - too close
01-15 09:20:03.873  7549  7903 I FusedLocation: (REDACTED) location delivery to %s blocked - too fast
01-15 09:20:03.874  5587  5710 I GmsPassiveListener_FLP: onGmsLocationChanged, provider=fused / speed=0.0 / time=1768486803822 / elapsed=182470618306379
01-15 09:20:03.875  7549  7903 I FusedLocation: (REDACTED) location delivery to %s blocked - too close
01-15 09:20:03.878  7549  7903 I FusedLocation: (REDACTED) location delivery to %s blocked - too fast
01-15 09:20:03.881  2613  4714 D SLocation: PositionManager - Passive handleLocationChanged [F, A : 3.80, T : 1768486803822, ET : 182470618, h : 19/19]
01-15 09:20:03.881  2613  4714 D SLocation: PositionManager - receive fused location
01-15 09:20:03.881  2613  4714 D SLocation: DuplicateLocationChecker_GeofenceLocationFilter - fused is duplicated last gps location
01-15 09:20:03.881  2613  4714 D SLocation: LocationBuffer - receivedLocation - op[interval(min 60000, max 1800000), waitTime 36000000, numOfUpdates 5, minDistance 200.0]dist : 43.906803 diffTime : 26000 filtered Location
01-15 09:20:03.881  2613  4714 D SLocation: BatchManager - received batch location buffered = false
01-15 09:20:03.882  2613  4714 W Settings: Setting airplane_mode_on has moved from android.provider.Settings.System to android.provider.Settings.Global, returning read-only value.
01-15 09:20:03.882  2613  4714 D SLocation: FilteredLastLocation - notify all last locations, loc : 3
01-15 09:20:03.882  2613  4714 D SLocation: SLocationCoreSem - send to coreSem, packet length : 23 / [2, 25, 97, 51, 199, 212, 249, 251, 144, 0, 0, 0, 3, 2, 0, 0, 1, 155, 194, 7, 25, 110, 0]
01-15 09:20:03.882  2613  4714 D SemContextLocationCoreAttribute: setAttribute() mode : 0 action : 23
01-15 09:20:03.882  2613  4714 D SemContextService: lock : changeParameters
01-15 09:20:03.882  2613  4714 D SemContext.CaeProvider.LocationCoreImpl: setAttribute() mode : 0 action : 23
01-15 09:20:03.883  2613  4714 W CAE     : setCAProperty(ContextAwareService.java:509) - [setProperty 01] Mutex is locked for SLOCATION_RUNNER
01-15 09:20:03.883  2613  4714 I CAE     : setPropertyValue(SLocationRunner.java:116) - SLocationRunner setProperty header : 2, len : 23
01-15 09:20:03.884  2613  3709 D SensorService: setSContextDataLocked ints length 8 , byte length 26
01-15 09:20:03.884  2613  3709 D SensorService: setSContextDataLocked 23717c1
01-15 09:20:03.884  1679  1679 I sensors-hal: inject_sensor_data:407, handle 1502 send inject
01-15 09:20:03.884  1679  1679 I sensors-hal: sendContextData:290, sensor hal 26, (0xc1, 0x17, 0x37, 0x2)
01-15 09:20:03.884  1679  1679 E sensors-hal: sendContextData:133, slocationcore h 193 m 23 s 55
01-15 09:20:03.884  1679  1679 I sensors-hal: sendUserData:119, slocationcore sendUserData
01-15 09:20:03.884  2613  3554 D ActivityManager: Received SERVICE intent 0xd1607 Key{startService pkg=com.google.android.gms/current_semantic_location intent=act=com.google.android.gms.semanticlocation.ACTION_LOCATION xflg=0x4 cmp=com.google.android.gms/.semanticlocation.service.SemanticLocationService flags=0x2000000 u=0} requestCode=0 from uid 10259
01-15 09:20:03.884  1679  1679 E sensors-hal: create_send_context_data:64, slocationcore create_send_context_data
01-15 09:20:03.884  1679  1679 I sensors-hal: send_context_data:694, slocationcore, 4986366670857974562, 1320970896291267344, msgid:700
01-15 09:20:03.885  1679  3707 I sensors-hal: qsh_conn_resp_cb:930, resp_value = 0 for slocationcore 
01-15 09:20:03.885  2613  4714 W CAE     : setCAProperty(ContextAwareService.java:515) - [setProperty 02] Mutex is unlocked for SLOCATION_RUNNER
01-15 09:20:03.885  2613  4714 D SemContextService: unlock : changeParameters
01-15 09:20:03.885  2613  4714 D SemContextManager:   .changeParameters : listener = Z.i@422b069, service=SLocation Core
01-15 09:20:03.885  1679  3707 I sensors-hal: qsh_conn_event_cb:890, event[0] sensor:slocationcore  Wakeup, msg_id=1025, ts=3503536460341
01-15 09:20:03.885  1679  3707 E sensors-hal: handle_sns_client_event:78, slocationcore_event: msgid:1025
01-15 09:20:03.888  2613  3705 D CAE     : onGetSensorHubData(SensorHubParserProvider.java:92) - onGetSensorHubData Event [event buffer len :10], AP_WAKEUP
01-15 09:20:03.888  2613  3705 I CAE     : parse(SensorHubParserProvider.java:188) - buffer size = 10
01-15 09:20:03.888  2613  3705 I CAE     : parse(SensorHubParserProvider.java:199) - 1, 1, 55, 0, 5, 2, 2, 0, 0, 0,
01-15 09:20:03.888  2613  3705 I CAE     : parse(SLocationRunner.java:88) - SLocationRunner parse start : 3
01-15 09:20:03.888  2613  3705 D CAE     : display(ContextProvider.java:375) - ================= SLOCATION_RUNNER =================
01-15 09:20:03.888  2613  3705 I CAE     : display(ContextProvider.java:391) - ExtraDataArray=[1, 1, 55, 0, 5, 2, 2, 0, 0, 0]
01-15 09:20:03.888  2613  3705 I CAE     : parse(SLocationRunner.java:96) - SLocationRunner parse end:10
01-15 09:20:03.888  2613  3702 D SemContextService: Service.updateContext() : service = SLocation Core
01-15 09:20:03.888  7549  4623 I FrewleTileCacheManagerV: (REDACTED) Fetched %d AP models from cache
01-15 09:20:03.889  2613  2613 D SemContextManager: onSemContextChanged() : event = SLocation Core
01-15 09:20:03.889  2613  2613 D SLocation: SensorHubWrapper - SemContextChanged type = 47, packet received
01-15 09:20:03.889  2613  4714 D SLocation: GeofenceCoreManager - received Extra Data from core, len : 5
01-15 09:20:03.889  2613  4714 D SLocation: GeofenceCoreManager - handleCommandCallback - UNKNOWN_CALLBACK 2 SUCCESS
01-15 09:20:03.889  2613  4714 D SLocation: CommonCoreManager - received Extra Data from core, len : 5
01-15 09:20:03.889  2613  4714 D SLocation: CommonCoreManager - handleCommandCallback - FUNC_TYPE : SET_LOCATION  ERROR_CODE : ERROR_NONE
01-15 09:20:03.891  7549  4623 I SemanticLocation: [InfMgr] No location reports after filtering [CONTEXT service_id=173 ]
01-15 09:20:03.899  4749  5196 I avrcp   : system/profile/avrcp/connection_handler.cc:643 MessageCb: Message received on handle 0
01-15 09:20:03.899  4749  5196 I avrcp   : system/profile/avrcp/device.cc:1548 MessageReceived: opcode=Opcode::VENDOR
01-15 09:20:03.899  4749  5196 I avrcp   : system/profile/avrcp/device.cc:200 VendorPacketHandler: pdu=CommandPdu::REGISTER_NOTIFICATION
01-15 09:20:03.900  4749  5196 I avrcp   : system/profile/avrcp/device.cc:831 HandleNotification: event=Event::PLAYBACK_POS_CHANGED
01-15 09:20:03.900  4749  5196 I avrcp   : system/profile/avrcp/connection_handler.cc:837 SendMessage: SendMessage to handle=0x0
01-15 09:20:03.900  4749  5196 I avrcp   : system/profile/avrcp/device.cc:915 HandleNotification: Queue next play position update
01-15 09:20:03.973  4749  5196 I avrcp   : system/profile/avrcp/connection_handler.cc:643 MessageCb: Message received on handle 0
01-15 09:20:03.973  4749  5196 I avrcp   : system/profile/avrcp/device.cc:1548 MessageReceived: opcode=Opcode::VENDOR
01-15 09:20:03.973  4749  5196 I avrcp   : system/profile/avrcp/device.cc:200 VendorPacketHandler: pdu=CommandPdu::GET_PLAY_STATUS
01-15 09:20:03.974  4749  5196 I avrcp   : system/profile/avrcp/connection_handler.cc:837 SendMessage: SendMessage to handle=0x0
01-15 09:20:03.990  2613  3147 D PowerManagerService: displayReady: false groupId=0
01-15 09:20:03.991  2613  3147 D DisplayPowerController[0]: animateScreenStateChange: target=ON, mIsEnabled=true
01-15 09:20:03.991  2613  3147 D PowerManagerService: displayReady: true groupId=0
01-15 09:20:04.045  2255  2602 V NuPlayerDriver: getCurrentPosition(0xb4000074a734fff0) 32844 (msec), at state 5
01-15 09:20:04.070  7237  7879 I SDHMS:x : SIOP:: AP:396 BAT:355 USB:294 CHG:392 PA:397 WIFI:407 CF:378 BLK:0 SUBBAT:0 LRPTHM:389 SKIN:368 SKINF:368 SKINB:363 LRP2:368 LRF2:368 LRB2:363 AP2:368 CHG2:357 WIFI2:367 RCV2:363 SPK2:315 FCAM:297 UPSPK:393 DNSPK:300 VAP02:440 VWIFI:435 AMB2:212 AVGCUR:-518 AVGSYS:0 POWER:-1988
01-15 09:20:04.105  1650  1765 I minksocket: MinkIPC MESSAGE: ( 1650:1765 ) MinkIPC_QRTR_Service:351 minkipc = 0xb400007a974104f0 sock = 15, client with node 1 port 665b went down
01-15 09:20:04.105  1650  1765 I minksocket: MinkIPC MESSAGE: ( 1650:1765 ) MinkIPC_QRTR_Service:351 minkipc = 0xb400007a974104f0 sock = 15, client with node 1 port 665f went down
01-15 09:20:04.105  1650  1790 I minksocket: MinkIPC MESSAGE: ( 1650:1790 ) MinkIPC_QRTR_Service:351 minkipc = 0xb400007a97411410 sock = 33, client with node 1 port 665b went down
01-15 09:20:04.105  1650  1790 I minksocket: MinkIPC MESSAGE: ( 1650:1790 ) MinkIPC_QRTR_Service:351 minkipc = 0xb400007a97411410 sock = 33, client with node 1 port 665f went down
01-15 09:20:04.139  2613  3554 D SemContextService: lock : requestToUpdate
01-15 09:20:04.140  2613  3554 W CAE     : setCAProperty(ContextAwareService.java:509) - [setProperty 01] Mutex is locked for CH_LOC_TRIGGER
01-15 09:20:04.141  2613  3709 D SensorService: setSContextDataLocked ints length 2 , byte length 4
01-15 09:20:04.141  2613  3709 D SensorService: setSContextDataLocked 3db8
01-15 09:20:04.141  1679  1679 I sensors-hal: inject_sensor_data:407, handle 1502 send inject
01-15 09:20:04.142  1679  1679 I sensors-hal: sendContextData:290, sensor hal 4, (0xb8, 0x3d, 0x0, 0x0)
01-15 09:20:04.142  1679  1679 I sensors-hal: sendContextData:131, change_location_trigger 4,184
01-15 09:20:04.142  1679  1679 I sensors-hal: sendUserData:118, change_location_trigger h 184 m 61 s 0
01-15 09:20:04.142  1679  1679 I sensors-hal: create_send_context_data:66, change_location_trigger create_send_context_data
01-15 09:20:04.142  1679  1679 I sensors-hal: send_context_data:694, change_location_trigger, -244018566922240, 1320970896291267344, msgid:700
01-15 09:20:04.143  1679  3707 I sensors-hal: qsh_conn_resp_cb:930, resp_value = 0 for change_location_trigger 
01-15 09:20:04.143  2613  3554 W CAE     : setCAProperty(ContextAwareService.java:515) - [setProperty 02] Mutex is unlocked for CH_LOC_TRIGGER
01-15 09:20:04.143  2613  3554 D SemContextService:     .requestToUpdate() : service = Location Change Trigger
01-15 09:20:04.143  2613  3554 D SemContextService: unlock : requestToUpdate
01-15 09:20:04.143  2613  3554 D SemContextManager:   .requestToUpdate : listener = com.android.server.location.nsflp.NSLocationMonitor$5@37f2d77, service=Location Change Trigger
01-15 09:20:04.144  5587 11306 I NewStopController_FLP: StateChecker, check stationary message
01-15 09:20:04.160  1679  3707 I sensors-hal: qsh_conn_event_cb:890, event[0] sensor:change_location_trigger  Wakeup, msg_id=1025, ts=3503541731100
01-15 09:20:04.160  1679  3707 I sensors-hal: handle_sns_client_event:85, change_location_trigger_event: msgid:1025
01-15 09:20:04.161  1679  3707 I sensors-hal: handle_sns_client_event:108, change_location_trigger_event: 255, 255
01-15 09:20:04.165  2613  3705 D CAE     : onGetSensorHubData(SensorHubParserProvider.java:92) - onGetSensorHubData Event [event buffer len :15], AP_WAKEUP
01-15 09:20:04.166  2613  3705 I CAE     : parse(SensorHubParserProvider.java:188) - buffer size = 15
01-15 09:20:04.167  2613  3705 I CAE     : parse(SensorHubParserProvider.java:199) - 1, 1, 61, -1, 0, 2, 1, 0, 0, 0, 1, 0, 0, 0, 0,
01-15 09:20:04.167  2613  3705 D CAE     : display(ContextProvider.java:375) - ================= CH_LOC_TRIGGER =================
01-15 09:20:04.168  2613  3705 I CAE     : display(ContextProvider.java:391) - duration=[1], property=[1], result=[2], reserved=[0]
01-15 09:20:04.168  2613  3702 D SemContextService: Service.updateContext() : service = Location Change Trigger
01-15 09:20:04.170  2613  3753 D SemContextManager: onSemContextChanged() : event = Location Change Trigger
01-15 09:20:04.171  2613  3753 D NSLocationMonitor: onSemContextChanged, activity : 1 result : 2 movement : 1
01-15 09:20:04.172  1674  5842 I vendor.qti.bluetooth@1.1-ibs_handler: ProcessIbsCmd: Received IBS_SLEEP_IND: 0xFE
01-15 09:20:04.178  1674  5842 I vendor.qti.bluetooth@1.1-ibs_handler: ProcessIbsCmd: Received IBS_WAKE_IND: 0xFD
01-15 09:20:04.179  1674  5842 I vendor.qti.bluetooth@1.1-ibs_handler: ProcessIbsCmd: Writing IBS_WAKE_ACK
01-15 09:20:04.191  2613  3147 D PowerManagerService: displayReady: false groupId=0
01-15 09:20:04.191  2613  3147 D DisplayPowerController[0]: animateScreenStateChange: target=ON, mIsEnabled=true
01-15 09:20:04.192  2613  3147 D PowerManagerService: displayReady: true groupId=0
01-15 09:20:04.215  1679  4527 I sensors-hal: handle_sns_client_event:455, [0][2549] gyro_sample_uncal [ 0.003,-0.028,-0.001] [-0.002,-0.005,-0.001] 182471003706883
01-15 09:20:04.218  1679 12284 I sensors-hal: handle_sns_client_event:422, [0][184607] gyro_sample_cal(cal_available:1)(3) [ 0.013,-0.023,-0.004] bias[-0.002,-0.005,-0.001] 182471007882977
01-15 09:20:04.225  1679  4530 I sensors-hal: handle_sns_client_event:341, [1064] mag_sample_cal(magcal_available:1): ts=182471009702873 ns; cal = [-19.090591, -53.903046, 14.634823], uncal = [-189.910583, 188.436951, -44.345177], bias = [-170.819992, 242.339996, -58.980000], status=1
01-15 09:20:04.240  1679 12118 I sensors-hal: handle_sns_std_sensor_event:158, [38569] Pressure 954.836, cal 0.024, sw_offset 0.150 (lsb(bit) 0x9 0xb0 0x3b)
01-15 09:20:04.291  1821  1843 E HeatmapThread: ECT Thread time in milliseconds: 1768486804
01-15 09:20:04.296  1821  1843 D HeatmapThread: !@ batteryplugType : 2
01-15 09:20:04.296  1821  1843 D HeatmapThread: !@ batteryLevel : 57  batteryTemperature : 355 
01-15 09:20:04.296  1821  1843 D HeatmapThread: !@ Heatmap currtime: 29474780
01-15 09:20:04.297  1821  1843 D HeatmapThread: !@ Heatmap prevtime: 29474771
01-15 09:20:04.297  1821  1843 D HeatmapThread: !@ Heatmap plugstarttime: 29474767
01-15 09:20:04.297  1821  1843 D HeatmapThread: !@ Heatmap prevv_dsoh_update_time: 29474302
01-15 09:20:04.297  1821  1843 E HeatmapThread: !@ CAM New BSOH: 100
01-15 09:20:04.330  1681  4080 E WifiHAL : nl80211: Peer not found in the pairing list
01-15 09:20:04.336  1809  3768 W APM::HwModule: getDeviceDescriptor: could not find HW module for device  (AUDIO_DEVICE_OUT_WIRED_HEADSET, 00000004) address 
01-15 09:20:04.337  1809  3768 V APM_AudioPolicyManager: getDeviceConnectionState() undeclared device, type 00000004, address: 
01-15 09:20:04.338  1809  2960 W APM::HwModule: getDeviceDescriptor: could not find HW module for device  (AUDIO_DEVICE_OUT_WIRED_HEADPHONE, 00000008) address 
01-15 09:20:04.338  1809  2960 V APM_AudioPolicyManager: getDeviceConnectionState() undeclared device, type 00000008, address: 
01-15 09:20:04.391  2613  5555 I SemWifiApDataUsage: handleMessage: 14
01-15 09:20:04.392  2613  5555 I SemWifiApEbpf: DATA_USAGE_STATS_START_POLL,mhs= true,upstream= 2,client size 2
01-15 09:20:04.392  2613  3147 D PowerManagerService: displayReady: false groupId=0
01-15 09:20:04.393  2613  3147 D DisplayPowerController[0]: animateScreenStateChange: target=ON, mIsEnabled=true
01-15 09:20:04.393  2613  5555 D SemWifiApEbpf: getWifiApDataUsageForOverAllMhs():  overall data is327249665
01-15 09:20:04.394  2613  3147 D PowerManagerService: displayReady: true groupId=0
01-15 09:20:04.394  2613  5555 I SemWifiApEbpf: updating the overall dataUsage , overall =327249665 , global = {mTotalDataBytes=327248465,mTotalDataIngressBytes=0,mTotalDataEgressBytes=0,mCellularBytes=327239521,mCurrentDayAndSimCellularBytes=327239521}
01-15 09:20:04.395  2613  5555 I SemWifiApTrafficPriority: handleDataUsageStats : 28:d0:43:82:3a:21 : alive=true,mBitratePerSecond=1.916 kbps,mBitrateIngressPerSecond=935 bps,mBitrateEgressPerSecond=980 bps,mCellularBytes=50409463,mWifiDataBytes=0,mTotalDataBytes=50409463,mTotalDataIngressBytes=28593781,mTotalDataEgressBytes=21815682,mRtBytes=0,mnRtBytes=50409463,ip=10.160.127.24,mRtBitratePerSecond=0 bps,mNrtBitrateperSecond=1.916 kbps,
01-15 09:20:04.395  2613  5555 I SemWifiApTrafficPriority: handleDataUsageStats : ee:2b:36:d3:03:0c : alive=true,mBitratePerSecond=0 bps,mBitrateIngressPerSecond=0 bps,mBitrateEgressPerSecond=0 bps,mCellularBytes=276831258,mWifiDataBytes=8944,mTotalDataBytes=276840202,mTotalDataIngressBytes=2429024,mTotalDataEgressBytes=274411178,mRtBytes=0,mnRtBytes=276840202,ip=Not available.,mRtBitratePerSecond=0 bps,mNrtBitrateperSecond=0 bps,
01-15 09:20:04.396  2613  5555 D SemWifiApTrafficPriority: activeNetworkSpeed: 30 MbpswifiInfoSpeed: -1 Mbps
01-15 09:20:04.397  2613  5555 D SemWifiApTrafficPriority: Log----> Interface Name: rmnet_data0 totalStatsRxMegaBitRate: 0.0026064,ebpfDatarate: 9.8E-4 ,mCurrSpeedEstimation: 30 mGapiValue: 30.79 mEnablePriorityeBpfAPICalled false
01-15 09:20:04.397  2613  5555 D SemWifiApTrafficPriority: mCurrentNonGBRAllocated:0
01-15 09:20:04.397  2613  5555 I SemWifiApTrafficPriority: calculateRecalRestrictTimer,ebpfrate:0,currentNonGBRAllocated:0
01-15 09:20:04.476  4749  5196 I avrcp   : system/profile/avrcp/connection_handler.cc:643 MessageCb: Message received on handle 0
01-15 09:20:04.476  4749  5196 I avrcp   : system/profile/avrcp/device.cc:1548 MessageReceived: opcode=Opcode::VENDOR
01-15 09:20:04.476  4749  5196 I avrcp   : system/profile/avrcp/device.cc:200 VendorPacketHandler: pdu=CommandPdu::GET_PLAY_STATUS
01-15 09:20:04.476  4749  5196 I avrcp   : system/profile/avrcp/connection_handler.cc:837 SendMessage: SendMessage to handle=0x0
01-15 09:20:04.511  2613  8853 I AfterimageCompensationService: AfcThread mLuminance : 319 , AfpcPeriodCount : 180 , rotation : 0 , AOD : false
01-15 09:20:04.512  2613  8853 I SurfaceComposerClient: captureDisplay:Display-4630946662957460867
01-15 09:20:04.517  1830  1916 I SurfaceFlinger: Capture layer list: 	 Wallpaper BBQ wrapper 5_system#86(seamlessTransition:0)
01-15 09:20:04.517  1830  1916 I SurfaceFlinger: Capture layer list: 	 com.sec.android.app.launcher/com.sec.android.app.launcher.activities.LauncherActivity$_5028#67951(seamlessTransition:0)
01-15 09:20:04.517  1830  1916 I SurfaceFlinger: Capture layer list: 	 StatusBar$_4373#102(seamlessTransition:0)
01-15 09:20:04.517  1830  1916 I SurfaceFlinger: Capture layer list: 	 NavigationBar0$_4373#98(seamlessTransition:0)
01-15 09:20:04.517  1830  1916 I SurfaceFlinger: Capture layer list: 	 $_8144#134(seamlessTransition:0)
01-15 09:20:04.517  1830  1916 I CompositionEngine: [setDisplaySize] size=(1080, 2340)
01-15 09:20:04.518  1830  1916 E HwcComposer: getLuts failed Status(-129, EX_TRANSACTION_FAILED): 'UNKNOWN_TRANSACTION: '
01-15 09:20:04.519  1830  1921 D RenderEngine: [SEC_SF_EFFECTS] drawLayersInternal,1483, Rendering layer ScreenCaptureFillLayer at index 0
01-15 09:20:04.519  1830  1921 D RenderEngine: [SEC_SF_EFFECTS] drawLayersInternal,1483, Rendering layer Wallpaper BBQ wrapper 5_system#86 at index 1
01-15 09:20:04.519  1830  1921 D RenderEngine: [SEC_SF_EFFECTS] drawLayersInternal,1483, Rendering layer com.sec.android.app.launcher/com.sec.android.app.launcher.activities.LauncherActivity$_5028#67951 at index 2
01-15 09:20:04.520  1830  1921 D RenderEngine: [SEC_SF_EFFECTS] drawLayersInternal,1483, Rendering layer StatusBar$_4373#102 at index 3
01-15 09:20:04.520  1830  1921 D RenderEngine: [SEC_SF_EFFECTS] drawLayersInternal,1483, Rendering layer NavigationBar0$_4373#98 at index 4
01-15 09:20:04.520  1830  1921 D RenderEngine: [SEC_SF_EFFECTS] drawLayersInternal,1483, Rendering layer $_8144#134 at index 5
01-15 09:20:04.534  2613  8853 D system_server: mAFPC_Read - w = 1080, h = 2340, s = 8, f = 4, s_size = 10183680, luminance = 319, count = 180, captureOrientation = 0
01-15 09:20:04.579  7389  7389 I AudioPathManager: loadAudioPath() : loaded audio path is bluetooth (2)
01-15 09:20:04.580  7389  7389 I EffectManager: isSupportDolbyAtmosOnThisAudioPath() : path is bluetooth (2)
01-15 09:20:04.580  7389  7389 I UHQUpscalerManager: isUHQCompatibleBluetooth() : support is 0, mode is 1
01-15 09:20:04.580  7389  7389 I AudioPathManager: loadAudioPath() : loaded audio path is bluetooth (2)
01-15 09:20:04.580  7389  7389 I EffectManager: isSupportVolumeNormalizationOnCurrentAudioPath() : path is bluetooth (2)
01-15 09:20:04.580  7389  7389 I DVFSHelper: isNecessaryToBoostCPU() : isDolbyOn? false, isUHQUpscalerOn? false, isVoiceBoostOn? false, isVolumeNormalizationOn? false
01-15 09:20:04.593  2613  3147 D PowerManagerService: displayReady: false groupId=0
01-15 09:20:04.593  2613  3147 D DisplayPowerController[0]: animateScreenStateChange: target=ON, mIsEnabled=true
01-15 09:20:04.594  2613  3147 D PowerManagerService: displayReady: true groupId=0
01-15 09:20:04.667  2546  4092 D LOWI-9.0.1.74: [LOWI-Scan] wait_event:Wait done with Cmd 34
01-15 09:20:04.668  2546  4092 D LOWI-9.0.1.74: [LOWI-Scan] do_listen_events: Rcvd valid Netlink Cmd 34 Err 0
01-15 09:20:04.668  2613  3554 D WifiNl80211Manager: Scan result ready event
01-15 09:20:04.670  2546  4092 D LOWI-9.0.1.74: [LOWI-Scan] 
01-15 09:20:04.670  2546  4092 D LOWI-9.0.1.74: [LOWI-Scan] adjust_age:AP AGE upper limit reached. Dont store
01-15 09:20:04.670  2546  4092 D LOWI-9.0.1.74: [LOWI-Scan] BSS 0e:7e:24:**:**:10 FREQ: 5220, cFreq1[40:80:160] = [5230:5210:0] cFreq2 = 0 SSID BMW 72274, RSSI(dBM): -87, 11mcRanging: No, Country Code =    
01-15 09:20:04.671  2546  4092 D LOWI-9.0.1.74: [LOWI-Scan] 
01-15 09:20:04.671  2546  4092 D LOWI-9.0.1.74: [LOWI-Scan] BSS 74:37:5f:**:**:ea FREQ: 5220, cFreq1[40:80:160] = [5230:5210:0] cFreq2 = 0 SSID SpectrumSetup-E9, RSSI(dBM): -83, 11mcRanging: No, Country Code = US 
01-15 09:20:04.672  2546  4092 D LOWI-9.0.1.74: [LOWI-Scan] 
01-15 09:20:04.672  2546  4092 D LOWI-9.0.1.74: [LOWI-Scan] BSS 16:37:5f:**:**:ea FREQ: 5220, cFreq1[40:80:160] = [5230:5210:0] cFreq2 = 0 SSID Spectrum Mobile, RSSI(dBM): -82, 11mcRanging: No, Country Code = US 
01-15 09:20:04.672  2546  4092 D LOWI-9.0.1.74: [LOWI-Scan] 
01-15 09:20:04.673  2546  4092 D LOWI-9.0.1.74: [LOWI-Scan] adjust_age:AP AGE upper limit reached. Dont store
01-15 09:20:04.673  2546  4092 D LOWI-9.0.1.74: [LOWI-Scan] BSS 48:7a:ff:**:**:82 FREQ: 5180, cFreq1[40:80:160] = [5190:0:0] cFreq2 = 0 SSID Hyundai_5gaU, RSSI(dBM): -88, 11mcRanging: No, Country Code = US 
01-15 09:20:04.673  2546  4092 D LOWI-9.0.1.74: [LOWI-Scan] 
01-15 09:20:04.673  2546  4092 D LOWI-9.0.1.74: [LOWI-Scan] adjust_age:AP AGE upper limit reached. Dont store
01-15 09:20:04.674  2546  4092 D LOWI-9.0.1.74: [LOWI-Scan] BSS 0e:7e:24:**:**:12 FREQ: 2462, cFreq1[40:80:160] = [0:0:0] cFreq2 = 0 SSID BMW 72274, RSSI(dBM): -83, 11mcRanging: No, Country Code =    
01-15 09:20:04.674  2546  4092 D LOWI-9.0.1.74: [LOWI-Scan] 
01-15 09:20:04.674  2546  4092 D LOWI-9.0.1.74: [LOWI-Scan] adjust_age:AP AGE upper limit reached. Dont store
01-15 09:20:04.675  2546  4092 D LOWI-9.0.1.74: [LOWI-Scan] BSS 74:37:5f:**:**:eb FREQ: 2412, cFreq1[40:80:160] = [0:0:0] cFreq2 = 0 SSID SpectrumSetup-E9, RSSI(dBM): -75, 11mcRanging: No, Country Code = US 
01-15 09:20:04.675  2546  4092 D LOWI-9.0.1.74: [LOWI-Scan] 
01-15 09:20:04.675  2546  4092 D LOWI-9.0.1.74: [LOWI-Scan] BSS 4a:eb:62:**:**:b9 FREQ: 2462, cFreq1[40:80:160] = [0:0:0] cFreq2 = 0 SSID DIRECT-dK-Car_d9b2, RSSI(dBM): -79, 11mcRanging: No, Country Code = KA 
01-15 09:20:04.675  2546  4092 D LOWI-9.0.1.74: [LOWIDiagLog] Log: lowiMeasResult->request: invalid null argument
01-15 09:20:04.676  2546  4092 I LOWI-9.0.1.74: [LOWI-Scan] lowi_close_record:Scan done in 182426261ms, 7 APs in scan results
01-15 09:20:04.676  2546  4092 D LOWI-9.0.1.74: [LOWI-Scan] WipsScanUsingNL: passive scan cached 0, took 8847 ms, err 0
01-15 09:20:04.676  2546  4092 D LOWI-9.0.1.74: [LOWI-Scan] lowi_proc_req_passive_scan_with_live_meas - No WLAN Frames to be parsed
01-15 09:20:04.676  2546  4092 D LOWI-9.0.1.74: [LOWIScanResultReceiver] Send scan meas to listener
01-15 09:20:04.676  2546  4092 D LOWI-9.0.1.74: [LOWIScanResultReceiver] Enter passive listening mode
01-15 09:20:04.676  2546  4092 D LOWI-9.0.1.74: [LOWIWifiDriverInterface] getMeasurements - Passive listening mode
01-15 09:20:04.676  2546  4092 D LOWI-9.0.1.74: [LOWI-Scan] WipsScanUsingNL:wait -1 sec for netlink message
01-15 09:20:04.676  2546  2571 D LOWI-9.0.1.74: [LOWIEventReceiver] handleEvent:FROM:NA, TO:NA, REQ:NA, IREQ:NA, REQ_ID:0, RESP:NA, INFO:NA
01-15 09:20:04.676  2546  2571 D LOWI-9.0.1.74: [LOWIBackgroundScanMgr] isRspForBgScanMgr: evt(LOWI_NO_EVT) - not handled
01-15 09:20:04.677  2546  2571 D LOWI-9.0.1.74: [LOWIScheduler] manageMsg: NULL results or NULL request in results
01-15 09:20:04.677  2546  2571 D LOWI-9.0.1.74: [LOWIController] Measurements received
01-15 09:20:04.677  2546  2571 D LOWI-9.0.1.74: [LOWICacheManager] putInCache:Num of Meas to add: 7
01-15 09:20:04.677  2546  2571 D LOWI-9.0.1.74: [LOWIController] processMeasurementResults: No current Request. Cache measurements
01-15 09:20:04.677  2546  2571 D LOWI-9.0.1.74: [LOWIController] sendAsyncScanResponse: Request FreeWifiScanObserver_28 is from a different client.
01-15 09:20:04.677  2546  2571 D LOWI-9.0.1.74: [LOWIController] generateResponse: Type (ASYNC_DISCOVERY_SCAN_RESULTS) ScanStatus (1) request FreeWifiScanObserver_28
01-15 09:20:04.677  2546  2571 D LOWI-9.0.1.74: [LOWIEventDispatcher] sendResponse - originator = FreeWifiScanObserver
01-15 09:20:04.677  2546  2571 D LOWI-9.0.1.74: [LOWIUtils] injectScanMeasurements - num of APs = 7
01-15 09:20:04.677  2546  2571 I LOWI-9.0.1.74: [LOWIUtils] responseToOutPostcard - TO: FreeWifiScanObserver, FROM:   LOWI-SERVER, RESP:  LOWI_ASYNC_DISCOVERY_SCAN_RESULTS
01-15 09:20:04.678  2546  2571 D LOWI-9.0.1.74: [LOWIControllerExtn] sendLOWILpDiscoveryScanResponse: Not a discovery scan response
01-15 09:20:04.680  2613  3554 D WifiNative: Scan result ready event
01-15 09:20:04.682  1678  1739 I LocSvc_api_v02: ---> locClientSendReq line 2462 QMI_LOC_INJECT_WIFI_AP_DATA_REQ_V02
01-15 09:20:04.683  2613  3723 D WificondScannerImpl: Filtering out 4 scan results.
01-15 09:20:04.684  2613  3723 I WifiScanner: onFullResults
01-15 09:20:04.684  7549  7795 I WifiScanner: onFullResults
01-15 09:20:04.684  2613  3723 I WifiScanner: onFullResults
01-15 09:20:04.684  2613  3723 I WifiScanner: onFullResults
01-15 09:20:04.684  1678  5187 I LocSvc_ApiV02: <--- globalRespCb line 355 QMI_LOC_INJECT_WIFI_AP_DATA_REQ_V02
01-15 09:20:04.684  2613  3723 I WifiScanner: onFullResults
01-15 09:20:04.685  7549  8129 I WifiScanner: onFullResults
01-15 09:20:04.687  7549  7795 I WifiScanner: onFullResults
01-15 09:20:04.688  2613  3816 D SemWifiScanPool: remove old scan results, size:3
01-15 09:20:04.689  2613  3816 D SemWifiScanPool: countryCode: US, count: 2, totalSamples: 3, rate: 66.666664%
01-15 09:20:04.689  2613  3816 V SemWifiScanPool: updateScanResult, full scan:3 configKeys: 3 pool_bssid:1503 pool_configKeys:322
01-15 09:20:04.689  2613  3816 D WifiConnectivityMonitor: onScanResultUpdated
01-15 09:20:04.689  2613  3816 D WifiConnectivityMonitor: mMaxScannedCountryCode : 
01-15 09:20:04.692  2613  4714 I SLocation: ReceiverPairWithWifi - handle Wifi Scans ID = 44
01-15 09:20:04.692  2613  4714 I SLocation: ReceiverPairWithWifi - handle Wifi Scans ID = 46
01-15 09:20:04.692  2613  4714 I SLocation: ReceiverPairWithWifi - handle Wifi Scans ID = 59
01-15 09:20:04.692  2613  4714 I SLocation: ReceiverPairWithWifi - handle Wifi Scans ID = 66
01-15 09:20:04.693  2613  4714 D SLocation: LocationProviderStatus - try to update provider status (GPS/NLP)
01-15 09:20:04.693  2613  4714 D SLocation: LocationProviderStatus - set isGpsOn : true, isNlpOn : true
01-15 09:20:04.693  2613  4714 D SLocation: LocationProviderStatus - gps & nlp status not changed
01-15 09:20:04.693  2613  4714 D SLocation: GeofenceCoreManager - geofence core command pending size : 2
01-15 09:20:04.693  2613  4714 D SLocation: GeofenceCoreRecovery - removeGeofenceInfo id = 15000
01-15 09:20:04.693  2613  4714 D SLocation: SLocationCoreSem - send to coreSem, packet length : 3 / [17, 58, 152]
01-15 09:20:04.693  2613  4714 D SemContextLocationCoreAttribute: setAttribute() mode : 0 action : 23
01-15 09:20:04.693  2613  4714 D SemContextService: lock : changeParameters
01-15 09:20:04.693  2613  4714 D SemContext.CaeProvider.LocationCoreImpl: setAttribute() mode : 0 action : 23
01-15 09:20:04.694  2613  4714 W CAE     : setCAProperty(ContextAwareService.java:509) - [setProperty 01] Mutex is locked for SLOCATION_RUNNER
01-15 09:20:04.694  2613  4714 I CAE     : setPropertyValue(SLocationRunner.java:116) - SLocationRunner setProperty header : 17, len : 3
01-15 09:20:04.694  7549  1560 I FrewleTileCacheManagerV: (REDACTED) Fetched %d AP models from cache
01-15 09:20:04.694  2613  3709 D SensorService: setSContextDataLocked ints length 3 , byte length 6
01-15 09:20:04.695  2613  3709 D SensorService: setSContextDataLocked 113717c1
01-15 09:20:04.695  1679  1679 I sensors-hal: inject_sensor_data:407, handle 1502 send inject
01-15 09:20:04.695  1679  1679 I sensors-hal: sendContextData:290, sensor hal 6, (0xc1, 0x17, 0x37, 0x11)
01-15 09:20:04.695  1679  1679 E sensors-hal: sendContextData:133, slocationcore h 193 m 23 s 55
01-15 09:20:04.695  1679  1679 I sensors-hal: sendUserData:119, slocationcore sendUserData
01-15 09:20:04.695  1679  1679 E sensors-hal: create_send_context_data:64, slocationcore create_send_context_data
01-15 09:20:04.695  1679  1679 I sensors-hal: send_context_data:694, slocationcore, 4986366670857974562, 1320970896291267344, msgid:700
01-15 09:20:04.696  1679  3707 I sensors-hal: qsh_conn_resp_cb:930, resp_value = 0 for slocationcore 
01-15 09:20:04.696  1679  3707 I sensors-hal: qsh_conn_event_cb:890, event[0] sensor:slocationcore  Wakeup, msg_id=1025, ts=3503552020965
01-15 09:20:04.696  1679  3707 E sensors-hal: handle_sns_client_event:78, slocationcore_event: msgid:1025
01-15 09:20:04.696  1679  3707 I sensors-hal: qsh_conn_event_cb:890, event[0] sensor:slocationcore  Wakeup, msg_id=1025, ts=3503552021295
01-15 09:20:04.696  1679  3707 E sensors-hal: handle_sns_client_event:78, slocationcore_event: msgid:1025
01-15 09:20:04.698  2613  3718 D WakeupController: Attempted to handleScanResults while not enabled
01-15 09:20:04.698  2613  3705 D CAE     : onGetSensorHubData(SensorHubParserProvider.java:92) - onGetSensorHubData Event [event buffer len :26], AP_WAKEUP
01-15 09:20:04.699  2613  3705 I CAE     : parse(SensorHubParserProvider.java:188) - buffer size = 26
01-15 09:20:04.699  2613 12268 I Mocca_VehicleDetectionHelper: (1.1.04.1)WiFi: WiFi delta: 3.0 totalKeys is: 6 ratio is: 50.0
01-15 09:20:04.699  2613  3705 I CAE     : parse(SensorHubParserProvider.java:199) - 1, 1, 55, 0, 21, 5, 15, 30, 0, 0, 0, -56, 3, 19, 98, 80, 15, 30, 0, 0, 0, -56, 3, 19, 98, 80,
01-15 09:20:04.699  2613 12268 I Mocca_VehicleDetectionHelper: (1.1.04.1)WiFi: Updated WiFi status: 2
01-15 09:20:04.699  2613 12268 D VehicleSensorHub: vehicleSendToSensorHub status : 2 type : 16
01-15 09:20:04.699  2613 12268 I SensorManager: Get Sensor type = 65586
01-15 09:20:04.699  2613  3705 I CAE     : parse(SLocationRunner.java:88) - SLocationRunner parse start : 3
01-15 09:20:04.699  2613 12268 D SensorService: setSContextDataLocked ints length 3 , byte length 5
01-15 09:20:04.699  2613 12268 D SensorService: setSContextDataLocked 103c17c1
01-15 09:20:04.699  2613  3705 D CAE     : display(ContextProvider.java:375) - ================= SLOCATION_RUNNER =================
01-15 09:20:04.699  2613  3705 I CAE     : display(ContextProvider.java:391) - ExtraDataArray=[1, 1, 55, 0, 21, 5, 15, 30, 0, 0, 0, -56, 3, 19, 98, 80, 15, 30, 0, 0, 0, -56, 3, 19, 98, 80]
01-15 09:20:04.699  2613  3705 I CAE     : parse(SLocationRunner.java:96) - SLocationRunner parse end:26
01-15 09:20:04.699  2613  3705 D CAE     : onGetSensorHubData(SensorHubParserProvider.java:92) - onGetSensorHubData Event [event buffer len :10], AP_WAKEUP
01-15 09:20:04.699  2613  3705 I CAE     : parse(SensorHubParserProvider.java:188) - buffer size = 10
01-15 09:20:04.699  1679  1679 I sensors-hal: inject_sensor_data:407, handle 1502 send inject
01-15 09:20:04.699  1679  1679 I sensors-hal: sendContextData:290, sensor hal 5, (0xc1, 0x17, 0x3c, 0x10)
01-15 09:20:04.699  2613  3705 I CAE     : parse(SensorHubParserProvider.java:199) - 1, 1, 55, 0, 5, 2, 17, 0, 58, -104,
01-15 09:20:04.699  1679  1679 I sensors-hal: sendContextData:230, activities 5 c1, 1
01-15 09:20:04.699  1679  1679 I sensors-hal: sendUserData:251, Activities cmd 0xc1 0x17
01-15 09:20:04.699  1679  1679 I sensors-hal: create_send_context_data:80, sending create_send_context_data
01-15 09:20:04.699  2613  3705 I CAE     : parse(SLocationRunner.java:88) - SLocationRunner parse start : 3
01-15 09:20:04.699  1679  1679 I sensors-hal: send_context_data:694, activities, 4914309220830019584, 1320970896291267344, msgid:700
01-15 09:20:04.699  2613  3705 D CAE     : display(ContextProvider.java:375) - ================= SLOCATION_RUNNER =================
01-15 09:20:04.699  2613  3705 I CAE     : display(ContextProvider.java:391) - ExtraDataArray=[1, 1, 55, 0, 5, 2, 17, 0, 58, -104]
01-15 09:20:04.700  2613  3705 I CAE     : parse(SLocationRunner.java:96) - SLocationRunner parse end:10
01-15 09:20:04.700  1679  3707 I sensors-hal: qsh_conn_resp_cb:930, resp_value = 0 for activities 
01-15 09:20:04.700  2613 12268 W ContextImpl: Calling a method in the system process without a qualified user: android.app.ContextImpl.sendBroadcast:1335 com.samsung.android.mocca.app.vehicle.AdvancedVehicleDetection.reportAdvancedVehicleEvent:185 com.samsung.android.mocca.app.vehicle.AdvancedVehicleDetection.handleWifiScanResult:340 com.samsung.android.mocca.app.vehicle.AdvancedVehicleDetection.q:0 D.e.h:231 
01-15 09:20:04.700  2613  3702 D SemContextService: Service.updateContext() : service = SLocation Core
01-15 09:20:04.700  2613  3702 D SemContextService: Service.updateContext() : service = SLocation Core
01-15 09:20:04.700  2613  4714 W CAE     : setCAProperty(ContextAwareService.java:515) - [setProperty 02] Mutex is unlocked for SLOCATION_RUNNER
01-15 09:20:04.700  2613  4714 D SemContextService: unlock : changeParameters
01-15 09:20:04.700  2613  4714 D SemContextManager:   .changeParameters : listener = Z.i@422b069, service=SLocation Core
01-15 09:20:04.700  2613  4714 D SLocation: GeofenceCoreManager - geofence core command pending size : 1
01-15 09:20:04.700  2613  4714 D SLocation: GeofenceCoreRecovery - storeGeofenceInfo 1 id = 15000, radius = 15465
01-15 09:20:04.701  2613  4714 D SLocation: SLocationCoreSem - send to coreSem, packet length : 16 / [16, 58, 152, 25, 97, 52, 249, 212, 249, 248, 231, 0, 0, 60, 105, 1]
01-15 09:20:04.701  2613  4714 D SemContextLocationCoreAttribute: setAttribute() mode : 0 action : 23
01-15 09:20:04.701  2613  4714 D SemContextService: lock : changeParameters
01-15 09:20:04.701  2613  4714 D SemContext.CaeProvider.LocationCoreImpl: setAttribute() mode : 0 action : 23
01-15 09:20:04.701  2613  4714 W CAE     : setCAProperty(ContextAwareService.java:509) - [setProperty 01] Mutex is locked for SLOCATION_RUNNER
01-15 09:20:04.701  2613  4714 I CAE     : setPropertyValue(SLocationRunner.java:116) - SLocationRunner setProperty header : 16, len : 16
01-15 09:20:04.702  2613  2613 D GnssLocationProvider_ex: receive broadcast intent, action: android.net.wifi.SCAN_RESULTS
01-15 09:20:04.702  2613  3709 D SensorService: setSContextDataLocked ints length 6 , byte length 19
01-15 09:20:04.702  2613  3709 D SensorService: setSContextDataLocked 103717c1
01-15 09:20:04.702  1679  1679 I sensors-hal: inject_sensor_data:407, handle 1502 send inject
01-15 09:20:04.702  1679  1679 I sensors-hal: sendContextData:290, sensor hal 19, (0xc1, 0x17, 0x37, 0x10)
01-15 09:20:04.702  1679  1679 E sensors-hal: sendContextData:133, slocationcore h 193 m 23 s 55
01-15 09:20:04.702  1679  1679 I sensors-hal: sendUserData:119, slocationcore sendUserData
01-15 09:20:04.702  1679  1679 E sensors-hal: create_send_context_data:64, slocationcore create_send_context_data
01-15 09:20:04.702  1679  1679 I sensors-hal: send_context_data:694, slocationcore, 4986366670857974562, 1320970896291267344, msgid:700
01-15 09:20:04.703  1679  3707 I sensors-hal: qsh_conn_resp_cb:930, resp_value = 0 for slocationcore 
01-15 09:20:04.703  1679  3707 I sensors-hal: qsh_conn_event_cb:890, event[0] sensor:slocationcore  Wakeup, msg_id=1025, ts=3503552158616
01-15 09:20:04.703  1679  3707 E sensors-hal: handle_sns_client_event:78, slocationcore_event: msgid:1025
01-15 09:20:04.704  2613  4714 W CAE     : setCAProperty(ContextAwareService.java:515) - [setProperty 02] Mutex is unlocked for SLOCATION_RUNNER
01-15 09:20:04.704  2613  3705 D CAE     : onGetSensorHubData(SensorHubParserProvider.java:92) - onGetSensorHubData Event [event buffer len :10], AP_WAKEUP
01-15 09:20:04.704  2613  3705 I CAE     : parse(SensorHubParserProvider.java:188) - buffer size = 10
01-15 09:20:04.704  2613  3705 I CAE     : parse(SensorHubParserProvider.java:199) - 1, 1, 55, 0, 5, 2, 16, 0, 58, -104,
01-15 09:20:04.705  2613  3705 I CAE     : parse(SLocationRunner.java:88) - SLocationRunner parse start : 3
01-15 09:20:04.705  2613  3705 D CAE     : display(ContextProvider.java:375) - ================= SLOCATION_RUNNER =================
01-15 09:20:04.705  2613  3705 I CAE     : display(ContextProvider.java:391) - ExtraDataArray=[1, 1, 55, 0, 5, 2, 16, 0, 58, -104]
01-15 09:20:04.705  2613  3705 I CAE     : parse(SLocationRunner.java:96) - SLocationRunner parse end:10
01-15 09:20:04.705  2613  2613 D SemContextManager: onSemContextChanged() : event = SLocation Core
01-15 09:20:04.705  2613  2613 D SLocation: SensorHubWrapper - SemContextChanged type = 47, packet received
01-15 09:20:04.705  2613  2613 D SemContextManager: onSemContextChanged() : event = SLocation Core
01-15 09:20:04.705  2613  2613 D SLocation: SensorHubWrapper - SemContextChanged type = 47, packet received
01-15 09:20:04.705  2613  3702 D SemContextService: Service.updateContext() : service = SLocation Core
01-15 09:20:04.705  2613  4714 D SemContextService: unlock : changeParameters
01-15 09:20:04.705  2613  4714 D SemContextManager:   .changeParameters : listener = Z.i@422b069, service=SLocation Core
01-15 09:20:04.705  2613  4714 D SLocation: GeofenceCoreManager - received Extra Data from core, len : 21
01-15 09:20:04.705  2613  2613 D SemContextManager: onSemContextChanged() : event = SLocation Core
01-15 09:20:04.705  2613  4714 D SLocation: CommonCoreManager - received Extra Data from core, len : 21
01-15 09:20:04.706  2613  2613 D SLocation: SensorHubWrapper - SemContextChanged type = 47, packet received
01-15 09:20:04.706  2613  4714 D SLocation: GeofenceCoreManager - received Extra Data from core, len : 5
01-15 09:20:04.706  2613  4714 D SLocation: GeofenceCoreManager - handleCommandCallback - GEOFENCE_REMOVE SUCCESS
01-15 09:20:04.706  2613  4714 I SLocation: SHardwareManager - handleRemoveCallback : GEOFENCE_SUCCESS, id = 15000
01-15 09:20:04.706  2613  4714 D SLocation: CommonCoreManager - received Extra Data from core, len : 5
01-15 09:20:04.706  2613  4714 D SLocation: GeofenceCoreManager - received Extra Data from core, len : 5
01-15 09:20:04.706  2613  4714 D SLocation: GeofenceCoreManager - handleCommandCallback - GEOFENCE_ADD SUCCESS
01-15 09:20:04.706  2613  4714 I SLocation: SHardwareManager - handleAddCallback : GEOFENCE_SUCCESS id = 15000
01-15 09:20:04.706  2613  4714 D SLocation: CommonCoreManager - received Extra Data from core, len : 5
01-15 09:20:04.709  2613  2839 D ActivityManager: Received SERVICE intent 0x10d35cf Key{startService pkg=com.google.android.gms/network_location_provider intent=act=com.google.android.gms.location.util.nlp.RESULT cat=[targeted_intent_op_prefix:.location.util.nlp.NlpInternalApi$NlpReceiverIntentOperation] xflg=0x4 cmp=com.google.android.gms/.chimera.PersistentIntentOperationService flags=0x2000000 u=0} requestCode=0 from uid 10259
01-15 09:20:04.711  1650  1765 I minksocket: MinkIPC MESSAGE: ( 1650:1765 ) MinkIPC_QRTR_Service:351 minkipc = 0xb400007a974104f0 sock = 15, client with node 1 port 6664 went down
01-15 09:20:04.711  1650  1790 I minksocket: MinkIPC MESSAGE: ( 1650:1790 ) MinkIPC_QRTR_Service:351 minkipc = 0xb400007a97411410 sock = 33, client with node 1 port 6664 went down
01-15 09:20:04.712  1650  1790 I minksocket: MinkIPC MESSAGE: ( 1650:1790 ) MinkIPC_QRTR_Service:351 minkipc = 0xb400007a97411410 sock = 33, client with node 1 port 6665 went down
01-15 09:20:04.712  1650  1765 I minksocket: MinkIPC MESSAGE: ( 1650:1765 ) MinkIPC_QRTR_Service:351 minkipc = 0xb400007a974104f0 sock = 15, client with node 1 port 6665 went down
01-15 09:20:04.713  1650  1790 I minksocket: MinkIPC MESSAGE: ( 1650:1790 ) MinkIPC_QRTR_Service:351 minkipc = 0xb400007a97411410 sock = 33, client with node 1 port 6666 went down
01-15 09:20:04.713  1650  1765 I minksocket: MinkIPC MESSAGE: ( 1650:1765 ) MinkIPC_QRTR_Service:351 minkipc = 0xb400007a974104f0 sock = 15, client with node 1 port 6666 went down
01-15 09:20:04.713  2613  5688 D ActivityManager: Received SERVICE intent 0x1286f51 Key{startService pkg=com.google.android.gms/fused_location_provider intent=act=com.google.android.location.internal.action.FLP_FULL_POWER_LOCATION_RESULT xflg=0x4 pkg=com.google.android.gms cmp=com.google.android.gms/com.google.android.location.internal.PendingIntentCallbackService flags=0x2000000 u=0} requestCode=0 from uid 10259
01-15 09:20:04.714  1650  1790 I minksocket: MinkIPC MESSAGE: ( 1650:1790 ) MinkIPC_QRTR_Service:351 minkipc = 0xb400007a97411410 sock = 33, client with node 1 port 6667 went down
01-15 09:20:04.715  1650  1765 I minksocket: MinkIPC MESSAGE: ( 1650:1765 ) MinkIPC_QRTR_Service:351 minkipc = 0xb400007a974104f0 sock = 15, client with node 1 port 6667 went down
01-15 09:20:04.716  2613  5688 D ActivityManager: Received SERVICE intent 0x3aa78b7 Key{startService pkg=com.google.android.gms/fused_location_provider intent=act=com.google.android.location.internal.action.FLP_LOW_POWER_LOCATION_RESULT xflg=0x4 pkg=com.google.android.gms cmp=com.google.android.gms/com.google.android.location.internal.PendingIntentCallbackService flags=0x2000000 u=0} requestCode=0 from uid 10259
01-15 09:20:04.717  2613  5688 D ActivityManager: Received SERVICE intent 0x2953dae Key{startService pkg=com.google.android.gms/weather_pressure intent=act=com.google.android.gms.location.util.nlp.RESULT cat=[targeted_intent_op_prefix:.location.util.nlp.NlpInternalApi$NlpReceiverIntentOperation] xflg=0x4 cmp=com.google.android.gms/.chimera.PersistentIntentOperationService flags=0x2000000 u=0} requestCode=2 from uid 10259
01-15 09:20:04.718  7549  7965 I ActivityScheduler: nextTriggerTime: 182468877, in -2637ms, detectorType: 39, FULL_TYPE alarmWindowMillis: 156
01-15 09:20:04.719  1678  1720 I GnssAidl: ===> injectLocation line 289 
01-15 09:20:04.719  2613  4714 D SLocation: PositionManager - Passive handleLocationChanged [N, A : 116.10, T : 1768486801670, ET : 182468353, h : 27/18]
01-15 09:20:04.719  2613  4714 D SLocation: GeofenceLocationFilter - location sent before 2838, need to filter / provider : network, accuracy : 116.1
01-15 09:20:04.719  2613  4714 D SLocation: LocationBuffer - receivedLocation - op[interval(min 60000, max 1800000), waitTime 36000000, numOfUpdates 5, minDistance 200.0]dist : 107.32913 diffTime : 23734 filtered Location
01-15 09:20:04.719  2613  4714 D SLocation: BatchManager - received batch location buffered = false
01-15 09:20:04.719  2613  4714 W Settings: Setting airplane_mode_on has moved from android.provider.Settings.System to android.provider.Settings.Global, returning read-only value.
01-15 09:20:04.720  2613  4714 D SLocation: FilteredLastLocation - notify all last locations, loc : 3
01-15 09:20:04.720  1678  1739 I LocSvc_api_v02: ---> locClientSendReq line 2462 QMI_LOC_INJECT_POSITION_REQ_V02
01-15 09:20:04.722  1678  5187 I LocSvc_ApiV02: <--- globalRespCb line 355 QMI_LOC_INJECT_POSITION_REQ_V02
01-15 09:20:04.723  7549  7903 I gdqd    : Received empty WiFi-RTT scan. [CONTEXT service_id=6 ]
01-15 09:20:04.793  2613  3147 D PowerManagerService: displayReady: false groupId=0
01-15 09:20:04.794  2613  3147 D DisplayPowerController[0]: animateScreenStateChange: target=ON, mIsEnabled=true
01-15 09:20:04.794  2613  3147 D PowerManagerService: displayReady: true groupId=0
01-15 09:20:04.852  2613  3752 D GnssLocationProvider_ex: SV Count : 53 / 64      (PRN, Constellation, Type, SNR, Used)
01-15 09:20:04.852  2613  3752 D GnssLocationProvider_ex: (3, GPS, L1, 29.6, 0) (4, GPS, L1, 35.4, 1) (9, GPS, L1, 20.4, 0) (16, GPS, L1, 44.7, 1) (26, GPS, L1, 42.8, 1) (27, GPS, L1, 38.2, 1) 
01-15 09:20:04.852  2613  3752 D GnssLocationProvider_ex: (28, GPS, L1, 44.4, 1) (29, GPS, L1, 23.1, 0) (31, GPS, L1, 41.6, 1) (2, GLONASS, L1, 37.7, 1) (22, GLONASS, L1, 27.2, 1) (12, GLONASS, L1, 37.7, 1) 
01-15 09:20:04.852  2613  3752 D GnssLocationProvider_ex: (11, GLONASS, L1, 27.8, 1) (1, GLONASS, L1, 37.2, 1) (21, GLONASS, L1, 21.8, 0) (3, GLONASS, L1, 39.8, 1) (44, BEIDOU, L1, 42.9, 1) (42, BEIDOU, L1, 34.8, 1) 
01-15 09:20:04.852  2613  3752 D GnssLocationProvider_ex: (41, BEIDOU, L1, 32.4, 1) (35, BEIDOU, L1, 31.7, 1) (33, BEIDOU, L1, 38.5, 1) (26, BEIDOU, L1, 36.2, 1) (25, BEIDOU, L1, 36.9, 0) (24, BEIDOU, L1, 38.1, 1) 
01-15 09:20:04.852  2613  3752 D GnssLocationProvider_ex: (14, BEIDOU, L1, 40.8, 1) (12, BEIDOU, L1, 24.6, 0) (4, GALILEO, L1, 24.6, 1) (6, GALILEO, L1, 23.7, 0) (14, GALILEO, L1, 28.7, 1) (19, GALILEO, L1, 37.2, 1) 
01-15 09:20:04.852  2613  3752 D GnssLocationProvider_ex: (21, GALILEO, L1, 42.9, 1) (23, GALILEO, L1, 40.4, 1) (27, GALILEO, L1, 32.2, 1) (29, GALILEO, L1, 42.1, 1) (3, GPS, L5, 32.1, 1) (4, GPS, L5, 25.1, 1) 
01-15 09:20:04.852  2613  3752 D GnssLocationProvider_ex: (9, GPS, L5, 29.7, 1) (26, GPS, L5, 30.5, 1) (27, GPS, L5, 37.2, 1) (28, GPS, L5, 37.4, 1) (4, GALILEO, L5, 23.8, 1) (6, GALILEO, L5, 25.3, 0) 
