01-15 09:20:00.818  2613  3554 D ActivityManager: Received SERVICE intent 0x433a5d8 Key{startService pkg=com.google.android.gms/fused_location_provider intent=act=com.google.android.gms.location.util.nlp.RESULT cat=[targeted_intent_op_prefix:.location.util.nlp.NlpInternalApi$NlpReceiverIntentOperation] xflg=0x4 cmp=com.google.android.gms/.chimera.PersistentIntentOperationService flags=0x2000000 u=0} requestCode=1 from uid 10259
01-15 09:20:00.820  3968  4046 I RegiMgr<0>: [SamsungCMC_PD|IDLE] checkInitialRegistrationIsReady: APM ON [false], Roamimg [false]
01-15 09:20:00.820  3968  4046 I RcsPolicyMgr<0>: pendingRcsRegister: mActiveDataPhoneId = 0
01-15 09:20:00.820  3968  4046 I ImsProfile: carrierId : XAU isRttSupportByCallApp true
01-15 09:20:00.820  3968  4046 I ImsProfile: ttyType : 1
01-15 09:20:00.820  3968  4046 I RegiMgr-Utils<0>: getPriorityRegiedTask : isPriority  High? true
01-15 09:20:00.821  3968  4046 I CmcAccountManager: isSupportDualSimCMC: false
01-15 09:20:00.821  2613  4217 D ActivityManager: Received SERVICE intent 0x17f0c16 Key{startService pkg=com.google.android.gms/fused_location_provider intent=act=com.google.android.location.internal.action.FLP_AR_RESULT xflg=0x4 pkg=com.google.android.gms cmp=com.google.android.gms/com.google.android.location.internal.PendingIntentCallbackService flags=0x2000000 u=0} requestCode=0 from uid 10259
01-15 09:20:00.822  2613  5688 W AppOps  : Noting op not finished: uid 10259 pkg com.google.android.gms code 113 startTime of in progress event=1768486788172
01-15 09:20:00.823  3968  4046 I CmcSettingManagerWrapper: hasSecondaryDevice: no SD with current PD
01-15 09:20:00.823  3968  4046 I RegiMgr<0>: [SamsungCMC_PD|IDLE] checkForTryRegister: isReadyToRegister = false
01-15 09:20:00.824  3968  4046 I RcsPolicyMgr<0>: pendingRcsRegister: mActiveDataPhoneId = 0
01-15 09:20:00.824  3968  4046 I RegisterTask: isSuspended: mSuspended(false) mSuspendByIrat(false)
01-15 09:20:00.824  3968  4046 I RegiMgr<0>: [TMobile 3G|CONFIGURED] checkForTryRegister id: 287
01-15 09:20:00.824  3968  4046 I PdnController: getDefaultNetworkBearer: CELLULAR
01-15 09:20:00.824  3968  4046 I RegistrationRatDecider<0>: getAvailableMobileNetwork: network=20 mobileDataType=20 => rat=20
01-15 09:20:00.824  3968  4046 I PdnController<0>: isNetworkAvailable: isEpdgConnected=false getDataNetworkType()=20
01-15 09:20:00.825  3968  4046 I RegistrationRatDecider<0>: findBestNetwork: NR
01-15 09:20:00.825  3968  4046 I RegiGvnBase<0>: isReadyToDualRegister: slot 1's call state: 0
01-15 09:20:00.825  3968  4046 I RegiGvnBase<0>: isReadyToDualRegister : true
01-15 09:20:00.826  3968  4046 I RegiMgr<0>: [TMobile 3G|CONFIGURED] checkInitialRegistrationIsReady: APM ON [false], Roamimg [false]
01-15 09:20:00.826  3968  4046 I RcsPolicyMgr<0>: pendingRcsRegister: mActiveDataPhoneId = 0
01-15 09:20:00.826  3968  4046 I ImsProfile: carrierId : XAU isRttSupportByCallApp true
01-15 09:20:00.826  3968  4046 I ImsProfile: ttyType : 1
01-15 09:20:00.826  3968  4046 I RegiMgr-Utils<0>: getPriorityRegiedTask : isPriority  High? true
01-15 09:20:00.826  3968  4046 I RegiMgr-Utils<0>: checkHigherPriorityRegiedTask != null
01-15 09:20:00.827  2613  5688 D ActivityManager: Received SERVICE intent 0x7cb0997 Key{startService pkg=com.google.android.gms/current_semantic_location intent=act=com.google.android.gms.semanticlocation.ACTION_ACTIVITY xflg=0x4 cmp=com.google.android.gms/.semanticlocation.service.SemanticLocationService flags=0x2000000 u=0} requestCode=0 from uid 10259
01-15 09:20:00.828  2613  3554 W AppOps  : Noting op not finished: uid 10259 pkg com.google.android.gms code 113 startTime of in progress event=1768486788172
01-15 09:20:00.831  2613  3554 D ActivityManager: Received SERVICE intent 0x975db6d Key{startService pkg=com.google.android.gms/com.google.android.gms.location_base intent=act=com.google.android.location.internal.action.AR_TRANSITION_RESULT xflg=0x4 pkg=com.google.android.gms cmp=com.google.android.gms/com.google.android.location.internal.PendingIntentCallbackService flags=0x2000000 u=0} requestCode=0 from uid 10259
01-15 09:20:00.831  7549  7965 I ActivityScheduler: nextTriggerTime: 182468877, in 1250ms, detectorType: 39, FULL_TYPE alarmWindowMillis: 156
01-15 09:20:00.852  5587  5710 I GnssEngineManager_FLP: updateSatelliteStatus, top4=44, top6=43, visibleSv=64, usedSv=53, usedL5Sv=17 (usedGps=13, usedGlo=6, usedBds=20, usedGal=14)
01-15 09:20:00.852  1674  5842 I vendor.qti.bluetooth@1.1-ibs_handler: ProcessIbsCmd: Received IBS_SLEEP_IND: 0xFE
01-15 09:20:00.852  1674  5842 I vendor.qti.bluetooth@1.1-ibs_handler: ProcessIbsCmd: Received IBS_WAKE_IND: 0xFD
01-15 09:20:00.852  1674  5842 I vendor.qti.bluetooth@1.1-ibs_handler: ProcessIbsCmd: Writing IBS_WAKE_ACK
01-15 09:20:00.852  2613  3752 D GnssLocationProvider_ex: SV Count : 53 / 64      (PRN, Constellation, Type, SNR, Used)
01-15 09:20:00.853  2613  3752 D GnssLocationProvider_ex: (3, GPS, L1, 28.1, 1) (4, GPS, L1, 33.6, 1) (9, GPS, L1, 24.8, 0) (16, GPS, L1, 45.1, 1) (26, GPS, L1, 41.5, 1) (27, GPS, L1, 37.0, 1) 
01-15 09:20:00.853  2613  3752 D GnssLocationProvider_ex: (28, GPS, L1, 45.1, 1) (29, GPS, L1, 19.2, 0) (31, GPS, L1, 40.4, 1) (2, GLONASS, L1, 40.0, 1) (22, GLONASS, L1, 28.9, 1) (12, GLONASS, L1, 38.7, 1) 
01-15 09:20:00.853  2613  3752 D GnssLocationProvider_ex: (11, GLONASS, L1, 28.8, 1) (1, GLONASS, L1, 38.0, 1) (21, GLONASS, L1, 22.5, 0) (3, GLONASS, L1, 40.2, 1) (44, BEIDOU, L1, 42.1, 1) (42, BEIDOU, L1, 35.2, 1) 
01-15 09:20:00.853  2613  3752 D GnssLocationProvider_ex: (41, BEIDOU, L1, 31.9, 1) (35, BEIDOU, L1, 31.3, 1) (33, BEIDOU, L1, 39.7, 1) (26, BEIDOU, L1, 36.8, 1) (25, BEIDOU, L1, 37.2, 0) (24, BEIDOU, L1, 38.6, 1) 
01-15 09:20:00.853  2613  3752 D GnssLocationProvider_ex: (14, BEIDOU, L1, 40.9, 1) (12, BEIDOU, L1, 21.8, 0) (4, GALILEO, L1, 22.7, 0) (6, GALILEO, L1, 25.7, 1) (14, GALILEO, L1, 29.4, 1) (19, GALILEO, L1, 37.0, 1) 
01-15 09:20:00.853  2613  3752 D GnssLocationProvider_ex: (21, GALILEO, L1, 43.0, 1) (23, GALILEO, L1, 40.1, 1) (27, GALILEO, L1, 31.4, 1) (29, GALILEO, L1, 42.1, 1) (3, GPS, L5, 31.8, 1) (4, GPS, L5, 26.5, 1) 
01-15 09:20:00.853  2613  3752 D GnssLocationProvider_ex: (9, GPS, L5, 29.7, 1) (26, GPS, L5, 29.6, 1) (27, GPS, L5, 37.6, 1) (28, GPS, L5, 37.7, 1) (4, GALILEO, L5, 24.2, 0) (6, GALILEO, L5, 25.9, 1) 
01-15 09:20:00.853  2613  3752 D GnssLocationProvider_ex: (14, GALILEO, L5, 27.9, 1) (19, GALILEO, L5, 30.3, 1) (21, GALILEO, L5, 32.8, 1) (23, GALILEO, L5, 33.8, 1) (27, GALILEO, L5, 30.1, 1) (29, GALILEO, L5, 32.4, 1) 
01-15 09:20:00.853  2613  3752 D GnssLocationProvider_ex: (24, BEIDOU, L5, 29.2, 1) (25, BEIDOU, L5, 24.4, 0) (26, BEIDOU, L5, 20.1, 0) (33, BEIDOU, L5, 36.2, 0) (35, BEIDOU, L5, 18.5, 0) (41, BEIDOU, L5, 27.2, 1) 
01-15 09:20:00.853  2613  3752 D GnssLocationProvider_ex: (42, BEIDOU, L5, 35.6, 1) (44, BEIDOU, L5, 26.3, 1) (24, BEIDOU, L1, 36.6, 1) (25, BEIDOU, L1, 29.4, 1) (26, BEIDOU, L1, 38.3, 1) (33, BEIDOU, L1, 43.7, 1) 
01-15 09:20:00.853  2613  3752 D GnssLocationProvider_ex: (35, BEIDOU, L1, 31.2, 1) (41, BEIDOU, L1, 37.8, 1) (42, BEIDOU, L1, 38.4, 1) (44, BEIDOU, L1, 43.1, 1) 
01-15 09:20:00.854  2613  3752 D GnssLocationProvider: reportLocation
01-15 09:20:00.855  5587  5710 I GnssEngineManager_FLP: onGpsLocationChanged, provider=gps / isMock=false / speed=0.0 / time=1768486801000 / elapsed=182467618306379
01-15 09:20:00.855  5587  5710 I NewStopController_FLP: isAvailableLastLoc, KeepStationary : false , timeGap : 33 , mStraightFixCount : 0
01-15 09:20:00.855  5587  5710 I NewStopController_FLP: onChangedGlpLocation, isGpsStopped= false, isReportingLL= false, isAvailableLastLoc : true
01-15 09:20:00.859  2613  4714 D SLocation: PositionManager - Passive handleLocationChanged [G, A : 3.80, T : 1768486801000, ET : 182467618, E : OD, h : 19/19]
01-15 09:20:00.861  2613 12268 I Mocca_VehicleDetectionHelper: (1.1.04.1)GPS: Avg speed: 0.0 Speed: 0.0 LIST: [0.0, 0.0, 0.0, 0.0, 0.0, 0.0, 0.0, 0.0, 0.0, 0.0]
01-15 09:20:00.861  2613 12268 D VehicleSensorHub: vehicleSendToSensorHub status : 1 type : 18
01-15 09:20:00.861  2613  4714 D SLocation: PositionManager - receive gps location
01-15 09:20:00.861  2613 12268 I SensorManager: Get Sensor type = 65586
01-15 09:20:00.861  2613 12268 D SensorService: setSContextDataLocked ints length 3 , byte length 5
01-15 09:20:00.861  2613 12268 D SensorService: setSContextDataLocked 123c17c1
01-15 09:20:00.861  1679  1679 I sensors-hal: inject_sensor_data:407, handle 1502 send inject
01-15 09:20:00.862  1679  1679 I sensors-hal: sendContextData:290, sensor hal 5, (0xc1, 0x17, 0x3c, 0x12)
01-15 09:20:00.862  1679  1679 I sensors-hal: sendContextData:230, activities 5 c1, 1
01-15 09:20:00.862  1679  1679 I sensors-hal: sendUserData:251, Activities cmd 0xc1 0x17
01-15 09:20:00.862  1679  1679 I sensors-hal: create_send_context_data:80, sending create_send_context_data
01-15 09:20:00.862  1679  1679 I sensors-hal: send_context_data:694, activities, 4914309220830019584, 1320970896291267344, msgid:700
01-15 09:20:00.862  7549  7903 I FusedLocation: (REDACTED) location delivery to %s blocked - too fast
01-15 09:20:00.862  2613 12268 W ContextImpl: Calling a method in the system process without a qualified user: android.app.ContextImpl.sendBroadcast:1335 com.samsung.android.mocca.app.vehicle.AdvancedVehicleDetection.reportAdvancedVehicleEvent:185 com.samsung.android.mocca.app.vehicle.AdvancedVehicleDetection.handleLocEvent:277 com.samsung.android.mocca.app.vehicle.AdvancedVehicleDetection.p:0 D.e.h:136 
01-15 09:20:00.862  1679  3707 I sensors-hal: qsh_conn_resp_cb:930, resp_value = 0 for activities 
01-15 09:20:00.863  2613  5688 W AppOps  : Noting op not finished: uid 10259 pkg com.google.android.gms code 113 startTime of in progress event=1768486788177
01-15 09:20:00.864  7549  7903 I FusedLocation: (REDACTED) location delivery to %s blocked - too fast
01-15 09:20:00.864  2613  4714 D SLocation: GeofenceLocationFilter - location sent before 4001, need to filter / provider : gps, accuracy : 3.800063
01-15 09:20:00.864  2613  4714 D SLocation: LocationBuffer - receivedLocation - op[interval(min 60000, max 1800000), waitTime 36000000, numOfUpdates 5, minDistance 200.0]dist : 43.911884 diffTime : 23000 filtered Location
01-15 09:20:00.864  2613  4714 D SLocation: BatchManager - received batch location buffered = false
01-15 09:20:00.864  7549  7903 I FusedLocation: (REDACTED) location delivery to %s blocked - too fast
01-15 09:20:00.864  7549  7903 I FusedLocation: (REDACTED) location delivery to %s blocked - too close
01-15 09:20:00.864  2613  4714 D SLocation: LastLocations - update latest location [G, A : 3.80, T : 1768486801000, ET : 182467618, E : OD, h : 19/19]
01-15 09:20:00.865  2613  4714 D SLocation: FilteredLastLocation - notify all last locations, loc : 3
01-15 09:20:00.865  5587  5710 I GmsPassiveListener_FLP: onGmsLocationChanged, provider=fused / speed=0.0 / time=1768486800822 / elapsed=182467618306379
01-15 09:20:00.867  7549  7903 I FusedLocation: (REDACTED) location delivery to %s blocked - too fast
01-15 09:20:00.867  7549  7903 I FusedLocation: (REDACTED) location delivery to %s blocked - too close
01-15 09:20:00.869  7549  7903 I FusedLocation: (REDACTED) location delivery to %s blocked - too fast
01-15 09:20:00.869  2613  4714 D SLocation: PositionManager - Passive handleLocationChanged [F, A : 3.80, T : 1768486800822, ET : 182467618, h : 19/19]
01-15 09:20:00.870  2613  4714 D SLocation: PositionManager - receive fused location
01-15 09:20:00.870  2613  4714 D SLocation: DuplicateLocationChecker_GeofenceLocationFilter - fused is duplicated last gps location
01-15 09:20:00.870  2613  4714 D SLocation: LocationBuffer - receivedLocation - op[interval(min 60000, max 1800000), waitTime 36000000, numOfUpdates 5, minDistance 200.0]dist : 43.906803 diffTime : 23000 filtered Location
01-15 09:20:00.870  2613  4714 D SLocation: BatchManager - received batch location buffered = false
01-15 09:20:00.870  2613  4714 W Settings: Setting airplane_mode_on has moved from android.provider.Settings.System to android.provider.Settings.Global, returning read-only value.
01-15 09:20:00.870  2613  4714 D SLocation: FilteredLastLocation - notify all last locations, loc : 3
01-15 09:20:00.884  1723 28495 I StatsHandler: [avcD_721] Stats: Pending(0) i/p-done(0) Works: Q: 9235/Done 9223|Work-Rate: Q(0.0/s Avg=0.2/s) Done(0.000/s Avg=0.208/s)| Stream: 30.00fps 314.0Kbps
01-15 09:20:00.884  1723 28495 I StatsHandler: [avcD_721] Mem-usage:  [In-1D: 20 bufs 160.000 MB] [1D-3244: 33 bufs 0.516 MB] [2D-3245: 17 bufs 13.547 MB] | Total: 174.062 MB
01-15 09:20:00.884  1723 28495 I StatsHandler: [hvcD_979] Stats: Pending(0) i/p-done(0) Works: Q: 1494/Done 1491|Work-Rate: Q(0.0/s Avg=0.2/s) Done(0.000/s Avg=0.196/s)| Stream: 62.50fps 1.8Mbps
01-15 09:20:00.884  1723 28495 I StatsHandler: [hvcD_979] Mem-usage:  [In-1D: 12 bufs 96.000 MB] [1D-3736: 34 bufs 0.531 MB] [2D-3737: 22 bufs 70.125 MB] | Total: 166.656 MB
01-15 09:20:00.884  1723 28495 I StatsHandler: [av1D_9] Stats: Pending(0) i/p-done(0) Works: Q: 423/Done 619|Work-Rate: Q(0.0/s Avg=0.1/s) Done(0.000/s Avg=0.086/s)| Stream: 60.00fps 1.2Mbps
01-15 09:20:00.884  1723 28495 I StatsHandler: [av1D_9] Mem-usage:  [In-1D: 13 bufs 104.000 MB] [1D-3796: 35 bufs 0.547 MB] [2D-3797: 22 bufs 70.125 MB] | Total: 174.672 MB
01-15 09:20:00.952  1674  5842 I vendor.qti.bluetooth@1.1-ibs_handler: ProcessIbsCmd: Received IBS_SLEEP_IND: 0xFE
01-15 09:20:00.957  1674  5842 I vendor.qti.bluetooth@1.1-ibs_handler: ProcessIbsCmd: Received IBS_WAKE_IND: 0xFD
01-15 09:20:00.958  1674  5842 I vendor.qti.bluetooth@1.1-ibs_handler: ProcessIbsCmd: Writing IBS_WAKE_ACK
01-15 09:20:00.973  4749  5196 I avrcp   : system/profile/avrcp/connection_handler.cc:643 MessageCb: Message received on handle 0
01-15 09:20:00.973  4749  5196 I avrcp   : system/profile/avrcp/device.cc:1548 MessageReceived: opcode=Opcode::VENDOR
01-15 09:20:00.973  4749  5196 I avrcp   : system/profile/avrcp/device.cc:200 VendorPacketHandler: pdu=CommandPdu::GET_PLAY_STATUS
01-15 09:20:00.973  4749  5196 I avrcp   : system/profile/avrcp/connection_handler.cc:837 SendMessage: SendMessage to handle=0x0
01-15 09:20:00.980  2613  3147 D PowerManagerService: displayReady: false groupId=0
01-15 09:20:00.981  2613  3147 D DisplayPowerController[0]: animateScreenStateChange: target=ON, mIsEnabled=true
01-15 09:20:00.981  2613  3147 D PowerManagerService: displayReady: true groupId=0
01-15 09:20:01.016  1674  5842 I vendor.qti.bluetooth@1.1-ibs_handler: ProcessIbsCmd: Received IBS_SLEEP_IND: 0xFE
01-15 09:20:01.025  1650  1790 I minksocket: MinkIPC MESSAGE: ( 1650:1790 ) MinkIPC_QRTR_Service:351 minkipc = 0xb400007a97411410 sock = 33, client with node 1 port 663f went down
01-15 09:20:01.026  1650  1790 I minksocket: MinkIPC MESSAGE: ( 1650:1790 ) MinkIPC_QRTR_Service:351 minkipc = 0xb400007a97411410 sock = 33, client with node 1 port 6643 went down
01-15 09:20:01.026  1650  1765 I minksocket: MinkIPC MESSAGE: ( 1650:1765 ) MinkIPC_QRTR_Service:351 minkipc = 0xb400007a974104f0 sock = 15, client with node 1 port 663f went down
01-15 09:20:01.026  1650  1765 I minksocket: MinkIPC MESSAGE: ( 1650:1765 ) MinkIPC_QRTR_Service:351 minkipc = 0xb400007a974104f0 sock = 15, client with node 1 port 6643 went down
01-15 09:20:01.027  1674  5842 I vendor.qti.bluetooth@1.1-ibs_handler: ProcessIbsCmd: Received IBS_WAKE_IND: 0xFD
01-15 09:20:01.027  1674  5842 I vendor.qti.bluetooth@1.1-ibs_handler: ProcessIbsCmd: Writing IBS_WAKE_ACK
01-15 09:20:01.031  2255  2602 V NuPlayerDriver: getCurrentPosition(0xb4000074a734fff0) 29830 (msec), at state 5
01-15 09:20:01.093  1674  5842 I vendor.qti.bluetooth@1.1-ibs_handler: ProcessIbsCmd: Received IBS_SLEEP_IND: 0xFE
01-15 09:20:01.093  1674  5842 I vendor.qti.bluetooth@1.1-ibs_handler: ProcessIbsCmd: Received IBS_WAKE_IND: 0xFD
01-15 09:20:01.093  1674  5842 I vendor.qti.bluetooth@1.1-ibs_handler: ProcessIbsCmd: Writing IBS_WAKE_ACK
01-15 09:20:01.121  2613  2839 D SemContextService: lock : requestToUpdate
01-15 09:20:01.121  2613  2839 W CAE     : setCAProperty(ContextAwareService.java:509) - [setProperty 01] Mutex is locked for CH_LOC_TRIGGER
01-15 09:20:01.122  2613  3709 D SensorService: setSContextDataLocked ints length 2 , byte length 4
01-15 09:20:01.122  2613  3709 D SensorService: setSContextDataLocked 3db8
01-15 09:20:01.122  1679  1679 I sensors-hal: inject_sensor_data:407, handle 1502 send inject
01-15 09:20:01.122  1679  1679 I sensors-hal: sendContextData:290, sensor hal 4, (0xb8, 0x3d, 0x0, 0x0)
01-15 09:20:01.122  1679  1679 I sensors-hal: sendContextData:131, change_location_trigger 4,184
01-15 09:20:01.122  1679  1679 I sensors-hal: sendUserData:118, change_location_trigger h 184 m 61 s 0
01-15 09:20:01.122  1679  1679 I sensors-hal: create_send_context_data:66, change_location_trigger create_send_context_data
01-15 09:20:01.122  1679  1679 I sensors-hal: send_context_data:694, change_location_trigger, -244018566922240, 1320970896291267344, msgid:700
01-15 09:20:01.123  2613  2839 W CAE     : setCAProperty(ContextAwareService.java:515) - [setProperty 02] Mutex is unlocked for CH_LOC_TRIGGER
01-15 09:20:01.123  2613  2839 D SemContextService:     .requestToUpdate() : service = Location Change Trigger
01-15 09:20:01.123  2613  2839 D SemContextService: unlock : requestToUpdate
01-15 09:20:01.123  2613  2839 D SemContextManager:   .requestToUpdate : listener = com.android.server.location.nsflp.NSLocationMonitor$5@37f2d77, service=Location Change Trigger
01-15 09:20:01.124  1679  3707 I sensors-hal: qsh_conn_resp_cb:930, resp_value = 0 for change_location_trigger 
01-15 09:20:01.124  5587 11306 I NewStopController_FLP: StateChecker, check stationary message
01-15 09:20:01.125  1650  1765 I minksocket: MinkIPC MESSAGE: ( 1650:1765 ) MinkIPC_QRTR_Service:351 minkipc = 0xb400007a974104f0 sock = 15, client with node 1 port 664b went down
01-15 09:20:01.125  1650  1790 I minksocket: MinkIPC MESSAGE: ( 1650:1790 ) MinkIPC_QRTR_Service:351 minkipc = 0xb400007a97411410 sock = 33, client with node 1 port 664b went down
01-15 09:20:01.125  1650  1765 I minksocket: MinkIPC MESSAGE: ( 1650:1765 ) MinkIPC_QRTR_Service:351 minkipc = 0xb400007a974104f0 sock = 15, client with node 1 port 664f went down
01-15 09:20:01.125  1650  1790 I minksocket: MinkIPC MESSAGE: ( 1650:1790 ) MinkIPC_QRTR_Service:351 minkipc = 0xb400007a97411410 sock = 33, client with node 1 port 664f went down
01-15 09:20:01.127  1650  1765 I minksocket: MinkIPC MESSAGE: ( 1650:1765 ) MinkIPC_QRTR_Service:351 minkipc = 0xb400007a974104f0 sock = 15, client with node 1 port 6650 went down
01-15 09:20:01.127  1650  1790 I minksocket: MinkIPC MESSAGE: ( 1650:1790 ) MinkIPC_QRTR_Service:351 minkipc = 0xb400007a97411410 sock = 33, client with node 1 port 6650 went down
01-15 09:20:01.129  1650  1765 I minksocket: MinkIPC MESSAGE: ( 1650:1765 ) MinkIPC_QRTR_Service:351 minkipc = 0xb400007a974104f0 sock = 15, client with node 1 port 6651 went down
01-15 09:20:01.129  1650  1790 I minksocket: MinkIPC MESSAGE: ( 1650:1790 ) MinkIPC_QRTR_Service:351 minkipc = 0xb400007a97411410 sock = 33, client with node 1 port 6651 went down
01-15 09:20:01.131  1650  1765 I minksocket: MinkIPC MESSAGE: ( 1650:1765 ) MinkIPC_QRTR_Service:351 minkipc = 0xb400007a974104f0 sock = 15, client with node 1 port 6652 went down
01-15 09:20:01.131  1650  1765 I minksocket: MinkIPC MESSAGE: ( 1650:1765 ) MinkIPC_QRTR_Service:351 minkipc = 0xb400007a974104f0 sock = 15, client with node 1 port 6653 went down
01-15 09:20:01.131  1650  1790 I minksocket: MinkIPC MESSAGE: ( 1650:1790 ) MinkIPC_QRTR_Service:351 minkipc = 0xb400007a97411410 sock = 33, client with node 1 port 6652 went down
01-15 09:20:01.131  1650  1790 I minksocket: MinkIPC MESSAGE: ( 1650:1790 ) MinkIPC_QRTR_Service:351 minkipc = 0xb400007a97411410 sock = 33, client with node 1 port 6653 went down
01-15 09:20:01.153  1674  5842 I vendor.qti.bluetooth@1.1-ibs_handler: ProcessIbsCmd: Received IBS_SLEEP_IND: 0xFE
01-15 09:20:01.155  1679  3707 I sensors-hal: qsh_conn_event_cb:890, event[0] sensor:change_location_trigger  Wakeup, msg_id=1025, ts=3503484035178
01-15 09:20:01.155  1679  3707 I sensors-hal: handle_sns_client_event:85, change_location_trigger_event: msgid:1025
01-15 09:20:01.155  1679  3707 I sensors-hal: handle_sns_client_event:108, change_location_trigger_event: 255, 255
01-15 09:20:01.159  2613  3705 D CAE     : onGetSensorHubData(SensorHubParserProvider.java:92) - onGetSensorHubData Event [event buffer len :15], AP_WAKEUP
01-15 09:20:01.160  2613  3705 I CAE     : parse(SensorHubParserProvider.java:188) - buffer size = 15
01-15 09:20:01.160  2613  3705 I CAE     : parse(SensorHubParserProvider.java:199) - 1, 1, 61, -1, 0, 2, 1, 0, 0, 0, 1, 0, 0, 0, 0,
01-15 09:20:01.160  2613  3705 D CAE     : display(ContextProvider.java:375) - ================= CH_LOC_TRIGGER =================
01-15 09:20:01.160  2613  3705 I CAE     : display(ContextProvider.java:391) - duration=[1], property=[1], result=[2], reserved=[0]
01-15 09:20:01.160  1674  5842 I vendor.qti.bluetooth@1.1-ibs_handler: ProcessIbsCmd: Received IBS_WAKE_IND: 0xFD
01-15 09:20:01.161  2613  3702 D SemContextService: Service.updateContext() : service = Location Change Trigger
01-15 09:20:01.161  1674  5842 I vendor.qti.bluetooth@1.1-ibs_handler: ProcessIbsCmd: Writing IBS_WAKE_ACK
01-15 09:20:01.161  2613  3753 D SemContextManager: onSemContextChanged() : event = Location Change Trigger
01-15 09:20:01.161  2613  3753 D NSLocationMonitor: onSemContextChanged, activity : 1 result : 2 movement : 1
01-15 09:20:01.180  2613  3147 D PowerManagerService: displayReady: false groupId=0
01-15 09:20:01.181  2613  3147 D DisplayPowerController[0]: animateScreenStateChange: target=ON, mIsEnabled=true
01-15 09:20:01.181  2613  3147 D PowerManagerService: displayReady: true groupId=0
01-15 09:20:01.212  1679  7873 I sensors-hal: handle_sns_client_event:375, [0][320915] accel_sample [ 0.096,  9.200,  3.115] 182468001846258
01-15 09:20:01.212  1674  5842 I vendor.qti.bluetooth@1.1-ibs_handler: ProcessIbsCmd: Received IBS_SLEEP_IND: 0xFE
01-15 09:20:01.216  1674  5842 I vendor.qti.bluetooth@1.1-ibs_handler: ProcessIbsCmd: Received IBS_WAKE_IND: 0xFD
01-15 09:20:01.216  1674  5842 I vendor.qti.bluetooth@1.1-ibs_handler: ProcessIbsCmd: Writing IBS_WAKE_ACK
01-15 09:20:01.267  1830  1915 I VSyncReactor: Current= 60, Period= 60, Distance= 1
01-15 09:20:01.272  1674  5842 I vendor.qti.bluetooth@1.1-ibs_handler: ProcessIbsCmd: Received IBS_SLEEP_IND: 0xFE
01-15 09:20:01.277  1674  5842 I vendor.qti.bluetooth@1.1-ibs_handler: ProcessIbsCmd: Received IBS_WAKE_IND: 0xFD
01-15 09:20:01.277  1674  5842 I vendor.qti.bluetooth@1.1-ibs_handler: ProcessIbsCmd: Writing IBS_WAKE_ACK
01-15 09:20:01.284  1830  1915 I VSyncReactor: Current= 60, Period= 60, Distance= 60
01-15 09:20:01.291  1821  1843 E HeatmapThread: ECT Thread time in milliseconds: 1768486801
01-15 09:20:01.293  1821  1843 D HeatmapThread: !@ batteryplugType : 2
01-15 09:20:01.293  1821  1843 D HeatmapThread: !@ batteryLevel : 57  batteryTemperature : 355 
01-15 09:20:01.293  1821  1843 D HeatmapThread: !@ Heatmap currtime: 29474780
01-15 09:20:01.294  1821  1843 D HeatmapThread: !@ Heatmap prevtime: 29474771
01-15 09:20:01.294  1821  1843 D HeatmapThread: !@ Heatmap plugstarttime: 29474767
01-15 09:20:01.294  1821  1843 D HeatmapThread: !@ Heatmap prevv_dsoh_update_time: 29474302
01-15 09:20:01.294  1821  1843 E HeatmapThread: !@ CAM New BSOH: 100
01-15 09:20:01.355  1674  5842 I vendor.qti.bluetooth@1.1-ibs_handler: ProcessIbsCmd: Received IBS_SLEEP_IND: 0xFE
01-15 09:20:01.361  1674  5842 I vendor.qti.bluetooth@1.1-ibs_handler: ProcessIbsCmd: Received IBS_WAKE_IND: 0xFD
01-15 09:20:01.361  1674  5842 I vendor.qti.bluetooth@1.1-ibs_handler: ProcessIbsCmd: Writing IBS_WAKE_ACK
01-15 09:20:01.381  2613  3147 D PowerManagerService: displayReady: false groupId=0
01-15 09:20:01.381  2613  3147 D DisplayPowerController[0]: animateScreenStateChange: target=ON, mIsEnabled=true
01-15 09:20:01.383  2613  3147 D PowerManagerService: displayReady: true groupId=0
01-15 09:20:01.416  1674  5842 I vendor.qti.bluetooth@1.1-ibs_handler: ProcessIbsCmd: Received IBS_SLEEP_IND: 0xFE
01-15 09:20:01.421  1674  5842 I vendor.qti.bluetooth@1.1-ibs_handler: ProcessIbsCmd: Received IBS_WAKE_IND: 0xFD
01-15 09:20:01.421  1674  5842 I vendor.qti.bluetooth@1.1-ibs_handler: ProcessIbsCmd: Writing IBS_WAKE_ACK
01-15 09:20:01.472  1674  5842 I vendor.qti.bluetooth@1.1-ibs_handler: ProcessIbsCmd: Received IBS_SLEEP_IND: 0xFE
01-15 09:20:01.474  1674  5842 I vendor.qti.bluetooth@1.1-ibs_handler: ProcessIbsCmd: Received IBS_WAKE_IND: 0xFD
01-15 09:20:01.474  1674  5842 I vendor.qti.bluetooth@1.1-ibs_handler: ProcessIbsCmd: Writing IBS_WAKE_ACK
01-15 09:20:01.476  4749  5196 I avrcp   : system/profile/avrcp/connection_handler.cc:643 MessageCb: Message received on handle 0
01-15 09:20:01.476  4749  5196 I avrcp   : system/profile/avrcp/device.cc:1548 MessageReceived: opcode=Opcode::VENDOR
01-15 09:20:01.476  4749  5196 I avrcp   : system/profile/avrcp/device.cc:200 VendorPacketHandler: pdu=CommandPdu::GET_PLAY_STATUS
01-15 09:20:01.476  4749  5196 I avrcp   : system/profile/avrcp/connection_handler.cc:837 SendMessage: SendMessage to handle=0x0
01-15 09:20:01.556  1674  5842 I vendor.qti.bluetooth@1.1-ibs_handler: ProcessIbsCmd: Received IBS_SLEEP_IND: 0xFE
01-15 09:20:01.561  1674  5842 I vendor.qti.bluetooth@1.1-ibs_handler: ProcessIbsCmd: Received IBS_WAKE_IND: 0xFD
01-15 09:20:01.561  1674  5842 I vendor.qti.bluetooth@1.1-ibs_handler: ProcessIbsCmd: Writing IBS_WAKE_ACK
01-15 09:20:01.566  1234  1234 D io_stats: !@   8,0 r 42854608 728107636 w 12939404 242645920 d 2388879 162709664 f 335988 735472 iot 8779876 0 th 0 0 0 pt 0 inp 0 0 159610.376
01-15 09:20:01.566  7389  7389 I AudioPathManager: loadAudioPath() : loaded audio path is bluetooth (2)
01-15 09:20:01.566  7389  7389 I EffectManager: isSupportDolbyAtmosOnThisAudioPath() : path is bluetooth (2)
01-15 09:20:01.566  7389  7389 I UHQUpscalerManager: isUHQCompatibleBluetooth() : support is 0, mode is 1
01-15 09:20:01.566  7389  7389 I AudioPathManager: loadAudioPath() : loaded audio path is bluetooth (2)
01-15 09:20:01.567  7389  7389 I EffectManager: isSupportVolumeNormalizationOnCurrentAudioPath() : path is bluetooth (2)
01-15 09:20:01.567  7389  7389 I DVFSHelper: isNecessaryToBoostCPU() : isDolbyOn? false, isUHQUpscalerOn? false, isVoiceBoostOn? false, isVolumeNormalizationOn? false
01-15 09:20:01.567  1234  1234 D io_stats: !@ Read_top(KB): kworker/u16:5(5554) 2584 .gms.persistent(7549) 1052 .sec.imsservice(3968) 224
01-15 09:20:01.567  7389  7389 I DVFSHelper: acquireBoostingCPU() : stop boosting cpu
01-15 09:20:01.567  1234  1234 D io_stats: !@ Write_top(KB): kworker/u16:5(5554) 1384 rdash.driverapp(11498) 36 s.youtube.music(28679) 24
01-15 09:20:01.569  7389  7389 I AudioPathManager: loadAudioPath() : loaded audio path is bluetooth (2)
01-15 09:20:01.569  7389  7389 I EffectManager: isSupportDolbyAtmosOnThisAudioPath() : path is bluetooth (2)
01-15 09:20:01.569  7389  7389 I UHQUpscalerManager: isUHQCompatibleBluetooth() : support is 0, mode is 1
01-15 09:20:01.569  7389  7389 I AudioPathManager: loadAudioPath() : loaded audio path is bluetooth (2)
01-15 09:20:01.569  7389  7389 I EffectManager: isSupportVolumeNormalizationOnCurrentAudioPath() : path is bluetooth (2)
01-15 09:20:01.569  7389  7389 I DVFSHelper: isNecessaryToBoostCPU() : isDolbyOn? false, isUHQUpscalerOn? false, isVoiceBoostOn? false, isVolumeNormalizationOn? false
01-15 09:20:01.581  2613  3147 D PowerManagerService: displayReady: false groupId=0
01-15 09:20:01.582  2613  3147 D DisplayPowerController[0]: animateScreenStateChange: target=ON, mIsEnabled=true
01-15 09:20:01.582  2613  3147 D PowerManagerService: displayReady: true groupId=0
01-15 09:20:01.734  4749  5964 I ScanController: onScanResult to scannerId: 7- eventType=0x10, addressType=1, address=XX:XX:XX:XX:DC:46, primaryPhy=1, secondaryPhy=0, advertisingSid=0xff, txPower=127, rssi=-93, periodicAdvInt=0x0
01-15 09:20:01.781  4749  5196 I avrcp   : system/profile/avrcp/device.cc:2779 HandlePlayPosUpdate: 
01-15 09:20:01.782  2613  3147 D PowerManagerService: displayReady: false groupId=0
01-15 09:20:01.782  2613  3147 D DisplayPowerController[0]: animateScreenStateChange: target=ON, mIsEnabled=true
01-15 09:20:01.782  4749  5196 I avrcp   : system/profile/avrcp/device.cc:1369 PlaybackPosNotificationResponse: pos= 30852
01-15 09:20:01.782  4749  5196 I avrcp   : system/profile/avrcp/connection_handler.cc:837 SendMessage: SendMessage to handle=0x0
01-15 09:20:01.783  2613  3147 D PowerManagerService: displayReady: true groupId=0
01-15 09:20:01.833  4749  5196 I avrcp   : system/profile/avrcp/connection_handler.cc:643 MessageCb: Message received on handle 0
01-15 09:20:01.833  4749  5196 I avrcp   : system/profile/avrcp/device.cc:1548 MessageReceived: opcode=Opcode::VENDOR
01-15 09:20:01.833  4749  5196 I avrcp   : system/profile/avrcp/device.cc:200 VendorPacketHandler: pdu=CommandPdu::REGISTER_NOTIFICATION
01-15 09:20:01.833  4749  5196 I avrcp   : system/profile/avrcp/device.cc:831 HandleNotification: event=Event::PLAYBACK_POS_CHANGED
01-15 09:20:01.834  4749  5196 I avrcp   : system/profile/avrcp/connection_handler.cc:837 SendMessage: SendMessage to handle=0x0
01-15 09:20:01.834  4749  5196 I avrcp   : system/profile/avrcp/device.cc:915 HandleNotification: Queue next play position update
01-15 09:20:01.851  5587  5710 I GnssEngineManager_FLP: updateSatelliteStatus, top4=44, top6=43, visibleSv=64, usedSv=51, usedL5Sv=16 (usedGps=12, usedGlo=6, usedBds=20, usedGal=13)
01-15 09:20:01.857  2613  3752 D GnssLocationProvider_ex: SV Count : 51 / 64      (PRN, Constellation, Type, SNR, Used)
01-15 09:20:01.858  2613  3752 D GnssLocationProvider_ex: (3, GPS, L1, 29.1, 0) (4, GPS, L1, 33.6, 1) (9, GPS, L1, 20.3, 0) (16, GPS, L1, 45.0, 1) (26, GPS, L1, 41.7, 1) (27, GPS, L1, 37.7, 1) 
01-15 09:20:01.858  2613  3752 D GnssLocationProvider_ex: (28, GPS, L1, 45.4, 1) (29, GPS, L1, 23.1, 0) (31, GPS, L1, 41.0, 1) (2, GLONASS, L1, 39.8, 1) (22, GLONASS, L1, 26.1, 1) (12, GLONASS, L1, 38.7, 1) 
01-15 09:20:01.858  2613  3752 D GnssLocationProvider_ex: (11, GLONASS, L1, 27.8, 1) (1, GLONASS, L1, 38.4, 1) (21, GLONASS, L1, 22.5, 0) (3, GLONASS, L1, 40.7, 1) (44, BEIDOU, L1, 42.3, 1) (42, BEIDOU, L1, 35.0, 1) 
01-15 09:20:01.858  2613  3752 D GnssLocationProvider_ex: (41, BEIDOU, L1, 34.4, 1) (35, BEIDOU, L1, 30.9, 1) (33, BEIDOU, L1, 39.1, 1) (26, BEIDOU, L1, 37.3, 1) (25, BEIDOU, L1, 36.7, 0) (24, BEIDOU, L1, 38.7, 1) 
01-15 09:20:01.858  2613  3752 D GnssLocationProvider_ex: (14, BEIDOU, L1, 40.9, 1) (12, BEIDOU, L1, 24.6, 0) (4, GALILEO, L1, 23.3, 0) (6, GALILEO, L1, 24.8, 1) (14, GALILEO, L1, 29.4, 1) (19, GALILEO, L1, 37.5, 1) 
01-15 09:20:01.858  2613  3752 D GnssLocationProvider_ex: (21, GALILEO, L1, 43.3, 1) (23, GALILEO, L1, 40.7, 1) (27, GALILEO, L1, 32.2, 1) (29, GALILEO, L1, 43.0, 1) (3, GPS, L5, 32.0, 1) (4, GPS, L5, 26.8, 1) 
01-15 09:20:01.858  2613  3752 D GnssLocationProvider_ex: (9, GPS, L5, 30.7, 1) (26, GPS, L5, 29.9, 1) (27, GPS, L5, 37.1, 1) (28, GPS, L5, 37.6, 1) (4, GALILEO, L5, 23.5, 0) (6, GALILEO, L5, 27.2, 0) 
01-15 09:20:01.858  2613  3752 D GnssLocationProvider_ex: (14, GALILEO, L5, 28.2, 1) (19, GALILEO, L5, 30.4, 1) (21, GALILEO, L5, 33.4, 1) (23, GALILEO, L5, 34.3, 1) (27, GALILEO, L5, 29.8, 1) (29, GALILEO, L5, 32.8, 1) 
01-15 09:20:01.858  2613  3752 D GnssLocationProvider_ex: (24, BEIDOU, L5, 28.6, 1) (25, BEIDOU, L5, 24.6, 0) (26, BEIDOU, L5, 19.4, 0) (33, BEIDOU, L5, 36.6, 0) (35, BEIDOU, L5, 18.5, 0) (41, BEIDOU, L5, 28.2, 1) 
01-15 09:20:01.858  2613  3752 D GnssLocationProvider_ex: (42, BEIDOU, L5, 35.7, 1) (44, BEIDOU, L5, 26.7, 1) (24, BEIDOU, L1, 37.3, 1) (25, BEIDOU, L1, 29.7, 1) (26, BEIDOU, L1, 37.8, 1) (33, BEIDOU, L1, 43.8, 1) 
01-15 09:20:01.858  2613  3752 D GnssLocationProvider_ex: (35, BEIDOU, L1, 31.1, 1) (41, BEIDOU, L1, 38.1, 1) (42, BEIDOU, L1, 39.1, 1) (44, BEIDOU, L1, 43.4, 1) 
01-15 09:20:01.859  2613  3752 D GnssLocationProvider: reportLocation
01-15 09:20:01.861  5587  5710 I GnssEngineManager_FLP: onGpsLocationChanged, provider=gps / isMock=false / speed=0.0 / time=1768486802000 / elapsed=182468618306379
01-15 09:20:01.861  5587  5710 I NewStopController_FLP: isAvailableLastLoc, KeepStationary : false , timeGap : 39 , mStraightFixCount : 0
01-15 09:20:01.862  5587  5710 I NewStopController_FLP: onChangedGlpLocation, isGpsStopped= false, isReportingLL= false, isAvailableLastLoc : true
01-15 09:20:01.872  2613 12268 I Mocca_VehicleDetectionHelper: (1.1.04.1)GPS: Avg speed: 0.0 Speed: 0.0 LIST: [0.0, 0.0, 0.0, 0.0, 0.0, 0.0, 0.0, 0.0, 0.0, 0.0]
01-15 09:20:01.872  2613 12268 D VehicleSensorHub: vehicleSendToSensorHub status : 1 type : 18
01-15 09:20:01.872  2613 12268 I SensorManager: Get Sensor type = 65586
01-15 09:20:01.872  2613 12268 D SensorService: setSContextDataLocked ints length 3 , byte length 5
01-15 09:20:01.872  2613 12268 D SensorService: setSContextDataLocked 123c17c1
01-15 09:20:01.873  1679  1679 I sensors-hal: inject_sensor_data:407, handle 1502 send inject
01-15 09:20:01.873  1679  1679 I sensors-hal: sendContextData:290, sensor hal 5, (0xc1, 0x17, 0x3c, 0x12)
01-15 09:20:01.873  1679  1679 I sensors-hal: sendContextData:230, activities 5 c1, 1
01-15 09:20:01.873  1679  1679 I sensors-hal: sendUserData:251, Activities cmd 0xc1 0x17
01-15 09:20:01.873  1679  1679 I sensors-hal: create_send_context_data:80, sending create_send_context_data
01-15 09:20:01.873  1679  1679 I sensors-hal: send_context_data:694, activities, 4914309220830019584, 1320970896291267344, msgid:700
01-15 09:20:01.874  2613 12268 W ContextImpl: Calling a method in the system process without a qualified user: android.app.ContextImpl.sendBroadcast:1335 com.samsung.android.mocca.app.vehicle.AdvancedVehicleDetection.reportAdvancedVehicleEvent:185 com.samsung.android.mocca.app.vehicle.AdvancedVehicleDetection.handleLocEvent:277 com.samsung.android.mocca.app.vehicle.AdvancedVehicleDetection.p:0 D.e.h:136 
01-15 09:20:01.874  1679  3707 I sensors-hal: qsh_conn_resp_cb:930, resp_value = 0 for activities 
01-15 09:20:01.877  2613  4714 D SLocation: GeopointReceiver - Geopoint_6 : send geopoint result - 1
01-15 09:20:01.877  2613  4714 D SLocation: GeopointReceiver - geofence id (6:41_android_wifi) detected : 1
01-15 09:20:01.879  2613  4714 D ActivityManager: Received BROADCAST intent 0xd15e0c2 Key{broadcastIntent pkg=android intent=act=com.samsung.android.wifi.GEOFENCE xflg=0x4 pkg=android flags=0x3000000 u=0} requestCode=41 sent=0 from uid 1000
01-15 09:20:01.879  2613  4714 D SLocation: CommonUtil - check android.permission.ACCESS_COARSE_LOCATION Permission pid=2613, uid=1000, hasPermission=true
01-15 09:20:01.879  2613  4714 D SLocation: CommonUtil - check android.permission.ACCESS_FINE_LOCATION Permission pid=2613, uid=1000, hasPermission=true
01-15 09:20:01.879  2613  4714 E AppOps  : attributionTag wifi not declared in manifest of android
01-15 09:20:01.880  2613  4714 D SLocation: PositionManager - Passive handleLocationChanged [G, A : 3.80, T : 1768486802000, ET : 182468618, E : OD, h : 19/19]
01-15 09:20:01.881  2613  4714 D SLocation: PositionManager - receive gps location
01-15 09:20:01.881  2613  4714 I SLocation: GeofenceLocationFilter - fire alarm & cancel, E.Q@b70208e
01-15 09:20:01.881  2613  4714 W SLocation: GeopointGeofenceManger - refresh wifi to receive loc
01-15 09:20:01.881  2613  4714 E SLocation: GeopointLastLocation - Last location is more well than current Location.
01-15 09:20:01.881  2613  4714 D SLocation: GeopointGeofenceManger - Location reported : fix method = 3 / 3.7962263
01-15 09:20:01.881  2613  4714 D SLocation: LocationBuffer - receivedLocation - op[interval(min 60000, max 1800000), waitTime 36000000, numOfUpdates 5, minDistance 200.0]dist : 43.911884 diffTime : 24000 filtered Location
01-15 09:20:01.881  2613  4714 D SLocation: BatchManager - received batch location buffered = false
01-15 09:20:01.881  2613  3829 D AutoWifiController: mGeofenceStateListener state is 1
01-15 09:20:01.881  2613  4714 D SLocation: LastLocations - update latest location [G, A : 3.80, T : 1768486802000, ET : 182468618, E : OD, h : 19/19]
01-15 09:20:01.882  2613  3829 D AutoWifi.Geofence:                    [id : 41][direction : ENTER  ][result : ENTER  ]
01-15 09:20:01.882  2613  4714 D SLocation: FilteredLastLocation - notify all last locations, loc : 3
01-15 09:20:01.882  2613  4714 D SLocation: GeopointReceiver - cancel delay & hold gf id : 12
01-15 09:20:01.883  2613  4714 D SLocation: ReceiverPairWithAdaptive - id : 59, dir : 2
01-15 09:20:01.883  2613  4714 D SLocation: ReceiverPairWithAdaptive - id : 66, dir : 2
01-15 09:20:01.883  2613  4714 D SLocation: ReceiverPairWithAdaptive - similar fence, do not update geopoint geofence
01-15 09:20:01.883  2613  4714 D SLocation: GeopointReceiver - PendingIntent onSendFinished id:6
01-15 09:20:01.883  2613  4714 D SLocation: GeopointLastLocation - last location still available 20061 / 9223372036854775807
01-15 09:20:01.883  2613  4714 D SLocation: GeopointGeofenceObserver - location : [G, A : 3.79, T : 1768486782000, ET : 182448618, E : OD, h : 19/19], radius : 15465
01-15 09:20:01.883  2613  4714 D SLocation: LocationProviderStatus - try to update provider status (GPS/NLP)
01-15 09:20:01.883  2613  4714 D SLocation: LocationProviderStatus - set isGpsOn : true, isNlpOn : true
01-15 09:20:01.883  2613  4714 D SLocation: LocationProviderStatus - gps & nlp status not changed
01-15 09:20:01.883  2613  4714 D SLocation: GeofenceCoreManager - geofence core command pending size : 2
01-15 09:20:01.883  2613  4714 D SLocation: GeofenceCoreRecovery - removeGeofenceInfo id = 15000
01-15 09:20:01.883  2613  4714 D SLocation: SLocationCoreSem - send to coreSem, packet length : 3 / [17, 58, 152]
01-15 09:20:01.883  2613  4714 D SemContextLocationCoreAttribute: setAttribute() mode : 0 action : 23
01-15 09:20:01.883  2613  4714 D SemContextService: lock : changeParameters
01-15 09:20:01.883  2613  4714 D SemContext.CaeProvider.LocationCoreImpl: setAttribute() mode : 0 action : 23
01-15 09:20:01.883  2613  4714 W CAE     : setCAProperty(ContextAwareService.java:509) - [setProperty 01] Mutex is locked for SLOCATION_RUNNER
01-15 09:20:01.884  2613  4714 I CAE     : setPropertyValue(SLocationRunner.java:116) - SLocationRunner setProperty header : 17, len : 3
01-15 09:20:01.885  2613  3709 D SensorService: setSContextDataLocked ints length 3 , byte length 6
01-15 09:20:01.885  2613  3709 D SensorService: setSContextDataLocked 113717c1
01-15 09:20:01.885  4373  4650 D AppOpsPrivacyItemMonitor: showLocationSystemApps  AppOpItem(Op code=1, UID=10597, AttributionTag=null, Package name=com.doordash.driverapp, Paused=false)false)false)false)false)false)false)false)false)false)false)false)false)false)false)false)false)false)false)false)false)false)false)false)false)false)false)false)false)false)false)false)false)false)false)false)false)false)false)false)false)false)false)false)false)false)false)false)false)false)false)false)false)false)false)false)false)false)false)false)false)false)false)false)false)false)false)false)false)false)false)false)false)false)false)false)false)false)false)false)false)false)false)false)false)false)false)false)false)false)false)false)false)false)false)false)false)false)false)false)false)false)false)false)false)false)false)false)false)false)false)false)false)false)false)false)false)false)false)false)false)false)false)false)false)false)false)false)false)false)false)false)false)false)false)false)false)false)false)false)false)false)false)false)false)false)false)false)false)false)false)false)false)false)false)false)false)false)false)false)false)false)false)false)false)false)false)false)false)false)false)false)false)false)false)false)false)false)false)false)false)false)false)false)false)false)false)false)false)false)false)false)false)false)false)false)false)false)false)false)false)false)false)false)false)false)false)false)false)false)false)false)false)false)false)false)false)false)false)false)false)false)false)false)false)false)false)false)false)false)false)false)false)false)false)false)false)false)false)false)false)false)false)false)false)false)false)false)false)false)false)false)false)false)false)false)false)false)false)false)false)false)false)false)false)false)false)false)false)false)false)false)false)false)false)false)false)false)false)false)false)false)false)false)false)false)false)false)false)false)false)false)false)false)false)false)false)false)false)false)false)false)false)false)false)false)false)false)false)false)false)false)false)false)false)false)false)false)false)false)false)false)false)false)false)false)false)false)false)false)false)false)false)false)false)false)false)false)false)false)false)false)false)false)false)false)false)false)false)false)false)false)false)false)false)false)false)false)false)false)false)false)false)false)false)false)false)false)false)false)false)false)false)false)false)false)false)false)false)false)false)false)false)false)false)false)false)false)false)false)false)false)false)false)false)false)false)false)false)false)false)false)false)false)false)false)false)false)false)false)false)false)false)false)false)false)false)false)false)false)false)false)false)false)false)false)false)false)false)false)false)false)false)false)false)false)false)false)false)false)false)false)false)false)false)false)false)false)false)false)false)false)false)false)false)false)false)false)false)false)false)false)false)false)false)false)false)false)false)false)false)false)false)false)false)false)false)false)false)false)false)false)false)false)false)false)false)false)false)false)false)false)false)false)false)false)false)false)false)false)false)false)false)false)false)false)false)false)false)false)false)false)false)false)false)false)false)false)false)false)false)false)false)false)false)false)false)false)false)false)false)false)false)false)false)false)false)false)false)false)false)false)false)false)false)false)false)false)false)false)false)false)false)false)false)false)false)false)false)false)false)false)false)false)false)false)false)false)false)false)false)false)false)false)false)false)false)false)false)false)false)false)false)false)false)false)false)false)false)false)false)false)false)false)false)false)false)false)false)false)false)false)false)false)false)false)false)false)false)false)false)false)false)false)false)false)false)false)false)false)false)false)false)false)false)false)false)false)false)false)false)false)false)false)false)false)false)false)false)false)false)false)false)false)false)false)false)false)false)false)
01-15 09:20:01.885  4373  4650 D AppOpsPrivacyItemMonitor: showLocationSystemApps  AppOpItem(Op code=1, UID=1000, AttributionTag=SLocationService, Package name=android, Paused=false)false)false)false)false)false)false)false)false)false)false)false)false)false)false)false)false)false)false)false)false)false)false)false)false)false)false)false)false)false)false)false)false)false)false)false)false)false)false)false)false)false)false)false)false)false)false)false)false)false)false)false)false)false)false)false)false)false)false)false)false)false)false)false)false)false)false)false)false)false)false)false)false)false)false)false)false)false)false)false)false)false)false)false)false)false)false)false)false)false)false)false)false)false)false)false)false)false)false)false)false)false)false)false)false)false)false)false)false)false)false)false)false)false)false)false)false)false)false)false)false)false)false)false)false)false)false)false)false)false)false)false)false)false)false)false)false)false)false)false)false)false)false)false)false)false)false)false)false)false)false)false)false)false)false)false)false)false)false)false)false)false)false)false)false)false)false)false)false)false)false)false)false)false)false)false)false)false)false)false)false)false)false)false)false)false)false)false)false)false)false)false)false)false)false)false)false)false)false)false)false)false)false)false)false)false)false)false)false)false)false)false)false)false)false)false)false)false)false)false)false)false)false)false)false)false)false)false)false)false)false)false)false)false)false)false)false)false)false)false)false)false)false)false)false)false)false)false)false)false)false)false)false)false)false)false)false)false)false)false)false)false)false)false)false)false)false)false)false)false)false)false)false)false)false)false)false)false)false)false)false)false)false)false)false)false)false)false)false)false)false)false)false)false)false)false)false)false)false)false)false)false)false)false)false)false)false)false)false)false)false)false)false)false)false)false)false)false)false)false)false)false)false)false)false)false)false)false)false)false)false)false)false)false)false)false)false)false)false)false)false)false)false)false)false)false)false)false)false)false)false)false)false)false)false)false)false)false)false)false)false)false)false)false)false)false)false)false)false)false)false)false)false)false)false)false)false)false)false)false)false)false)false)false)false)false)false)false)false)false)false)false)false)false)false)false)false)false)false)false)false)false)false)false)false)false)false)false)false)false)false)false)false)false)false)false)false)false)false)false)false)false)false)false)false)false)false)false)false)false)false)false)false)false)false)false)false)false)false)false)false)false)false)false)false)false)false)false)false)false)false)false)false)false)false)false)false)false)false)false)false)false)false)false)false)false)false)false)false)false)false)false)false)false)false)false)false)false)false)false)false)false)false)false)false)false)false)false)false)false)false)false)false)false)false)false)false)false)false)false)false)false)false)false)false)false)false)false)false)false)false)false)false)false)false)false)false)false)false)false)false)false)false)false)false)false)false)false)false)false)false)false)false)false)false)false)false)false)false)false)false)false)false)false)false)false)false)false)false)false)false)false)false)false)false)false)false)false)false)false)false)false)false)false)false)false)false)false)false)false)false)false)false)false)false)false)false)false)false)false)false)false)false)false)false)false)false)false)false)false)false)false)false)false)false)false)false)false)false)false)false)false)false)false)false)false)false)false)false)false)false)false)false)false)false)false)false)false)false)false)false)false)false)false)false)false)false)false)false)false)false)false)false)false)false)false)false)false)false)false)false)false)false)false)false)false)false)false)
