02-08 20:09:19.205 15214 15235 V CpEventLog(u0): [P] cp_state: [               aggregated = {[1,2]=1, [131]=1, [3,131]=6, [3,25,131]=6, [3,25,35,131]=6, [3,25,35,8,131]=1, [3,25,35]=8, [3,25,8,35]=1, [3,25]=27, [3,35,25]=1, [3,35]=13, [3,8,25,35]=1, [3,8]=1, [3]=48} ]
02-08 20:09:19.205 15214 15235 V CpEventLog(u0): [P] cp_state: [                  request = {} ]
02-08 20:09:19.205 15214 15235 V CpEventLog(u0): [P] cp_state: [                    calls = {types={[100]=4, [300]=1, [500]=6, [1000]=1575, [1150]=415}, database=calllog.db} ]
02-08 20:09:19.205 15214 15235 V CpEventLog(u0): [P] cp_state: [                  profile = {contacts=0, raw_contacts=0, data=0, account={secphone(1)=0, google(2)=0, sim(3)=0, sim2(4)=0, agg(5)=0, samsung(6)=0, mobileservice(7)=0, coreapp(8)=0, google(9)=0, google(10)=0, google(11)=0, google(12)=0, whatsapp(25)=0, duo(35)=0, google(61)=0, com.microsoft.msa.ltw(73)=0, com.facebook.messenger(104)=0, com.github.android(107)=0, google(114)=0, com.facebook.auth.login(122)=0, com.facebook.auth.login(123)=0, app.revanced(124)=0, app.revanced(127)=0, www.instagram.com(128)=0, app.revanced(130)=0, telegram(131)=0, google(133)=0}, trash=0, trash_acc={}, trash_sync=0, database=profile.db} ]
02-08 20:09:19.205 15214 15235 V CpEventLog(u0): [P] cp_state: [               sa_profile = {contacts=1, raw_contacts=1, data=2, account={secphone(1)=1, google(2)=0, sim(3)=0, sim2(4)=0, agg(5)=0, samsung(6)=0, mobileservice(7)=0, coreapp(8)=0, google(9)=0, google(10)=0, google(11)=0, google(12)=0, whatsapp(25)=0, duo(35)=0, google(61)=0, com.microsoft.msa.ltw(73)=0, com.facebook.messenger(104)=0, com.github.android(107)=0, google(114)=0, com.facebook.auth.login(122)=0, com.facebook.auth.login(123)=0, app.revanced(124)=0, app.revanced(127)=0, www.instagram.com(128)=0, app.revanced(130)=0, telegram(131)=0, google(133)=0}, trash=0, trash_acc={}, trash_sync=0, database=profile_sa.db} ]
02-08 20:09:19.205 15214 15235 V CpEventLog(u0): [P] cp_state: [                      etc = {binders=0, country_iso=US, version=15.6.28, db_version=2000, db_size=1, db_wal_size=1, csc=TMB/TMB, sec_enabled=false, is_roaming=false} ]
02-08 20:09:19.205 15214 15235 V CpEventLog(u0): [P] cp_state: ------------------------------------------------------------------------------
02-08 20:09:19.605  2667  3349 I bauth_FPBAuthService: pcf : 0x1012, 0 ,1 ,0 ,1 ,0 ,0, 16.0.0.3
02-08 20:09:19.605  2667  3349 I bauth_FPBAuthService: thread id : 1, preenroll_flag : 0, nd cnt : 0, cso : 0, et : 0
02-08 20:09:19.605  2667  3349 I bauth_FPBAuthService: FPBAuthService::timerHandler complete
02-08 20:09:19.632  1964 21241 I sensors-hal: handle_sns_client_event:375, [0][383719] accel_sample [-0.140, -0.008,  9.892] 302408646452680
02-08 20:09:19.845  1172  1172 D io_stats: !@   8,0 r 69286958 1199817868 w 24254658 375810892 d 3725676 176877832 f 612266 1388380 iot 13544880 0 th 0 0 0 pt 0 inp 0 0 262729.350
02-08 20:09:19.862  2005 29985 I StatsHandler: [vp9D_949] Stats: Pending(0) i/p-done(0) Works: Q: 31/Done 24|Work-Rate: Q(0.0/s Avg=0.0/s) Done(0.000/s Avg=0.011/s)| Stream: 30.30fps 1.1Mbps
02-08 20:09:19.863  2005 29985 I StatsHandler: [vp9D_949] Mem-usage:  [In-1D: 11 bufs 88.000 MB] [1D-9337: 33 bufs 0.516 MB] [2D-9340: 22 bufs 31.453 MB] | Total: 119.969 MB
02-08 20:09:19.863  2005 29985 I StatsHandler: [vp9D_950] Stats: Pending(0) i/p-done(0) Works: Q: 31/Done 24|Work-Rate: Q(0.0/s Avg=0.0/s) Done(0.000/s Avg=0.011/s)| Stream: 30.30fps 2.0Mbps
02-08 20:09:19.864  2005 29985 I StatsHandler: [vp9D_950] Mem-usage:  [In-1D: 11 bufs 88.000 MB] [1D-9339: 33 bufs 0.516 MB] [2D-9342: 22 bufs 31.453 MB] | Total: 119.969 MB
02-08 20:09:20.078  2081  2129 E HeatmapThread: ECT Thread time in milliseconds: 1770599360
02-08 20:09:20.082  2081  2129 D HeatmapThread: !@ batteryplugType : 2
02-08 20:09:20.082  2081  2129 D HeatmapThread: !@ batteryLevel : 87  batteryTemperature : 299 
02-08 20:09:20.082  2081  2129 D HeatmapThread: !@ Heatmap currtime: 29509989
02-08 20:09:20.082  2081  2129 D HeatmapThread: !@ Heatmap prevtime: 29509965
02-08 20:09:20.082  2081  2129 D HeatmapThread: !@ Heatmap plugstarttime: 29509987
02-08 20:09:20.082  2081  2129 D HeatmapThread: !@ Heatmap prevv_dsoh_update_time: 29508937
02-08 20:09:20.083  2081  2129 E HeatmapThread: !@ CAM New BSOH: 100
02-08 20:09:20.125  2480  4214 I ActivityManager: Changes in 10331 19 to 19, 128 to 0
02-08 20:09:20.143  2480  4563 D InetDiagMessage: Destroyed 0 sockets, proto=IPPROTO_TCP, family=AF_INET, states=14
02-08 20:09:20.156  2480  4563 D InetDiagMessage: Destroyed 3 sockets, proto=IPPROTO_TCP, family=AF_INET6, states=14
02-08 20:09:20.156  2480  4563 D InetDiagMessage: Destroyed live tcp sockets for uids={10331} in 19ms
02-08 20:09:20.158  2480  4563 D InetDiagMessage: Destroyed 0 sockets, proto=IPPROTO_TCP, family=AF_INET, states=14
02-08 20:09:20.161  2480  4563 D InetDiagMessage: Destroyed 0 sockets, proto=IPPROTO_TCP, family=AF_INET6, states=14
02-08 20:09:20.161  2480  4563 D InetDiagMessage: Destroyed live tcp sockets for uids={20331} in 5ms
02-08 20:09:20.319  2480  4563 D InetDiagMessage: Destroyed 0 sockets, proto=IPPROTO_TCP, family=AF_INET, states=14
02-08 20:09:20.321  2480  4563 D InetDiagMessage: Destroyed 0 sockets, proto=IPPROTO_TCP, family=AF_INET6, states=14
02-08 20:09:20.322  2480  4563 D InetDiagMessage: Destroyed live tcp sockets for uids={10117} in 6ms
02-08 20:09:20.325  2480  4563 D InetDiagMessage: Destroyed 0 sockets, proto=IPPROTO_TCP, family=AF_INET, states=14
02-08 20:09:20.328  2480  4563 D InetDiagMessage: Destroyed 0 sockets, proto=IPPROTO_TCP, family=AF_INET6, states=14
02-08 20:09:20.329  2480  4563 D InetDiagMessage: Destroyed live tcp sockets for uids={20117} in 6ms
02-08 20:09:20.404  2480  2817 D MARsPolicyManager: triggerAction called!
02-08 20:09:20.405  2480  2817 I NSLocationMonitor: getGPSUsingApps() called
02-08 20:09:20.405  5435  5532 I NSLocationManager_FLP: getGPSUsingApps, No change
02-08 20:09:20.606  2667  3349 I bauth_FPBAuthService: pcf : 0x1012, 0 ,1 ,0 ,1 ,0 ,0, 16.0.0.3
02-08 20:09:20.606  2667  3349 I bauth_FPBAuthService: thread id : 1, preenroll_flag : 0, nd cnt : 0, cso : 0, et : 0
02-08 20:09:20.606  2667  3349 I bauth_FPBAuthService: FPBAuthService::timerHandler complete
02-08 20:09:20.768  5452  6459 I EPDG -- SIM0 [SMARTWIFI]: isProfiling, hash=221759701, started=true
02-08 20:09:20.768  5452  6459 I EPDG -- SIM0 [SMARTWIFI]: isProfiling, hash=221759701, started=true
02-08 20:09:20.768  5452  6459 I EPDG -- SIM0 [SMARTWIFI]: Rssi : -44 highrange : -71 lowrange : -80 mIsRssiInHystersis : false
02-08 20:09:20.768  5452  6459 I EPDG -- SIM0 [SMARTWIFI]: getHandoverThresholdMet: value is: false
02-08 20:09:21.027  1964 11203 I sensors-hal: handle_sns_client_event:341, [69931] mag_sample_cal(magcal_available:1): ts=302410082160336 ns; cal = [4.124779, 8.772171, -34.720146], uncal = [-87.555222, 69.552170, -130.900146], bias = [-91.680000, 60.779999, -96.180000], status=3
02-08 20:09:21.078  2081  2129 E HeatmapThread: ECT Thread time in milliseconds: 1770599361
02-08 20:09:21.082  2081  2129 D HeatmapThread: !@ batteryplugType : 2
02-08 20:09:21.083  2081  2129 D HeatmapThread: !@ batteryLevel : 87  batteryTemperature : 299 
02-08 20:09:21.083  2081  2129 D HeatmapThread: !@ Heatmap currtime: 29509989
02-08 20:09:21.083  2081  2129 D HeatmapThread: !@ Heatmap prevtime: 29509965
02-08 20:09:21.084  2081  2129 D HeatmapThread: !@ Heatmap plugstarttime: 29509987
02-08 20:09:21.084  2081  2129 D HeatmapThread: !@ Heatmap prevv_dsoh_update_time: 29508937
02-08 20:09:21.084  2081  2129 E HeatmapThread: !@ CAM New BSOH: 100
02-08 20:09:21.089  3880  3880 I wpa_supplicant: Heartbeat 7843
02-08 20:09:21.132  5435  5616 I RequestManager_FLP: onOpChanged, op=0 / packageName=com.amazon.mShop.android.shopping
02-08 20:09:21.136  1964 11206 I sensors-hal: handle_sns_std_sensor_event:158, [34109] Pressure 1002.010, cal 0.024, sw_offset 0.150 (lsb(bit) 0x83 0xa2 0x3e)
02-08 20:09:21.607  2667  3349 I bauth_FPBAuthService: pcf : 0x1012, 0 ,1 ,0 ,1 ,0 ,0, 16.0.0.3
02-08 20:09:21.607  2667  3349 I bauth_FPBAuthService: thread id : 1, preenroll_flag : 0, nd cnt : 0, cso : 0, et : 0
02-08 20:09:21.607  2667  3349 I bauth_FPBAuthService: FPBAuthService::timerHandler complete
02-08 20:09:21.636  1964 21241 I sensors-hal: handle_sns_client_event:375, [0][383815] accel_sample [-0.140, -0.007,  9.894] 302410650550284
02-08 20:09:21.845  1172  1172 D io_stats: !@   8,0 r 69286967 1199817940 w 24254698 375811948 d 3725676 176877832 f 612266 1388380 iot 13544912 0 th 0 0 0 pt 0 inp 0 0 262731.351
02-08 20:09:21.846  1172  1172 D io_stats: !@ Read_top(KB): d.process.acore(15214) 56 .openai.chatgpt(3746) 40 le.watch7plugin(11149) 28
02-08 20:09:21.846  1172  1172 D io_stats: !@ Write_top(KB): kworker/u16:8(25905) 1056 ugin:persistent(10210) 8
02-08 20:09:21.965 26919 26925 W System  : A resource failed to call close. 
02-08 20:09:22.078  2081  2129 E HeatmapThread: ECT Thread time in milliseconds: 1770599362
02-08 20:09:22.082  2081  2129 D HeatmapThread: !@ batteryplugType : 2
02-08 20:09:22.082  2081  2129 D HeatmapThread: !@ batteryLevel : 87  batteryTemperature : 299 
02-08 20:09:22.082  2081  2129 D HeatmapThread: !@ Heatmap currtime: 29509989
02-08 20:09:22.083  2081  2129 D HeatmapThread: !@ Heatmap prevtime: 29509965
02-08 20:09:22.083  2081  2129 D HeatmapThread: !@ Heatmap plugstarttime: 29509987
02-08 20:09:22.083  2081  2129 D HeatmapThread: !@ Heatmap prevv_dsoh_update_time: 29508937
02-08 20:09:22.083  2081  2129 E HeatmapThread: !@ CAM New BSOH: 100
02-08 20:09:22.142  2480  4648 I SemWifiServiceDetector: Service det. suspended: T / T / 25715
02-08 20:09:22.364  8897  8897 I SDHMS:LOAD: type: LoadsFreqs, value: 0:0:0:672000:672000:672000:634367:1612800:499200:231:231:231
02-08 20:09:22.608  2667  3349 I bauth_FPBAuthService: pcf : 0x1012, 0 ,1 ,0 ,1 ,0 ,0, 16.0.0.3
02-08 20:09:22.608  2667  3349 I bauth_FPBAuthService: thread id : 1, preenroll_flag : 0, nd cnt : 0, cso : 0, et : 0
02-08 20:09:22.608  2667  3349 I bauth_FPBAuthService: FPBAuthService::timerHandler complete
02-08 20:09:22.649  8897  9661 I SDHMS:x : SIOP:: AP:310 BAT:299 USB:296 CHG:328 PA:310 WIFI:310 CF:304 BLK:0 SUBBAT:0 LRPTHM:320 SKIN:309 SKINF:309 SKINB:306 LRP2:309 LRF2:309 LRB2:306 AP2:309 CHG2:305 WIFI2:309 RCV2:306 SPK2:294 FCAM:298 UPSPK:309 DNSPK:300 VAP02:319 VWIFI:317 AMB2:266 AVGCUR:1296 AVGSYS:0 POWER:5546
02-08 20:09:23.025  1964 11203 I sensors-hal: handle_sns_client_event:341, [69951] mag_sample_cal(magcal_available:1): ts=302412082160336 ns; cal = [4.570335, 8.740829, -34.594872], uncal = [-87.109665, 69.520828, -130.774872], bias = [-91.680000, 60.779999, -96.180000], status=3
02-08 20:09:23.078  2081  2129 E HeatmapThread: ECT Thread time in milliseconds: 1770599363
02-08 20:09:23.081  2081  2129 D HeatmapThread: !@ batteryplugType : 2
02-08 20:09:23.081  2081  2129 D HeatmapThread: !@ batteryLevel : 87  batteryTemperature : 299 
02-08 20:09:23.082  2081  2129 D HeatmapThread: !@ Heatmap currtime: 29509989
02-08 20:09:23.082  2081  2129 D HeatmapThread: !@ Heatmap prevtime: 29509965
02-08 20:09:23.082  2081  2129 D HeatmapThread: !@ Heatmap plugstarttime: 29509987
02-08 20:09:23.082  2081  2129 D HeatmapThread: !@ Heatmap prevv_dsoh_update_time: 29508937
02-08 20:09:23.082  2081  2129 E HeatmapThread: !@ CAM New BSOH: 100
02-08 20:09:23.136  1964 11206 I sensors-hal: handle_sns_std_sensor_event:158, [34119] Pressure 1002.006, cal 0.024, sw_offset 0.150 (lsb(bit) 0xa 0xa3 0x3e)
02-08 20:09:23.343  2480  5258 D PowerManagerService: [api] release WakeLock DRAW_WAKE_LOCK                    'charging_info' ACQ=-5s507ms (uid=10049 pid=4798 displayId=0 lock=628fe33)
02-08 20:09:23.345  2480  5258 D PowerManagerService: displayReady: false groupId=0
02-08 20:09:23.346  2480  2925 D DisplayPowerController[0]: animateScreenStateChange: target=DOZE_SUSPEND, mIsEnabled=true
02-08 20:09:23.347  2480  5258 D PowerManagerService: [PWL] sb acquire: PowerManagerService.Display
02-08 20:09:23.348  2480  2925 I DisplayPowerController[0]: BrightnessEvent: brt=0.18431373 (68.0%), nits= 56.377, lux=-1.0, reason=doze, strat=DozeBrightnessStrategy, state=DOZE_SUSPEND, stateReason=UNKNOWN, policy=DOZE, flags=low_power_mode , initBrt=0.18431373, rcmdBrt=NaN, preBrt=NaN, preLux=0.0, wasShortTermModelActive=false, autoBrightness=false (default), unclampedBrt=0.18431373, hbmMax=1.0, hbmMode=off, thrmMax=1.0, rbcStrength=-1, powerFactor=0.9, physDisp=Built-in Screen(local:4630946662957460867), logicalId=0, slowChange=false, rampSpeed=0.0
02-08 20:09:23.349  2480  4707 D DisplayManagerService: !@display_state requestDisplayStateInternal: DOZE -> DOZE_SUSPEND displayId=0
02-08 20:09:23.350  2480  4707 D SemInputDeviceManagerService: setDisplayState[1] EARLY: DOZE(3) -> DOZE_SUSPEND(4)
02-08 20:09:23.350  2480  2517 I DisplayDeviceRepository: Display device changed state: "Built-in Screen", DOZE_SUSPEND
02-08 20:09:23.351  2480  4619 D SemInputDevice:TSP: ActivateTask: 4,0 [02-08 20:09:23.350]
02-08 20:09:23.352  2480  4707 D LocalDisplayAdapter: notifyStateChangeStart: com.samsung.android.hardware.secinputdev.external.DisplayStateListenerWrapper$1@294fec4 took 2 ms
02-08 20:09:23.352  2480  4515 I SemBiometricDisplayStateMonitor: DisplayStateListener#onStart : DOZE_SUSPEND, DOZE_SUSPEND, DEFAULT_DISPLAY
02-08 20:09:23.352  2480  4707 D LocalDisplayAdapter: notifyStateChangeStart: com.android.server.biometrics.SemBiometricDisplayStateMonitor@b98780e took 0 ms
02-08 20:09:23.352  2480  4707 D LocalDisplayAdapter: notifyStateChangeStart: com.android.server.display.mode.RefreshRateModeManager$1@36919e7 took 0 ms
02-08 20:09:23.352  2480  4707 W LocalDisplayAdapter: !@display_state - 5166 : DOZE -> DOZE_SUSPEND (MAIN)
02-08 20:09:23.353  2133  2133 D SurfaceFlinger: Setting power mode 3 on physical display 4630946662957460867
02-08 20:09:23.353  2133  2133 D SurfaceFlinger: setPhysicalDisplayPowerMode: Optimizing thread scheduling: optimizeForPerformance
02-08 20:09:23.353  2033  2049 I sysinput:aidl: onReportInformation:93, 1, enabled@4,0:0
02-08 20:09:23.354  1997  2295 I SDM     : HWCDisplay::SetPowerMode: display = 0, mode = DOZE_SUSPEND
02-08 20:09:23.354  1997  2295 I SDM     : DisplayBase::SetDisplayState: Set state = 3, display 68-0, teardown = 0
02-08 20:09:23.354  2033  2049 I sysinput:Touch1: operator():132, 4,0 OK
02-08 20:09:23.354  1997  2295 I SDM     : HWDeviceDRM::NullCommit: Null commit succeeded crtc=201
02-08 20:09:23.355  1997  2295 I SDM     : DisplayBase::SetDisplayState: wait for retire_fence_...
02-08 20:09:23.355  1997  2295 I SDM     : DisplayBase::WaitForCompletion: Wait for cached retire fence to be in steady state
02-08 20:09:23.356  5196 26268 I HoneySpace.Memory-Monitor: current state = 4, didTrim = true
02-08 20:09:23.357  2480  4619 D SysinputHAL_AIDL: activate(TSP(1)),4,0 ret=0
02-08 20:09:23.357  2073  4591 D AudioFlinger: setParameters: filtered dev setParameters keyvalue screen_state=off
02-08 20:09:23.357  1949 20494 D AHAL: AudioDevice: SetParameters: 1865: enter
02-08 20:09:23.357  1949 20494 D AHAL: AudioVoice: VoiceSetParameters: 200: Enter
02-08 20:09:23.357  2480  2925 D BrightnessThermalClamper: Thermal status observer already started
02-08 20:09:23.357  1949 20494 D AHAL: AudioVoice: VoiceSetParameters: 479: Exit ret: 0
02-08 20:09:23.357  1949 20494 D AHAL: hfp: hfp_set_parameters: 444: enter
02-08 20:09:23.357  1949 20494 D AHAL: AudioDevice: SetParameters: 1948:  - screen = off
02-08 20:09:23.357  1949 20494 I PAL: ResourceManager: setParameter: 10683: Screen State:0
02-08 20:09:23.357  1949 20494 D AHAL: AudioDevice: SetParameters: 2798: exit: screen_state=off
02-08 20:09:23.358  2480  2480 D SGM:GameManager: onDisplayChanged. displyId: 0, state: 4
02-08 20:09:23.358  4798  4798 D DisplayLifecycle: updateDisplay id = 0
02-08 20:09:23.359  4798  4798 I Keyguard.AODTouchModeManager: onDisplayChanged newDisplayState=4, currentDisplayState=3, displayId=0
02-08 20:09:23.359  2480  4589 D AS.DesktopModeHelper: onDisplayChanged: #Id=0
02-08 20:09:23.359  9547  9547 I HBD     : DeX h DeX mode state change in non-main thread 
02-08 20:09:23.359  9547  9547 I HBD     : DeX h DeX mode state change: 3 
02-08 20:09:23.359  5196  5196 I VRI[LauncherActivity]@fc344c5: onDisplayChanged oldDisplayState=3 newDisplayState=4
02-08 20:09:23.359  5196  5196 I VRI[RecentsTransitionOverlay]@8b452f5: onDisplayChanged oldDisplayState=3 newDisplayState=4
02-08 20:09:23.359  5196  5196 I VRI[RecentsActivity]@7b5d46b: onDisplayChanged oldDisplayState=3 newDisplayState=4
02-08 20:09:23.359  9547  9547 I VRI[InputMethod]@65cc8a9: onDisplayChanged oldDisplayState=3 newDisplayState=4
02-08 20:09:23.360  7684  7684 I VRI[AssetBrowserActivity]@97836ed: onDisplayChanged oldDisplayState=3 newDisplayState=4
02-08 20:09:23.360  2480  4317 D SGM:FgCheckThread: onLooperPrepared(), msg: MSG_LCD_OFF
02-08 20:09:23.360  2480  2515 D WindowManager: DeferredDisplayUpdater: partially applying DisplayInfo(1080 x 2340) immediately
02-08 20:09:23.361  1580  1580 I VRI[ConversationListActivity]@66fb95a: onDisplayChanged oldDisplayState=3 newDisplayState=4
02-08 20:09:23.361  2480  7417 D WifiDisplayAdapter: isFitToActiveDisplayLocked : false
02-08 20:09:23.361  4162  4162 I VRI[]@f4fd07c: onDisplayChanged oldDisplayState=3 newDisplayState=4
02-08 20:09:23.361  4162  4162 I VRI[]@b787bd: onDisplayChanged oldDisplayState=3 newDisplayState=4
02-08 20:09:23.361  4162  4162 I VRI[]@12f5e5f: onDisplayChanged oldDisplayState=3 newDisplayState=4
02-08 20:09:23.361  4162  4162 I VRI[]@ede07d6: onDisplayChanged oldDisplayState=3 newDisplayState=4
02-08 20:09:23.362  9834  9834 I VRI[]@f4fd07c: onDisplayChanged oldDisplayState=3 newDisplayState=4
02-08 20:09:23.362  4798  4885 D StackScroller: onDisplayChanged for predraw skip to 4
02-08 20:09:23.362  4798  4847 I VRI[ShellDropTarget]@ae0f0bc: onDisplayChanged oldDisplayState=3 newDisplayState=4
02-08 20:09:23.362  4798  4847 I VRI[View root of ReusableWindowDecorViewHost#0]@b3d760a: onDisplayChanged oldDisplayState=3 newDisplayState=4
02-08 20:09:23.363  4798  4847 I VRI[View root of ReusableWindowDecorViewHost#1]@2c73386: onDisplayChanged oldDisplayState=3 newDisplayState=4
02-08 20:09:23.363  4798  4798 I AODTriggers: onAODEventDispatched = 4 / eventData = aod.e0@fade328
02-08 20:09:23.363  4798  4798 I AOD_LIVE_CLOCK@LiveClockController: updateDisplayState: DISPLAY_STATE_DOZE_SUSPEND
02-08 20:09:23.363  4798  4847 I VRI[SplitDecorManager]@977984b: onDisplayChanged oldDisplayState=3 newDisplayState=4
02-08 20:09:23.363 11149 11149 I CAMERA_CONTROLLER: [2]a.q():2 - display changed
02-08 20:09:23.363  4798  4847 I VRI[SplitDecorManager]@a97ce40: onDisplayChanged oldDisplayState=3 newDisplayState=4
02-08 20:09:23.363 11149 11149 I CAMERA_CONTROLLER: [2]a.q():2
02-08 20:09:23.363 11149 11149 I CAMERA_CONTROLLER: [2]ProviderServiceImpl.checkDisplayModePortrait():38 - presentationDisplaynull
02-08 20:09:23.363 11149 11149 W CAMERA_CONTROLLER: [2]a.B():2 - presentationDisplay is null, return
02-08 20:09:23.363 11149 11149 W CAMERA_CONTROLLER: [2]ProviderServiceImpl$registerDisplayListener$displayListener$1.onDisplayChanged():17 - display is not portrait mode 
02-08 20:09:23.363  4798  4798 I VRI[LockscreenShortcutBlur]@15f46bf: onDisplayChanged oldDisplayState=3 newDisplayState=4
02-08 20:09:23.363  4798  4798 I VRI[NavigationBar0]@f573f72: onDisplayChanged oldDisplayState=3 newDisplayState=4
02-08 20:09:23.363  4798  4798 I VRI[NotificationShade]@1739d00: onDisplayChanged oldDisplayState=3 newDisplayState=4
02-08 20:09:23.363  4798  4798 I VRI[StatusBar]@c0e54d7: onDisplayChanged oldDisplayState=3 newDisplayState=4
02-08 20:09:23.363  4798  4798 I VRI[Bouncer]@d58e008: onDisplayChanged oldDisplayState=3 newDisplayState=4
02-08 20:09:23.364 12469 12469 I VRI[FP Iconview]@6df7c3: onDisplayChanged oldDisplayState=3 newDisplayState=4
02-08 20:09:23.364 17625 17625 I VRI[CloudyNightMainActivity]@4bd7672: onDisplayChanged oldDisplayState=3 newDisplayState=4
02-08 20:09:23.364   438   438 I VRI[MainActivity]@1ab8623: onDisplayChanged oldDisplayState=3 newDisplayState=4
02-08 20:09:23.367  1997  2295 I SDM     : DisplayBase::WaitForCompletion: Cached retire fence is in ready state
02-08 20:09:23.367  1997  2295 I SDM     : DisplayBase::SetDisplayState: active 0-0 state 3-3 pending_power_state_ 0
02-08 20:09:23.367  2133  2133 D SurfaceFlinger: Finished setting power mode 3 on physical display 4630946662957460867
02-08 20:09:23.367  2133  2415 D Scheduler: displayPowerTimerCallback ExpiredDisplayPowerTimer: 0
02-08 20:09:23.368  2480  4707 W LocalDisplayAdapter: !@display_state - 5166 : DOZE_SUSPEND (MAIN) took 16 ms
02-08 20:09:23.368  2480  4707 D SemInputDeviceManagerService: setDisplayState[1] LATE: DOZE_SUSPEND(4) -> DOZE_SUSPEND(4)
02-08 20:09:23.369  2480  4619 D SemInputDevice:TSP: ActivateTask: 4,1 [02-08 20:09:23.368]
02-08 20:09:23.369  2480  4707 D LocalDisplayAdapter: notifyStateChangeFinish: com.samsung.android.hardware.secinputdev.external.DisplayStateListenerWrapper$1@294fec4 took 1 ms
02-08 20:09:23.369  2480  4707 D LocalDisplayAdapter: notifyStateChangeFinish: com.android.server.biometrics.SemBiometricDisplayStateMonitor@b98780e took 0 ms
02-08 20:09:23.369  2480  4707 D LocalDisplayAdapter: notifyStateChangeFinish: com.android.server.display.mode.RefreshRateModeManager$1@36919e7 took 0 ms
02-08 20:09:23.369  2480  4515 I SemBiometricDisplayStateMonitor: DisplayStateListener#onFinish : DOZE_SUSPEND, DOZE_SUSPEND, DEFAULT_DISPLAY
02-08 20:09:23.369  2480  2925 D DisplayPowerController[0]: setActualDisplayState: DOZE -> DOZE_SUSPEND
02-08 20:09:23.369  2480  2925 D DisplayPowerController[0]: animateScreenStateChange: target=DOZE_SUSPEND, mIsEnabled=true
02-08 20:09:23.369  2033  2049 I sysinput:aidl: onReportInformation:93, 1, enabled@4,1:0
02-08 20:09:23.370  2480  2925 D DisplayPowerController[0]: animateScreenStateChange: target=DOZE_SUSPEND, mIsEnabled=true
02-08 20:09:23.370 12469 12469 I BSS_DisplayStateManager: handleDisplayStateChanged: DOZE -> DOZE_SUSPEND
02-08 20:09:23.370  2480  4619 D SysinputHAL_AIDL: activate(TSP(1)),4,1 ret=0
02-08 20:09:23.370  2033  2049 I sysinput:Touch1: operator():132, 4,1 OK
02-08 20:09:23.370  2480  2925 D PowerManagerService: displayReady: true groupId=0
02-08 20:09:23.370  2480  2925 D PowerManagerService: [PWL] sb release: PowerManagerService.Display
02-08 20:09:23.400  2133  2133 I SurfaceFlinger: SFWD update time=262732906211336
02-08 20:09:23.610  2667  3349 I bauth_FPBAuthService: pcf : 0x1012, 0 ,1 ,0 ,1 ,0 ,0, 16.0.0.3
02-08 20:09:23.610  2667  3349 I bauth_FPBAuthService: thread id : 1, preenroll_flag : 0, nd cnt : 0, cso : 0, et : 0
02-08 20:09:23.610  2667  3349 I bauth_FPBAuthService: FPBAuthService::timerHandler complete
02-08 20:09:23.631  1964 21241 I sensors-hal: handle_sns_client_event:375, [0][383911] accel_sample [-0.156, -0.011,  9.889] 302412654644347
02-08 20:09:23.782  5452  6459 I EPDG -- SIM0 [SMARTWIFI]: isProfiling, hash=221759701, started=true
02-08 20:09:23.782  5452  6459 I EPDG -- SIM0 [SMARTWIFI]: isProfiling, hash=221759701, started=true
02-08 20:09:23.782  5452  6459 I EPDG -- SIM0 [SMARTWIFI]: Rssi : -43 highrange : -71 lowrange : -80 mIsRssiInHystersis : false
02-08 20:09:23.782  5452  6459 I EPDG -- SIM0 [SMARTWIFI]: getHandoverThresholdMet: value is: false
02-08 20:09:24.078  2081  2129 E HeatmapThread: ECT Thread time in milliseconds: 1770599364
02-08 20:09:24.082  2081  2129 D HeatmapThread: !@ batteryplugType : 2
02-08 20:09:24.083  2081  2129 D HeatmapThread: !@ batteryLevel : 87  batteryTemperature : 299 
02-08 20:09:24.083  2081  2129 D HeatmapThread: !@ Heatmap currtime: 29509989
02-08 20:09:24.083  2081  2129 D HeatmapThread: !@ Heatmap prevtime: 29509965
02-08 20:09:24.083  2081  2129 D HeatmapThread: !@ Heatmap plugstarttime: 29509987
02-08 20:09:24.083  2081  2129 D HeatmapThread: !@ Heatmap prevv_dsoh_update_time: 29508937
02-08 20:09:24.083  2081  2129 E HeatmapThread: !@ CAM New BSOH: 100
02-08 20:09:24.368  2133  2415 D Scheduler: displayPowerTimerCallback ExpiredDisplayPowerTimer: 1
02-08 20:09:24.611  2667  3349 I bauth_FPBAuthService: pcf : 0x1012, 0 ,1 ,0 ,1 ,0 ,0, 16.0.0.3
02-08 20:09:24.611  2667  3349 I bauth_FPBAuthService: thread id : 1, preenroll_flag : 0, nd cnt : 0, cso : 0, et : 0
02-08 20:09:24.611  2667  3349 I bauth_FPBAuthService: FPBAuthService::timerHandler complete
02-08 20:09:24.864  2005 29985 I StatsHandler: [vp9D_949] Stats: Pending(0) i/p-done(0) Works: Q: 31/Done 24|Work-Rate: Q(0.0/s Avg=0.0/s) Done(0.000/s Avg=0.011/s)| Stream: 30.30fps 1.1Mbps
02-08 20:09:24.864  2005 29985 I StatsHandler: [vp9D_949] Mem-usage:  [In-1D: 11 bufs 88.000 MB] [1D-9337: 33 bufs 0.516 MB] [2D-9340: 22 bufs 31.453 MB] | Total: 119.969 MB
02-08 20:09:24.865  2005 29985 I StatsHandler: [vp9D_950] Stats: Pending(0) i/p-done(0) Works: Q: 31/Done 24|Work-Rate: Q(0.0/s Avg=0.0/s) Done(0.000/s Avg=0.011/s)| Stream: 30.30fps 2.0Mbps
02-08 20:09:24.865  2005 29985 I StatsHandler: [vp9D_950] Mem-usage:  [In-1D: 11 bufs 88.000 MB] [1D-9339: 33 bufs 0.516 MB] [2D-9342: 22 bufs 31.453 MB] | Total: 119.969 MB
02-08 20:09:25.027  1964 11203 I sensors-hal: handle_sns_client_event:341, [69971] mag_sample_cal(magcal_available:1): ts=302414082160336 ns; cal = [4.416550, 9.248016, -34.062737], uncal = [-87.263451, 70.028015, -130.242737], bias = [-91.680000, 60.779999, -96.180000], status=3
02-08 20:09:25.079  2081  2129 E HeatmapThread: ECT Thread time in milliseconds: 1770599365
02-08 20:09:25.084  2081  2129 D HeatmapThread: !@ batteryplugType : 2
02-08 20:09:25.084  2081  2129 D HeatmapThread: !@ batteryLevel : 87  batteryTemperature : 299 
02-08 20:09:25.084  2081  2129 D HeatmapThread: !@ Heatmap currtime: 29509989
02-08 20:09:25.085  2081  2129 D HeatmapThread: !@ Heatmap prevtime: 29509965
02-08 20:09:25.085  2081  2129 D HeatmapThread: !@ Heatmap plugstarttime: 29509987
02-08 20:09:25.085  2081  2129 D HeatmapThread: !@ Heatmap prevv_dsoh_update_time: 29508937
02-08 20:09:25.085  2081  2129 E HeatmapThread: !@ CAM New BSOH: 100
02-08 20:09:25.136  1964 11206 I sensors-hal: handle_sns_std_sensor_event:158, [34129] Pressure 1002.008, cal 0.024, sw_offset 0.150 (lsb(bit) 0x11 0xa3 0x3e)
02-08 20:09:25.316  2480  4247 D ActivityManager: freezing 26006 com.skms.android.agent:remote
02-08 20:09:25.429  2480  2817 D MARsPolicyManager: triggerAction called!
02-08 20:09:25.429  2480  2817 I NSLocationMonitor: getGPSUsingApps() called
02-08 20:09:25.430  5435  5532 I NSLocationManager_FLP: getGPSUsingApps, No change
02-08 20:09:25.611  2667  3349 I bauth_FPBAuthService: pcf : 0x1012, 0 ,1 ,0 ,1 ,0 ,0, 16.0.0.3
02-08 20:09:25.611  2667  3349 I bauth_FPBAuthService: thread id : 1, preenroll_flag : 0, nd cnt : 0, cso : 0, et : 0
02-08 20:09:25.611  2667  3349 I bauth_FPBAuthService: FPBAuthService::timerHandler complete
02-08 20:09:25.635  1964 21241 I sensors-hal: handle_sns_client_event:375, [0][384007] accel_sample [-0.134, -0.011,  9.898] 302414658734972
02-08 20:09:25.794  2929 27226 D ConnectivityManager: StackLog: [android.net.ConnectivityManager.reportNetworkConnectivity(ConnectivityManager.java:3685)] [bwvj.a(:com.google.android.gms@260533035@26.05.33 (260400-865089546):15)] [bwxo.n(:com.google.android.gms@260533035@26.05.33 (260400-865089546):6)] [bwxc.run(:com.google.android.gms@260533035@26.05.33 (260400-865089546):683)] [bwxz.run(:com.google.android.gms@260533035@26.05.33 (260400-865089546):5)] [gpfl.run(:com.google.android.gms@260533035@26.05.33 (260400-865089546):23)] [bfip.c(:com.google.android.gms@260533035@26.05.33 (260400-865089546):50)] [bfip.run(:com.google.android.gms@260533035@26.05.33 (260400-865089546):66)] [java.util.concurrent.ThreadPoolExecutor.runWorker(ThreadPoolExecutor.java:1156)] [java.util.concurrent.ThreadPoolExecutor$Worker.run(ThreadPoolExecutor.java:651)] [bfog.run(:com.google.android.gms@260533035@26.05.33 (260400-865089546):8)] [java.lang.Thread.run(Thread.java:1119)]
02-08 20:09:25.796  2929 27226 I AlarmManager: setExactAndAllowWhileIdle [name: GCM_HB_ALARM type: 2 triggerAtMillis: 303854898]
02-08 20:09:25.796  2480  4370 D AlarmManager: force change alarm method to setWindow() callingUid=10259, sourcePackage=com.google.android.gms, action=com.google.android.gms.gcm.HEARTBEAT_ALARM, origTriggerAtTime=303854898, triggerAtTime=303134898, windowLength=720000
02-08 20:09:25.806  2929 26677 W ChimeraUtils: Module com.google.android.gms.gcm missing resource null(0)
02-08 20:09:25.810  2929 26677 I AlarmManager: setExactAndAllowWhileIdle [name: FcmRetry type: 2 triggerAtMillis: 302534911]
02-08 20:09:25.812  2929  2929 D BoundBrokerSvc: onBind: Intent { act=com.google.android.gms.scheduler.ACTION_PROXY_SCHEDULE_SINGLE_USER dat=chimera-action:/... xflg=0x4 cmp=com.google.android.gms/.chimera.PersistentSingleUserInternalApiService }
02-08 20:09:25.812  2929  2929 D BoundBrokerSvc: Loading bound service for intent: Intent { act=com.google.android.gms.scheduler.ACTION_PROXY_SCHEDULE_SINGLE_USER dat=chimera-action:/... xflg=0x4 cmp=com.google.android.gms/.chimera.PersistentSingleUserInternalApiService }
02-08 20:09:25.816  2929 26677 I AlarmManager: setExactAndAllowWhileIdle [name: GCM_HB_ALARM type: 2 triggerAtMillis: 303854919]
02-08 20:09:25.817  2480  5258 D AlarmManager: force change alarm method to setWindow() callingUid=10259, sourcePackage=com.google.android.gms, action=com.google.android.gms.gcm.HEARTBEAT_ALARM, origTriggerAtTime=303854919, triggerAtTime=303134919, windowLength=720000
02-08 20:09:25.825  6537 26897 E FirebaseMessaging: Default FirebaseApp has not been initialized. Skip logging event to GA.
02-08 20:09:25.825  6537 26897 I FirebaseMessaging: FirebaseApp has not being initialized. Device might be in direct boot mode. Skip exporting delivery metrics to Big Query
02-08 20:09:25.829  2480  4627 D BackgroundInstallControlService: Package event received: 0
02-08 20:09:25.836  6537  6763 I drut    : Received an intent for GNP, won't process
02-08 20:09:25.842 11124 11190 I drut    : Received an intent for GNP, won't process
02-08 20:09:25.847  1172  1172 D io_stats: !@   8,0 r 69286970 1199817980 w 24254708 375811980 d 3725676 176877832 f 612267 1388382 iot 13544928 0 th 0 0 0 pt 0 inp 0 0 262735.352
02-08 20:09:25.847  1172  1172 D io_stats: !@ Read_top(KB): .gms.persistent(2929) 32 chbox:googleapp(6537) 8
02-08 20:09:25.847  1172  1172 D io_stats: !@ Write_top(KB): chbox:googleapp(6537) 16 .gms.persistent(2929) 8
02-08 20:09:25.848  6537  6763 I bpge    : (REDACTED) Count changed: counts=%s, shown=%s, shouldUpdate=%s
02-08 20:09:25.854  6537  6665 D WM-SystemJobScheduler: Scheduling work ID 6ce54694-06df-4748-b771-c083630e94b4Job ID 122098
02-08 20:09:25.856  6537  6665 I WM-GreedyScheduler: Ignoring schedule request in a secondary process
02-08 20:09:25.860  6537  6665 I bqba    : Chime Filter is invoked.
02-08 20:09:25.867  6537  6679 I bqba    : Notification was not filtered.
02-08 20:09:25.874  6537  6688 I drut    : (REDACTED) Calling GCM listener for %s
02-08 20:09:25.877  6537  6688 E GnpSdk  : (REDACTED) Payload contains insufficient data to display the notification. Account ID [%s], ThreadId [%s].
02-08 20:09:25.891  6537  6646 D WM-Processor: Processor cancelling 6ce54694-06df-4748-b771-c083630e94b4
02-08 20:09:25.891  6537  6646 D WM-Processor: WorkerWrapper could not be found for 6ce54694-06df-4748-b771-c083630e94b4
02-08 20:09:25.894  6537  6646 I WM-GreedyScheduler: Ignoring schedule request in non-main process
02-08 20:09:25.906  6537  6646 I WM-GreedyScheduler: Ignoring schedule request in a secondary process
02-08 20:09:25.907  6537 26897 I GnpSdk  : Message handled by GNP Firebase handler.
02-08 20:09:25.908 27080 27080 I SLPASVC : onStartJob                                                                                          [at com.samsung.euicc.lpaService.NotificationJobService.onStartJob(NotificationJobService.java:17)]
02-08 20:09:25.908 27080 27080 I SLPASVC : start NotificationService                                                                           [at com.samsung.euicc.lpaService.NotificationJobService.onStartJob(NotificationJobService.java:27)]
02-08 20:09:25.908 27080 27080 W ContextImpl: Calling a method in the system process without a qualified user: android.app.ContextImpl.startService:2068 android.content.ContextWrapper.startService:872 com.samsung.euicc.lpaService.NotificationJobService.onStartJob:28 android.app.job.JobService$1.onStartJob:118 android.app.job.JobServiceEngine$JobHandler.handleMessage:169 
02-08 20:09:25.910  2480  4627 D BackgroundInstallControlService: Package event received: 0
02-08 20:09:25.919 27080 27080 I SLPASVC : onStartCommand()                                                                                    [at com.samsung.euicc.lpaService.NotificationService.onStartCommand(NotificationService.java:42)]
02-08 20:09:25.921 27080 27244 I SLPASVC : +sendNotifications                                                                                  [at com.samsung.euicc.lpaService.NotificationService$NotificationHandler.sendNotifications(NotificationService$NotificationHandler.java:68)]
02-08 20:09:25.922 27080 27244 I SLPASVC : -sendNotifications                                                                                  [at com.samsung.euicc.lpaService.NotificationService$NotificationHandler.sendNotifications(NotificationService$NotificationHandler.java:78)]
02-08 20:09:25.923 27080 27080 I SLPASVC : +onDestroy(): Handler (com.samsung.euicc.lpaService.NotificationService$NotificationHandler) {3a8daf7}[at com.samsung.euicc.lpaService.NotificationService.onDestroy(NotificationService.java:25)]
02-08 20:09:25.924 27080 27080 I SLPASVC : -onDestroy()                                                                                        [at com.samsung.euicc.lpaService.NotificationService.onDestroy(NotificationService.java:31)]
02-08 20:09:26.078  2081  2129 E HeatmapThread: ECT Thread time in milliseconds: 1770599366
02-08 20:09:26.083  2081  2129 D HeatmapThread: !@ batteryplugType : 2
02-08 20:09:26.083  2081  2129 D HeatmapThread: !@ batteryLevel : 87  batteryTemperature : 299 
02-08 20:09:26.083  2081  2129 D HeatmapThread: !@ Heatmap currtime: 29509989
02-08 20:09:26.083  2081  2129 D HeatmapThread: !@ Heatmap prevtime: 29509965
02-08 20:09:26.083  2081  2129 D HeatmapThread: !@ Heatmap plugstarttime: 29509987
02-08 20:09:26.083  2081  2129 D HeatmapThread: !@ Heatmap prevv_dsoh_update_time: 29508937
02-08 20:09:26.083  2081  2129 E HeatmapThread: !@ CAM New BSOH: 100
02-08 20:09:26.612  2667  3349 I bauth_FPBAuthService: pcf : 0x1012, 0 ,1 ,0 ,1 ,0 ,0, 16.0.0.3
02-08 20:09:26.612  2667  3349 I bauth_FPBAuthService: thread id : 1, preenroll_flag : 0, nd cnt : 0, cso : 0, et : 0
02-08 20:09:26.612  2667  3349 I bauth_FPBAuthService: FPBAuthService::timerHandler complete
02-08 20:09:26.795  5452  6459 I EPDG -- SIM0 [SMARTWIFI]: isProfiling, hash=221759701, started=true
02-08 20:09:26.795  5452  6459 I EPDG -- SIM0 [SMARTWIFI]: isProfiling, hash=221759701, started=true
02-08 20:09:26.795  5452  6459 I EPDG -- SIM0 [SMARTWIFI]: Rssi : -43 highrange : -71 lowrange : -80 mIsRssiInHystersis : false
02-08 20:09:26.795  5452  6459 I EPDG -- SIM0 [SMARTWIFI]: getHandoverThresholdMet: value is: false
02-08 20:09:26.810  2929  2929 D BoundBrokerSvc: onRebind: Intent { act=com.google.android.gms.libs.gmscorelogger.service.START dat=chimera-action:/... xflg=0x4 cmp=com.google.android.gms/.chimera.PersistentDirectBootAwareApiService }
02-08 20:09:27.025  1964 11203 I sensors-hal: handle_sns_client_event:341, [69991] mag_sample_cal(magcal_available:1): ts=302416082160336 ns; cal = [4.713638, 8.896988, -33.965721], uncal = [-86.966362, 69.676987, -130.145721], bias = [-91.680000, 60.779999, -96.180000], status=3
02-08 20:09:27.078  2081  2129 E HeatmapThread: ECT Thread time in milliseconds: 1770599367
02-08 20:09:27.081  2081  2129 D HeatmapThread: !@ batteryplugType : 2
02-08 20:09:27.082  2081  2129 D HeatmapThread: !@ batteryLevel : 87  batteryTemperature : 299 
02-08 20:09:27.082  2081  2129 D HeatmapThread: !@ Heatmap currtime: 29509989
02-08 20:09:27.082  2081  2129 D HeatmapThread: !@ Heatmap prevtime: 29509965
02-08 20:09:27.082  2081  2129 D HeatmapThread: !@ Heatmap plugstarttime: 29509987
02-08 20:09:27.082  2081  2129 D HeatmapThread: !@ Heatmap prevv_dsoh_update_time: 29508937
02-08 20:09:27.082  2081  2129 E HeatmapThread: !@ CAM New BSOH: 100
02-08 20:09:27.136  1964 11206 I sensors-hal: handle_sns_std_sensor_event:158, [34139] Pressure 1002.002, cal 0.024, sw_offset 0.150 (lsb(bit) 0xc6 0xa2 0x3e)
02-08 20:09:27.178 22853 22900 I id.gms.unstable: Explicit concurrent mark compact GC freed 336KB AllocSpace bytes, 0(0B) LOS objects, 68% free, 3847KB/11MB, paused 283us,3.312ms total 93.554ms
02-08 20:09:27.614  2667  3349 I bauth_FPBAuthService: pcf : 0x1012, 0 ,1 ,0 ,1 ,0 ,0, 16.0.0.3
02-08 20:09:27.614  2667  3349 I bauth_FPBAuthService: thread id : 1, preenroll_flag : 0, nd cnt : 0, cso : 0, et : 0
02-08 20:09:27.614  2667  3349 I bauth_FPBAuthService: FPBAuthService::timerHandler complete
02-08 20:09:27.631  1964 21241 I sensors-hal: handle_sns_client_event:375, [0][384103] accel_sample [-0.160, -0.022,  9.897] 302416662822472
02-08 20:09:27.848  1172  1172 D io_stats: !@   8,0 r 69287002 1199818140 w 24254756 375812756 d 3725676 176877832 f 612267 1388383 iot 13544960 0 th 0 0 0 pt 0 inp 0 0 262737.353
02-08 20:09:27.979  2480 16312 V [SS]SleepChargingTimeController: [isActivated]mSleepChargingStatus isNowSessionTime False => false
02-08 20:09:27.979  2042  2042 I seh_thermal_service: getTemperaturesWithType SehTemperatureType: 3
02-08 20:09:27.979  2480  4907 D [SS]BattFunctions: [sendRemainingChargingTimeChangedIntent]remainingChargingTime:1699 ,mLastRemainingChargingTime:1714
02-08 20:09:27.979  2016  2016 I sehhealth-service: updateLrpSysfs: write: 309
02-08 20:09:27.980  2016  2043 E BatteryDump: !@new_battery_dump : 4294,1346,1400,1500,87,298,295,326,298,0,310,326,0,Charging,NO_CHARGING,Normal,Good,USB,1,Normal,0,0,8300,0x8000,0x10010000,0x0,0,0,0000,0000,00000000,0,0,0,0,860,4206,8675,990,0,
02-08 20:09:27.983  4798  4798 I AODBatteryManager: updateBatteryData: ACTION_BATTERY_CHANGED: false, isSleepModeChanged:false ,isRemainingTimeChanged: true, isUSBRestriction: false
02-08 20:09:27.983  4798  4798 I ChargingInfoManager: updateChargingInfo: newState = AOD ChargingInfo [mState=BATTERY_AND_REMAIN_TIME, mIsCharging=true, mIsPlugged=true, mIsFullyCharged=false, mIsBatteryProtectMode=false, mBetteryLevel=87, mBetteryProtectModeType4, mIsSlowChargingfalse], oldState = AOD ChargingInfo [mState=BATTERY_AND_REMAIN_TIME, mIsCharging=true, mIsPlugged=true, mIsFullyCharged=false, mIsBatteryProtectMode=false, mBetteryLevel=87, mBetteryProtectModeType4, mIsSlowChargingfalse]
02-08 20:09:27.984  4798  4798 D PowerUI : Remaining charging time : 1699
02-08 20:09:27.984  4798  4798 D PowerUI : Charging time is changed, check charging notification
02-08 20:09:27.985  4798  4798 D PowerUI.Notification: showChargingNotice - Battery Level : 87 -> 87, Charging Type : 11 -> 11, Charging Time : 1714 -> 1699, Maximum protection : false -> false, Maximum threshold : 80 -> 80
02-08 20:09:27.987  4798  4798 I NotificationManager: com.android.systemui: notify(2131364006, charging_state, Notification(channel=CHR shortcut=null contentView=null vibrate=null sound=null defaults=0 flags=ONGOING_EVENT|ONLY_ALERT_ONCE color=0x00000000 category=sys groupKey=CHARGING vis=PUBLIC semFlags=0x0 semPriority=0 semMissedCount=0)) as user
02-08 20:09:27.989  2480  4907 W PermissionService: getPermissionFlags: Unknown user -1
02-08 20:09:27.989  2480  4907 W PermissionService: getPermissionFlags: Unknown user -1
02-08 20:09:27.990  4798  4798 I ChargingInfoView: handleMessage: MSG_SHOW_CHARGING_INFO
02-08 20:09:27.990  4798  4798 I BottomChargingInfoView: updateContents: BATTERY_AND_REMAIN_TIME
02-08 20:09:27.990  4798  4798 I AOD_WAKELOCK@WakeLockManager: acquireIfExists: tag - charging_info, timeout - 1000, reason - Charging Info is updating, delay by 500, wakeLock = WakeLock{4043098 held=false, refCount=0}
02-08 20:09:27.991  2480  4907 D PowerManagerService: [api] acquire WakeLock DRAW_WAKE_LOCK                    'charging_info' (uid=10049 pid=4798 displayId=0 lock=628fe33)
02-08 20:09:27.992  2480  4907 D PowerManagerService: displayReady: false groupId=0
02-08 20:09:27.992  2480  2925 D DisplayPowerController[0]: animateScreenStateChange: target=DOZE, mIsEnabled=true
02-08 20:09:27.992  2480  4907 D PowerManagerService: [PWL] sb acquire: PowerManagerService.Display
02-08 20:09:27.993  4798  4798 I ChargingInfoManager: getDeviceRemainingTime: 28 m until full
02-08 20:09:27.994  4798  4798 I AOD_WAKELOCK@WakeLockManager: acquireIfExists: tag - charging_info, timeout - 5500, reason - Charging Info is updating, delay by 5000, wakeLock = WakeLock{4043098 held=true, refCount=1}
02-08 20:09:27.994  4798  4798 I AbsChargingInfoComponent: setVisibilityWithAnim: skipped true
02-08 20:09:27.995  2480  2925 I DisplayPowerController[0]: BrightnessEvent: brt=0.18431373 (68.0%), nits= 56.377, lux=-1.0, reason=doze, strat=DozeBrightnessStrategy, state=DOZE, stateReason=DRAW_WAKE_LOCK, policy=DOZE, flags=low_power_mode , initBrt=0.18431373, rcmdBrt=NaN, preBrt=NaN, preLux=0.0, wasShortTermModelActive=false, autoBrightness=false (default), unclampedBrt=0.18431373, hbmMax=1.0, hbmMode=off, thrmMax=1.0, rbcStrength=-1, powerFactor=0.9, physDisp=Built-in Screen(local:4630946662957460867), logicalId=0, slowChange=false, rampSpeed=0.0
02-08 20:09:27.996  2480  4707 D DisplayManagerService: !@display_state requestDisplayStateInternal: DOZE_SUSPEND -> DOZE displayId=0
02-08 20:09:27.996  2480  4707 D SemInputDeviceManagerService: setDisplayState[1] EARLY: DOZE_SUSPEND(4) -> DOZE(3)
02-08 20:09:27.997  2480  4707 D LocalDisplayAdapter: notifyStateChangeStart: com.samsung.android.hardware.secinputdev.external.DisplayStateListenerWrapper$1@294fec4 took 1 ms
02-08 20:09:27.997  2480  4707 D LocalDisplayAdapter: notifyStateChangeStart: com.android.server.biometrics.SemBiometricDisplayStateMonitor@b98780e took 0 ms
02-08 20:09:27.997  2480  4707 D LocalDisplayAdapter: notifyStateChangeStart: com.android.server.display.mode.RefreshRateModeManager$1@36919e7 took 0 ms
02-08 20:09:27.997  2480  4707 W LocalDisplayAdapter: !@display_state - 5167 : DOZE_SUSPEND -> DOZE (MAIN)
02-08 20:09:27.997  2480  2517 I DisplayDeviceRepository: Display device changed state: "Built-in Screen", DOZE
02-08 20:09:27.997  2133  2133 D SurfaceFlinger: Setting power mode 1 on physical display 4630946662957460867
02-08 20:09:27.998  2133  2133 D SurfaceFlinger: setPhysicalDisplayPowerMode: Optimizing thread scheduling: optimizeForPerformance
02-08 20:09:27.998  1997  2295 I SDM     : HWCDisplay::SetPowerMode: display = 0, mode = DOZE
02-08 20:09:27.998  1997  2295 I SDM     : DisplayBase::SetDisplayState: Set state = 2, display 68-0, teardown = 0
02-08 20:09:27.998  2480  2925 D BrightnessThermalClamper: Thermal status observer already started
02-08 20:09:27.999  1997  2295 I SDM     : DisplayBase::SetDisplayState: active 1-0 state 2-3 pending_power_state_ 3
02-08 20:09:27.999  2480  2515 D WindowManager: DeferredDisplayUpdater: partially applying DisplayInfo(1080 x 2340) immediately
02-08 20:09:27.999  2480  2480 D SGM:GameManager: onDisplayChanged. displyId: 0, state: 3
02-08 20:09:27.999  2480  4317 D SGM:FgCheckThread: onLooperPrepared(), msg: MSG_LCD_OFF
02-08 20:09:27.999  2133  2133 I SurfaceFlinger: Force repainting for DOZE_SUSPEND -> DOZE or ON.
02-08 20:09:28.000  2133  2133 D SurfaceFlinger: Finished setting power mode 1 on physical display 4630946662957460867
02-08 20:09:28.000  2133  2415 D Scheduler: displayPowerTimerCallback ExpiredDisplayPowerTimer: 0
02-08 20:09:28.001  5196   385 I HoneySpace.Memory-Monitor: current state = 3, didTrim = true
02-08 20:09:28.002  9547  9547 I HBD     : DeX h DeX mode state change in non-main thread 
02-08 20:09:28.002  9547  9547 I HBD     : DeX h DeX mode state change: 3 
02-08 20:09:28.003  2480  4619 D SemInputDevice:TSP: ActivateTask: 3,0 [02-08 20:09:27.996]
02-08 20:09:28.004  5196  5196 I VRI[LauncherActivity]@fc344c5: onDisplayChanged oldDisplayState=4 newDisplayState=3
02-08 20:09:28.004  5196  5196 I VRI[RecentsTransitionOverlay]@8b452f5: onDisplayChanged oldDisplayState=4 newDisplayState=3
02-08 20:09:28.004  5196  5196 I VRI[RecentsActivity]@7b5d46b: onDisplayChanged oldDisplayState=4 newDisplayState=3
02-08 20:09:28.004 12469 12469 I VRI[FP Iconview]@6df7c3: onDisplayChanged oldDisplayState=4 newDisplayState=3
02-08 20:09:28.004  7684  7684 I VRI[AssetBrowserActivity]@97836ed: onDisplayChanged oldDisplayState=4 newDisplayState=3
02-08 20:09:28.004  9547  9547 I VRI[InputMethod]@65cc8a9: onDisplayChanged oldDisplayState=4 newDisplayState=3
02-08 20:09:28.006  2073  4591 D AudioFlinger: setParameters: filtered dev setParameters keyvalue screen_state=off
02-08 20:09:28.006  1997  2295 I SDM     : ToneMappingCore::set_default_vals():922 Initial enablement signals - bypass adaptive TM: 0, actual panel luma usage: 1, temporal filtering of dynamic meta data: 1, histTM enable: 1, static meta data usage: 1
02-08 20:09:28.006  1997  2295 I SDM     : HdrAlgorithm::SetXMLParameters():288 Override enablement signals - bypass adaptive TM: 0, bypass sdr dimming: 0
02-08 20:09:28.007  1949 20494 D AHAL: AudioDevice: SetParameters: 1865: enter
02-08 20:09:28.007  1949 20494 D AHAL: AudioVoice: VoiceSetParameters: 200: Enter
02-08 20:09:28.007  1949 20494 D AHAL: AudioVoice: VoiceSetParameters: 479: Exit ret: 0
02-08 20:09:28.007  1949 20494 D AHAL: hfp: hfp_set_parameters: 444: enter
02-08 20:09:28.007  1949 20494 D AHAL: AudioDevice: SetParameters: 1948:  - screen = off
02-08 20:09:28.007  1949 20494 I PAL: ResourceManager: setParameter: 10683: Screen State:0
02-08 20:09:28.007  1949 20494 D AHAL: AudioDevice: SetParameters: 2798: exit: screen_state=off
02-08 20:09:28.008  1997  2096 I SDM     : DisplayBase::WaitForCompletion: Wait for cached retire fence to be in steady state
02-08 20:09:28.008 11149 11149 I CAMERA_CONTROLLER: [2]a.q():2 - display changed
02-08 20:09:28.008 11149 11149 I CAMERA_CONTROLLER: [2]a.q():2
02-08 20:09:28.008 11149 11149 I CAMERA_CONTROLLER: [2]ProviderServiceImpl.checkDisplayModePortrait():38 - presentationDisplaynull
02-08 20:09:28.008 11149 11149 W CAMERA_CONTROLLER: [2]a.B():2 - presentationDisplay is null, return
02-08 20:09:28.009   438   438 I VRI[MainActivity]@1ab8623: onDisplayChanged oldDisplayState=4 newDisplayState=3
02-08 20:09:28.005  2480  4515 I SemBiometricDisplayStateMonitor: DisplayStateListener#onStart : DOZE, DOZE, DEFAULT_DISPLAY
02-08 20:09:28.010  2033  2049 I sysinput:aidl: onReportInformation:93, 1, enabled@3,0:0
02-08 20:09:28.011  2033  2049 I sysinput:Touch1: operator():132, 3,0 OK
02-08 20:09:28.011  9834  9834 I VRI[]@f4fd07c: onDisplayChanged oldDisplayState=4 newDisplayState=3
02-08 20:09:28.010 11149 11149 W CAMERA_CONTROLLER: [2]ProviderServiceImpl$registerDisplayListener$displayListener$1.onDisplayChanged():17 - display is not portrait mode 
02-08 20:09:28.011  2480  4589 D AS.DesktopModeHelper: onDisplayChanged: #Id=0
02-08 20:09:28.011  4798  4885 D StackScroller: onDisplayChanged for predraw skip to 3
02-08 20:09:28.012  2480  4619 D SysinputHAL_AIDL: activate(TSP(1)),3,0 ret=0
02-08 20:09:28.012  2480  5258 D WifiDisplayAdapter: isFitToActiveDisplayLocked : false
02-08 20:09:28.012  4798  4847 I VRI[ShellDropTarget]@ae0f0bc: onDisplayChanged oldDisplayState=4 newDisplayState=3
02-08 20:09:28.012  4798  4847 I VRI[View root of ReusableWindowDecorViewHost#0]@b3d760a: onDisplayChanged oldDisplayState=4 newDisplayState=3
02-08 20:09:28.012  4798  4847 I VRI[View root of ReusableWindowDecorViewHost#1]@2c73386: onDisplayChanged oldDisplayState=4 newDisplayState=3
02-08 20:09:28.012  4798  4847 I VRI[SplitDecorManager]@977984b: onDisplayChanged oldDisplayState=4 newDisplayState=3
02-08 20:09:28.012  1580  1580 I VRI[ConversationListActivity]@66fb95a: onDisplayChanged oldDisplayState=4 newDisplayState=3
02-08 20:09:28.012  4798  4847 I VRI[SplitDecorManager]@a97ce40: onDisplayChanged oldDisplayState=4 newDisplayState=3
02-08 20:09:28.012  2480  4707 W LocalDisplayAdapter: !@display_state - 5167 : DOZE (MAIN) took 15 ms
02-08 20:09:28.013  4798  4798 I SecKeyguardClockPositionAlgorithm: prepareClockContainerHeightChanging:
02-08 20:09:28.013 17625 17625 I VRI[CloudyNightMainActivity]@4bd7672: onDisplayChanged oldDisplayState=4 newDisplayState=3
02-08 20:09:28.013  2480  4707 D SemInputDeviceManagerService: setDisplayState[1] LATE: DOZE(3) -> DOZE(3)
02-08 20:09:28.013  2480  4707 D LocalDisplayAdapter: notifyStateChangeFinish: com.samsung.android.hardware.secinputdev.external.DisplayStateListenerWrapper$1@294fec4 took 0 ms
02-08 20:09:28.013  2480  4707 D LocalDisplayAdapter: notifyStateChangeFinish: com.android.server.biometrics.SemBiometricDisplayStateMonitor@b98780e took 0 ms
02-08 20:09:28.013  2480  4707 D LocalDisplayAdapter: notifyStateChangeFinish: com.android.server.display.mode.RefreshRateModeManager$1@36919e7 took 0 ms
02-08 20:09:28.014  2480  2925 D DisplayPowerController[0]: setActualDisplayState: DOZE_SUSPEND -> DOZE
02-08 20:09:28.014  4798  4798 I PluginFaceWidgetManager: isEditMode = false
02-08 20:09:28.014  2480  2925 D DisplayPowerController[0]: animateScreenStateChange: target=DOZE, mIsEnabled=true
02-08 20:09:28.014  4798  4798 I NowBarItemManager: getVisibleList isScreenTurnedOn = false / aodShowState true shouldControlScreenOff false visibleList size = 0
02-08 20:09:28.014  2480  4515 I SemBiometricDisplayStateMonitor: DisplayStateListener#onFinish : DOZE, DOZE, DEFAULT_DISPLAY
