02-13 17:31:33.589 I/flutter (32202): [Risa] Prefetch index 0: true (no focus, window=2)
02-13 17:31:33.590 I/flutter (32202): [Risa] Prefetch index 1: true (no focus, window=2)
02-13 17:31:33.590 I/flutter (32202): [Risa] Prefetch index 0: true (no focus, window=2)
02-13 17:31:33.590 I/flutter (32202): [Risa] Prefetch index 1: true (no focus, window=2)
02-13 17:31:33.590 I/flutter (32202): [Risa] Prefetch index 0: true (no focus, window=2)
02-13 17:31:33.591 I/chatty  (32202): uid=10271(com.risa.app) identical 1 line
02-13 17:31:33.591 I/flutter (32202): [Risa] Prefetch index 0: true (no focus, window=2)
02-13 17:31:33.591 I/flutter (32202): [Risa] Prefetch index 1: true (no focus, window=2)
02-13 17:31:33.608 I/flutter (32202): [Risa] LiveTV artwork NONE: channel="Ma | Boston | Pbs Wenh" (id=wenh.us) reason=no_current_program_from_epg (hasProgramsForChannel=false, isLoading=true, isParsing=true, availableChannels=4342)
02-13 17:31:33.645 W/adbd    ( 3518): timed out while waiting for FUNCTIONFS_BIND, trying again
02-13 17:31:33.645 I/adbd    ( 3518): UsbFfs: connection terminated: monitor thread finished
02-13 17:31:33.645 I/adbd    ( 3518): UsbFfs: already offline
02-13 17:31:33.645 I/adbd    ( 3518): destroying transport UsbFfs
02-13 17:31:33.645 I/adbd    ( 3518): UsbFfsConnection being destroyed
02-13 17:31:33.667 I/flutter (32202): [Risa] Prefetch index 0: true (no focus, window=5)
02-13 17:31:33.667 I/flutter (32202): [Risa] Prefetch index 1: true (no focus, window=5)
02-13 17:31:33.668 I/flutter (32202): [Risa] Prefetch index 2: true (no focus, window=5)
02-13 17:31:33.669 I/flutter (32202): [Risa] Prefetch index 0: true (no focus, window=2)
02-13 17:31:33.669 I/flutter (32202): [Risa] Prefetch index 1: true (no focus, window=2)
02-13 17:31:33.669 I/flutter (32202): [Risa] Prefetch index 2: false (no focus, window=2)
02-13 17:31:33.670 I/flutter (32202): [Risa] Prefetch index 0: true (no focus, window=2)
02-13 17:31:33.671 I/flutter (32202): [Risa] Prefetch index 1: true (no focus, window=2)
02-13 17:31:33.671 I/flutter (32202): [Risa] Prefetch index 0: true (no focus, window=2)
02-13 17:31:33.671 I/flutter (32202): [Risa] Prefetch index 1: true (no focus, window=2)
02-13 17:31:33.671 I/flutter (32202): [Risa] Prefetch index 0: true (no focus, window=2)
02-13 17:31:33.672 I/chatty  (32202): uid=10271(com.risa.app) identical 1 line
02-13 17:31:33.672 I/flutter (32202): [Risa] Prefetch index 0: true (no focus, window=2)
02-13 17:31:33.672 I/flutter (32202): [Risa] Prefetch index 1: true (no focus, window=2)
02-13 17:31:33.675 I/adbd    ( 3518): opening control endpoint /dev/usb-ffs/adb/ep0
02-13 17:31:33.675 I/adbd    ( 3518): UsbFfsConnection constructed
02-13 17:31:33.675 I/adbd    ( 3518): UsbFfs-monitor thread spawned
02-13 17:31:33.680 I/flutter (32202): [Risa] JANK: frame total=90ms build=77ms raster=13ms vsync=0ms
02-13 17:31:33.680 I/flutter (32202): [Risa] JANK: frame total=70ms build=57ms raster=13ms vsync=0ms
02-13 17:31:33.692 I/flutter (32202): [Risa] LiveTV artwork NONE: channel="Ma | Boston | Pbs Wenh" (id=wenh.us) reason=no_current_program_from_epg (hasProgramsForChannel=false, isLoading=true, isParsing=true, availableChannels=4342)
02-13 17:31:33.731 I/flutter (32202): [Risa] Prefetch index 0: true (no focus, window=5)
02-13 17:31:33.732 I/flutter (32202): [Risa] Prefetch index 1: true (no focus, window=5)
02-13 17:31:33.732 I/flutter (32202): [Risa] Prefetch index 2: true (no focus, window=5)
02-13 17:31:33.733 I/flutter (32202): [Risa] Prefetch index 0: true (no focus, window=2)
02-13 17:31:33.733 I/flutter (32202): [Risa] Prefetch index 1: true (no focus, window=2)
02-13 17:31:33.734 I/flutter (32202): [Risa] Prefetch index 2: false (no focus, window=2)
02-13 17:31:33.735 I/flutter (32202): [Risa] Prefetch index 0: true (no focus, window=2)
02-13 17:31:33.735 I/flutter (32202): [Risa] Prefetch index 1: true (no focus, window=2)
02-13 17:31:33.735 I/flutter (32202): [Risa] Prefetch index 0: true (no focus, window=2)
02-13 17:31:33.735 I/flutter (32202): [Risa] Prefetch index 1: true (no focus, window=2)
02-13 17:31:33.736 I/flutter (32202): [Risa] Prefetch index 0: true (no focus, window=2)
02-13 17:31:33.736 I/chatty  (32202): uid=10271(com.risa.app) identical 1 line
02-13 17:31:33.736 I/flutter (32202): [Risa] Prefetch index 0: true (no focus, window=2)
02-13 17:31:33.737 I/flutter (32202): [Risa] Prefetch index 1: true (no focus, window=2)
02-13 17:31:33.775 I/flutter (32202): [Risa] LiveTV artwork NONE: channel="Ma | Boston | Pbs Wenh" (id=wenh.us) reason=no_current_program_from_epg (hasProgramsForChannel=false, isLoading=true, isParsing=true, availableChannels=4342)
02-13 17:31:33.818 I/flutter (32202): [Risa] Prefetch index 0: true (no focus, window=5)
02-13 17:31:33.819 I/flutter (32202): [Risa] Prefetch index 1: true (no focus, window=5)
02-13 17:31:33.819 I/flutter (32202): [Risa] Prefetch index 2: true (no focus, window=5)
02-13 17:31:33.820 I/flutter (32202): [Risa] Prefetch index 0: true (no focus, window=2)
02-13 17:31:33.821 I/flutter (32202): [Risa] Prefetch index 1: true (no focus, window=2)
02-13 17:31:33.821 I/flutter (32202): [Risa] Prefetch index 2: false (no focus, window=2)
02-13 17:31:33.821 V/hdcp up ( 3378): tsec_version: 1
02-13 17:31:33.822 I/flutter (32202): [Risa] Prefetch index 0: true (no focus, window=2)
02-13 17:31:33.822 I/flutter (32202): [Risa] Prefetch index 1: true (no focus, window=2)
02-13 17:31:33.823 D/NvOsDebugPrintf( 3378): NvRmStreamFree: WARN: pStream is NULL
02-13 17:31:33.823 I/flutter (32202): [Risa] Prefetch index 0: true (no focus, window=2)
02-13 17:31:33.823 I/flutter (32202): [Risa] Prefetch index 1: true (no focus, window=2)
02-13 17:31:33.823 I/flutter (32202): [Risa] Prefetch index 0: true (no focus, window=2)
02-13 17:31:33.824 I/chatty  (32202): uid=10271(com.risa.app) identical 1 line
02-13 17:31:33.824 I/flutter (32202): [Risa] Prefetch index 0: true (no focus, window=2)
02-13 17:31:33.824 I/flutter (32202): [Risa] Prefetch index 1: true (no focus, window=2)
02-13 17:31:33.831 I/flutter (32202): [Risa] JANK: frame total=85ms build=71ms raster=14ms vsync=0ms
02-13 17:31:33.831 I/flutter (32202): [Risa] JANK: frame total=88ms build=75ms raster=13ms vsync=0ms
02-13 17:31:33.842 I/flutter (32202): [Risa] LiveTV artwork NONE: channel="Ma | Boston | Pbs Wenh" (id=wenh.us) reason=no_current_program_from_epg (hasProgramsForChannel=false, isLoading=true, isParsing=true, availableChannels=4342)
02-13 17:31:33.907 I/flutter (32202): [Risa] Prefetch index 0: true (no focus, window=5)
02-13 17:31:33.908 I/flutter (32202): [Risa] Prefetch index 1: true (no focus, window=5)
02-13 17:31:33.908 I/flutter (32202): [Risa] Prefetch index 2: true (no focus, window=5)
02-13 17:31:33.909 I/flutter (32202): [Risa] Prefetch index 0: true (no focus, window=2)
02-13 17:31:33.910 I/flutter (32202): [Risa] Prefetch index 1: true (no focus, window=2)
02-13 17:31:33.910 I/flutter (32202): [Risa] Prefetch index 2: false (no focus, window=2)
02-13 17:31:33.911 I/flutter (32202): [Risa] Prefetch index 0: true (no focus, window=2)
02-13 17:31:33.911 I/flutter (32202): [Risa] Prefetch index 1: true (no focus, window=2)
02-13 17:31:33.912 I/flutter (32202): [Risa] Prefetch index 0: true (no focus, window=2)
02-13 17:31:33.912 I/flutter (32202): [Risa] Prefetch index 1: true (no focus, window=2)
02-13 17:31:33.912 I/flutter (32202): [Risa] Prefetch index 0: true (no focus, window=2)
02-13 17:31:33.912 I/chatty  (32202): uid=10271(com.risa.app) identical 1 line
02-13 17:31:33.913 I/flutter (32202): [Risa] Prefetch index 0: true (no focus, window=2)
02-13 17:31:33.913 I/flutter (32202): [Risa] Prefetch index 1: true (no focus, window=2)
02-13 17:31:33.925 I/flutter (32202): [Risa] LiveTV artwork NONE: channel="Ma | Boston | Pbs Wenh" (id=wenh.us) reason=no_current_program_from_epg (hasProgramsForChannel=false, isLoading=true, isParsing=true, availableChannels=4342)
02-13 17:31:33.965 I/flutter (32202): [Risa] Prefetch index 0: true (no focus, window=5)
02-13 17:31:33.965 I/flutter (32202): [Risa] Prefetch index 1: true (no focus, window=5)
02-13 17:31:33.965 I/flutter (32202): [Risa] Prefetch index 2: true (no focus, window=5)
02-13 17:31:33.966 I/flutter (32202): [Risa] Prefetch index 0: true (no focus, window=2)
02-13 17:31:33.967 I/flutter (32202): [Risa] Prefetch index 1: true (no focus, window=2)
02-13 17:31:33.967 I/flutter (32202): [Risa] Prefetch index 2: false (no focus, window=2)
02-13 17:31:33.993 I/flutter (32202): [Risa] Prefetch index 0: true (no focus, window=2)
02-13 17:31:33.994 I/flutter (32202): [Risa] Prefetch index 1: true (no focus, window=2)
02-13 17:31:33.994 I/flutter (32202): [Risa] Prefetch index 0: true (no focus, window=2)
02-13 17:31:33.994 I/flutter (32202): [Risa] Prefetch index 1: true (no focus, window=2)
02-13 17:31:33.994 I/flutter (32202): [Risa] Prefetch index 0: true (no focus, window=2)
02-13 17:31:33.995 I/chatty  (32202): uid=10271(com.risa.app) identical 1 line
02-13 17:31:33.995 I/flutter (32202): [Risa] Prefetch index 0: true (no focus, window=2)
02-13 17:31:33.995 I/flutter (32202): [Risa] Prefetch index 1: true (no focus, window=2)
02-13 17:31:34.003 I/flutter (32202): [Risa] JANK: frame total=71ms build=56ms raster=15ms vsync=0ms
02-13 17:31:34.003 I/flutter (32202): [Risa] JANK: frame total=91ms build=78ms raster=13ms vsync=0ms
02-13 17:31:34.008 I/flutter (32202): [Risa] LiveTV artwork NONE: channel="Ma | Boston | Pbs Wenh" (id=wenh.us) reason=no_current_program_from_epg (hasProgramsForChannel=false, isLoading=true, isParsing=true, availableChannels=4342)
02-13 17:31:34.052 I/flutter (32202): [Risa] Prefetch index 0: true (no focus, window=5)
02-13 17:31:34.052 I/flutter (32202): [Risa] Prefetch index 1: true (no focus, window=5)
02-13 17:31:34.053 I/flutter (32202): [Risa] Prefetch index 2: true (no focus, window=5)
02-13 17:31:34.054 I/flutter (32202): [Risa] Prefetch index 0: true (no focus, window=2)
02-13 17:31:34.054 I/flutter (32202): [Risa] Prefetch index 1: true (no focus, window=2)
02-13 17:31:34.054 I/flutter (32202): [Risa] Prefetch index 2: false (no focus, window=2)
02-13 17:31:34.055 I/flutter (32202): [Risa] Prefetch index 0: true (no focus, window=2)
02-13 17:31:34.056 I/flutter (32202): [Risa] Prefetch index 1: true (no focus, window=2)
02-13 17:31:34.056 I/flutter (32202): [Risa] Prefetch index 0: true (no focus, window=2)
02-13 17:31:34.056 I/flutter (32202): [Risa] Prefetch index 1: true (no focus, window=2)
02-13 17:31:34.056 I/flutter (32202): [Risa] Prefetch index 0: true (no focus, window=2)
02-13 17:31:34.057 I/chatty  (32202): uid=10271(com.risa.app) identical 1 line
02-13 17:31:34.057 I/flutter (32202): [Risa] Prefetch index 0: true (no focus, window=2)
02-13 17:31:34.057 I/flutter (32202): [Risa] Prefetch index 1: true (no focus, window=2)
02-13 17:31:34.076 I/flutter (32202): [Risa] LiveTV artwork NONE: channel="Ma | Boston | Pbs Wenh" (id=wenh.us) reason=no_current_program_from_epg (hasProgramsForChannel=false, isLoading=true, isParsing=true, availableChannels=4342)
02-13 17:31:34.135 I/flutter (32202): [Risa] Prefetch index 0: true (no focus, window=5)
02-13 17:31:34.135 I/flutter (32202): [Risa] Prefetch index 1: true (no focus, window=5)
02-13 17:31:34.136 I/flutter (32202): [Risa] Prefetch index 2: true (no focus, window=5)
02-13 17:31:34.137 I/flutter (32202): [Risa] Prefetch index 0: true (no focus, window=2)
02-13 17:31:34.137 I/flutter (32202): [Risa] Prefetch index 1: true (no focus, window=2)
02-13 17:31:34.137 I/flutter (32202): [Risa] Prefetch index 2: false (no focus, window=2)
02-13 17:31:34.139 I/flutter (32202): [Risa] Prefetch index 0: true (no focus, window=2)
02-13 17:31:34.139 I/flutter (32202): [Risa] Prefetch index 1: true (no focus, window=2)
02-13 17:31:34.139 I/flutter (32202): [Risa] Prefetch index 0: true (no focus, window=2)
02-13 17:31:34.139 I/flutter (32202): [Risa] Prefetch index 1: true (no focus, window=2)
02-13 17:31:34.140 I/flutter (32202): [Risa] Prefetch index 0: true (no focus, window=2)
02-13 17:31:34.140 I/chatty  (32202): uid=10271(com.risa.app) identical 1 line
02-13 17:31:34.140 I/flutter (32202): [Risa] Prefetch index 0: true (no focus, window=2)
02-13 17:31:34.141 I/flutter (32202): [Risa] Prefetch index 1: true (no focus, window=2)
02-13 17:31:34.148 I/flutter (32202): [Risa] JANK: frame total=91ms build=77ms raster=14ms vsync=0ms
02-13 17:31:34.148 I/flutter (32202): [Risa] JANK: frame total=69ms build=55ms raster=14ms vsync=0ms
02-13 17:31:34.159 I/flutter (32202): [Risa] LiveTV artwork NONE: channel="Ma | Boston | Pbs Wenh" (id=wenh.us) reason=no_current_program_from_epg (hasProgramsForChannel=false, isLoading=true, isParsing=true, availableChannels=4342)
02-13 17:31:34.198 I/flutter (32202): [Risa] Prefetch index 0: true (no focus, window=5)
02-13 17:31:34.198 I/flutter (32202): [Risa] Prefetch index 1: true (no focus, window=5)
02-13 17:31:34.199 I/flutter (32202): [Risa] Prefetch index 2: true (no focus, window=5)
02-13 17:31:34.200 I/flutter (32202): [Risa] Prefetch index 0: true (no focus, window=2)
02-13 17:31:34.200 I/flutter (32202): [Risa] Prefetch index 1: true (no focus, window=2)
02-13 17:31:34.200 I/flutter (32202): [Risa] Prefetch index 2: false (no focus, window=2)
02-13 17:31:34.224 I/flutter (32202): [Risa] Prefetch index 0: true (no focus, window=2)
02-13 17:31:34.225 I/flutter (32202): [Risa] Prefetch index 1: true (no focus, window=2)
02-13 17:31:34.225 I/flutter (32202): [Risa] Prefetch index 0: true (no focus, window=2)
02-13 17:31:34.225 I/flutter (32202): [Risa] Prefetch index 1: true (no focus, window=2)
02-13 17:31:34.226 I/flutter (32202): [Risa] Prefetch index 0: true (no focus, window=2)
02-13 17:31:34.226 I/chatty  (32202): uid=10271(com.risa.app) identical 1 line
02-13 17:31:34.226 I/flutter (32202): [Risa] Prefetch index 0: true (no focus, window=2)
02-13 17:31:34.227 I/flutter (32202): [Risa] Prefetch index 1: true (no focus, window=2)
02-13 17:31:34.242 I/flutter (32202): [Risa] LiveTV artwork NONE: channel="Ma | Boston | Pbs Wenh" (id=wenh.us) reason=no_current_program_from_epg (hasProgramsForChannel=false, isLoading=true, isParsing=true, availableChannels=4342)
02-13 17:31:34.286 I/flutter (32202): [Risa] Prefetch index 0: true (no focus, window=5)
02-13 17:31:34.286 I/flutter (32202): [Risa] Prefetch index 1: true (no focus, window=5)
02-13 17:31:34.286 I/flutter (32202): [Risa] Prefetch index 2: true (no focus, window=5)
02-13 17:31:34.288 I/flutter (32202): [Risa] Prefetch index 0: true (no focus, window=2)
02-13 17:31:34.288 I/flutter (32202): [Risa] Prefetch index 1: true (no focus, window=2)
02-13 17:31:34.288 I/flutter (32202): [Risa] Prefetch index 2: false (no focus, window=2)
02-13 17:31:34.289 I/flutter (32202): [Risa] Prefetch index 0: true (no focus, window=2)
02-13 17:31:34.289 I/flutter (32202): [Risa] Prefetch index 1: true (no focus, window=2)
02-13 17:31:34.290 I/flutter (32202): [Risa] Prefetch index 0: true (no focus, window=2)
02-13 17:31:34.290 I/flutter (32202): [Risa] Prefetch index 1: true (no focus, window=2)
02-13 17:31:34.290 I/flutter (32202): [Risa] Prefetch index 0: true (no focus, window=2)
02-13 17:31:34.291 I/chatty  (32202): uid=10271(com.risa.app) identical 1 line
02-13 17:31:34.291 I/flutter (32202): [Risa] Prefetch index 0: true (no focus, window=2)
02-13 17:31:34.291 I/flutter (32202): [Risa] Prefetch index 1: true (no focus, window=2)
02-13 17:31:34.298 I/flutter (32202): [Risa] JANK: frame total=86ms build=72ms raster=14ms vsync=0ms
02-13 17:31:34.298 I/flutter (32202): [Risa] JANK: frame total=89ms build=75ms raster=14ms vsync=0ms
02-13 17:31:34.309 I/flutter (32202): [Risa] LiveTV artwork NONE: channel="Ma | Boston | Pbs Wenh" (id=wenh.us) reason=no_current_program_from_epg (hasProgramsForChannel=false, isLoading=true, isParsing=true, availableChannels=4342)
02-13 17:31:34.373 I/flutter (32202): [Risa] Prefetch index 0: true (no focus, window=5)
02-13 17:31:34.374 I/flutter (32202): [Risa] Prefetch index 1: true (no focus, window=5)
02-13 17:31:34.374 I/flutter (32202): [Risa] Prefetch index 2: true (no focus, window=5)
02-13 17:31:34.375 I/flutter (32202): [Risa] Prefetch index 0: true (no focus, window=2)
02-13 17:31:34.375 I/flutter (32202): [Risa] Prefetch index 1: true (no focus, window=2)
02-13 17:31:34.376 I/flutter (32202): [Risa] Prefetch index 2: false (no focus, window=2)
02-13 17:31:34.377 I/flutter (32202): [Risa] Prefetch index 0: true (no focus, window=2)
02-13 17:31:34.377 I/flutter (32202): [Risa] Prefetch index 1: true (no focus, window=2)
02-13 17:31:34.377 I/flutter (32202): [Risa] Prefetch index 0: true (no focus, window=2)
02-13 17:31:34.378 I/flutter (32202): [Risa] Prefetch index 1: true (no focus, window=2)
02-13 17:31:34.378 I/flutter (32202): [Risa] Prefetch index 0: true (no focus, window=2)
02-13 17:31:34.378 I/chatty  (32202): uid=10271(com.risa.app) identical 1 line
02-13 17:31:34.378 I/flutter (32202): [Risa] Prefetch index 0: true (no focus, window=2)
02-13 17:31:34.379 I/flutter (32202): [Risa] Prefetch index 1: true (no focus, window=2)
02-13 17:31:34.393 I/flutter (32202): [Risa] LiveTV artwork NONE: channel="Ma | Boston | Pbs Wenh" (id=wenh.us) reason=no_current_program_from_epg (hasProgramsForChannel=false, isLoading=true, isParsing=true, availableChannels=4342)
02-13 17:31:34.457 I/flutter (32202): [Risa] Prefetch index 0: true (no focus, window=5)
02-13 17:31:34.457 I/flutter (32202): [Risa] Prefetch index 1: true (no focus, window=5)
02-13 17:31:34.458 I/flutter (32202): [Risa] Prefetch index 2: true (no focus, window=5)
02-13 17:31:34.459 I/flutter (32202): [Risa] Prefetch index 0: true (no focus, window=2)
02-13 17:31:34.459 I/flutter (32202): [Risa] Prefetch index 1: true (no focus, window=2)
02-13 17:31:34.459 I/flutter (32202): [Risa] Prefetch index 2: false (no focus, window=2)
02-13 17:31:34.460 I/flutter (32202): [Risa] Prefetch index 0: true (no focus, window=2)
02-13 17:31:34.461 I/flutter (32202): [Risa] Prefetch index 1: true (no focus, window=2)
02-13 17:31:34.461 I/flutter (32202): [Risa] Prefetch index 0: true (no focus, window=2)
02-13 17:31:34.461 I/flutter (32202): [Risa] Prefetch index 1: true (no focus, window=2)
02-13 17:31:34.462 I/flutter (32202): [Risa] Prefetch index 0: true (no focus, window=2)
02-13 17:31:34.462 I/chatty  (32202): uid=10271(com.risa.app) identical 1 line
02-13 17:31:34.462 I/flutter (32202): [Risa] Prefetch index 0: true (no focus, window=2)
02-13 17:31:34.463 I/flutter (32202): [Risa] Prefetch index 1: true (no focus, window=2)
02-13 17:31:34.470 I/flutter (32202): [Risa] JANK: frame total=70ms build=56ms raster=14ms vsync=0ms
02-13 17:31:34.470 I/flutter (32202): [Risa] JANK: frame total=90ms build=77ms raster=13ms vsync=0ms
02-13 17:31:34.476 I/flutter (32202): [Risa] LiveTV artwork NONE: channel="Ma | Boston | Pbs Wenh" (id=wenh.us) reason=no_current_program_from_epg (hasProgramsForChannel=false, isLoading=true, isParsing=true, availableChannels=4342)
02-13 17:31:34.520 I/flutter (32202): [Risa] Prefetch index 0: true (no focus, window=5)
02-13 17:31:34.520 I/flutter (32202): [Risa] Prefetch index 1: true (no focus, window=5)
02-13 17:31:34.520 I/flutter (32202): [Risa] Prefetch index 2: true (no focus, window=5)
02-13 17:31:34.522 I/flutter (32202): [Risa] Prefetch index 0: true (no focus, window=2)
02-13 17:31:34.522 I/flutter (32202): [Risa] Prefetch index 1: true (no focus, window=2)
02-13 17:31:34.522 I/flutter (32202): [Risa] Prefetch index 2: false (no focus, window=2)
02-13 17:31:34.523 I/flutter (32202): [Risa] Prefetch index 0: true (no focus, window=2)
02-13 17:31:34.524 I/flutter (32202): [Risa] Prefetch index 1: true (no focus, window=2)
02-13 17:31:34.524 I/flutter (32202): [Risa] Prefetch index 0: true (no focus, window=2)
02-13 17:31:34.524 I/flutter (32202): [Risa] Prefetch index 1: true (no focus, window=2)
02-13 17:31:34.524 I/flutter (32202): [Risa] Prefetch index 0: true (no focus, window=2)
02-13 17:31:34.525 I/chatty  (32202): uid=10271(com.risa.app) identical 1 line
02-13 17:31:34.525 I/flutter (32202): [Risa] Prefetch index 0: true (no focus, window=2)
02-13 17:31:34.525 I/flutter (32202): [Risa] Prefetch index 1: true (no focus, window=2)
02-13 17:31:34.544 I/flutter (32202): [Risa] LiveTV artwork NONE: channel="Ma | Boston | Pbs Wenh" (id=wenh.us) reason=no_current_program_from_epg (hasProgramsForChannel=false, isLoading=true, isParsing=true, availableChannels=4342)
02-13 17:31:34.602 I/flutter (32202): [Risa] Prefetch index 0: true (no focus, window=5)
02-13 17:31:34.602 I/flutter (32202): [Risa] Prefetch index 1: true (no focus, window=5)
02-13 17:31:34.602 I/flutter (32202): [Risa] Prefetch index 2: true (no focus, window=5)
02-13 17:31:34.604 I/flutter (32202): [Risa] Prefetch index 0: true (no focus, window=2)
02-13 17:31:34.604 I/flutter (32202): [Risa] Prefetch index 1: true (no focus, window=2)
02-13 17:31:34.604 I/flutter (32202): [Risa] Prefetch index 2: false (no focus, window=2)
02-13 17:31:34.605 I/flutter (32202): [Risa] Prefetch index 0: true (no focus, window=2)
02-13 17:31:34.605 I/flutter (32202): [Risa] Prefetch index 1: true (no focus, window=2)
02-13 17:31:34.606 I/flutter (32202): [Risa] Prefetch index 0: true (no focus, window=2)
02-13 17:31:34.606 I/flutter (32202): [Risa] Prefetch index 1: true (no focus, window=2)
02-13 17:31:34.606 I/flutter (32202): [Risa] Prefetch index 0: true (no focus, window=2)
02-13 17:31:34.607 I/chatty  (32202): uid=10271(com.risa.app) identical 1 line
02-13 17:31:34.607 I/flutter (32202): [Risa] Prefetch index 0: true (no focus, window=2)
02-13 17:31:34.607 I/flutter (32202): [Risa] Prefetch index 1: true (no focus, window=2)
02-13 17:31:34.614 I/flutter (32202): [Risa] JANK: frame total=90ms build=77ms raster=13ms vsync=0ms
02-13 17:31:34.614 I/flutter (32202): [Risa] JANK: frame total=70ms build=56ms raster=14ms vsync=0ms
02-13 17:31:34.627 I/flutter (32202): [Risa] LiveTV artwork NONE: channel="Ma | Boston | Pbs Wenh" (id=wenh.us) reason=no_current_program_from_epg (hasProgramsForChannel=false, isLoading=true, isParsing=true, availableChannels=4342)
02-13 17:31:34.654 I/cast_shell(31079): [0213/173134.654248:INFO:grpc_manager_impl.cc(881)] GRPC[uri=localhost:10042]: num_pending_calls=0, num_active_handlers=1, num_free_handlers=0
02-13 17:31:34.654 I/cast_shell(31079): [0213/173134.654510:INFO:grpc_manager_impl.cc(881)] GRPC[uri=localhost:10042]: num_pending_calls=0, num_active_handlers=1, num_free_handlers=0
02-13 17:31:34.655 I/cast_shell(31079): [0213/173134.655590:INFO:service_base.h(78)] Size of the map for type AuthTokenResponse is 0
02-13 17:31:34.667 I/flutter (32202): [Risa] Prefetch index 0: true (no focus, window=5)
02-13 17:31:34.667 I/flutter (32202): [Risa] Prefetch index 1: true (no focus, window=5)
02-13 17:31:34.667 I/flutter (32202): [Risa] Prefetch index 2: true (no focus, window=5)
02-13 17:31:34.669 I/flutter (32202): [Risa] Prefetch index 0: true (no focus, window=2)
02-13 17:31:34.669 I/flutter (32202): [Risa] Prefetch index 1: true (no focus, window=2)
02-13 17:31:34.669 I/flutter (32202): [Risa] Prefetch index 2: false (no focus, window=2)
02-13 17:31:34.670 I/flutter (32202): [Risa] Prefetch index 0: true (no focus, window=2)
02-13 17:31:34.670 I/flutter (32202): [Risa] Prefetch index 1: true (no focus, window=2)
02-13 17:31:34.671 I/flutter (32202): [Risa] Prefetch index 0: true (no focus, window=2)
02-13 17:31:34.671 I/flutter (32202): [Risa] Prefetch index 1: true (no focus, window=2)
02-13 17:31:34.671 I/flutter (32202): [Risa] Prefetch index 0: true (no focus, window=2)
02-13 17:31:34.672 I/chatty  (32202): uid=10271(com.risa.app) identical 1 line
02-13 17:31:34.672 I/flutter (32202): [Risa] Prefetch index 0: true (no focus, window=2)
02-13 17:31:34.672 I/flutter (32202): [Risa] Prefetch index 1: true (no focus, window=2)
02-13 17:31:34.676 I/cast_shell(31079): [0213/173134.676844:INFO:grpc_manager_impl.cc(881)] GRPC[uri=]: num_pending_calls=0, num_active_handlers=0, num_free_handlers=0
02-13 17:31:34.677 W/adbd    ( 3518): timed out while waiting for FUNCTIONFS_BIND, trying again
02-13 17:31:34.677 I/adbd    ( 3518): UsbFfs: connection terminated: monitor thread finished
02-13 17:31:34.677 I/adbd    ( 3518): UsbFfs: already offline
02-13 17:31:34.677 I/adbd    ( 3518): destroying transport UsbFfs
02-13 17:31:34.677 I/adbd    ( 3518): UsbFfsConnection being destroyed
02-13 17:31:34.677 I/cast_shell(31079): [0213/173134.677444:INFO:grpc_manager_impl.cc(881)] GRPC[uri=]: num_pending_calls=0, num_active_handlers=0, num_free_handlers=0
02-13 17:31:34.678 I/cast_shell(31079): [0213/173134.678122:INFO:service_base.h(246)] Container sizes for type CloudSetting are (session_info_map: 0), (topic_info_map: 21), (pending_events: 0).
02-13 17:31:34.711 I/cast_shell(31079): [0213/173134.711231:INFO:grpc_manager_impl.cc(881)] GRPC[uri=[::]:0]: num_pending_calls=0, num_active_handlers=4, num_free_handlers=0
02-13 17:31:34.714 I/flutter (32202): [Risa] LiveTV artwork NONE: channel="Ma | Boston | Pbs Wenh" (id=wenh.us) reason=no_current_program_from_epg (hasProgramsForChannel=false, isLoading=true, isParsing=true, availableChannels=4342)
02-13 17:31:34.723 I/adbd    ( 3518): opening control endpoint /dev/usb-ffs/adb/ep0
02-13 17:31:34.723 I/adbd    ( 3518): UsbFfsConnection constructed
02-13 17:31:34.724 I/adbd    ( 3518): UsbFfs-monitor thread spawned
02-13 17:31:34.755 I/flutter (32202): [Risa] Prefetch index 0: true (no focus, window=5)
02-13 17:31:34.756 I/flutter (32202): [Risa] Prefetch index 1: true (no focus, window=5)
02-13 17:31:34.756 I/flutter (32202): [Risa] Prefetch index 2: true (no focus, window=5)
02-13 17:31:34.757 I/flutter (32202): [Risa] Prefetch index 0: true (no focus, window=2)
02-13 17:31:34.758 I/flutter (32202): [Risa] Prefetch index 1: true (no focus, window=2)
02-13 17:31:34.758 I/flutter (32202): [Risa] Prefetch index 2: false (no focus, window=2)
02-13 17:31:34.759 I/flutter (32202): [Risa] Prefetch index 0: true (no focus, window=2)
02-13 17:31:34.759 I/flutter (32202): [Risa] Prefetch index 1: true (no focus, window=2)
02-13 17:31:34.759 I/flutter (32202): [Risa] Prefetch index 0: true (no focus, window=2)
02-13 17:31:34.760 I/flutter (32202): [Risa] Prefetch index 1: true (no focus, window=2)
02-13 17:31:34.760 I/flutter (32202): [Risa] Prefetch index 0: true (no focus, window=2)
02-13 17:31:34.760 I/chatty  (32202): uid=10271(com.risa.app) identical 1 line
02-13 17:31:34.761 I/flutter (32202): [Risa] Prefetch index 0: true (no focus, window=2)
02-13 17:31:34.761 I/flutter (32202): [Risa] Prefetch index 1: true (no focus, window=2)
02-13 17:31:34.762 I/cast_shell(31079): [0213/173134.762872:INFO:metrics_stat_logger.cc(38)] Metrics stat for the past 60 secs : total=6
02-13 17:31:34.762 I/cast_shell(31079): [metrics_stat_logger] Cast.CecHdmiInputState.Unknown=1
02-13 17:31:34.762 I/cast_shell(31079): [metrics_stat_logger] Cast.CecStandby.Unknown=1
02-13 17:31:34.762 I/cast_shell(31079): [metrics_stat_logger] Cast.ConnectionType.Unknown=1
02-13 17:31:34.762 I/cast_shell(31079): [metrics_stat_logger] Cast.Discovery.Mdns.Request.In=1
02-13 17:31:34.762 I/cast_shell(31079): [metrics_stat_logger] Cast.Discovery.Mdns.Response.Out=1
02-13 17:31:34.762 I/cast_shell(31079): [metrics_stat_logger] Cast.Network.CheckIn=1
02-13 17:31:34.768 I/flutter (32202): [Risa] JANK: frame total=84ms build=70ms raster=14ms vsync=1ms
02-13 17:31:34.768 I/flutter (32202): [Risa] JANK: frame total=67ms build=53ms raster=14ms vsync=0ms
02-13 17:31:34.776 I/flutter (32202): [Risa] LiveTV artwork NONE: channel="Ma | Boston | Pbs Wenh" (id=wenh.us) reason=no_current_program_from_epg (hasProgramsForChannel=false, isLoading=true, isParsing=true, availableChannels=4342)
02-13 17:31:34.807 I/cast_shell(31079): [0213/173134.807150:INFO:mdns_app_filter.cc(3550)] Mdns cast queries recently sent: queries=1
02-13 17:31:34.843 I/flutter (32202): [Risa] Prefetch index 0: true (no focus, window=5)
02-13 17:31:34.843 I/flutter (32202): [Risa] Prefetch index 1: true (no focus, window=5)
02-13 17:31:34.843 I/flutter (32202): [Risa] Prefetch index 2: true (no focus, window=5)
02-13 17:31:34.845 I/flutter (32202): [Risa] Prefetch index 0: true (no focus, window=2)
02-13 17:31:34.845 I/flutter (32202): [Risa] Prefetch index 1: true (no focus, window=2)
02-13 17:31:34.845 I/flutter (32202): [Risa] Prefetch index 2: false (no focus, window=2)
02-13 17:31:34.846 I/flutter (32202): [Risa] Prefetch index 0: true (no focus, window=2)
02-13 17:31:34.846 I/flutter (32202): [Risa] Prefetch index 1: true (no focus, window=2)
02-13 17:31:34.847 I/flutter (32202): [Risa] Prefetch index 0: true (no focus, window=2)
02-13 17:31:34.847 I/flutter (32202): [Risa] Prefetch index 1: true (no focus, window=2)
02-13 17:31:34.847 I/flutter (32202): [Risa] Prefetch index 0: true (no focus, window=2)
02-13 17:31:34.848 I/chatty  (32202): uid=10271(com.risa.app) identical 1 line
02-13 17:31:34.848 I/flutter (32202): [Risa] Prefetch index 0: true (no focus, window=2)
02-13 17:31:34.848 I/flutter (32202): [Risa] Prefetch index 1: true (no focus, window=2)
02-13 17:31:34.860 I/flutter (32202): [Risa] LiveTV artwork NONE: channel="Ma | Boston | Pbs Wenh" (id=wenh.us) reason=no_current_program_from_epg (hasProgramsForChannel=false, isLoading=true, isParsing=true, availableChannels=4342)
02-13 17:31:34.902 I/flutter (32202): [Risa] Prefetch index 0: true (no focus, window=5)
02-13 17:31:34.902 I/flutter (32202): [Risa] Prefetch index 1: true (no focus, window=5)
02-13 17:31:34.903 I/flutter (32202): [Risa] Prefetch index 2: true (no focus, window=5)
02-13 17:31:34.905 I/flutter (32202): [Risa] Prefetch index 0: true (no focus, window=2)
02-13 17:31:34.905 I/flutter (32202): [Risa] Prefetch index 1: true (no focus, window=2)
02-13 17:31:34.905 I/flutter (32202): [Risa] Prefetch index 2: false (no focus, window=2)
02-13 17:31:34.906 I/flutter (32202): [Risa] Prefetch index 0: true (no focus, window=2)
02-13 17:31:34.907 I/flutter (32202): [Risa] Prefetch index 1: true (no focus, window=2)
02-13 17:31:34.907 I/flutter (32202): [Risa] Prefetch index 0: true (no focus, window=2)
02-13 17:31:34.907 I/flutter (32202): [Risa] Prefetch index 1: true (no focus, window=2)
02-13 17:31:34.908 I/flutter (32202): [Risa] Prefetch index 0: true (no focus, window=2)
02-13 17:31:34.908 I/chatty  (32202): uid=10271(com.risa.app) identical 1 line
02-13 17:31:34.909 I/flutter (32202): [Risa] Prefetch index 0: true (no focus, window=2)
02-13 17:31:34.909 I/flutter (32202): [Risa] Prefetch index 1: true (no focus, window=2)
02-13 17:31:34.918 I/flutter (32202): [Risa] JANK: frame total=68ms build=54ms raster=14ms vsync=21ms
02-13 17:31:34.918 I/flutter (32202): [Risa] JANK: frame total=93ms build=79ms raster=14ms vsync=0ms
02-13 17:31:34.926 I/flutter (32202): [Risa] LiveTV artwork NONE: channel="Ma | Boston | Pbs Wenh" (id=wenh.us) reason=no_current_program_from_epg (hasProgramsForChannel=false, isLoading=true, isParsing=true, availableChannels=4342)
02-13 17:31:34.993 I/flutter (32202): [Risa] Prefetch index 0: true (no focus, window=5)
02-13 17:31:34.993 I/flutter (32202): [Risa] Prefetch index 1: true (no focus, window=5)
02-13 17:31:34.994 I/flutter (32202): [Risa] Prefetch index 2: true (no focus, window=5)
02-13 17:31:34.995 I/flutter (32202): [Risa] Prefetch index 0: true (no focus, window=2)
02-13 17:31:34.995 I/flutter (32202): [Risa] Prefetch index 1: true (no focus, window=2)
02-13 17:31:34.996 I/flutter (32202): [Risa] Prefetch index 2: false (no focus, window=2)
02-13 17:31:34.997 I/flutter (32202): [Risa] Prefetch index 0: true (no focus, window=2)
02-13 17:31:34.997 I/flutter (32202): [Risa] Prefetch index 1: true (no focus, window=2)
02-13 17:31:34.997 I/flutter (32202): [Risa] Prefetch index 0: true (no focus, window=2)
02-13 17:31:34.997 I/flutter (32202): [Risa] Prefetch index 1: true (no focus, window=2)
02-13 17:31:34.998 I/flutter (32202): [Risa] Prefetch index 0: true (no focus, window=2)
02-13 17:31:34.998 I/chatty  (32202): uid=10271(com.risa.app) identical 1 line
02-13 17:31:34.998 I/flutter (32202): [Risa] Prefetch index 0: true (no focus, window=2)
02-13 17:31:34.999 I/flutter (32202): [Risa] Prefetch index 1: true (no focus, window=2)
02-13 17:31:35.010 I/flutter (32202): [Risa] LiveTV artwork NONE: channel="Ma | Boston | Pbs Wenh" (id=wenh.us) reason=no_current_program_from_epg (hasProgramsForChannel=false, isLoading=true, isParsing=true, availableChannels=4342)
02-13 17:31:35.049 I/flutter (32202): [Risa] Prefetch index 0: true (no focus, window=5)
02-13 17:31:35.050 I/flutter (32202): [Risa] Prefetch index 1: true (no focus, window=5)
02-13 17:31:35.050 I/flutter (32202): [Risa] Prefetch index 2: true (no focus, window=5)
02-13 17:31:35.051 I/flutter (32202): [Risa] Prefetch index 0: true (no focus, window=2)
02-13 17:31:35.051 I/flutter (32202): [Risa] Prefetch index 1: true (no focus, window=2)
02-13 17:31:35.052 I/flutter (32202): [Risa] Prefetch index 2: false (no focus, window=2)
02-13 17:31:35.053 I/flutter (32202): [Risa] Prefetch index 0: true (no focus, window=2)
02-13 17:31:35.053 I/flutter (32202): [Risa] Prefetch index 1: true (no focus, window=2)
02-13 17:31:35.053 I/flutter (32202): [Risa] Prefetch index 0: true (no focus, window=2)
02-13 17:31:35.053 I/flutter (32202): [Risa] Prefetch index 1: true (no focus, window=2)
02-13 17:31:35.054 I/flutter (32202): [Risa] Prefetch index 0: true (no focus, window=2)
02-13 17:31:35.054 I/chatty  (32202): uid=10271(com.risa.app) identical 1 line
02-13 17:31:35.054 I/flutter (32202): [Risa] Prefetch index 0: true (no focus, window=2)
02-13 17:31:35.055 I/flutter (32202): [Risa] Prefetch index 1: true (no focus, window=2)
02-13 17:31:35.062 I/flutter (32202): [Risa] JANK: frame total=73ms build=58ms raster=15ms vsync=0ms
02-13 17:31:35.084 I/flutter (32202): [Risa] JANK: frame total=92ms build=79ms raster=13ms vsync=0ms
02-13 17:31:35.085 I/flutter (32202): [Risa] LiveTV artwork NONE: channel="Ma | Boston | Pbs Wenh" (id=wenh.us) reason=no_current_program_from_epg (hasProgramsForChannel=false, isLoading=true, isParsing=true, availableChannels=4342)
02-13 17:31:35.121 I/cast_shell(31079): [0213/173135.121116:INFO:daily_reboot_impl.cc(220)] Scheduled at 2026-02-14 02:04:04.121 localtime
02-13 17:31:35.127 I/flutter (32202): [Risa] Prefetch index 0: true (no focus, window=5)
02-13 17:31:35.127 I/flutter (32202): [Risa] Prefetch index 1: true (no focus, window=5)
02-13 17:31:35.128 I/flutter (32202): [Risa] Prefetch index 2: true (no focus, window=5)
02-13 17:31:35.129 I/flutter (32202): [Risa] Prefetch index 0: true (no focus, window=2)
02-13 17:31:35.129 I/flutter (32202): [Risa] Prefetch index 1: true (no focus, window=2)
02-13 17:31:35.129 I/flutter (32202): [Risa] Prefetch index 2: false (no focus, window=2)
02-13 17:31:35.130 I/flutter (32202): [Risa] Prefetch index 0: true (no focus, window=2)
02-13 17:31:35.131 I/flutter (32202): [Risa] Prefetch index 1: true (no focus, window=2)
02-13 17:31:35.131 I/flutter (32202): [Risa] Prefetch index 0: true (no focus, window=2)
02-13 17:31:35.131 I/flutter (32202): [Risa] Prefetch index 1: true (no focus, window=2)
02-13 17:31:35.132 I/flutter (32202): [Risa] Prefetch index 0: true (no focus, window=2)
02-13 17:31:35.132 I/chatty  (32202): uid=10271(com.risa.app) identical 1 line
02-13 17:31:35.132 I/flutter (32202): [Risa] Prefetch index 0: true (no focus, window=2)
02-13 17:31:35.132 I/flutter (32202): [Risa] Prefetch index 1: true (no focus, window=2)
02-13 17:31:35.143 I/flutter (32202): [Risa] LiveTV artwork NONE: channel="Ma | Boston | Pbs Wenh" (id=wenh.us) reason=no_current_program_from_epg (hasProgramsForChannel=false, isLoading=true, isParsing=true, availableChannels=4342)
02-13 17:31:35.214 I/flutter (32202): [Risa] Prefetch index 0: true (no focus, window=5)
02-13 17:31:35.214 I/flutter (32202): [Risa] Prefetch index 1: true (no focus, window=5)
02-13 17:31:35.214 I/flutter (32202): [Risa] Prefetch index 2: true (no focus, window=5)
02-13 17:31:35.215 I/flutter (32202): [Risa] Prefetch index 0: true (no focus, window=2)
02-13 17:31:35.216 I/flutter (32202): [Risa] Prefetch index 1: true (no focus, window=2)
02-13 17:31:35.216 I/flutter (32202): [Risa] Prefetch index 2: false (no focus, window=2)
02-13 17:31:35.217 I/flutter (32202): [Risa] Prefetch index 0: true (no focus, window=2)
02-13 17:31:35.217 I/flutter (32202): [Risa] Prefetch index 1: true (no focus, window=2)
02-13 17:31:35.218 I/flutter (32202): [Risa] Prefetch index 0: true (no focus, window=2)
02-13 17:31:35.218 I/flutter (32202): [Risa] Prefetch index 1: true (no focus, window=2)
02-13 17:31:35.218 I/flutter (32202): [Risa] Prefetch index 0: true (no focus, window=2)
02-13 17:31:35.218 I/chatty  (32202): uid=10271(com.risa.app) identical 1 line
02-13 17:31:35.219 I/flutter (32202): [Risa] Prefetch index 0: true (no focus, window=2)
02-13 17:31:35.219 I/flutter (32202): [Risa] Prefetch index 1: true (no focus, window=2)
02-13 17:31:35.226 I/flutter (32202): [Risa] JANK: frame total=65ms build=52ms raster=13ms vsync=0ms
02-13 17:31:35.226 I/flutter (32202): [Risa] JANK: frame total=68ms build=54ms raster=14ms vsync=9ms
02-13 17:31:35.245 I/flutter (32202): [Risa] LiveTV artwork NONE: channel="Ma | Boston | Pbs Wenh" (id=wenh.us) reason=no_current_program_from_epg (hasProgramsForChannel=false, isLoading=true, isParsing=true, availableChannels=4342)
02-13 17:31:35.285 I/flutter (32202): [Risa] Prefetch index 0: true (no focus, window=5)
02-13 17:31:35.285 I/flutter (32202): [Risa] Prefetch index 1: true (no focus, window=5)
02-13 17:31:35.285 I/flutter (32202): [Risa] Prefetch index 2: true (no focus, window=5)
02-13 17:31:35.286 I/flutter (32202): [Risa] Prefetch index 0: true (no focus, window=2)
02-13 17:31:35.287 I/flutter (32202): [Risa] Prefetch index 1: true (no focus, window=2)
02-13 17:31:35.287 I/flutter (32202): [Risa] Prefetch index 2: false (no focus, window=2)
02-13 17:31:35.288 I/flutter (32202): [Risa] Prefetch index 0: true (no focus, window=2)
02-13 17:31:35.288 I/flutter (32202): [Risa] Prefetch index 1: true (no focus, window=2)
02-13 17:31:35.289 I/flutter (32202): [Risa] Prefetch index 0: true (no focus, window=2)
02-13 17:31:35.289 I/flutter (32202): [Risa] Prefetch index 1: true (no focus, window=2)
02-13 17:31:35.289 I/flutter (32202): [Risa] Prefetch index 0: true (no focus, window=2)
02-13 17:31:35.289 I/chatty  (32202): uid=10271(com.risa.app) identical 1 line
02-13 17:31:35.290 I/flutter (32202): [Risa] Prefetch index 0: true (no focus, window=2)
02-13 17:31:35.290 I/flutter (32202): [Risa] Prefetch index 1: true (no focus, window=2)
02-13 17:31:35.310 I/flutter (32202): [Risa] LiveTV artwork NONE: channel="Ma | Boston | Pbs Wenh" (id=wenh.us) reason=no_current_program_from_epg (hasProgramsForChannel=false, isLoading=true, isParsing=true, availableChannels=4342)
02-13 17:31:35.376 I/flutter (32202): [Risa] Prefetch index 0: true (no focus, window=5)
02-13 17:31:35.377 I/flutter (32202): [Risa] Prefetch index 1: true (no focus, window=5)
02-13 17:31:35.377 I/flutter (32202): [Risa] Prefetch index 2: true (no focus, window=5)
02-13 17:31:35.378 I/flutter (32202): [Risa] Prefetch index 0: true (no focus, window=2)
02-13 17:31:35.378 I/flutter (32202): [Risa] Prefetch index 1: true (no focus, window=2)
02-13 17:31:35.379 I/flutter (32202): [Risa] Prefetch index 2: false (no focus, window=2)
02-13 17:31:35.380 I/flutter (32202): [Risa] Prefetch index 0: true (no focus, window=2)
02-13 17:31:35.380 I/flutter (32202): [Risa] Prefetch index 1: true (no focus, window=2)
02-13 17:31:35.380 I/flutter (32202): [Risa] Prefetch index 0: true (no focus, window=2)
02-13 17:31:35.381 I/flutter (32202): [Risa] Prefetch index 1: true (no focus, window=2)
02-13 17:31:35.381 I/flutter (32202): [Risa] Prefetch index 0: true (no focus, window=2)
02-13 17:31:35.381 I/chatty  (32202): uid=10271(com.risa.app) identical 1 line
02-13 17:31:35.381 I/flutter (32202): [Risa] Prefetch index 0: true (no focus, window=2)
02-13 17:31:35.382 I/flutter (32202): [Risa] Prefetch index 1: true (no focus, window=2)
02-13 17:31:35.389 I/flutter (32202): [Risa] JANK: frame total=97ms build=83ms raster=14ms vsync=0ms
02-13 17:31:35.389 I/flutter (32202): [Risa] JANK: frame total=66ms build=53ms raster=13ms vsync=0ms
02-13 17:31:35.411 I/flutter (32202): [Risa] LiveTV artwork NONE: channel="Ma | Boston | Pbs Wenh" (id=wenh.us) reason=no_current_program_from_epg (hasProgramsForChannel=false, isLoading=true, isParsing=true, availableChannels=4342)
02-13 17:31:35.449 I/flutter (32202): [Risa] Prefetch index 0: true (no focus, window=5)
02-13 17:31:35.449 I/flutter (32202): [Risa] Prefetch index 1: true (no focus, window=5)
02-13 17:31:35.450 I/flutter (32202): [Risa] Prefetch index 2: true (no focus, window=5)
02-13 17:31:35.451 I/flutter (32202): [Risa] Prefetch index 0: true (no focus, window=2)
02-13 17:31:35.451 I/flutter (32202): [Risa] Prefetch index 1: true (no focus, window=2)
02-13 17:31:35.451 I/flutter (32202): [Risa] Prefetch index 2: false (no focus, window=2)
02-13 17:31:35.453 I/flutter (32202): [Risa] Prefetch index 0: true (no focus, window=2)
02-13 17:31:35.453 I/flutter (32202): [Risa] Prefetch index 1: true (no focus, window=2)
02-13 17:31:35.453 I/flutter (32202): [Risa] Prefetch index 0: true (no focus, window=2)
02-13 17:31:35.453 I/flutter (32202): [Risa] Prefetch index 1: true (no focus, window=2)
02-13 17:31:35.454 I/flutter (32202): [Risa] Prefetch index 0: true (no focus, window=2)
02-13 17:31:35.454 I/chatty  (32202): uid=10271(com.risa.app) identical 1 line
02-13 17:31:35.454 I/flutter (32202): [Risa] Prefetch index 0: true (no focus, window=2)
02-13 17:31:35.454 I/flutter (32202): [Risa] Prefetch index 1: true (no focus, window=2)
02-13 17:31:35.493 I/flutter (32202): [Risa] LiveTV artwork NONE: channel="Ma | Boston | Pbs Wenh" (id=wenh.us) reason=no_current_program_from_epg (hasProgramsForChannel=false, isLoading=true, isParsing=true, availableChannels=4342)
02-13 17:31:35.537 I/flutter (32202): [Risa] Prefetch index 0: true (no focus, window=5)
02-13 17:31:35.537 I/flutter (32202): [Risa] Prefetch index 1: true (no focus, window=5)
02-13 17:31:35.537 I/flutter (32202): [Risa] Prefetch index 2: true (no focus, window=5)
02-13 17:31:35.539 I/flutter (32202): [Risa] Prefetch index 0: true (no focus, window=2)
02-13 17:31:35.539 I/flutter (32202): [Risa] Prefetch index 1: true (no focus, window=2)
02-13 17:31:35.539 I/flutter (32202): [Risa] Prefetch index 2: false (no focus, window=2)
02-13 17:31:35.540 I/flutter (32202): [Risa] Prefetch index 0: true (no focus, window=2)
02-13 17:31:35.541 I/flutter (32202): [Risa] Prefetch index 1: true (no focus, window=2)
02-13 17:31:35.541 I/flutter (32202): [Risa] Prefetch index 0: true (no focus, window=2)
02-13 17:31:35.541 I/flutter (32202): [Risa] Prefetch index 1: true (no focus, window=2)
02-13 17:31:35.541 I/flutter (32202): [Risa] Prefetch index 0: true (no focus, window=2)
02-13 17:31:35.542 I/chatty  (32202): uid=10271(com.risa.app) identical 1 line
02-13 17:31:35.542 I/flutter (32202): [Risa] Prefetch index 0: true (no focus, window=2)
02-13 17:31:35.542 I/flutter (32202): [Risa] Prefetch index 1: true (no focus, window=2)
02-13 17:31:35.550 I/flutter (32202): [Risa] JANK: frame total=92ms build=79ms raster=13ms vsync=0ms
02-13 17:31:35.550 I/flutter (32202): [Risa] JANK: frame total=90ms build=77ms raster=13ms vsync=0ms
02-13 17:31:35.560 I/flutter (32202): [Risa] LiveTV artwork NONE: channel="Ma | Boston | Pbs Wenh" (id=wenh.us) reason=no_current_program_from_epg (hasProgramsForChannel=false, isLoading=true, isParsing=true, availableChannels=4342)
02-13 17:31:35.621 I/flutter (32202): [Risa] Prefetch index 0: true (no focus, window=5)
02-13 17:31:35.621 I/flutter (32202): [Risa] Prefetch index 1: true (no focus, window=5)
02-13 17:31:35.622 I/flutter (32202): [Risa] Prefetch index 2: true (no focus, window=5)
02-13 17:31:35.623 I/flutter (32202): [Risa] Prefetch index 0: true (no focus, window=2)
02-13 17:31:35.623 I/flutter (32202): [Risa] Prefetch index 1: true (no focus, window=2)
02-13 17:31:35.624 I/flutter (32202): [Risa] Prefetch index 2: false (no focus, window=2)
02-13 17:31:35.625 I/flutter (32202): [Risa] Prefetch index 0: true (no focus, window=2)
02-13 17:31:35.625 I/flutter (32202): [Risa] Prefetch index 1: true (no focus, window=2)
02-13 17:31:35.625 I/flutter (32202): [Risa] Prefetch index 0: true (no focus, window=2)
02-13 17:31:35.626 I/flutter (32202): [Risa] Prefetch index 1: true (no focus, window=2)
02-13 17:31:35.626 I/flutter (32202): [Risa] Prefetch index 0: true (no focus, window=2)
02-13 17:31:35.626 I/chatty  (32202): uid=10271(com.risa.app) identical 1 line
02-13 17:31:35.627 I/flutter (32202): [Risa] Prefetch index 0: true (no focus, window=2)
02-13 17:31:35.627 I/flutter (32202): [Risa] Prefetch index 1: true (no focus, window=2)
02-13 17:31:35.644 I/flutter (32202): [Risa] LiveTV artwork NONE: channel="Ma | Boston | Pbs Wenh" (id=wenh.us) reason=no_current_program_from_epg (hasProgramsForChannel=false, isLoading=true, isParsing=true, availableChannels=4342)
02-13 17:31:35.688 I/flutter (32202): [Risa] Prefetch index 0: true (no focus, window=5)
02-13 17:31:35.689 I/flutter (32202): [Risa] Prefetch index 1: true (no focus, window=5)
02-13 17:31:35.689 I/flutter (32202): [Risa] Prefetch index 2: true (no focus, window=5)
02-13 17:31:35.690 I/flutter (32202): [Risa] Prefetch index 0: true (no focus, window=2)
02-13 17:31:35.691 I/flutter (32202): [Risa] Prefetch index 1: true (no focus, window=2)
02-13 17:31:35.691 I/flutter (32202): [Risa] Prefetch index 2: false (no focus, window=2)
02-13 17:31:35.692 I/flutter (32202): [Risa] Prefetch index 0: true (no focus, window=2)
02-13 17:31:35.692 I/flutter (32202): [Risa] Prefetch index 1: true (no focus, window=2)
02-13 17:31:35.693 I/flutter (32202): [Risa] Prefetch index 0: true (no focus, window=2)
02-13 17:31:35.693 I/flutter (32202): [Risa] Prefetch index 1: true (no focus, window=2)
02-13 17:31:35.693 I/flutter (32202): [Risa] Prefetch index 0: true (no focus, window=2)
02-13 17:31:35.693 I/chatty  (32202): uid=10271(com.risa.app) identical 1 line
02-13 17:31:35.694 I/flutter (32202): [Risa] Prefetch index 0: true (no focus, window=2)
02-13 17:31:35.694 I/flutter (32202): [Risa] Prefetch index 1: true (no focus, window=2)
02-13 17:31:35.701 I/flutter (32202): [Risa] JANK: frame total=70ms build=56ms raster=14ms vsync=0ms
02-13 17:31:35.701 I/flutter (32202): [Risa] JANK: frame total=87ms build=73ms raster=14ms vsync=0ms
02-13 17:31:35.711 I/flutter (32202): [Risa] LiveTV artwork NONE: channel="Ma | Boston | Pbs Wenh" (id=wenh.us) reason=no_current_program_from_epg (hasProgramsForChannel=false, isLoading=true, isParsing=true, availableChannels=4342)
02-13 17:31:35.725 W/adbd    ( 3518): timed out while waiting for FUNCTIONFS_BIND, trying again
02-13 17:31:35.725 I/adbd    ( 3518): UsbFfs: connection terminated: monitor thread finished
02-13 17:31:35.725 I/adbd    ( 3518): UsbFfs: already offline
02-13 17:31:35.725 I/adbd    ( 3518): destroying transport UsbFfs
02-13 17:31:35.725 I/adbd    ( 3518): UsbFfsConnection being destroyed
02-13 17:31:35.771 I/adbd    ( 3518): opening control endpoint /dev/usb-ffs/adb/ep0
02-13 17:31:35.772 I/adbd    ( 3518): UsbFfsConnection constructed
02-13 17:31:35.772 I/adbd    ( 3518): UsbFfs-monitor thread spawned
02-13 17:31:35.780 I/flutter (32202): [Risa] Prefetch index 0: true (no focus, window=5)
02-13 17:31:35.780 I/flutter (32202): [Risa] Prefetch index 1: true (no focus, window=5)
02-13 17:31:35.780 I/flutter (32202): [Risa] Prefetch index 2: true (no focus, window=5)
02-13 17:31:35.782 I/flutter (32202): [Risa] Prefetch index 0: true (no focus, window=2)
02-13 17:31:35.782 I/flutter (32202): [Risa] Prefetch index 1: true (no focus, window=2)
02-13 17:31:35.782 I/flutter (32202): [Risa] Prefetch index 2: false (no focus, window=2)
02-13 17:31:35.783 I/flutter (32202): [Risa] Prefetch index 0: true (no focus, window=2)
02-13 17:31:35.784 I/flutter (32202): [Risa] Prefetch index 1: true (no focus, window=2)
02-13 17:31:35.784 I/flutter (32202): [Risa] Prefetch index 0: true (no focus, window=2)
02-13 17:31:35.784 I/flutter (32202): [Risa] Prefetch index 1: true (no focus, window=2)
02-13 17:31:35.785 I/flutter (32202): [Risa] Prefetch index 0: true (no focus, window=2)
02-13 17:31:35.785 I/chatty  (32202): uid=10271(com.risa.app) identical 1 line
02-13 17:31:35.785 I/flutter (32202): [Risa] Prefetch index 0: true (no focus, window=2)
02-13 17:31:35.785 I/flutter (32202): [Risa] Prefetch index 1: true (no focus, window=2)
02-13 17:31:35.810 I/flutter (32202): [Risa] LiveTV artwork NONE: channel="Ma | Boston | Pbs Wenh" (id=wenh.us) reason=no_current_program_from_epg (hasProgramsForChannel=false, isLoading=true, isParsing=true, availableChannels=4342)
02-13 17:31:35.849 I/flutter (32202): [Risa] Prefetch index 0: true (no focus, window=5)
02-13 17:31:35.872 I/flutter (32202): [Risa] Prefetch index 1: true (no focus, window=5)
02-13 17:31:35.873 I/flutter (32202): [Risa] Prefetch index 2: true (no focus, window=5)
02-13 17:31:35.874 I/flutter (32202): [Risa] Prefetch index 0: true (no focus, window=2)
02-13 17:31:35.874 I/flutter (32202): [Risa] Prefetch index 1: true (no focus, window=2)
02-13 17:31:35.874 I/flutter (32202): [Risa] Prefetch index 2: false (no focus, window=2)
02-13 17:31:35.876 I/flutter (32202): [Risa] Prefetch index 0: true (no focus, window=2)
02-13 17:31:35.876 I/flutter (32202): [Risa] Prefetch index 1: true (no focus, window=2)
02-13 17:31:35.876 I/flutter (32202): [Risa] Prefetch index 0: true (no focus, window=2)
02-13 17:31:35.876 I/flutter (32202): [Risa] Prefetch index 1: true (no focus, window=2)
