02-13 17:31:43.449 I/flutter (32202): [Risa] Prefetch index 0: true (no focus, window=2)
02-13 17:31:43.449 I/flutter (32202): [Risa] Prefetch index 1: true (no focus, window=2)
02-13 17:31:43.449 I/flutter (32202): [Risa] Prefetch index 0: true (no focus, window=2)
02-13 17:31:43.450 I/chatty  (32202): uid=10271(com.risa.app) identical 1 line
02-13 17:31:43.450 I/flutter (32202): [Risa] Prefetch index 0: true (no focus, window=2)
02-13 17:31:43.450 I/flutter (32202): [Risa] Prefetch index 1: true (no focus, window=2)
02-13 17:31:43.458 I/flutter (32202): [Risa] JANK: frame total=91ms build=77ms raster=14ms vsync=0ms
02-13 17:31:43.458 I/flutter (32202): [Risa] JANK: frame total=114ms build=82ms raster=32ms vsync=0ms
02-13 17:31:43.469 I/flutter (32202): [Risa] LiveTV artwork NONE: channel="Nbc Sports Boston" (id=nbcsportsboston.us) reason=no_current_program_from_epg (hasProgramsForChannel=false, isLoading=true, isParsing=true, availableChannels=4342)
02-13 17:31:43.537 I/flutter (32202): [Risa] Prefetch index 0: true (no focus, window=5)
02-13 17:31:43.537 I/flutter (32202): [Risa] Prefetch index 1: true (no focus, window=5)
02-13 17:31:43.537 I/flutter (32202): [Risa] Prefetch index 2: true (no focus, window=5)
02-13 17:31:43.538 I/flutter (32202): [Risa] Prefetch index 0: true (no focus, window=2)
02-13 17:31:43.539 I/flutter (32202): [Risa] Prefetch index 1: true (no focus, window=2)
02-13 17:31:43.539 I/flutter (32202): [Risa] Prefetch index 2: false (no focus, window=2)
02-13 17:31:43.540 I/flutter (32202): [Risa] Prefetch index 0: true (no focus, window=2)
02-13 17:31:43.540 I/flutter (32202): [Risa] Prefetch index 1: true (no focus, window=2)
02-13 17:31:43.541 I/flutter (32202): [Risa] Prefetch index 0: true (no focus, window=2)
02-13 17:31:43.541 I/flutter (32202): [Risa] Prefetch index 1: true (no focus, window=2)
02-13 17:31:43.541 I/flutter (32202): [Risa] Prefetch index 0: true (no focus, window=2)
02-13 17:31:43.541 I/chatty  (32202): uid=10271(com.risa.app) identical 1 line
02-13 17:31:43.542 I/flutter (32202): [Risa] Prefetch index 0: true (no focus, window=2)
02-13 17:31:43.542 I/flutter (32202): [Risa] Prefetch index 1: true (no focus, window=2)
02-13 17:31:43.562 I/flutter (32202): [Risa] content_focus: Shell unregistered focus callback token=15
02-13 17:31:43.562 I/flutter (32202): [Risa] content_focus: Unregistered content focus: LiveTVScreen (token: 15)
02-13 17:31:43.577 I/flutter (32202): [Risa] JANK: frame total=72ms build=53ms raster=19ms vsync=2ms
02-13 17:31:43.577 I/flutter (32202): [Risa] JANK: frame total=98ms build=80ms raster=18ms vsync=0ms
02-13 17:31:43.831 V/hdcp up ( 3378): tsec_version: 1
02-13 17:31:43.833 D/NvOsDebugPrintf( 3378): NvRmStreamFree: WARN: pStream is NULL
02-13 17:31:44.071 W/adbd    ( 3518): timed out while waiting for FUNCTIONFS_BIND, trying again
02-13 17:31:44.071 I/adbd    ( 3518): UsbFfs: connection terminated: monitor thread finished
02-13 17:31:44.071 I/adbd    ( 3518): UsbFfs: already offline
02-13 17:31:44.071 I/adbd    ( 3518): destroying transport UsbFfs
02-13 17:31:44.071 I/adbd    ( 3518): UsbFfsConnection being destroyed
02-13 17:31:44.123 I/adbd    ( 3518): opening control endpoint /dev/usb-ffs/adb/ep0
02-13 17:31:44.123 I/adbd    ( 3518): UsbFfsConnection constructed
02-13 17:31:44.124 I/adbd    ( 3518): UsbFfs-monitor thread spawned
02-13 17:31:44.172 D/WindowManager( 3714): handleComboKeys keyCode: 23, keyAction: 0
02-13 17:31:44.373 D/WindowManager( 3714): handleComboKeys keyCode: 23, keyAction: 1
02-13 17:31:44.376 D/InputDispatcher( 3714): Waiting to send key to Window{442e7f5 u0 com.risa.app/com.risa.app.MainActivity} because there are unprocessed events that may cause focus to change
02-13 17:31:44.645 E/libc    ( 3714): Access denied finding property "ro.vendor.sys.NV_ASYNC"
02-13 17:31:44.645 E/libc    ( 3714): Access denied finding property "ro.vendor.sys.NV_LOGFPS"
02-13 17:31:44.645 E/libc    ( 3714): Access denied finding property "ro.vendor.sys.NV_PROCESS_NAME"
02-13 17:31:44.645 E/libc    ( 3714): Access denied finding property "ro.vendor.sys.NV_FPSDYNAMIC"
02-13 17:31:44.667 I/android_os_HwBinder( 3714): HwBinder: Starting thread pool for getting: vendor.nvidia.hardware.graphics.display@1.0::INvDisplay/default
02-13 17:31:44.698 D/FirebaseSessions(30720): App foregrounded on com.spocky.projengmenu
02-13 17:31:44.173 I/chatty  ( 3714): uid=1000 system_server identical 4 lines
02-13 17:31:44.374 I/InputManager( 3714): Input event injection from pid 3714 uid 1000
02-13 17:31:44.699 D/ConnectivityService( 3714): requestNetwork for uid/pid:10025/30720 NetworkRequest [ TRACK_DEFAULT id=161, [ Capabilities: INTERNET&NOT_RESTRICTED&TRUSTED Uid: 10025 AdministratorUids: [] RequestorUid: 10025 RequestorPackageName: com.spocky.projengmenu] ]
02-13 17:31:44.700 D/ConnectivityService( 3714): NetReassign [161 : null → 100]
02-13 17:31:44.700 D/Ethernet( 3714): got request NetworkRequest [ TRACK_DEFAULT id=161, [ Capabilities: INTERNET&NOT_RESTRICTED&TRUSTED Uid: 10025 AdministratorUids: [] RequestorUid: 10025 RequestorPackageName: com.spocky.projengmenu] ] with score 60 and providerId 2
02-13 17:31:44.702 D/WifiNetworkFactory( 3714): got request NetworkRequest [ TRACK_DEFAULT id=161, [ Capabilities: INTERNET&NOT_RESTRICTED&TRUSTED Uid: 10025 AdministratorUids: [] RequestorUid: 10025 RequestorPackageName: com.spocky.projengmenu] ] with score 60 and providerId 2
02-13 17:31:44.702 D/UntrustedWifiNetworkFactory( 3714): got request NetworkRequest [ TRACK_DEFAULT id=161, [ Capabilities: INTERNET&NOT_RESTRICTED&TRUSTED Uid: 10025 AdministratorUids: [] RequestorUid: 10025 RequestorPackageName: com.spocky.projengmenu] ] with score 60 and providerId 2
02-13 17:31:44.707 I/NvUtils ( 3714): onActivityResumed AM packageName = com.spocky.projengmenu
02-13 17:31:44.709 E/AudioSystem-JNI( 3714): Command failed for android_media_AudioSystem_setParameters: -22
02-13 17:31:44.711 I/chatty  ( 3714): uid=1000(system) Binder:3714_2 identical 2 lines
02-13 17:31:44.712 E/AudioSystem-JNI( 3714): Command failed for android_media_AudioSystem_setParameters: -22
02-13 17:31:44.729 I/android_os_HwBinder( 4604): HwBinder: Starting thread pool for getting: vendor.nvidia.hardware.power@1.0::IPower/default
02-13 17:31:44.736 E/libc    (30720): Access denied finding property "ro.vendor.sys.NV_ASYNC"
02-13 17:31:44.736 E/libc    (30720): Access denied finding property "ro.vendor.sys.NV_LOGFPS"
02-13 17:31:44.736 E/libc    (30720): Access denied finding property "ro.vendor.sys.NV_PROCESS_NAME"
02-13 17:31:44.736 E/libc    (30720): Access denied finding property "ro.vendor.sys.NV_FPSDYNAMIC"
02-13 17:31:44.759 W/RenderThread( 3714): type=1400 audit(0.0:5733): avc: denied { execute } for path=2F6D656D66643A2F2E676C585858585858202864656C6574656429 dev="tmpfs" ino=574717 scontext=u:r:system_server:s0 tcontext=u:object_r:system_server_tmpfs:s0 tclass=file permissive=0
02-13 17:31:44.749 D/BoundBrokerSvc(30530): onBind: Intent { act=com.google.android.gms.measurement.START pkg=com.google.android.gms }
02-13 17:31:44.759 W/RenderThread( 3714): type=1400 audit(0.0:5734): avc: denied { execute } for path=2F6D656D66643A2F2E676C585858585858202864656C6574656429 dev="tmpfs" ino=574718 scontext=u:r:system_server:s0 tcontext=u:object_r:system_server_tmpfs:s0 tclass=file permissive=0
02-13 17:31:44.749 D/BoundBrokerSvc(30530): Loading bound service for intent: Intent { act=com.google.android.gms.measurement.START pkg=com.google.android.gms }
02-13 17:31:44.786 I/GoogleInputMethodService(30858): GoogleInputMethodService.onFinishInput():2084 
02-13 17:31:44.793 I/Module  (30858): DeviceLockedStatusModuleProvider$Module.updateDeviceLockedStatus():101 repeatCheckTimes = 0, locked = false
02-13 17:31:44.793 I/GoogleInputMethodService(30858): GoogleInputMethodService.onStartInput():1345 onStartInput(EditorInfo{EditorInfo{packageName=com.spocky.projengmenu, inputType=0, inputTypeString=NULL, enableLearning=false, autoCorrection=false, autoComplete=false, imeOptions=0, privateImeOptions=null, actionName=UNSPECIFIED, actionLabel=null, initialSelStart=-1, initialSelEnd=-1, initialCapsMode=0, label=null, fieldId=-1, fieldName=null, extras=null, hintText=null, hintLocales=[]}}, false)
02-13 17:31:44.794 I/Module  (30858): DeviceLockedStatusModuleProvider$Module.updateDeviceLockedStatus():101 repeatCheckTimes = 1, locked = false
02-13 17:31:44.848 I/ndroid.systemu( 3925): NativeAlloc concurrent copying GC freed 1638(127KB) AllocSpace objects, 0(0B) LOS objects, 49% free, 2519KB/5039KB, paused 61us total 207.650ms
02-13 17:31:44.850 I/flutter (32202): [Risa] JANK: frame total=560ms build=559ms raster=1ms vsync=1ms
02-13 17:31:44.996 I/WindowManager( 3714): WIN DEATH: Window{442e7f5 u0 com.risa.app/com.risa.app.MainActivity}
02-13 17:31:44.996 W/InputDispatcher( 3714): Attempted to unregister already unregistered input channel '442e7f5 com.risa.app/com.risa.app.MainActivity (server)'
02-13 17:31:44.996 I/ActivityManager( 3714): Process com.risa.app (pid 32202) has died: prcp CRE 
02-13 17:31:45.006 I/Zygote  ( 3341): Process 32202 exited cleanly (0)
02-13 17:31:45.008 E/phs:fs  ( 4447): Unable to open file "/proc/32202/largest_task": No such file or directory
02-13 17:31:45.010 W/ActivityManager( 3714): setHasOverlayUi called on unknown pid: 32202
02-13 17:31:45.024 E/phs:fs  ( 4447): Unable to open file "/proc/32202/largest_task": No such file or directory
02-13 17:31:45.039 I/libprocessgroup( 3714): Successfully killed process cgroup uid 10271 pid 32202 in 42ms
02-13 17:31:45.041 E/phs:fs  ( 4447): Unable to open file "/proc/32202/largest_task": No such file or directory
02-13 17:31:45.109 I/chatty  ( 4447): uid=1000(system) /vendor/bin/nvphsd identical 4 lines
02-13 17:31:45.124 E/phs:fs  ( 4447): Unable to open file "/proc/32202/largest_task": No such file or directory
02-13 17:31:45.125 W/adbd    ( 3518): timed out while waiting for FUNCTIONFS_BIND, trying again
02-13 17:31:45.125 I/adbd    ( 3518): UsbFfs: connection terminated: monitor thread finished
02-13 17:31:45.125 I/adbd    ( 3518): UsbFfs: already offline
02-13 17:31:45.125 I/adbd    ( 3518): destroying transport UsbFfs
02-13 17:31:45.125 I/adbd    ( 3518): UsbFfsConnection being destroyed
02-13 17:31:45.141 E/phs:fs  ( 4447): Unable to open file "/proc/32202/largest_task": No such file or directory
02-13 17:31:45.159 I/adbd    ( 3518): opening control endpoint /dev/usb-ffs/adb/ep0
02-13 17:31:45.160 I/adbd    ( 3518): UsbFfsConnection constructed
02-13 17:31:45.160 E/phs:fs  ( 4447): Unable to open file "/proc/32202/largest_task": No such file or directory
02-13 17:31:45.160 I/adbd    ( 3518): UsbFfs-monitor thread spawned
02-13 17:31:45.175 E/phs:fs  ( 4447): Unable to open file "/proc/32202/largest_task": No such file or directory
02-13 17:31:45.324 I/chatty  ( 4447): uid=1000(system) /vendor/bin/nvphsd identical 9 lines
02-13 17:31:45.340 E/phs:fs  ( 4447): Unable to open file "/proc/32202/largest_task": No such file or directory
02-13 17:31:46.161 W/adbd    ( 3518): timed out while waiting for FUNCTIONFS_BIND, trying again
02-13 17:31:46.161 I/adbd    ( 3518): UsbFfs: connection terminated: monitor thread finished
02-13 17:31:46.161 I/adbd    ( 3518): UsbFfs: already offline
02-13 17:31:46.161 I/adbd    ( 3518): destroying transport UsbFfs
02-13 17:31:46.162 I/adbd    ( 3518): UsbFfsConnection being destroyed
02-13 17:31:46.191 I/adbd    ( 3518): opening control endpoint /dev/usb-ffs/adb/ep0
02-13 17:31:46.192 I/adbd    ( 3518): UsbFfsConnection constructed
02-13 17:31:46.192 I/adbd    ( 3518): UsbFfs-monitor thread spawned
02-13 17:31:47.193 W/adbd    ( 3518): timed out while waiting for FUNCTIONFS_BIND, trying again
02-13 17:31:47.193 I/adbd    ( 3518): UsbFfs: connection terminated: monitor thread finished
02-13 17:31:47.193 I/adbd    ( 3518): UsbFfs: already offline
02-13 17:31:47.193 I/adbd    ( 3518): destroying transport UsbFfs
02-13 17:31:47.194 I/adbd    ( 3518): UsbFfsConnection being destroyed
02-13 17:31:47.223 I/adbd    ( 3518): opening control endpoint /dev/usb-ffs/adb/ep0
02-13 17:31:47.224 I/adbd    ( 3518): UsbFfsConnection constructed
02-13 17:31:47.225 I/adbd    ( 3518): UsbFfs-monitor thread spawned
02-13 17:31:48.044 E/TaskPersister( 3714): File error accessing recents directory (directory doesn't exist?).
02-13 17:31:48.226 W/adbd    ( 3518): timed out while waiting for FUNCTIONFS_BIND, trying again
02-13 17:31:48.226 I/adbd    ( 3518): UsbFfs: connection terminated: monitor thread finished
02-13 17:31:48.226 I/adbd    ( 3518): UsbFfs: already offline
02-13 17:31:48.226 I/adbd    ( 3518): destroying transport UsbFfs
02-13 17:31:48.226 I/adbd    ( 3518): UsbFfsConnection being destroyed
02-13 17:31:48.255 I/adbd    ( 3518): opening control endpoint /dev/usb-ffs/adb/ep0
02-13 17:31:48.256 I/adbd    ( 3518): UsbFfsConnection constructed
02-13 17:31:48.256 I/adbd    ( 3518): UsbFfs-monitor thread spawned
02-13 17:31:48.836 V/hdcp up ( 3378): tsec_version: 1
02-13 17:31:48.838 D/NvOsDebugPrintf( 3378): NvRmStreamFree: WARN: pStream is NULL
02-13 17:31:49.257 W/adbd    ( 3518): timed out while waiting for FUNCTIONFS_BIND, trying again
02-13 17:31:49.257 I/adbd    ( 3518): UsbFfs: connection terminated: monitor thread finished
02-13 17:31:49.258 I/adbd    ( 3518): UsbFfs: already offline
02-13 17:31:49.258 I/adbd    ( 3518): destroying transport UsbFfs
02-13 17:31:49.258 I/adbd    ( 3518): UsbFfsConnection being destroyed
02-13 17:31:49.295 I/adbd    ( 3518): opening control endpoint /dev/usb-ffs/adb/ep0
02-13 17:31:49.295 I/adbd    ( 3518): UsbFfsConnection constructed
02-13 17:31:49.296 I/adbd    ( 3518): UsbFfs-monitor thread spawned
02-13 17:31:50.297 W/adbd    ( 3518): timed out while waiting for FUNCTIONFS_BIND, trying again
02-13 17:31:50.297 I/adbd    ( 3518): UsbFfs: connection terminated: monitor thread finished
02-13 17:31:50.297 I/adbd    ( 3518): UsbFfs: already offline
02-13 17:31:50.297 I/adbd    ( 3518): destroying transport UsbFfs
02-13 17:31:50.297 I/adbd    ( 3518): UsbFfsConnection being destroyed
02-13 17:31:50.327 I/adbd    ( 3518): opening control endpoint /dev/usb-ffs/adb/ep0
02-13 17:31:50.328 I/adbd    ( 3518): UsbFfsConnection constructed
02-13 17:31:50.328 I/adbd    ( 3518): UsbFfs-monitor thread spawned
02-13 17:31:51.329 W/adbd    ( 3518): timed out while waiting for FUNCTIONFS_BIND, trying again
02-13 17:31:51.330 I/adbd    ( 3518): UsbFfs: connection terminated: monitor thread finished
02-13 17:31:51.330 I/adbd    ( 3518): UsbFfs: already offline
02-13 17:31:51.330 I/adbd    ( 3518): destroying transport UsbFfs
02-13 17:31:51.330 I/adbd    ( 3518): UsbFfsConnection being destroyed
02-13 17:31:51.371 I/adbd    ( 3518): opening control endpoint /dev/usb-ffs/adb/ep0
02-13 17:31:51.371 I/adbd    ( 3518): UsbFfsConnection constructed
02-13 17:31:51.372 I/adbd    ( 3518): UsbFfs-monitor thread spawned
02-13 17:31:52.373 W/adbd    ( 3518): timed out while waiting for FUNCTIONFS_BIND, trying again
02-13 17:31:52.373 I/adbd    ( 3518): UsbFfs: connection terminated: monitor thread finished
02-13 17:31:52.373 I/adbd    ( 3518): UsbFfs: already offline
02-13 17:31:52.373 I/adbd    ( 3518): destroying transport UsbFfs
02-13 17:31:52.373 I/adbd    ( 3518): UsbFfsConnection being destroyed
02-13 17:31:52.403 I/adbd    ( 3518): opening control endpoint /dev/usb-ffs/adb/ep0
02-13 17:31:52.403 I/adbd    ( 3518): UsbFfsConnection constructed
02-13 17:31:52.404 I/adbd    ( 3518): UsbFfs-monitor thread spawned
02-13 17:31:53.405 W/adbd    ( 3518): timed out while waiting for FUNCTIONFS_BIND, trying again
02-13 17:31:53.405 I/adbd    ( 3518): UsbFfs: connection terminated: monitor thread finished
02-13 17:31:53.405 I/adbd    ( 3518): UsbFfs: already offline
02-13 17:31:53.405 I/adbd    ( 3518): destroying transport UsbFfs
02-13 17:31:53.405 I/adbd    ( 3518): UsbFfsConnection being destroyed
02-13 17:31:53.439 I/adbd    ( 3518): opening control endpoint /dev/usb-ffs/adb/ep0
02-13 17:31:53.439 I/adbd    ( 3518): UsbFfsConnection constructed
02-13 17:31:53.440 I/adbd    ( 3518): UsbFfs-monitor thread spawned
02-13 17:31:53.842 V/hdcp up ( 3378): tsec_version: 1
02-13 17:31:53.844 D/NvOsDebugPrintf( 3378): NvRmStreamFree: WARN: pStream is NULL
02-13 17:31:53.933 I/nv_bt_stats( 3906): btif_nv_stats_update_host_stats() addr: ff:ff:ff:ff:ff:ff , json string: cmd_timeout_rsp_after_to
02-13 17:31:54.064 I/chatty  ( 3906): uid=1002(bluetooth) HwBinder:3906_1 identical 5 lines
02-13 17:31:54.072 I/nv_bt_stats( 3906): btif_nv_stats_update_host_stats() addr: ff:ff:ff:ff:ff:ff , json string: cmd_timeout_rsp_after_to
02-13 17:31:54.441 W/adbd    ( 3518): timed out while waiting for FUNCTIONFS_BIND, trying again
02-13 17:31:54.441 I/adbd    ( 3518): UsbFfs: connection terminated: monitor thread finished
02-13 17:31:54.441 I/adbd    ( 3518): UsbFfs: already offline
02-13 17:31:54.441 I/adbd    ( 3518): destroying transport UsbFfs
02-13 17:31:54.441 I/adbd    ( 3518): UsbFfsConnection being destroyed
02-13 17:31:54.471 I/adbd    ( 3518): opening control endpoint /dev/usb-ffs/adb/ep0
02-13 17:31:54.471 I/adbd    ( 3518): UsbFfsConnection constructed
02-13 17:31:54.472 I/adbd    ( 3518): UsbFfs-monitor thread spawned
02-13 17:31:54.826 D/BoundBrokerSvc(30530): onUnbind: Intent { act=com.google.android.gms.measurement.START pkg=com.google.android.gms }
02-13 17:31:55.473 W/adbd    ( 3518): timed out while waiting for FUNCTIONFS_BIND, trying again
02-13 17:31:55.473 I/adbd    ( 3518): UsbFfs: connection terminated: monitor thread finished
02-13 17:31:55.473 I/adbd    ( 3518): UsbFfs: already offline
02-13 17:31:55.473 I/adbd    ( 3518): destroying transport UsbFfs
02-13 17:31:55.473 I/adbd    ( 3518): UsbFfsConnection being destroyed
02-13 17:31:55.507 I/adbd    ( 3518): opening control endpoint /dev/usb-ffs/adb/ep0
02-13 17:31:55.507 I/adbd    ( 3518): UsbFfsConnection constructed
02-13 17:31:55.508 I/adbd    ( 3518): UsbFfs-monitor thread spawned
02-13 17:31:56.509 W/adbd    ( 3518): timed out while waiting for FUNCTIONFS_BIND, trying again
02-13 17:31:56.509 I/adbd    ( 3518): UsbFfs: connection terminated: monitor thread finished
02-13 17:31:56.509 I/adbd    ( 3518): UsbFfs: already offline
02-13 17:31:56.509 I/adbd    ( 3518): destroying transport UsbFfs
02-13 17:31:56.509 I/adbd    ( 3518): UsbFfsConnection being destroyed
02-13 17:31:56.555 I/adbd    ( 3518): opening control endpoint /dev/usb-ffs/adb/ep0
02-13 17:31:56.555 I/adbd    ( 3518): UsbFfsConnection constructed
02-13 17:31:56.556 I/adbd    ( 3518): UsbFfs-monitor thread spawned
02-13 17:31:57.557 W/adbd    ( 3518): timed out while waiting for FUNCTIONFS_BIND, trying again
02-13 17:31:57.557 I/adbd    ( 3518): UsbFfs: connection terminated: monitor thread finished
02-13 17:31:57.557 I/adbd    ( 3518): UsbFfs: already offline
02-13 17:31:57.557 I/adbd    ( 3518): destroying transport UsbFfs
02-13 17:31:57.557 I/adbd    ( 3518): UsbFfsConnection being destroyed
02-13 17:31:57.591 I/adbd    ( 3518): opening control endpoint /dev/usb-ffs/adb/ep0
02-13 17:31:57.591 I/adbd    ( 3518): UsbFfsConnection constructed
02-13 17:31:57.592 I/adbd    ( 3518): UsbFfs-monitor thread spawned
02-13 17:31:58.593 W/adbd    ( 3518): timed out while waiting for FUNCTIONFS_BIND, trying again
02-13 17:31:58.593 I/adbd    ( 3518): UsbFfs: connection terminated: monitor thread finished
02-13 17:31:58.593 I/adbd    ( 3518): UsbFfs: already offline
02-13 17:31:58.593 I/adbd    ( 3518): destroying transport UsbFfs
02-13 17:31:58.593 I/adbd    ( 3518): UsbFfsConnection being destroyed
02-13 17:31:58.627 I/adbd    ( 3518): opening control endpoint /dev/usb-ffs/adb/ep0
02-13 17:31:58.627 I/adbd    ( 3518): UsbFfsConnection constructed
02-13 17:31:58.628 I/adbd    ( 3518): UsbFfs-monitor thread spawned
02-13 17:31:58.847 V/hdcp up ( 3378): tsec_version: 1
02-13 17:31:58.849 D/NvOsDebugPrintf( 3378): NvRmStreamFree: WARN: pStream is NULL
02-13 17:31:59.629 W/adbd    ( 3518): timed out while waiting for FUNCTIONFS_BIND, trying again
02-13 17:31:59.629 I/adbd    ( 3518): UsbFfs: connection terminated: monitor thread finished
02-13 17:31:59.629 I/adbd    ( 3518): UsbFfs: already offline
02-13 17:31:59.629 I/adbd    ( 3518): destroying transport UsbFfs
02-13 17:31:59.629 I/adbd    ( 3518): UsbFfsConnection being destroyed
02-13 17:31:59.667 I/adbd    ( 3518): opening control endpoint /dev/usb-ffs/adb/ep0
02-13 17:31:59.667 I/adbd    ( 3518): UsbFfsConnection constructed
02-13 17:31:59.668 I/adbd    ( 3518): UsbFfs-monitor thread spawned
02-13 17:32:00.669 W/adbd    ( 3518): timed out while waiting for FUNCTIONFS_BIND, trying again
02-13 17:32:00.669 I/adbd    ( 3518): UsbFfs: connection terminated: monitor thread finished
02-13 17:32:00.669 I/adbd    ( 3518): UsbFfs: already offline
02-13 17:32:00.669 I/adbd    ( 3518): destroying transport UsbFfs
02-13 17:32:00.670 I/adbd    ( 3518): UsbFfsConnection being destroyed
02-13 17:32:00.715 I/adbd    ( 3518): opening control endpoint /dev/usb-ffs/adb/ep0
02-13 17:32:00.715 I/adbd    ( 3518): UsbFfsConnection constructed
02-13 17:32:00.716 I/adbd    ( 3518): UsbFfs-monitor thread spawned
02-13 17:32:01.717 W/adbd    ( 3518): timed out while waiting for FUNCTIONFS_BIND, trying again
02-13 17:32:01.717 I/adbd    ( 3518): UsbFfs: connection terminated: monitor thread finished
02-13 17:32:01.717 I/adbd    ( 3518): UsbFfs: already offline
02-13 17:32:01.717 I/adbd    ( 3518): destroying transport UsbFfs
02-13 17:32:01.717 I/adbd    ( 3518): UsbFfsConnection being destroyed
02-13 17:32:01.755 I/adbd    ( 3518): opening control endpoint /dev/usb-ffs/adb/ep0
02-13 17:32:01.756 I/adbd    ( 3518): UsbFfsConnection constructed
02-13 17:32:01.756 I/adbd    ( 3518): UsbFfs-monitor thread spawned
02-13 17:32:02.757 W/adbd    ( 3518): timed out while waiting for FUNCTIONFS_BIND, trying again
02-13 17:32:02.758 I/adbd    ( 3518): UsbFfs: connection terminated: monitor thread finished
02-13 17:32:02.758 I/adbd    ( 3518): UsbFfs: already offline
02-13 17:32:02.758 I/adbd    ( 3518): destroying transport UsbFfs
02-13 17:32:02.758 I/adbd    ( 3518): UsbFfsConnection being destroyed
02-13 17:32:02.787 I/adbd    ( 3518): opening control endpoint /dev/usb-ffs/adb/ep0
02-13 17:32:02.788 I/adbd    ( 3518): UsbFfsConnection constructed
02-13 17:32:02.788 I/adbd    ( 3518): UsbFfs-monitor thread spawned
02-13 17:32:03.790 W/adbd    ( 3518): timed out while waiting for FUNCTIONFS_BIND, trying again
02-13 17:32:03.790 I/adbd    ( 3518): UsbFfs: connection terminated: monitor thread finished
02-13 17:32:03.790 I/adbd    ( 3518): UsbFfs: already offline
02-13 17:32:03.790 I/adbd    ( 3518): destroying transport UsbFfs
02-13 17:32:03.790 I/adbd    ( 3518): UsbFfsConnection being destroyed
02-13 17:32:03.819 I/adbd    ( 3518): opening control endpoint /dev/usb-ffs/adb/ep0
02-13 17:32:03.819 I/adbd    ( 3518): UsbFfsConnection constructed
02-13 17:32:03.820 I/adbd    ( 3518): UsbFfs-monitor thread spawned
02-13 17:32:03.853 V/hdcp up ( 3378): tsec_version: 1
02-13 17:32:03.854 D/NvOsDebugPrintf( 3378): NvRmStreamFree: WARN: pStream is NULL
02-13 17:32:04.821 W/adbd    ( 3518): timed out while waiting for FUNCTIONFS_BIND, trying again
02-13 17:32:04.821 I/adbd    ( 3518): UsbFfs: connection terminated: monitor thread finished
02-13 17:32:04.821 I/adbd    ( 3518): UsbFfs: already offline
02-13 17:32:04.821 I/adbd    ( 3518): destroying transport UsbFfs
02-13 17:32:04.821 I/adbd    ( 3518): UsbFfsConnection being destroyed
02-13 17:32:04.851 I/adbd    ( 3518): opening control endpoint /dev/usb-ffs/adb/ep0
02-13 17:32:04.851 I/adbd    ( 3518): UsbFfsConnection constructed
02-13 17:32:04.852 I/adbd    ( 3518): UsbFfs-monitor thread spawned
02-13 17:32:05.853 W/adbd    ( 3518): timed out while waiting for FUNCTIONFS_BIND, trying again
02-13 17:32:05.853 I/adbd    ( 3518): UsbFfs: connection terminated: monitor thread finished
02-13 17:32:05.853 I/adbd    ( 3518): UsbFfs: already offline
02-13 17:32:05.853 I/adbd    ( 3518): destroying transport UsbFfs
02-13 17:32:05.853 I/adbd    ( 3518): UsbFfsConnection being destroyed
02-13 17:32:05.883 I/adbd    ( 3518): opening control endpoint /dev/usb-ffs/adb/ep0
02-13 17:32:05.883 I/adbd    ( 3518): UsbFfsConnection constructed
02-13 17:32:05.884 I/adbd    ( 3518): UsbFfs-monitor thread spawned
02-13 17:32:06.474 D/WindowManager( 3714): handleComboKeys keyCode: 23, keyAction: 0
02-13 17:32:06.475 I/InputManager( 3714): Input event injection from pid 3714 uid 1000
02-13 17:32:06.883 D/EventSequenceValidator( 3714): inc AccIntentStartedEvents to 2
02-13 17:32:06.883 I/ActivityTaskManager( 3714): START u0 {flg=0x10008000 cmp=com.spocky.projengmenu/.ui.settings.SettingsActivity (has extras)} from uid 10025
02-13 17:32:06.885 W/adbd    ( 3518): timed out while waiting for FUNCTIONFS_BIND, trying again
02-13 17:32:06.885 I/adbd    ( 3518): UsbFfs: connection terminated: monitor thread finished
02-13 17:32:06.885 I/adbd    ( 3518): UsbFfs: already offline
02-13 17:32:06.885 I/adbd    ( 3518): destroying transport UsbFfs
02-13 17:32:06.885 I/adbd    ( 3518): UsbFfsConnection being destroyed
02-13 17:32:06.887 W/powerHAL::common( 3386): Power hint:0x8 is not supported in PowerHAL
02-13 17:32:06.889 D/EventSequenceValidator( 3714): dec AccIntentStartedEvents to 1
02-13 17:32:06.890 D/ConnectivityService( 3714): releasing NetworkRequest [ TRACK_DEFAULT id=161, [ Capabilities: INTERNET&NOT_RESTRICTED&TRUSTED Uid: 10025 AdministratorUids: [] RequestorUid: 10025 RequestorPackageName: com.spocky.projengmenu] ] (release request)
02-13 17:32:06.890 D/FirebaseSessions(30720): App backgrounded on com.spocky.projengmenu
02-13 17:32:06.894 W/ActivityTaskManager( 3714): Tried to set launchTime (0) < mLastActivityLaunchTime (64802987)
02-13 17:32:06.902 W/NvAppProfileService( 3714): App Profiles: Enabled
02-13 17:32:06.909 I/android_os_HwBinder( 4604): HwBinder: Starting thread pool for getting: vendor.nvidia.hardware.power@1.0::IPower/default
02-13 17:32:06.917 D/BoundBrokerSvc(30530): onBind: Intent { act=com.google.android.gms.measurement.START pkg=com.google.android.gms }
02-13 17:32:06.919 I/adbd    ( 3518): opening control endpoint /dev/usb-ffs/adb/ep0
02-13 17:32:06.919 I/adbd    ( 3518): UsbFfsConnection constructed
02-13 17:32:06.920 I/adbd    ( 3518): UsbFfs-monitor thread spawned
02-13 17:32:06.921 D/BoundBrokerSvc(30530): Loading bound service for intent: Intent { act=com.google.android.gms.measurement.START pkg=com.google.android.gms }
02-13 17:32:06.922 I/android_os_HwBinder( 3714): HwBinder: Starting thread pool for getting: vendor.nvidia.hardware.cpl.service_common@1.0::INvCplHalCommonService/default
02-13 17:32:06.932 I/android_os_HwBinder(30720): HwBinder: Starting thread pool for getting: vendor.nvidia.hardware.cpl.service_common@1.0::INvCplHalCommonService/default
02-13 17:32:06.937 D/FirebaseSessions(30720): App foregrounded on com.spocky.projengmenu
02-13 17:32:06.939 I/android_os_HwBinder(30720): HwBinder: Starting thread pool for getting: vendor.nvidia.hardware.cpl.service_common@1.0::INvCplHalCommonService/default
02-13 17:32:06.941 I/android_os_HwBinder(30720): HwBinder: Starting thread pool for getting: vendor.nvidia.hardware.cpl.service_common@1.0::INvCplHalCommonService/default
02-13 17:32:06.944 I/NvUtils ( 3714): onActivityResumed AM packageName = com.spocky.projengmenu
02-13 17:32:06.945 E/AudioSystem-JNI( 3714): Command failed for android_media_AudioSystem_setParameters: -22
02-13 17:32:06.946 I/chatty  ( 3714): uid=1000(system) Binder:3714_E identical 2 lines
02-13 17:32:06.947 E/AudioSystem-JNI( 3714): Command failed for android_media_AudioSystem_setParameters: -22
02-13 17:32:06.967 E/libc    (30720): Access denied finding property "ro.vendor.sys.NV_ASYNC"
02-13 17:32:06.968 E/libc    (30720): Access denied finding property "ro.vendor.sys.NV_LOGFPS"
02-13 17:32:06.968 E/libc    (30720): Access denied finding property "ro.vendor.sys.NV_PROCESS_NAME"
02-13 17:32:06.968 E/libc    (30720): Access denied finding property "ro.vendor.sys.NV_FPSDYNAMIC"
02-13 17:32:07.015 I/ActivityTaskManager( 3714): Displayed com.spocky.projengmenu/.ui.settings.SettingsActivity: +132ms
02-13 17:32:07.033 W/powerHAL::common( 3386): Power hint:0x8 is not supported in PowerHAL
02-13 17:32:07.034 D/WindowManager( 3714): handleComboKeys keyCode: 23, keyAction: 1
02-13 17:32:07.034 I/InputManager( 3714): Input event injection from pid 3714 uid 1000
02-13 17:32:07.037 W/InputDispatcher( 3714): Waiting because no window has focus but ActivityRecord{3d7b020 u0 com.spocky.projengmenu/.ui.settings.SettingsActivity t20533} may eventually add a window when it finishes starting up. Will wait for 5000ms
02-13 17:32:07.037 W/InputDispatcher( 3714): Still no focused window. Will drop the event in 4999ms
02-13 17:32:07.044 W/InputDispatcher( 3714): Still no focused window. Will drop the event in 4992ms
02-13 17:32:07.044 W/InputDispatcher( 3714): Still no focused window. Will drop the event in 4992ms
02-13 17:32:07.044 D/InputDispatcher( 3714): Waiting to send key to Window{3e07f11 u0 com.spocky.projengmenu/com.spocky.projengmenu.ui.settings.SettingsActivity} because there are unprocessed events that may cause focus to change
02-13 17:32:07.051 I/GoogleInputMethodService(30858): GoogleInputMethodService.onFinishInput():2084 
02-13 17:32:07.051 I/Module  (30858): DeviceLockedStatusModuleProvider$Module.updateDeviceLockedStatus():101 repeatCheckTimes = 0, locked = false
02-13 17:32:07.051 I/GoogleInputMethodService(30858): GoogleInputMethodService.onStartInput():1345 onStartInput(EditorInfo{EditorInfo{packageName=com.spocky.projengmenu, inputType=0, inputTypeString=NULL, enableLearning=false, autoCorrection=false, autoComplete=false, imeOptions=0, privateImeOptions=null, actionName=UNSPECIFIED, actionLabel=null, initialSelStart=-1, initialSelEnd=-1, initialCapsMode=0, label=null, fieldId=0, fieldName=null, extras=null, hintText=null, hintLocales=[]}}, false)
02-13 17:32:07.052 I/Module  (30858): DeviceLockedStatusModuleProvider$Module.updateDeviceLockedStatus():101 repeatCheckTimes = 1, locked = false
02-13 17:32:07.054 D/AdvertisingIdClient(30530): AdvertisingIdClient already created.
02-13 17:32:07.054 D/AdvertisingIdClient(30530): AdvertisingIdClient is not bounded. Starting to bind it...
02-13 17:32:07.061 D/AdvertisingIdClient(30530): AdvertisingIdClient is bounded
02-13 17:32:07.064 I/AdvertisingIdClient(30530): shouldSendLog 64798821
02-13 17:32:07.064 I/AdvertisingIdClient(30530): GetInfoInternal elapse 10ms
02-13 17:32:07.080 D/BoundBrokerSvc(16009): onBind: Intent { act=com.google.android.gms.scheduler.ACTION_PROXY_SCHEDULE_SINGLE_USER dat=chimera-action: cmp=com.google.android.gms/.chimera.PersistentSingleUserInternalApiService }
02-13 17:32:07.080 D/BoundBrokerSvc(16009): Loading bound service for intent: Intent { act=com.google.android.gms.scheduler.ACTION_PROXY_SCHEDULE_SINGLE_USER dat=chimera-action: cmp=com.google.android.gms/.chimera.PersistentSingleUserInternalApiService }
02-13 17:32:07.096 I/NetworkScheduler(16009): (REDACTED) Error inserting %s
02-13 17:32:07.102 I/NetworkScheduler(16009): (REDACTED) Error inserting %s
02-13 17:32:07.223 W/HDMI    ( 3714): [1]:Unhandled cec command:<User Control Release> 0B:45
02-13 17:32:07.921 W/adbd    ( 3518): timed out while waiting for FUNCTIONFS_BIND, trying again
02-13 17:32:07.921 I/adbd    ( 3518): UsbFfs: connection terminated: monitor thread finished
02-13 17:32:07.921 I/adbd    ( 3518): UsbFfs: already offline
02-13 17:32:07.921 I/adbd    ( 3518): destroying transport UsbFfs
02-13 17:32:07.921 I/adbd    ( 3518): UsbFfsConnection being destroyed
02-13 17:32:07.931 D/WindowManager( 3714): handleComboKeys keyCode: 23, keyAction: 0
02-13 17:32:07.931 I/InputManager( 3714): Input event injection from pid 3714 uid 1000
02-13 17:32:07.959 I/adbd    ( 3518): opening control endpoint /dev/usb-ffs/adb/ep0
02-13 17:32:07.959 I/adbd    ( 3518): UsbFfsConnection constructed
02-13 17:32:07.959 I/adbd    ( 3518): UsbFfs-monitor thread spawned
02-13 17:32:08.153 D/WindowManager( 3714): handleComboKeys keyCode: 23, keyAction: 1
02-13 17:32:08.157 D/EventSequenceValidator( 3714): inc AccIntentStartedEvents to 2
02-13 17:32:08.153 I/InputManager( 3714): Input event injection from pid 3714 uid 1000
02-13 17:32:08.157 I/ActivityTaskManager( 3714): START u0 {flg=0x50000000 cmp=com.spocky.projengmenu/.ui.launcherActivities.SettingsIntentActivity (has extras)} from uid 10025
02-13 17:32:08.159 W/powerHAL::common( 3386): Power hint:0x8 is not supported in PowerHAL
02-13 17:32:08.165 D/EventSequenceValidator( 3714): dec AccIntentStartedEvents to 1
02-13 17:32:08.166 D/FirebaseSessions(30720): App backgrounded on com.spocky.projengmenu
02-13 17:32:08.168 W/ActivityTaskManager( 3714): Tried to set launchTime (0) < mLastActivityLaunchTime (65138988)
02-13 17:32:08.176 W/NvAppProfileService( 3714): App Profiles: Enabled
02-13 17:32:08.179 I/android_os_HwBinder( 4604): HwBinder: Starting thread pool for getting: vendor.nvidia.hardware.power@1.0::IPower/default
02-13 17:32:08.188 I/android_os_HwBinder( 3714): HwBinder: Starting thread pool for getting: vendor.nvidia.hardware.cpl.service_common@1.0::INvCplHalCommonService/default
02-13 17:32:08.198 D/EventSequenceValidator( 3714): dec AccIntentStartedEvents to 0
02-13 17:32:08.199 I/ActivityTaskManager( 3714): START u0 {act=android.settings.APPLICATION_DETAILS_SETTINGS cat=[android.intent.category.DEFAULT] dat=package:com.risa.app flg=0x10800000 cmp=com.android.tv.settings/.device.apps.AppManagementActivity} from uid 10025
02-13 17:32:08.201 W/iorapd  ( 3546): Rejecting transition from kIntentFailed to kActivityLaunchCancelled
02-13 17:32:08.204 W/powerHAL::common( 3386): Power hint:0x8 is not supported in PowerHAL
02-13 17:32:08.207 I/NvUtils ( 3714): onActivityResumed AM packageName = com.spocky.projengmenu
02-13 17:32:08.208 E/AudioSystem-JNI( 3714): Command failed for android_media_AudioSystem_setParameters: -22
02-13 17:32:08.216 W/ActivityTaskManager( 3714): Tried to set launchTime (0) < mLastActivityLaunchTime (64803040)
02-13 17:32:08.209 I/chatty  ( 3714): uid=1000(system) Binder:3714_A identical 2 lines
02-13 17:32:08.210 E/AudioSystem-JNI( 3714): Command failed for android_media_AudioSystem_setParameters: -22
02-13 17:32:08.222 W/NvAppProfileService( 3714): App Profiles: Enabled
02-13 17:32:08.227 I/android_os_HwBinder( 4604): HwBinder: Starting thread pool for getting: vendor.nvidia.hardware.power@1.0::IPower/default
02-13 17:32:08.230 I/android_os_HwBinder( 3714): HwBinder: Starting thread pool for getting: vendor.nvidia.hardware.cpl.service_common@1.0::INvCplHalCommonService/default
02-13 17:32:08.232 I/NetworkScheduler(16009): (REDACTED) Error inserting %s
02-13 17:32:08.265 I/android_os_HwBinder( 4121): HwBinder: Starting thread pool for getting: vendor.nvidia.hardware.cpl.service_common@1.0::INvCplHalCommonService/default
02-13 17:32:08.269 I/android_os_HwBinder( 4121): HwBinder: Starting thread pool for getting: vendor.nvidia.hardware.cpl.service_common@1.0::INvCplHalCommonService/default
02-13 17:32:08.273 I/NvUtils ( 3714): onActivityResumed AM packageName = com.android.tv.settings
02-13 17:32:08.274 E/AudioSystem-JNI( 3714): Command failed for android_media_AudioSystem_setParameters: -22
02-13 17:32:08.274 E/AudioSystem-JNI( 3714): Command failed for android_media_AudioSystem_setParameters: -22
02-13 17:32:08.287 E/libc    ( 4121): Access denied finding property "ro.vendor.sys.NV_ASYNC"
02-13 17:32:08.287 E/libc    ( 4121): Access denied finding property "ro.vendor.sys.NV_LOGFPS"
02-13 17:32:08.287 E/libc    ( 4121): Access denied finding property "ro.vendor.sys.NV_PROCESS_NAME"
02-13 17:32:08.287 E/libc    ( 4121): Access denied finding property "ro.vendor.sys.NV_FPSDYNAMIC"
02-13 17:32:08.283 W/ThreadPoolForeg(16009): type=1400 audit(0.0:5735): avc: denied { write } for name="traced_producer" dev="tmpfs" ino=23842 scontext=u:r:gmscore_app:s0:c512,c768 tcontext=u:object_r:traced_producer_socket:s0 tclass=sock_file permissive=0 app=com.google.android.gms
02-13 17:32:08.298 E/Surface (30720): freeAllBuffers: 1 buffers were freed while being dequeued!
02-13 17:32:08.301 W/ContextImpl( 4121): Calling a method in the system process without a qualified user: android.app.ContextImpl.sendOrderedBroadcast:1274 android.app.ContextImpl.sendOrderedBroadcast:1248 android.content.ContextWrapper.sendOrderedBroadcast:514 android.content.ContextWrapper.sendOrderedBroadcast:514 com.android.tv.settings.device.apps.ForceStopPreference.refresh:67 
02-13 17:32:08.301 E/libc    (30720): Access denied finding property "ro.vendor.sys.NV_ASYNC"
02-13 17:32:08.301 E/libc    (30720): Access denied finding property "ro.vendor.sys.NV_LOGFPS"
02-13 17:32:08.301 E/libc    (30720): Access denied finding property "ro.vendor.sys.NV_PROCESS_NAME"
02-13 17:32:08.301 E/libc    (30720): Access denied finding property "ro.vendor.sys.NV_FPSDYNAMIC"
02-13 17:32:08.305 D/AppUtils( 4121): Have 0 number of activities in preferred list
02-13 17:32:08.316 I/android_os_HwBinder( 4121): HwBinder: Starting thread pool for getting: vendor.nvidia.hardware.cpl.service_common@1.0::INvCplHalCommonService/default
02-13 17:32:08.338 D/AppUtils( 4121): Have 0 number of activities in preferred list
02-13 17:32:08.344 W/ApplicationsState( 4121): Cannot find pkg: com.android.tv on user 0
02-13 17:32:08.388 D/AppUtils( 4121): Have 0 number of activities in preferred list
02-13 17:32:08.392 D/AppUtils( 4121): Have 0 number of activities in preferred list
02-13 17:32:08.399 I/GoogleInputMethodService(30858): GoogleInputMethodService.onFinishInput():2084 
02-13 17:32:08.400 I/Module  (30858): DeviceLockedStatusModuleProvider$Module.updateDeviceLockedStatus():101 repeatCheckTimes = 0, locked = false
02-13 17:32:08.400 I/GoogleInputMethodService(30858): GoogleInputMethodService.onStartInput():1345 onStartInput(EditorInfo{EditorInfo{packageName=com.android.tv.settings, inputType=0, inputTypeString=NULL, enableLearning=false, autoCorrection=false, autoComplete=false, imeOptions=0, privateImeOptions=null, actionName=UNSPECIFIED, actionLabel=null, initialSelStart=-1, initialSelEnd=-1, initialCapsMode=0, label=null, fieldId=0, fieldName=null, extras=null, hintText=null, hintLocales=[]}}, false)
02-13 17:32:08.401 I/Module  (30858): DeviceLockedStatusModuleProvider$Module.updateDeviceLockedStatus():101 repeatCheckTimes = 1, locked = false
02-13 17:32:08.430 W/powerHAL::common( 3386): Power hint:0x8 is not supported in PowerHAL
02-13 17:32:08.858 V/hdcp up ( 3378): tsec_version: 1
02-13 17:32:08.860 D/NvOsDebugPrintf( 3378): NvRmStreamFree: WARN: pStream is NULL
02-13 17:32:08.961 W/adbd    ( 3518): timed out while waiting for FUNCTIONFS_BIND, trying again
02-13 17:32:08.961 I/adbd    ( 3518): UsbFfs: connection terminated: monitor thread finished
02-13 17:32:08.961 I/adbd    ( 3518): UsbFfs: already offline
02-13 17:32:08.961 I/adbd    ( 3518): destroying transport UsbFfs
02-13 17:32:08.961 I/adbd    ( 3518): UsbFfsConnection being destroyed
02-13 17:32:09.003 I/adbd    ( 3518): opening control endpoint /dev/usb-ffs/adb/ep0
02-13 17:32:09.003 I/adbd    ( 3518): UsbFfsConnection constructed
02-13 17:32:09.004 I/adbd    ( 3518): UsbFfs-monitor thread spawned
02-13 17:32:09.098 E/Surface (30720): freeAllBuffers: 1 buffers were freed while being dequeued!
02-13 17:32:09.095 W/RenderThread( 3714): type=1400 audit(0.0:5736): avc: denied { execute } for path=2F6D656D66643A2F2E676C585858585858202864656C6574656429 dev="tmpfs" ino=573745 scontext=u:r:system_server:s0 tcontext=u:object_r:system_server_tmpfs:s0 tclass=file permissive=0
02-13 17:32:09.095 W/RenderThread( 3714): type=1400 audit(0.0:5737): avc: denied { execute } for path=2F6D656D66643A2F2E676C585858585858202864656C6574656429 dev="tmpfs" ino=573746 scontext=u:r:system_server:s0 tcontext=u:object_r:system_server_tmpfs:s0 tclass=file permissive=0
02-13 17:32:09.272 D/WindowManager( 3714): handleComboKeys keyCode: 20, keyAction: 0
02-13 17:32:09.272 I/InputManager( 3714): Input event injection from pid 3714 uid 1000
02-13 17:32:09.296 I/GoogleInputMethodService(30858): GoogleInputMethodService.onFinishInput():2084 
02-13 17:32:09.297 I/Module  (30858): DeviceLockedStatusModuleProvider$Module.updateDeviceLockedStatus():101 repeatCheckTimes = 0, locked = false
02-13 17:32:09.297 I/GoogleInputMethodService(30858): GoogleInputMethodService.onStartInput():1345 onStartInput(EditorInfo{EditorInfo{packageName=com.android.tv.settings, inputType=0, inputTypeString=NULL, enableLearning=false, autoCorrection=false, autoComplete=false, imeOptions=0, privateImeOptions=null, actionName=UNSPECIFIED, actionLabel=null, initialSelStart=-1, initialSelEnd=-1, initialCapsMode=0, label=null, fieldId=0, fieldName=null, extras=null, hintText=null, hintLocales=[]}}, false)
02-13 17:32:09.298 I/Module  (30858): DeviceLockedStatusModuleProvider$Module.updateDeviceLockedStatus():101 repeatCheckTimes = 1, locked = false
02-13 17:32:09.423 W/RenderThread( 3714): type=1400 audit(0.0:5738): avc: denied { execute } for path=2F6D656D66643A2F2E676C585858585858202864656C6574656429 dev="tmpfs" ino=573747 scontext=u:r:system_server:s0 tcontext=u:object_r:system_server_tmpfs:s0 tclass=file permissive=0
02-13 17:32:09.423 W/RenderThread( 3714): type=1400 audit(0.0:5739): avc: denied { execute } for path=2F6D656D66643A2F2E676C585858585858202864656C6574656429 dev="tmpfs" ino=573748 scontext=u:r:system_server:s0 tcontext=u:object_r:system_server_tmpfs:s0 tclass=file permissive=0
02-13 17:32:09.484 D/WindowManager( 3714): handleComboKeys keyCode: 20, keyAction: 1
02-13 17:32:09.576 D/WindowManager( 3714): handleComboKeys keyCode: 23, keyAction: 0
02-13 17:32:09.782 D/WindowManager( 3714): handleComboKeys keyCode: 23, keyAction: 1
02-13 17:32:09.814 I/android_os_HwBinder( 4121): HwBinder: Starting thread pool for getting: vendor.nvidia.hardware.cpl.service_common@1.0::INvCplHalCommonService/default
02-13 17:32:09.837 I/GoogleInputMethodService(30858): GoogleInputMethodService.onFinishInput():2084 
02-13 17:32:09.837 I/Module  (30858): DeviceLockedStatusModuleProvider$Module.updateDeviceLockedStatus():101 repeatCheckTimes = 0, locked = false
02-13 17:32:09.837 I/GoogleInputMethodService(30858): GoogleInputMethodService.onStartInput():1345 onStartInput(EditorInfo{EditorInfo{packageName=com.android.tv.settings, inputType=0, inputTypeString=NULL, enableLearning=false, autoCorrection=false, autoComplete=false, imeOptions=0, privateImeOptions=null, actionName=UNSPECIFIED, actionLabel=null, initialSelStart=-1, initialSelEnd=-1, initialCapsMode=0, label=null, fieldId=-1, fieldName=null, extras=null, hintText=null, hintLocales=[]}}, false)
02-13 17:32:09.838 I/Module  (30858): DeviceLockedStatusModuleProvider$Module.updateDeviceLockedStatus():101 repeatCheckTimes = 1, locked = false
02-13 17:32:09.843 E/libc    ( 4121): Access denied finding property "ro.vendor.sys.NV_ASYNC"
02-13 17:32:09.843 E/libc    ( 4121): Access denied finding property "ro.vendor.sys.NV_LOGFPS"
02-13 17:32:09.843 E/libc    ( 4121): Access denied finding property "ro.vendor.sys.NV_PROCESS_NAME"
02-13 17:32:09.843 E/libc    ( 4121): Access denied finding property "ro.vendor.sys.NV_FPSDYNAMIC"
02-13 17:32:09.847 E/FrameEvents( 4121): updateAcquireFence: Did not find frame.
02-13 17:32:09.849 E/Surface ( 4121): freeAllBuffers: 1 buffers were freed while being dequeued!
02-13 17:32:09.854 E/libc    ( 4121): Access denied finding property "ro.vendor.sys.NV_ASYNC"
02-13 17:32:09.854 E/libc    ( 4121): Access denied finding property "ro.vendor.sys.NV_LOGFPS"
02-13 17:32:09.854 E/libc    ( 4121): Access denied finding property "ro.vendor.sys.NV_PROCESS_NAME"
02-13 17:32:09.854 E/libc    ( 4121): Access denied finding property "ro.vendor.sys.NV_FPSDYNAMIC"
02-13 17:32:09.856 E/FrameEvents( 4121): updateAcquireFence: Did not find frame.
02-13 17:32:09.861 E/Surface ( 4121): freeAllBuffers: 1 buffers were freed while being dequeued!
02-13 17:32:10.005 W/adbd    ( 3518): timed out while waiting for FUNCTIONFS_BIND, trying again
02-13 17:32:10.005 I/adbd    ( 3518): UsbFfs: connection terminated: monitor thread finished
02-13 17:32:10.005 I/adbd    ( 3518): UsbFfs: already offline
02-13 17:32:10.005 I/adbd    ( 3518): destroying transport UsbFfs
02-13 17:32:10.005 I/adbd    ( 3518): UsbFfsConnection being destroyed
02-13 17:32:10.039 I/adbd    ( 3518): opening control endpoint /dev/usb-ffs/adb/ep0
02-13 17:32:10.039 I/adbd    ( 3518): UsbFfsConnection constructed
02-13 17:32:10.040 I/adbd    ( 3518): UsbFfs-monitor thread spawned
02-13 17:32:10.192 I/FA      (30720): Application backgrounded at: timestamp_millis: 1771021928191
02-13 17:32:10.272 I/gle.android.gm(30530): Compiler allocated 5048KB to compile boolean bdnj.aF(java.lang.String, long)
02-13 17:32:10.304 D/WindowManager( 3714): handleComboKeys keyCode: 23, keyAction: 0
02-13 17:32:10.512 D/WindowManager( 3714): handleComboKeys keyCode: 23, keyAction: 1
02-13 17:32:10.304 I/chatty  ( 3714): uid=1000 system_server identical 4 lines
02-13 17:32:10.512 I/InputManager( 3714): Input event injection from pid 3714 uid 1000
02-13 17:32:10.520 I/ActivityManager( 3714): Force stopping com.risa.app appid=10271 user=0: from pid 4121
02-13 17:32:10.557 D/AppUtils( 4121): Have 0 number of activities in preferred list
02-13 17:32:10.563 W/ApplicationsState( 4121): Cannot find pkg: com.android.tv on user 0
02-13 17:32:10.577 E/libc    ( 4121): Access denied finding property "ro.vendor.sys.NV_ASYNC"
02-13 17:32:10.577 E/libc    ( 4121): Access denied finding property "ro.vendor.sys.NV_LOGFPS"
02-13 17:32:10.577 E/libc    ( 4121): Access denied finding property "ro.vendor.sys.NV_PROCESS_NAME"
02-13 17:32:10.577 E/libc    ( 4121): Access denied finding property "ro.vendor.sys.NV_FPSDYNAMIC"
02-13 17:32:10.581 E/FrameEvents( 4121): updateAcquireFence: Did not find frame.
02-13 17:32:10.583 E/Surface ( 4121): freeAllBuffers: 1 buffers were freed while being dequeued!
02-13 17:32:10.589 E/libc    ( 4121): Access denied finding property "ro.vendor.sys.NV_ASYNC"
02-13 17:32:10.589 E/libc    ( 4121): Access denied finding property "ro.vendor.sys.NV_LOGFPS"
02-13 17:32:10.589 E/libc    ( 4121): Access denied finding property "ro.vendor.sys.NV_PROCESS_NAME"
02-13 17:32:10.589 E/libc    ( 4121): Access denied finding property "ro.vendor.sys.NV_FPSDYNAMIC"
02-13 17:32:10.592 E/FrameEvents( 4121): updateAcquireFence: Did not find frame.
02-13 17:32:10.595 E/Surface ( 4121): freeAllBuffers: 1 buffers were freed while being dequeued!
02-13 17:32:10.599 D/cast_MediashellMediaRouteProviderService(31079): [MediashellMediaRouteProviderService.java:37] Returning null binder.
02-13 17:32:10.602 E/libc    ( 4121): Access denied finding property "ro.vendor.sys.NV_ASYNC"
02-13 17:32:10.602 E/libc    ( 4121): Access denied finding property "ro.vendor.sys.NV_LOGFPS"
02-13 17:32:10.602 E/libc    ( 4121): Access denied finding property "ro.vendor.sys.NV_PROCESS_NAME"
02-13 17:32:10.602 E/libc    ( 4121): Access denied finding property "ro.vendor.sys.NV_FPSDYNAMIC"
02-13 17:32:10.604 D/WindowManager( 3714): handleComboKeys keyCode: 20, keyAction: 0
02-13 17:32:10.604 I/InputManager( 3714): Input event injection from pid 3714 uid 1000
02-13 17:32:10.605 E/FrameEvents( 4121): updateAcquireFence: Did not find frame.
02-13 17:32:10.607 E/Surface ( 4121): freeAllBuffers: 1 buffers were freed while being dequeued!
02-13 17:32:10.612 W/ContextImpl( 4121): Calling a method in the system process without a qualified user: android.app.ContextImpl.sendOrderedBroadcast:1274 android.app.ContextImpl.sendOrderedBroadcast:1248 android.content.ContextWrapper.sendOrderedBroadcast:514 android.content.ContextWrapper.sendOrderedBroadcast:514 com.android.tv.settings.device.apps.ForceStopPreference.refresh:67 
02-13 17:32:10.620 D/AppUtils( 4121): Have 0 number of activities in preferred list
02-13 17:32:10.624 I/GoogleInputMethodService(30858): GoogleInputMethodService.onFinishInput():2084 
02-13 17:32:10.625 I/Module  (30858): DeviceLockedStatusModuleProvider$Module.updateDeviceLockedStatus():101 repeatCheckTimes = 0, locked = false
02-13 17:32:10.625 I/GoogleInputMethodService(30858): GoogleInputMethodService.onStartInput():1345 onStartInput(EditorInfo{EditorInfo{packageName=com.android.tv.settings, inputType=0, inputTypeString=NULL, enableLearning=false, autoCorrection=false, autoComplete=false, imeOptions=0, privateImeOptions=null, actionName=UNSPECIFIED, actionLabel=null, initialSelStart=-1, initialSelEnd=-1, initialCapsMode=0, label=null, fieldId=0, fieldName=null, extras=null, hintText=null, hintLocales=[]}}, false)
02-13 17:32:10.626 I/Module  (30858): DeviceLockedStatusModuleProvider$Module.updateDeviceLockedStatus():101 repeatCheckTimes = 1, locked = false
02-13 17:32:10.630 D/AppUtils( 4121): Have 0 number of activities in preferred list
02-13 17:32:10.685 I/GoogleInputMethodService(30858): GoogleInputMethodService.onFinishInput():2084 
02-13 17:32:10.686 I/Module  (30858): DeviceLockedStatusModuleProvider$Module.updateDeviceLockedStatus():101 repeatCheckTimes = 0, locked = false
02-13 17:32:10.686 I/GoogleInputMethodService(30858): GoogleInputMethodService.onStartInput():1345 onStartInput(EditorInfo{EditorInfo{packageName=com.android.tv.settings, inputType=0, inputTypeString=NULL, enableLearning=false, autoCorrection=false, autoComplete=false, imeOptions=0, privateImeOptions=null, actionName=UNSPECIFIED, actionLabel=null, initialSelStart=-1, initialSelEnd=-1, initialCapsMode=0, label=null, fieldId=0, fieldName=null, extras=null, hintText=null, hintLocales=[]}}, false)
02-13 17:32:10.686 I/Module  (30858): DeviceLockedStatusModuleProvider$Module.updateDeviceLockedStatus():101 repeatCheckTimes = 1, locked = false
02-13 17:32:11.021 D/WindowManager( 3714): handleComboKeys keyCode: 20, keyAction: 1
02-13 17:32:10.617 I/chatty  ( 4121): uid=1000(system) com.android.tv.settings identical 1 line
