02-13 17:31:38.697 I/flutter (32202): [Risa] LiveTV artwork NONE: channel="Nbc Sports Boston" (id=nbcsportsboston.us) reason=no_current_program_from_epg (hasProgramsForChannel=false, isLoading=true, isParsing=true, availableChannels=4342)
02-13 17:31:38.736 I/flutter (32202): [Risa] Prefetch index 0: true (no focus, window=5)
02-13 17:31:38.737 I/flutter (32202): [Risa] Prefetch index 1: true (no focus, window=5)
02-13 17:31:38.737 I/flutter (32202): [Risa] Prefetch index 2: true (no focus, window=5)
02-13 17:31:38.738 I/flutter (32202): [Risa] Prefetch index 0: true (no focus, window=2)
02-13 17:31:38.738 I/flutter (32202): [Risa] Prefetch index 1: true (no focus, window=2)
02-13 17:31:38.739 I/flutter (32202): [Risa] Prefetch index 2: false (no focus, window=2)
02-13 17:31:38.740 I/flutter (32202): [Risa] Prefetch index 0: true (no focus, window=2)
02-13 17:31:38.740 I/flutter (32202): [Risa] Prefetch index 1: true (no focus, window=2)
02-13 17:31:38.740 I/flutter (32202): [Risa] Prefetch index 0: true (no focus, window=2)
02-13 17:31:38.741 I/flutter (32202): [Risa] Prefetch index 1: true (no focus, window=2)
02-13 17:31:38.741 I/flutter (32202): [Risa] Prefetch index 0: true (no focus, window=2)
02-13 17:31:38.741 I/chatty  (32202): uid=10271(com.risa.app) identical 1 line
02-13 17:31:38.741 I/flutter (32202): [Risa] Prefetch index 0: true (no focus, window=2)
02-13 17:31:38.742 I/flutter (32202): [Risa] Prefetch index 1: true (no focus, window=2)
02-13 17:31:38.775 I/flutter (32202): [Risa] JANK: frame total=67ms build=53ms raster=14ms vsync=0ms
02-13 17:31:38.775 I/flutter (32202): [Risa] JANK: frame total=86ms build=72ms raster=14ms vsync=0ms
02-13 17:31:38.780 I/flutter (32202): [Risa] LiveTV artwork NONE: channel="Nbc Sports Boston" (id=nbcsportsboston.us) reason=no_current_program_from_epg (hasProgramsForChannel=false, isLoading=true, isParsing=true, availableChannels=4342)
02-13 17:31:38.824 I/flutter (32202): [Risa] Prefetch index 0: true (no focus, window=5)
02-13 17:31:38.824 I/flutter (32202): [Risa] Prefetch index 1: true (no focus, window=5)
02-13 17:31:38.824 I/flutter (32202): [Risa] Prefetch index 2: true (no focus, window=5)
02-13 17:31:38.826 I/flutter (32202): [Risa] Prefetch index 0: true (no focus, window=2)
02-13 17:31:38.826 I/flutter (32202): [Risa] Prefetch index 1: true (no focus, window=2)
02-13 17:31:38.826 V/hdcp up ( 3378): tsec_version: 1
02-13 17:31:38.826 I/flutter (32202): [Risa] Prefetch index 2: false (no focus, window=2)
02-13 17:31:38.828 D/NvOsDebugPrintf( 3378): NvRmStreamFree: WARN: pStream is NULL
02-13 17:31:38.828 I/flutter (32202): [Risa] Prefetch index 0: true (no focus, window=2)
02-13 17:31:38.828 I/flutter (32202): [Risa] Prefetch index 1: true (no focus, window=2)
02-13 17:31:38.828 I/flutter (32202): [Risa] Prefetch index 0: true (no focus, window=2)
02-13 17:31:38.829 I/flutter (32202): [Risa] Prefetch index 1: true (no focus, window=2)
02-13 17:31:38.829 I/flutter (32202): [Risa] Prefetch index 0: true (no focus, window=2)
02-13 17:31:38.829 I/chatty  (32202): uid=10271(com.risa.app) identical 1 line
02-13 17:31:38.829 I/flutter (32202): [Risa] Prefetch index 0: true (no focus, window=2)
02-13 17:31:38.830 I/flutter (32202): [Risa] Prefetch index 1: true (no focus, window=2)
02-13 17:31:38.847 I/flutter (32202): [Risa] LiveTV artwork NONE: channel="Nbc Sports Boston" (id=nbcsportsboston.us) reason=no_current_program_from_epg (hasProgramsForChannel=false, isLoading=true, isParsing=true, availableChannels=4342)
02-13 17:31:38.867 W/adbd    ( 3518): timed out while waiting for FUNCTIONFS_BIND, trying again
02-13 17:31:38.867 I/adbd    ( 3518): UsbFfs: connection terminated: monitor thread finished
02-13 17:31:38.867 I/adbd    ( 3518): UsbFfs: already offline
02-13 17:31:38.867 I/adbd    ( 3518): destroying transport UsbFfs
02-13 17:31:38.867 I/adbd    ( 3518): UsbFfsConnection being destroyed
02-13 17:31:38.903 I/adbd    ( 3518): opening control endpoint /dev/usb-ffs/adb/ep0
02-13 17:31:38.904 I/adbd    ( 3518): UsbFfsConnection constructed
02-13 17:31:38.904 I/adbd    ( 3518): UsbFfs-monitor thread spawned
02-13 17:31:38.914 I/flutter (32202): [Risa] Prefetch index 0: true (no focus, window=5)
02-13 17:31:38.914 I/flutter (32202): [Risa] Prefetch index 1: true (no focus, window=5)
02-13 17:31:38.914 I/flutter (32202): [Risa] Prefetch index 2: true (no focus, window=5)
02-13 17:31:38.916 I/flutter (32202): [Risa] Prefetch index 0: true (no focus, window=2)
02-13 17:31:38.916 I/flutter (32202): [Risa] Prefetch index 1: true (no focus, window=2)
02-13 17:31:38.916 I/flutter (32202): [Risa] Prefetch index 2: false (no focus, window=2)
02-13 17:31:38.917 I/flutter (32202): [Risa] Prefetch index 0: true (no focus, window=2)
02-13 17:31:38.918 I/flutter (32202): [Risa] Prefetch index 1: true (no focus, window=2)
02-13 17:31:38.918 I/flutter (32202): [Risa] Prefetch index 0: true (no focus, window=2)
02-13 17:31:38.918 I/flutter (32202): [Risa] Prefetch index 1: true (no focus, window=2)
02-13 17:31:38.918 I/flutter (32202): [Risa] Prefetch index 0: true (no focus, window=2)
02-13 17:31:38.919 I/chatty  (32202): uid=10271(com.risa.app) identical 1 line
02-13 17:31:38.919 I/flutter (32202): [Risa] Prefetch index 0: true (no focus, window=2)
02-13 17:31:38.919 I/flutter (32202): [Risa] Prefetch index 1: true (no focus, window=2)
02-13 17:31:38.927 I/flutter (32202): [Risa] JANK: frame total=92ms build=78ms raster=14ms vsync=0ms
02-13 17:31:38.927 I/flutter (32202): [Risa] JANK: frame total=70ms build=57ms raster=13ms vsync=0ms
02-13 17:31:38.948 I/flutter (32202): [Risa] LiveTV artwork NONE: channel="Nbc Sports Boston" (id=nbcsportsboston.us) reason=no_current_program_from_epg (hasProgramsForChannel=false, isLoading=true, isParsing=true, availableChannels=4342)
02-13 17:31:38.986 I/flutter (32202): [Risa] Prefetch index 0: true (no focus, window=5)
02-13 17:31:38.987 I/flutter (32202): [Risa] Prefetch index 1: true (no focus, window=5)
02-13 17:31:38.987 I/flutter (32202): [Risa] Prefetch index 2: true (no focus, window=5)
02-13 17:31:38.988 I/flutter (32202): [Risa] Prefetch index 0: true (no focus, window=2)
02-13 17:31:38.989 I/flutter (32202): [Risa] Prefetch index 1: true (no focus, window=2)
02-13 17:31:38.989 I/flutter (32202): [Risa] Prefetch index 2: false (no focus, window=2)
02-13 17:31:38.990 I/flutter (32202): [Risa] Prefetch index 0: true (no focus, window=2)
02-13 17:31:38.990 I/flutter (32202): [Risa] Prefetch index 1: true (no focus, window=2)
02-13 17:31:38.990 I/flutter (32202): [Risa] Prefetch index 0: true (no focus, window=2)
02-13 17:31:38.991 I/flutter (32202): [Risa] Prefetch index 1: true (no focus, window=2)
02-13 17:31:38.991 I/flutter (32202): [Risa] Prefetch index 0: true (no focus, window=2)
02-13 17:31:38.991 I/chatty  (32202): uid=10271(com.risa.app) identical 1 line
02-13 17:31:38.992 I/flutter (32202): [Risa] Prefetch index 0: true (no focus, window=2)
02-13 17:31:38.992 I/flutter (32202): [Risa] Prefetch index 1: true (no focus, window=2)
02-13 17:31:39.031 I/flutter (32202): [Risa] LiveTV artwork NONE: channel="Nbc Sports Boston" (id=nbcsportsboston.us) reason=no_current_program_from_epg (hasProgramsForChannel=false, isLoading=true, isParsing=true, availableChannels=4342)
02-13 17:31:39.075 I/flutter (32202): [Risa] Prefetch index 0: true (no focus, window=5)
02-13 17:31:39.075 I/flutter (32202): [Risa] Prefetch index 1: true (no focus, window=5)
02-13 17:31:39.075 I/flutter (32202): [Risa] Prefetch index 2: true (no focus, window=5)
02-13 17:31:39.076 I/flutter (32202): [Risa] Prefetch index 0: true (no focus, window=2)
02-13 17:31:39.077 I/flutter (32202): [Risa] Prefetch index 1: true (no focus, window=2)
02-13 17:31:39.077 I/flutter (32202): [Risa] Prefetch index 2: false (no focus, window=2)
02-13 17:31:39.078 I/flutter (32202): [Risa] Prefetch index 0: true (no focus, window=2)
02-13 17:31:39.078 I/flutter (32202): [Risa] Prefetch index 1: true (no focus, window=2)
02-13 17:31:39.079 I/flutter (32202): [Risa] Prefetch index 0: true (no focus, window=2)
02-13 17:31:39.079 I/flutter (32202): [Risa] Prefetch index 1: true (no focus, window=2)
02-13 17:31:39.079 I/flutter (32202): [Risa] Prefetch index 0: true (no focus, window=2)
02-13 17:31:39.079 I/chatty  (32202): uid=10271(com.risa.app) identical 1 line
02-13 17:31:39.080 I/flutter (32202): [Risa] Prefetch index 0: true (no focus, window=2)
02-13 17:31:39.080 I/flutter (32202): [Risa] Prefetch index 1: true (no focus, window=2)
02-13 17:31:39.087 I/flutter (32202): [Risa] JANK: frame total=94ms build=80ms raster=14ms vsync=0ms
02-13 17:31:39.087 I/flutter (32202): [Risa] JANK: frame total=89ms build=75ms raster=14ms vsync=0ms
02-13 17:31:39.097 I/flutter (32202): [Risa] LiveTV artwork NONE: channel="Nbc Sports Boston" (id=nbcsportsboston.us) reason=no_current_program_from_epg (hasProgramsForChannel=false, isLoading=true, isParsing=true, availableChannels=4342)
02-13 17:31:39.158 I/flutter (32202): [Risa] Prefetch index 0: true (no focus, window=5)
02-13 17:31:39.158 I/flutter (32202): [Risa] Prefetch index 1: true (no focus, window=5)
02-13 17:31:39.159 I/flutter (32202): [Risa] Prefetch index 2: true (no focus, window=5)
02-13 17:31:39.160 I/flutter (32202): [Risa] Prefetch index 0: true (no focus, window=2)
02-13 17:31:39.160 I/flutter (32202): [Risa] Prefetch index 1: true (no focus, window=2)
02-13 17:31:39.161 I/flutter (32202): [Risa] Prefetch index 2: false (no focus, window=2)
02-13 17:31:39.162 I/flutter (32202): [Risa] Prefetch index 0: true (no focus, window=2)
02-13 17:31:39.162 I/flutter (32202): [Risa] Prefetch index 1: true (no focus, window=2)
02-13 17:31:39.162 I/flutter (32202): [Risa] Prefetch index 0: true (no focus, window=2)
02-13 17:31:39.163 I/flutter (32202): [Risa] Prefetch index 1: true (no focus, window=2)
02-13 17:31:39.163 I/flutter (32202): [Risa] Prefetch index 0: true (no focus, window=2)
02-13 17:31:39.163 I/chatty  (32202): uid=10271(com.risa.app) identical 1 line
02-13 17:31:39.164 I/flutter (32202): [Risa] Prefetch index 0: true (no focus, window=2)
02-13 17:31:39.164 I/flutter (32202): [Risa] Prefetch index 1: true (no focus, window=2)
02-13 17:31:39.181 I/flutter (32202): [Risa] LiveTV artwork NONE: channel="Nbc Sports Boston" (id=nbcsportsboston.us) reason=no_current_program_from_epg (hasProgramsForChannel=false, isLoading=true, isParsing=true, availableChannels=4342)
02-13 17:31:39.221 I/flutter (32202): [Risa] Prefetch index 0: true (no focus, window=5)
02-13 17:31:39.222 I/flutter (32202): [Risa] Prefetch index 1: true (no focus, window=5)
02-13 17:31:39.222 I/flutter (32202): [Risa] Prefetch index 2: true (no focus, window=5)
02-13 17:31:39.223 I/flutter (32202): [Risa] Prefetch index 0: true (no focus, window=2)
02-13 17:31:39.224 I/flutter (32202): [Risa] Prefetch index 1: true (no focus, window=2)
02-13 17:31:39.224 I/flutter (32202): [Risa] Prefetch index 2: false (no focus, window=2)
02-13 17:31:39.225 I/flutter (32202): [Risa] Prefetch index 0: true (no focus, window=2)
02-13 17:31:39.225 I/flutter (32202): [Risa] Prefetch index 1: true (no focus, window=2)
02-13 17:31:39.225 I/flutter (32202): [Risa] Prefetch index 0: true (no focus, window=2)
02-13 17:31:39.226 I/flutter (32202): [Risa] Prefetch index 1: true (no focus, window=2)
02-13 17:31:39.226 I/flutter (32202): [Risa] Prefetch index 0: true (no focus, window=2)
02-13 17:31:39.226 I/chatty  (32202): uid=10271(com.risa.app) identical 1 line
02-13 17:31:39.227 I/flutter (32202): [Risa] Prefetch index 0: true (no focus, window=2)
02-13 17:31:39.227 I/flutter (32202): [Risa] Prefetch index 1: true (no focus, window=2)
02-13 17:31:39.235 I/flutter (32202): [Risa] JANK: frame total=69ms build=56ms raster=13ms vsync=1ms
02-13 17:31:39.235 I/flutter (32202): [Risa] JANK: frame total=86ms build=73ms raster=13ms vsync=0ms
02-13 17:31:39.247 I/flutter (32202): [Risa] LiveTV artwork NONE: channel="Nbc Sports Boston" (id=nbcsportsboston.us) reason=no_current_program_from_epg (hasProgramsForChannel=false, isLoading=true, isParsing=true, availableChannels=4342)
02-13 17:31:39.314 I/flutter (32202): [Risa] Prefetch index 0: true (no focus, window=5)
02-13 17:31:39.314 I/flutter (32202): [Risa] Prefetch index 1: true (no focus, window=5)
02-13 17:31:39.314 I/flutter (32202): [Risa] Prefetch index 2: true (no focus, window=5)
02-13 17:31:39.316 I/flutter (32202): [Risa] Prefetch index 0: true (no focus, window=2)
02-13 17:31:39.316 I/flutter (32202): [Risa] Prefetch index 1: true (no focus, window=2)
02-13 17:31:39.316 I/flutter (32202): [Risa] Prefetch index 2: false (no focus, window=2)
02-13 17:31:39.317 I/flutter (32202): [Risa] Prefetch index 0: true (no focus, window=2)
02-13 17:31:39.317 I/flutter (32202): [Risa] Prefetch index 1: true (no focus, window=2)
02-13 17:31:39.318 I/flutter (32202): [Risa] Prefetch index 0: true (no focus, window=2)
02-13 17:31:39.318 I/flutter (32202): [Risa] Prefetch index 1: true (no focus, window=2)
02-13 17:31:39.318 I/flutter (32202): [Risa] Prefetch index 0: true (no focus, window=2)
02-13 17:31:39.318 I/chatty  (32202): uid=10271(com.risa.app) identical 1 line
02-13 17:31:39.319 I/flutter (32202): [Risa] Prefetch index 0: true (no focus, window=2)
02-13 17:31:39.319 I/flutter (32202): [Risa] Prefetch index 1: true (no focus, window=2)
02-13 17:31:39.331 I/flutter (32202): [Risa] LiveTV artwork NONE: channel="Nbc Sports Boston" (id=nbcsportsboston.us) reason=no_current_program_from_epg (hasProgramsForChannel=false, isLoading=true, isParsing=true, availableChannels=4342)
02-13 17:31:39.371 I/flutter (32202): [Risa] Prefetch index 0: true (no focus, window=5)
02-13 17:31:39.371 I/flutter (32202): [Risa] Prefetch index 1: true (no focus, window=5)
02-13 17:31:39.372 I/flutter (32202): [Risa] Prefetch index 2: true (no focus, window=5)
02-13 17:31:39.373 I/flutter (32202): [Risa] Prefetch index 0: true (no focus, window=2)
02-13 17:31:39.373 I/flutter (32202): [Risa] Prefetch index 1: true (no focus, window=2)
02-13 17:31:39.373 I/flutter (32202): [Risa] Prefetch index 2: false (no focus, window=2)
02-13 17:31:39.374 I/flutter (32202): [Risa] Prefetch index 0: true (no focus, window=2)
02-13 17:31:39.375 I/flutter (32202): [Risa] Prefetch index 1: true (no focus, window=2)
02-13 17:31:39.375 I/flutter (32202): [Risa] Prefetch index 0: true (no focus, window=2)
02-13 17:31:39.375 I/flutter (32202): [Risa] Prefetch index 1: true (no focus, window=2)
02-13 17:31:39.376 I/flutter (32202): [Risa] Prefetch index 0: true (no focus, window=2)
02-13 17:31:39.376 I/chatty  (32202): uid=10271(com.risa.app) identical 1 line
02-13 17:31:39.376 I/flutter (32202): [Risa] Prefetch index 0: true (no focus, window=2)
02-13 17:31:39.376 I/flutter (32202): [Risa] Prefetch index 1: true (no focus, window=2)
02-13 17:31:39.384 I/flutter (32202): [Risa] JANK: frame total=68ms build=53ms raster=15ms vsync=0ms
02-13 17:31:39.384 I/flutter (32202): [Risa] JANK: frame total=92ms build=79ms raster=13ms vsync=0ms
02-13 17:31:39.418 I/flutter (32202): [Risa] LiveTV artwork NONE: channel="Nbc Sports Boston" (id=nbcsportsboston.us) reason=no_current_program_from_epg (hasProgramsForChannel=false, isLoading=true, isParsing=true, availableChannels=4342)
02-13 17:31:39.463 I/flutter (32202): [Risa] Prefetch index 0: true (no focus, window=5)
02-13 17:31:39.463 I/flutter (32202): [Risa] Prefetch index 1: true (no focus, window=5)
02-13 17:31:39.463 I/flutter (32202): [Risa] Prefetch index 2: true (no focus, window=5)
02-13 17:31:39.465 I/flutter (32202): [Risa] Prefetch index 0: true (no focus, window=2)
02-13 17:31:39.465 I/flutter (32202): [Risa] Prefetch index 1: true (no focus, window=2)
02-13 17:31:39.465 I/flutter (32202): [Risa] Prefetch index 2: false (no focus, window=2)
02-13 17:31:39.466 I/flutter (32202): [Risa] Prefetch index 0: true (no focus, window=2)
02-13 17:31:39.466 I/flutter (32202): [Risa] Prefetch index 1: true (no focus, window=2)
02-13 17:31:39.467 I/flutter (32202): [Risa] Prefetch index 0: true (no focus, window=2)
02-13 17:31:39.467 I/flutter (32202): [Risa] Prefetch index 1: true (no focus, window=2)
02-13 17:31:39.467 I/flutter (32202): [Risa] Prefetch index 0: true (no focus, window=2)
02-13 17:31:39.468 I/chatty  (32202): uid=10271(com.risa.app) identical 1 line
02-13 17:31:39.468 I/flutter (32202): [Risa] Prefetch index 0: true (no focus, window=2)
02-13 17:31:39.468 I/flutter (32202): [Risa] Prefetch index 1: true (no focus, window=2)
02-13 17:31:39.481 I/flutter (32202): [Risa] LiveTV artwork NONE: channel="Nbc Sports Boston" (id=nbcsportsboston.us) reason=no_current_program_from_epg (hasProgramsForChannel=false, isLoading=true, isParsing=true, availableChannels=4342)
02-13 17:31:39.551 I/flutter (32202): [Risa] Prefetch index 0: true (no focus, window=5)
02-13 17:31:39.551 I/flutter (32202): [Risa] Prefetch index 1: true (no focus, window=5)
02-13 17:31:39.551 I/flutter (32202): [Risa] Prefetch index 2: true (no focus, window=5)
02-13 17:31:39.553 I/flutter (32202): [Risa] Prefetch index 0: true (no focus, window=2)
02-13 17:31:39.553 I/flutter (32202): [Risa] Prefetch index 1: true (no focus, window=2)
02-13 17:31:39.553 I/flutter (32202): [Risa] Prefetch index 2: false (no focus, window=2)
02-13 17:31:39.554 I/flutter (32202): [Risa] Prefetch index 0: true (no focus, window=2)
02-13 17:31:39.555 I/flutter (32202): [Risa] Prefetch index 1: true (no focus, window=2)
02-13 17:31:39.555 I/flutter (32202): [Risa] Prefetch index 0: true (no focus, window=2)
02-13 17:31:39.555 I/flutter (32202): [Risa] Prefetch index 1: true (no focus, window=2)
02-13 17:31:39.555 I/flutter (32202): [Risa] Prefetch index 0: true (no focus, window=2)
02-13 17:31:39.556 I/chatty  (32202): uid=10271(com.risa.app) identical 1 line
02-13 17:31:39.556 I/flutter (32202): [Risa] Prefetch index 0: true (no focus, window=2)
02-13 17:31:39.556 I/flutter (32202): [Risa] Prefetch index 1: true (no focus, window=2)
02-13 17:31:39.563 I/flutter (32202): [Risa] JANK: frame total=67ms build=53ms raster=14ms vsync=0ms
02-13 17:31:39.563 I/flutter (32202): [Risa] JANK: frame total=71ms build=57ms raster=14ms vsync=21ms
02-13 17:31:39.582 I/flutter (32202): [Risa] LiveTV artwork NONE: channel="Nbc Sports Boston" (id=nbcsportsboston.us) reason=no_current_program_from_epg (hasProgramsForChannel=false, isLoading=true, isParsing=true, availableChannels=4342)
02-13 17:31:39.621 I/flutter (32202): [Risa] Prefetch index 0: true (no focus, window=5)
02-13 17:31:39.622 I/flutter (32202): [Risa] Prefetch index 1: true (no focus, window=5)
02-13 17:31:39.622 I/flutter (32202): [Risa] Prefetch index 2: true (no focus, window=5)
02-13 17:31:39.623 I/flutter (32202): [Risa] Prefetch index 0: true (no focus, window=2)
02-13 17:31:39.624 I/flutter (32202): [Risa] Prefetch index 1: true (no focus, window=2)
02-13 17:31:39.624 I/flutter (32202): [Risa] Prefetch index 2: false (no focus, window=2)
02-13 17:31:39.625 I/flutter (32202): [Risa] Prefetch index 0: true (no focus, window=2)
02-13 17:31:39.625 I/flutter (32202): [Risa] Prefetch index 1: true (no focus, window=2)
02-13 17:31:39.626 I/flutter (32202): [Risa] Prefetch index 0: true (no focus, window=2)
02-13 17:31:39.626 I/flutter (32202): [Risa] Prefetch index 1: true (no focus, window=2)
02-13 17:31:39.626 I/flutter (32202): [Risa] Prefetch index 0: true (no focus, window=2)
02-13 17:31:39.626 I/chatty  (32202): uid=10271(com.risa.app) identical 1 line
02-13 17:31:39.627 I/flutter (32202): [Risa] Prefetch index 0: true (no focus, window=2)
02-13 17:31:39.627 I/flutter (32202): [Risa] Prefetch index 1: true (no focus, window=2)
02-13 17:31:39.656 I/flutter (32202): [Risa] LiveTV artwork NONE: channel="Nbc Sports Boston" (id=nbcsportsboston.us) reason=no_current_program_from_epg (hasProgramsForChannel=false, isLoading=true, isParsing=true, availableChannels=4342)
02-13 17:31:39.700 I/flutter (32202): [Risa] Prefetch index 0: true (no focus, window=5)
02-13 17:31:39.700 I/flutter (32202): [Risa] Prefetch index 1: true (no focus, window=5)
02-13 17:31:39.700 I/flutter (32202): [Risa] Prefetch index 2: true (no focus, window=5)
02-13 17:31:39.702 I/flutter (32202): [Risa] Prefetch index 0: true (no focus, window=2)
02-13 17:31:39.702 I/flutter (32202): [Risa] Prefetch index 1: true (no focus, window=2)
02-13 17:31:39.702 I/flutter (32202): [Risa] Prefetch index 2: false (no focus, window=2)
02-13 17:31:39.703 I/flutter (32202): [Risa] Prefetch index 0: true (no focus, window=2)
02-13 17:31:39.703 I/flutter (32202): [Risa] Prefetch index 1: true (no focus, window=2)
02-13 17:31:39.704 I/flutter (32202): [Risa] Prefetch index 0: true (no focus, window=2)
02-13 17:31:39.704 I/flutter (32202): [Risa] Prefetch index 1: true (no focus, window=2)
02-13 17:31:39.704 I/flutter (32202): [Risa] Prefetch index 0: true (no focus, window=2)
02-13 17:31:39.705 I/chatty  (32202): uid=10271(com.risa.app) identical 1 line
02-13 17:31:39.705 I/flutter (32202): [Risa] Prefetch index 0: true (no focus, window=2)
02-13 17:31:39.705 I/flutter (32202): [Risa] Prefetch index 1: true (no focus, window=2)
02-13 17:31:39.712 I/flutter (32202): [Risa] JANK: frame total=96ms build=82ms raster=14ms vsync=0ms
02-13 17:31:39.712 I/flutter (32202): [Risa] JANK: frame total=66ms build=53ms raster=13ms vsync=0ms
02-13 17:31:39.714 I/flutter (32202): [Risa] LiveTV artwork NONE: channel="Nbc Sports Boston" (id=nbcsportsboston.us) reason=no_current_program_from_epg (hasProgramsForChannel=false, isLoading=true, isParsing=true, availableChannels=4342)
02-13 17:31:39.782 I/flutter (32202): [Risa] Prefetch index 0: true (no focus, window=5)
02-13 17:31:39.782 I/flutter (32202): [Risa] Prefetch index 1: true (no focus, window=5)
02-13 17:31:39.782 I/flutter (32202): [Risa] Prefetch index 2: true (no focus, window=5)
02-13 17:31:39.784 I/flutter (32202): [Risa] Prefetch index 0: true (no focus, window=2)
02-13 17:31:39.784 I/flutter (32202): [Risa] Prefetch index 1: true (no focus, window=2)
02-13 17:31:39.784 I/flutter (32202): [Risa] Prefetch index 2: false (no focus, window=2)
02-13 17:31:39.785 I/flutter (32202): [Risa] Prefetch index 0: true (no focus, window=2)
02-13 17:31:39.785 I/flutter (32202): [Risa] Prefetch index 1: true (no focus, window=2)
02-13 17:31:39.786 I/flutter (32202): [Risa] Prefetch index 0: true (no focus, window=2)
02-13 17:31:39.786 I/flutter (32202): [Risa] Prefetch index 1: true (no focus, window=2)
02-13 17:31:39.786 I/flutter (32202): [Risa] Prefetch index 0: true (no focus, window=2)
02-13 17:31:39.787 I/chatty  (32202): uid=10271(com.risa.app) identical 1 line
02-13 17:31:39.787 I/flutter (32202): [Risa] Prefetch index 0: true (no focus, window=2)
02-13 17:31:39.787 I/flutter (32202): [Risa] Prefetch index 1: true (no focus, window=2)
02-13 17:31:39.798 I/flutter (32202): [Risa] LiveTV artwork NONE: channel="Nbc Sports Boston" (id=nbcsportsboston.us) reason=no_current_program_from_epg (hasProgramsForChannel=false, isLoading=true, isParsing=true, availableChannels=4342)
02-13 17:31:39.839 I/flutter (32202): [Risa] Prefetch index 0: true (no focus, window=5)
02-13 17:31:39.839 I/flutter (32202): [Risa] Prefetch index 1: true (no focus, window=5)
02-13 17:31:39.839 I/flutter (32202): [Risa] Prefetch index 2: true (no focus, window=5)
02-13 17:31:39.841 I/flutter (32202): [Risa] Prefetch index 0: true (no focus, window=2)
02-13 17:31:39.841 I/flutter (32202): [Risa] Prefetch index 1: true (no focus, window=2)
02-13 17:31:39.841 I/flutter (32202): [Risa] Prefetch index 2: false (no focus, window=2)
02-13 17:31:39.842 I/flutter (32202): [Risa] Prefetch index 0: true (no focus, window=2)
02-13 17:31:39.842 I/flutter (32202): [Risa] Prefetch index 1: true (no focus, window=2)
02-13 17:31:39.843 I/flutter (32202): [Risa] Prefetch index 0: true (no focus, window=2)
02-13 17:31:39.843 I/flutter (32202): [Risa] Prefetch index 1: true (no focus, window=2)
02-13 17:31:39.843 I/flutter (32202): [Risa] Prefetch index 0: true (no focus, window=2)
02-13 17:31:39.844 I/chatty  (32202): uid=10271(com.risa.app) identical 1 line
02-13 17:31:39.844 I/flutter (32202): [Risa] Prefetch index 0: true (no focus, window=2)
02-13 17:31:39.844 I/flutter (32202): [Risa] Prefetch index 1: true (no focus, window=2)
02-13 17:31:39.851 I/flutter (32202): [Risa] JANK: frame total=69ms build=56ms raster=13ms vsync=9ms
02-13 17:31:39.851 I/flutter (32202): [Risa] JANK: frame total=93ms build=79ms raster=14ms vsync=0ms
02-13 17:31:39.865 I/flutter (32202): [Risa] LiveTV artwork NONE: channel="Nbc Sports Boston" (id=nbcsportsboston.us) reason=no_current_program_from_epg (hasProgramsForChannel=false, isLoading=true, isParsing=true, availableChannels=4342)
02-13 17:31:39.905 W/adbd    ( 3518): timed out while waiting for FUNCTIONFS_BIND, trying again
02-13 17:31:39.905 I/adbd    ( 3518): UsbFfs: connection terminated: monitor thread finished
02-13 17:31:39.905 I/adbd    ( 3518): UsbFfs: already offline
02-13 17:31:39.905 I/adbd    ( 3518): destroying transport UsbFfs
02-13 17:31:39.905 I/adbd    ( 3518): UsbFfsConnection being destroyed
02-13 17:31:39.932 I/flutter (32202): [Risa] Prefetch index 0: true (no focus, window=5)
02-13 17:31:39.933 I/flutter (32202): [Risa] Prefetch index 1: true (no focus, window=5)
02-13 17:31:39.933 I/flutter (32202): [Risa] Prefetch index 2: true (no focus, window=5)
02-13 17:31:39.934 I/flutter (32202): [Risa] Prefetch index 0: true (no focus, window=2)
02-13 17:31:39.934 I/flutter (32202): [Risa] Prefetch index 1: true (no focus, window=2)
02-13 17:31:39.935 I/flutter (32202): [Risa] Prefetch index 2: false (no focus, window=2)
02-13 17:31:39.935 I/adbd    ( 3518): opening control endpoint /dev/usb-ffs/adb/ep0
02-13 17:31:39.936 I/adbd    ( 3518): UsbFfsConnection constructed
02-13 17:31:39.936 I/flutter (32202): [Risa] Prefetch index 0: true (no focus, window=2)
02-13 17:31:39.936 I/flutter (32202): [Risa] Prefetch index 1: true (no focus, window=2)
02-13 17:31:39.937 I/flutter (32202): [Risa] Prefetch index 0: true (no focus, window=2)
02-13 17:31:39.937 I/flutter (32202): [Risa] Prefetch index 1: true (no focus, window=2)
02-13 17:31:39.937 I/flutter (32202): [Risa] Prefetch index 0: true (no focus, window=2)
02-13 17:31:39.937 I/chatty  (32202): uid=10271(com.risa.app) identical 1 line
02-13 17:31:39.938 I/flutter (32202): [Risa] Prefetch index 0: true (no focus, window=2)
02-13 17:31:39.938 I/adbd    ( 3518): UsbFfs-monitor thread spawned
02-13 17:31:39.938 I/flutter (32202): [Risa] Prefetch index 1: true (no focus, window=2)
02-13 17:31:39.948 I/flutter (32202): [Risa] LiveTV artwork NONE: channel="Nbc Sports Boston" (id=nbcsportsboston.us) reason=no_current_program_from_epg (hasProgramsForChannel=false, isLoading=true, isParsing=true, availableChannels=4342)
02-13 17:31:39.987 I/flutter (32202): [Risa] Prefetch index 0: true (no focus, window=5)
02-13 17:31:39.987 I/flutter (32202): [Risa] Prefetch index 1: true (no focus, window=5)
02-13 17:31:39.987 I/flutter (32202): [Risa] Prefetch index 2: true (no focus, window=5)
02-13 17:31:39.989 I/flutter (32202): [Risa] Prefetch index 0: true (no focus, window=2)
02-13 17:31:39.989 I/flutter (32202): [Risa] Prefetch index 1: true (no focus, window=2)
02-13 17:31:39.989 I/flutter (32202): [Risa] Prefetch index 2: false (no focus, window=2)
02-13 17:31:39.990 I/flutter (32202): [Risa] Prefetch index 0: true (no focus, window=2)
02-13 17:31:39.990 I/flutter (32202): [Risa] Prefetch index 1: true (no focus, window=2)
02-13 17:31:39.991 I/flutter (32202): [Risa] Prefetch index 0: true (no focus, window=2)
02-13 17:31:39.991 I/flutter (32202): [Risa] Prefetch index 1: true (no focus, window=2)
02-13 17:31:39.991 I/flutter (32202): [Risa] Prefetch index 0: true (no focus, window=2)
02-13 17:31:39.992 I/chatty  (32202): uid=10271(com.risa.app) identical 1 line
02-13 17:31:39.992 I/flutter (32202): [Risa] Prefetch index 0: true (no focus, window=2)
02-13 17:31:39.992 I/flutter (32202): [Risa] Prefetch index 1: true (no focus, window=2)
02-13 17:31:39.999 I/flutter (32202): [Risa] JANK: frame total=67ms build=53ms raster=14ms vsync=0ms
02-13 17:31:39.999 I/flutter (32202): [Risa] JANK: frame total=94ms build=81ms raster=13ms vsync=0ms
02-13 17:31:40.016 I/flutter (32202): [Risa] LiveTV artwork NONE: channel="Nbc Sports Boston" (id=nbcsportsboston.us) reason=no_current_program_from_epg (hasProgramsForChannel=false, isLoading=true, isParsing=true, availableChannels=4342)
02-13 17:31:40.082 I/flutter (32202): [Risa] Prefetch index 0: true (no focus, window=5)
02-13 17:31:40.083 I/flutter (32202): [Risa] Prefetch index 1: true (no focus, window=5)
02-13 17:31:40.083 I/flutter (32202): [Risa] Prefetch index 2: true (no focus, window=5)
02-13 17:31:40.084 I/flutter (32202): [Risa] Prefetch index 0: true (no focus, window=2)
02-13 17:31:40.084 I/flutter (32202): [Risa] Prefetch index 1: true (no focus, window=2)
02-13 17:31:40.085 I/flutter (32202): [Risa] Prefetch index 2: false (no focus, window=2)
02-13 17:31:40.086 I/flutter (32202): [Risa] Prefetch index 0: true (no focus, window=2)
02-13 17:31:40.086 I/flutter (32202): [Risa] Prefetch index 1: true (no focus, window=2)
02-13 17:31:40.086 I/flutter (32202): [Risa] Prefetch index 0: true (no focus, window=2)
02-13 17:31:40.086 I/flutter (32202): [Risa] Prefetch index 1: true (no focus, window=2)
02-13 17:31:40.087 I/flutter (32202): [Risa] Prefetch index 0: true (no focus, window=2)
02-13 17:31:40.087 I/chatty  (32202): uid=10271(com.risa.app) identical 1 line
02-13 17:31:40.087 I/flutter (32202): [Risa] Prefetch index 0: true (no focus, window=2)
02-13 17:31:40.088 I/flutter (32202): [Risa] Prefetch index 1: true (no focus, window=2)
02-13 17:31:40.099 I/flutter (32202): [Risa] LiveTV artwork NONE: channel="Nbc Sports Boston" (id=nbcsportsboston.us) reason=no_current_program_from_epg (hasProgramsForChannel=false, isLoading=true, isParsing=true, availableChannels=4342)
02-13 17:31:40.138 I/flutter (32202): [Risa] Prefetch index 0: true (no focus, window=5)
02-13 17:31:40.138 I/flutter (32202): [Risa] Prefetch index 1: true (no focus, window=5)
02-13 17:31:40.139 I/flutter (32202): [Risa] Prefetch index 2: true (no focus, window=5)
02-13 17:31:40.140 I/flutter (32202): [Risa] Prefetch index 0: true (no focus, window=2)
02-13 17:31:40.140 I/flutter (32202): [Risa] Prefetch index 1: true (no focus, window=2)
02-13 17:31:40.141 I/flutter (32202): [Risa] Prefetch index 2: false (no focus, window=2)
02-13 17:31:40.142 I/flutter (32202): [Risa] Prefetch index 0: true (no focus, window=2)
02-13 17:31:40.142 I/flutter (32202): [Risa] Prefetch index 1: true (no focus, window=2)
02-13 17:31:40.142 I/flutter (32202): [Risa] Prefetch index 0: true (no focus, window=2)
02-13 17:31:40.142 I/flutter (32202): [Risa] Prefetch index 1: true (no focus, window=2)
02-13 17:31:40.143 I/flutter (32202): [Risa] Prefetch index 0: true (no focus, window=2)
02-13 17:31:40.143 I/chatty  (32202): uid=10271(com.risa.app) identical 1 line
02-13 17:31:40.144 I/flutter (32202): [Risa] Prefetch index 0: true (no focus, window=2)
02-13 17:31:40.144 I/flutter (32202): [Risa] Prefetch index 1: true (no focus, window=2)
02-13 17:31:40.151 I/flutter (32202): [Risa] JANK: frame total=65ms build=51ms raster=14ms vsync=0ms
02-13 17:31:40.151 I/flutter (32202): [Risa] JANK: frame total=93ms build=79ms raster=14ms vsync=0ms
02-13 17:31:40.180 I/flutter (32202): [Risa] LiveTV artwork NONE: channel="Nbc Sports Boston" (id=nbcsportsboston.us) reason=no_current_program_from_epg (hasProgramsForChannel=false, isLoading=true, isParsing=true, availableChannels=4342)
02-13 17:31:40.221 I/flutter (32202): [Risa] Prefetch index 0: true (no focus, window=5)
02-13 17:31:40.222 I/flutter (32202): [Risa] Prefetch index 1: true (no focus, window=5)
02-13 17:31:40.222 I/flutter (32202): [Risa] Prefetch index 2: true (no focus, window=5)
02-13 17:31:40.223 I/flutter (32202): [Risa] Prefetch index 0: true (no focus, window=2)
02-13 17:31:40.223 I/flutter (32202): [Risa] Prefetch index 1: true (no focus, window=2)
02-13 17:31:40.224 I/flutter (32202): [Risa] Prefetch index 2: false (no focus, window=2)
02-13 17:31:40.225 I/flutter (32202): [Risa] Prefetch index 0: true (no focus, window=2)
02-13 17:31:40.225 I/flutter (32202): [Risa] Prefetch index 1: true (no focus, window=2)
02-13 17:31:40.225 I/flutter (32202): [Risa] Prefetch index 0: true (no focus, window=2)
02-13 17:31:40.226 I/flutter (32202): [Risa] Prefetch index 1: true (no focus, window=2)
02-13 17:31:40.226 I/flutter (32202): [Risa] Prefetch index 0: true (no focus, window=2)
02-13 17:31:40.226 I/chatty  (32202): uid=10271(com.risa.app) identical 1 line
02-13 17:31:40.227 I/flutter (32202): [Risa] Prefetch index 0: true (no focus, window=2)
02-13 17:31:40.227 I/flutter (32202): [Risa] Prefetch index 1: true (no focus, window=2)
02-13 17:31:40.248 I/flutter (32202): [Risa] LiveTV artwork NONE: channel="Nbc Sports Boston" (id=nbcsportsboston.us) reason=no_current_program_from_epg (hasProgramsForChannel=false, isLoading=true, isParsing=true, availableChannels=4342)
02-13 17:31:40.317 I/flutter (32202): [Risa] Prefetch index 0: true (no focus, window=5)
02-13 17:31:40.318 I/flutter (32202): [Risa] Prefetch index 1: true (no focus, window=5)
02-13 17:31:40.318 I/flutter (32202): [Risa] Prefetch index 2: true (no focus, window=5)
02-13 17:31:40.319 I/flutter (32202): [Risa] Prefetch index 0: true (no focus, window=2)
02-13 17:31:40.320 I/flutter (32202): [Risa] Prefetch index 1: true (no focus, window=2)
02-13 17:31:40.320 I/flutter (32202): [Risa] Prefetch index 2: false (no focus, window=2)
02-13 17:31:40.321 I/flutter (32202): [Risa] Prefetch index 0: true (no focus, window=2)
02-13 17:31:40.321 I/flutter (32202): [Risa] Prefetch index 1: true (no focus, window=2)
02-13 17:31:40.321 I/flutter (32202): [Risa] Prefetch index 0: true (no focus, window=2)
02-13 17:31:40.322 I/flutter (32202): [Risa] Prefetch index 1: true (no focus, window=2)
02-13 17:31:40.322 I/flutter (32202): [Risa] Prefetch index 0: true (no focus, window=2)
02-13 17:31:40.322 I/chatty  (32202): uid=10271(com.risa.app) identical 1 line
02-13 17:31:40.323 I/flutter (32202): [Risa] Prefetch index 0: true (no focus, window=2)
02-13 17:31:40.323 I/flutter (32202): [Risa] Prefetch index 1: true (no focus, window=2)
02-13 17:31:40.330 I/flutter (32202): [Risa] JANK: frame total=65ms build=52ms raster=13ms vsync=0ms
02-13 17:31:40.330 I/flutter (32202): [Risa] JANK: frame total=68ms build=54ms raster=14ms vsync=14ms
02-13 17:31:40.332 I/flutter (32202): [Risa] LiveTV artwork NONE: channel="Nbc Sports Boston" (id=nbcsportsboston.us) reason=no_current_program_from_epg (hasProgramsForChannel=false, isLoading=true, isParsing=true, availableChannels=4342)
02-13 17:31:40.372 I/flutter (32202): [Risa] Prefetch index 0: true (no focus, window=5)
02-13 17:31:40.372 I/flutter (32202): [Risa] Prefetch index 1: true (no focus, window=5)
02-13 17:31:40.373 I/flutter (32202): [Risa] Prefetch index 2: true (no focus, window=5)
02-13 17:31:40.374 I/flutter (32202): [Risa] Prefetch index 0: true (no focus, window=2)
02-13 17:31:40.374 I/flutter (32202): [Risa] Prefetch index 1: true (no focus, window=2)
02-13 17:31:40.374 I/flutter (32202): [Risa] Prefetch index 2: false (no focus, window=2)
02-13 17:31:40.376 I/flutter (32202): [Risa] Prefetch index 0: true (no focus, window=2)
02-13 17:31:40.376 I/flutter (32202): [Risa] Prefetch index 1: true (no focus, window=2)
02-13 17:31:40.376 I/flutter (32202): [Risa] Prefetch index 0: true (no focus, window=2)
02-13 17:31:40.376 I/flutter (32202): [Risa] Prefetch index 1: true (no focus, window=2)
02-13 17:31:40.377 I/flutter (32202): [Risa] Prefetch index 0: true (no focus, window=2)
02-13 17:31:40.377 I/chatty  (32202): uid=10271(com.risa.app) identical 1 line
02-13 17:31:40.377 I/flutter (32202): [Risa] Prefetch index 0: true (no focus, window=2)
02-13 17:31:40.378 I/flutter (32202): [Risa] Prefetch index 1: true (no focus, window=2)
02-13 17:31:40.399 I/flutter (32202): [Risa] LiveTV artwork NONE: channel="Nbc Sports Boston" (id=nbcsportsboston.us) reason=no_current_program_from_epg (hasProgramsForChannel=false, isLoading=true, isParsing=true, availableChannels=4342)
02-13 17:31:40.465 I/flutter (32202): [Risa] Prefetch index 0: true (no focus, window=5)
02-13 17:31:40.466 I/flutter (32202): [Risa] Prefetch index 1: true (no focus, window=5)
02-13 17:31:40.466 I/flutter (32202): [Risa] Prefetch index 2: true (no focus, window=5)
02-13 17:31:40.467 I/flutter (32202): [Risa] Prefetch index 0: true (no focus, window=2)
02-13 17:31:40.468 I/flutter (32202): [Risa] Prefetch index 1: true (no focus, window=2)
02-13 17:31:40.468 I/flutter (32202): [Risa] Prefetch index 2: false (no focus, window=2)
02-13 17:31:40.469 I/flutter (32202): [Risa] Prefetch index 0: true (no focus, window=2)
02-13 17:31:40.469 I/flutter (32202): [Risa] Prefetch index 1: true (no focus, window=2)
02-13 17:31:40.469 I/flutter (32202): [Risa] Prefetch index 0: true (no focus, window=2)
02-13 17:31:40.470 I/flutter (32202): [Risa] Prefetch index 1: true (no focus, window=2)
02-13 17:31:40.470 I/flutter (32202): [Risa] Prefetch index 0: true (no focus, window=2)
02-13 17:31:40.470 I/chatty  (32202): uid=10271(com.risa.app) identical 1 line
02-13 17:31:40.470 I/flutter (32202): [Risa] Prefetch index 0: true (no focus, window=2)
02-13 17:31:40.471 I/flutter (32202): [Risa] Prefetch index 1: true (no focus, window=2)
02-13 17:31:40.478 I/flutter (32202): [Risa] JANK: frame total=95ms build=82ms raster=13ms vsync=0ms
02-13 17:31:40.478 I/flutter (32202): [Risa] JANK: frame total=67ms build=53ms raster=14ms vsync=0ms
02-13 17:31:40.500 I/flutter (32202): [Risa] LiveTV artwork NONE: channel="Nbc Sports Boston" (id=nbcsportsboston.us) reason=no_current_program_from_epg (hasProgramsForChannel=false, isLoading=true, isParsing=true, availableChannels=4342)
02-13 17:31:40.538 I/flutter (32202): [Risa] Prefetch index 0: true (no focus, window=5)
02-13 17:31:40.538 I/flutter (32202): [Risa] Prefetch index 1: true (no focus, window=5)
02-13 17:31:40.538 I/flutter (32202): [Risa] Prefetch index 2: true (no focus, window=5)
02-13 17:31:40.539 I/flutter (32202): [Risa] Prefetch index 0: true (no focus, window=2)
02-13 17:31:40.540 I/flutter (32202): [Risa] Prefetch index 1: true (no focus, window=2)
02-13 17:31:40.540 I/flutter (32202): [Risa] Prefetch index 2: false (no focus, window=2)
02-13 17:31:40.567 I/flutter (32202): [Risa] Prefetch index 0: true (no focus, window=2)
02-13 17:31:40.567 I/flutter (32202): [Risa] Prefetch index 1: true (no focus, window=2)
02-13 17:31:40.567 I/flutter (32202): [Risa] Prefetch index 0: true (no focus, window=2)
02-13 17:31:40.568 I/flutter (32202): [Risa] Prefetch index 1: true (no focus, window=2)
02-13 17:31:40.568 I/flutter (32202): [Risa] Prefetch index 0: true (no focus, window=2)
02-13 17:31:40.568 I/chatty  (32202): uid=10271(com.risa.app) identical 1 line
02-13 17:31:40.569 I/flutter (32202): [Risa] Prefetch index 0: true (no focus, window=2)
02-13 17:31:40.569 I/flutter (32202): [Risa] Prefetch index 1: true (no focus, window=2)
02-13 17:31:40.583 I/flutter (32202): [Risa] LiveTV artwork NONE: channel="Nbc Sports Boston" (id=nbcsportsboston.us) reason=no_current_program_from_epg (hasProgramsForChannel=false, isLoading=true, isParsing=true, availableChannels=4342)
02-13 17:31:40.627 I/flutter (32202): [Risa] Prefetch index 0: true (no focus, window=5)
02-13 17:31:40.627 I/flutter (32202): [Risa] Prefetch index 1: true (no focus, window=5)
02-13 17:31:40.627 I/flutter (32202): [Risa] Prefetch index 2: true (no focus, window=5)
02-13 17:31:40.629 I/flutter (32202): [Risa] Prefetch index 0: true (no focus, window=2)
02-13 17:31:40.629 I/flutter (32202): [Risa] Prefetch index 1: true (no focus, window=2)
02-13 17:31:40.629 I/flutter (32202): [Risa] Prefetch index 2: false (no focus, window=2)
02-13 17:31:40.630 I/flutter (32202): [Risa] Prefetch index 0: true (no focus, window=2)
02-13 17:31:40.630 I/flutter (32202): [Risa] Prefetch index 1: true (no focus, window=2)
02-13 17:31:40.631 I/flutter (32202): [Risa] Prefetch index 0: true (no focus, window=2)
02-13 17:31:40.631 I/flutter (32202): [Risa] Prefetch index 1: true (no focus, window=2)
02-13 17:31:40.631 I/flutter (32202): [Risa] Prefetch index 0: true (no focus, window=2)
02-13 17:31:40.632 I/chatty  (32202): uid=10271(com.risa.app) identical 1 line
02-13 17:31:40.632 I/flutter (32202): [Risa] Prefetch index 0: true (no focus, window=2)
02-13 17:31:40.632 I/flutter (32202): [Risa] Prefetch index 1: true (no focus, window=2)
02-13 17:31:40.639 I/flutter (32202): [Risa] JANK: frame total=92ms build=79ms raster=13ms vsync=0ms
02-13 17:31:40.639 I/flutter (32202): [Risa] JANK: frame total=91ms build=77ms raster=14ms vsync=0ms
02-13 17:31:40.649 I/flutter (32202): [Risa] LiveTV artwork NONE: channel="Nbc Sports Boston" (id=nbcsportsboston.us) reason=no_current_program_from_epg (hasProgramsForChannel=false, isLoading=true, isParsing=true, availableChannels=4342)
02-13 17:31:40.710 I/flutter (32202): [Risa] Prefetch index 0: true (no focus, window=5)
02-13 17:31:40.711 I/flutter (32202): [Risa] Prefetch index 1: true (no focus, window=5)
02-13 17:31:40.711 I/flutter (32202): [Risa] Prefetch index 2: true (no focus, window=5)
02-13 17:31:40.712 I/flutter (32202): [Risa] Prefetch index 0: true (no focus, window=2)
02-13 17:31:40.712 I/flutter (32202): [Risa] Prefetch index 1: true (no focus, window=2)
02-13 17:31:40.713 I/flutter (32202): [Risa] Prefetch index 2: false (no focus, window=2)
02-13 17:31:40.714 I/flutter (32202): [Risa] Prefetch index 0: true (no focus, window=2)
02-13 17:31:40.714 I/flutter (32202): [Risa] Prefetch index 1: true (no focus, window=2)
02-13 17:31:40.714 I/flutter (32202): [Risa] Prefetch index 0: true (no focus, window=2)
02-13 17:31:40.714 I/flutter (32202): [Risa] Prefetch index 1: true (no focus, window=2)
02-13 17:31:40.715 I/flutter (32202): [Risa] Prefetch index 0: true (no focus, window=2)
02-13 17:31:40.715 I/chatty  (32202): uid=10271(com.risa.app) identical 1 line
02-13 17:31:40.715 I/flutter (32202): [Risa] Prefetch index 0: true (no focus, window=2)
02-13 17:31:40.716 I/flutter (32202): [Risa] Prefetch index 1: true (no focus, window=2)
02-13 17:31:40.732 I/flutter (32202): [Risa] LiveTV artwork NONE: channel="Nbc Sports Boston" (id=nbcsportsboston.us) reason=no_current_program_from_epg (hasProgramsForChannel=false, isLoading=true, isParsing=true, availableChannels=4342)
02-13 17:31:40.774 I/flutter (32202): [Risa] Prefetch index 0: true (no focus, window=5)
02-13 17:31:40.774 I/flutter (32202): [Risa] Prefetch index 1: true (no focus, window=5)
02-13 17:31:40.774 I/flutter (32202): [Risa] Prefetch index 2: true (no focus, window=5)
02-13 17:31:40.776 I/flutter (32202): [Risa] Prefetch index 0: true (no focus, window=2)
02-13 17:31:40.776 I/flutter (32202): [Risa] Prefetch index 1: true (no focus, window=2)
02-13 17:31:40.776 I/flutter (32202): [Risa] Prefetch index 2: false (no focus, window=2)
02-13 17:31:40.777 I/flutter (32202): [Risa] Prefetch index 0: true (no focus, window=2)
02-13 17:31:40.777 I/flutter (32202): [Risa] Prefetch index 1: true (no focus, window=2)
02-13 17:31:40.778 I/flutter (32202): [Risa] Prefetch index 0: true (no focus, window=2)
02-13 17:31:40.778 I/flutter (32202): [Risa] Prefetch index 1: true (no focus, window=2)
02-13 17:31:40.778 I/flutter (32202): [Risa] Prefetch index 0: true (no focus, window=2)
02-13 17:31:40.779 I/chatty  (32202): uid=10271(com.risa.app) identical 1 line
02-13 17:31:40.779 I/flutter (32202): [Risa] Prefetch index 0: true (no focus, window=2)
02-13 17:31:40.779 I/flutter (32202): [Risa] Prefetch index 1: true (no focus, window=2)
02-13 17:31:40.787 I/flutter (32202): [Risa] JANK: frame total=73ms build=56ms raster=17ms vsync=1ms
02-13 17:31:40.787 I/flutter (32202): [Risa] JANK: frame total=88ms build=74ms raster=14ms vsync=0ms
02-13 17:31:40.799 I/flutter (32202): [Risa] LiveTV artwork NONE: channel="Nbc Sports Boston" (id=nbcsportsboston.us) reason=no_current_program_from_epg (hasProgramsForChannel=false, isLoading=true, isParsing=true, availableChannels=4342)
02-13 17:31:40.865 I/flutter (32202): [Risa] Prefetch index 0: true (no focus, window=5)
02-13 17:31:40.865 I/flutter (32202): [Risa] Prefetch index 1: true (no focus, window=5)
02-13 17:31:40.865 I/flutter (32202): [Risa] Prefetch index 2: true (no focus, window=5)
02-13 17:31:40.867 I/flutter (32202): [Risa] Prefetch index 0: true (no focus, window=2)
02-13 17:31:40.867 I/flutter (32202): [Risa] Prefetch index 1: true (no focus, window=2)
02-13 17:31:40.867 I/flutter (32202): [Risa] Prefetch index 2: false (no focus, window=2)
02-13 17:31:40.868 I/flutter (32202): [Risa] Prefetch index 0: true (no focus, window=2)
02-13 17:31:40.869 I/flutter (32202): [Risa] Prefetch index 1: true (no focus, window=2)
02-13 17:31:40.869 I/flutter (32202): [Risa] Prefetch index 0: true (no focus, window=2)
02-13 17:31:40.869 I/flutter (32202): [Risa] Prefetch index 1: true (no focus, window=2)
02-13 17:31:40.869 I/flutter (32202): [Risa] Prefetch index 0: true (no focus, window=2)
02-13 17:31:40.870 I/chatty  (32202): uid=10271(com.risa.app) identical 1 line
02-13 17:31:40.870 I/flutter (32202): [Risa] Prefetch index 0: true (no focus, window=2)
02-13 17:31:40.870 I/flutter (32202): [Risa] Prefetch index 1: true (no focus, window=2)
02-13 17:31:40.883 I/flutter (32202): [Risa] LiveTV artwork NONE: channel="Nbc Sports Boston" (id=nbcsportsboston.us) reason=no_current_program_from_epg (hasProgramsForChannel=false, isLoading=true, isParsing=true, availableChannels=4342)
02-13 17:31:40.922 I/flutter (32202): [Risa] Prefetch index 0: true (no focus, window=5)
02-13 17:31:40.922 I/flutter (32202): [Risa] Prefetch index 1: true (no focus, window=5)
02-13 17:31:40.922 I/flutter (32202): [Risa] Prefetch index 2: true (no focus, window=5)
02-13 17:31:40.924 I/flutter (32202): [Risa] Prefetch index 0: true (no focus, window=2)
02-13 17:31:40.924 I/flutter (32202): [Risa] Prefetch index 1: true (no focus, window=2)
02-13 17:31:40.924 I/flutter (32202): [Risa] Prefetch index 2: false (no focus, window=2)
02-13 17:31:40.925 I/flutter (32202): [Risa] Prefetch index 0: true (no focus, window=2)
02-13 17:31:40.925 I/flutter (32202): [Risa] Prefetch index 1: true (no focus, window=2)
02-13 17:31:40.926 I/flutter (32202): [Risa] Prefetch index 0: true (no focus, window=2)
02-13 17:31:40.926 I/flutter (32202): [Risa] Prefetch index 1: true (no focus, window=2)
02-13 17:31:40.926 I/flutter (32202): [Risa] Prefetch index 0: true (no focus, window=2)
02-13 17:31:40.927 I/chatty  (32202): uid=10271(com.risa.app) identical 1 line
02-13 17:31:40.927 I/flutter (32202): [Risa] Prefetch index 0: true (no focus, window=2)
02-13 17:31:40.927 I/flutter (32202): [Risa] Prefetch index 1: true (no focus, window=2)
02-13 17:31:40.939 W/adbd    ( 3518): timed out while waiting for FUNCTIONFS_BIND, trying again
02-13 17:31:40.939 I/adbd    ( 3518): UsbFfs: connection terminated: monitor thread finished
02-13 17:31:40.939 I/adbd    ( 3518): UsbFfs: already offline
02-13 17:31:40.939 I/adbd    ( 3518): destroying transport UsbFfs
02-13 17:31:40.939 I/adbd    ( 3518): UsbFfsConnection being destroyed
02-13 17:31:40.959 I/flutter (32202): [Risa] JANK: frame total=69ms build=54ms raster=15ms vsync=0ms
02-13 17:31:40.959 I/flutter (32202): [Risa] JANK: frame total=91ms build=78ms raster=13ms vsync=0ms
02-13 17:31:40.966 I/flutter (32202): [Risa] LiveTV artwork NONE: channel="Nbc Sports Boston" (id=nbcsportsboston.us) reason=no_current_program_from_epg (hasProgramsForChannel=false, isLoading=true, isParsing=true, availableChannels=4342)
02-13 17:31:40.975 I/adbd    ( 3518): opening control endpoint /dev/usb-ffs/adb/ep0
02-13 17:31:40.975 I/adbd    ( 3518): UsbFfsConnection constructed
02-13 17:31:40.985 I/adbd    ( 3518): UsbFfs-monitor thread spawned
02-13 17:31:41.009 I/flutter (32202): [Risa] Prefetch index 0: true (no focus, window=5)
02-13 17:31:41.009 I/flutter (32202): [Risa] Prefetch index 1: true (no focus, window=5)
02-13 17:31:41.010 I/flutter (32202): [Risa] Prefetch index 2: true (no focus, window=5)
02-13 17:31:41.011 I/flutter (32202): [Risa] Prefetch index 0: true (no focus, window=2)
02-13 17:31:41.011 I/flutter (32202): [Risa] Prefetch index 1: true (no focus, window=2)
02-13 17:31:41.011 I/flutter (32202): [Risa] Prefetch index 2: false (no focus, window=2)
02-13 17:31:41.013 I/flutter (32202): [Risa] Prefetch index 0: true (no focus, window=2)
02-13 17:31:41.013 I/flutter (32202): [Risa] Prefetch index 1: true (no focus, window=2)
02-13 17:31:41.013 I/flutter (32202): [Risa] Prefetch index 0: true (no focus, window=2)
02-13 17:31:41.013 I/flutter (32202): [Risa] Prefetch index 1: true (no focus, window=2)
02-13 17:31:41.014 I/flutter (32202): [Risa] Prefetch index 0: true (no focus, window=2)
02-13 17:31:41.014 I/chatty  (32202): uid=10271(com.risa.app) identical 1 line
02-13 17:31:41.014 I/flutter (32202): [Risa] Prefetch index 0: true (no focus, window=2)
02-13 17:31:41.014 I/flutter (32202): [Risa] Prefetch index 1: true (no focus, window=2)
02-13 17:31:41.033 I/flutter (32202): [Risa] LiveTV artwork NONE: channel="Nbc Sports Boston" (id=nbcsportsboston.us) reason=no_current_program_from_epg (hasProgramsForChannel=false, isLoading=true, isParsing=true, availableChannels=4342)
02-13 17:31:41.101 I/flutter (32202): [Risa] Prefetch index 0: true (no focus, window=5)
02-13 17:31:41.101 I/flutter (32202): [Risa] Prefetch index 1: true (no focus, window=5)
02-13 17:31:41.101 I/flutter (32202): [Risa] Prefetch index 2: true (no focus, window=5)
02-13 17:31:41.103 I/flutter (32202): [Risa] Prefetch index 0: true (no focus, window=2)
02-13 17:31:41.103 I/flutter (32202): [Risa] Prefetch index 1: true (no focus, window=2)
