02-13 17:31:41.103 I/flutter (32202): [Risa] Prefetch index 2: false (no focus, window=2)
02-13 17:31:41.104 I/flutter (32202): [Risa] Prefetch index 0: true (no focus, window=2)
02-13 17:31:41.105 I/flutter (32202): [Risa] Prefetch index 1: true (no focus, window=2)
02-13 17:31:41.105 I/flutter (32202): [Risa] Prefetch index 0: true (no focus, window=2)
02-13 17:31:41.105 I/flutter (32202): [Risa] Prefetch index 1: true (no focus, window=2)
02-13 17:31:41.105 I/flutter (32202): [Risa] Prefetch index 0: true (no focus, window=2)
02-13 17:31:41.106 I/chatty  (32202): uid=10271(com.risa.app) identical 1 line
02-13 17:31:41.106 I/flutter (32202): [Risa] Prefetch index 0: true (no focus, window=2)
02-13 17:31:41.106 I/flutter (32202): [Risa] Prefetch index 1: true (no focus, window=2)
02-13 17:31:41.114 I/flutter (32202): [Risa] JANK: frame total=92ms build=77ms raster=15ms vsync=0ms
02-13 17:31:41.114 I/flutter (32202): [Risa] JANK: frame total=69ms build=56ms raster=13ms vsync=0ms
02-13 17:31:41.116 I/flutter (32202): [Risa] LiveTV artwork NONE: channel="Nbc Sports Boston" (id=nbcsportsboston.us) reason=no_current_program_from_epg (hasProgramsForChannel=false, isLoading=true, isParsing=true, availableChannels=4342)
02-13 17:31:41.155 I/flutter (32202): [Risa] Prefetch index 0: true (no focus, window=5)
02-13 17:31:41.156 I/flutter (32202): [Risa] Prefetch index 1: true (no focus, window=5)
02-13 17:31:41.156 I/flutter (32202): [Risa] Prefetch index 2: true (no focus, window=5)
02-13 17:31:41.157 I/flutter (32202): [Risa] Prefetch index 0: true (no focus, window=2)
02-13 17:31:41.158 I/flutter (32202): [Risa] Prefetch index 1: true (no focus, window=2)
02-13 17:31:41.158 I/flutter (32202): [Risa] Prefetch index 2: false (no focus, window=2)
02-13 17:31:41.159 I/flutter (32202): [Risa] Prefetch index 0: true (no focus, window=2)
02-13 17:31:41.159 I/flutter (32202): [Risa] Prefetch index 1: true (no focus, window=2)
02-13 17:31:41.159 I/flutter (32202): [Risa] Prefetch index 0: true (no focus, window=2)
02-13 17:31:41.160 I/flutter (32202): [Risa] Prefetch index 1: true (no focus, window=2)
02-13 17:31:41.160 I/flutter (32202): [Risa] Prefetch index 0: true (no focus, window=2)
02-13 17:31:41.160 I/chatty  (32202): uid=10271(com.risa.app) identical 1 line
02-13 17:31:41.161 I/flutter (32202): [Risa] Prefetch index 0: true (no focus, window=2)
02-13 17:31:41.161 I/flutter (32202): [Risa] Prefetch index 1: true (no focus, window=2)
02-13 17:31:41.183 I/flutter (32202): [Risa] LiveTV artwork NONE: channel="Nbc Sports Boston" (id=nbcsportsboston.us) reason=no_current_program_from_epg (hasProgramsForChannel=false, isLoading=true, isParsing=true, availableChannels=4342)
02-13 17:31:41.244 I/flutter (32202): [Risa] Prefetch index 0: true (no focus, window=5)
02-13 17:31:41.245 I/flutter (32202): [Risa] Prefetch index 1: true (no focus, window=5)
02-13 17:31:41.245 I/flutter (32202): [Risa] Prefetch index 2: true (no focus, window=5)
02-13 17:31:41.246 I/flutter (32202): [Risa] Prefetch index 0: true (no focus, window=2)
02-13 17:31:41.247 I/flutter (32202): [Risa] Prefetch index 1: true (no focus, window=2)
02-13 17:31:41.247 I/flutter (32202): [Risa] Prefetch index 2: false (no focus, window=2)
02-13 17:31:41.248 I/flutter (32202): [Risa] Prefetch index 0: true (no focus, window=2)
02-13 17:31:41.248 I/flutter (32202): [Risa] Prefetch index 1: true (no focus, window=2)
02-13 17:31:41.249 I/flutter (32202): [Risa] Prefetch index 0: true (no focus, window=2)
02-13 17:31:41.249 I/flutter (32202): [Risa] Prefetch index 1: true (no focus, window=2)
02-13 17:31:41.249 I/flutter (32202): [Risa] Prefetch index 0: true (no focus, window=2)
02-13 17:31:41.249 I/chatty  (32202): uid=10271(com.risa.app) identical 1 line
02-13 17:31:41.250 I/flutter (32202): [Risa] Prefetch index 0: true (no focus, window=2)
02-13 17:31:41.250 I/flutter (32202): [Risa] Prefetch index 1: true (no focus, window=2)
02-13 17:31:41.257 I/flutter (32202): [Risa] JANK: frame total=94ms build=80ms raster=14ms vsync=0ms
02-13 17:31:41.257 I/flutter (32202): [Risa] JANK: frame total=67ms build=52ms raster=15ms vsync=0ms
02-13 17:31:41.267 I/flutter (32202): [Risa] LiveTV artwork NONE: channel="Nbc Sports Boston" (id=nbcsportsboston.us) reason=no_current_program_from_epg (hasProgramsForChannel=false, isLoading=true, isParsing=true, availableChannels=4342)
02-13 17:31:41.306 I/flutter (32202): [Risa] Prefetch index 0: true (no focus, window=5)
02-13 17:31:41.306 I/flutter (32202): [Risa] Prefetch index 1: true (no focus, window=5)
02-13 17:31:41.306 I/flutter (32202): [Risa] Prefetch index 2: true (no focus, window=5)
02-13 17:31:41.308 I/flutter (32202): [Risa] Prefetch index 0: true (no focus, window=2)
02-13 17:31:41.308 I/flutter (32202): [Risa] Prefetch index 1: true (no focus, window=2)
02-13 17:31:41.308 I/flutter (32202): [Risa] Prefetch index 2: false (no focus, window=2)
02-13 17:31:41.309 I/flutter (32202): [Risa] Prefetch index 0: true (no focus, window=2)
02-13 17:31:41.310 I/flutter (32202): [Risa] Prefetch index 1: true (no focus, window=2)
02-13 17:31:41.310 I/flutter (32202): [Risa] Prefetch index 0: true (no focus, window=2)
02-13 17:31:41.310 I/flutter (32202): [Risa] Prefetch index 1: true (no focus, window=2)
02-13 17:31:41.310 I/flutter (32202): [Risa] Prefetch index 0: true (no focus, window=2)
02-13 17:31:41.311 I/chatty  (32202): uid=10271(com.risa.app) identical 1 line
02-13 17:31:41.338 I/flutter (32202): [Risa] Prefetch index 0: true (no focus, window=2)
02-13 17:31:41.338 I/flutter (32202): [Risa] Prefetch index 1: true (no focus, window=2)
02-13 17:31:41.349 I/flutter (32202): [Risa] LiveTV artwork NONE: channel="Nbc Sports Boston" (id=nbcsportsboston.us) reason=no_current_program_from_epg (hasProgramsForChannel=false, isLoading=true, isParsing=true, availableChannels=4342)
02-13 17:31:41.393 I/flutter (32202): [Risa] Prefetch index 0: true (no focus, window=5)
02-13 17:31:41.393 I/flutter (32202): [Risa] Prefetch index 1: true (no focus, window=5)
02-13 17:31:41.393 I/flutter (32202): [Risa] Prefetch index 2: true (no focus, window=5)
02-13 17:31:41.394 I/flutter (32202): [Risa] Prefetch index 0: true (no focus, window=2)
02-13 17:31:41.395 I/flutter (32202): [Risa] Prefetch index 1: true (no focus, window=2)
02-13 17:31:41.395 I/flutter (32202): [Risa] Prefetch index 2: false (no focus, window=2)
02-13 17:31:41.396 I/flutter (32202): [Risa] Prefetch index 0: true (no focus, window=2)
02-13 17:31:41.396 I/flutter (32202): [Risa] Prefetch index 1: true (no focus, window=2)
02-13 17:31:41.397 I/flutter (32202): [Risa] Prefetch index 0: true (no focus, window=2)
02-13 17:31:41.397 I/flutter (32202): [Risa] Prefetch index 1: true (no focus, window=2)
02-13 17:31:41.397 I/flutter (32202): [Risa] Prefetch index 0: true (no focus, window=2)
02-13 17:31:41.397 I/chatty  (32202): uid=10271(com.risa.app) identical 1 line
02-13 17:31:41.398 I/flutter (32202): [Risa] Prefetch index 0: true (no focus, window=2)
02-13 17:31:41.398 I/flutter (32202): [Risa] Prefetch index 1: true (no focus, window=2)
02-13 17:31:41.405 I/flutter (32202): [Risa] JANK: frame total=87ms build=74ms raster=13ms vsync=0ms
02-13 17:31:41.405 I/flutter (32202): [Risa] JANK: frame total=92ms build=79ms raster=13ms vsync=0ms
02-13 17:31:41.416 I/flutter (32202): [Risa] LiveTV artwork NONE: channel="Nbc Sports Boston" (id=nbcsportsboston.us) reason=no_current_program_from_epg (hasProgramsForChannel=false, isLoading=true, isParsing=true, availableChannels=4342)
02-13 17:31:41.484 I/flutter (32202): [Risa] Prefetch index 0: true (no focus, window=5)
02-13 17:31:41.484 I/flutter (32202): [Risa] Prefetch index 1: true (no focus, window=5)
02-13 17:31:41.485 I/flutter (32202): [Risa] Prefetch index 2: true (no focus, window=5)
02-13 17:31:41.486 I/flutter (32202): [Risa] Prefetch index 0: true (no focus, window=2)
02-13 17:31:41.486 I/flutter (32202): [Risa] Prefetch index 1: true (no focus, window=2)
02-13 17:31:41.487 I/flutter (32202): [Risa] Prefetch index 2: false (no focus, window=2)
02-13 17:31:41.488 I/flutter (32202): [Risa] Prefetch index 0: true (no focus, window=2)
02-13 17:31:41.488 I/flutter (32202): [Risa] Prefetch index 1: true (no focus, window=2)
02-13 17:31:41.488 I/flutter (32202): [Risa] Prefetch index 0: true (no focus, window=2)
02-13 17:31:41.488 I/flutter (32202): [Risa] Prefetch index 1: true (no focus, window=2)
02-13 17:31:41.489 I/flutter (32202): [Risa] Prefetch index 0: true (no focus, window=2)
02-13 17:31:41.489 I/chatty  (32202): uid=10271(com.risa.app) identical 1 line
02-13 17:31:41.489 I/flutter (32202): [Risa] Prefetch index 0: true (no focus, window=2)
02-13 17:31:41.490 I/flutter (32202): [Risa] Prefetch index 1: true (no focus, window=2)
02-13 17:31:41.499 I/flutter (32202): [Risa] LiveTV artwork NONE: channel="Nbc Sports Boston" (id=nbcsportsboston.us) reason=no_current_program_from_epg (hasProgramsForChannel=false, isLoading=true, isParsing=true, availableChannels=4342)
02-13 17:31:41.540 I/flutter (32202): [Risa] Prefetch index 0: true (no focus, window=5)
02-13 17:31:41.540 I/flutter (32202): [Risa] Prefetch index 1: true (no focus, window=5)
02-13 17:31:41.540 I/flutter (32202): [Risa] Prefetch index 2: true (no focus, window=5)
02-13 17:31:41.541 I/flutter (32202): [Risa] Prefetch index 0: true (no focus, window=2)
02-13 17:31:41.542 I/flutter (32202): [Risa] Prefetch index 1: true (no focus, window=2)
02-13 17:31:41.542 I/flutter (32202): [Risa] Prefetch index 2: false (no focus, window=2)
02-13 17:31:41.543 I/flutter (32202): [Risa] Prefetch index 0: true (no focus, window=2)
02-13 17:31:41.543 I/flutter (32202): [Risa] Prefetch index 1: true (no focus, window=2)
02-13 17:31:41.544 I/flutter (32202): [Risa] Prefetch index 0: true (no focus, window=2)
02-13 17:31:41.544 I/flutter (32202): [Risa] Prefetch index 1: true (no focus, window=2)
02-13 17:31:41.544 I/flutter (32202): [Risa] Prefetch index 0: true (no focus, window=2)
02-13 17:31:41.544 I/chatty  (32202): uid=10271(com.risa.app) identical 1 line
02-13 17:31:41.545 I/flutter (32202): [Risa] Prefetch index 0: true (no focus, window=2)
02-13 17:31:41.545 I/flutter (32202): [Risa] Prefetch index 1: true (no focus, window=2)
02-13 17:31:41.552 I/flutter (32202): [Risa] JANK: frame total=68ms build=56ms raster=12ms vsync=0ms
02-13 17:31:41.552 I/flutter (32202): [Risa] JANK: frame total=93ms build=80ms raster=13ms vsync=0ms
02-13 17:31:41.566 I/flutter (32202): [Risa] LiveTV artwork NONE: channel="Nbc Sports Boston" (id=nbcsportsboston.us) reason=no_current_program_from_epg (hasProgramsForChannel=false, isLoading=true, isParsing=true, availableChannels=4342)
02-13 17:31:41.632 I/flutter (32202): [Risa] Prefetch index 0: true (no focus, window=5)
02-13 17:31:41.632 I/flutter (32202): [Risa] Prefetch index 1: true (no focus, window=5)
02-13 17:31:41.633 I/flutter (32202): [Risa] Prefetch index 2: true (no focus, window=5)
02-13 17:31:41.634 I/flutter (32202): [Risa] Prefetch index 0: true (no focus, window=2)
02-13 17:31:41.634 I/flutter (32202): [Risa] Prefetch index 1: true (no focus, window=2)
02-13 17:31:41.635 I/flutter (32202): [Risa] Prefetch index 2: false (no focus, window=2)
02-13 17:31:41.636 I/flutter (32202): [Risa] Prefetch index 0: true (no focus, window=2)
02-13 17:31:41.636 I/flutter (32202): [Risa] Prefetch index 1: true (no focus, window=2)
02-13 17:31:41.636 I/flutter (32202): [Risa] Prefetch index 0: true (no focus, window=2)
02-13 17:31:41.637 I/flutter (32202): [Risa] Prefetch index 1: true (no focus, window=2)
02-13 17:31:41.637 I/flutter (32202): [Risa] Prefetch index 0: true (no focus, window=2)
02-13 17:31:41.637 I/chatty  (32202): uid=10271(com.risa.app) identical 1 line
02-13 17:31:41.637 I/flutter (32202): [Risa] Prefetch index 0: true (no focus, window=2)
02-13 17:31:41.638 I/flutter (32202): [Risa] Prefetch index 1: true (no focus, window=2)
02-13 17:31:41.650 I/flutter (32202): [Risa] LiveTV artwork NONE: channel="Nbc Sports Boston" (id=nbcsportsboston.us) reason=no_current_program_from_epg (hasProgramsForChannel=false, isLoading=true, isParsing=true, availableChannels=4342)
02-13 17:31:41.674 D/WindowManager( 3714): handleComboKeys keyCode: 4, keyAction: 0
02-13 17:31:41.674 I/InputManager( 3714): Input event injection from pid 3714 uid 1000
02-13 17:31:41.689 I/flutter (32202): [Risa] Prefetch index 0: true (no focus, window=5)
02-13 17:31:41.689 I/flutter (32202): [Risa] Prefetch index 1: true (no focus, window=5)
02-13 17:31:41.689 I/flutter (32202): [Risa] Prefetch index 2: true (no focus, window=5)
02-13 17:31:41.691 I/flutter (32202): [Risa] Prefetch index 0: true (no focus, window=2)
02-13 17:31:41.691 I/flutter (32202): [Risa] Prefetch index 1: true (no focus, window=2)
02-13 17:31:41.691 I/flutter (32202): [Risa] Prefetch index 2: false (no focus, window=2)
02-13 17:31:41.692 I/flutter (32202): [Risa] Prefetch index 0: true (no focus, window=2)
02-13 17:31:41.693 I/flutter (32202): [Risa] Prefetch index 1: true (no focus, window=2)
02-13 17:31:41.693 I/flutter (32202): [Risa] Prefetch index 0: true (no focus, window=2)
02-13 17:31:41.693 I/flutter (32202): [Risa] Prefetch index 1: true (no focus, window=2)
02-13 17:31:41.714 I/flutter (32202): [Risa] Prefetch index 0: true (no focus, window=2)
02-13 17:31:41.714 I/chatty  (32202): uid=10271(com.risa.app) identical 1 line
02-13 17:31:41.714 I/flutter (32202): [Risa] Prefetch index 0: true (no focus, window=2)
02-13 17:31:41.715 I/flutter (32202): [Risa] Prefetch index 1: true (no focus, window=2)
02-13 17:31:41.722 I/flutter (32202): [Risa] JANK: frame total=65ms build=52ms raster=13ms vsync=0ms
02-13 17:31:41.722 I/flutter (32202): [Risa] JANK: frame total=97ms build=79ms raster=18ms vsync=0ms
02-13 17:31:41.732 I/flutter (32202): [Risa] MainShell back nav: location=/home, last=/home
02-13 17:31:41.732 I/flutter (32202): [Risa] MainShell back nav: first back on home - showing toast
02-13 17:31:41.738 I/flutter (32202): [Risa] LiveTV artwork NONE: channel="Nbc Sports Boston" (id=nbcsportsboston.us) reason=no_current_program_from_epg (hasProgramsForChannel=false, isLoading=true, isParsing=true, availableChannels=4342)
02-13 17:31:41.780 I/flutter (32202): [Risa] Prefetch index 0: true (no focus, window=5)
02-13 17:31:41.781 I/flutter (32202): [Risa] Prefetch index 1: true (no focus, window=5)
02-13 17:31:41.781 I/flutter (32202): [Risa] Prefetch index 2: true (no focus, window=5)
02-13 17:31:41.782 I/flutter (32202): [Risa] Prefetch index 0: true (no focus, window=2)
02-13 17:31:41.783 I/flutter (32202): [Risa] Prefetch index 1: true (no focus, window=2)
02-13 17:31:41.783 I/flutter (32202): [Risa] Prefetch index 2: false (no focus, window=2)
02-13 17:31:41.784 I/flutter (32202): [Risa] Prefetch index 0: true (no focus, window=2)
02-13 17:31:41.784 I/flutter (32202): [Risa] Prefetch index 1: true (no focus, window=2)
02-13 17:31:41.785 I/flutter (32202): [Risa] Prefetch index 0: true (no focus, window=2)
02-13 17:31:41.785 I/flutter (32202): [Risa] Prefetch index 1: true (no focus, window=2)
02-13 17:31:41.785 I/flutter (32202): [Risa] Prefetch index 0: true (no focus, window=2)
02-13 17:31:41.785 I/chatty  (32202): uid=10271(com.risa.app) identical 1 line
02-13 17:31:41.786 I/flutter (32202): [Risa] Prefetch index 0: true (no focus, window=2)
02-13 17:31:41.786 I/flutter (32202): [Risa] Prefetch index 1: true (no focus, window=2)
02-13 17:31:41.819 I/flutter (32202): [Risa] LiveTV artwork NONE: channel="Nbc Sports Boston" (id=nbcsportsboston.us) reason=no_current_program_from_epg (hasProgramsForChannel=false, isLoading=true, isParsing=true, availableChannels=4342)
02-13 17:31:41.883 D/WindowManager( 3714): handleComboKeys keyCode: 4, keyAction: 1
02-13 17:31:41.883 I/flutter (32202): [Risa] Prefetch index 0: true (no focus, window=5)
02-13 17:31:41.883 I/flutter (32202): [Risa] Prefetch index 1: true (no focus, window=5)
02-13 17:31:41.884 I/flutter (32202): [Risa] Prefetch index 2: true (no focus, window=5)
02-13 17:31:41.885 I/flutter (32202): [Risa] Prefetch index 0: true (no focus, window=2)
02-13 17:31:41.886 I/flutter (32202): [Risa] Prefetch index 1: true (no focus, window=2)
02-13 17:31:41.886 I/flutter (32202): [Risa] Prefetch index 2: false (no focus, window=2)
02-13 17:31:41.887 I/flutter (32202): [Risa] Prefetch index 0: true (no focus, window=2)
02-13 17:31:41.887 I/flutter (32202): [Risa] Prefetch index 1: true (no focus, window=2)
02-13 17:31:41.888 I/flutter (32202): [Risa] Prefetch index 0: true (no focus, window=2)
02-13 17:31:41.888 I/flutter (32202): [Risa] Prefetch index 1: true (no focus, window=2)
02-13 17:31:41.888 I/flutter (32202): [Risa] Prefetch index 0: true (no focus, window=2)
02-13 17:31:41.889 I/chatty  (32202): uid=10271(com.risa.app) identical 1 line
02-13 17:31:41.889 I/flutter (32202): [Risa] Prefetch index 0: true (no focus, window=2)
02-13 17:31:41.889 I/flutter (32202): [Risa] Prefetch index 1: true (no focus, window=2)
02-13 17:31:41.897 I/flutter (32202): [Risa] JANK: frame total=86ms build=72ms raster=14ms vsync=0ms
02-13 17:31:41.897 I/flutter (32202): [Risa] JANK: frame total=74ms build=60ms raster=14ms vsync=1ms
02-13 17:31:41.900 I/flutter (32202): [Risa] LiveTV artwork NONE: channel="Nbc Sports Boston" (id=nbcsportsboston.us) reason=no_current_program_from_epg (hasProgramsForChannel=false, isLoading=true, isParsing=true, availableChannels=4342)
02-13 17:31:41.939 I/flutter (32202): [Risa] Prefetch index 0: true (no focus, window=5)
02-13 17:31:41.940 I/flutter (32202): [Risa] Prefetch index 1: true (no focus, window=5)
02-13 17:31:41.940 I/flutter (32202): [Risa] Prefetch index 2: true (no focus, window=5)
02-13 17:31:41.941 I/flutter (32202): [Risa] Prefetch index 0: true (no focus, window=2)
02-13 17:31:41.941 I/flutter (32202): [Risa] Prefetch index 1: true (no focus, window=2)
02-13 17:31:41.941 I/flutter (32202): [Risa] Prefetch index 2: false (no focus, window=2)
02-13 17:31:41.967 I/flutter (32202): [Risa] Prefetch index 0: true (no focus, window=2)
02-13 17:31:41.967 I/flutter (32202): [Risa] Prefetch index 1: true (no focus, window=2)
02-13 17:31:41.968 I/flutter (32202): [Risa] Prefetch index 0: true (no focus, window=2)
02-13 17:31:41.968 I/flutter (32202): [Risa] Prefetch index 1: true (no focus, window=2)
02-13 17:31:41.968 I/flutter (32202): [Risa] Prefetch index 0: true (no focus, window=2)
02-13 17:31:41.969 I/chatty  (32202): uid=10271(com.risa.app) identical 1 line
02-13 17:31:41.969 I/flutter (32202): [Risa] Prefetch index 0: true (no focus, window=2)
02-13 17:31:41.969 I/flutter (32202): [Risa] Prefetch index 1: true (no focus, window=2)
02-13 17:31:41.982 I/flutter (32202): [Risa] Back navigation debounced (location: /home)
02-13 17:31:41.984 I/flutter (32202): [Risa] LiveTV artwork NONE: channel="Nbc Sports Boston" (id=nbcsportsboston.us) reason=no_current_program_from_epg (hasProgramsForChannel=false, isLoading=true, isParsing=true, availableChannels=4342)
02-13 17:31:41.986 W/adbd    ( 3518): timed out while waiting for FUNCTIONFS_BIND, trying again
02-13 17:31:41.986 I/adbd    ( 3518): UsbFfs: connection terminated: monitor thread finished
02-13 17:31:41.987 I/adbd    ( 3518): UsbFfs: already offline
02-13 17:31:41.987 I/adbd    ( 3518): destroying transport UsbFfs
02-13 17:31:41.987 I/adbd    ( 3518): UsbFfsConnection being destroyed
02-13 17:31:42.027 I/flutter (32202): [Risa] Prefetch index 0: true (no focus, window=5)
02-13 17:31:42.027 I/flutter (32202): [Risa] Prefetch index 1: true (no focus, window=5)
02-13 17:31:42.027 I/flutter (32202): [Risa] Prefetch index 2: true (no focus, window=5)
02-13 17:31:42.029 I/flutter (32202): [Risa] Prefetch index 0: true (no focus, window=2)
02-13 17:31:42.029 I/flutter (32202): [Risa] Prefetch index 1: true (no focus, window=2)
02-13 17:31:42.029 I/flutter (32202): [Risa] Prefetch index 2: false (no focus, window=2)
02-13 17:31:42.030 I/flutter (32202): [Risa] Prefetch index 0: true (no focus, window=2)
02-13 17:31:42.030 I/flutter (32202): [Risa] Prefetch index 1: true (no focus, window=2)
02-13 17:31:42.031 I/flutter (32202): [Risa] Prefetch index 0: true (no focus, window=2)
02-13 17:31:42.031 I/flutter (32202): [Risa] Prefetch index 1: true (no focus, window=2)
02-13 17:31:42.031 I/flutter (32202): [Risa] Prefetch index 0: true (no focus, window=2)
02-13 17:31:42.032 I/chatty  (32202): uid=10271(com.risa.app) identical 1 line
02-13 17:31:42.032 I/flutter (32202): [Risa] Prefetch index 0: true (no focus, window=2)
02-13 17:31:42.032 I/flutter (32202): [Risa] Prefetch index 1: true (no focus, window=2)
02-13 17:31:42.035 I/adbd    ( 3518): opening control endpoint /dev/usb-ffs/adb/ep0
02-13 17:31:42.035 I/adbd    ( 3518): UsbFfsConnection constructed
02-13 17:31:42.036 I/adbd    ( 3518): UsbFfs-monitor thread spawned
02-13 17:31:42.040 I/flutter (32202): [Risa] JANK: frame total=93ms build=78ms raster=15ms vsync=1ms
02-13 17:31:42.040 I/flutter (32202): [Risa] JANK: frame total=103ms build=78ms raster=25ms vsync=0ms
02-13 17:31:42.051 I/flutter (32202): [Risa] LiveTV artwork NONE: channel="Nbc Sports Boston" (id=nbcsportsboston.us) reason=no_current_program_from_epg (hasProgramsForChannel=false, isLoading=true, isParsing=true, availableChannels=4342)
02-13 17:31:42.118 I/flutter (32202): [Risa] Prefetch index 0: true (no focus, window=5)
02-13 17:31:42.118 I/flutter (32202): [Risa] Prefetch index 1: true (no focus, window=5)
02-13 17:31:42.118 I/flutter (32202): [Risa] Prefetch index 2: true (no focus, window=5)
02-13 17:31:42.120 I/flutter (32202): [Risa] Prefetch index 0: true (no focus, window=2)
02-13 17:31:42.120 I/flutter (32202): [Risa] Prefetch index 1: true (no focus, window=2)
02-13 17:31:42.120 I/flutter (32202): [Risa] Prefetch index 2: false (no focus, window=2)
02-13 17:31:42.122 I/flutter (32202): [Risa] Prefetch index 0: true (no focus, window=2)
02-13 17:31:42.122 I/flutter (32202): [Risa] Prefetch index 1: true (no focus, window=2)
02-13 17:31:42.122 I/flutter (32202): [Risa] Prefetch index 0: true (no focus, window=2)
02-13 17:31:42.122 I/flutter (32202): [Risa] Prefetch index 1: true (no focus, window=2)
02-13 17:31:42.123 I/flutter (32202): [Risa] Prefetch index 0: true (no focus, window=2)
02-13 17:31:42.123 I/chatty  (32202): uid=10271(com.risa.app) identical 1 line
02-13 17:31:42.123 I/flutter (32202): [Risa] Prefetch index 0: true (no focus, window=2)
02-13 17:31:42.124 I/flutter (32202): [Risa] Prefetch index 1: true (no focus, window=2)
02-13 17:31:42.134 I/flutter (32202): [Risa] LiveTV artwork NONE: channel="Nbc Sports Boston" (id=nbcsportsboston.us) reason=no_current_program_from_epg (hasProgramsForChannel=false, isLoading=true, isParsing=true, availableChannels=4342)
02-13 17:31:42.173 I/flutter (32202): [Risa] Prefetch index 0: true (no focus, window=5)
02-13 17:31:42.173 I/flutter (32202): [Risa] Prefetch index 1: true (no focus, window=5)
02-13 17:31:42.173 I/flutter (32202): [Risa] Prefetch index 2: true (no focus, window=5)
02-13 17:31:42.175 I/flutter (32202): [Risa] Prefetch index 0: true (no focus, window=2)
02-13 17:31:42.175 I/flutter (32202): [Risa] Prefetch index 1: true (no focus, window=2)
02-13 17:31:42.175 I/flutter (32202): [Risa] Prefetch index 2: false (no focus, window=2)
02-13 17:31:42.176 I/flutter (32202): [Risa] Prefetch index 0: true (no focus, window=2)
02-13 17:31:42.177 I/flutter (32202): [Risa] Prefetch index 1: true (no focus, window=2)
02-13 17:31:42.177 I/flutter (32202): [Risa] Prefetch index 0: true (no focus, window=2)
02-13 17:31:42.177 I/flutter (32202): [Risa] Prefetch index 1: true (no focus, window=2)
02-13 17:31:42.178 I/flutter (32202): [Risa] Prefetch index 0: true (no focus, window=2)
02-13 17:31:42.178 I/chatty  (32202): uid=10271(com.risa.app) identical 1 line
02-13 17:31:42.178 I/flutter (32202): [Risa] Prefetch index 0: true (no focus, window=2)
02-13 17:31:42.178 I/flutter (32202): [Risa] Prefetch index 1: true (no focus, window=2)
02-13 17:31:42.186 I/flutter (32202): [Risa] JANK: frame total=70ms build=56ms raster=14ms vsync=0ms
02-13 17:31:42.186 I/flutter (32202): [Risa] JANK: frame total=94ms build=80ms raster=14ms vsync=1ms
02-13 17:31:42.200 I/flutter (32202): [Risa] LiveTV artwork NONE: channel="Nbc Sports Boston" (id=nbcsportsboston.us) reason=no_current_program_from_epg (hasProgramsForChannel=false, isLoading=true, isParsing=true, availableChannels=4342)
02-13 17:31:42.260 I/flutter (32202): [Risa] Prefetch index 0: true (no focus, window=5)
02-13 17:31:42.261 I/flutter (32202): [Risa] Prefetch index 1: true (no focus, window=5)
02-13 17:31:42.261 I/flutter (32202): [Risa] Prefetch index 2: true (no focus, window=5)
02-13 17:31:42.262 I/flutter (32202): [Risa] Prefetch index 0: true (no focus, window=2)
02-13 17:31:42.263 I/flutter (32202): [Risa] Prefetch index 1: true (no focus, window=2)
02-13 17:31:42.263 I/flutter (32202): [Risa] Prefetch index 2: false (no focus, window=2)
02-13 17:31:42.264 I/flutter (32202): [Risa] Prefetch index 0: true (no focus, window=2)
02-13 17:31:42.264 I/flutter (32202): [Risa] Prefetch index 1: true (no focus, window=2)
02-13 17:31:42.265 I/flutter (32202): [Risa] Prefetch index 0: true (no focus, window=2)
02-13 17:31:42.265 I/flutter (32202): [Risa] Prefetch index 1: true (no focus, window=2)
02-13 17:31:42.265 I/flutter (32202): [Risa] Prefetch index 0: true (no focus, window=2)
02-13 17:31:42.266 I/chatty  (32202): uid=10271(com.risa.app) identical 1 line
02-13 17:31:42.266 I/flutter (32202): [Risa] Prefetch index 0: true (no focus, window=2)
02-13 17:31:42.266 I/flutter (32202): [Risa] Prefetch index 1: true (no focus, window=2)
02-13 17:31:42.284 I/flutter (32202): [Risa] LiveTV artwork NONE: channel="Nbc Sports Boston" (id=nbcsportsboston.us) reason=no_current_program_from_epg (hasProgramsForChannel=false, isLoading=true, isParsing=true, availableChannels=4342)
02-13 17:31:42.349 I/flutter (32202): [Risa] Prefetch index 0: true (no focus, window=5)
02-13 17:31:42.349 I/flutter (32202): [Risa] Prefetch index 1: true (no focus, window=5)
02-13 17:31:42.349 I/flutter (32202): [Risa] Prefetch index 2: true (no focus, window=5)
02-13 17:31:42.351 I/flutter (32202): [Risa] Prefetch index 0: true (no focus, window=2)
02-13 17:31:42.351 I/flutter (32202): [Risa] Prefetch index 1: true (no focus, window=2)
02-13 17:31:42.351 I/flutter (32202): [Risa] Prefetch index 2: false (no focus, window=2)
02-13 17:31:42.352 I/flutter (32202): [Risa] Prefetch index 0: true (no focus, window=2)
02-13 17:31:42.353 I/flutter (32202): [Risa] Prefetch index 1: true (no focus, window=2)
02-13 17:31:42.353 I/flutter (32202): [Risa] Prefetch index 0: true (no focus, window=2)
02-13 17:31:42.353 I/flutter (32202): [Risa] Prefetch index 1: true (no focus, window=2)
02-13 17:31:42.353 I/flutter (32202): [Risa] Prefetch index 0: true (no focus, window=2)
02-13 17:31:42.354 I/chatty  (32202): uid=10271(com.risa.app) identical 1 line
02-13 17:31:42.354 I/flutter (32202): [Risa] Prefetch index 0: true (no focus, window=2)
02-13 17:31:42.354 I/flutter (32202): [Risa] Prefetch index 1: true (no focus, window=2)
02-13 17:31:42.362 I/flutter (32202): [Risa] JANK: frame total=66ms build=52ms raster=14ms vsync=0ms
02-13 17:31:42.362 I/flutter (32202): [Risa] JANK: frame total=90ms build=73ms raster=17ms vsync=0ms
02-13 17:31:42.367 I/flutter (32202): [Risa] LiveTV artwork NONE: channel="Nbc Sports Boston" (id=nbcsportsboston.us) reason=no_current_program_from_epg (hasProgramsForChannel=false, isLoading=true, isParsing=true, availableChannels=4342)
02-13 17:31:42.412 I/flutter (32202): [Risa] Prefetch index 0: true (no focus, window=5)
02-13 17:31:42.412 I/flutter (32202): [Risa] Prefetch index 1: true (no focus, window=5)
02-13 17:31:42.412 I/flutter (32202): [Risa] Prefetch index 2: true (no focus, window=5)
02-13 17:31:42.414 I/flutter (32202): [Risa] Prefetch index 0: true (no focus, window=2)
02-13 17:31:42.414 I/flutter (32202): [Risa] Prefetch index 1: true (no focus, window=2)
02-13 17:31:42.414 I/flutter (32202): [Risa] Prefetch index 2: false (no focus, window=2)
02-13 17:31:42.415 I/flutter (32202): [Risa] Prefetch index 0: true (no focus, window=2)
02-13 17:31:42.416 I/flutter (32202): [Risa] Prefetch index 1: true (no focus, window=2)
02-13 17:31:42.416 I/flutter (32202): [Risa] Prefetch index 0: true (no focus, window=2)
02-13 17:31:42.416 I/flutter (32202): [Risa] Prefetch index 1: true (no focus, window=2)
02-13 17:31:42.416 I/flutter (32202): [Risa] Prefetch index 0: true (no focus, window=2)
02-13 17:31:42.417 I/chatty  (32202): uid=10271(com.risa.app) identical 1 line
02-13 17:31:42.417 I/flutter (32202): [Risa] Prefetch index 0: true (no focus, window=2)
02-13 17:31:42.417 I/flutter (32202): [Risa] Prefetch index 1: true (no focus, window=2)
02-13 17:31:42.434 I/flutter (32202): [Risa] LiveTV artwork NONE: channel="Nbc Sports Boston" (id=nbcsportsboston.us) reason=no_current_program_from_epg (hasProgramsForChannel=false, isLoading=true, isParsing=true, availableChannels=4342)
02-13 17:31:42.502 I/flutter (32202): [Risa] Prefetch index 0: true (no focus, window=5)
02-13 17:31:42.503 I/flutter (32202): [Risa] Prefetch index 1: true (no focus, window=5)
02-13 17:31:42.503 I/flutter (32202): [Risa] Prefetch index 2: true (no focus, window=5)
02-13 17:31:42.504 I/flutter (32202): [Risa] Prefetch index 0: true (no focus, window=2)
02-13 17:31:42.505 I/flutter (32202): [Risa] Prefetch index 1: true (no focus, window=2)
02-13 17:31:42.505 I/flutter (32202): [Risa] Prefetch index 2: false (no focus, window=2)
02-13 17:31:42.506 I/flutter (32202): [Risa] Prefetch index 0: true (no focus, window=2)
02-13 17:31:42.506 I/flutter (32202): [Risa] Prefetch index 1: true (no focus, window=2)
02-13 17:31:42.506 I/flutter (32202): [Risa] Prefetch index 0: true (no focus, window=2)
02-13 17:31:42.507 I/flutter (32202): [Risa] Prefetch index 1: true (no focus, window=2)
02-13 17:31:42.507 I/flutter (32202): [Risa] Prefetch index 0: true (no focus, window=2)
02-13 17:31:42.507 I/chatty  (32202): uid=10271(com.risa.app) identical 1 line
02-13 17:31:42.508 I/flutter (32202): [Risa] Prefetch index 0: true (no focus, window=2)
02-13 17:31:42.508 I/flutter (32202): [Risa] Prefetch index 1: true (no focus, window=2)
02-13 17:31:42.515 I/flutter (32202): [Risa] JANK: frame total=92ms build=78ms raster=14ms vsync=0ms
02-13 17:31:42.515 I/flutter (32202): [Risa] JANK: frame total=71ms build=57ms raster=14ms vsync=0ms
02-13 17:31:42.535 I/flutter (32202): [Risa] LiveTV artwork NONE: channel="Nbc Sports Boston" (id=nbcsportsboston.us) reason=no_current_program_from_epg (hasProgramsForChannel=false, isLoading=true, isParsing=true, availableChannels=4342)
02-13 17:31:42.600 I/flutter (32202): [Risa] Prefetch index 0: true (no focus, window=5)
02-13 17:31:42.600 I/flutter (32202): [Risa] Prefetch index 1: true (no focus, window=5)
02-13 17:31:42.601 I/flutter (32202): [Risa] Prefetch index 2: true (no focus, window=5)
02-13 17:31:42.602 I/flutter (32202): [Risa] Prefetch index 0: true (no focus, window=2)
02-13 17:31:42.602 I/flutter (32202): [Risa] Prefetch index 1: true (no focus, window=2)
02-13 17:31:42.602 I/flutter (32202): [Risa] Prefetch index 2: false (no focus, window=2)
02-13 17:31:42.604 I/flutter (32202): [Risa] Prefetch index 0: true (no focus, window=2)
02-13 17:31:42.604 I/flutter (32202): [Risa] Prefetch index 1: true (no focus, window=2)
02-13 17:31:42.604 I/flutter (32202): [Risa] Prefetch index 0: true (no focus, window=2)
02-13 17:31:42.604 I/flutter (32202): [Risa] Prefetch index 1: true (no focus, window=2)
02-13 17:31:42.605 I/flutter (32202): [Risa] Prefetch index 0: true (no focus, window=2)
02-13 17:31:42.605 I/chatty  (32202): uid=10271(com.risa.app) identical 1 line
02-13 17:31:42.605 I/flutter (32202): [Risa] Prefetch index 0: true (no focus, window=2)
02-13 17:31:42.605 I/flutter (32202): [Risa] Prefetch index 1: true (no focus, window=2)
02-13 17:31:42.618 I/flutter (32202): [Risa] LiveTV artwork NONE: channel="Nbc Sports Boston" (id=nbcsportsboston.us) reason=no_current_program_from_epg (hasProgramsForChannel=false, isLoading=true, isParsing=true, availableChannels=4342)
02-13 17:31:42.659 I/flutter (32202): [Risa] Prefetch index 0: true (no focus, window=5)
02-13 17:31:42.660 I/flutter (32202): [Risa] Prefetch index 1: true (no focus, window=5)
02-13 17:31:42.660 I/flutter (32202): [Risa] Prefetch index 2: true (no focus, window=5)
02-13 17:31:42.661 I/flutter (32202): [Risa] Prefetch index 0: true (no focus, window=2)
02-13 17:31:42.661 I/flutter (32202): [Risa] Prefetch index 1: true (no focus, window=2)
02-13 17:31:42.662 I/flutter (32202): [Risa] Prefetch index 2: false (no focus, window=2)
02-13 17:31:42.663 I/flutter (32202): [Risa] Prefetch index 0: true (no focus, window=2)
02-13 17:31:42.663 I/flutter (32202): [Risa] Prefetch index 1: true (no focus, window=2)
02-13 17:31:42.663 I/flutter (32202): [Risa] Prefetch index 0: true (no focus, window=2)
02-13 17:31:42.664 I/flutter (32202): [Risa] Prefetch index 1: true (no focus, window=2)
02-13 17:31:42.664 I/flutter (32202): [Risa] Prefetch index 0: true (no focus, window=2)
02-13 17:31:42.664 I/chatty  (32202): uid=10271(com.risa.app) identical 1 line
02-13 17:31:42.664 I/flutter (32202): [Risa] Prefetch index 0: true (no focus, window=2)
02-13 17:31:42.665 I/flutter (32202): [Risa] Prefetch index 1: true (no focus, window=2)
02-13 17:31:42.672 I/flutter (32202): [Risa] JANK: frame total=94ms build=80ms raster=14ms vsync=0ms
02-13 17:31:42.672 I/flutter (32202): [Risa] JANK: frame total=91ms build=78ms raster=13ms vsync=0ms
02-13 17:31:42.684 I/flutter (32202): [Risa] LiveTV artwork NONE: channel="Nbc Sports Boston" (id=nbcsportsboston.us) reason=no_current_program_from_epg (hasProgramsForChannel=false, isLoading=true, isParsing=true, availableChannels=4342)
02-13 17:31:42.744 I/flutter (32202): [Risa] Prefetch index 0: true (no focus, window=5)
02-13 17:31:42.744 I/flutter (32202): [Risa] Prefetch index 1: true (no focus, window=5)
02-13 17:31:42.744 I/flutter (32202): [Risa] Prefetch index 2: true (no focus, window=5)
02-13 17:31:42.746 I/flutter (32202): [Risa] Prefetch index 0: true (no focus, window=2)
02-13 17:31:42.746 I/flutter (32202): [Risa] Prefetch index 1: true (no focus, window=2)
02-13 17:31:42.746 I/flutter (32202): [Risa] Prefetch index 2: false (no focus, window=2)
02-13 17:31:42.747 I/flutter (32202): [Risa] Prefetch index 0: true (no focus, window=2)
02-13 17:31:42.747 I/flutter (32202): [Risa] Prefetch index 1: true (no focus, window=2)
02-13 17:31:42.748 I/flutter (32202): [Risa] Prefetch index 0: true (no focus, window=2)
02-13 17:31:42.748 I/flutter (32202): [Risa] Prefetch index 1: true (no focus, window=2)
02-13 17:31:42.748 I/flutter (32202): [Risa] Prefetch index 0: true (no focus, window=2)
02-13 17:31:42.748 I/chatty  (32202): uid=10271(com.risa.app) identical 1 line
02-13 17:31:42.749 I/flutter (32202): [Risa] Prefetch index 0: true (no focus, window=2)
02-13 17:31:42.749 I/flutter (32202): [Risa] Prefetch index 1: true (no focus, window=2)
02-13 17:31:42.767 I/flutter (32202): [Risa] LiveTV artwork NONE: channel="Nbc Sports Boston" (id=nbcsportsboston.us) reason=no_current_program_from_epg (hasProgramsForChannel=false, isLoading=true, isParsing=true, availableChannels=4342)
02-13 17:31:42.810 I/flutter (32202): [Risa] Prefetch index 0: true (no focus, window=5)
02-13 17:31:42.810 I/flutter (32202): [Risa] Prefetch index 1: true (no focus, window=5)
02-13 17:31:42.811 I/flutter (32202): [Risa] Prefetch index 2: true (no focus, window=5)
02-13 17:31:42.812 I/flutter (32202): [Risa] Prefetch index 0: true (no focus, window=2)
02-13 17:31:42.813 I/flutter (32202): [Risa] Prefetch index 1: true (no focus, window=2)
02-13 17:31:42.813 I/flutter (32202): [Risa] Prefetch index 2: false (no focus, window=2)
02-13 17:31:42.814 I/flutter (32202): [Risa] Prefetch index 0: true (no focus, window=2)
02-13 17:31:42.814 I/flutter (32202): [Risa] Prefetch index 1: true (no focus, window=2)
02-13 17:31:42.815 I/flutter (32202): [Risa] Prefetch index 0: true (no focus, window=2)
02-13 17:31:42.815 I/flutter (32202): [Risa] Prefetch index 1: true (no focus, window=2)
02-13 17:31:42.815 I/flutter (32202): [Risa] Prefetch index 0: true (no focus, window=2)
02-13 17:31:42.815 I/chatty  (32202): uid=10271(com.risa.app) identical 1 line
02-13 17:31:42.816 I/flutter (32202): [Risa] Prefetch index 0: true (no focus, window=2)
02-13 17:31:42.816 I/flutter (32202): [Risa] Prefetch index 1: true (no focus, window=2)
02-13 17:31:42.823 I/flutter (32202): [Risa] JANK: frame total=68ms build=54ms raster=14ms vsync=0ms
02-13 17:31:42.823 I/flutter (32202): [Risa] JANK: frame total=86ms build=72ms raster=14ms vsync=0ms
02-13 17:31:42.835 I/flutter (32202): [Risa] LiveTV artwork NONE: channel="Nbc Sports Boston" (id=nbcsportsboston.us) reason=no_current_program_from_epg (hasProgramsForChannel=false, isLoading=true, isParsing=true, availableChannels=4342)
02-13 17:31:42.903 I/flutter (32202): [Risa] Prefetch index 0: true (no focus, window=5)
02-13 17:31:42.903 I/flutter (32202): [Risa] Prefetch index 1: true (no focus, window=5)
02-13 17:31:42.903 I/flutter (32202): [Risa] Prefetch index 2: true (no focus, window=5)
02-13 17:31:42.905 I/flutter (32202): [Risa] Prefetch index 0: true (no focus, window=2)
02-13 17:31:42.905 I/flutter (32202): [Risa] Prefetch index 1: true (no focus, window=2)
02-13 17:31:42.905 I/flutter (32202): [Risa] Prefetch index 2: false (no focus, window=2)
02-13 17:31:42.906 I/flutter (32202): [Risa] Prefetch index 0: true (no focus, window=2)
02-13 17:31:42.907 I/flutter (32202): [Risa] Prefetch index 1: true (no focus, window=2)
02-13 17:31:42.907 I/flutter (32202): [Risa] Prefetch index 0: true (no focus, window=2)
02-13 17:31:42.907 I/flutter (32202): [Risa] Prefetch index 1: true (no focus, window=2)
02-13 17:31:42.908 I/flutter (32202): [Risa] Prefetch index 0: true (no focus, window=2)
02-13 17:31:42.908 I/chatty  (32202): uid=10271(com.risa.app) identical 1 line
02-13 17:31:42.908 I/flutter (32202): [Risa] Prefetch index 0: true (no focus, window=2)
02-13 17:31:42.908 I/flutter (32202): [Risa] Prefetch index 1: true (no focus, window=2)
02-13 17:31:42.918 I/flutter (32202): [Risa] LiveTV artwork NONE: channel="Nbc Sports Boston" (id=nbcsportsboston.us) reason=no_current_program_from_epg (hasProgramsForChannel=false, isLoading=true, isParsing=true, availableChannels=4342)
02-13 17:31:42.957 I/flutter (32202): [Risa] Prefetch index 0: true (no focus, window=5)
02-13 17:31:42.958 I/flutter (32202): [Risa] Prefetch index 1: true (no focus, window=5)
02-13 17:31:42.958 I/flutter (32202): [Risa] Prefetch index 2: true (no focus, window=5)
02-13 17:31:42.959 I/flutter (32202): [Risa] Prefetch index 0: true (no focus, window=2)
02-13 17:31:42.960 I/flutter (32202): [Risa] Prefetch index 1: true (no focus, window=2)
02-13 17:31:42.960 I/flutter (32202): [Risa] Prefetch index 2: false (no focus, window=2)
02-13 17:31:42.961 I/flutter (32202): [Risa] Prefetch index 0: true (no focus, window=2)
02-13 17:31:42.961 I/flutter (32202): [Risa] Prefetch index 1: true (no focus, window=2)
02-13 17:31:42.961 I/flutter (32202): [Risa] Prefetch index 0: true (no focus, window=2)
02-13 17:31:42.962 I/flutter (32202): [Risa] Prefetch index 1: true (no focus, window=2)
02-13 17:31:42.962 I/flutter (32202): [Risa] Prefetch index 0: true (no focus, window=2)
02-13 17:31:42.962 I/chatty  (32202): uid=10271(com.risa.app) identical 1 line
02-13 17:31:42.963 I/flutter (32202): [Risa] Prefetch index 0: true (no focus, window=2)
02-13 17:31:42.963 I/flutter (32202): [Risa] Prefetch index 1: true (no focus, window=2)
02-13 17:31:42.995 I/flutter (32202): [Risa] JANK: frame total=69ms build=55ms raster=14ms vsync=0ms
02-13 17:31:42.995 I/flutter (32202): [Risa] JANK: frame total=94ms build=81ms raster=13ms vsync=1ms
02-13 17:31:43.001 I/flutter (32202): [Risa] LiveTV artwork NONE: channel="Nbc Sports Boston" (id=nbcsportsboston.us) reason=no_current_program_from_epg (hasProgramsForChannel=false, isLoading=true, isParsing=true, availableChannels=4342)
02-13 17:31:43.037 W/adbd    ( 3518): timed out while waiting for FUNCTIONFS_BIND, trying again
02-13 17:31:43.037 I/adbd    ( 3518): UsbFfs: connection terminated: monitor thread finished
02-13 17:31:43.037 I/adbd    ( 3518): UsbFfs: already offline
02-13 17:31:43.037 I/adbd    ( 3518): destroying transport UsbFfs
02-13 17:31:43.037 I/adbd    ( 3518): UsbFfsConnection being destroyed
02-13 17:31:43.045 I/flutter (32202): [Risa] Prefetch index 0: true (no focus, window=5)
02-13 17:31:43.046 I/flutter (32202): [Risa] Prefetch index 1: true (no focus, window=5)
02-13 17:31:43.046 I/flutter (32202): [Risa] Prefetch index 2: true (no focus, window=5)
02-13 17:31:43.047 I/flutter (32202): [Risa] Prefetch index 0: true (no focus, window=2)
02-13 17:31:43.047 I/flutter (32202): [Risa] Prefetch index 1: true (no focus, window=2)
02-13 17:31:43.048 I/flutter (32202): [Risa] Prefetch index 2: false (no focus, window=2)
02-13 17:31:43.049 I/flutter (32202): [Risa] Prefetch index 0: true (no focus, window=2)
02-13 17:31:43.049 I/flutter (32202): [Risa] Prefetch index 1: true (no focus, window=2)
02-13 17:31:43.049 I/flutter (32202): [Risa] Prefetch index 0: true (no focus, window=2)
02-13 17:31:43.049 I/flutter (32202): [Risa] Prefetch index 1: true (no focus, window=2)
02-13 17:31:43.050 I/flutter (32202): [Risa] Prefetch index 0: true (no focus, window=2)
02-13 17:31:43.050 I/chatty  (32202): uid=10271(com.risa.app) identical 1 line
02-13 17:31:43.050 I/flutter (32202): [Risa] Prefetch index 0: true (no focus, window=2)
02-13 17:31:43.051 I/flutter (32202): [Risa] Prefetch index 1: true (no focus, window=2)
02-13 17:31:43.067 I/adbd    ( 3518): opening control endpoint /dev/usb-ffs/adb/ep0
02-13 17:31:43.068 I/flutter (32202): [Risa] LiveTV artwork NONE: channel="Nbc Sports Boston" (id=nbcsportsboston.us) reason=no_current_program_from_epg (hasProgramsForChannel=false, isLoading=true, isParsing=true, availableChannels=4342)
02-13 17:31:43.069 I/adbd    ( 3518): UsbFfsConnection constructed
02-13 17:31:43.070 I/adbd    ( 3518): UsbFfs-monitor thread spawned
02-13 17:31:43.114 D/WindowManager( 3714): handleComboKeys keyCode: 4, keyAction: 0
02-13 17:31:43.137 I/flutter (32202): [Risa] Prefetch index 0: true (no focus, window=5)
02-13 17:31:43.137 I/flutter (32202): [Risa] Prefetch index 1: true (no focus, window=5)
02-13 17:31:43.137 I/flutter (32202): [Risa] Prefetch index 2: true (no focus, window=5)
02-13 17:31:43.139 I/flutter (32202): [Risa] Prefetch index 0: true (no focus, window=2)
02-13 17:31:43.139 I/flutter (32202): [Risa] Prefetch index 1: true (no focus, window=2)
02-13 17:31:43.139 I/flutter (32202): [Risa] Prefetch index 2: false (no focus, window=2)
02-13 17:31:43.140 I/flutter (32202): [Risa] Prefetch index 0: true (no focus, window=2)
02-13 17:31:43.140 I/flutter (32202): [Risa] Prefetch index 1: true (no focus, window=2)
02-13 17:31:43.141 I/flutter (32202): [Risa] Prefetch index 0: true (no focus, window=2)
02-13 17:31:43.141 I/flutter (32202): [Risa] Prefetch index 1: true (no focus, window=2)
02-13 17:31:43.141 I/flutter (32202): [Risa] Prefetch index 0: true (no focus, window=2)
02-13 17:31:43.142 I/chatty  (32202): uid=10271(com.risa.app) identical 1 line
02-13 17:31:43.142 I/flutter (32202): [Risa] Prefetch index 0: true (no focus, window=2)
02-13 17:31:43.142 I/flutter (32202): [Risa] Prefetch index 1: true (no focus, window=2)
02-13 17:31:43.149 I/flutter (32202): [Risa] JANK: frame total=90ms build=77ms raster=13ms vsync=0ms
02-13 17:31:43.150 I/flutter (32202): [Risa] JANK: frame total=71ms build=56ms raster=15ms vsync=0ms
02-13 17:31:43.153 I/flutter (32202): [Risa] LiveTV artwork NONE: channel="Nbc Sports Boston" (id=nbcsportsboston.us) reason=no_current_program_from_epg (hasProgramsForChannel=false, isLoading=true, isParsing=true, availableChannels=4342)
02-13 17:31:43.193 I/flutter (32202): [Risa] Prefetch index 0: true (no focus, window=5)
02-13 17:31:43.193 I/flutter (32202): [Risa] Prefetch index 1: true (no focus, window=5)
02-13 17:31:43.193 I/flutter (32202): [Risa] Prefetch index 2: true (no focus, window=5)
02-13 17:31:43.194 I/flutter (32202): [Risa] Prefetch index 0: true (no focus, window=2)
02-13 17:31:43.195 I/flutter (32202): [Risa] Prefetch index 1: true (no focus, window=2)
02-13 17:31:43.195 I/flutter (32202): [Risa] Prefetch index 2: false (no focus, window=2)
02-13 17:31:43.196 I/flutter (32202): [Risa] Prefetch index 0: true (no focus, window=2)
02-13 17:31:43.196 I/flutter (32202): [Risa] Prefetch index 1: true (no focus, window=2)
02-13 17:31:43.197 I/flutter (32202): [Risa] Prefetch index 0: true (no focus, window=2)
02-13 17:31:43.197 I/flutter (32202): [Risa] Prefetch index 1: true (no focus, window=2)
02-13 17:31:43.197 I/flutter (32202): [Risa] Prefetch index 0: true (no focus, window=2)
02-13 17:31:43.198 I/chatty  (32202): uid=10271(com.risa.app) identical 1 line
02-13 17:31:43.198 I/flutter (32202): [Risa] Prefetch index 0: true (no focus, window=2)
02-13 17:31:43.198 I/flutter (32202): [Risa] Prefetch index 1: true (no focus, window=2)
02-13 17:31:43.207 I/flutter (32202): [Risa] MainShell back nav: location=/home, last=/home
02-13 17:31:43.207 I/flutter (32202): [Risa] MainShell back nav: double-back confirmed - going to /exit
02-13 17:31:43.221 I/flutter (32202): [Risa] LiveTV artwork NONE: channel="Nbc Sports Boston" (id=nbcsportsboston.us) reason=no_current_program_from_epg (hasProgramsForChannel=false, isLoading=true, isParsing=true, availableChannels=4342)
02-13 17:31:43.280 I/flutter (32202): [Risa] Prefetch index 0: true (no focus, window=5)
02-13 17:31:43.280 I/flutter (32202): [Risa] Prefetch index 1: true (no focus, window=5)
02-13 17:31:43.281 I/flutter (32202): [Risa] Prefetch index 2: true (no focus, window=5)
02-13 17:31:43.282 I/flutter (32202): [Risa] Prefetch index 0: true (no focus, window=2)
02-13 17:31:43.282 I/flutter (32202): [Risa] Prefetch index 1: true (no focus, window=2)
02-13 17:31:43.282 I/flutter (32202): [Risa] Prefetch index 2: false (no focus, window=2)
02-13 17:31:43.284 I/flutter (32202): [Risa] Prefetch index 0: true (no focus, window=2)
02-13 17:31:43.284 I/flutter (32202): [Risa] Prefetch index 1: true (no focus, window=2)
02-13 17:31:43.285 I/flutter (32202): [Risa] Prefetch index 0: true (no focus, window=2)
02-13 17:31:43.285 I/flutter (32202): [Risa] Prefetch index 1: true (no focus, window=2)
02-13 17:31:43.285 I/flutter (32202): [Risa] Prefetch index 0: true (no focus, window=2)
02-13 17:31:43.285 I/chatty  (32202): uid=10271(com.risa.app) identical 1 line
02-13 17:31:43.286 I/flutter (32202): [Risa] Prefetch index 0: true (no focus, window=2)
02-13 17:31:43.286 I/flutter (32202): [Risa] Prefetch index 1: true (no focus, window=2)
02-13 17:31:43.295 I/flutter (32202): [Risa] content_focus: Shell requesting content focus
02-13 17:31:43.298 I/flutter (32202): [Risa] JANK: frame total=95ms build=81ms raster=14ms vsync=0ms
02-13 17:31:43.298 I/flutter (32202): [Risa] JANK: frame total=66ms build=52ms raster=14ms vsync=2ms
02-13 17:31:43.321 I/flutter (32202): [Risa] LiveTV artwork NONE: channel="Nbc Sports Boston" (id=nbcsportsboston.us) reason=no_current_program_from_epg (hasProgramsForChannel=false, isLoading=true, isParsing=true, availableChannels=4342)
02-13 17:31:43.326 D/WindowManager( 3714): handleComboKeys keyCode: 4, keyAction: 1
02-13 17:31:43.386 I/flutter (32202): [Risa] Prefetch index 0: true (no focus, window=5)
02-13 17:31:43.386 I/flutter (32202): [Risa] Prefetch index 1: true (no focus, window=5)
02-13 17:31:43.386 I/flutter (32202): [Risa] Prefetch index 2: true (no focus, window=5)
02-13 17:31:43.388 I/flutter (32202): [Risa] Prefetch index 0: true (no focus, window=2)
02-13 17:31:43.388 I/flutter (32202): [Risa] Prefetch index 1: true (no focus, window=2)
02-13 17:31:43.388 I/flutter (32202): [Risa] Prefetch index 2: false (no focus, window=2)
02-13 17:31:43.389 I/flutter (32202): [Risa] Prefetch index 0: true (no focus, window=2)
02-13 17:31:43.390 I/flutter (32202): [Risa] Prefetch index 1: true (no focus, window=2)
02-13 17:31:43.390 I/flutter (32202): [Risa] Prefetch index 0: true (no focus, window=2)
02-13 17:31:43.390 I/flutter (32202): [Risa] Prefetch index 1: true (no focus, window=2)
02-13 17:31:43.390 I/flutter (32202): [Risa] Prefetch index 0: true (no focus, window=2)
02-13 17:31:43.391 I/chatty  (32202): uid=10271(com.risa.app) identical 1 line
02-13 17:31:43.391 I/flutter (32202): [Risa] Prefetch index 0: true (no focus, window=2)
02-13 17:31:43.391 I/flutter (32202): [Risa] Prefetch index 1: true (no focus, window=2)
02-13 17:31:43.400 I/flutter (32202): [Risa] content_focus: Focus request succeeded for LiveTVScreen
02-13 17:31:43.400 I/flutter (32202): [Risa] content_focus: Callback succeeded
02-13 17:31:43.404 I/flutter (32202): [Risa] LiveTV artwork NONE: channel="Nbc Sports Boston" (id=nbcsportsboston.us) reason=no_current_program_from_epg (hasProgramsForChannel=false, isLoading=true, isParsing=true, availableChannels=4342)
02-13 17:31:43.444 I/flutter (32202): [Risa] Prefetch index 0: true (no focus, window=5)
02-13 17:31:43.445 I/flutter (32202): [Risa] Prefetch index 1: true (no focus, window=5)
02-13 17:31:43.445 I/flutter (32202): [Risa] Prefetch index 2: true (no focus, window=5)
02-13 17:31:43.446 I/flutter (32202): [Risa] Prefetch index 0: true (no focus, window=2)
02-13 17:31:43.447 I/flutter (32202): [Risa] Prefetch index 1: true (no focus, window=2)
02-13 17:31:43.447 I/flutter (32202): [Risa] Prefetch index 2: false (no focus, window=2)
02-13 17:31:43.448 I/flutter (32202): [Risa] Prefetch index 0: true (no focus, window=2)
02-13 17:31:43.448 I/flutter (32202): [Risa] Prefetch index 1: true (no focus, window=2)
