--------- beginning of main
02-08 20:09:01.377  2133  2133 I SurfaceFlinger: [LayerHierarchy{RequestedLayerState{3f0aedc com.risa.app/com.risa.app.MainActivity#107620} no children}] reparent to OffscreenRoot
02-08 20:09:01.377  2133  2133 I SurfaceFlinger: [LayerHierarchy{RequestedLayerState{3f0aedc com.risa.app/com.risa.app.MainActivity#107620} no children}] RelativeParent to null
02-08 20:09:01.377  2133  2133 I SurfaceFlinger: [LayerHierarchy{RequestedLayerState{ActivityRecord{62960743 u0 com.risa.app/.MainActivity t1300}#107607} 1 children}] reparent to OffscreenRoot
02-08 20:09:01.377  2133  2133 I SurfaceFlinger: [LayerHierarchy{RequestedLayerState{ActivityRecord{62960743 u0 com.risa.app/.MainActivity t1300}#107607} 1 children}] RelativeParent to null
02-08 20:09:01.377  2133  2133 I SurfaceFlinger: [LayerHierarchy{RequestedLayerState{Task=1300#107606 z=49} no children}] reparent to OffscreenRoot
02-08 20:09:01.377  2133  2133 I SurfaceFlinger: [LayerHierarchy{RequestedLayerState{Task=1300#107606 z=49} no children}] RelativeParent to null
02-08 20:09:01.377  2133  2133 I SurfaceFlinger: [LayerHierarchy{RequestedLayerState{Task=1300#107752 z=49} no children}] reparent to OffscreenRoot
02-08 20:09:01.377  2133  2133 I SurfaceFlinger: [LayerHierarchy{RequestedLayerState{Task=1300#107752 z=49} no children}] RelativeParent to null
02-08 20:09:01.379  4798  4798 D SecSTQuickControlRequestReceiver: onReceiveForPackage action = android.intent.action.PACKAGE_RESTARTED, pkgName = com.risa.app
02-08 20:09:01.380  2133  2133 I SurfaceFlinger: id=107752 Removed Task=1300#107752 (324)
02-08 20:09:01.380  2133  2133 I SurfaceFlinger: id=107607 Removed ActivityRecord{62960743 u0 com.risa.app/.MainActivity t1300}#107607 (324)
02-08 20:09:01.380  2133  2133 I SurfaceFlinger: id=107620 Removed 3f0aedc com.risa.app/com.risa.app.MainActivity#107620 (324)
02-08 20:09:01.410  2133  2133 I SurfaceFlinger: destroyed 2fe7781 ActivityRecordInputSink com.risa.app/.MainActivity#107617 form LifecycleManager
02-08 20:09:01.410  2133  2133 I SurfaceFlinger: destroyed Task=1300#107752 form LifecycleManager
02-08 20:09:01.410  2133  2133 I SurfaceFlinger: destroyed 3f0aedc com.risa.app/com.risa.app.MainActivity#107620 form LifecycleManager
02-08 20:09:01.410  2133  2133 I SurfaceFlinger: destroyed ActivityRecord{62960743 u0 com.risa.app/.MainActivity t1300}#107607 form LifecycleManager
02-08 20:09:01.410  2133  2133 I SurfaceFlinger: id=107617 onLayerDestroyed from LayerHierarchyBuilder(RequestedLayerState{2fe7781 ActivityRecordInputSink com.risa.app/.MainActivity#107617 !handle z=-2147483648})
02-08 20:09:01.410  2133  2133 I SurfaceFlinger: id=107752 onLayerDestroyed from LayerHierarchyBuilder(RequestedLayerState{Task=1300#107752 !handle z=49})
02-08 20:09:01.410  2133  2133 I SurfaceFlinger: id=107620 onLayerDestroyed from LayerHierarchyBuilder(RequestedLayerState{3f0aedc com.risa.app/com.risa.app.MainActivity#107620 !handle})
02-08 20:09:01.410  2133  2133 I SurfaceFlinger: id=107607 onLayerDestroyed from LayerHierarchyBuilder(RequestedLayerState{ActivityRecord{62960743 u0 com.risa.app/.MainActivity t1300}#107607 !handle})
02-08 20:09:01.413  2133  2133 I Layer   : id=107617 Destroyed 2fe7781 ActivityRecordInputSink com.risa.app/.MainActivity#107617
02-08 20:09:01.413  2133  2133 I Layer   : id=107752 Destroyed Task=1300#107752
02-08 20:09:01.413  2133  2133 I Layer   : id=107620 Destroyed 3f0aedc com.risa.app/com.risa.app.MainActivity#107620
02-08 20:09:01.413  2133  2133 I Layer   : id=107607 Destroyed ActivityRecord{62960743 u0 com.risa.app/.MainActivity t1300}#107607
02-08 20:09:01.418 27080 27080 I m.samsung.euicc: Using CollectorTypeCMC GC.
02-08 20:09:01.420  2480  4787 D InputTransport: Input channel destroyed: 'ClientS', fd=1411
02-08 20:09:01.420 26457 26457 I adbd    : Remote process closed the socket (on MSG_PEEK)
02-08 20:09:01.423 27080 27080 E m.samsung.euicc: Not starting debugger since process cannot load the jdwp agent.
02-08 20:09:01.431  1890  1890 I Zygote  : Process 23598 exited due to signal 9 (Killed)
02-08 20:09:01.432  2480  2530 I libprocessgroup: Removed cgroup /sys/fs/cgroup/apps/uid_11315/pid_23598
02-08 20:09:01.445  6537  6830 V ClearcutMetricXmitter: Transmission is done.
02-08 20:09:01.496 27080 27080 W FirebaseApp: Default FirebaseApp failed to initialize because no default options were found. This usually means that com.google.gms:google-services was not applied to your gradle project.
02-08 20:09:01.496 27080 27080 I FirebaseInitProvider: FirebaseApp initialization unsuccessful
02-08 20:09:01.499 27080 27080 I SLPASVC : onCreate                                                                                            [at com.samsung.euicc.storage.NotificationProvider.onCreate(NotificationProvider.java:29)]
02-08 20:09:01.499 27080 27080 I SLPASVC : NotificationOpenHelper                                                                              [at com.samsung.euicc.storage.NotificationOpenHelper.<init>(NotificationOpenHelper.java:55)]
02-08 20:09:01.505 27080 27080 I SLPASVC : EsimConfiguration.xml already exist.                                                                [at com.samsung.euicc.storage.ConfigurationProvider.onCreate(ConfigurationProvider.java:161)]
02-08 20:09:01.505 27080 27080 I SLPASVC : ril.supportSA: 0                                                                                    [at com.samsung.euicc.storage.ConfigurationProvider.is5GSA(ConfigurationProvider.java:403)]
02-08 20:09:01.508 27080 27080 I SLPASVC : EsimLoggerDBHelper                                                                                  [at com.samsung.euicc.lpaService.context.database.EsimLoggerDBHelper$OpenHelper.<init>(EsimLoggerDBHelper$OpenHelper.java:259)]
02-08 20:09:01.510 27080 27080 E ashmem  : Pinning is deprecated since Android Q. Please use trim or other methods.
02-08 20:09:01.520 27080 27080 I SLPASVC : EsimLoggerDBHelper                                                                                  [at com.samsung.euicc.lpaService.context.database.EsimLoggerDBHelper$OpenHelper.<init>(EsimLoggerDBHelper$OpenHelper.java:259)]
02-08 20:09:01.522 27080 27080 I SLPASVC : create db: /efs/sec_efs/esim_logs.db                                                                [at com.samsung.euicc.lpaService.context.database.EsimLoggerDBHelper.getEfsInstance(EsimLoggerDBHelper.java:97)]
02-08 20:09:01.531 27080 27080 I SLPASVC : [LPA.CONFIG] [CONFIG] less than a day                                                               [at com.samsung.euicc.lpaService.data.LpaConfig.updateLpaConfig(LpaConfig.java:33)]
02-08 20:09:01.532  1964 21241 I sensors-hal: handle_sns_client_event:375, [0][382855] accel_sample [-0.145, -0.011,  9.890] 302390609456506
--------- beginning of system
02-08 20:09:01.539  2480  4786 D PowerManagerService: [api] release WakeLock DRAW_WAKE_LOCK                    'AbsNotificationIconsOnlyController' ACQ=-344ms (uid=10049 pid=4798 displayId=0 lock=420e562)
02-08 20:09:01.540 27080 27080 I SLPASVC : [LPA.DEV] [LPA] less than a day                                                                     [at com.samsung.euicc.lpaService.data.StubUpdateCheck.updateCheckLpa(StubUpdateCheck.java:135)]
02-08 20:09:01.540 27080 27080 I SLPASVC : [LPA.DEV] [ODA] less than a day                                                                     [at com.samsung.euicc.lpaService.data.StubUpdateCheck.updateCheckOda(StubUpdateCheck.java:171)]
02-08 20:09:01.540 27080 27080 I SLPASVC : [LPA.DEV] [TS43] less than a day                                                                    [at com.samsung.euicc.lpaService.data.StubUpdateCheck.updateCheckTs43(StubUpdateCheck.java:207)]
02-08 20:09:01.541 27080 27104 I LPAPSH  : smds queried once                                                                                   [at com.samsung.euicc.push.SmpInitializer.isSmdsQueriedOnce(SmpInitializer.java:405)]
02-08 20:09:01.545 27080 27080 I IccUtils: UiccSlotInfo: 2071, false                                                                           [at com.samsung.euicc.internal.lib.util.IccUtils.getEuiccList(IccUtils.java:1125)]
02-08 20:09:01.546 27080 27080 I IccUtils: UiccSlotInfo: 5395, true                                                                            [at com.samsung.euicc.internal.lib.util.IccUtils.getEuiccList(IccUtils.java:1125)]
02-08 20:09:01.548 27080 27106 I LpaConnector: BindingState::enter()                                                                               [at com.samsung.euicc.internal.lib.lpa.LpaConnector$BindingState.enter(LpaConnector$BindingState.java:258)]
02-08 20:09:01.548 27080 27106 W ContextImpl: Calling a method in the system process without a qualified user: android.app.ContextImpl.bindService:2167 android.content.ContextWrapper.bindService:908 com.samsung.euicc.internal.lib.lpa.LpaConnector.createBinding:191 com.samsung.euicc.internal.lib.lpa.LpaConnector.-$$Nest$mcreateBinding:0 com.samsung.euicc.internal.lib.lpa.LpaConnector$BindingState.enter:259 
02-08 20:09:01.550  2480  4627 D BackgroundInstallControlService: Package event received: 0
02-08 20:09:01.551 27080 27080 I SLPASVC : EuiccServiceImpl init                                                                               [at com.samsung.euicc.service.EuiccServiceImpl.<init>(EuiccServiceImpl.java:146)]
02-08 20:09:01.553  2480  4786 D KNOX_MDM_SettingsProvider: isChangeAllowed() : name = euicc_downloading
02-08 20:09:01.554 27080 27080 I SLPASVC : EuiccServiceImpl.onBind()                                                                           [at com.samsung.euicc.service.EuiccServiceImpl.onBind(EuiccServiceImpl.java:197)]
02-08 20:09:01.556  5008  5294 D EuiccConnector: handleMessage: E msg.what=4
02-08 20:09:01.556  5008  5294 D EuiccConnector: processMsg: DisconnectedState
02-08 20:09:01.556  5008  5294 D EuiccConnector: transitionTo: destState=ConnectedState
02-08 20:09:01.556  5008  5294 D EuiccConnector: handleMessage: new destination call exit/enter
02-08 20:09:01.556  5008  5294 D EuiccConnector: setupTempStateStackWithStatesToEnter: X mTempStateStackCount=1,curStateInfo: state=DisconnectedState,active=true,parent=null
02-08 20:09:01.556  5008  5294 D EuiccConnector: moveTempStackToStateStack: i=0,j=1
02-08 20:09:01.556  5008  5294 D EuiccConnector: moveTempStackToStateStack: X mStateStackTop=1,startingIndex=1,Top=ConnectedState
02-08 20:09:01.556 27080 27080 I SLPASVC : onCreate(): null                                                                                    [at com.samsung.euicc.lpaService.LpaService.onCreate(LpaService.java:74)]
02-08 20:09:01.556  5008  5294 D EuiccConnector: invokeEnterMethods: ConnectedState
02-08 20:09:01.556  5008  5294 D EuiccConnector: moveDeferredMessageAtFrontOfQueue; what=103
02-08 20:09:01.556  5008  5294 D EuiccConnector: handleMessage: X
02-08 20:09:01.556  5008  5294 D EuiccConnector: handleMessage: E msg.what=103
02-08 20:09:01.556  5008  5294 D EuiccConnector: processMsg: ConnectedState
02-08 20:09:01.557  5008  5294 D EuiccConnector: handleMessage: X
02-08 20:09:01.558 27080 27080 I SLPASVC : MonitorHandler                                                                                      [at com.samsung.euicc.lpaService.MonitorHandler.<init>(MonitorHandler.java:17)]
02-08 20:09:01.561  2480  4786 D PackageManager: setEnabledSetting : userId = 0 packageName = com.samsung.euicc cmp = com.samsung.euicc.service.EuiccServiceImpl newState = 1 callingPackage = com.samsung.euicc
02-08 20:09:01.562  2480  4786 D ApplicationPolicy: getApplicationStateEnabled : pkg = com.samsung.euicc userId : 0
02-08 20:09:01.563  2480  4786 D ApplicationPolicy: getApplicationComponentState : pkg = com.samsung.euicc userId : 0
02-08 20:09:01.564 27080 27080 I SLPASVC : onBind                                                                                              [at com.samsung.euicc.lpaService.LpaService.onBind(LpaService.java:144)]
02-08 20:09:01.565 27080 27112 I SLPASVC : +onGetEuiccProfileInfoList(1)                                                                       [at com.samsung.euicc.service.EuiccServiceImpl.onGetEuiccProfileInfoList(EuiccServiceImpl.java:725)]
02-08 20:09:01.566 27080 27080 I SLPASVC : Size of client sim state listener before remove: 1                                                  [at com.samsung.euicc.lpaService.SimStateReceiver.removeUnregisteredListener(SimStateReceiver.java:56)]
02-08 20:09:01.566 27080 27080 I SLPASVC : Size of client sim state listener after remove: 1                                                   [at com.samsung.euicc.lpaService.SimStateReceiver.removeUnregisteredListener(SimStateReceiver.java:58)]
02-08 20:09:01.566 27080 27080 I SLPASVC : Size of listener: 1                                                                                 [at com.samsung.euicc.lpaService.SimStateReceiver.onReceive(SimStateReceiver.java:69)]
02-08 20:09:01.566 27080 27080 I SLPASVC : SIM intent: android.intent.action.SIM_STATE_CHANGED                                                 [at com.samsung.euicc.lpaService.SimStateReceiver.onReceive(SimStateReceiver.java:70)]
02-08 20:09:01.567 27080 27112 I IccUtils: UiccSlotInfo: 2071, false                                                                           [at com.samsung.euicc.internal.lib.util.IccUtils.getEuiccList(IccUtils.java:1125)]
02-08 20:09:01.567 27080 27080 I SLPASVC : SIM intent = android.intent.action.SIM_STATE_CHANGED                                                [at com.samsung.euicc.lpaService.SimAbsentListener.onReceive(SimAbsentListener.java:168)]
02-08 20:09:01.567 27080 27112 I IccUtils: UiccSlotInfo: 5395, true                                                                            [at com.samsung.euicc.internal.lib.util.IccUtils.getEuiccList(IccUtils.java:1125)]
02-08 20:09:01.567 27080 27080 I SLPASVC : SIM State = LOADED                                                                                  [at com.samsung.euicc.lpaService.SimAbsentListener.onReceive(SimAbsentListener.java:171)]
02-08 20:09:01.567 27080 27112 I SLPASVC : need to connect 1                                                                                   [at com.samsung.euicc.service.EuiccServiceImpl.getTokenForSlotId(EuiccServiceImpl.java:1117)]
02-08 20:09:01.567 27080 27112 I SLPASVC : ListEuiccRequest                                                                                    [at com.samsung.euicc.service.EuiccServiceImpl.connectForSlotId(EuiccServiceImpl.java:1135)]
02-08 20:09:01.567 27080 27112 I SLPASVC : To Service : ListEuiccRequest                                                                       [at com.samsung.euicc.service.EuiccServiceImpl.sendToService(EuiccServiceImpl.java:162)]
02-08 20:09:01.568 27080 27112 I SLPASVC : startLpaService()                                                                                   [at com.samsung.euicc.service.EuiccServiceImpl.startLpaService(EuiccServiceImpl.java:761)]
02-08 20:09:01.568 27080 27112 W ContextImpl: Calling a method in the system process without a qualified user: android.app.ContextImpl.bindService:2167 android.content.ContextWrapper.bindService:908 com.samsung.euicc.service.EuiccServiceImpl.startLpaService:766 com.samsung.euicc.service.EuiccServiceImpl.sendToService:171 com.samsung.euicc.service.EuiccServiceImpl.connectForSlotId:1137 
02-08 20:09:01.569 27080 27080 I SLPASVC : onServiceConnected                                                                                  [at com.samsung.euicc.service.EuiccServiceImpl$LpaServiceConnection.onServiceConnected(EuiccServiceImpl$LpaServiceConnection.java:1244)]
02-08 20:09:01.571 27080 27080 I IccUtils: UiccSlotInfo: 2071, false                                                                           [at com.samsung.euicc.internal.lib.util.IccUtils.getEuiccList(IccUtils.java:1125)]
02-08 20:09:01.571 27080 27080 I IccUtils: UiccSlotInfo: 5395, true                                                                            [at com.samsung.euicc.internal.lib.util.IccUtils.getEuiccList(IccUtils.java:1125)]
02-08 20:09:01.571 27080 27115 I SLPASVC : [+++LPA.DEV+++] SIM_STATE_CHANGED: logicalSlotIndex = 0, physicalSlotIndex = 0, portIndex = 0       [at com.samsung.euicc.lpaService.SimStateReceiver.$r8$lambda$sByOMU3kIjoOql_kdFT4oP94VQg(SimStateReceiver.java:115)]
02-08 20:09:01.572 27080 27080 I SLPASVC : key: 1000                                                                                           [at com.samsung.euicc.lpaService.worker.RxHandler.$r8$lambda$wfThx6vGzFHysqNarhMV2T4xNA4(RxHandler.java:265)]
02-08 20:09:01.572 27080 27115 I SLPASVC : [+++LPA.DEV+++] isEuicc: 0                                                                          [at com.samsung.euicc.lpaService.SimStateReceiver.$r8$lambda$sByOMU3kIjoOql_kdFT4oP94VQg(SimStateReceiver.java:119)]
02-08 20:09:01.572 27080 27080 I SLPASVC : key: com.samsung.euicc                                                                              [at com.samsung.euicc.lpaService.worker.RxHandler.$r8$lambda$wfThx6vGzFHysqNarhMV2T4xNA4(RxHandler.java:265)]
02-08 20:09:01.572 27080 27115 I SLPASVC : [UICC]SIM_STATE_CHANGED[logicalSlotIndex: 0, physicalSlotIndex: 0, port: 0]: LOADED                 [at com.samsung.euicc.lpaService.SimStateReceiver.$r8$lambda$sByOMU3kIjoOql_kdFT4oP94VQg(SimStateReceiver.java:134)]
02-08 20:09:01.572 27080 27080 I SLPASVC : key: 1                                                                                              [at com.samsung.euicc.lpaService.worker.RxHandler.$r8$lambda$wfThx6vGzFHysqNarhMV2T4xNA4(RxHandler.java:265)]
02-08 20:09:01.573 27080 27080 I SLPASVC : key: 8081                                                                                           [at com.samsung.euicc.lpaService.worker.RxHandler.$r8$lambda$wfThx6vGzFHysqNarhMV2T4xNA4(RxHandler.java:265)]
02-08 20:09:01.573 27080 27080 I SLPASVC : From Client: ConnectRequest                                                                         [at com.samsung.euicc.lpaService.worker.RxHandler.preProcessRequest(RxHandler.java:270)]
02-08 20:09:01.574 27080 27080 I SLPASVC : WorkerHandler                                                                                       [at com.samsung.euicc.lpaService.worker.WorkerHandler.<init>(WorkerHandler.java:35)]
02-08 20:09:01.575 27080 27117 I SLPASVC : Es10Factory.create(): 1                                                                             [at com.samsung.euicc.lpaService.gsma.phase2.es10.Es10Factory.create(Es10Factory.java:50)]
02-08 20:09:01.576 27080 27117 I SLPASVC : create MEP A1                                                                                       [at com.samsung.euicc.lpaService.gsma.phase2.es10.Es10Factory.create(Es10Factory.java:53)]
02-08 20:09:01.576 27080 27117 I SLPASVC : create simSlotIndex: 1                                                                              [at com.samsung.euicc.lpaService.gsma.phase2.state.Idle.<init>(Idle.java:55)]
02-08 20:09:01.577 27080 27117 I SLPASVC : notification job scheduler force start by firstInit                                                 [at com.samsung.euicc.lpaService.worker.WorkerHandler$1.run(WorkerHandler$1.java:63)]
02-08 20:09:01.578 27080 27115 I SLPASVC : slotIndex_0: 2026-02-08 20:09:01.578	[UICC]SIM_STATE_CHANGED[logicalSlotIndex: 0, physicalSlotIndex: 0, port: 0]: LOADED[at com.samsung.euicc.util.EuiccSvcLog.sp(EuiccSvcLog.java:108)]
02-08 20:09:01.579 27080 27080 I SLPASVC : To Client: ConnectResponse                                                                          [at com.samsung.euicc.lpaService.worker.RxHandler.sendToClient(RxHandler.java:397)]
02-08 20:09:01.579 27080 27080 I SLPASVC : From Client: ListEuiccRequest                                                                       [at com.samsung.euicc.lpaService.worker.RxHandler.preProcessRequest(RxHandler.java:232)]
02-08 20:09:01.580 27080 27080 I IccUtils: UiccSlotInfo: 2071, false                                                                           [at com.samsung.euicc.internal.lib.util.IccUtils.getEuiccList(IccUtils.java:1125)]
02-08 20:09:01.581 27080 27080 I IccUtils: UiccSlotInfo: 5395, true                                                                            [at com.samsung.euicc.internal.lib.util.IccUtils.getEuiccList(IccUtils.java:1125)]
02-08 20:09:01.581 27080 27080 I SLPASVC : already check valid eID                                                                             [at com.samsung.euicc.util.EuiccUtils.checkValidEuicc(EuiccUtils.java:37)]
02-08 20:09:01.581 27080 27117 I SLPASVC : triggerNotificationService(): 15                                                                    [at com.samsung.euicc.lpaService.gsma.phase2.state.StatePhase2.triggerNotificationService(StatePhase2.java:114)]
02-08 20:09:01.581 27080 27080 I SLPASVC : To Client: ListEuiccResponse                                                                        [at com.samsung.euicc.lpaService.worker.RxHandler.sendToClient(RxHandler.java:397)]
02-08 20:09:01.582 27080 27080 I SLPASVC : From Client: ListProfileRequest (-1146534185, com.samsung.euicc)                                    [at com.samsung.euicc.lpaService.worker.RxHandler.preProcessRequest(RxHandler.java:281)]
02-08 20:09:01.582 27080 27117 E SLPASVC : deleteSentNotificationsFromEuicc                                                                    [at com.samsung.euicc.util.NotificationUtils.deleteSentNotificationsFromEuicc(NotificationUtils.java:140)]
02-08 20:09:01.582 27080 27080 I SLPASVC : worker set busy!                                                                                    [at com.samsung.euicc.lpaService.worker.RxHandler.handleMessage(RxHandler.java:192)]
02-08 20:09:01.582 27080 27080 I SLPASVC : in progress message list size: 1                                                                    [at com.samsung.euicc.lpaService.worker.TxHandler.addInProgressMessage(TxHandler.java:74)]
02-08 20:09:01.583 27080 27080 I SLPASVC : source key: -1146534185, target workerhandler:(com.samsung.euicc,Handler (com.samsung.euicc.lpaService.worker.WorkerHandler) {70ba57})[at com.samsung.euicc.lpaService.worker.RxHandler.handleMessage(RxHandler.java:198)]
02-08 20:09:01.583 27080 27080 I SLPASVC : From Service : ListEuiccResponse                                                                    [at com.samsung.euicc.service.EuiccServiceImpl.retrieveDataFromService(EuiccServiceImpl.java:191)]
02-08 20:09:01.583 27080 27080 I SLPASVC : ListEuiccRequest callback                                                                           [at com.samsung.euicc.service.EuiccServiceImpl.lambda$connectForSlotId$10(EuiccServiceImpl.java:1140)]
02-08 20:09:01.583 27080 27112 I SLPASVC : ConnectRequest slot: 1                                                                              [at com.samsung.euicc.service.EuiccServiceImpl.connectForSlotId(EuiccServiceImpl.java:1171)]
02-08 20:09:01.584 27080 27112 I SLPASVC : To Service : ConnectRequest                                                                         [at com.samsung.euicc.service.EuiccServiceImpl.sendToService(EuiccServiceImpl.java:162)]
02-08 20:09:01.585 27080 27080 I IccUtils: UiccSlotInfo: 2071, false                                                                           [at com.samsung.euicc.internal.lib.util.IccUtils.getEuiccList(IccUtils.java:1125)]
02-08 20:09:01.585 27080 27080 I IccUtils: UiccSlotInfo: 5395, true                                                                            [at com.samsung.euicc.internal.lib.util.IccUtils.getEuiccList(IccUtils.java:1125)]
02-08 20:09:01.585 27080 27080 I SLPASVC : key: 1000                                                                                           [at com.samsung.euicc.lpaService.worker.RxHandler.$r8$lambda$wfThx6vGzFHysqNarhMV2T4xNA4(RxHandler.java:265)]
02-08 20:09:01.585 27080 27080 I SLPASVC : key: com.samsung.euicc                                                                              [at com.samsung.euicc.lpaService.worker.RxHandler.$r8$lambda$wfThx6vGzFHysqNarhMV2T4xNA4(RxHandler.java:265)]
02-08 20:09:01.585 27080 27080 I SLPASVC : key: 1                                                                                              [at com.samsung.euicc.lpaService.worker.RxHandler.$r8$lambda$wfThx6vGzFHysqNarhMV2T4xNA4(RxHandler.java:265)]
02-08 20:09:01.586 27080 27080 I SLPASVC : key: 201                                                                                            [at com.samsung.euicc.lpaService.worker.RxHandler.$r8$lambda$wfThx6vGzFHysqNarhMV2T4xNA4(RxHandler.java:265)]
02-08 20:09:01.586 27080 27080 I SLPASVC : From Client: ConnectRequest                                                                         [at com.samsung.euicc.lpaService.worker.RxHandler.preProcessRequest(RxHandler.java:270)]
02-08 20:09:01.587 27080 27080 I SLPASVC : WorkerHandler                                                                                       [at com.samsung.euicc.lpaService.worker.WorkerHandler.<init>(WorkerHandler.java:35)]
02-08 20:09:01.587 27080 27123 I SLPASVC : Es10Factory.create(): 1                                                                             [at com.samsung.euicc.lpaService.gsma.phase2.es10.Es10Factory.create(Es10Factory.java:50)]
02-08 20:09:01.588 27080 27123 I SLPASVC : create MEP A1                                                                                       [at com.samsung.euicc.lpaService.gsma.phase2.es10.Es10Factory.create(Es10Factory.java:53)]
02-08 20:09:01.588 27080 27123 I SLPASVC : create simSlotIndex: 1                                                                              [at com.samsung.euicc.lpaService.gsma.phase2.state.Idle.<init>(Idle.java:55)]
02-08 20:09:01.589 27080 27117 I SLPASVC : size of listToRemove table: 0                                                                       [at com.samsung.euicc.util.NotificationUtils.deleteSentNotificationsFromEuicc(NotificationUtils.java:144)]
02-08 20:09:01.589 27080 27117 E SLPASVC : ListToRemove table is null                                                                          [at com.samsung.euicc.util.NotificationUtils.deleteSentNotificationsFromEuicc(NotificationUtils.java:148)]
02-08 20:09:01.590 27080 27117 I SLPASVC : addNotificationsToSendDB- 15                                                                        [at com.samsung.euicc.util.NotificationUtils.addNotificationsToSendDB(NotificationUtils.java:197)]
02-08 20:09:01.590 27080 27080 I SLPASVC : To Client: ConnectResponse                                                                          [at com.samsung.euicc.lpaService.worker.RxHandler.sendToClient(RxHandler.java:397)]
02-08 20:09:01.591 27080 27080 I SLPASVC : From Service : ConnectResponse                                                                      [at com.samsung.euicc.service.EuiccServiceImpl.retrieveDataFromService(EuiccServiceImpl.java:191)]
02-08 20:09:01.591 27080 27080 I SLPASVC : ConnectRequest callback slot: 1                                                                     [at com.samsung.euicc.service.EuiccServiceImpl.lambda$connectForSlotId$11(EuiccServiceImpl.java:1177)]
02-08 20:09:01.591 27080 27117 I SLPASVC : Es10Factory.create(): 1                                                                             [at com.samsung.euicc.lpaService.gsma.phase2.es10.Es10Factory.create(Es10Factory.java:50)]
02-08 20:09:01.591 27080 27117 I SLPASVC : create MEP A1                                                                                       [at com.samsung.euicc.lpaService.gsma.phase2.es10.Es10Factory.create(Es10Factory.java:53)]
02-08 20:09:01.592  2667  3349 I bauth_FPBAuthService: pcf : 0x1012, 0 ,1 ,0 ,1 ,0 ,0, 16.0.0.3
02-08 20:09:01.592  2667  3349 I bauth_FPBAuthService: thread id : 1, preenroll_flag : 0, nd cnt : 0, cso : 0, et : 0
02-08 20:09:01.592  2667  3349 I bauth_FPBAuthService: FPBAuthService::timerHandler complete
02-08 20:09:01.592  2480  2527 I SemDvfsHyPerManager: acquire hyper - APP_LAUNCH/2480@302, type = -999
02-08 20:09:01.592  2480  4786 D ActivityTaskManager: startActivityAsUser: callingPid=27116, callingUid=2000, caller=com.android.server.am.ActivityManagerService.startActivityAsUserWithFeature:27 com.android.server.am.ActivityManagerShellCommand.runStartActivity:588 com.android.server.am.ActivityManagerShellCommand.onCommand:2030 com.android.modules.utils.BasicShellCommandHandler.exec:97 android.os.ShellCommand.exec:38 com.android.server.am.ActivityManagerService.onShellCommand:164 android.os.Binder.shellCommand:1187 
02-08 20:09:01.592 27080 27080 I SLPASVC : Connected successfully token: 1348482573                                                            [at com.samsung.euicc.service.EuiccServiceImpl.lambda$connectForSlotId$11(EuiccServiceImpl.java:1180)]
02-08 20:09:01.592  1975  2004 I HYPER-HAL: [RequestManager.cpp]acquire(): Acquired ID : 3871455  [2480 / 302]    HINT : APP_LAUNCH    list : 
02-08 20:09:01.592 27080 27112 I SLPASVC : +blockingSendRequest(): com.samsung.euicc.lib.message.ListProfileRequest@e4e3bae                    [at com.samsung.euicc.service.EuiccServiceImpl.blockingSendRequest(EuiccServiceImpl.java:257)]
02-08 20:09:01.593  2480  4786 W ActivityTaskManager: callingPackage for (uid=2000, pid=27116) has no WPC
02-08 20:09:01.593  2480  4786 D ActivityTaskManager: DesktopModeLaunchParamsModifier: task=null activity=null task null, skipping
02-08 20:09:01.593  2480  4786 D ActivityTaskManager: TaskLaunchParamsModifier:task=null activity=null display-area-from-current-params=null display-area-from-default-fallback=DefaultTaskDisplayArea_d0@22151405 display-id=0 task-display-area-windowing-mode=1 suggested-display-area=DefaultTaskDisplayArea_d0@22151405
02-08 20:09:01.593  2480  4786 W OptProp : Cannot read opt property android.window.PROPERTY_COMPAT_ALLOW_RESIZEABLE_ACTIVITY_OVERRIDES
02-08 20:09:01.593  2480  4786 W OptProp : Cannot read opt property android.window.PROPERTY_COMPAT_ALLOW_MIN_ASPECT_RATIO_OVERRIDE
02-08 20:09:01.594 27080 27109 I SLPASVC : EVENT_LIST_PROFILE_REQUEST                                                                          [at com.samsung.euicc.service.LpaResponseHandler.handleMessage(LpaResponseHandler.java:156)]
02-08 20:09:01.594 27080 27117 I SLPASVC : create portArray: -1                                                                                [at com.samsung.euicc.lpaService.gsma.phase2.es10.uicc.EuiccCommandInterface.get(EuiccCommandInterface.java:46)]
02-08 20:09:01.594  2480  4786 D WindowManager: Transition is created, t=TransitionRecord{1b4e619 id=-1 type=OPEN flags=0x0}, caller=com.android.server.wm.Transition.<init>:182 com.android.server.wm.TransitionController.createAndStartCollecting:106 com.android.server.wm.ActivityStarter.executeRequest:3606 com.android.server.wm.ActivityStarter.execute:1752 com.android.server.wm.ActivityTaskManagerService.startActivityAsUser:95 
02-08 20:09:01.594 27080 27109 I SLPASVC : To Service : ListProfileRequest                                                                     [at com.samsung.euicc.service.EuiccServiceImpl.sendToServiceByHandler(EuiccServiceImpl.java:234)]
02-08 20:09:01.594  2480  4786 D BLASTSyncEngine: SyncGroup is created, id=7410, name=Transition-OPEN, caller=com.android.server.wm.BLASTSyncEngine$SyncGroup.<init>:52 com.android.server.wm.TransitionController.moveToCollecting:79 com.android.server.wm.TransitionController.createAndStartCollecting:109 com.android.server.wm.ActivityStarter.executeRequest:3606 com.android.server.wm.ActivityStarter.execute:1752 com.android.server.wm.ActivityTaskManagerService.startActivityAsUser:95 com.android.server.am.ActivityManagerService.startActivityAsUserWithFeature:27 
02-08 20:09:01.594  2480  4786 W BLASTSyncEngine: setSyncMethod, id=7410, method=0, caller=com.android.server.wm.TransitionController.moveToCollecting:91 com.android.server.wm.TransitionController.createAndStartCollecting:109 com.android.server.wm.ActivityStarter.executeRequest:3606 
02-08 20:09:01.594  2480  4786 V WindowManager: Start collecting in Transition: TransitionRecord{1b4e619 id=7410 type=OPEN flags=0x0}, caller=com.android.server.wm.TransitionController.createAndStartCollecting:109 com.android.server.wm.ActivityStarter.executeRequest:3606 com.android.server.wm.ActivityStarter.execute:1752 com.android.server.wm.ActivityTaskManagerService.startActivityAsUser:95 com.android.server.am.ActivityManagerService.startActivityAsUserWithFeature:27 
02-08 20:09:01.594  2480  4786 V WindowManager: Collecting in transition 7410: ActivityRecord{142067422 u0 com.risa.app/.MainActivity, caller=com.android.server.wm.TransitionController.collect:7 com.android.server.wm.ActivityStarter.startActivityUnchecked:98 com.android.server.wm.ActivityStarter.executeRequest:3651 com.android.server.wm.ActivityStarter.execute:1752 com.android.server.wm.ActivityTaskManagerService.startActivityAsUser:95 
02-08 20:09:01.594 27080 27117 I SLPASVC : create EuiccCommandInterface(): workerId = -1, portIndex = 0                                        [at com.samsung.euicc.lpaService.gsma.phase2.es10.uicc.EuiccCommandInterface.<init>(EuiccCommandInterface.java:36)]
02-08 20:09:01.594  2480  4786 D ActivityTaskManager: DesktopModeLaunchParamsModifier: task=null activity=ActivityRecord{142067422 u0 com.risa.app/.MainActivity t-1} task null, skipping
02-08 20:09:01.595  2480  4786 D ActivityTaskManager: TaskLaunchParamsModifier:task=null activity=ActivityRecord{142067422 u0 com.risa.app/.MainActivity t-1} display-area-from-current-params=null display-area-from-default-fallback=DefaultTaskDisplayArea_d0@22151405 display-id=0 task-display-area-windowing-mode=1 suggested-display-area=DefaultTaskDisplayArea_d0@22151405
02-08 20:09:01.595 27080 27080 I SLPASVC : From Client: ListProfileRequest (1348482573, com.samsung.euicc)                                     [at com.samsung.euicc.lpaService.worker.RxHandler.preProcessRequest(RxHandler.java:281)]
02-08 20:09:01.595  2480  4786 D ActivityTaskManager: DesktopModeLaunchParamsModifier: task=null activity=ActivityRecord{142067422 u0 com.risa.app/.MainActivity t-1} task null, skipping
02-08 20:09:01.595 27080 27080 I SLPASVC : worker is busy!                                                                                     [at com.samsung.euicc.lpaService.worker.RxHandler.handleMessage(RxHandler.java:184)]
02-08 20:09:01.595 27080 27080 I SLPASVC : add pending Request: ListProfileRequest                                                             [at com.samsung.euicc.lpaService.worker.RxHandler.handleMessage(RxHandler.java:185)]
02-08 20:09:01.595  2480  4786 D ActivityTaskManager: TaskLaunchParamsModifier:task=null activity=ActivityRecord{142067422 u0 com.risa.app/.MainActivity t-1} display-area-from-current-params=null display-area-from-default-fallback=DefaultTaskDisplayArea_d0@22151405 display-id=0 task-display-area-windowing-mode=1 suggested-display-area=DefaultTaskDisplayArea_d0@22151405 non-freeform-task-display-area display-area=DefaultTaskDisplayArea_d0@22151405 activity-requested-landscape freeform-size-mismatch=Rect(81, 559 - 999, 1729)
02-08 20:09:01.595 27080 27117 I SLPASVC : create EuiccPhysicalSlot: 1                                                                         [at com.samsung.euicc.lpaService.gsma.phase2.es10.uicc.EuiccCommandInterface$EuiccPhysicalSlot.<init>(EuiccCommandInterface$EuiccPhysicalSlot.java:175)]
02-08 20:09:01.595  2480  4786 D ActivityTaskManager: Temporarily retain top process state for launching app
02-08 20:09:01.596  2133  2286 I SurfaceFlinger: id=107753 createSurf, flag=24004, Task=1301#107753
02-08 20:09:01.596  2480  4786 D ActivityTaskManager: Top Process State changed to PROCESS_STATE_TOP_SLEEPING#2
02-08 20:09:01.596  2480  4786 D ActivityTaskManager: DesktopModeLaunchParamsModifier: task=Task{74b80bf #1301 type=standard I=com.risa.app/.MainActivity} activity=ActivityRecord{142067422 u0 com.risa.app/.MainActivity t-1} non-desktop, skipping
02-08 20:09:01.597  2480  4786 D ActivityTaskManager: TaskLaunchParamsModifier:task=Task{74b80bf #1301 type=standard I=com.risa.app/.MainActivity} activity=ActivityRecord{142067422 u0 com.risa.app/.MainActivity t-1} display-from-task=0 display-id=0 task-display-area-windowing-mode=1 suggested-display-area=DefaultTaskDisplayArea_d0@22151405 inherit-from-task=fullscreen non-freeform-task-display-area display-area=DefaultTaskDisplayArea_d0@22151405 activity-requested-landscape freeform-size-mismatch=Rect(81, 559 - 999, 1729)
02-08 20:09:01.597  8897  8897 I SemDvfsHyPerManager: acquire hyper - APP_START_SHORT/8897@22, type = -999
02-08 20:09:01.597  2480  4786 V WindowManager: Collecting in transition 7410: Task{74b80bf #1301 type=standard I=com.risa.app/.MainActivity}, caller=com.android.server.wm.Transition.collectExistenceChange:40 com.android.server.wm.ActivityStarter.startActivityInner:293 com.android.server.wm.ActivityStarter.startActivityUnchecked:111 com.android.server.wm.ActivityStarter.executeRequest:3651 com.android.server.wm.ActivityStarter.execute:1752 
02-08 20:09:01.597  2480  4786 W OptProp : Cannot read opt property android.window.PROPERTY_COMPAT_ALLOW_ORIENTATION_OVERRIDE
02-08 20:09:01.597  8897  8897 I M0      : limitCPUFreq:: freq = -1
02-08 20:09:01.597  2133  2286 I SurfaceFlinger: id=107754 createSurf, flag=84004, ActivityRecord{142067422 u0 com.risa.app/.MainActivity t1301}#107754
02-08 20:09:01.598  2480  4786 V WindowManager: Checking theme of starting window: 0x7f1200c2
02-08 20:09:01.598 27080 27129 I SLPASVC : EuiccLogicalChannel::openBySlot():  physicalSlotIndex = 1, portIndex = 0                            [at com.samsung.euicc.lpaService.gsma.phase2.es10.uicc.EuiccLogicalChannel.openBySlot(EuiccLogicalChannel.java:251)]
02-08 20:09:01.598  2480  4786 V WindowManager: Translucent=false Floating=false ShowWallpaper=false Disable=false
02-08 20:09:01.598  2480  4786 D ActivityTaskManager: addStartingWindow: type=2 typeParameter=8b
02-08 20:09:01.598  2480  4786 V WindowManager: Creating SplashScreenStartingData
02-08 20:09:01.598  2480  4786 V WindowManager: Add starting ActivityRecord{142067422 u0 com.risa.app/.MainActivity t1301}: startingData=SplashScreenStartingData{424cad5 removeAfterTransaction= 0}
02-08 20:09:01.598  2480  4786 V WindowManager: Added starting ActivityRecord{142067422 u0 com.risa.app/.MainActivity t1301}: startingWindow=null startingView=com.android.server.wm.StartingSurfaceController$StartingSurface@f3572ea
02-08 20:09:01.598  1975  2004 I HYPER-HAL: [RequestManager.cpp]acquire(): Acquired ID : 39778762  [8897 / 22]    HINT : APP_START_LOW_HEAT    list : [TIMEOUT / 1500] 
02-08 20:09:01.598  1975  2004 I HYPER-HAL: [RequestManager.cpp]releaseLocked(): Released ID : 39609453
02-08 20:09:01.599  2480  4786 I AppsFilter: interaction: PackageSetting{eb7139b com.tres3.videochat/11275} -> PackageSetting{dc169db com.risa.app/11315} BLOCKED
02-08 20:09:01.599  2480  4786 I AppsFilter: interaction: PackageSetting{cd45f11 com.android.microdroid.empty_payload/10341} -> PackageSetting{dc169db com.risa.app/11315} BLOCKED
02-08 20:09:01.599  2480  4786 I AppsFilter: interaction: PackageSetting{2e94e77 com.example.iptpvtsubs_2/10832} -> PackageSetting{dc169db com.risa.app/11315} BLOCKED
02-08 20:09:01.599  2480  4786 D WindowManager: App launched activity=ActivityRecord{142067422 u0 com.risa.app/.MainActivity t1301}, state=1
02-08 20:09:01.599  2480  4786 D DeviceReportingSecurityChecker: getStatus
02-08 20:09:01.599  2480  4786 D DeviceReportingSecurityChecker: mIsICDStatus is true
02-08 20:09:01.599  2480  4786 D DeviceReportingSecurityChecker: mIsSim is true
02-08 20:09:01.599  2480  4786 D DeviceReportingSecurityChecker: mIsEchoAppSignature is true
02-08 20:09:01.599  2480  4786 D DeviceReportingSecurityChecker: security check passed
02-08 20:09:01.599  2480  4786 D DeviceReportingSecurityChecker: mIsICDStatus === true mIsSim == true mIsMyAccountSignature== false mIsEchoAppSignature== true mIsSprintHubSignature== false
02-08 20:09:01.601  2480  4310 V InputMethodManagerService: Checking com.google.android.gms/.autofill.service.AutofillInputMethodServiceProxy
02-08 20:09:01.601  2480  4786 V WindowManager: Checking theme of starting window: 0x7f1200c2
02-08 20:09:01.601  2480  4786 V WindowManager: Translucent=false Floating=false ShowWallpaper=false Disable=false
02-08 20:09:01.601  2480  4786 D WindowManager: App launched activity=ActivityRecord{142067422 u0 com.risa.app/.MainActivity t1301}, state=1
02-08 20:09:01.601  2480  4786 D DeviceReportingSecurityChecker: getStatus
02-08 20:09:01.601  2480  4786 D DeviceReportingSecurityChecker: mIsICDStatus is true
02-08 20:09:01.601  2480  4786 D DeviceReportingSecurityChecker: mIsSim is true
02-08 20:09:01.601  2480  4786 D DeviceReportingSecurityChecker: mIsEchoAppSignature is true
02-08 20:09:01.601  2480  4786 D DeviceReportingSecurityChecker: security check passed
02-08 20:09:01.601  2480  4786 D DeviceReportingSecurityChecker: mIsICDStatus === true mIsSim == true mIsMyAccountSignature== false mIsEchoAppSignature== true mIsSprintHubSignature== false
02-08 20:09:01.601  2480  4786 D DeviceReportingSecurityChecker: getStatus
02-08 20:09:01.601  2480  4786 D DeviceReportingSecurityChecker: mIsICDStatus is true
02-08 20:09:01.601  2480  4786 D DeviceReportingSecurityChecker: mIsSim is true
02-08 20:09:01.601  2480  4786 D DeviceReportingSecurityChecker: mIsEchoAppSignature is true
02-08 20:09:01.601  2480  4786 D DeviceReportingSecurityChecker: security check passed
02-08 20:09:01.601  2480  4786 D DeviceReportingSecurityChecker: mIsICDStatus === true mIsSim == true mIsMyAccountSignature== false mIsEchoAppSignature== true mIsSprintHubSignature== false
02-08 20:09:01.601  2480  4310 V InputMethodManagerService: Found an input method InputMethodInfo{com.google.android.gms/.autofill.service.AutofillInputMethodServiceProxy, settings: null, languageSettings: null}
02-08 20:09:01.601  2480  4310 V InputMethodManagerService: Checking com.google.android.tts/com.google.android.apps.speech.tts.googletts.settings.asr.voiceime.VoiceInputMethodService
02-08 20:09:01.601  2480  4310 V InputMethodManagerService: Found an input method InputMethodInfo{com.google.android.tts/com.google.android.apps.speech.tts.googletts.settings.asr.voiceime.VoiceInputMethodService, settings: com.google.android.apps.speech.tts.googletts.settings.asr.voiceime.ui.VoiceImeSettingsActivity, languageSettings: null}
02-08 20:09:01.601  2480  4310 V InputMethodManagerService: Checking com.samsung.android.honeyboard/.service.HoneyBoardService
02-08 20:09:01.601  2480  4786 V WindowManager: Collecting in transition 7410: ActivityRecord{142067422 u0 com.risa.app/.MainActivity t1301}, caller=com.android.server.wm.Transition.collectExistenceChange:40 com.android.server.wm.ActivityStarter.handleStartResult:761 com.android.server.wm.ActivityStarter.startActivityUnchecked:124 com.android.server.wm.ActivityStarter.executeRequest:3651 com.android.server.wm.ActivityStarter.execute:1752 
02-08 20:09:01.601  2480  4786 V WindowManager: Requesting StartTransition: TransitionRecord{1b4e619 id=7410 type=OPEN flags=0x0 c=[
02-08 20:09:01.601  2480  4786 V WindowManager:    ChangeInfo{e2c17af container=DefaultTaskDisplayArea_d0@22151405 flags=0x0}
02-08 20:09:01.601  2480  4786 V WindowManager:    ChangeInfo{85797bc container=Task{74b80bf #1301 type=standard I=com.risa.app/.MainActivity} flags=0x0}
02-08 20:09:01.601  2480  4786 V WindowManager:    ChangeInfo{4ef1345 container=ActivityRecord{142067422 u0 com.risa.app/.MainActivity t1301} flags=0x0}
02-08 20:09:01.601  2480  4786 V WindowManager:    ChangeInfo{e086a9a container=Display{#0 state=DOZE size=1080x2340 ROTATION_0} flags=0x0}
02-08 20:09:01.601  2480  4786 V WindowManager: ]
02-08 20:09:01.601  2480  4786 V WindowManager: }, caller=com.android.server.wm.ActivityStarter.handleStartResult:982 com.android.server.wm.ActivityStarter.startActivityUnchecked:124 com.android.server.wm.ActivityStarter.executeRequest:3651 com.android.server.wm.ActivityStarter.execute:1752 com.android.server.wm.ActivityTaskManagerService.startActivityAsUser:95 
02-08 20:09:01.602  2480  4786 I Pageboost: stop alp
02-08 20:09:01.602  2480  4786 I ActivityTaskManager: START u0 {flg=0x10000000 xflg=0x5 cmp=com.risa.app/.MainActivity} with LAUNCH_SINGLE_TOP from uid 2000 (BAL_ALLOW_PERMISSION) result code=0
02-08 20:09:01.602  2480  4786 I SemDvfsHyPerManager: acquire hyper - AMS_APP_LAUNCH/2480@21, type = -999
02-08 20:09:01.602  5494  5494 E pageboostd: Received HALT command code 2
02-08 20:09:01.604  2480  4310 V InputMethodManagerService: Found an input method InputMethodInfo{com.samsung.android.honeyboard/.service.HoneyBoardService, settings: com.samsung.android.honeyboard.settings.common.HoneyBoardSettingsActivity, languageSettings: null}
02-08 20:09:01.604  2480  4310 V InputMethodManagerService: Checking com.samsung.android.honeyboard/com.samsung.android.writingtoolkit.service.FakeHoneyBoardService
02-08 20:09:01.604  2480  4310 V InputMethodManagerService: Found an input method InputMethodInfo{com.samsung.android.honeyboard/com.samsung.android.writingtoolkit.service.FakeHoneyBoardService, settings: null, languageSettings: null}
02-08 20:09:01.604  2480  4310 V InputMethodManagerService: Checking com.snapchat.android/com.snap.keyboard.lib.SnapKeyboardIME
02-08 20:09:01.604  2480  4310 V InputMethodManagerService: Found an input method InputMethodInfo{com.snapchat.android/com.snap.keyboard.lib.SnapKeyboardIME, settings: com.snap.keyboard.lib.rkr.simplekeyboard.inputmethod.latin.settings.SettingsActivity, languageSettings: null}
02-08 20:09:01.605  2480  4310 V InputMethodManagerService: --- re-buildInputMethodList reset = false 
02-08 20:09:01.605  2480  4310 V InputMethodManagerService:  ------ caller=com.android.server.inputmethod.InputMethodManagerService$MyPackageMonitor.onFinishPackageChanges:399 com.android.internal.content.PackageMonitor.doHandlePackageEvent:596 com.android.internal.content.PackageMonitor.lambda$postHandlePackageEvent$0:435 com.android.internal.content.PackageMonitor.$r8$lambda$bSKEInwdT6Kd7GAyzMZPsXTTqeQ:0 com.android.internal.content.PackageMonitor$$ExternalSyntheticLambda0.run:0 android.os.Handler.handleCallback:995 android.os.Handler.dispatchMessage:103 android.os.Looper.loopOnce:273 android.os.Looper.loop:363 android.os.HandlerThread.run:85 
02-08 20:09:01.604  5196  5308 I HoneySpace.TopTaskSource: onTaskMovedToFront : taskId = 1301, displayId = 0
02-08 20:09:01.605  1975  2004 I HYPER-HAL: [RequestManager.cpp]acquire(): Acquired ID : 3128772  [2480 / 21]    HINT : AMS_APP_LAUNCH    list : 
02-08 20:09:01.606  5196  5311 I HoneySpace.TopTaskUseCase: topTasks 1301 ComponentInfo{com.risa.app/com.risa.app.MainActivity}[displayId=0]
02-08 20:09:01.607  2480  5404 D CompatChangeReporter: Compat change id reported: 377864165; UID 11315; state: ENABLED
02-08 20:09:01.607  5196 22633 I HoneySpace.RecentTasks: onRecentTasksChanged
