02-08 20:09:01.741 27080 27080 I SLPASVC : in progress message list size: 2                                                                    [at com.samsung.euicc.lpaService.worker.TxHandler.addInProgressMessage(TxHandler.java:74)]
02-08 20:09:01.741 27080 27080 I SLPASVC : To Client: ListProfileInfo (-1146534185, com.samsung.euicc)                                         [at com.samsung.euicc.lpaService.worker.TxHandler.sendToClient(TxHandler.java:135)]
02-08 20:09:01.741 27080 27080 I SLPASVC : in progress remove : ListProfileResponse                                                            [at com.samsung.euicc.lpaService.worker.TxHandler.addInProgressMessage(TxHandler.java:65)]
02-08 20:09:01.741 27080 27080 I SLPASVC : in progress clear                                                                                   [at com.samsung.euicc.lpaService.worker.TxHandler.addInProgressMessage(TxHandler.java:68)]
02-08 20:09:01.741 27080 27080 I SLPASVC : request done                                                                                        [at com.samsung.euicc.lpaService.worker.RxHandler.requestDone(RxHandler.java:86)]
02-08 20:09:01.742 27080 27080 I SLPASVC : pending request: 1                                                                                  [at com.samsung.euicc.lpaService.worker.RxHandler.requestDone(RxHandler.java:92)]
02-08 20:09:01.742 27080 27080 I SLPASVC : handling pending request                                                                            [at com.samsung.euicc.lpaService.worker.RxHandler.requestDone(RxHandler.java:98)]
02-08 20:09:01.742 27080 27080 I SLPASVC : trigger pending Request: ListProfileRequest                                                         [at com.samsung.euicc.lpaService.worker.RxHandler.requestDone(RxHandler.java:99)]
02-08 20:09:01.742 27080 27080 I SLPASVC : To Client: ListProfileResponse (-1146534185, com.samsung.euicc)                                     [at com.samsung.euicc.lpaService.worker.TxHandler.sendToClient(TxHandler.java:135)]
02-08 20:09:01.742 27080 27080 I SLPASVC : request done                                                                                        [at com.samsung.euicc.lpaService.worker.RxHandler.requestDone(RxHandler.java:86)]
02-08 20:09:01.742 27080 27080 I SLPASVC : no pending request                                                                                  [at com.samsung.euicc.lpaService.worker.RxHandler.requestDone(RxHandler.java:89)]
02-08 20:09:01.742 27080 27106 W Bundle  : Key MESSAGE_OBJECT expected com.samsung.euicc.lib.message.Response but value was of a different type.  The default value <null> was returned.
02-08 20:09:01.742 27080 27106 W Bundle  : Attempt to cast generated internal exception:
02-08 20:09:01.742 27080 27106 W Bundle  : java.lang.ClassCastException: Cannot cast com.samsung.euicc.lib.message.ListProfileInfo to com.samsung.euicc.lib.message.Response
02-08 20:09:01.742 27080 27106 W Bundle  : 	at java.lang.Class.cast(Class.java:4183)
02-08 20:09:01.742 27080 27106 W Bundle  : 	at android.os.BaseBundle.getValueAt(BaseBundle.java:435)
02-08 20:09:01.742 27080 27106 W Bundle  : 	at android.os.BaseBundle.getValue(BaseBundle.java:397)
02-08 20:09:01.742 27080 27106 W Bundle  : 	at android.os.BaseBundle.getValue(BaseBundle.java:380)
02-08 20:09:01.742 27080 27106 W Bundle  : 	at android.os.BaseBundle.get(BaseBundle.java:765)
02-08 20:09:01.742 27080 27106 W Bundle  : 	at android.os.Bundle.getParcelable(Bundle.java:1121)
02-08 20:09:01.742 27080 27106 W Bundle  : 	at com.samsung.euicc.internal.lib.lpa.LpaConnector$RxHandler.handleMessage(LpaConnector.java:413)
02-08 20:09:01.742 27080 27106 W Bundle  : 	at android.os.Handler.dispatchMessage(Handler.java:110)
02-08 20:09:01.742 27080 27106 W Bundle  : 	at android.os.Looper.loopOnce(Looper.java:273)
02-08 20:09:01.742 27080 27106 W Bundle  : 	at android.os.Looper.loop(Looper.java:363)
02-08 20:09:01.742 27080 27106 W Bundle  : 	at android.os.HandlerThread.run(HandlerThread.java:85)
02-08 20:09:01.743 27080 27080 I SLPASVC : From Client: ListProfileRequest (1348482573, com.samsung.euicc)                                     [at com.samsung.euicc.lpaService.worker.RxHandler.preProcessRequest(RxHandler.java:281)]
02-08 20:09:01.743 27080 27080 I SLPASVC : worker set busy!                                                                                    [at com.samsung.euicc.lpaService.worker.RxHandler.handleMessage(RxHandler.java:192)]
02-08 20:09:01.743 27080 27080 I SLPASVC : in progress message list size: 1                                                                    [at com.samsung.euicc.lpaService.worker.TxHandler.addInProgressMessage(TxHandler.java:74)]
02-08 20:09:01.743 27080 27080 I SLPASVC : source key: 1348482573, target workerhandler:(com.samsung.euicc,Handler (com.samsung.euicc.lpaService.worker.WorkerHandler) {a1feaa0})[at com.samsung.euicc.lpaService.worker.RxHandler.handleMessage(RxHandler.java:198)]
02-08 20:09:01.743 27080 27123 E SLPASVC : not blocking request: ListProfileRequest                                                            [at com.samsung.euicc.lpaService.gsma.phase2.state.Idle.handleMessage(Idle.java:103)]
02-08 20:09:01.744 27080 27123 I SLPASVC : { iccid=0144 profileClass=1 profileState=0 enabledOnEsimPort=0 serviceProviderName=AT&T profileName=Bootstrap V1.0 mccMnc=130083 }[at com.samsung.euicc.lpaService.gsma.phase2.state.ProfileManagement.$r8$lambda$lga_TAtIBAv2hWPLl4BT_4jZSAY(ProfileManagement.java:117)]
02-08 20:09:01.744 27080 27123 I SLPASVC : writeFile : 0                                                                                       [at com.samsung.euicc.util.FileUtils.writeFile(FileUtils.java:30)]
02-08 20:09:01.748 27080 27080 I SLPASVC : in progress message list size: 2                                                                    [at com.samsung.euicc.lpaService.worker.TxHandler.addInProgressMessage(TxHandler.java:74)]
02-08 20:09:01.749 27080 27080 I SLPASVC : To Client: ListProfileInfo (1348482573, com.samsung.euicc)                                          [at com.samsung.euicc.lpaService.worker.TxHandler.sendToClient(TxHandler.java:135)]
02-08 20:09:01.749 27080 27080 I SLPASVC : in progress remove : ListProfileResponse                                                            [at com.samsung.euicc.lpaService.worker.TxHandler.addInProgressMessage(TxHandler.java:65)]
02-08 20:09:01.749 27080 27080 I SLPASVC : in progress clear                                                                                   [at com.samsung.euicc.lpaService.worker.TxHandler.addInProgressMessage(TxHandler.java:68)]
02-08 20:09:01.749 27080 27080 I SLPASVC : request done                                                                                        [at com.samsung.euicc.lpaService.worker.RxHandler.requestDone(RxHandler.java:86)]
02-08 20:09:01.749 27080 27080 I SLPASVC : no pending request                                                                                  [at com.samsung.euicc.lpaService.worker.RxHandler.requestDone(RxHandler.java:89)]
02-08 20:09:01.749 27080 27080 I SLPASVC : To Client: ListProfileResponse (1348482573, com.samsung.euicc)                                      [at com.samsung.euicc.lpaService.worker.TxHandler.sendToClient(TxHandler.java:135)]
02-08 20:09:01.749 27080 27080 I SLPASVC : request done                                                                                        [at com.samsung.euicc.lpaService.worker.RxHandler.requestDone(RxHandler.java:86)]
02-08 20:09:01.749 27080 27080 I SLPASVC : no pending request                                                                                  [at com.samsung.euicc.lpaService.worker.RxHandler.requestDone(RxHandler.java:89)]
02-08 20:09:01.750 27080 27109 I SLPASVC : EVENT_LIST_PROFILE_RESPONSE                                                                         [at com.samsung.euicc.service.LpaResponseHandler.lambda$handleMessage$0(LpaResponseHandler.java:162)]
02-08 20:09:01.750 27080 27109 I SLPASVC : From Service : ListProfileInfo                                                                      [at com.samsung.euicc.service.EuiccServiceImpl.retrieveDataFromService(EuiccServiceImpl.java:191)]
02-08 20:09:01.750 27080 27109 I SLPASVC : EVENT_LIST_PROFILE_RESPONSE                                                                         [at com.samsung.euicc.service.LpaResponseHandler.lambda$handleMessage$0(LpaResponseHandler.java:162)]
02-08 20:09:01.750 27080 27109 I SLPASVC : From Service : ListProfileResponse                                                                  [at com.samsung.euicc.service.EuiccServiceImpl.retrieveDataFromService(EuiccServiceImpl.java:191)]
02-08 20:09:01.750 27080 27109 I SLPASVC : +releaseBlockingSendRequest()                                                                       [at com.samsung.euicc.service.EuiccServiceImpl.releaseBlockingSendRequest(EuiccServiceImpl.java:288)]
02-08 20:09:01.750 27080 27109 I SLPASVC : -releaseBlockingSendRequest()                                                                       [at com.samsung.euicc.service.EuiccServiceImpl.releaseBlockingSendRequest(EuiccServiceImpl.java:297)]
02-08 20:09:01.750 27080 27112 I SLPASVC : -blockingSendRequest()                                                                              [at com.samsung.euicc.service.EuiccServiceImpl.blockingSendRequest(EuiccServiceImpl.java:282)]
02-08 20:09:01.750 27080 27112 I SLPASVC : completed get profile info list !                                                                   [at com.samsung.euicc.service.EuiccServiceImpl.getListProfileInfo(EuiccServiceImpl.java:1291)]
02-08 20:09:01.751 27080 27112 I SLPASVC : completed get profile info list                                                                     [at com.samsung.euicc.service.EuiccServiceImpl.onGetEuiccProfileInfoList(EuiccServiceImpl.java:737)]
02-08 20:09:01.751  5008  5294 D EuiccConnector: handleMessage: E msg.what=6
02-08 20:09:01.751  5008  5294 D EuiccConnector: processMsg: ConnectedState
02-08 20:09:01.751  5008  5294 D EuiccConnector: handleMessage: X
02-08 20:09:01.831  1172  1172 D io_stats: !@   8,0 r 69285754 1199786580 w 24254158 375806264 d 3725547 176874392 f 612260 1388355 iot 13544260 0 th 0 0 0 pt 0 inp 0 0 262711.337
02-08 20:09:01.832  1172  1172 D io_stats: !@ Read_top(KB): ch_zygote(26919) 76100 m.samsung.euicc(27080) 3984 kworker/u16:7(25903) 1564
02-08 20:09:01.832  1172  1172 D io_stats: !@ Write_top(KB): kworker/u16:6(25902) 672 f2fs_ckpt-254:6(1309) 264 ch_zygote(26919) 44
02-08 20:09:01.834  2480  5992 D SGM:GameManager: identifyGamePackage. com.risa.app, mCurrentUserId: 0, callingMethodInfo: com.samsung.android.game.IGameManagerService$Stub.onTransact(IGameManagerService.java:247)
02-08 20:09:01.839  2480  4577 D MdnieScenarioControlService:  packageName : com.risa.app    className : com.risa.app.MainActivity
02-08 20:09:01.839  2480  4577 V MdnieScenarioControlService: setUIMode from UI function(3)
02-08 20:09:01.892 27135 27135 D nativeloader: Configuring clns-9 for other apk /data/app/~~JuFriHpa4WXZtCLZFi5jhg==/com.risa.app-5OEIprkNz1GwU3k699rsMQ==/base.apk. target_sdk_version=36, uses_libraries=, library_path=/data/app/~~JuFriHpa4WXZtCLZFi5jhg==/com.risa.app-5OEIprkNz1GwU3k699rsMQ==/lib/arm64:/data/app/~~JuFriHpa4WXZtCLZFi5jhg==/com.risa.app-5OEIprkNz1GwU3k699rsMQ==/base.apk!/lib/arm64-v8a, permitted_path=/data:/mnt/expand:/data/user/0/com.risa.app
02-08 20:09:01.903 27135 27135 V GraphicsEnvironment: Currently set values for:
02-08 20:09:01.903 27135 27135 V GraphicsEnvironment:   angle_gl_driver_selection_pkgs=[]
02-08 20:09:01.903 27135 27135 V GraphicsEnvironment:   angle_gl_driver_selection_values=[]
02-08 20:09:01.903 27135 27135 V GraphicsEnvironment: com.risa.app is not listed in per-application setting
02-08 20:09:01.903 27135 27135 V GraphicsEnvironment: ANGLE allowlist from config: 
02-08 20:09:01.903 27135 27135 V GraphicsEnvironment: com.risa.app is not listed in ANGLE allowlist or settings, returning default
02-08 20:09:01.903 27135 27135 V GraphicsEnvironment: App is not on the allowlist for updatable production driver.
02-08 20:09:01.931 27135 27135 D WM-WrkMgrInitializer: Initializing WorkManager with default configuration.
02-08 20:09:01.939  2480  4577 V MdnieScenarioControlService: mAclOffEnabled : false
02-08 20:09:01.940 27135 27135 D WM-PackageManagerHelper: Skipping component enablement for androidx.work.impl.background.systemjob.SystemJobService
02-08 20:09:01.940 27135 27135 D WM-Schedulers: Created SystemJobScheduler and enabled SystemJobService
02-08 20:09:01.943  2480  5992 D WindowManager: App launched activity=ActivityRecord{142067422 u0 com.risa.app/.MainActivity t1301}, state=1
02-08 20:09:01.943  2480  5992 V WindowManager: rotationForOrientation(orient=SCREEN_ORIENTATION_NOSENSOR (5), last=ROTATION_0 (0)); user=ROTATION_0 (0) USER_ROTATION_LOCKED
02-08 20:09:01.943  2480  5992 D WindowManager: rotationForOrientation, orientationSource=Window{a3c4349 u0 NotificationShade}
02-08 20:09:01.943  2480  5992 V WindowManager: Computed rotation=ROTATION_0 (0) for display id=0 based on lastOrientation=SCREEN_ORIENTATION_NOSENSOR (5) and oldRotation=ROTATION_0 (0), caller=com.android.server.wm.DisplayRotation.updateOrientation:79 com.android.server.wm.DisplayContent.updateOrientation:41 com.android.server.wm.DisplayContent.updateOrientationAndComputeConfig:48 com.android.server.wm.RootWindowContainer.ensureVisibilityAndConfig:7 com.android.server.wm.ActivityTaskSupervisor.realStartActivityLocked:182 com.android.server.wm.RootWindowContainer.attachApplication:92 
02-08 20:09:01.943  2480  5992 D SGM:FgCheckThread: notifyAppCreated(), packageName: com.risa.app, userId: 0, sendRet: true
02-08 20:09:01.943  2480  4317 D SGM:FgCheckThread: onLooperPrepared(), msg: MSG_APP_CREATE, pkgName: com.risa.app, userId: 0
02-08 20:09:01.944  2480  5992 D SGM:FgCheckThread: TaskStackListener.onTaskFocusChanged(), taskId=8, focused=false
02-08 20:09:01.944  2480  5992 D SGM:FgCheckThread: TaskStackListener.onTaskFocusChanged(), taskId=1301, focused=true
02-08 20:09:01.944  2480  5992 D SGM:FgCheckThread:   sendRunningComponentFocus(), pkgName: com.risa.app, userId: 0
02-08 20:09:01.944  2480  4317 D SGM:FgCheckThread: onLooperPrepared(), msg: MSG_TASK_FOCUSED, pkgName: com.risa.app, userId: 0
02-08 20:09:01.944  2480  5992 D InputDispatcher: Focused application(0): ActivityRecord{142067422 u0 com.risa.app/.MainActivity t1301}
02-08 20:09:01.944  2480  4317 D SGM:FgCheckThread: handleTaskFocused().
02-08 20:09:01.944  2480  4317 D SGM:FgCheckThread:   handleTaskFocused(), pkgName: com.risa.app, userID:0
02-08 20:09:01.944  2480  4317 D SGM:FgCheckThread: handleResume().
02-08 20:09:01.944  2480  4317 D SGM:SystemHelper: callReleaseBlock needReleaseBlock:false
02-08 20:09:01.944  2480  4317 D SGM:FgCheckThread:   handleResume(). device is locked yet. ignore
02-08 20:09:01.944  2480  5992 D ActivityTaskManager: scheduleTopResumedActivityChanged, onTop=true, r=ActivityRecord{142067422 u0 com.risa.app/.MainActivity t1301}, caller=com.android.server.wm.ActivityTaskSupervisor.scheduleTopResumedActivityStateIfNeeded:18 com.android.server.wm.ActivityTaskSupervisor.updateTopResumedActivityIfNeeded:54 com.android.server.wm.TaskFragment.setResumedActivity:30 com.android.server.wm.ActivityRecord.setState:100 com.android.server.wm.ActivityTaskSupervisor.realStartActivityLocked:477 com.android.server.wm.RootWindowContainer.attachApplication:92 
02-08 20:09:01.944  2480  5992 D ActivityTaskManager: scheduleTopResumedActivityChanged, onTop=false, r=ActivityRecord{142067422 u0 com.risa.app/.MainActivity t1301}, caller=com.android.server.wm.ActivityTaskSupervisor.scheduleTopResumedActivityStateLossIfNeeded:19 com.android.server.wm.ActivityTaskSupervisor.updateTopResumedActivityIfNeeded:20 com.android.server.wm.TaskFragment.setResumedActivity:30 com.android.server.wm.ActivityRecord.setState:91 com.android.server.wm.TaskFragment.startPausing$1:209 com.android.server.wm.Task$$ExternalSyntheticLambda37.accept:150 
02-08 20:09:01.944  5196  5308 I HoneySpace.TopTaskSource: onTaskFocusChanged(): taskId = 1301
02-08 20:09:01.945  2480  2517 I ActivityManager: Changes in 11315 19 to 12, 255 to 128
02-08 20:09:01.945  2480  4589 D AS.MultiSoundManager: mForegroundUid = 11315
02-08 20:09:01.945  4798  4798 I {OngoingActivityController}: onTaskFocusChanged but OA data is empty
02-08 20:09:01.945  2480  4616 I CocktailBarManagerServiceContainer: handleMessage: entry what = 5
02-08 20:09:01.945  2480  4616 I CocktailBarManagerServiceImpl: noteResumeComponent : no active host
02-08 20:09:01.946  2480  4905 D GraphicsStatsService: requestRenderEngineFor(com.risa.app)
02-08 20:09:01.946 27135 27135 D ActivityThread: com.risa.app will use render engine as VK
02-08 20:09:01.946  2480  4627 D BackgroundInstallControlService: Package event received: 0
02-08 20:09:01.946 27135 27135 D HWUI    : HWUI - treat SMPTE_170M as sRGB
02-08 20:09:01.946  2480  2517 D SGM:FgCheckThread: noteResumeComponent(), received pkgName: com.risa.app, userId: 0
02-08 20:09:01.946  2480  4317 D SGM:FgCheckThread: onLooperPrepared(), msg: MSG_APP_RESUME, pkgName: com.risa.app, userid: 0
02-08 20:09:01.946  2480  4317 D SGM:FgCheckThread: handleResume().
02-08 20:09:01.946  2480  4317 D SGM:FgCheckThread:   handleResume(). same package with Prev KILL_YOURSELF. ignore
02-08 20:09:01.946  8897 10276 I SDHMS:k : handleResumeComponent : put = com.risa.app, userid = 0 instanceid =253375372
02-08 20:09:01.946  2480  2517 D SGM:GameManager: identifyGamePackage. com.risa.app, mCurrentUserId: 0, callingMethodInfo: com.samsung.android.game.SemGameManager.isGamePackage(SemGameManager.java:106)
02-08 20:09:01.946  2480  2517 D SGM:SemGameManager: isGamePackage(), pkgName=com.risa.app, ret=false
02-08 20:09:01.947  2480  4627 D BackgroundInstallControlService: Package event received: 0
02-08 20:09:01.949 27135 27171 I DisplayManager: Choreographer implicitly registered for the refresh rate.
02-08 20:09:01.951 27135 27171 D HWUI    : CacheManager constructor. deviceInfo=(1080, 1920)
02-08 20:09:01.951 27135 27171 D vulkan  : searching for layers in '/data/app/~~JuFriHpa4WXZtCLZFi5jhg==/com.risa.app-5OEIprkNz1GwU3k699rsMQ==/lib/arm64'
02-08 20:09:01.952 27135 27171 D vulkan  : searching for layers in '/data/app/~~JuFriHpa4WXZtCLZFi5jhg==/com.risa.app-5OEIprkNz1GwU3k699rsMQ==/base.apk!/lib/arm64-v8a'
02-08 20:09:01.954 27135 27135 E ashmem  : Pinning is deprecated since Android Q. Please use trim or other methods.
02-08 20:09:01.985 27135 27174 D nativeloader: Load /data/app/~~JuFriHpa4WXZtCLZFi5jhg==/com.risa.app-5OEIprkNz1GwU3k699rsMQ==/lib/arm64/libflutter.so using class loader ns clns-9 (caller=/data/app/~~JuFriHpa4WXZtCLZFi5jhg==/com.risa.app-5OEIprkNz1GwU3k699rsMQ==/base.apk!classes24.dex): ok
02-08 20:09:01.994 27135 27171 E Adreno-AppProfiles: QSPM AIDL service doesn't exist
02-08 20:09:01.995 27135 27171 I AdrenoVK-0: ===== BEGIN DUMP OF OVERRIDDEN SETTINGS =====
02-08 20:09:01.995 27135 27171 I AdrenoVK-0: ===== END DUMP OF OVERRIDDEN SETTINGS =====
02-08 20:09:02.000 27135 27171 I AdrenoVK-0: QUALCOMM build          : c81b28e1a5, I5a61fcf667
02-08 20:09:02.000 27135 27171 I AdrenoVK-0: Build Date              : 06/20/25
02-08 20:09:02.000 27135 27171 I AdrenoVK-0: Shader Compiler Version : E031.45.02.26
02-08 20:09:02.000 27135 27171 I AdrenoVK-0: Local Branch            : 
02-08 20:09:02.000 27135 27171 I AdrenoVK-0: Remote Branch           : refs/tags/AU_LINUX_ANDROID_LA.VENDOR.14.3.0.11.00.00.973.948
02-08 20:09:02.000 27135 27171 I AdrenoVK-0: Remote Branch           : NONE
02-08 20:09:02.000 27135 27171 I AdrenoVK-0: Reconstruct Branch      : NOTHING
02-08 20:09:02.000 27135 27171 I AdrenoVK-0: Build Config            : S P 16.1.2 AArch64
02-08 20:09:02.000 27135 27171 I AdrenoVK-0: Driver Path             : /vendor/lib64/hw/vulkan.adreno.so
02-08 20:09:02.000 27135 27171 I AdrenoVK-0: Driver Version          : 0762.39
02-08 20:09:02.000 27135 27171 I AdrenoVK-0: PFP                     : 0x01520181
02-08 20:09:02.000 27135 27171 I AdrenoVK-0: ME                      : 0x01520023
02-08 20:09:02.000 27135 27171 I AdrenoVK-0: Application Name    : android framework
02-08 20:09:02.000 27135 27171 I AdrenoVK-0: Application Version : 0x00000000
02-08 20:09:02.000 27135 27171 I AdrenoVK-0: Engine Name         : android framework
02-08 20:09:02.000 27135 27171 I AdrenoVK-0: Engine Version      : 0x00000000
02-08 20:09:02.000 27135 27171 I AdrenoVK-0: Api Version         : 0x00401000
02-08 20:09:02.029 27135 27135 I flutter : [IMPORTANT:flutter/shell/common/shell.cc(527)] [Action Required]: Impeller opt-out deprecated.
02-08 20:09:02.029 27135 27135 I flutter :     The application opted out of Impeller by either using the
02-08 20:09:02.029 27135 27135 I flutter :     `--no-enable-impeller` flag or the
02-08 20:09:02.029 27135 27135 I flutter :     `io.flutter.embedding.android.EnableImpeller` `AndroidManifest.xml` entry.
02-08 20:09:02.029 27135 27135 I flutter :     These options are going to go away in an upcoming Flutter release. Remove
02-08 20:09:02.029 27135 27135 I flutter :     the explicit opt-out. If you need to opt-out, please report a bug describing
02-08 20:09:02.029 27135 27135 I flutter :     the issue.
02-08 20:09:02.029 27135 27135 I flutter : 
02-08 20:09:02.029 27135 27135 I flutter :     https://github.com/flutter/flutter/issues/new?template=02_bug.yml
02-08 20:09:02.029 27135 27135 I flutter : 
02-08 20:09:02.044 12469 12469 I BSS_SysUiManager: handleMessage = 9, 0, 0
02-08 20:09:02.054 27135 27184 I flutter : The Dart VM service is listening on http://127.0.0.1:45103/UjmZfodZWoY=/
02-08 20:09:02.061 27135 27135 I AdrenoGLES-0: QUALCOMM build                   : c81b28e1a5, I5a61fcf667
02-08 20:09:02.061 27135 27135 I AdrenoGLES-0: Build Date                       : 06/20/25
02-08 20:09:02.061 27135 27135 I AdrenoGLES-0: OpenGL ES Shader Compiler Version: E031.45.02.26
02-08 20:09:02.061 27135 27135 I AdrenoGLES-0: Local Branch                     : 
02-08 20:09:02.061 27135 27135 I AdrenoGLES-0: Remote Branch                    : refs/tags/AU_LINUX_ANDROID_LA.VENDOR.14.3.0.11.00.00.973.948
02-08 20:09:02.061 27135 27135 I AdrenoGLES-0: Remote Branch                    : NONE
02-08 20:09:02.061 27135 27135 I AdrenoGLES-0: Reconstruct Branch               : NOTHING
02-08 20:09:02.061 27135 27135 I AdrenoGLES-0: Build Config                     : S P 16.1.2 AArch64
02-08 20:09:02.061 27135 27135 I AdrenoGLES-0: Driver Path                      : /vendor/lib64/egl/libGLESv2_adreno.so
02-08 20:09:02.061 27135 27135 I AdrenoGLES-0: Driver Version                   : 0762.39
02-08 20:09:02.061 27135 27135 I AdrenoGLES-0: Process Name                     : com.risa.app
02-08 20:09:02.065 27135 27135 I AdrenoGLES-0: PFP: 0x01520181, ME: 0x01520023
02-08 20:09:02.069 27135 27135 E Adreno-AppProfiles: QSPM AIDL service doesn't exist
02-08 20:09:02.072 27135 27135 I AdrenoUtils: <ReadGpuID:357>: Reading chip ID through GSL
02-08 20:09:02.078  2081  2129 E HeatmapThread: ECT Thread time in milliseconds: 1770599342
02-08 20:09:02.081  2081  2129 D HeatmapThread: !@ batteryplugType : 2
02-08 20:09:02.081  2081  2129 D HeatmapThread: !@ batteryLevel : 87  batteryTemperature : 300 
02-08 20:09:02.081  2081  2129 D HeatmapThread: !@ Heatmap currtime: 29509989
02-08 20:09:02.081  2081  2129 D HeatmapThread: !@ Heatmap prevtime: 29509965
02-08 20:09:02.081  2081  2129 D HeatmapThread: !@ Heatmap plugstarttime: 29509987
02-08 20:09:02.081  2081  2129 D HeatmapThread: !@ Heatmap prevv_dsoh_update_time: 29508937
02-08 20:09:02.081  2081  2129 E HeatmapThread: !@ CAM New BSOH: 100
02-08 20:09:02.085 27135 27135 D DesktopModeFlags: Toggle override initialized to: OVERRIDE_UNSET
02-08 20:09:02.150 27135 27135 I com.risa.app: hiddenapi: Accessing hidden method Landroid/view/accessibility/AccessibilityNodeInfo;->getSourceNodeId()J (runtime_flags=0, domain=platform, api=unsupported,test-api) from Lio/flutter/view/AccessibilityViewEmbedder$ReflectionAccessors; (domain=app) using reflection: allowed
02-08 20:09:02.150 27135 27135 I com.risa.app: hiddenapi: Accessing hidden method Landroid/view/accessibility/AccessibilityRecord;->getSourceNodeId()J (runtime_flags=0, domain=platform, api=unsupported) from Lio/flutter/view/AccessibilityViewEmbedder$ReflectionAccessors; (domain=app) using reflection: allowed
02-08 20:09:02.150 27135 27135 I com.risa.app: hiddenapi: Accessing hidden field Landroid/view/accessibility/AccessibilityNodeInfo;->mChildNodeIds:Landroid/util/LongArray; (runtime_flags=0, domain=platform, api=unsupported) from Lio/flutter/view/AccessibilityViewEmbedder$ReflectionAccessors; (domain=app) using reflection: allowed
02-08 20:09:02.150 27135 27135 I com.risa.app: hiddenapi: Accessing hidden method Landroid/util/LongArray;->get(I)J (runtime_flags=0, domain=platform, api=unsupported) from Lio/flutter/view/AccessibilityViewEmbedder$ReflectionAccessors; (domain=app) using reflection: allowed
02-08 20:09:02.153  2480  2480 W AccessibilityManagerService:  wait for adding window timeout: 8070
02-08 20:09:02.162 27135 27135 D CompatChangeReporter: Compat change id reported: 377864165; UID 11315; state: ENABLED
02-08 20:09:02.165 27135 27135 I DecorView: setWindowBackground: isPopOver=false color=ff000000 d=android.graphics.drawable.ColorDrawable@49193ce
02-08 20:09:02.168 27135 27135 I CrashLogger: Skipping copyLatestCrashToDownloads() and startup marker (writes disabled).
02-08 20:09:02.174 27135 27135 D ViewRootImpl: desktopMode is false
02-08 20:09:02.175 27135 27135 I ViewRootImpl: dVRR is disabled
02-08 20:09:02.176 27135 27135 D HardwareRenderer: onDisplayChanged. displayId=0 current wxh=1080x2340 mLargest wxh=0x0
02-08 20:09:02.176 27135 27135 D HardwareRenderer: Set largestWidth and largestHeight as logical resolution. (1080x2340)
02-08 20:09:02.176 27135 27171 D HWUI    : setMaxSurfaceArea requested wxh=(1080,2340) requestedSurfaceArea(2527200) mMaxSurfaceArea(2073600)
02-08 20:09:02.176 27135 27171 D NativeCustomFrequencyManager: [NativeCFMS] BpCustomFrequencyManager::BpCustomFrequencyManager()
02-08 20:09:02.181   867   867 I hwservicemanager: getTransport: Cannot find entry android.hardware.graphics.allocator@4.0::IAllocator/default in either framework or device VINTF manifest.
02-08 20:09:02.181  2480  4905 D InputTransport: Input channel constructed: '65c8e4e', fd=1451
02-08 20:09:02.181  2480  4905 D InputTransport: Input channel constructed: '65c8e4e', fd=1453
02-08 20:09:02.181  2480  4905 D InputTransport: Input channel constructed: '65c8e4e', fd=1454
02-08 20:09:02.181  2480  4905 D InputTransport: Input channel destroyed: '65c8e4e', fd=1453
02-08 20:09:02.182  2133  2286 I SurfaceFlinger: id=107757 createSurf, flag=84004, 65c8e4e com.risa.app/com.risa.app.MainActivity#107757
02-08 20:09:02.182  2480  4905 D RestrictionPolicy: isScreenCaptureEnabled : ret=true userId=0
02-08 20:09:02.182  2480  4905 D RestrictionPolicy: isScreenCaptureEnabled : ret=true userId=0
02-08 20:09:02.183  2480  4905 D InputTransport: Input channel destroyed: '65c8e4e', fd=1454
02-08 20:09:02.183  1975  2004 I HYPER-HAL: [RequestManager.cpp]acquire(): Acquired ID : 608043649  [1978 / 32893]    HINT :      list : [TID_LOW_LATENCY / 1] [TID / 27188] [TID / 27189] [TID / 27135] [TID / 27171] 
02-08 20:09:02.183 27135 27135 D InputTransport: Input channel constructed: '65c8e4e', fd=144
02-08 20:09:02.184 27135 27135 I InsetsController: onStateChanged: host=com.risa.app/com.risa.app.MainActivity, from=android.view.ViewRootImpl.onInsetsStateChanged:3026, state=InsetsState: {mDisplayFrame=Rect(0, 0 - 1080, 2340), mDisplayCutout=DisplayCutout{insets=Rect(0, 84 - 0, 0) waterfall=Insets{left=0, top=0, right=0, bottom=0} boundingRect={Bounds=[Rect(0, 0 - 0, 0), Rect(515, 0 - 566, 84), Rect(0, 0 - 0, 0), Rect(0, 0 - 0, 0)]} cutoutPathParserInfo={CutoutPathParserInfo{displayWidth=1080 displayHeight=2340 physicalDisplayWidth=1080 physicalDisplayHeight=2340 density={2.8125} cutoutSpec={M 0,0 H -9.066666666666667 V 29.86666666666667 H 9.066666666666667 V 0 H 0 Z @dp} rotation={0} scale={1.0} physicalPixelDisplaySizeRatio={1.0}}} sideOverrides={}}, mRoundedCorners=RoundedCorners{[RoundedCorner{position=TopLeft, radius=101, center=Point(101, 101)}, RoundedCorner{position=TopRight, radius=101, center=Point(979, 101)}, RoundedCorner{position=BottomRight, radius=101, center=Point(979, 2239)}, RoundedCorner{position=BottomLeft, radius=101, center=Point(101, 2239)}]}  mRoundedCornerFrame=Rect(0, 0 - 1080, 2340), mPrivacyIndicatorBounds=PrivacyIndicatorBounds {static bounds=Rect(956, 0 - 1080, 84) rotation=0}, mDisplayShape=DisplayShape{ spec=1406003047 displayWidth=1080 displayHeight=2340 physicalPixelDisplaySizeRatio=0.75 rotation=0 offsetX=0 offsetY=0 scale=1.0}, mSources= { InsetsSource: {824b0001 mType=navigationBars mFrame=[0,2205][1080,2340] mVisible=false mFlags= mSideHint=BOTTOM mBoundingRects=null}, InsetsSource: {824b0004 mType=systemGestures mFrame=[0,0][0,0] mVisible=true mFlags= mSideHint=NONE mBoundingRects=null}, InsetsSource: {824b0005 mType=mandatorySystemGestures mFrame=[0,2205][1080,2340] mVisible=true mFlags= mSideHint=BOTTOM mBoundingRects=null}, InsetsSource: {824b0006 mType=tappableElement mFrame=[0,2205][1080,2340] mVisible=true mFlags= mSideHint=BOTTOM mBoundingRects=null}, InsetsSource: {824b0024 mType=systemGestures mFrame=[0,0][0,0] mVisible=true mFlags= mSideHint=NONE mBoundingRects=null}, InsetsSource: {3 mType=ime mFrame=[0,0][0,0] mVisible=false mFlags= mSideHint=NONE mBoundingRects=null}, InsetsSource: {27 mType=displayCutout mFrame=[0,0][1080,84] mVisible=true mFlags= mSideHint=TOP mBoundingRects=null}, InsetsSource: {7c560000 mType=statusBars mFrame=[0,0][1080,84] mVisible=true mFlags= mSideHint=TOP mBoundingRects=null}, InsetsSource: {7c560005 mType=mandatorySystemGestures mFrame=[0,0][1080,118] mVisible=true mFlags= mSideHint=TOP mBoundingRects=null}, InsetsSource: {7c560006 mType=tappableElement mFrame=[0,0][1080,84] mVisible=true mFlags= mSideHint=TOP mBoundingRects=null} }
02-08 20:09:02.184  1975  2004 I HYPER-HAL: [RequestManager.cpp]acquire(): Acquired ID : 608043649  [1978 / 32893]    HINT :      list : [TID_LOW_LATENCY / 0] [TID / 27188] [TID / 27189] [TID / 27135] [TID / 27171] 
02-08 20:09:02.184 27135 27135 I VRI[MainActivity]@b9440e7: synced displayState. AttachInfo displayState=3
02-08 20:09:02.186 27135 27135 I VRI[MainActivity]@b9440e7: setView = com.android.internal.policy.DecorView@eda0483 IsHRR=false mFlingFrameRateChange=0 TM=true
02-08 20:09:02.186 27135 27135 I IDS_TAG : Starting IDS observe window
02-08 20:09:02.186 27135 27135 I IDS_TAG : Getting Shared Preference for io.flutter.app.FlutterApplication@985bf6b uid = 11315
02-08 20:09:02.211  2133  2133 I SurfaceFlinger: [65c8e4e com.risa.app/com.risa.app.MainActivity#107757] attach to parent LayerHierarchy{RequestedLayerState{ActivityRecord{142067422 u0 com.risa.app/.MainActivity t1301}#107754 parentId=107753} 2 children}
02-08 20:09:02.244  2133  2133 I SurfaceFlinger: RequestedLayer [65c8e4e com.risa.app/com.risa.app.MainActivity#107757] hidden!! flag  from(1) --> to(0)
02-08 20:09:02.299  1975 27127 I HYPER-HAL: [RequestManager.cpp]releaseLocked(): Released ID : 3871455
02-08 20:09:02.445  2480  2517 W ActivityTaskManager: Activity top resumed state loss timeout for ActivityRecord{142067422 u0 com.risa.app/.MainActivity t1301}
02-08 20:09:02.445  2480  2517 W ActivityTaskManager: Activity pause timeout for ActivityRecord{142067422 u0 com.risa.app/.MainActivity t1301}
02-08 20:09:02.445  2480  2517 D SGM:FgCheckThread: notePauseComponent(), received pkgName: com.risa.app, userId: 0
02-08 20:09:02.446  2480  4616 I CocktailBarManagerServiceContainer: handleMessage: entry what = 6
02-08 20:09:02.446  2480  4616 I CocktailBarManagerServiceImpl: notePauseComponent : no active host
02-08 20:09:02.446  2480  4627 D BackgroundInstallControlService: Package event received: 0
02-08 20:09:02.449  2480  2522 W ActivityManager: Rescheduling restart of crashed service com.sec.android.daemonapp/androidx.room.MultiInstanceInvalidationService in 0ms for mem-pressure-event
02-08 20:09:02.558 27080 27080 W SLPASVC : try Count : 0                                                                                       [at com.samsung.euicc.lpaService.LpaServiceHandler.handleMessage(LpaServiceHandler.java:91)]
02-08 20:09:02.560 27080 27192 I SLPASVC : provisioning profile disabled or no exist                                                           [at com.samsung.euicc.message.DisableProvisioningProfile.lambda$execute$2(DisableProvisioningProfile.java:64)]
02-08 20:09:02.592  2667  3349 I bauth_FPBAuthService: pcf : 0x1012, 0 ,1 ,0 ,1 ,0 ,0, 16.0.0.3
02-08 20:09:02.592  2667  3349 I bauth_FPBAuthService: thread id : 1, preenroll_flag : 0, nd cnt : 0, cso : 0, et : 0
02-08 20:09:02.592  2667  3349 I bauth_FPBAuthService: FPBAuthService::timerHandler complete
02-08 20:09:02.594  8897  9661 I SDHMS:x : SIOP:: AP:337 BAT:300 USB:297 CHG:333 PA:313 WIFI:314 CF:306 BLK:0 SUBBAT:0 LRPTHM:321 SKIN:310 SKINF:310 SKINB:307 LRP2:310 LRF2:310 LRB2:307 AP2:310 CHG2:305 WIFI2:310 RCV2:307 SPK2:294 FCAM:299 UPSPK:310 DNSPK:301 VAP02:323 VWIFI:318 AMB2:267 AVGCUR:1313 AVGSYS:0 POWER:5619
02-08 20:09:02.596  8897  9256 I M0      : limitCPUFreq:: freq = -1
02-08 20:09:02.609  1975 27131 I HYPER-HAL: [RequestManager.cpp]releaseLocked(): Released ID : 3128772
02-08 20:09:02.659 27135 27135 I IDS_TAG : App io.flutter.app.FlutterApplication@985bf6b has not finished training
02-08 20:09:02.662 27135 27135 I flutter : startup: 0ms - main() entry
02-08 20:09:02.668 27135 27135 I flutter : startup: 6ms - Flutter bindings initialized
02-08 20:09:02.668 27135 27135 I flutter : startup: 6ms - Image cache config initialized
02-08 20:09:02.672  5452  6459 I EPDG -- SIM0 [SMARTWIFI]: isProfiling, hash=221759701, started=true
02-08 20:09:02.674  5452  6459 I EPDG -- SIM0 [SMARTWIFI]: isProfiling, hash=221759701, started=true
02-08 20:09:02.674  5452  6459 I EPDG -- SIM0 [SMARTWIFI]: Rssi : -42 highrange : -71 lowrange : -80 mIsRssiInHystersis : false
02-08 20:09:02.674  5452  6459 I EPDG -- SIM0 [SMARTWIFI]: getHandoverThresholdMet: value is: false
02-08 20:09:02.764 27135 27171 D HWUI    : HWUI - treat SMPTE_170M as sRGB
02-08 20:09:02.765 27135 27135 I IDS_TAG : Closing IDS observe window
02-08 20:09:02.765 27135 27135 I IDS_TAG : Getting Shared Preference for io.flutter.app.FlutterApplication@985bf6b uid = 11315
02-08 20:09:02.766 27135 27135 I IDS_TAG : IDS count updated to 3 for io.flutter.app.FlutterApplication@985bf6b
02-08 20:09:02.768  2480  5992 D CoreBackPreview: Window{65c8e4e u0 com.risa.app/com.risa.app.MainActivity}: Setting back callback OnBackInvokedCallbackInfo{mCallback=android.window.IOnBackInvokedCallback$Stub$Proxy@153d7bd, mPriority=-1, mIsAnimationCallback=false, mOverrideBehavior=0}
02-08 20:09:02.771 27135 27135 I WindowExtensionsImpl: Initializing Window Extensions, vendor API level=9, activity embedding enabled=true
02-08 20:09:02.780 27135 27135 I SV[16293721 MainActivity]: onWindowVisibilityChanged(0) true io.flutter.embedding.android.FlutterSurfaceView{f89f59 V.E...... ......I. 0,0-0,0} of VRI[MainActivity]@b9440e7
02-08 20:09:02.780 27135 27135 D SurfaceView: 16293721 updateSurface: has no frame
02-08 20:09:02.781  2480  5992 I WindowManager: Relayout Window{65c8e4e u0 com.risa.app/com.risa.app.MainActivity}: viewVisibility=0 req=1080x2340 ty=1 d0
02-08 20:09:02.782  2133  2286 I SurfaceFlinger: id=107758 createSurf, flag=44004, com.risa.app/com.risa.app.MainActivity$_27135#107758
02-08 20:09:02.782  2480  5992 D WindowManager: makeSurface duration=0 name=com.risa.app/com.risa.app.MainActivity$_27135
02-08 20:09:02.782  2480  5992 D SurfaceComposerClient: setCornerRadius ## 65c8e4e com.risa.app/com.risa.app.MainActivity#107757 cornerRadius=0.000000
02-08 20:09:02.783  2480  5992 I WindowManager: Relayout hash=65c8e4e, pid=27135, syncId=-1: mAttrs={(0,0)(fillxfill) sim={adjust=resize} layoutInDisplayCutoutMode=always ty=BASE_APPLICATION fmt=TRANSLUCENT wanim=0x1030001
02-08 20:09:02.783  2480  5992 I WindowManager:   fl=81810100
02-08 20:09:02.783  2480  5992 I WindowManager:   pfl=100088c0
02-08 20:09:02.783  2480  5992 I WindowManager:   vsysui=500
02-08 20:09:02.783  2480  5992 I WindowManager:   bhv=1
02-08 20:09:02.783  2480  5992 I WindowManager:   fitSides=0
02-08 20:09:02.783  2480  5992 I WindowManager:   frameRateBoostOnTouch=true
02-08 20:09:02.783  2480  5992 I WindowManager:   dvrrWindowFrameRateHint=true naviIconColor=0}
02-08 20:09:02.784 27135 27135 E com.risa.app: Unable to open libpenguin.so: dlopen failed: library "libpenguin.so" not found.
02-08 20:09:02.785 27135 27135 W libc    : Access denied finding property "vendor.display.enable_optimal_refresh_rate"
02-08 20:09:02.785 27135 27135 I BufferQueueProducer: [](id:69ff00000000,api:0,p:252237232,c:27135) setDequeueTimeout:2077252342
02-08 20:09:02.785 27135 27135 I BLASTBufferQueue_Java: new BLASTBufferQueue, mName= VRI[MainActivity]@b9440e7 mNativeObject= 0xb400007c2f0d4680 caller= android.view.ViewRootImpl.updateBlastSurfaceIfNeeded:3585 android.view.ViewRootImpl.relayoutWindow:11685 android.view.ViewRootImpl.performTraversals:4804 android.view.ViewRootImpl.doTraversal:3924 android.view.ViewRootImpl$TraversalRunnable.run:12903 android.view.Choreographer$CallbackRecord.run:1901 android.view.Choreographer$CallbackRecord.run:1910 android.view.Choreographer.doCallbacks:1367 android.view.Choreographer.doFrame:1292 android.view.Choreographer$FrameDisplayEventReceiver.run:1870 
02-08 20:09:02.785 27135 27135 I BLASTBufferQueue_Java: update, w= 1080 h= 2340 mName = VRI[MainActivity]@b9440e7 mNativeObject= 0xb400007c2f0d4680 sc.mNativeObject= 0xb400007d1f081650 format= -3 caller= android.view.ViewRootImpl.updateBlastSurfaceIfNeeded:3590 android.view.ViewRootImpl.relayoutWindow:11685 android.view.ViewRootImpl.performTraversals:4804 android.view.ViewRootImpl.doTraversal:3924 android.view.ViewRootImpl$TraversalRunnable.run:12903 android.view.Choreographer$CallbackRecord.run:1901 
02-08 20:09:02.786 27135 27135 W libc    : Access denied finding property "vendor.display.enable_optimal_refresh_rate"
02-08 20:09:02.786 27135 27135 I VRI[MainActivity]@b9440e7: Relayout returned: old=(0,0,1080,2340) new=(0,0,1080,2340) relayoutAsync=false req=(1080,2340)0 dur=3 res=0x3 s={true 0xb400007caf091ad0} ch=true seqId=0
02-08 20:09:02.787 27135 27135 D VRI[MainActivity]@b9440e7: mThreadedRenderer.initialize() mSurface={isValid=true 0xb400007caf091ad0} hwInitialized=true
02-08 20:09:02.794 27135 27156 I com.risa.app: Compiler allocated 5101KB to compile void android.view.ViewRootImpl.performTraversals()
02-08 20:09:02.795 27135 27135 D SurfaceView: 16293721 updateSurface: has no frame
02-08 20:09:02.795 27135 27135 I SV[16293721 MainActivity]: windowStopped(false) true io.flutter.embedding.android.FlutterSurfaceView{f89f59 V.E...... ......ID 0,0-1080,2340} of VRI[MainActivity]@b9440e7
02-08 20:09:02.795 27135 27135 D SurfaceView: 16293721 updateSurface: has no frame
02-08 20:09:02.796 27135 27135 D VRI[MainActivity]@b9440e7: reportNextDraw android.view.ViewRootImpl.performTraversals:5443 android.view.ViewRootImpl.doTraversal:3924 android.view.ViewRootImpl$TraversalRunnable.run:12903 android.view.Choreographer$CallbackRecord.run:1901 android.view.Choreographer$CallbackRecord.run:1910 
02-08 20:09:02.796 27135 27135 I SurfaceView: 16293721 Changes: creating=true format=true size=true visible=true alpha=false hint=false left=true top=true z=false attached=true lifecycleStrategy=false
02-08 20:09:02.796  2133  4369 I SurfaceFlinger: id=107759 createSurf, flag=20004, Bounds for - com.risa.app/com.risa.app.MainActivity@0#107759
02-08 20:09:02.797  2133  4369 I SurfaceFlinger: id=107760 createSurf, flag=84004, f89f59 SurfaceView[com.risa.app/com.risa.app.MainActivity]@0#107760
02-08 20:09:02.797  2133  4369 I SurfaceFlinger: id=107761 createSurf, flag=44400, f89f59 SurfaceView[com.risa.app/com.risa.app.MainActivity]@0(BLAST)#107761
02-08 20:09:02.797  2133  4369 I SurfaceFlinger: id=107762 createSurf, flag=20404, Background for f89f59 SurfaceView[com.risa.app/com.risa.app.MainActivity]@0#107762
02-08 20:09:02.798 27135 27135 W libc    : Access denied finding property "vendor.display.enable_optimal_refresh_rate"
02-08 20:09:02.798 27135 27135 I BufferQueueProducer: [](id:69ff00000001,api:0,p:0,c:27135) setDequeueTimeout:2077252342
02-08 20:09:02.799 27135 27135 I BLASTBufferQueue_Java: new BLASTBufferQueue, mName= f89f59 SurfaceView[com.risa.app/com.risa.app.MainActivity]@0 mNativeObject= 0xb400007c2f0a0340 caller= android.view.SurfaceView.createBlastSurfaceControls:1781 android.view.SurfaceView.updateSurface:1450 android.view.SurfaceView.lambda$new$0:280 android.view.SurfaceView.$r8$lambda$NfZyM_TG8F8lqzaOVZ7noREFjzU:0 android.view.SurfaceView$$ExternalSyntheticLambda1.onPreDraw:0 android.view.ViewTreeObserver.dispatchOnPreDraw:1229 android.view.ViewRootImpl.performTraversals:5448 android.view.ViewRootImpl.doTraversal:3924 android.view.ViewRootImpl$TraversalRunnable.run:12903 android.view.Choreographer$CallbackRecord.run:1901 
02-08 20:09:02.799 27135 27135 I BLASTBufferQueue_Java: update, w= 1080 h= 2340 mName = f89f59 SurfaceView[com.risa.app/com.risa.app.MainActivity]@0 mNativeObject= 0xb400007c2f0a0340 sc.mNativeObject= 0xb400007d1f083090 format= 4 caller= android.view.SurfaceView.createBlastSurfaceControls:1782 android.view.SurfaceView.updateSurface:1450 android.view.SurfaceView.lambda$new$0:280 android.view.SurfaceView.$r8$lambda$NfZyM_TG8F8lqzaOVZ7noREFjzU:0 android.view.SurfaceView$$ExternalSyntheticLambda1.onPreDraw:0 android.view.ViewTreeObserver.dispatchOnPreDraw:1229 
02-08 20:09:02.799 27135 27135 I SurfaceView: 16293721 Cur surface: Surface(name=null mNativeObject=0)/@0x68021de
02-08 20:09:02.800 27135 27135 D SurfaceComposerClient: setCornerRadius ## f89f59 SurfaceView[com.risa.app/com.risa.app.MainActivity]@0#107760 cornerRadius=0.000000
02-08 20:09:02.800 27135 27135 I SV[16293721 MainActivity]: pST: sr = Rect(0, 0 - 1080, 2340) sw = 1080 sh = 2340
02-08 20:09:02.800 27135 27135 D SurfaceView: 16293721 performSurfaceTransaction RenderWorker position = [0, 0, 1080, 2340] surfaceSize = 1080x2340
02-08 20:09:02.800 27135 27135 W libc    : Access denied finding property "vendor.display.enable_optimal_refresh_rate"
02-08 20:09:02.800 27135 27135 I SV[16293721 MainActivity]: updateSurface: mVisible = true mSurface.isValid() = true
02-08 20:09:02.800 27135 27135 I SV[16293721 MainActivity]: updateSurface: mSurfaceCreated = false surfaceChanged = true visibleChanged = true
02-08 20:09:02.800 27135 27135 I SurfaceView: 16293721 visibleChanged -- surfaceCreated
02-08 20:09:02.800 27135 27135 I SV[16293721 MainActivity]: surfaceCreated 1 #8 io.flutter.embedding.android.FlutterSurfaceView{f89f59 V.E...... ......ID 0,0-1080,2340}
02-08 20:09:02.811  2133  2133 I SurfaceFlinger: [com.risa.app/com.risa.app.MainActivity$_27135#107758] attach to parent LayerHierarchy{RequestedLayerState{65c8e4e com.risa.app/com.risa.app.MainActivity#107757 parentId=107754} 1 children}
02-08 20:09:02.811  2133  2133 I SurfaceFlinger: [Bounds for - com.risa.app/com.risa.app.MainActivity@0#107759] attach to parent LayerHierarchy{RequestedLayerState{com.risa.app/com.risa.app.MainActivity$_27135#107758 parentId=107757} 1 children}
02-08 20:09:02.811  2133  2133 I SurfaceFlinger: [f89f59 SurfaceView[com.risa.app/com.risa.app.MainActivity]@0#107760] attach to parent LayerHierarchy{RequestedLayerState{Bounds for - com.risa.app/com.risa.app.MainActivity@0#107759 parentId=107758} 1 children}
02-08 20:09:02.811  2133  2133 I SurfaceFlinger: [f89f59 SurfaceView[com.risa.app/com.risa.app.MainActivity]@0(BLAST)#107761] attach to parent LayerHierarchy{RequestedLayerState{f89f59 SurfaceView[com.risa.app/com.risa.app.MainActivity]@0#107760 parentId=107759} 1 children}
02-08 20:09:02.811  2133  2133 I SurfaceFlinger: [Background for f89f59 SurfaceView[com.risa.app/com.risa.app.MainActivity]@0#107762] attach to parent LayerHierarchy{RequestedLayerState{f89f59 SurfaceView[com.risa.app/com.risa.app.MainActivity]@0#107760 parentId=107759} 2 children}
02-08 20:09:02.812 27135 27135 I SurfaceView: 16293721 surfaceChanged -- format=4 w=1080 h=2340
02-08 20:09:02.812 27135 27135 I SV[16293721 MainActivity]: surfaceChanged (1080,2340) 1 #8 io.flutter.embedding.android.FlutterSurfaceView{f89f59 V.E...... ......ID 0,0-1080,2340}
02-08 20:09:02.813 27135 27135 I SurfaceView: 16293721 surfaceRedrawNeeded
02-08 20:09:02.813 27135 27135 V SurfaceView: Layout: x=0 y=0 w=1080 h=2340, frame=Rect(0, 0 - 1080, 2340)
02-08 20:09:02.813 27135 27135 D VRI[MainActivity]@b9440e7: Canceling draw. cancelDueToPreDrawListener=true cancelDueToSync=false
02-08 20:09:02.814 27135 27171 D HWUI    : CacheManager::trimMemory(20)
02-08 20:09:02.814 27135 27135 I flutter : startup: 152ms - Image cache limits configured (NORMAL)
02-08 20:09:02.816 27135 27135 I VRI[MainActivity]@b9440e7: stopped(true) old = false
02-08 20:09:02.816 27135 27135 D VRI[MainActivity]@b9440e7: WindowStopped on com.risa.app/com.risa.app.MainActivity set to true
02-08 20:09:02.826 27135 27171 D HWUI    : CacheManager::trimMemory(20)
02-08 20:09:02.829 27135 27135 I SV[16293721 MainActivity]: windowStopped(true) false io.flutter.embedding.android.FlutterSurfaceView{f89f59 V.E...... ......ID 0,0-1080,2340} of VRI[MainActivity]@b9440e7
02-08 20:09:02.829 27135 27135 I SurfaceView: 16293721 Changes: creating=false format=false size=false visible=true alpha=false hint=false left=false top=false z=false attached=true lifecycleStrategy=false
02-08 20:09:02.829 27135 27135 I SurfaceView: 16293721 Cur surface: Surface(name=null mNativeObject=-5476376611369973888)/@0x68021de
02-08 20:09:02.830 27135 27135 D SurfaceComposerClient: setCornerRadius ## f89f59 SurfaceView[com.risa.app/com.risa.app.MainActivity]@0#107760 cornerRadius=0.000000
02-08 20:09:02.830 27135 27135 I SurfaceView: 16293721 surfaceDestroyed
02-08 20:09:02.830 27135 27135 I SV[16293721 MainActivity]: surfaceDestroyed callback.size 1 #1 io.flutter.embedding.android.FlutterSurfaceView{f89f59 V.E...... ......ID 0,0-1080,2340}
02-08 20:09:02.831 27135 27135 I SV[16293721 MainActivity]: updateSurface: mVisible = false mSurface.isValid() = true
02-08 20:09:02.832 27135 27135 I SV[16293721 MainActivity]: releaseSurfaces: viewRoot = VRI[MainActivity]@b9440e7
02-08 20:09:02.833 27135 27135 V SurfaceView: Layout: x=0 y=0 w=1080 h=2340, frame=Rect(0, 0 - 1080, 2340)
02-08 20:09:02.836 27135 27135 D SV[16293721 MainActivity]: updateSurface: surface is not valid
02-08 20:09:02.836 27135 27135 I SV[16293721 MainActivity]: releaseSurfaces: viewRoot = VRI[MainActivity]@b9440e7
02-08 20:09:02.842 27135 27135 I SV[16293721 MainActivity]: onWindowVisibilityChanged(4) false io.flutter.embedding.android.FlutterSurfaceView{f89f59 G.E...... ......ID 0,0-1080,2340} of VRI[MainActivity]@b9440e7
02-08 20:09:02.842 27135 27135 D SV[16293721 MainActivity]: updateSurface: surface is not valid
02-08 20:09:02.842 27135 27135 I SV[16293721 MainActivity]: releaseSurfaces: viewRoot = VRI[MainActivity]@b9440e7
02-08 20:09:02.843 27135 27171 D HWUI    : CacheManager::trimMemory(20)
02-08 20:09:02.845  2133  2133 I SurfaceFlinger: [LayerHierarchy{RequestedLayerState{Bounds for - com.risa.app/com.risa.app.MainActivity@0#107759} 1 children}] reparent to OffscreenRoot
02-08 20:09:02.845  2133  2133 I SurfaceFlinger: [LayerHierarchy{RequestedLayerState{Bounds for - com.risa.app/com.risa.app.MainActivity@0#107759} 1 children}] RelativeParent to null
02-08 20:09:02.845  2480  4905 I WindowManager: Relayout Window{65c8e4e u0 com.risa.app/com.risa.app.MainActivity}: viewVisibility=4 req=1080x2340 ty=1 d0
02-08 20:09:02.846  2480  4905 I WindowManager: Relayout hash=65c8e4e, pid=27135, syncId=-1: mAttrs={(0,0)(fillxfill) sim={adjust=resize} layoutInDisplayCutoutMode=always ty=BASE_APPLICATION fmt=TRANSLUCENT wanim=0x1030001
02-08 20:09:02.846  2480  4905 I WindowManager:   fl=81810100
02-08 20:09:02.846  2480  4905 I WindowManager:   pfl=100088c0
02-08 20:09:02.846  2480  4905 I WindowManager:   vsysui=500
02-08 20:09:02.846  2480  4905 I WindowManager:   bhv=1
02-08 20:09:02.846  2480  4905 I WindowManager:   fitSides=0
02-08 20:09:02.846  2480  4905 I WindowManager:   frameRateBoostOnTouch=true
02-08 20:09:02.846  2480  4905 I WindowManager:   dvrrWindowFrameRateHint=true naviIconColor=0}
02-08 20:09:02.847 27135 27135 I VRI[MainActivity]@b9440e7: Relayout returned: old=(0,0,1080,2340) new=(0,0,1080,2340) relayoutAsync=false req=(1080,2340)4 dur=2 res=0x2 s={false 0x0} ch=false seqId=0
02-08 20:09:02.847 27135 27135 D SV[16293721 MainActivity]: updateSurface: surface is not valid
02-08 20:09:02.847 27135 27135 I SV[16293721 MainActivity]: releaseSurfaces: viewRoot = VRI[MainActivity]@b9440e7
02-08 20:09:02.847 27135 27135 D VRI[MainActivity]@b9440e7: applyTransactionOnDraw applyImmediately
02-08 20:09:02.847 27135 27135 D VRI[MainActivity]@b9440e7: Not drawing due to not visible. Reason=View.INVISIBLE
02-08 20:09:02.848 27135 27135 D VRI[MainActivity]@b9440e7: Pending transaction will not be applied in sync with a draw due to view not visible
02-08 20:09:02.848 27135 27135 I VRI[MainActivity]@b9440e7: mWNT: t=0xb400007c0f096790 mBlastBufferQueue=0xnull fn= 0 HdrRenderState mRenderHdrSdrRatio=1.0 caller= android.view.ViewRootImpl.handleSyncRequestWhenNoAsyncDraw:6733 android.view.ViewRootImpl.performTraversals:5504 android.view.ViewRootImpl.doTraversal:3924 
02-08 20:09:02.864  2929  2941 I FontLog : (REDACTED) Received query %s, URI %s
