02-08 20:09:02.865  2929  2941 I FontLog : (REDACTED) Query [%s] resolved to %s
02-08 20:09:02.867  2929  2941 I FontLog : (REDACTED) Fetch %s end status %s
02-08 20:09:02.869 27135 27135 I flutter : startup: 207ms - SSL handler configured
02-08 20:09:02.870 27135 27135 I flutter : startup: 208ms - HTTP client service initialized
02-08 20:09:02.871 27135 27135 D WindowLayoutComponentImpl: Register WindowLayoutInfoListener on Context=com.risa.app.MainActivity@6708c7e, of which baseContext=android.app.ContextImpl@b19c590
02-08 20:09:02.871  2480  2517 D SGM:FgCheckThread: getForegroundApp(), foregroundPkgName=com.risa.app
02-08 20:09:02.872  2480  2517 D SGM:FgCheckThread: pkgName: com.risa.app is not in foreground
02-08 20:09:02.873  2480  4905 V WindowManager: Setting visibility of Window{65c8e4e u0 com.risa.app/com.risa.app.MainActivity}: false, caller=com.android.server.wm.WindowContainer.sendAppVisibilityToClients:19 com.android.server.wm.WindowToken.setClientVisible:48 com.android.server.wm.ActivityRecord.activityStopped:189 com.android.server.wm.ActivityClientController.activityStopped:97 android.app.IActivityClientController$Stub.onTransact:740 
02-08 20:09:02.873  2480  4905 E WindowManager: win=Window{65c8e4e u0 com.risa.app/com.risa.app.MainActivity} destroySurfaces: appStopped=true cleanupOnResume=false win.mWindowRemovalAllowed=false win.mRemoveOnExit=false win.mViewVisibility=4 caller=com.android.server.wm.ActivityRecord.destroySurfaces:25 com.android.server.wm.ActivityRecord.activityStopped:192 com.android.server.wm.ActivityClientController.activityStopped:97 android.app.IActivityClientController$Stub.onTransact:740 com.android.server.wm.ActivityClientController.onTransact:1 android.os.Binder.execTransactInternal:1462 android.os.Binder.execTransact:1401 
02-08 20:09:02.874  2480  4905 V WindowManager: Schedule remove starting ActivityRecord{142067422 u0 com.risa.app/.MainActivity t1301} startingWindow=Window{9f40c3e u0 Splash Screen com.risa.app} animate=true Callers=com.android.server.wm.ActivityRecord.removeStartingWindow:178 com.android.server.wm.ActivityRecord.activityStopped:195 com.android.server.wm.ActivityClientController.activityStopped:97 android.app.IActivityClientController$Stub.onTransact:740 com.android.server.wm.ActivityClientController.onTransact:1 
02-08 20:09:02.875  4798  4847 D ShellTaskOrganizer: removeStartingWindow, removalInfo=StartingWindowRemovalInfo{taskId=1301 frame=null playRevealAnimation=false roundedCornerRadius=0.0 deferRemoveMode=0 windowlessSurface=false removeImmediately=false}
02-08 20:09:02.876  2480  4627 D BackgroundInstallControlService: Package event received: 0
02-08 20:09:02.878  2133  2133 I SurfaceFlinger: RequestedLayer [Bounds for - com.risa.app/com.risa.app.MainActivity@0#107759] hidden!! flag  from(1) --> to(0)
02-08 20:09:02.878  2133  2133 I SurfaceFlinger: RequestedLayer [Background for f89f59 SurfaceView[co[...]/com.risa.app.MainActivity]@0#107762] hidden!! flag  from(1) --> to(0)
02-08 20:09:02.878  2133  2133 I SurfaceFlinger: [LayerHierarchy{RequestedLayerState{com.risa.app/com.risa.app.MainActivity$_27135#107758} no children}] reparent to OffscreenRoot
02-08 20:09:02.878  2133  2133 I SurfaceFlinger: [LayerHierarchy{RequestedLayerState{com.risa.app/com.risa.app.MainActivity$_27135#107758} no children}] RelativeParent to null
02-08 20:09:02.878  2133  2133 I SurfaceFlinger: [LayerHierarchy{RequestedLayerState{f89f59 SurfaceView[com.risa.app/com.risa.app.MainActivity]@0#107760 z=-2} 2 children}] reparent to OffscreenRoot
02-08 20:09:02.878  2133  2133 I SurfaceFlinger: [LayerHierarchy{RequestedLayerState{f89f59 SurfaceView[com.risa.app/com.risa.app.MainActivity]@0#107760 z=-2} 2 children}] RelativeParent to null
02-08 20:09:02.878  2133  2133 I SurfaceFlinger: [LayerHierarchy{RequestedLayerState{f89f59 SurfaceView[com.risa.app/com.risa.app.MainActivity]@0(BLAST)#107761} no children}] reparent to OffscreenRoot
02-08 20:09:02.878  2133  2133 I SurfaceFlinger: [LayerHierarchy{RequestedLayerState{f89f59 SurfaceView[com.risa.app/com.risa.app.MainActivity]@0(BLAST)#107761} no children}] RelativeParent to null
02-08 20:09:02.878  2133  2133 I SurfaceFlinger: [LayerHierarchy{RequestedLayerState{Background for f89f59 SurfaceView[com.risa.app/com.risa.app.MainActivity]@0#107762 z=-2147483648} no children}] reparent to OffscreenRoot
02-08 20:09:02.878  2133  2133 I SurfaceFlinger: [LayerHierarchy{RequestedLayerState{Background for f89f59 SurfaceView[com.risa.app/com.risa.app.MainActivity]@0#107762 z=-2147483648} no children}] RelativeParent to null
02-08 20:09:02.878  2480  5992 I WindowManager: Relayout Window{9f40c3e u0 Splash Screen com.risa.app}: viewVisibility=8 req=1080x2340 ty=3 d0
02-08 20:09:02.879  2133  2133 I SurfaceFlinger: id=107761 Removed f89f59 SurfaceView[com.risa.app/com.risa.app.MainActivity]@0(BLAST)#107761 (330)
02-08 20:09:02.879  2480  5992 E WindowManager: win=Window{9f40c3e u0 Splash Screen com.risa.app} destroySurfaces: appStopped=true cleanupOnResume=false win.mWindowRemovalAllowed=false win.mRemoveOnExit=false win.mViewVisibility=8 caller=com.android.server.wm.WindowManagerService.tryStartExitingAnimation:134 com.android.server.wm.WindowManagerService.relayoutWindow:1138 com.android.server.wm.Session.relayout:27 android.view.IWindowSession$Stub.onTransact:829 com.android.server.wm.Session.onTransact:1 android.os.Binder.execTransactInternal:1462 android.os.Binder.execTransact:1401 
02-08 20:09:02.879  2133  2133 I SurfaceFlinger: id=107760 Removed f89f59 SurfaceView[com.risa.app/com.risa.app.MainActivity]@0#107760 (330)
02-08 20:09:02.879  2133  2133 I SurfaceFlinger: id=107758 Removed com.risa.app/com.risa.app.MainActivity$_27135#107758 (330)
02-08 20:09:02.879  2133  2133 I SurfaceFlinger: id=107762 Removed Background for f89f59 SurfaceView[com.risa.app/com.risa.app.MainActivity]@0#107762 (330)
02-08 20:09:02.879  2133  2133 I SurfaceFlinger: id=107759 Removed Bounds for - com.risa.app/com.risa.app.MainActivity@0#107759 (330)
02-08 20:09:02.881  2480  5992 I WindowManager: Relayout hash=9f40c3e, pid=4798, syncId=-1: mAttrs={(0,0)(fillxfill) sim={adjust=pan} layoutInDisplayCutoutMode=always ty=APPLICATION_STARTING fmt=TRANSLUCENT wanim=0x1030001
02-08 20:09:02.881  2480  5992 I WindowManager:   fl=81030118
02-08 20:09:02.881  2480  5992 I WindowManager:   pfl=10000810
02-08 20:09:02.881  2480  5992 I WindowManager:   bhv=1
02-08 20:09:02.881  2480  5992 I WindowManager:   fitSides=0
02-08 20:09:02.881  2480  5992 I WindowManager:   frameRateBoostOnTouch=true
02-08 20:09:02.881  2480  5992 I WindowManager:   dvrrWindowFrameRateHint=true naviIconColor=0}
02-08 20:09:02.882  2929  2941 I FontLog : (REDACTED) Pulling font file for id = %d, cache size = %d
02-08 20:09:02.882  4798  4862 I VRI[app]@f3ef75: onActiveControlsChanged, removed=false, mAdded=true, caller=android.view.ViewRootImpl.handleInsetsControlChanged:3002 android.view.ViewRootImpl.relayoutWindow:11629 android.view.ViewRootImpl.performTraversals:4804 android.view.ViewRootImpl.doTraversal:3924 android.view.ViewRootImpl$TraversalRunnable.run:12903 
02-08 20:09:02.883 27135 27135 I flutter : startup: 221ms - Preferred orientations locked (Android)
02-08 20:09:02.883 27135 27135 I flutter : startup: 221ms - Launching main app directly
02-08 20:09:02.883  4798  4862 I VRI[app]@f3ef75: Relayout returned: old=(0,0,1080,2340) new=(0,0,1080,2340) relayoutAsync=false req=(1080,2340)8 dur=4 res=0x2 s={false 0x0} ch=true seqId=0
02-08 20:09:02.883  4798  4862 D VRI[app]@f3ef75: Not drawing due to not visible. Reason=View.GONE
02-08 20:09:02.884 27135 27135 I VRI[MainActivity]@b9440e7: handleAppVisibility mAppVisible = true visible = false
02-08 20:09:02.885  4798  4862 I VRI[app]@f3ef75: dispatchDetachedFromWindow
02-08 20:09:02.885  2480  4786 D WindowManager: Starting window removed Window{9f40c3e u0 Splash Screen com.risa.app}
02-08 20:09:02.885  2480  4786 D InputTransport: Input channel destroyed: '9f40c3e', fd=1411
02-08 20:09:02.885  2480  4786 V WindowManager: Remove Window{9f40c3e u0 Splash Screen com.risa.app}: mSurfaceControl=null mAnimatingExit=false mRemoveOnExit=false mHasSurface=false surfaceShowing=false animating=false app-animation=false callers=com.android.server.wm.Session.remove:16 android.view.IWindowSession$Stub.onTransact:804 com.android.server.wm.Session.onTransact:1 android.os.Binder.execTransactInternal:1462 android.os.Binder.execTransact:1401 <bottom of call stack> 
02-08 20:09:02.887  4798  4862 D InputTransport: Input channel destroyed: '9f40c3e', fd=841
02-08 20:09:02.887 27135 27135 I flutter : startup: 225ms - MyAppState initState
02-08 20:09:02.887 27135 27135 I flutter : startup: 225ms - MyApp initialization: FastStartup init start
02-08 20:09:02.887 27135 27135 I flutter : FastStartup: FastStartup initialization started
02-08 20:09:02.887 27135 27135 I flutter : MemoryMapped: Initialized
02-08 20:09:02.887 27135 27135 I flutter : BackgroundSync: Initialized
02-08 20:09:02.890  2929  2941 I FontLog : (REDACTED) Pulling font file for id = %d, cache size = %d
02-08 20:09:02.893 27135 27135 I flutter : content_focus: Shell registered focus callback token=1
02-08 20:09:02.893 27135 27135 I flutter : content_focus: Registered content focus: LiveTVScreen (token: 1)
02-08 20:09:02.896 27135 27135 I flutter : LocalDbService: init() called, _isInit=false, _initCompleter=false
02-08 20:09:02.896 27135 27135 I flutter : EPG: Quick start initialization
02-08 20:09:02.911  2133  2133 I SurfaceFlinger: destroyed com.risa.app/com.risa.app.MainActivity$_27135#107758 form LifecycleManager
02-08 20:09:02.911  2133  2133 I SurfaceFlinger: destroyed Background for f89f59 SurfaceView[com.risa.app/com.risa.app.MainActivity]@0#107762 form LifecycleManager
02-08 20:09:02.911  2133  2133 I SurfaceFlinger: destroyed f89f59 SurfaceView[com.risa.app/com.risa.app.MainActivity]@0(BLAST)#107761 form LifecycleManager
02-08 20:09:02.911  2133  2133 I SurfaceFlinger: destroyed f89f59 SurfaceView[com.risa.app/com.risa.app.MainActivity]@0#107760 form LifecycleManager
02-08 20:09:02.911  2133  2133 I SurfaceFlinger: destroyed Bounds for - com.risa.app/com.risa.app.MainActivity@0#107759 form LifecycleManager
02-08 20:09:02.911  2133  2133 I SurfaceFlinger: [LayerHierarchy{RequestedLayerState{Splash Screen com.risa.app$_4798#107756} no children}] reparent to OffscreenRoot
02-08 20:09:02.911  2133  2133 I SurfaceFlinger: [LayerHierarchy{RequestedLayerState{Splash Screen com.risa.app$_4798#107756} no children}] RelativeParent to null
02-08 20:09:02.911  2133  2133 I SurfaceFlinger: id=107758 onLayerDestroyed from LayerHierarchyBuilder(RequestedLayerState{com.risa.app/com.risa.app.MainActivity$_27135#107758 !handle})
02-08 20:09:02.911  2133  2133 I SurfaceFlinger: id=107762 onLayerDestroyed from LayerHierarchyBuilder(RequestedLayerState{Background for f89f59 SurfaceView[com.risa.app/com.risa.app.MainActivity]@0#107762 !handle z=-2147483648})
02-08 20:09:02.911  2133  2133 I SurfaceFlinger: id=107761 onLayerDestroyed from LayerHierarchyBuilder(RequestedLayerState{f89f59 SurfaceView[com.risa.app/com.risa.app.MainActivity]@0(BLAST)#107761 !handle})
02-08 20:09:02.911  2133  2133 I SurfaceFlinger: id=107760 onLayerDestroyed from LayerHierarchyBuilder(RequestedLayerState{f89f59 SurfaceView[com.risa.app/com.risa.app.MainActivity]@0#107760 !handle z=-2})
02-08 20:09:02.911  2133  2133 I SurfaceFlinger: id=107759 onLayerDestroyed from LayerHierarchyBuilder(RequestedLayerState{Bounds for - com.risa.app/com.risa.app.MainActivity@0#107759 !handle})
02-08 20:09:02.912  2133  2133 I Layer   : id=107758 Destroyed com.risa.app/com.risa.app.MainActivity$_27135#107758
02-08 20:09:02.912  2133  2133 I Layer   : id=107762 Destroyed Background for f89f59 SurfaceView[com.risa.app/com.risa.app.MainActivity]@0#107762
02-08 20:09:02.912  2133  2133 I Layer   : id=107761 Destroyed f89f59 SurfaceView[com.risa.app/com.risa.app.MainActivity]@0(BLAST)#107761
02-08 20:09:02.912  2133  2133 I Layer   : id=107760 Destroyed f89f59 SurfaceView[com.risa.app/com.risa.app.MainActivity]@0#107760
02-08 20:09:02.912  2133  2133 I Layer   : id=107759 Destroyed Bounds for - com.risa.app/com.risa.app.MainActivity@0#107759
02-08 20:09:02.912  2133  2133 I SurfaceFlinger: id=107756 Removed Splash Screen com.risa.app$_4798#107756 (325)
02-08 20:09:02.914 27135 27135 I flutter : ChannelProvider: Category isolate compute took 20ms
02-08 20:09:02.914 27135 27135 I flutter : ChannelProvider: Found 0 categories from 0 channels
02-08 20:09:02.914 27135 27135 I flutter : ChannelProvider: Category compute total 20ms
02-08 20:09:02.914 27135 27135 I flutter : LiveTV: Fetched 0 categories
02-08 20:09:02.916 27135 27135 I flutter : LiveTV: Fetched 0 categories
02-08 20:09:02.916 27135 27135 I flutter : LocalDbService: Opening database at /data/user/0/com.risa.app/app_flutter/iptv_local.db
02-08 20:09:02.924  2480  4905 D CoreBackPreview: Window{65c8e4e u0 com.risa.app/com.risa.app.MainActivity}: Setting back callback OnBackInvokedCallbackInfo{mCallback=android.window.IOnBackInvokedCallback$Stub$Proxy@3034175, mPriority=0, mIsAnimationCallback=true, mOverrideBehavior=0}
02-08 20:09:02.925 27135 27135 W WindowOnBackDispatcher: sendCancelIfRunning: isInProgress=false callback=io.flutter.embedding.android.FlutterActivity$1@39d371c
02-08 20:09:02.925  2480  4905 D CoreBackPreview: Window{65c8e4e u0 com.risa.app/com.risa.app.MainActivity}: Setting back callback OnBackInvokedCallbackInfo{mCallback=android.window.IOnBackInvokedCallback$Stub$Proxy@bd2b50a, mPriority=-1, mIsAnimationCallback=false, mOverrideBehavior=0}
02-08 20:09:02.945  2133  2133 I SurfaceFlinger: destroyed Splash Screen com.risa.app$_4798#107756 form LifecycleManager
02-08 20:09:02.945  2133  2133 I SurfaceFlinger: [LayerHierarchy{RequestedLayerState{9f40c3e Splash Screen com.risa.app#107755 z=2147483647} no children}] reparent to OffscreenRoot
02-08 20:09:02.945  2133  2133 I SurfaceFlinger: [LayerHierarchy{RequestedLayerState{9f40c3e Splash Screen com.risa.app#107755 z=2147483647} no children}] RelativeParent to null
02-08 20:09:02.945  2133  2133 I SurfaceFlinger: id=107756 onLayerDestroyed from LayerHierarchyBuilder(RequestedLayerState{Splash Screen com.risa.app$_4798#107756 !handle})
02-08 20:09:02.947 27135 27135 I flutter : content_focus: Shell unregistered focus callback token=1
02-08 20:09:02.947 27135 27135 I flutter : content_focus: Shell registered focus callback token=2
02-08 20:09:02.947 27135 27135 I flutter : content_focus: Registered content focus: LiveTVScreen (token: 2)
02-08 20:09:02.947  2133  2133 I Layer   : id=107756 Destroyed Splash Screen com.risa.app$_4798#107756
02-08 20:09:02.948  2133  2133 I SurfaceFlinger: id=107755 Removed 9f40c3e Splash Screen com.risa.app#107755 (324)
02-08 20:09:02.978  2133  2133 I SurfaceFlinger: destroyed 9f40c3e Splash Screen com.risa.app#107755 form LifecycleManager
02-08 20:09:02.978  2133  2133 I SurfaceFlinger: id=107755 onLayerDestroyed from LayerHierarchyBuilder(RequestedLayerState{9f40c3e Splash Screen com.risa.app#107755 !handle z=2147483647})
02-08 20:09:02.979  2133  2133 I Layer   : id=107755 Destroyed 9f40c3e Splash Screen com.risa.app#107755
02-08 20:09:02.993 27135 27135 I flutter : SmartCache: Initialized
02-08 20:09:02.993 27135 27135 I flutter : FastStartup: FastStartup initialization completed (+106ms)
02-08 20:09:02.993 27135 27135 I flutter : startup: 331ms - MyApp initialization: FastStartup init finished
02-08 20:09:02.993 27135 27135 I flutter : startup: 331ms - MyApp initialization: clear old playlists
02-08 20:09:02.993 27135 27135 I flutter : startup: 331ms - MyApp initialization: playlists cleared
02-08 20:09:02.993 27135 27135 I flutter : startup: 331ms - MyApp initialization: check disclaimer
02-08 20:09:02.993 27135 27135 I flutter : startup: 331ms - MyApp initialization: disclaimer checked
02-08 20:09:02.993 27135 27135 I flutter : startup: 331ms - MyApp initialization: check/load playlist
02-08 20:09:02.993 27135 27135 I flutter : startup: 331ms - MyApp initialization: playlist check finished
02-08 20:09:02.993 27135 27135 I flutter : startup: 331ms - MyApp initialization: complete
02-08 20:09:03.011 27135 27135 I flutter : startup: 349ms - ChannelProvider.autoLoadPlaylist invoked
02-08 20:09:03.012 27135 27135 I flutter : ChannelProvider: Auto-loading playlist...
02-08 20:09:03.012 27135 27135 I flutter : LocalDbService: init() called, _isInit=true, _initCompleter=false
02-08 20:09:03.012 27135 27135 I flutter : LocalDbService: DB already initialized and open
02-08 20:09:03.025 27135 27135 I flutter : ChannelProvider: DB cache incomplete (5570/7134), but loading anyway to prevent placeholder
02-08 20:09:03.025  1964 11203 I sensors-hal: handle_sns_client_event:341, [69751] mag_sample_cal(magcal_available:1): ts=302392082160360 ns; cal = [0.589569, 8.582047, -31.349808], uncal = [-91.090431, 69.362045, -127.529808], bias = [-91.680000, 60.779999, -96.180000], status=3
02-08 20:09:03.027  2480  4905 D PowerManagerService: [api] release WakeLock DRAW_WAKE_LOCK                    'charging_info' ACQ=-5s502ms (uid=10049 pid=4798 displayId=0 lock=628fe33)
02-08 20:09:03.032  2480  4905 D PowerManagerService: displayReady: false groupId=0
02-08 20:09:03.032  2480  2925 D DisplayPowerController[0]: animateScreenStateChange: target=DOZE_SUSPEND, mIsEnabled=true
02-08 20:09:03.033  2480  4905 D PowerManagerService: [PWL] sb acquire: PowerManagerService.Display
02-08 20:09:03.035  2480  2925 I DisplayPowerController[0]: BrightnessEvent: brt=0.18431373 (68.0%), nits= 56.377, lux=-1.0, reason=doze, strat=DozeBrightnessStrategy, state=DOZE_SUSPEND, stateReason=UNKNOWN, policy=DOZE, flags=low_power_mode , initBrt=0.18431373, rcmdBrt=NaN, preBrt=NaN, preLux=0.0, wasShortTermModelActive=false, autoBrightness=false (default), unclampedBrt=0.18431373, hbmMax=1.0, hbmMode=off, thrmMax=1.0, rbcStrength=-1, powerFactor=0.9, physDisp=Built-in Screen(local:4630946662957460867), logicalId=0, slowChange=false, rampSpeed=0.0
02-08 20:09:03.035  2480  4707 D DisplayManagerService: !@display_state requestDisplayStateInternal: DOZE -> DOZE_SUSPEND displayId=0
02-08 20:09:03.035  2480  4707 D SemInputDeviceManagerService: setDisplayState[1] EARLY: DOZE(3) -> DOZE_SUSPEND(4)
02-08 20:09:03.036  2480  4707 D LocalDisplayAdapter: notifyStateChangeStart: com.samsung.android.hardware.secinputdev.external.DisplayStateListenerWrapper$1@294fec4 took 1 ms
02-08 20:09:03.036  2480  4707 D LocalDisplayAdapter: notifyStateChangeStart: com.android.server.biometrics.SemBiometricDisplayStateMonitor@b98780e took 0 ms
02-08 20:09:03.036  2480  4619 D SemInputDevice:TSP: ActivateTask: 4,0 [02-08 20:09:03.035]
02-08 20:09:03.036  2480  4707 D LocalDisplayAdapter: notifyStateChangeStart: com.android.server.display.mode.RefreshRateModeManager$1@36919e7 took 0 ms
02-08 20:09:03.036  2480  4707 W LocalDisplayAdapter: !@display_state - 5164 : DOZE -> DOZE_SUSPEND (MAIN)
02-08 20:09:03.037  2133  2133 D SurfaceFlinger: Setting power mode 3 on physical display 4630946662957460867
02-08 20:09:03.037  2133  2133 D SurfaceFlinger: setPhysicalDisplayPowerMode: Optimizing thread scheduling: optimizeForPerformance
02-08 20:09:03.037  1997  2295 I SDM     : HWCDisplay::SetPowerMode: display = 0, mode = DOZE_SUSPEND
02-08 20:09:03.037  1997  2295 I SDM     : DisplayBase::SetDisplayState: Set state = 3, display 68-0, teardown = 0
02-08 20:09:03.037  2480  2517 I DisplayDeviceRepository: Display device changed state: "Built-in Screen", DOZE_SUSPEND
02-08 20:09:03.037  1997  2295 I SDM     : HWDeviceDRM::NullCommit: Null commit succeeded crtc=201
02-08 20:09:03.037  1997  2295 I SDM     : DisplayBase::SetDisplayState: wait for retire_fence_...
02-08 20:09:03.037  1997  2295 I SDM     : DisplayBase::WaitForCompletion: Wait for cached retire fence to be in steady state
02-08 20:09:03.038  2033  2049 I sysinput:aidl: onReportInformation:93, 1, enabled@4,0:0
02-08 20:09:03.040  2480  4619 D SysinputHAL_AIDL: activate(TSP(1)),4,0 ret=0
02-08 20:09:03.040  2033  2049 I sysinput:Touch1: operator():132, 4,0 OK
02-08 20:09:03.041  2480  4515 I SemBiometricDisplayStateMonitor: DisplayStateListener#onStart : DOZE_SUSPEND, DOZE_SUSPEND, DEFAULT_DISPLAY
02-08 20:09:03.041  2480  2925 D BrightnessThermalClamper: Thermal status observer already started
02-08 20:09:03.042  2480  2515 D WindowManager: DeferredDisplayUpdater: partially applying DisplayInfo(1080 x 2340) immediately
02-08 20:09:03.042  2480  2480 D SGM:GameManager: onDisplayChanged. displyId: 0, state: 4
02-08 20:09:03.043  2073 11785 D AudioFlinger: setParameters: filtered dev setParameters keyvalue screen_state=off
02-08 20:09:03.043  1949 20494 D AHAL: AudioDevice: SetParameters: 1865: enter
02-08 20:09:03.043  1949 20494 D AHAL: AudioVoice: VoiceSetParameters: 200: Enter
02-08 20:09:03.043  1949 20494 D AHAL: AudioVoice: VoiceSetParameters: 479: Exit ret: 0
02-08 20:09:03.043  1949 20494 D AHAL: hfp: hfp_set_parameters: 444: enter
02-08 20:09:03.043  1949 20494 D AHAL: AudioDevice: SetParameters: 1948:  - screen = off
02-08 20:09:03.043  1949 20494 I PAL: ResourceManager: setParameter: 10683: Screen State:0
02-08 20:09:03.043  1949 20494 D AHAL: AudioDevice: SetParameters: 2798: exit: screen_state=off
02-08 20:09:03.044  2480  4317 D SGM:FgCheckThread: onLooperPrepared(), msg: MSG_LCD_OFF
02-08 20:09:03.044  2480  4589 D AS.DesktopModeHelper: onDisplayChanged: #Id=0
02-08 20:09:03.044  4798  4798 D DisplayLifecycle: updateDisplay id = 0
02-08 20:09:03.044  1997  2295 I SDM     : DisplayBase::WaitForCompletion: Cached retire fence is in ready state
02-08 20:09:03.044  4798  4885 D StackScroller: onDisplayChanged for predraw skip to 4
02-08 20:09:03.044  1997  2295 I SDM     : DisplayBase::SetDisplayState: active 0-0 state 3-3 pending_power_state_ 0
02-08 20:09:03.045  4798  4798 I Keyguard.AODTouchModeManager: onDisplayChanged newDisplayState=4, currentDisplayState=3, displayId=0
02-08 20:09:03.045  2480  5992 D WifiDisplayAdapter: isFitToActiveDisplayLocked : false
02-08 20:09:03.045  2133  2415 D Scheduler: displayPowerTimerCallback ExpiredDisplayPowerTimer: 0
02-08 20:09:03.045  2133  2133 D SurfaceFlinger: Finished setting power mode 3 on physical display 4630946662957460867
02-08 20:09:03.045  9547  9547 I HBD     : DeX h DeX mode state change in non-main thread 
02-08 20:09:03.045  9547  9547 I HBD     : DeX h DeX mode state change: 3 
02-08 20:09:03.045  4798  4798 I AODTriggers: onAODEventDispatched = 4 / eventData = aod.e0@3c05561
02-08 20:09:03.045  4798  4798 I AOD_LIVE_CLOCK@LiveClockController: updateDisplayState: DISPLAY_STATE_DOZE_SUSPEND
02-08 20:09:03.046  2480  4707 W LocalDisplayAdapter: !@display_state - 5164 : DOZE_SUSPEND (MAIN) took 10 ms
02-08 20:09:03.046  2480  4707 D SemInputDeviceManagerService: setDisplayState[1] LATE: DOZE_SUSPEND(4) -> DOZE_SUSPEND(4)
02-08 20:09:03.046  2480  4707 D LocalDisplayAdapter: notifyStateChangeFinish: com.samsung.android.hardware.secinputdev.external.DisplayStateListenerWrapper$1@294fec4 took 0 ms
02-08 20:09:03.047  2480  4515 I SemBiometricDisplayStateMonitor: DisplayStateListener#onFinish : DOZE_SUSPEND, DOZE_SUSPEND, DEFAULT_DISPLAY
02-08 20:09:03.047  2480  4707 D LocalDisplayAdapter: notifyStateChangeFinish: com.android.server.biometrics.SemBiometricDisplayStateMonitor@b98780e took 0 ms
02-08 20:09:03.047  2480  4707 D LocalDisplayAdapter: notifyStateChangeFinish: com.android.server.display.mode.RefreshRateModeManager$1@36919e7 took 0 ms
02-08 20:09:03.047  2480  2925 D DisplayPowerController[0]: setActualDisplayState: DOZE -> DOZE_SUSPEND
02-08 20:09:03.047  2480  2925 D DisplayPowerController[0]: animateScreenStateChange: target=DOZE_SUSPEND, mIsEnabled=true
02-08 20:09:03.047  2480  4619 D SemInputDevice:TSP: ActivateTask: 4,1 [02-08 20:09:03.046]
02-08 20:09:03.047  2480  2925 D DisplayPowerController[0]: animateScreenStateChange: target=DOZE_SUSPEND, mIsEnabled=true
02-08 20:09:03.047  2480  2925 D PowerManagerService: displayReady: true groupId=0
02-08 20:09:03.047  2480  2925 D PowerManagerService: [PWL] sb release: PowerManagerService.Display
02-08 20:09:03.047  9547  9547 I VRI[InputMethod]@65cc8a9: onDisplayChanged oldDisplayState=3 newDisplayState=4
02-08 20:09:03.047 17625 17625 I VRI[CloudyNightMainActivity]@4bd7672: onDisplayChanged oldDisplayState=3 newDisplayState=4
02-08 20:09:03.047  7684  7684 I VRI[AssetBrowserActivity]@97836ed: onDisplayChanged oldDisplayState=3 newDisplayState=4
02-08 20:09:03.047  4798  4847 I VRI[ShellDropTarget]@ae0f0bc: onDisplayChanged oldDisplayState=3 newDisplayState=4
02-08 20:09:03.048  4798  4847 I VRI[View root of ReusableWindowDecorViewHost#0]@b3d760a: onDisplayChanged oldDisplayState=3 newDisplayState=4
02-08 20:09:03.048  4798  4847 I VRI[View root of ReusableWindowDecorViewHost#1]@2c73386: onDisplayChanged oldDisplayState=3 newDisplayState=4
02-08 20:09:03.048  4798  4798 I VRI[LockscreenShortcutBlur]@15f46bf: onDisplayChanged oldDisplayState=3 newDisplayState=4
02-08 20:09:03.048  4798  4847 I VRI[SplitDecorManager]@977984b: onDisplayChanged oldDisplayState=3 newDisplayState=4
02-08 20:09:03.048  4798  4798 I VRI[NavigationBar0]@f573f72: onDisplayChanged oldDisplayState=3 newDisplayState=4
02-08 20:09:03.048  4798  4798 I VRI[NotificationShade]@1739d00: onDisplayChanged oldDisplayState=3 newDisplayState=4
02-08 20:09:03.048  4798  4798 I VRI[StatusBar]@c0e54d7: onDisplayChanged oldDisplayState=3 newDisplayState=4
02-08 20:09:03.048  4798  4798 I VRI[Bouncer]@d58e008: onDisplayChanged oldDisplayState=3 newDisplayState=4
02-08 20:09:03.048  2033  2049 I sysinput:aidl: onReportInformation:93, 1, enabled@4,1:0
02-08 20:09:03.048  4798  4847 I VRI[SplitDecorManager]@a97ce40: onDisplayChanged oldDisplayState=3 newDisplayState=4
02-08 20:09:03.048  2480  4619 D SysinputHAL_AIDL: activate(TSP(1)),4,1 ret=0
02-08 20:09:03.048  2033  2049 I sysinput:Touch1: operator():132, 4,1 OK
02-08 20:09:03.048  5196  5196 I VRI[LauncherActivity]@fc344c5: onDisplayChanged oldDisplayState=3 newDisplayState=4
02-08 20:09:03.048  5196 14665 I HoneySpace.Memory-Monitor: current state = 4, didTrim = true
02-08 20:09:03.048  5196  5196 I VRI[RecentsTransitionOverlay]@8b452f5: onDisplayChanged oldDisplayState=3 newDisplayState=4
02-08 20:09:03.048  5196  5196 I VRI[RecentsActivity]@7b5d46b: onDisplayChanged oldDisplayState=3 newDisplayState=4
02-08 20:09:03.048 12469 12469 I VRI[FP Iconview]@6df7c3: onDisplayChanged oldDisplayState=3 newDisplayState=4
02-08 20:09:03.049 11149 11149 I CAMERA_CONTROLLER: [2]a.q():2 - display changed
02-08 20:09:03.049 11149 11149 I CAMERA_CONTROLLER: [2]a.q():2
02-08 20:09:03.049 11149 11149 I CAMERA_CONTROLLER: [2]ProviderServiceImpl.checkDisplayModePortrait():38 - presentationDisplaynull
02-08 20:09:03.049 11149 11149 W CAMERA_CONTROLLER: [2]a.B():2 - presentationDisplay is null, return
02-08 20:09:03.049 11149 11149 W CAMERA_CONTROLLER: [2]ProviderServiceImpl$registerDisplayListener$displayListener$1.onDisplayChanged():17 - display is not portrait mode 
02-08 20:09:03.050 12469 12469 I BSS_DisplayStateManager: handleDisplayStateChanged: DOZE -> DOZE_SUSPEND
02-08 20:09:03.050  9834  9834 I VRI[]@f4fd07c: onDisplayChanged oldDisplayState=3 newDisplayState=4
02-08 20:09:03.050  4162  4162 I VRI[]@f4fd07c: onDisplayChanged oldDisplayState=3 newDisplayState=4
02-08 20:09:03.051  4162  4162 I VRI[]@b787bd: onDisplayChanged oldDisplayState=3 newDisplayState=4
02-08 20:09:03.051  4162  4162 I VRI[]@12f5e5f: onDisplayChanged oldDisplayState=3 newDisplayState=4
02-08 20:09:03.051  4162  4162 I VRI[]@ede07d6: onDisplayChanged oldDisplayState=3 newDisplayState=4
02-08 20:09:03.053 27135 27135 I SV[16293721 MainActivity]: onWindowVisibilityChanged(8) false io.flutter.embedding.android.FlutterSurfaceView{f89f59 G.E...... ......ID 0,0-1080,2340} of VRI[MainActivity]@b9440e7
02-08 20:09:03.053 27135 27135 D SV[16293721 MainActivity]: updateSurface: surface is not valid
02-08 20:09:03.053 27135 27135 I SV[16293721 MainActivity]: releaseSurfaces: viewRoot = VRI[MainActivity]@b9440e7
02-08 20:09:03.053 27135 27135 D VRI[MainActivity]@b9440e7: applyTransactionOnDraw applyImmediately
02-08 20:09:03.055 27135 27171 D HWUI    : CacheManager::trimMemory(20)
02-08 20:09:03.055  1580  1580 I VRI[ConversationListActivity]@66fb95a: onDisplayChanged oldDisplayState=3 newDisplayState=4
02-08 20:09:03.056   438   438 I VRI[MainActivity]@1ab8623: onDisplayChanged oldDisplayState=3 newDisplayState=4
02-08 20:09:03.062  2480  5258 I WindowManager: Relayout Window{65c8e4e u0 com.risa.app/com.risa.app.MainActivity}: viewVisibility=8 req=1080x2340 ty=1 d0
02-08 20:09:03.063  2480  5258 I WindowManager: Relayout hash=65c8e4e, pid=27135, syncId=-1: mAttrs={(0,0)(fillxfill) sim={adjust=resize} layoutInDisplayCutoutMode=always ty=BASE_APPLICATION fmt=TRANSLUCENT wanim=0x1030001
02-08 20:09:03.063  2480  5258 I WindowManager:   fl=81810180
02-08 20:09:03.063  2480  5258 I WindowManager:   pfl=10008840
02-08 20:09:03.063  2480  5258 I WindowManager:   vsysui=500
02-08 20:09:03.063  2480  5258 I WindowManager:   bhv=1
02-08 20:09:03.063  2480  5258 I WindowManager:   fitSides=0
02-08 20:09:03.063  2480  5258 I WindowManager:   frameRateBoostOnTouch=true
02-08 20:09:03.063  2480  5258 I WindowManager:   dvrrWindowFrameRateHint=true naviIconColor=0}
02-08 20:09:03.063 27135 27135 I VRI[MainActivity]@b9440e7: Relayout returned: old=(0,0,1080,2340) new=(0,0,1080,2340) relayoutAsync=false req=(1080,2340)8 dur=2 res=0x0 s={false 0x0} ch=false seqId=0
02-08 20:09:03.064 27135 27135 D SV[16293721 MainActivity]: updateSurface: surface is not valid
02-08 20:09:03.064 27135 27135 I SV[16293721 MainActivity]: releaseSurfaces: viewRoot = VRI[MainActivity]@b9440e7
02-08 20:09:03.064 27135 27135 D VRI[MainActivity]@b9440e7: applyTransactionOnDraw applyImmediately
02-08 20:09:03.078  2081  2129 E HeatmapThread: ECT Thread time in milliseconds: 1770599343
02-08 20:09:03.080  2081  2129 D HeatmapThread: !@ batteryplugType : 2
02-08 20:09:03.080  2081  2129 D HeatmapThread: !@ batteryLevel : 87  batteryTemperature : 300 
02-08 20:09:03.080  2081  2129 D HeatmapThread: !@ Heatmap currtime: 29509989
02-08 20:09:03.080  2081  2129 D HeatmapThread: !@ Heatmap prevtime: 29509965
02-08 20:09:03.080  2081  2129 D HeatmapThread: !@ Heatmap plugstarttime: 29509987
02-08 20:09:03.081  2081  2129 D HeatmapThread: !@ Heatmap prevv_dsoh_update_time: 29508937
02-08 20:09:03.081  2081  2129 E HeatmapThread: !@ CAM New BSOH: 100
02-08 20:09:03.082 27135 27135 I VRI[MainActivity]@b9440e7: onDisplayChanged oldDisplayState=3 newDisplayState=4
02-08 20:09:03.088 27135 27135 I flutter : ChannelProvider: File cache expired or not found, loading from network
02-08 20:09:03.088 27135 27135 I flutter : ChannelProvider: Playlist type: m3u
02-08 20:09:03.088 27135 27135 I flutter : ChannelProvider: M3U URL: https://opop.pro/mpjJUXrysJKL
02-08 20:09:03.088 27135 27135 I flutter : ChannelProvider: Loading playlist URL: https://opop.pro/mpjJUXrysJKL
02-08 20:09:03.088 27135 27135 I flutter : startup: 426ms - ChannelProvider.autoLoadPlaylist: downloading playlist
02-08 20:09:03.088 27135 27135 I flutter : [PERF] START: PLAYLIST_LOAD_TOTAL
02-08 20:09:03.088 27135 27135 I flutter : [PERF] Memory check (Before playlist load)
02-08 20:09:03.088 27135 27135 I flutter : [PERF] START: PLAYLIST_LOAD_TOTAL
02-08 20:09:03.089 27135 27135 I flutter : ChannelProvider: Loading playlist from URL: https://opop.pro/mpjJUXrysJKL (using PlaylistLoader)
02-08 20:09:03.094  2480  5258 D TrafficStateDatabaseController: onDnsEvent():  objTrafficStats.size= 74, mInsertList= true
02-08 20:09:03.099  1975 27130 I HYPER-HAL: [RequestManager.cpp]releaseLocked(): Released ID : 39778762
02-08 20:09:03.103  2480  5258 D TrafficStateDatabaseController: onDnsEvent():  objTrafficStats.size= 75, mInsertList= true
02-08 20:09:03.104  2480  4708 D NetdEventListenerService: DNS Requested by 174, 11315(com.risa.app), 4(FAIL), isBlocked=true, 0ms
02-08 20:09:03.106 27135 27135 I flutter : ChannelProvider: Error loading playlist: Exception: SocketException: Failed host lookup: 'opop.pro' (OS Error: No address associated with hostname, errno = 7)
02-08 20:09:03.107 27135 27135 I flutter : ChannelProvider: Stack trace: 
02-08 20:09:03.109 27135 27135 I flutter : [PERF] ChannelLoad: 0 channels in 0ms
02-08 20:09:03.109 27135 27135 I flutter : ChannelProvider: Auto-load completed successfully
02-08 20:09:03.109 27135 27135 I flutter : startup: 446ms - ChannelProvider.autoLoadPlaylist: network load finished
02-08 20:09:03.111  2480  5258 D TrafficStateDatabaseController: onDnsEvent():  objTrafficStats.size= 76, mInsertList= true
02-08 20:09:03.111  2480  4708 D NetdEventListenerService: DNS Requested by 174, 11315(com.risa.app), 4(FAIL), isBlocked=true, 0ms
02-08 20:09:03.116  2480  4708 D NetdEventListenerService: DNS Requested by 174, 11315(com.risa.app), 4(FAIL), isBlocked=true, 0ms
02-08 20:09:03.116  2480  5258 D TrafficStateDatabaseController: onDnsEvent():  objTrafficStats.size= 77, mInsertList= true
02-08 20:09:03.121  2480  4708 D NetdEventListenerService: DNS Requested by 174, 11315(com.risa.app), 4(FAIL), isBlocked=true, 0ms
02-08 20:09:03.136  1964 11206 I sensors-hal: handle_sns_std_sensor_event:158, [34019] Pressure 1002.108, cal 0.024, sw_offset 0.150 (lsb(bit) 0xa9 0xa4 0x3e)
02-08 20:09:03.182 27135 27135 I flutter : EPG: Loaded normalized mapping from file (10596 entries)
02-08 20:09:03.182 27135 27135 I flutter : EPG: Progressive init skipped (hasParsed=false, hasPrograms=true, isParsing=false, channels=65)
02-08 20:09:03.183  2480  5258 I WindowManager: Relayout Window{65c8e4e u0 com.risa.app/com.risa.app.MainActivity}: viewVisibility=8 req=1080x2340 ty=1 d0
02-08 20:09:03.184  2480  5258 I WindowManager: Relayout hash=65c8e4e, pid=27135, syncId=-1: mAttrs={(0,0)(fillxfill) sim={adjust=resize} layoutInDisplayCutoutMode=always ty=BASE_APPLICATION fmt=TRANSLUCENT wanim=0x1030001
02-08 20:09:03.184  2480  5258 I WindowManager:   fl=81810100
02-08 20:09:03.184  2480  5258 I WindowManager:   pfl=10008840
02-08 20:09:03.184  2480  5258 I WindowManager:   vsysui=500
02-08 20:09:03.184  2480  5258 I WindowManager:   bhv=1
02-08 20:09:03.184  2480  5258 I WindowManager:   fitSides=0
02-08 20:09:03.184  2480  5258 I WindowManager:   frameRateBoostOnTouch=true
02-08 20:09:03.184  2480  5258 I WindowManager:   dvrrWindowFrameRateHint=true naviIconColor=0}
02-08 20:09:03.184 27135 27135 I VRI[MainActivity]@b9440e7: Relayout returned: old=(0,0,1080,2340) new=(0,0,1080,2340) relayoutAsync=false req=(1080,2340)8 dur=2 res=0x0 s={false 0x0} ch=false seqId=0
02-08 20:09:03.185 27135 27135 D SV[16293721 MainActivity]: updateSurface: surface is not valid
02-08 20:09:03.185 27135 27135 I SV[16293721 MainActivity]: releaseSurfaces: viewRoot = VRI[MainActivity]@b9440e7
02-08 20:09:03.185 27135 27135 D VRI[MainActivity]@b9440e7: applyTransactionOnDraw applyImmediately
02-08 20:09:03.297  2480  2480 W AccessibilityManagerService:  wait for adding window timeout: 8071
02-08 20:09:03.448  8897  9435 I SDHMS:k : no app is Resumed!!! mResumedPackages.size = 0
02-08 20:09:03.536  1964 21241 I sensors-hal: handle_sns_client_event:375, [0][382951] accel_sample [-0.139, -0.019,  9.879] 302392613559110
02-08 20:09:03.592  2667  3349 I bauth_FPBAuthService: pcf : 0x1012, 0 ,1 ,0 ,1 ,0 ,0, 16.0.0.3
02-08 20:09:03.593  2667  3349 I bauth_FPBAuthService: thread id : 1, preenroll_flag : 0, nd cnt : 0, cso : 0, et : 0
02-08 20:09:03.593  2667  3349 I bauth_FPBAuthService: FPBAuthService::timerHandler complete
02-08 20:09:03.613  8897  9256 I M0      : limitCPUFreq:: freq = 2745600
02-08 20:09:03.613  8897  9256 I SemDvfsHyPerManager: acquire hyper - SIOP_ARM_MAX/8897@3, type = 301993986
02-08 20:09:03.614  1975  2004 I HYPER-HAL: [RequestManager.cpp]acquire(): Acquired ID : 39609453  [8897 / 3]    HINT :      list : [CPUMaxFreq / 2745600] 
02-08 20:09:03.833  1172  1172 D io_stats: !@   8,0 r 69286851 1199814924 w 24254331 375806988 d 3725547 176874392 f 612262 1388364 iot 13544588 0 th 0 0 0 pt 0 inp 0 0 262713.339
02-08 20:09:04.046  2133  2415 D Scheduler: displayPowerTimerCallback ExpiredDisplayPowerTimer: 1
02-08 20:09:04.078  2081  2129 E HeatmapThread: ECT Thread time in milliseconds: 1770599344
02-08 20:09:04.083  2081  2129 D HeatmapThread: !@ batteryplugType : 2
02-08 20:09:04.083  2081  2129 D HeatmapThread: !@ batteryLevel : 87  batteryTemperature : 300 
02-08 20:09:04.083  2081  2129 D HeatmapThread: !@ Heatmap currtime: 29509989
02-08 20:09:04.084  2081  2129 D HeatmapThread: !@ Heatmap prevtime: 29509965
02-08 20:09:04.084  2081  2129 D HeatmapThread: !@ Heatmap plugstarttime: 29509987
02-08 20:09:04.084  2081  2129 D HeatmapThread: !@ Heatmap prevv_dsoh_update_time: 29508937
02-08 20:09:04.084  2081  2129 E HeatmapThread: !@ CAM New BSOH: 100
02-08 20:09:04.105  2480  4648 I SemWifiServiceDetector: Service det. suspended: T / T / 25715
02-08 20:09:04.593  2667  3349 I bauth_FPBAuthService: pcf : 0x1012, 0 ,1 ,0 ,1 ,0 ,0, 16.0.0.3
02-08 20:09:04.593  2667  3349 I bauth_FPBAuthService: thread id : 1, preenroll_flag : 0, nd cnt : 0, cso : 0, et : 0
02-08 20:09:04.594  2667  3349 I bauth_FPBAuthService: FPBAuthService::timerHandler complete
02-08 20:09:04.858  2005 29985 I StatsHandler: [vp9D_949] Stats: Pending(0) i/p-done(0) Works: Q: 31/Done 24|Work-Rate: Q(0.0/s Avg=0.0/s) Done(0.000/s Avg=0.011/s)| Stream: 30.30fps 1.1Mbps
02-08 20:09:04.859  2005 29985 I StatsHandler: [vp9D_949] Mem-usage:  [In-1D: 11 bufs 88.000 MB] [1D-9337: 33 bufs 0.516 MB] [2D-9340: 22 bufs 31.453 MB] | Total: 119.969 MB
02-08 20:09:04.860  2005 29985 I StatsHandler: [vp9D_950] Stats: Pending(0) i/p-done(0) Works: Q: 31/Done 24|Work-Rate: Q(0.0/s Avg=0.0/s) Done(0.000/s Avg=0.011/s)| Stream: 30.30fps 2.0Mbps
02-08 20:09:04.860  2005 29985 I StatsHandler: [vp9D_950] Mem-usage:  [In-1D: 11 bufs 88.000 MB] [1D-9339: 33 bufs 0.516 MB] [2D-9342: 22 bufs 31.453 MB] | Total: 119.969 MB
02-08 20:09:04.880  1975  2004 I HYPER-HAL: [RequestManager.cpp]acquire(): Acquired ID : 607973906  [1978 / 32891]    HINT :      list : [TID_LOW_LATENCY / 0] [TID / 4924] [TID / 4925] [TID / 4862] [TID / 4926] 
02-08 20:09:04.881  1975  2004 I HYPER-HAL: [RequestManager.cpp]acquire(): Acquired ID : 608008777  [1978 / 32892]    HINT :      list : [UCLAMP_MIN_BOOST / 0] [TID / 4924] [TID / 4925] [TID / 4862] [TID / 4926] 
02-08 20:09:04.882  1975  2004 I HYPER-HAL: [RequestManager.cpp]releaseLocked(): Released ID : 607973906
02-08 20:09:04.883  1975  2004 I HYPER-HAL: [RequestManager.cpp]releaseLocked(): Released ID : 608008777
02-08 20:09:05.026  1964 11203 I sensors-hal: handle_sns_client_event:341, [69771] mag_sample_cal(magcal_available:1): ts=302394082160360 ns; cal = [3.900932, 8.803581, -34.936760], uncal = [-87.779068, 69.583580, -131.116760], bias = [-91.680000, 60.779999, -96.180000], status=3
02-08 20:09:05.078  2081  2129 E HeatmapThread: ECT Thread time in milliseconds: 1770599345
02-08 20:09:05.083  2081  2129 D HeatmapThread: !@ batteryplugType : 2
02-08 20:09:05.084  2081  2129 D HeatmapThread: !@ batteryLevel : 87  batteryTemperature : 300 
02-08 20:09:05.084  2081  2129 D HeatmapThread: !@ Heatmap currtime: 29509989
02-08 20:09:05.084  2081  2129 D HeatmapThread: !@ Heatmap prevtime: 29509965
02-08 20:09:05.084  2081  2129 D HeatmapThread: !@ Heatmap plugstarttime: 29509987
02-08 20:09:05.084  2081  2129 D HeatmapThread: !@ Heatmap prevv_dsoh_update_time: 29508937
02-08 20:09:05.085  2081  2129 E HeatmapThread: !@ CAM New BSOH: 100
02-08 20:09:05.126 26919 26989 I MlsIntegration: Treatment for Weblab MLS_USE_PSEUDO_DEVICE_ID_ANDROID_1109242 is C_default (changed?: false)
02-08 20:09:05.136  1964 11206 I sensors-hal: handle_sns_std_sensor_event:158, [34029] Pressure 1002.117, cal 0.024, sw_offset 0.150 (lsb(bit) 0xaa 0xa4 0x3e)
02-08 20:09:05.324  2480  2817 D MARsPolicyManager: triggerAction called!
02-08 20:09:05.324  2480  2817 I NSLocationMonitor: getGPSUsingApps() called
02-08 20:09:05.325  5435  5532 I NSLocationManager_FLP: getGPSUsingApps, No change
02-08 20:09:05.357  2480  5436 W LocationManagerService: onFreezeStateChanged, uid[11315]=true
02-08 20:09:05.357  2480  5436 I PowerManagerService: [PWL] SetWakeLockEnableDisable uid = 11315 , disable= true
02-08 20:09:05.357  2480  5436 I PowerManagerService: [PWL] can not change uid =  11315
02-08 20:09:05.357  2480  2817 D ActivityManager: FCA:FCA recordedFileRss = 0, and changeinRss = 95556
02-08 20:09:05.358  2480  2817 D FreecessController: FZ : com.risa.app(11315) [27135] reason: LEV [cached:O
02-08 20:09:05.532  1964 21241 I sensors-hal: handle_sns_client_event:375, [0][383047] accel_sample [-0.147, -0.009,  9.881] 302394617669006
02-08 20:09:05.594  2667  3349 I bauth_FPBAuthService: pcf : 0x1012, 0 ,1 ,0 ,1 ,0 ,0, 16.0.0.3
02-08 20:09:05.594  2667  3349 I bauth_FPBAuthService: thread id : 1, preenroll_flag : 0, nd cnt : 0, cso : 0, et : 0
02-08 20:09:05.595  2667  3349 I bauth_FPBAuthService: FPBAuthService::timerHandler complete
02-08 20:09:05.610  1975 27132 I HYPER-HAL: [RequestManager.cpp]releaseLocked(): Released ID : 39796605
02-08 20:09:05.685  5452  6459 I EPDG -- SIM0 [SMARTWIFI]: isProfiling, hash=221759701, started=true
02-08 20:09:05.686  5452  6459 I EPDG -- SIM0 [SMARTWIFI]: isProfiling, hash=221759701, started=true
02-08 20:09:05.686  5452  6459 I EPDG -- SIM0 [SMARTWIFI]: Rssi : -43 highrange : -71 lowrange : -80 mIsRssiInHystersis : false
02-08 20:09:05.686  5452  6459 I EPDG -- SIM0 [SMARTWIFI]: getHandoverThresholdMet: value is: false
02-08 20:09:05.720 26919 27216 D ProfileInstaller: Skipping profile installation for com.amazon.mShop.android.shopping
02-08 20:09:05.834  1172  1172 D io_stats: !@   8,0 r 69286862 1199815028 w 24254410 375808448 d 3725659 176876264 f 612262 1388366 iot 13544684 0 th 0 0 0 pt 0 inp 0 0 262715.340
02-08 20:09:05.835  1172  1172 D io_stats: !@ Read_top(KB): com.risa.app(27135) 27652 martsuggestions(8701) 292 kworker/u16:8(25905) 168
02-08 20:09:05.835  1172  1172 D io_stats: !@ Write_top(KB): kworker/u16:8(25905) 1444 com.risa.app(27135) 156 f2fs_ckpt-254:6(1309) 132
02-08 20:09:05.889  2480  4602 D UsbStatsMonitor: 0 0 0 0 0 0 0 0 0 0 0 0 1 0 0 0 0 0 0 0 0 0 0 0 0 0 0 0 0 0 0 0 0 0 0 0 0 0 0 0 0 0 0 0 0 4 0 0 0 0 0 0 0 0 0 0 0 214748364802
02-08 20:09:06.078  2081  2129 E HeatmapThread: ECT Thread time in milliseconds: 1770599346
02-08 20:09:06.082  2081  2129 D HeatmapThread: !@ batteryplugType : 2
02-08 20:09:06.083  2081  2129 D HeatmapThread: !@ batteryLevel : 87  batteryTemperature : 300 
02-08 20:09:06.083  2081  2129 D HeatmapThread: !@ Heatmap currtime: 29509989
02-08 20:09:06.083  2081  2129 D HeatmapThread: !@ Heatmap prevtime: 29509965
02-08 20:09:06.083  2081  2129 D HeatmapThread: !@ Heatmap plugstarttime: 29509987
02-08 20:09:06.083  2081  2129 D HeatmapThread: !@ Heatmap prevv_dsoh_update_time: 29508937
02-08 20:09:06.083  2081  2129 E HeatmapThread: !@ CAM New BSOH: 100
02-08 20:09:06.339  2480  4563 D InetDiagMessage: Destroyed 0 sockets, proto=IPPROTO_TCP, family=AF_INET, states=14
02-08 20:09:06.342  2480  4563 D InetDiagMessage: Destroyed 0 sockets, proto=IPPROTO_TCP, family=AF_INET6, states=14
02-08 20:09:06.342  2480  4563 D InetDiagMessage: Destroyed live tcp sockets for uids={10300} in 7ms
02-08 20:09:06.345  2480  4563 D InetDiagMessage: Destroyed 0 sockets, proto=IPPROTO_TCP, family=AF_INET, states=14
02-08 20:09:06.348  2480  4563 D InetDiagMessage: Destroyed 0 sockets, proto=IPPROTO_TCP, family=AF_INET6, states=14
02-08 20:09:06.348  2480  4563 D InetDiagMessage: Destroyed live tcp sockets for uids={20300} in 5ms
02-08 20:09:06.596  2667  3349 I bauth_FPBAuthService: pcf : 0x1012, 0 ,1 ,0 ,1 ,0 ,0, 16.0.0.3
02-08 20:09:06.597  2667  3349 I bauth_FPBAuthService: thread id : 1, preenroll_flag : 0, nd cnt : 0, cso : 0, et : 0
02-08 20:09:06.597  2667  3349 I bauth_FPBAuthService: FPBAuthService::timerHandler complete
02-08 20:09:06.952  2480  4563 D InetDiagMessage: Destroyed 0 sockets, proto=IPPROTO_TCP, family=AF_INET, states=14
02-08 20:09:06.954  2480  4563 D InetDiagMessage: Destroyed 0 sockets, proto=IPPROTO_TCP, family=AF_INET6, states=14
02-08 20:09:06.955  2480  4563 D InetDiagMessage: Destroyed live tcp sockets for uids={11315} in 6ms
02-08 20:09:06.957  2480  4563 D InetDiagMessage: Destroyed 0 sockets, proto=IPPROTO_TCP, family=AF_INET, states=14
02-08 20:09:06.960  2480  4563 D InetDiagMessage: Destroyed 0 sockets, proto=IPPROTO_TCP, family=AF_INET6, states=14
02-08 20:09:06.960  2480  4563 D InetDiagMessage: Destroyed live tcp sockets for uids={21315} in 5ms
02-08 20:09:07.026  1964 11203 I sensors-hal: handle_sns_client_event:341, [69791] mag_sample_cal(magcal_available:1): ts=302396082160360 ns; cal = [4.516747, 8.466843, -35.041496], uncal = [-87.163254, 69.246841, -131.221497], bias = [-91.680000, 60.779999, -96.180000], status=3
02-08 20:09:07.078  2081  2129 E HeatmapThread: ECT Thread time in milliseconds: 1770599347
02-08 20:09:07.082  2081  2129 D HeatmapThread: !@ batteryplugType : 2
02-08 20:09:07.082  2081  2129 D HeatmapThread: !@ batteryLevel : 87  batteryTemperature : 300 
02-08 20:09:07.082  2081  2129 D HeatmapThread: !@ Heatmap currtime: 29509989
02-08 20:09:07.083  2081  2129 D HeatmapThread: !@ Heatmap prevtime: 29509965
02-08 20:09:07.083  2081  2129 D HeatmapThread: !@ Heatmap plugstarttime: 29509987
02-08 20:09:07.083  2081  2129 D HeatmapThread: !@ Heatmap prevv_dsoh_update_time: 29508937
02-08 20:09:07.084  2081  2129 E HeatmapThread: !@ CAM New BSOH: 100
02-08 20:09:07.107  2480  5992 I ActivityManager: Changes in 99257 10 to 19, 0 to 128
02-08 20:09:07.108  2480  5992 I ActivityManager: Changes in 10117 10 to 19, 0 to 128
02-08 20:09:07.136  1964 11206 I sensors-hal: handle_sns_std_sensor_event:158, [34039] Pressure 1002.102, cal 0.024, sw_offset 0.150 (lsb(bit) 0x61 0xa4 0x3e)
02-08 20:09:07.199  2480  4649 I BatteryService_BatteryPropertiesRegistrar: [getProperty]id:6
02-08 20:09:07.199  2480  4649 I BatteryService_BatteryPropertiesRegistrar: [getProperty]prop.long:-9223372036854775808 ,prop.string:null
02-08 20:09:07.201  2480  4649 I BatteryService_BatteryPropertiesRegistrar: [getProperty]id:4
02-08 20:09:07.201  2480  4649 I BatteryService_BatteryPropertiesRegistrar: [getProperty]prop.long:-9223372036854775808 ,prop.string:null
02-08 20:09:07.203  2480  4649 I SemWifiIntelligentTrainingManager: Tr. cond. check: true / 2 (2) / false / 0 (1)
02-08 20:09:07.203  2480  4649 I BatteryService_BatteryPropertiesRegistrar: [getProperty]id:6
02-08 20:09:07.203  2480  4649 I BatteryService_BatteryPropertiesRegistrar: [getProperty]prop.long:-9223372036854775808 ,prop.string:null
02-08 20:09:07.204  2480  4649 I BatteryService_BatteryPropertiesRegistrar: [getProperty]id:4
02-08 20:09:07.204  2480  4649 I BatteryService_BatteryPropertiesRegistrar: [getProperty]prop.long:-9223372036854775808 ,prop.string:null
02-08 20:09:07.205  2480  4649 D SemWifiIntelligentConnectionManager: IWH tr data stats : 759 / 958
02-08 20:09:07.362  2480  4247 D ActivityManager: FCA:Reclamation for pid: 27135
02-08 20:09:07.532  1964 21241 I sensors-hal: handle_sns_client_event:375, [0][383143] accel_sample [-0.149, -0.011,  9.883] 302396621785933
02-08 20:09:07.597  2667  3349 I bauth_FPBAuthService: pcf : 0x1012, 0 ,1 ,0 ,1 ,0 ,0, 16.0.0.3
02-08 20:09:07.597  2667  3349 I bauth_FPBAuthService: thread id : 1, preenroll_flag : 0, nd cnt : 0, cso : 0, et : 0
02-08 20:09:07.597  2667  3349 I bauth_FPBAuthService: FPBAuthService::timerHandler complete
02-08 20:09:07.662  2016  2043 E BatteryDump: !@new_battery_dump : 4289,1350,1400,1500,87,300,297,334,300,0,311,334,0,Charging,NO_CHARGING,Normal,Good,USB,1,Normal,0,0,8311,0x8000,0x10010000,0x0,0,0,0000,0000,00000000,0,0,0,0,860,4204,8659,990,0,
02-08 20:09:07.663  2480 16312 V [SS]SleepChargingTimeController: [isActivated]mSleepChargingStatus isNowSessionTime False => false
02-08 20:09:07.663  2042  2042 I seh_thermal_service: getTemperaturesWithType SehTemperatureType: 3
02-08 20:09:07.664  2016  2016 I sehhealth-service: updateLrpSysfs: write: 310
02-08 20:09:07.836  1172  1172 D io_stats: !@   8,0 r 69286866 1199815044 w 24254416 375808492 d 3725660 176876268 f 612263 1388367 iot 13544704 0 th 0 0 0 pt 0 inp 0 0 262717.341
02-08 20:09:08.078  2081  2129 E HeatmapThread: ECT Thread time in milliseconds: 1770599348
02-08 20:09:08.081  2081  2129 D HeatmapThread: !@ batteryplugType : 2
02-08 20:09:08.082  2081  2129 D HeatmapThread: !@ batteryLevel : 87  batteryTemperature : 300 
02-08 20:09:08.082  2081  2129 D HeatmapThread: !@ Heatmap currtime: 29509989
02-08 20:09:08.082  2081  2129 D HeatmapThread: !@ Heatmap prevtime: 29509965
02-08 20:09:08.083  2081  2129 D HeatmapThread: !@ Heatmap plugstarttime: 29509987
02-08 20:09:08.083  2081  2129 D HeatmapThread: !@ Heatmap prevv_dsoh_update_time: 29508937
02-08 20:09:08.084  2081  2129 E HeatmapThread: !@ CAM New BSOH: 100
02-08 20:09:08.350 26172 26234 I GH.ConnLoggerV2: Session 61a59a41-ef3d-47d3-8413-baad813c5134 expired
02-08 20:09:08.351 26172 26234 I GH.ConnLoggerV2: Session 61a59a41-ef3d-47d3-8413-baad813c5134, event 8, detail OptionalInt.empty, SESSION_EXPIRED, at 302397453 
02-08 20:09:08.356  2480  5992 D LocationManagerService: gps provider getLastLocation from : 10246/com.google.android.projection.gearhead
02-08 20:09:08.364  2480  5992 I BatteryService_BatteryPropertiesRegistrar: [getProperty]id:1
02-08 20:09:08.364  2480  5992 I BatteryService_BatteryPropertiesRegistrar: [getProperty]prop.long:-9223372036854775808 ,prop.string:null
02-08 20:09:08.598  2667  3349 I bauth_FPBAuthService: pcf : 0x1012, 0 ,1 ,0 ,1 ,0 ,0, 16.0.0.3
02-08 20:09:08.598  2667  3349 I bauth_FPBAuthService: thread id : 1, preenroll_flag : 0, nd cnt : 0, cso : 0, et : 0
