01-19 18:02:06.242  3709  5304 I ActivityTaskManager: START u0 {flg=0x10000000 pkg=com.google.android.backdrop cmp=com.google.android.backdrop/android.service.dreams.DreamActivity (has extras)} from uid 10036
01-19 18:02:06.677  3709  5310 I ActivityTaskManager: START u0 {act=com.google.android.tvlauncher.intent.action.LAUNCH_BOOT_HELPER_EMPTY_ACTIVITY cat=[android.intent.category.DEFAULT] flg=0x10008000 pkg=com.google.android.tvlauncher} from uid 10019
01-19 18:02:06.688  9013  9013 E AndroidRuntime: FATAL EXCEPTION: main
01-19 18:02:06.688  9013  9013 E AndroidRuntime: Process: com.google.android.tvrecommendations, PID: 9013
01-19 18:02:06.688  9013  9013 E AndroidRuntime: java.lang.RuntimeException: Error receiving broadcast Intent { act=android.intent.action.DREAMING_STARTED flg=0x40000010 } in dua@783a73e
01-19 18:02:06.688  9013  9013 E AndroidRuntime: 	at android.app.LoadedApk$ReceiverDispatcher$Args.lambda$getRunnable$0$LoadedApk$ReceiverDispatcher$Args(LoadedApk.java:1590)
01-19 18:02:06.688  9013  9013 E AndroidRuntime: 	at android.app.-$$Lambda$LoadedApk$ReceiverDispatcher$Args$_BumDX2UKsnxLVrE6UJsJZkotuA.run(Unknown Source:2)
01-19 18:02:06.688  9013  9013 E AndroidRuntime: 	at android.os.Handler.handleCallback(Handler.java:938)
01-19 18:02:06.688  9013  9013 E AndroidRuntime: 	at android.os.Handler.dispatchMessage(Handler.java:99)
01-19 18:02:06.688  9013  9013 E AndroidRuntime: 	at android.os.Looper.loop(Looper.java:223)
01-19 18:02:06.688  9013  9013 E AndroidRuntime: 	at android.app.ActivityThread.main(ActivityThread.java:7668)
01-19 18:02:06.688  9013  9013 E AndroidRuntime: 	at java.lang.reflect.Method.invoke(Native Method)
01-19 18:02:06.688  9013  9013 E AndroidRuntime: 	at com.android.internal.os.RuntimeInit$MethodAndArgsCaller.run(RuntimeInit.java:592)
01-19 18:02:06.688  9013  9013 E AndroidRuntime: 	at com.android.internal.os.ZygoteInit.main(ZygoteInit.java:947)
01-19 18:02:06.688  9013  9013 E AndroidRuntime: Caused by: android.content.ActivityNotFoundException: No Activity found to handle Intent { act=com.google.android.tvlauncher.intent.action.LAUNCH_BOOT_HELPER_EMPTY_ACTIVITY cat=[android.intent.category.DEFAULT] flg=0x10008000 pkg=com.google.android.tvlauncher }
01-19 18:02:06.688  9013  9013 E AndroidRuntime: 	at android.app.Instrumentation.checkStartActivityResult(Instrumentation.java:2067)
01-19 18:02:06.688  9013  9013 E AndroidRuntime: 	at android.app.Instrumentation.execStartActivity(Instrumentation.java:1727)
01-19 18:02:06.688  9013  9013 E AndroidRuntime: 	at android.app.ContextImpl.startActivity(ContextImpl.java:1023)
01-19 18:02:06.688  9013  9013 E AndroidRuntime: 	at android.app.ContextImpl.startActivity(ContextImpl.java:994)
01-19 18:02:06.688  9013  9013 E AndroidRuntime: 	at android.content.ContextWrapper.startActivity(ContextWrapper.java:403)
01-19 18:02:06.688  9013  9013 E AndroidRuntime: 	at dqn.i(PG:24)
01-19 18:02:06.688  9013  9013 E AndroidRuntime: 	at dua.onReceive(PG:204)
01-19 18:02:06.688  9013  9013 E AndroidRuntime: 	at android.app.LoadedApk$ReceiverDispatcher$Args.lambda$getRunnable$0$LoadedApk$ReceiverDispatcher$Args(LoadedApk.java:1580)
01-19 18:02:06.688  9013  9013 E AndroidRuntime: 	... 8 more
01-19 18:02:06.773  3570  4159 W iorapd  : Overwriting transition from kActivityLaunched to kIntentStarted into kActivityLaunchCancelled
01-19 18:02:06.787  3570  4159 W iorapd  : Rejecting transition from kActivityLaunchCancelled to kIntentFailed
01-19 18:02:06.944  3709  5310 W ActivityTaskManager: Tried to set launchTime (0) < mLastActivityLaunchTime (328566)
01-19 18:02:07.185  3709  3709 V NotificationListeners: 0 notification listener connection lost: ComponentInfo{com.google.android.tvrecommendations/com.google.android.tvrecommendations.NotificationsService}
01-19 18:02:07.185  3709  4568 D NotificationListeners: Removing active service ComponentInfo{com.google.android.tvrecommendations/com.google.android.tvrecommendations.NotificationsService}
01-19 18:02:07.188  3709  8589 I ActivityManager: Process com.google.android.tvrecommendations (pid 9013) has died: prcl BFGS
01-19 18:02:07.216  3709  8589 W ActivityManager: Scheduling restart of crashed service com.google.android.tvrecommendations/.NotificationsService in 1000ms for connection
01-19 18:02:07.659  3709  3854 D ConnectivityService: requestNetwork for uid/pid:10036/8527 NetworkRequest [ TRACK_DEFAULT id=56, [ Capabilities: INTERNET&NOT_RESTRICTED&TRUSTED Uid: 10036 AdministratorUids: [] RequestorUid: 10036 RequestorPackageName: com.google.android.backdrop] ]
01-19 18:02:07.659  3709  3840 D ConnectivityService: NetReassign [56 : null → 100]
01-19 18:02:07.663  3709  3840 D ConnectivityService: NetReassign [no changes]
01-19 18:02:07.916  3709  3840 D ConnectivityService: NetReassign [no changes]
01-19 18:02:07.929  3709  8589 D CompatibilityChangeReporter: Compat change id reported: 135634846; UID 10036; state: DISABLED
01-19 18:02:07.929  3709  3736 D CompatibilityChangeReporter: Compat change id reported: 143937733; UID 10036; state: ENABLED
01-19 18:02:08.262  3709  3735 W ActivityManager: Slow operation: 70ms so far, now at startProcess: building args
01-19 18:02:08.592  3709  3743 V DisplayPowerController: Brightness [0.39763778] reason changing to: 'manual', previous reason: 'manual [ dim ]'.
01-19 18:02:08.595  3709  3735 D CompatibilityChangeReporter: Compat change id reported: 135634846; UID 10019; state: DISABLED
01-19 18:02:08.595  3709  3735 W ActivityManager: Slow operation: 403ms so far, now at startProcess: done starting proc!
01-19 18:02:08.598  3570  4159 W iorapd  : Rejecting transition from kUninitialized to kActivityLaunchFinished
01-19 18:02:08.933  3709  3736 W ActivityManager: Slow operation: 1004ms so far, now at startProcess: returned from zygote!
01-19 18:02:08.934  3709  3736 W ActivityManager: Slow operation: 1005ms so far, now at startProcess: done updating battery stats
01-19 18:02:08.934  3709  3736 W ActivityManager: Slow operation: 1005ms so far, now at startProcess: building log message
01-19 18:02:08.934  3709  3736 I ActivityManager: Start proc 9688:com.google.android.webview:sandboxed_process0:org.chromium.content.app.SandboxedProcessService0:1/u0i1 for  {com.google.android.backdrop/org.chromium.content.app.SandboxedProcessService0:1}
01-19 18:02:08.934  3709  3736 W ActivityManager: Slow operation: 1005ms so far, now at startProcess: starting to update pids map
01-19 18:02:08.934  3709  3736 W ActivityManager: Slow operation: 1005ms so far, now at startProcess: done updating pids map
01-19 18:02:08.934  3709  3736 W ActivityManager: Slow operation: 742ms so far, now at startProcess: asking zygote to start proc
01-19 18:02:08.935  3709  3736 D CompatibilityChangeReporter: Compat change id reported: 143937733; UID 10019; state: ENABLED
01-19 18:02:08.966  3709  3736 W ActivityManager: Slow operation: 774ms so far, now at startProcess: returned from zygote!
01-19 18:02:08.966  3709  3736 W ActivityManager: Slow operation: 774ms so far, now at startProcess: done updating battery stats
01-19 18:02:08.966  3709  3736 W ActivityManager: Slow operation: 775ms so far, now at startProcess: building log message
01-19 18:02:08.966  3709  3736 I ActivityManager: Start proc 9693:com.google.android.tvrecommendations/u0a19 for service {com.google.android.tvrecommendations/com.google.android.tvrecommendations.NotificationsService}
01-19 18:02:08.966  3709  3736 W ActivityManager: Slow operation: 775ms so far, now at startProcess: starting to update pids map
01-19 18:02:08.967  3709  3736 W ActivityManager: Slow operation: 775ms so far, now at startProcess: done updating pids map
01-19 18:02:10.251  3709  4568 D CompatibilityChangeReporter: Compat change id reported: 136274596; UID 10036; state: ENABLED
01-19 18:02:10.641  3709  3709 V NotificationListeners: 0 notification listener service connected: ComponentInfo{com.google.android.tvrecommendations/com.google.android.tvrecommendations.NotificationsService}
01-19 18:02:10.641  3709  3709 D NotificationService: 0|com.nvidia.ota|1|ShieldOTA|10071: granting content://settings/system/notification_sound
01-19 18:02:10.641  3709  3709 D NotificationService: 0|com.google.android.gms|2147483647|ranker_group|10005|ranker_group: granting content://settings/system/notification_sound
01-19 18:02:10.641  3709  3709 D NotificationService: 0|com.google.android.gms|1000|a:GMSCORE_STORE_RENDERER:c6afaeefe0e60000:106394913552912778563|10005: granting content://settings/system/notification_sound
01-19 18:02:10.641  3709  3709 D NotificationService: 0|com.google.android.gms|1000|a:GMSCORE_STORE_RENDERER:54066fce52e60000:106394913552912778563|10005: granting content://settings/system/notification_sound
01-19 18:02:10.642  3709  3709 D NotificationService: 0|com.google.android.gms|1000|a:GMSCORE_STORE_RENDERER:a0de338e52e60000:106394913552912778563|10005: granting content://settings/system/notification_sound
01-19 18:02:10.642  3709  3709 D NotificationService: 0|com.google.android.gms|1000|a:GMSCORE_STORE_RENDERER:1670061fd4e60000:106394913552912778563|10005: granting content://settings/system/notification_sound
01-19 18:02:10.642  3709  3709 D NotificationService: 0|com.google.android.gms|1000|a:GMSCORE_STORE_RENDERER:d7ae7e14fc660000:106394913552912778563|10005: granting content://settings/system/notification_sound
01-19 18:02:10.642  3709  3709 D NotificationService: 0|com.google.android.gms|1000|a:GMSCORE_STORE_RENDERER:f66b9f81c8660000:106394913552912778563|10005: granting content://settings/system/notification_sound
01-19 18:02:10.642  3709  3709 D NotificationService: 0|com.google.android.gms|1000|a:GMSCORE_STORE_RENDERER:127:0:106394913552912778563|10005: granting content://settings/system/notification_sound
01-19 18:02:10.642  3709  3709 D NotificationService: 0|com.dolby.android.audio.service|1|null|10101: granting content://settings/system/notification_sound
01-19 18:02:10.642  3709  3709 D NotificationService: 0|com.nvidia.ota|1|null|10071: granting content://settings/system/notification_sound
01-19 18:02:10.642  3709  3709 D NotificationService: 0|com.google.android.tv.remote.service|8765|null|10032: granting content://settings/system/notification_sound
01-19 18:02:12.176  3709  3709 I InputManager: Input event injection from pid 3709 uid 1000
01-19 18:02:12.206  3709  5265 I DreamManagerService: Gently waking up from dream.
01-19 18:02:12.206  3709  3726 I DreamManagerService: Performing gentle wake from dream.
01-19 18:02:12.265  3709  3709 I InputManager: Input event injection from pid 3709 uid 1000
01-19 18:02:14.255  3709  3743 I PowerManagerService: Waking up from Dreaming (uid=1000, reason=WAKE_REASON_UNKNOWN, details=android.server.power:DREAM_FINISHED)...
01-19 18:02:14.906  3709  4568 D ConnectivityService: ConnectivityService NetworkRequestInfo binderDied(NetworkRequest [ LISTEN id=30, [ Capabilities: INTERNET&NOT_RESTRICTED&TRUSTED Uid: 10005 AdministratorUids: [] RequestorUid: 10005 RequestorPackageName: com.google.android.gms] ], android.os.BinderProxy@655e1a2)
01-19 18:02:14.906  3709  4568 D ConnectivityService: ConnectivityService NetworkRequestInfo binderDied(NetworkRequest [ TRACK_DEFAULT id=29, [ Capabilities: INTERNET&NOT_RESTRICTED&TRUSTED Uid: 10005 AdministratorUids: [] RequestorUid: 10005 RequestorPackageName: com.google.android.gms] ], android.os.BinderProxy@29c9e33)
01-19 18:02:14.908  3709  3840 D ConnectivityService: releasing NetworkRequest [ TRACK_DEFAULT id=29, [ Capabilities: INTERNET&NOT_RESTRICTED&TRUSTED Uid: 10005 AdministratorUids: [] RequestorUid: 10005 RequestorPackageName: com.google.android.gms] ] (release request)
01-19 18:02:14.909  3709  3723 I ActivityManager: Process com.google.android.gms.unstable (pid 5769) has died: cch+55 CEM 
01-19 18:02:15.133  3709  8031 I ActivityManager: Process com.google.android.tvrecommendations:crash_report (pid 8560) has died: cch+5 CEM 
01-19 18:02:15.152  3709  8589 D ConnectivityService: ConnectivityService NetworkRequestInfo binderDied(NetworkRequest [ TRACK_DEFAULT id=36, [ Capabilities: INTERNET&NOT_RESTRICTED&TRUSTED Uid: 10016 AdministratorUids: [] RequestorUid: 10016 RequestorPackageName: com.android.vending] ], android.os.BinderProxy@2d475ee)
01-19 18:02:15.154  3709  3840 D ConnectivityService: releasing NetworkRequest [ TRACK_DEFAULT id=36, [ Capabilities: INTERNET&NOT_RESTRICTED&TRUSTED Uid: 10016 AdministratorUids: [] RequestorUid: 10016 RequestorPackageName: com.android.vending] ] (release request)
01-19 18:02:15.155  3709  3854 D ConnectivityService: ConnectivityService NetworkRequestInfo binderDied(NetworkRequest [ TRACK_DEFAULT id=34, [ Capabilities: INTERNET&NOT_RESTRICTED&TRUSTED Uid: 10016 AdministratorUids: [] RequestorUid: 10016 RequestorPackageName: com.android.vending] ], android.os.BinderProxy@478ea8f)
01-19 18:02:15.155  3709  4568 D ConnectivityService: ConnectivityService NetworkRequestInfo binderDied(NetworkRequest [ LISTEN id=35, [ Capabilities: INTERNET&NOT_RESTRICTED&TRUSTED Uid: 10016 AdministratorUids: [] RequestorUid: 10016 RequestorPackageName: com.android.vending] ], android.os.BinderProxy@88da11c)
01-19 18:02:15.155  3709  4194 D ConnectivityService: ConnectivityService NetworkRequestInfo binderDied(NetworkRequest [ TRACK_DEFAULT id=33, [ Capabilities: INTERNET&NOT_RESTRICTED&TRUSTED Uid: 10016 AdministratorUids: [] RequestorUid: 10016 RequestorPackageName: com.android.vending] ], android.os.BinderProxy@30c5125)
01-19 18:02:15.156  3709  3840 D ConnectivityService: releasing NetworkRequest [ TRACK_DEFAULT id=33, [ Capabilities: INTERNET&NOT_RESTRICTED&TRUSTED Uid: 10016 AdministratorUids: [] RequestorUid: 10016 RequestorPackageName: com.android.vending] ] (release request)
01-19 18:02:15.161  3709  3840 D ConnectivityService: releasing NetworkRequest [ TRACK_DEFAULT id=34, [ Capabilities: INTERNET&NOT_RESTRICTED&TRUSTED Uid: 10016 AdministratorUids: [] RequestorUid: 10016 RequestorPackageName: com.android.vending] ] (release request)
01-19 18:02:15.164  3709  5310 I ActivityManager: Process com.stremio.one (pid 7538) has died: cch+55 CEM 
01-19 18:02:15.276  3709  4193 I ActivityManager: Process com.nvidia.shield.ask (pid 5152) has died: svcb SVC 
01-19 18:02:15.277  3709  4193 W ActivityManager: Scheduling restart of crashed service com.nvidia.shield.ask/com.nvidia.shield.control.DeviceControlManagerService in 1000ms for start-requested
01-19 18:02:15.277  3709  4193 W ActivityManager: Scheduling restart of crashed service com.nvidia.shield.ask/.aws.AWSIotService in 11000ms for start-requested
01-19 18:02:15.300  3709  5324 I ActivityManager: Process com.android.vending:quick_launch (pid 6105) has died: cch+65 CEM 
01-19 18:02:15.428  3709  4575 I ActivityManager: Process com.nvidia.feedback (pid 8059) has died: cch+75 CEM 
01-19 18:02:15.439  3709  4573 I ActivityManager: Process com.google.android.permissioncontroller (pid 8099) has died: cch+65 CEM 
01-19 18:02:15.444  3709  9007 I ActivityManager: Process com.nvidia.tegrazone3:workManager (pid 8240) has died: cch+15 CEM 
01-19 18:02:15.444  3709  9007 W ActivityManager: Scheduling restart of crashed service com.nvidia.tegrazone3/androidx.work.multiprocess.RemoteWorkManagerService in 20833ms for connection
01-19 18:02:15.453  3709  6730 I ActivityManager: Process com.android.vending:background (pid 6088) has died: cch+45 CEM 
01-19 18:02:15.455  3709  5262 I ActivityManager: Process com.google.android.tv (pid 7049) has died: cch+25 CEM 
01-19 18:02:15.460  3709  3855 I ActivityManager: Process com.nvidia.shieldbeta (pid 8848) has died: cch+15 CEM 
01-19 18:02:15.463  3709  4214 I ActivityManager: Process com.nvidia.tegrazone3 (pid 7177) has died: cch+5 CEM 
01-19 18:02:15.468  3709  3727 W Looper  : Slow dispatch took 307ms android.ui h=com.android.server.am.ActivityManagerService$UiHandler c=null m=31
01-19 18:02:15.468  3709  3727 W Looper  : Slow delivery took 303ms android.ui h=com.android.server.am.ActivityManagerService$UiHandler c=null m=32
01-19 18:02:15.469  3709  3727 W Looper  : Drained
01-19 18:02:15.567  3709  5262 I DreamManagerService: Leaving dreamland.
01-19 18:02:15.568  3709  3726 I DreamManagerService: Performing gentle wake from dream.
01-19 18:02:15.568  3709  3726 I DreamController: Stopping dream: name=ComponentInfo{com.google.android.backdrop/com.google.android.backdrop.Backdrop}, isTest=false, canDoze=false, userId=0, reason='finished self'(from 'finished self')
01-19 18:02:15.745  3709  3840 D ConnectivityService: releasing NetworkRequest [ TRACK_DEFAULT id=56, [ Capabilities: INTERNET&NOT_RESTRICTED&TRUSTED Uid: 10036 AdministratorUids: [] RequestorUid: 10036 RequestorPackageName: com.google.android.backdrop] ] (release request)
01-19 18:02:15.793  3709  5262 I ActivityManager: Killing 9688:com.google.android.webview:sandboxed_process0:org.chromium.content.app.SandboxedProcessService0:1/u0a36i1 (adj 0): isolated not needed
01-19 18:02:15.905  3709  3740 D KernelCpuUidUserSysTimeReader: Removing uids 99000-99000
01-19 18:02:16.280  3709  3735 D CompatibilityChangeReporter: Compat change id reported: 135634846; UID 10041; state: DISABLED
01-19 18:02:16.280  3709  3736 D CompatibilityChangeReporter: Compat change id reported: 143937733; UID 10041; state: DISABLED
01-19 18:02:16.310  3709  3736 I ActivityManager: Start proc 9804:com.nvidia.shield.ask/u0a41 for service {com.nvidia.shield.ask/com.nvidia.shield.control.DeviceControlManagerService}
01-19 18:02:29.496  3709  6730 D ConnectivityService: requestNetwork for uid/pid:10004/7937 NetworkRequest [ TRACK_DEFAULT id=59, [ Capabilities: INTERNET&NOT_RESTRICTED&TRUSTED Uid: 10004 AdministratorUids: [] RequestorUid: 10004 RequestorPackageName: com.google.android.katniss] ]
01-19 18:02:29.497  3709  3840 D ConnectivityService: NetReassign [59 : null → 100]
01-19 18:02:29.743  3709  3840 D ConnectivityService: releasing NetworkRequest [ TRACK_DEFAULT id=59, [ Capabilities: INTERNET&NOT_RESTRICTED&TRUSTED Uid: 10004 AdministratorUids: [] RequestorUid: 10004 RequestorPackageName: com.google.android.katniss] ] (release request)
01-19 18:03:00.850  3709  3709 I InputManager: Input event injection from pid 3709 uid 1000
01-19 18:03:01.036  3709  3709 I chatty  : uid=1000 system_server identical 1 line
01-19 18:03:02.234  3709  3709 I InputManager: Input event injection from pid 3709 uid 1000
01-19 18:03:02.351  9242  9242 W ViewRootImpl[MainActivity]: Cancelling event due to no window focus: KeyEvent { action=ACTION_UP, keyCode=KEYCODE_DPAD_CENTER, scanCode=0, metaState=0, flags=0x28, repeatCount=0, eventTime=944062, downTime=943969, deviceId=-1, source=0x2000001, displayId=-1 }
01-19 18:03:02.352  9242  9242 I chatty  : uid=10271(com.risa.app) identical 2 lines
01-19 18:03:02.352  9242  9242 W ViewRootImpl[MainActivity]: Cancelling event due to no window focus: KeyEvent { action=ACTION_UP, keyCode=KEYCODE_DPAD_CENTER, scanCode=0, metaState=0, flags=0x28, repeatCount=0, eventTime=944062, downTime=943969, deviceId=-1, source=0x2000001, displayId=-1 }
01-19 18:03:02.437  3709  3709 I InputManager: Input event injection from pid 3709 uid 1000
01-19 18:03:02.512  3709  5262 D ConnectivityService: requestNetwork for uid/pid:10025/4822 NetworkRequest [ TRACK_DEFAULT id=60, [ Capabilities: INTERNET&NOT_RESTRICTED&TRUSTED Uid: 10025 AdministratorUids: [] RequestorUid: 10025 RequestorPackageName: com.spocky.projengmenu] ]
01-19 18:03:02.512  3709  3840 D ConnectivityService: NetReassign [60 : null → 100]
01-19 18:03:02.547  3709  9007 I ActivityManager: Process com.risa.app (pid 9242) has died: prcp LAST
01-19 18:03:02.548  3709  4193 I WindowManager: WIN DEATH: Window{f71b1ad u0 com.risa.app/com.risa.app.MainActivity}
01-19 18:03:02.551  3709  4194 W WindowManager: Cannot find window which accessibility connection is added to
01-19 18:03:02.557  3709  3729 W ActivityManager: setHasOverlayUi called on unknown pid: 9242
01-19 18:03:03.100  3570  4159 W iorapd  : Rejecting transition from kUninitialized to kReportFullyDrawn
01-19 18:03:04.663  3709  3709 I InputManager: Input event injection from pid 3709 uid 1000
01-19 18:03:04.857  3709  3709 I InputManager: Input event injection from pid 3709 uid 1000
01-19 18:03:05.598  3709  4468 E TaskPersister: File error accessing recents directory (directory doesn't exist?).
01-19 18:03:06.112  3709  3709 I InputManager: Input event injection from pid 3709 uid 1000
01-19 18:03:06.307  3709  3709 I InputManager: Input event injection from pid 3709 uid 1000
01-19 18:03:06.314  3709  9007 I ActivityTaskManager: START u0 {flg=0x10008000 cmp=com.spocky.projengmenu/.ui.settings.SettingsActivity} from uid 10025
01-19 18:03:06.328  3709  3840 D ConnectivityService: releasing NetworkRequest [ TRACK_DEFAULT id=60, [ Capabilities: INTERNET&NOT_RESTRICTED&TRUSTED Uid: 10025 AdministratorUids: [] RequestorUid: 10025 RequestorPackageName: com.spocky.projengmenu] ] (release request)
01-19 18:03:06.332  3709  6730 W ActivityTaskManager: Tried to set launchTime (0) < mLastActivityLaunchTime (29886)
01-19 18:03:09.214  3709  3709 I InputManager: Input event injection from pid 3709 uid 1000
01-19 18:03:10.687  3709  3709 I chatty  : uid=1000 system_server identical 8 lines
01-19 18:03:10.887  3709  3709 I InputManager: Input event injection from pid 3709 uid 1000
01-19 18:03:10.893  3709  4194 I ActivityTaskManager: START u0 {flg=0x10000000 cmp=com.spocky.projengmenu/.ui.guidedActions.activities.settings.SettingsAndroidActivity} from uid 10025
01-19 18:03:10.904  3709  4194 W ActivityTaskManager: Tried to set launchTime (0) < mLastActivityLaunchTime (948069)
01-19 18:03:10.928  3709  9007 I ActivityTaskManager: START u0 {act=android.settings.SETTINGS cmp=com.android.tv.settings/.MainSettings} from uid 10025
01-19 18:03:10.956  3709  6730 W ActivityTaskManager: Tried to set launchTime (0) < mLastActivityLaunchTime (27683)
01-19 18:03:11.126  4161  4161 W ContextImpl: Calling a method in the system process without a qualified user: android.app.ContextImpl.bindService:1769 android.content.ContextWrapper.bindService:756 com.nvidia.shieldtech.accessories.AccessoryManager.bindService:287 com.nvidia.shieldtech.accessories.AccessoryManager.connect:134 com.nvidia.shieldtech.accessories.AccessoryManager.connect:127 
01-19 18:03:12.801  4161  4161 W ContextImpl: Calling a method in the system process without a qualified user: android.app.ContextImpl.sendBroadcast:1111 android.content.ContextWrapper.sendBroadcast:468 com.android.tv.settings.MainFragment.updateNetflixESN:1085 com.android.tv.settings.MainFragment.onCreate:237 android.app.Fragment.performCreate:2486 
01-19 18:03:12.898  3709  3840 D ConnectivityService: NetReassign [no changes]
01-19 18:03:12.900  3709  4194 D CompatibilityChangeReporter: Compat change id reported: 135634846; UID 10022; state: DISABLED
01-19 18:03:12.900  3709  3736 D CompatibilityChangeReporter: Compat change id reported: 143937733; UID 10022; state: DISABLED
01-19 18:03:12.913  3709  3736 I ActivityManager: Start proc 9950:com.android.settings.intelligence/u0a22 for service {com.android.settings.intelligence/com.android.settings.intelligence.suggestions.SuggestionService}
01-19 18:03:14.889  3709  6730 D CompatibilityChangeReporter: Compat change id reported: 135634846; UID 10006; state: DISABLED
01-19 18:03:14.890  3709  3736 D CompatibilityChangeReporter: Compat change id reported: 143937733; UID 10006; state: ENABLED
01-19 18:03:14.899  3709  3736 I ActivityManager: Start proc 9975:com.google.android.tungsten.setupwraith/u0a6 for content provider {com.google.android.tungsten.setupwraith/com.google.android.tvsetup.app.deferred.DeferredContentProvider}
01-19 18:03:15.771  3709  3709 I InputManager: Input event injection from pid 3709 uid 1000
01-19 18:03:21.588  3709  3709 I chatty  : uid=1000 system_server identical 30 lines
01-19 18:03:21.756  3709  3709 I InputManager: Input event injection from pid 3709 uid 1000
01-19 18:03:21.802  3709  3735 D CompatibilityChangeReporter: Compat change id reported: 135634846; UID 10053; state: DISABLED
01-19 18:03:21.802  3709  3736 D CompatibilityChangeReporter: Compat change id reported: 143937733; UID 10053; state: ENABLED
01-19 18:03:21.814  3709  3736 I ActivityManager: Start proc 10042:com.nvidia.tegrazone3/u0a53 for broadcast {com.nvidia.tegrazone3/com.google.firebase.iid.FirebaseInstanceIdReceiver}
01-19 18:03:21.849  3709  3709 I InputManager: Input event injection from pid 3709 uid 1000
01-19 18:03:22.026  3709  3709 I InputManager: Input event injection from pid 3709 uid 1000
01-19 18:03:22.043  3709  4194 D CompatibilityChangeReporter: Compat change id reported: 135634846; UID 10053; state: DISABLED
01-19 18:03:22.044  3709  3736 D CompatibilityChangeReporter: Compat change id reported: 143937733; UID 10053; state: ENABLED
01-19 18:03:22.057  3709  3736 I ActivityManager: Start proc 10099:com.nvidia.tegrazone3:workManager/u0a53 for service {com.nvidia.tegrazone3/androidx.work.multiprocess.RemoteWorkManagerService}
01-19 18:03:22.120  3709  3709 I InputManager: Input event injection from pid 3709 uid 1000
01-19 18:03:24.558  3709  3709 I chatty  : uid=1000 system_server identical 14 lines
01-19 18:03:24.756  3709  3709 I InputManager: Input event injection from pid 3709 uid 1000
01-19 18:03:24.816  3709  3840 D ConnectivityService: NetReassign [no changes]
01-19 18:03:29.501  3709  3709 I InputManager: Input event injection from pid 3709 uid 1000
01-19 18:03:33.101  3709  3709 I chatty  : uid=1000 system_server identical 26 lines
01-19 18:03:33.305  3709  3709 I InputManager: Input event injection from pid 3709 uid 1000
01-19 18:04:37.468  3709  4413 D AdbDebuggingManager: Received public key: QAAAAFGzezhPigpClpPdRAbaGAEgTuOp5jm6Khxao4tRkawbhur0RMaU6OsMhRQaW6/yV2pjBPCp3qWhEPrxW48PvUA/EGaipzjfhjusMAA/OFFKUsQZ2CQ8HngMQV5hXeIXGHhPrW9ongIIJQ3QRI4DNNYlWk+3p8Z5g2VNixr+gSXLFzNneB8JJkv3ODJkuuSjp90YcSQNn2+qgwUf92jJCvsCyM/G0xNsc+dGhBen+aOYMFCB9vTVbnqqKkeU64uKpJddSdpQ+PbCUpI9RzGEJ65MfG2pONdruZnKN8SSqTokpkEc92EjTCdSA8sh1ko0j7sRHhmN9WdwBKVxIouSu/TENvrf6l7IevxKBxzTJtQyZ85ci+dI6GUrEgK2nxgoDa6rOT4f2q1YBeRJ2o2b/DyFCflLFp7opSoFsATpSUjn2nJdB4LvQQlnr2HnzQLmxLMyNV7do87vbovrf4A95Fw0Jxzg1De+A4xoURKptq+pvIMEHepKLbdSz8+P7GOX5kVSYobQfxiR/L8n3il2b/jyNTgrtq4crAoAEt14zNfF5tDjR46/e7TUlLg40mkUhYlmKzdcpUuIVCyxFD8pNz9wCK/l5iexio6GG2uF0LJ6WdYDDlXeBs3CyYRfP6w8/SUx47XZGvdJ5d09gmtoe2sJbjPCe1QOmLCNS7UziRvQiU7UNgEAAQA= bobbyfbrown@VivoBookTCP
01-19 18:04:37.469  3709  3726 D AdbDebuggingManager: Logging key QAAAAFGzezhPigpClpPdRAbaGAEgTuOp5jm6Khxao4tRkawbhur0RMaU6OsMhRQaW6/yV2pjBPCp3qWhEPrxW48PvUA/EGaipzjfhjusMAA/OFFKUsQZ2CQ8HngMQV5hXeIXGHhPrW9ongIIJQ3QRI4DNNYlWk+3p8Z5g2VNixr+gSXLFzNneB8JJkv3ODJkuuSjp90YcSQNn2+qgwUf92jJCvsCyM/G0xNsc+dGhBen+aOYMFCB9vTVbnqqKkeU64uKpJddSdpQ+PbCUpI9RzGEJ65MfG2pONdruZnKN8SSqTokpkEc92EjTCdSA8sh1ko0j7sRHhmN9WdwBKVxIouSu/TENvrf6l7IevxKBxzTJtQyZ85ci+dI6GUrEgK2nxgoDa6rOT4f2q1YBeRJ2o2b/DyFCflLFp7opSoFsATpSUjn2nJdB4LvQQlnr2HnzQLmxLMyNV7do87vbovrf4A95Fw0Jxzg1De+A4xoURKptq+pvIMEHepKLbdSz8+P7GOX5kVSYobQfxiR/L8n3il2b/jyNTgrtq4crAoAEt14zNfF5tDjR46/e7TUlLg40mkUhYlmKzdcpUuIVCyxFD8pNz9wCK/l5iexio6GG2uF0LJ6WdYDDlXeBs3CyYRfP6w8/SUx47XZGvdJ5d09gmtoe2sJbjPCe1QOmLCNS7UziRvQiU7UNgEAAQA= bobbyfbrown@VivoBookTCP, state = 1, alwaysAllow = false, lastConnectionTime = 0, authWindow = 0
01-19 18:04:37.471  3709  3726 I ActivityTaskManager: START u0 {flg=0x10000000 cmp=com.android.systemui/.usb.UsbDebuggingActivity (has extras)} from uid 1000
01-19 18:04:40.660  3709  3709 I InputManager: Input event injection from pid 3709 uid 1000
01-19 18:04:42.387  3709  3709 I chatty  : uid=1000 system_server identical 6 lines
01-19 18:04:42.593  3709  3709 I InputManager: Input event injection from pid 3709 uid 1000
01-19 18:04:42.614  3709  3726 D AdbDebuggingManager: Logging key QAAAAFGzezhPigpClpPdRAbaGAEgTuOp5jm6Khxao4tRkawbhur0RMaU6OsMhRQaW6/yV2pjBPCp3qWhEPrxW48PvUA/EGaipzjfhjusMAA/OFFKUsQZ2CQ8HngMQV5hXeIXGHhPrW9ongIIJQ3QRI4DNNYlWk+3p8Z5g2VNixr+gSXLFzNneB8JJkv3ODJkuuSjp90YcSQNn2+qgwUf92jJCvsCyM/G0xNsc+dGhBen+aOYMFCB9vTVbnqqKkeU64uKpJddSdpQ+PbCUpI9RzGEJ65MfG2pONdruZnKN8SSqTokpkEc92EjTCdSA8sh1ko0j7sRHhmN9WdwBKVxIouSu/TENvrf6l7IevxKBxzTJtQyZ85ci+dI6GUrEgK2nxgoDa6rOT4f2q1YBeRJ2o2b/DyFCflLFp7opSoFsATpSUjn2nJdB4LvQQlnr2HnzQLmxLMyNV7do87vbovrf4A95Fw0Jxzg1De+A4xoURKptq+pvIMEHepKLbdSz8+P7GOX5kVSYobQfxiR/L8n3il2b/jyNTgrtq4crAoAEt14zNfF5tDjR46/e7TUlLg40mkUhYlmKzdcpUuIVCyxFD8pNz9wCK/l5iexio6GG2uF0LJ6WdYDDlXeBs3CyYRfP6w8/SUx47XZGvdJ5d09gmtoe2sJbjPCe1QOmLCNS7UziRvQiU7UNgEAAQA= bobbyfbrown@VivoBookTCP, state = 2, alwaysAllow = true, lastConnectionTime = 1768863882613, authWindow = 0
01-19 18:04:42.686  3709  3840 D ConnectivityService: NetReassign [no changes]
01-19 18:05:12.095  3709  3709 I InputManager: Input event injection from pid 3709 uid 1000
01-19 18:05:12.384  3709  3709 I chatty  : uid=1000 system_server identical 2 lines
01-19 18:05:12.541  3709  3709 I InputManager: Input event injection from pid 3709 uid 1000
01-19 18:05:12.588  3709  3840 D ConnectivityService: NetReassign [no changes]
01-19 18:05:12.633  3709  3709 I InputManager: Input event injection from pid 3709 uid 1000
01-19 18:05:15.797  3709  3709 I chatty  : uid=1000 system_server identical 4 lines
01-19 18:05:15.991  3709  3709 I InputManager: Input event injection from pid 3709 uid 1000
01-19 18:05:16.029  3709  6730 D ConnectivityService: requestNetwork for uid/pid:10025/4822 NetworkRequest [ TRACK_DEFAULT id=65, [ Capabilities: INTERNET&NOT_RESTRICTED&TRUSTED Uid: 10025 AdministratorUids: [] RequestorUid: 10025 RequestorPackageName: com.spocky.projengmenu] ]
01-19 18:05:16.029  3709  3840 D ConnectivityService: NetReassign [65 : null → 100]
01-19 18:05:17.162  3709  3709 I InputManager: Input event injection from pid 3709 uid 1000
01-19 18:05:17.367  3709  3709 I chatty  : uid=1000 system_server identical 1 line
01-19 18:05:18.154  3709  3709 I InputManager: Input event injection from pid 3709 uid 1000
01-19 18:05:18.562  3709  5262 I ActivityTaskManager: START u0 {flg=0x10008000 cmp=com.spocky.projengmenu/.ui.settings.SettingsActivity (has extras)} from uid 10025
01-19 18:05:18.570  3709  3840 D ConnectivityService: releasing NetworkRequest [ TRACK_DEFAULT id=65, [ Capabilities: INTERNET&NOT_RESTRICTED&TRUSTED Uid: 10025 AdministratorUids: [] RequestorUid: 10025 RequestorPackageName: com.spocky.projengmenu] ] (release request)
01-19 18:05:18.571  3709  5262 W ActivityTaskManager: Tried to set launchTime (0) < mLastActivityLaunchTime (952642)
01-19 18:05:18.704  3709  3709 I InputManager: Input event injection from pid 3709 uid 1000
01-19 18:05:19.220  3709  3709 W HDMI    : [1]:Unhandled cec command:<User Control Release> 0B:45
01-19 18:05:19.881  3709  3709 I InputManager: Input event injection from pid 3709 uid 1000
01-19 18:05:20.082  3709  3709 I InputManager: Input event injection from pid 3709 uid 1000
01-19 18:05:20.091  3709  4193 I ActivityTaskManager: START u0 {flg=0x50000000 cmp=com.spocky.projengmenu/.ui.launcherActivities.SettingsIntentActivity (has extras)} from uid 10025
01-19 18:05:20.101  3709  4193 W ActivityTaskManager: Tried to set launchTime (0) < mLastActivityLaunchTime (1080308)
01-19 18:05:20.127  3709  4194 I ActivityTaskManager: START u0 {act=android.settings.APPLICATION_DETAILS_SETTINGS cat=[android.intent.category.DEFAULT] dat=package:com.risa.app flg=0x10800000 cmp=com.android.tv.settings/.device.apps.AppManagementActivity} from uid 10025
01-19 18:05:20.142  3709  4194 W ActivityTaskManager: Tried to set launchTime (0) < mLastActivityLaunchTime (952693)
01-19 18:05:24.210  3709  3709 I InputManager: Input event injection from pid 3709 uid 1000
01-19 18:05:25.605  3709  3709 I chatty  : uid=1000 system_server identical 4 lines
01-19 18:05:25.693  3709  3709 I InputManager: Input event injection from pid 3709 uid 1000
01-19 18:05:25.703  3709  4194 I ActivityManager: Force stopping com.risa.app appid=10271 user=0: from pid 4161
01-19 18:05:25.790  4161  4161 W ContextImpl: Calling a method in the system process without a qualified user: android.app.ContextImpl.sendOrderedBroadcast:1274 android.app.ContextImpl.sendOrderedBroadcast:1248 android.content.ContextWrapper.sendOrderedBroadcast:514 android.content.ContextWrapper.sendOrderedBroadcast:514 com.android.tv.settings.device.apps.ForceStopPreference.refresh:67 
01-19 18:05:25.805  4161  4161 I chatty  : uid=1000(system) com.android.tv.settings identical 2 lines
01-19 18:05:26.228  4161  4161 W ContextImpl: Calling a method in the system process without a qualified user: android.app.ContextImpl.sendOrderedBroadcast:1274 android.app.ContextImpl.sendOrderedBroadcast:1248 android.content.ContextWrapper.sendOrderedBroadcast:514 android.content.ContextWrapper.sendOrderedBroadcast:514 com.android.tv.settings.device.apps.ForceStopPreference.refresh:67 
01-19 18:05:26.823  3709  3709 I InputManager: Input event injection from pid 3709 uid 1000
01-19 18:05:27.021  3709  3709 I InputManager: Input event injection from pid 3709 uid 1000
01-19 18:05:27.408  3709 10338 D ConnectivityService: requestNetwork for uid/pid:10025/4822 NetworkRequest [ TRACK_DEFAULT id=66, [ Capabilities: INTERNET&NOT_RESTRICTED&TRUSTED Uid: 10025 AdministratorUids: [] RequestorUid: 10025 RequestorPackageName: com.spocky.projengmenu] ]
01-19 18:05:27.410  3709  3840 D ConnectivityService: NetReassign [66 : null → 100]
01-19 18:05:28.609  3709  3709 I InputManager: Input event injection from pid 3709 uid 1000
01-19 18:05:29.015  3709  6730 I ActivityTaskManager: START u0 {flg=0x10008000 cmp=com.spocky.projengmenu/.ui.settings.SettingsActivity (has extras)} from uid 10025
01-19 18:05:29.021  3709  3840 D ConnectivityService: releasing NetworkRequest [ TRACK_DEFAULT id=66, [ Capabilities: INTERNET&NOT_RESTRICTED&TRUSTED Uid: 10025 AdministratorUids: [] RequestorUid: 10025 RequestorPackageName: com.spocky.projengmenu] ] (release request)
01-19 18:05:29.025  3709  9007 W ActivityTaskManager: Tried to set launchTime (0) < mLastActivityLaunchTime (1081838)
01-19 18:05:29.160  3709  3709 I InputManager: Input event injection from pid 3709 uid 1000
01-19 18:05:30.677  3709  3709 I chatty  : uid=1000 system_server identical 1 line
01-19 18:05:30.881  3709  3709 I InputManager: Input event injection from pid 3709 uid 1000
01-19 18:05:30.886  3709  6730 I ActivityTaskManager: START u0 {flg=0x50000000 cmp=com.spocky.projengmenu/.ui.launcherActivities.SettingsIntentActivity (has extras)} from uid 10025
01-19 18:05:30.894  3709  6730 W ActivityTaskManager: Tried to set launchTime (0) < mLastActivityLaunchTime (1090762)
01-19 18:05:30.920  3709  6730 I ActivityTaskManager: START u0 {act=android.settings.APPLICATION_DETAILS_SETTINGS cat=[android.intent.category.DEFAULT] dat=package:com.risa.app flg=0x10800000 cmp=com.android.tv.settings/.device.apps.AppManagementActivity} from uid 10025
01-19 18:05:30.931  3709  9007 W ActivityTaskManager: Tried to set launchTime (0) < mLastActivityLaunchTime (1081879)
01-19 18:05:30.987  4161  4161 W ContextImpl: Calling a method in the system process without a qualified user: android.app.ContextImpl.sendOrderedBroadcast:1274 android.app.ContextImpl.sendOrderedBroadcast:1248 android.content.ContextWrapper.sendOrderedBroadcast:514 android.content.ContextWrapper.sendOrderedBroadcast:514 com.android.tv.settings.device.apps.ForceStopPreference.refresh:67 
01-19 18:05:31.066  4161  4161 I chatty  : uid=1000(system) com.android.tv.settings identical 3 lines
01-19 18:05:32.356  4161  4161 W ContextImpl: Calling a method in the system process without a qualified user: android.app.ContextImpl.sendOrderedBroadcast:1274 android.app.ContextImpl.sendOrderedBroadcast:1248 android.content.ContextWrapper.sendOrderedBroadcast:514 android.content.ContextWrapper.sendOrderedBroadcast:514 com.android.tv.settings.device.apps.ForceStopPreference.refresh:67 
01-19 18:05:35.383  3709  3709 I InputManager: Input event injection from pid 3709 uid 1000
01-19 18:05:38.527  3709  3709 I chatty  : uid=1000 system_server identical 10 lines
01-19 18:05:38.730  3709  3709 I InputManager: Input event injection from pid 3709 uid 1000
01-19 18:05:38.829  4161  4161 W ContextImpl: Calling a method in the system process without a qualified user: android.app.ContextImpl.sendOrderedBroadcast:1274 android.app.ContextImpl.sendOrderedBroadcast:1248 android.content.ContextWrapper.sendOrderedBroadcast:514 android.content.ContextWrapper.sendOrderedBroadcast:514 com.android.tv.settings.device.apps.ForceStopPreference.refresh:67 
01-19 18:05:38.842  4161  4161 I chatty  : uid=1000(system) com.android.tv.settings identical 2 lines
01-19 18:05:39.229  4161  4161 W ContextImpl: Calling a method in the system process without a qualified user: android.app.ContextImpl.sendOrderedBroadcast:1274 android.app.ContextImpl.sendOrderedBroadcast:1248 android.content.ContextWrapper.sendOrderedBroadcast:514 android.content.ContextWrapper.sendOrderedBroadcast:514 com.android.tv.settings.device.apps.ForceStopPreference.refresh:67 
01-19 18:05:39.653  3709  3709 I InputManager: Input event injection from pid 3709 uid 1000
01-19 18:05:39.850  3709  3709 I InputManager: Input event injection from pid 3709 uid 1000
01-19 18:05:40.239  3709  8031 D ConnectivityService: requestNetwork for uid/pid:10025/4822 NetworkRequest [ TRACK_DEFAULT id=67, [ Capabilities: INTERNET&NOT_RESTRICTED&TRUSTED Uid: 10025 AdministratorUids: [] RequestorUid: 10025 RequestorPackageName: com.spocky.projengmenu] ]
01-19 18:05:40.240  3709  3840 D ConnectivityService: NetReassign [67 : null → 100]
01-19 18:05:43.076  3709  3709 I InputManager: Input event injection from pid 3709 uid 1000
01-19 18:05:43.280  3709  3709 I InputManager: Input event injection from pid 3709 uid 1000
01-19 18:05:43.287  3709  4213 I ActivityTaskManager: START u0 {act=android.intent.action.MAIN cat=[android.intent.category.LEANBACK_LAUNCHER] flg=0x10000000 pkg=com.risa.app cmp=com.risa.app/.MainActivity} from uid 10025
01-19 18:05:43.296  3709  3729 D CompatibilityChangeReporter: Compat change id reported: 135634846; UID 10271; state: DISABLED
01-19 18:05:43.297  3709  3736 D CompatibilityChangeReporter: Compat change id reported: 143937733; UID 10271; state: ENABLED
01-19 18:05:43.298  3709  3840 D ConnectivityService: releasing NetworkRequest [ TRACK_DEFAULT id=67, [ Capabilities: INTERNET&NOT_RESTRICTED&TRUSTED Uid: 10025 AdministratorUids: [] RequestorUid: 10025 RequestorPackageName: com.spocky.projengmenu] ] (release request)
01-19 18:05:43.318  3709  3736 I ActivityManager: Start proc 10383:com.risa.app/u0a271 for pre-top-activity {com.risa.app/com.risa.app.MainActivity}
01-19 18:05:47.420  3709  4468 E TaskPersister: File error accessing recents directory (directory doesn't exist?).
01-19 18:05:52.920  3709  3709 D CompatibilityChangeReporter: Compat change id reported: 135634846; UID 10070; state: DISABLED
01-19 18:05:52.920  3709  3736 D CompatibilityChangeReporter: Compat change id reported: 143937733; UID 10070; state: ENABLED
01-19 18:05:52.931  3709  3736 I ActivityManager: Start proc 10468:com.nvidia.shieldbeta/u0a70 for content provider {com.nvidia.shieldbeta/com.nvidia.shieldbeta.data.BetaContentProvider}
01-19 18:07:44.293  3709  3734 I UsageStatsService: User[0] Flushing usage stats to disk
01-19 18:07:55.493  3709  3709 D CompatibilityChangeReporter: Compat change id reported: 135634846; UID 10016; state: DISABLED
01-19 18:07:55.494  3709  3736 D CompatibilityChangeReporter: Compat change id reported: 143937733; UID 10016; state: ENABLED
01-19 18:07:55.508  3709  3736 I ActivityManager: Start proc 10629:com.android.vending:instant_app_installer/u0a16 for service {com.android.vending/com.google.android.finsky.instantapps.metrics.LogFlushJob}
01-19 18:10:36.322  3709  3743 V DisplayPowerController: Brightness [0.05] reason changing to: 'manual [ dim ]', previous reason: 'manual'.
01-19 18:10:50.482  3709  3709 D CompatibilityChangeReporter: Compat change id reported: 135634846; UID 10015; state: DISABLED
01-19 18:10:50.482  3709  3736 D CompatibilityChangeReporter: Compat change id reported: 143937733; UID 10015; state: ENABLED
01-19 18:10:50.750  3709  3736 W ActivityManager: Slow operation: 268ms so far, now at startProcess: returned from zygote!
01-19 18:10:50.750  3709  3736 W ActivityManager: Slow operation: 268ms so far, now at startProcess: done updating battery stats
01-19 18:10:50.750  3709  3736 W ActivityManager: Slow operation: 268ms so far, now at startProcess: building log message
01-19 18:10:50.750  3709  3736 I ActivityManager: Start proc 10848:com.google.android.tv/u0a15 for service {com.google.android.tv/com.android.tv.recommendation.ChannelPreviewUpdater$ChannelPreviewUpdateService}
01-19 18:10:50.750  3709  3736 W ActivityManager: Slow operation: 268ms so far, now at startProcess: starting to update pids map
01-19 18:10:50.750  3709  3736 W ActivityManager: Slow operation: 269ms so far, now at startProcess: done updating pids map
01-19 18:10:51.122  3709  3743 I PowerManagerService: Nap time (uid 1000)...
01-19 18:10:51.180  3709  3743 I DreamManagerService: Entering dreamland.
01-19 18:10:51.180  3709  3743 I PowerManagerService: Dreaming...
01-19 18:10:51.189  3709  3726 I DreamController: Starting dream: name=ComponentInfo{com.google.android.backdrop/com.google.android.backdrop.Backdrop}, isTest=false, canDoze=false, userId=0
01-19 18:10:51.317  3709  9007 I ActivityTaskManager: START u0 {act=com.google.android.tvlauncher.intent.action.LAUNCH_BOOT_HELPER_EMPTY_ACTIVITY cat=[android.intent.category.DEFAULT] flg=0x10008000 pkg=com.google.android.tvlauncher} from uid 10019
01-19 18:10:51.568  3709  4213 I ActivityTaskManager: START u0 {flg=0x10000000 pkg=com.google.android.backdrop cmp=com.google.android.backdrop/android.service.dreams.DreamActivity (has extras)} from uid 10036
01-19 18:10:51.589  9693  9693 E AndroidRuntime: FATAL EXCEPTION: main
01-19 18:10:51.589  9693  9693 E AndroidRuntime: Process: com.google.android.tvrecommendations, PID: 9693
01-19 18:10:51.589  9693  9693 E AndroidRuntime: java.lang.RuntimeException: Error receiving broadcast Intent { act=android.intent.action.DREAMING_STARTED flg=0x40000010 } in dua@783a73e
01-19 18:10:51.589  9693  9693 E AndroidRuntime: 	at android.app.LoadedApk$ReceiverDispatcher$Args.lambda$getRunnable$0$LoadedApk$ReceiverDispatcher$Args(LoadedApk.java:1590)
01-19 18:10:51.589  9693  9693 E AndroidRuntime: 	at android.app.-$$Lambda$LoadedApk$ReceiverDispatcher$Args$_BumDX2UKsnxLVrE6UJsJZkotuA.run(Unknown Source:2)
01-19 18:10:51.589  9693  9693 E AndroidRuntime: 	at android.os.Handler.handleCallback(Handler.java:938)
01-19 18:10:51.589  9693  9693 E AndroidRuntime: 	at android.os.Handler.dispatchMessage(Handler.java:99)
01-19 18:10:51.589  9693  9693 E AndroidRuntime: 	at android.os.Looper.loop(Looper.java:223)
01-19 18:10:51.589  9693  9693 E AndroidRuntime: 	at android.app.ActivityThread.main(ActivityThread.java:7668)
01-19 18:10:51.589  9693  9693 E AndroidRuntime: 	at java.lang.reflect.Method.invoke(Native Method)
01-19 18:10:51.589  9693  9693 E AndroidRuntime: 	at com.android.internal.os.RuntimeInit$MethodAndArgsCaller.run(RuntimeInit.java:592)
01-19 18:10:51.589  9693  9693 E AndroidRuntime: 	at com.android.internal.os.ZygoteInit.main(ZygoteInit.java:947)
01-19 18:10:51.589  9693  9693 E AndroidRuntime: Caused by: android.content.ActivityNotFoundException: No Activity found to handle Intent { act=com.google.android.tvlauncher.intent.action.LAUNCH_BOOT_HELPER_EMPTY_ACTIVITY cat=[android.intent.category.DEFAULT] flg=0x10008000 pkg=com.google.android.tvlauncher }
01-19 18:10:51.589  9693  9693 E AndroidRuntime: 	at android.app.Instrumentation.checkStartActivityResult(Instrumentation.java:2067)
01-19 18:10:51.589  9693  9693 E AndroidRuntime: 	at android.app.Instrumentation.execStartActivity(Instrumentation.java:1727)
01-19 18:10:51.589  9693  9693 E AndroidRuntime: 	at android.app.ContextImpl.startActivity(ContextImpl.java:1023)
01-19 18:10:51.589  9693  9693 E AndroidRuntime: 	at android.app.ContextImpl.startActivity(ContextImpl.java:994)
01-19 18:10:51.589  9693  9693 E AndroidRuntime: 	at android.content.ContextWrapper.startActivity(ContextWrapper.java:403)
01-19 18:10:51.589  9693  9693 E AndroidRuntime: 	at dqn.i(PG:24)
01-19 18:10:51.589  9693  9693 E AndroidRuntime: 	at dua.onReceive(PG:204)
01-19 18:10:51.589  9693  9693 E AndroidRuntime: 	at android.app.LoadedApk$ReceiverDispatcher$Args.lambda$getRunnable$0$LoadedApk$ReceiverDispatcher$Args(LoadedApk.java:1580)
01-19 18:10:51.589  9693  9693 E AndroidRuntime: 	... 8 more
01-19 18:10:51.858  3709  6730 W ActivityTaskManager: Tried to set launchTime (0) < mLastActivityLaunchTime (888709)
01-19 18:10:51.910  3709  9007 W ActivityManager: Slow operation: 103ms so far, now at getContentProviderImpl: after updateLruProcess
01-19 18:10:51.910  3709  9007 W ActivityManager: Slow operation: 103ms so far, now at getContentProviderImpl: before updateOomAdj
01-19 18:10:51.920  3709  9007 W ActivityManager: Slow operation: 114ms so far, now at getContentProviderImpl: after updateOomAdj
01-19 18:10:51.921  3709  9007 W ActivityManager: Slow operation: 114ms so far, now at getContentProviderImpl: done!
01-19 18:10:52.003  3709  9007 D CompatibilityChangeReporter: Compat change id reported: 135634846; UID 10019; state: DISABLED
01-19 18:10:52.004  3709  3736 D CompatibilityChangeReporter: Compat change id reported: 143937733; UID 10019; state: ENABLED
01-19 18:10:52.018  3709  3736 I ActivityManager: Start proc 10861:com.google.android.tvrecommendations:crash_report/u0a19 for broadcast {com.google.android.tvrecommendations/com.google.android.libraries.social.silentfeedback.nobinder.SilentFeedbackReceiver}
01-19 18:10:52.262  3709  4213 D NotificationListeners: Removing active service ComponentInfo{com.google.android.tvrecommendations/com.google.android.tvrecommendations.NotificationsService}
01-19 18:10:52.263  3709  4574 I ActivityManager: Process com.google.android.tvrecommendations (pid 9693) has died: prcl BFGS
01-19 18:10:52.263  3709  3709 V NotificationListeners: 0 notification listener connection lost: ComponentInfo{com.google.android.tvrecommendations/com.google.android.tvrecommendations.NotificationsService}
01-19 18:10:52.386  3709  4574 W ActivityManager: Scheduling restart of crashed service com.google.android.tvrecommendations/.NotificationsService in 1000ms for connection
01-19 18:10:52.716  3709  3709 W Looper  : Slow dispatch took 451ms main h=com.android.server.notification.NotificationManagerService$WorkerHandler c=com.android.server.notification.NotificationManagerService$CancelNotificationRunnable@c097d7e m=0
01-19 18:10:52.717  3709  3709 W Looper  : Slow delivery took 322ms main h=com.android.server.job.JobSchedulerService$JobHandler c=null m=4
01-19 18:10:52.741  3709  5268 D ConnectivityService: requestNetwork for uid/pid:10036/8527 NetworkRequest [ TRACK_DEFAULT id=68, [ Capabilities: INTERNET&NOT_RESTRICTED&TRUSTED Uid: 10036 AdministratorUids: [] RequestorUid: 10036 RequestorPackageName: com.google.android.backdrop] ]
01-19 18:10:52.741  3709  3840 D ConnectivityService: NetReassign [68 : null → 100]
01-19 18:10:52.743  3709  3840 D ConnectivityService: NetReassign [no changes]
01-19 18:10:52.804  3709  3709 W Looper  : Drained
01-19 18:10:53.015  3709  5268 D CompatibilityChangeReporter: Compat change id reported: 135634846; UID 10036; state: DISABLED
01-19 18:10:53.015  3709  3736 D CompatibilityChangeReporter: Compat change id reported: 143937733; UID 10036; state: ENABLED
01-19 18:10:53.027  3709  3736 I ActivityManager: Start proc 10899:com.google.android.webview:sandboxed_process0:org.chromium.content.app.SandboxedProcessService0:2/u0i2 for  {com.google.android.backdrop/org.chromium.content.app.SandboxedProcessService0:2}
01-19 18:10:53.115  3709  3840 D ConnectivityService: NetReassign [no changes]
01-19 18:10:53.378  3709  3735 D CompatibilityChangeReporter: Compat change id reported: 135634846; UID 10019; state: DISABLED
01-19 18:10:53.378  3709  3736 D CompatibilityChangeReporter: Compat change id reported: 143937733; UID 10019; state: ENABLED
01-19 18:10:53.393  3709  3736 I ActivityManager: Start proc 10907:com.google.android.tvrecommendations/u0a19 for service {com.google.android.tvrecommendations/com.google.android.tvrecommendations.NotificationsService}
01-19 18:10:53.896  3709  3743 V DisplayPowerController: Brightness [0.39763778] reason changing to: 'manual', previous reason: 'manual [ dim ]'.
01-19 18:10:54.438  3709  3709 V NotificationListeners: 0 notification listener service connected: ComponentInfo{com.google.android.tvrecommendations/com.google.android.tvrecommendations.NotificationsService}
01-19 18:10:54.439  3709  3709 D NotificationService: 0|com.nvidia.ota|1|ShieldOTA|10071: granting content://settings/system/notification_sound
01-19 18:10:54.439  3709  3709 D NotificationService: 0|com.google.android.gms|2147483647|ranker_group|10005|ranker_group: granting content://settings/system/notification_sound
01-19 18:10:54.439  3709  3709 D NotificationService: 0|com.google.android.gms|1000|a:GMSCORE_STORE_RENDERER:c6afaeefe0e60000:106394913552912778563|10005: granting content://settings/system/notification_sound
01-19 18:10:54.439  3709  3709 D NotificationService: 0|com.google.android.gms|1000|a:GMSCORE_STORE_RENDERER:54066fce52e60000:106394913552912778563|10005: granting content://settings/system/notification_sound
01-19 18:10:54.440  3709  3709 D NotificationService: 0|com.google.android.gms|1000|a:GMSCORE_STORE_RENDERER:a0de338e52e60000:106394913552912778563|10005: granting content://settings/system/notification_sound
01-19 18:10:54.440  3709  3709 D NotificationService: 0|com.google.android.gms|1000|a:GMSCORE_STORE_RENDERER:1670061fd4e60000:106394913552912778563|10005: granting content://settings/system/notification_sound
