01-19 17:48:15.894  7035  7035 W ContextImpl: Calling a method in the system process without a qualified user: android.app.ContextImpl.startService:1690 android.content.ContextWrapper.startService:720 android.content.ContextWrapper.startService:720 com.nvidia.stats.CollectionsReceiver.onReceive:20 android.app.ActivityThread.handleReceiver:4027 
01-19 17:48:15.895  7035  7035 W ContextImpl: Calling a method in the system process without a qualified user: android.app.ContextImpl.startService:1690 android.content.ContextWrapper.startService:720 android.content.ContextWrapper.startService:720 com.nvidia.stats.CollectionsReceiver.onReceive:20 android.app.ActivityThread.handleReceiver:4027 
01-19 17:48:15.896  3709  3735 I ActivityManager: Waited long enough for: ServiceRecord{a560b2 u0 com.nvidia.stats/.StatsService}
01-19 17:48:16.186  3709  3735 I ActivityManager: Waited long enough for: ServiceRecord{90c1ba3 u0 com.nvidia.stats/com.nvidia.peripheralservice.StatCollectionService}
01-19 17:48:16.288  7035  7873 W ContextImpl: Calling a method in the system process without a qualified user: android.app.ContextImpl.sendBroadcast:1111 android.content.ContextWrapper.sendBroadcast:468 com.nvidia.peripheralservice.o0.h:46 com.nvidia.peripheralservice.l0.h:61 com.nvidia.peripheralservice.l0.i:1 
01-19 17:48:16.290  7035  7035 W ContextImpl: Calling a method in the system process without a qualified user: android.app.ContextImpl.startService:1690 android.content.ContextWrapper.startService:720 android.content.ContextWrapper.startService:720 com.nvidia.stats.CollectionsReceiver.onReceive:20 android.app.ActivityThread.handleReceiver:4027 
01-19 17:48:16.292  7035  7873 W ContextImpl: Calling a method in the system process without a qualified user: android.app.ContextImpl.sendBroadcast:1111 android.content.ContextWrapper.sendBroadcast:468 com.nvidia.peripheralservice.o0.h:46 com.nvidia.peripheralservice.l0.h:61 com.nvidia.peripheralservice.l0.i:1 
01-19 17:48:16.294  7035  7873 W ContextImpl: Calling a method in the system process without a qualified user: android.app.ContextImpl.sendBroadcast:1111 android.content.ContextWrapper.sendBroadcast:468 com.nvidia.peripheralservice.o0.h:46 com.nvidia.peripheralservice.l0.h:61 com.nvidia.peripheralservice.l0.i:1 
01-19 17:48:16.318  7035  7035 W ContextImpl: Calling a method in the system process without a qualified user: android.app.ContextImpl.startService:1690 android.content.ContextWrapper.startService:720 android.content.ContextWrapper.startService:720 com.nvidia.stats.CollectionsReceiver.onReceive:20 android.app.ActivityThread.handleReceiver:4027 
01-19 17:48:16.321  7035  7035 W ContextImpl: Calling a method in the system process without a qualified user: android.app.ContextImpl.startService:1690 android.content.ContextWrapper.startService:720 android.content.ContextWrapper.startService:720 com.nvidia.stats.CollectionsReceiver.onReceive:20 android.app.ActivityThread.handleReceiver:4027 
01-19 17:48:16.555  3709  3735 I ActivityManager: Waited long enough for: ServiceRecord{f2cf066 u0 com.nvidia.stats/com.nvidia.NvAccSt.NvAccStService}
01-19 17:48:16.997  3709  4213 I ActivityManager: Killing 6821:com.nvidia.feedback/1000 (adj 975): empty #17
01-19 17:48:21.766  3709  4213 I ActivityManager: Killing 6705:com.nvidia.NvCPLUpdater/1000 (adj 985): empty #17
01-19 17:48:23.290  3709  4568 I ActivityManager: Killing 5358:com.nvidia.shieldbeta/u0a70 (adj 985): empty #17
01-19 17:48:23.290  3709  4568 I ActivityManager: Killing 6677:com.nvidia.ControllerMapper/1000 (adj 985): empty #18
01-19 17:48:23.291  3709  4568 I ActivityManager: Killing 7129:com.google.android.tv:common/u0a15 (adj 995): empty #19
01-19 17:48:23.292  3709  4568 I ActivityManager: Killing 4894:android.process.acore/u0a12 (adj 995): empty #20
01-19 17:48:23.325  3709  4569 D CountryDetector: No listener is left
01-19 17:48:24.252  3709  3854 I ActivityManager: Killing 6433:com.google.android.partnersetup/u0a27 (adj 985): empty #17
01-19 17:48:24.252  3709  3854 I ActivityManager: Killing 6930:com.nvidia.shield.nas/u0a23 (adj 100): empty #18
01-19 17:48:24.285  3709  3842 D NsdService: Client disconnected
01-19 17:48:25.350  3709  5262 I ActivityManager: Killing 6982:com.nvidia.shield.smbserver/1000 (adj 985): empty #17
01-19 17:48:31.503  3709  3817 D CompatibilityChangeReporter: Compat change id reported: 135634846; UID 1000; state: DISABLED
01-19 17:48:31.524  7035  8041 W ContextImpl: Calling a method in the system process without a qualified user: android.app.ContextImpl.sendBroadcast:1111 android.content.ContextWrapper.sendBroadcast:468 com.nvidia.peripheralservice.o0.h:46 com.nvidia.peripheralservice.l0.h:61 com.nvidia.peripheralservice.l0.i:1 
01-19 17:48:31.527  7035  8041 W ContextImpl: Calling a method in the system process without a qualified user: android.app.ContextImpl.sendBroadcast:1111 android.content.ContextWrapper.sendBroadcast:468 com.nvidia.peripheralservice.o0.h:46 com.nvidia.peripheralservice.l0.h:61 com.nvidia.peripheralservice.l0.i:1 
01-19 17:48:31.527  7035  7035 W ContextImpl: Calling a method in the system process without a qualified user: android.app.ContextImpl.startService:1690 android.content.ContextWrapper.startService:720 android.content.ContextWrapper.startService:720 com.nvidia.stats.CollectionsReceiver.onReceive:20 android.app.ActivityThread.handleReceiver:4027 
01-19 17:48:31.530  7035  7035 W ContextImpl: Calling a method in the system process without a qualified user: android.app.ContextImpl.startService:1690 android.content.ContextWrapper.startService:720 android.content.ContextWrapper.startService:720 com.nvidia.stats.CollectionsReceiver.onReceive:20 android.app.ActivityThread.handleReceiver:4027 
01-19 17:48:31.530  3709  4575 I ActivityManager: Killing 7294:ar.tvplayer.tv/u0a123 (adj 985): empty #17
01-19 17:48:31.539  3709  3736 I ActivityManager: Start proc 8042:com.nvidia.factorysyschecker/1000 for service {com.nvidia.factorysyschecker/com.nvidia.factorysyschecker.NvSysCheckerService}
01-19 17:48:31.560  3709  3736 I ActivityManager: Start proc 8059:com.nvidia.feedback/1000 for service {com.nvidia.feedback/com.nvidia.feedback.FeedbackUploadJobService}
01-19 17:48:31.589  8042  8042 W ContextImpl: Calling a method in the system process without a qualified user: android.app.ContextImpl.sendBroadcast:1111 android.content.ContextWrapper.sendBroadcast:468 com.nvidia.factorysyschecker.NvSysCheckerService.sendResultsBroadcast:167 com.nvidia.factorysyschecker.NvSysCheckerService.onStartCommand:67 android.app.ActivityThread.handleServiceArgs:4321 
01-19 17:48:31.607  3709  4213 D CompatibilityChangeReporter: Compat change id reported: 136219221; UID 1000; state: ENABLED
01-19 17:48:31.660  3709  6723 E JobScheduler: Can't cancel all jobs for system uid
01-19 17:48:31.660  3709  6723 E JobScheduler: android.util.Log$TerribleFailure: Can't cancel all jobs for system uid
01-19 17:48:31.660  3709  6723 E JobScheduler: 	at android.util.Log.wtf(Log.java:313)
01-19 17:48:31.660  3709  6723 E JobScheduler: 	at android.util.Slog.wtfStack(Slog.java:111)
01-19 17:48:31.660  3709  6723 E JobScheduler: 	at com.android.server.job.JobSchedulerService.cancelJobsForUid(JobSchedulerService.java:1229)
01-19 17:48:31.660  3709  6723 E JobScheduler: 	at com.android.server.job.JobSchedulerService$JobSchedulerStub.cancelAll(JobSchedulerService.java:2742)
01-19 17:48:31.660  3709  6723 E JobScheduler: 	at android.app.job.IJobScheduler$Stub.onTransact(IJobScheduler.java:213)
01-19 17:48:31.660  3709  6723 E JobScheduler: 	at android.os.Binder.execTransactInternal(Binder.java:1154)
01-19 17:48:31.660  3709  6723 E JobScheduler: 	at android.os.Binder.execTransact(Binder.java:1123)
01-19 17:48:31.662  3709  3735 I DropBoxManagerService: add tag=system_server_wtf isTagEnabled=true flags=0x2
01-19 17:48:33.688  3709  3735 W BroadcastQueue: Background execution not allowed: receiving Intent { act=android.intent.action.DROPBOX_ENTRY_ADDED flg=0x10 (has extras) } to com.google.android.gms/.stats.service.DropBoxEntryAddedReceiver
01-19 17:48:33.688  3709  3735 W BroadcastQueue: Background execution not allowed: receiving Intent { act=android.intent.action.DROPBOX_ENTRY_ADDED flg=0x10 (has extras) } to com.nvidia.stats/.CollectionsReceiver
01-19 17:48:33.689  3709  3735 I ActivityManager: Killing 7697:com.android.vending:instant_app_installer/u0a16 (adj 985): empty #17
01-19 17:48:45.165  3709  3726 D CompatibilityChangeReporter: Compat change id reported: 135634846; UID 10109; state: DISABLED
01-19 17:48:45.166  3709  3736 D CompatibilityChangeReporter: Compat change id reported: 143937733; UID 10109; state: DISABLED
01-19 17:48:45.183  3709  3736 I ActivityManager: Start proc 8099:com.google.android.permissioncontroller/u0a109 for service {com.google.android.permissioncontroller/com.android.permissioncontroller.permission.service.PermissionControllerServiceImpl}
01-19 17:49:14.594  3709  4575 I ActivityManager: Killing 7274:com.nvidia.tegrazone3:workManager/u0a53 (adj 975): empty #17
01-19 17:49:14.629  3709  4575 W ActivityManager: Scheduling restart of crashed service com.nvidia.tegrazone3/androidx.work.multiprocess.RemoteWorkManagerService in 1000ms for connection
01-19 17:49:15.631  3709  3735 D CompatibilityChangeReporter: Compat change id reported: 135634846; UID 10053; state: DISABLED
01-19 17:49:15.631  3709  3736 D CompatibilityChangeReporter: Compat change id reported: 143937733; UID 10053; state: ENABLED
01-19 17:49:15.645  3709  3736 I ActivityManager: Start proc 8240:com.nvidia.tegrazone3:workManager/u0a53 for service {com.nvidia.tegrazone3/androidx.work.multiprocess.RemoteWorkManagerService}
01-19 17:49:15.792  3709  4575 I ActivityManager: Killing 7659:com.android.externalstorage/u0a17 (adj 975): empty #17
01-19 17:49:49.289  3709  4575 I ActivityManager: Killing 5959:com.android.providers.calendar/u0a33 (adj 985): empty #17
01-19 17:49:49.289  3709  4575 I ActivityManager: Killing 5187:android.process.media/u0a3 (adj 985): empty #18
01-19 17:49:57.956  4496  6599 E ActivityThread: Failed to find provider info for com.nvidia.ibeta
01-19 17:49:58.414  4496  6599 I chatty  : uid=10073(com.nvidia.blakepairing) DownloaderThrea identical 6 lines
01-19 17:49:58.415  4496  6599 E ActivityThread: Failed to find provider info for com.nvidia.ibeta
01-19 17:52:39.679  3709  3743 V DisplayPowerController: Brightness [0.05] reason changing to: 'manual [ dim ]', previous reason: 'manual'.
01-19 17:52:46.665  3709  3743 I PowerManagerService: Nap time (uid 1000)...
01-19 17:52:46.667  3709  3743 I DreamManagerService: Entering dreamland.
01-19 17:52:46.667  3709  3743 I PowerManagerService: Dreaming...
01-19 17:52:46.673  3709  3726 I DreamController: Starting dream: name=ComponentInfo{com.google.android.backdrop/com.google.android.backdrop.Backdrop}, isTest=false, canDoze=false, userId=0
01-19 17:52:46.674  3709  3726 D CompatibilityChangeReporter: Compat change id reported: 135634846; UID 10036; state: DISABLED
01-19 17:52:46.674  3709  3736 D CompatibilityChangeReporter: Compat change id reported: 143937733; UID 10036; state: ENABLED
01-19 17:52:46.685  3709  3736 I ActivityManager: Start proc 8527:com.google.android.backdrop/u0a36 for service {com.google.android.backdrop/com.google.android.backdrop.Backdrop}
01-19 17:52:46.797  3709  4193 I ActivityTaskManager: START u0 {act=com.google.android.tvlauncher.intent.action.LAUNCH_BOOT_HELPER_EMPTY_ACTIVITY cat=[android.intent.category.DEFAULT] flg=0x10008000 pkg=com.google.android.tvlauncher} from uid 10019
--------- beginning of crash
01-19 17:52:46.799  4962  4962 E AndroidRuntime: FATAL EXCEPTION: main
01-19 17:52:46.799  4962  4962 E AndroidRuntime: Process: com.google.android.tvrecommendations, PID: 4962
01-19 17:52:46.799  4962  4962 E AndroidRuntime: java.lang.RuntimeException: Error receiving broadcast Intent { act=android.intent.action.DREAMING_STARTED flg=0x40000010 } in dua@710e0bb
01-19 17:52:46.799  4962  4962 E AndroidRuntime: 	at android.app.LoadedApk$ReceiverDispatcher$Args.lambda$getRunnable$0$LoadedApk$ReceiverDispatcher$Args(LoadedApk.java:1590)
01-19 17:52:46.799  4962  4962 E AndroidRuntime: 	at android.app.-$$Lambda$LoadedApk$ReceiverDispatcher$Args$_BumDX2UKsnxLVrE6UJsJZkotuA.run(Unknown Source:2)
01-19 17:52:46.799  4962  4962 E AndroidRuntime: 	at android.os.Handler.handleCallback(Handler.java:938)
01-19 17:52:46.799  4962  4962 E AndroidRuntime: 	at android.os.Handler.dispatchMessage(Handler.java:99)
01-19 17:52:46.799  4962  4962 E AndroidRuntime: 	at android.os.Looper.loop(Looper.java:223)
01-19 17:52:46.799  4962  4962 E AndroidRuntime: 	at android.app.ActivityThread.main(ActivityThread.java:7668)
01-19 17:52:46.799  4962  4962 E AndroidRuntime: 	at java.lang.reflect.Method.invoke(Native Method)
01-19 17:52:46.799  4962  4962 E AndroidRuntime: 	at com.android.internal.os.RuntimeInit$MethodAndArgsCaller.run(RuntimeInit.java:592)
01-19 17:52:46.799  4962  4962 E AndroidRuntime: 	at com.android.internal.os.ZygoteInit.main(ZygoteInit.java:947)
01-19 17:52:46.799  4962  4962 E AndroidRuntime: Caused by: android.content.ActivityNotFoundException: No Activity found to handle Intent { act=com.google.android.tvlauncher.intent.action.LAUNCH_BOOT_HELPER_EMPTY_ACTIVITY cat=[android.intent.category.DEFAULT] flg=0x10008000 pkg=com.google.android.tvlauncher }
01-19 17:52:46.799  4962  4962 E AndroidRuntime: 	at android.app.Instrumentation.checkStartActivityResult(Instrumentation.java:2067)
01-19 17:52:46.799  4962  4962 E AndroidRuntime: 	at android.app.Instrumentation.execStartActivity(Instrumentation.java:1727)
01-19 17:52:46.799  4962  4962 E AndroidRuntime: 	at android.app.ContextImpl.startActivity(ContextImpl.java:1023)
01-19 17:52:46.799  4962  4962 E AndroidRuntime: 	at android.app.ContextImpl.startActivity(ContextImpl.java:994)
01-19 17:52:46.799  4962  4962 E AndroidRuntime: 	at android.content.ContextWrapper.startActivity(ContextWrapper.java:403)
01-19 17:52:46.799  4962  4962 E AndroidRuntime: 	at dqn.i(PG:24)
01-19 17:52:46.799  4962  4962 E AndroidRuntime: 	at dua.onReceive(PG:204)
01-19 17:52:46.799  4962  4962 E AndroidRuntime: 	at android.app.LoadedApk$ReceiverDispatcher$Args.lambda$getRunnable$0$LoadedApk$ReceiverDispatcher$Args(LoadedApk.java:1580)
01-19 17:52:46.799  4962  4962 E AndroidRuntime: 	... 8 more
01-19 17:52:46.800  3709  4193 I ActivityTaskManager: START u0 {flg=0x10000000 pkg=com.google.android.backdrop cmp=com.google.android.backdrop/android.service.dreams.DreamActivity (has extras)} from uid 10036
01-19 17:52:46.822  3709  3840 D ConnectivityService: releasing NetworkRequest [ TRACK_DEFAULT id=15, [ Capabilities: INTERNET&NOT_RESTRICTED&TRUSTED Uid: 10025 AdministratorUids: [] RequestorUid: 10025 RequestorPackageName: com.spocky.projengmenu] ] (release request)
01-19 17:52:46.844  3709  3735 D CompatibilityChangeReporter: Compat change id reported: 135634846; UID 10019; state: DISABLED
01-19 17:52:46.844  3709  3736 D CompatibilityChangeReporter: Compat change id reported: 143937733; UID 10019; state: ENABLED
01-19 17:52:46.849  3709  3729 D CompatibilityChangeReporter: Compat change id reported: 136274596; UID 10036; state: ENABLED
01-19 17:52:46.862  3709  3736 I ActivityManager: Start proc 8560:com.google.android.tvrecommendations:crash_report/u0a19 for broadcast {com.google.android.tvrecommendations/com.google.android.libraries.social.silentfeedback.nobinder.SilentFeedbackReceiver}
01-19 17:52:46.944  3709  5310 I ActivityManager: Process com.google.android.tvrecommendations (pid 4962) has died: prcl BFGS
01-19 17:52:46.944  3709  4575 D NotificationListeners: Removing active service ComponentInfo{com.google.android.tvrecommendations/com.google.android.tvrecommendations.NotificationsService}
01-19 17:52:46.945  3709  3709 V NotificationListeners: 0 notification listener connection lost: ComponentInfo{com.google.android.tvrecommendations/com.google.android.tvrecommendations.NotificationsService}
01-19 17:52:46.945  3709  5310 W ActivityManager: Scheduling restart of crashed service com.google.android.tvrecommendations/.NotificationsService in 1000ms for connection
01-19 17:52:47.245  3709  4214 D CompatibilityChangeReporter: Compat change id reported: 135634846; UID 10036; state: DISABLED
01-19 17:52:47.245  3709  3736 D CompatibilityChangeReporter: Compat change id reported: 143937733; UID 10036; state: ENABLED
01-19 17:52:47.254  3709  3736 I ActivityManager: Start proc 8622:com.google.android.webview:sandboxed_process0:org.chromium.content.app.SandboxedProcessService0:0/u0ai9000 for  {com.google.android.backdrop/org.chromium.content.app.SandboxedProcessService0:0}
01-19 17:52:47.272  3709  5310 D CompatibilityChangeReporter: Compat change id reported: 136274596; UID 10036; state: ENABLED
01-19 17:52:47.489  3709  5310 D ConnectivityService: requestNetwork for uid/pid:10036/8527 NetworkRequest [ TRACK_DEFAULT id=51, [ Capabilities: INTERNET&NOT_RESTRICTED&TRUSTED Uid: 10036 AdministratorUids: [] RequestorUid: 10036 RequestorPackageName: com.google.android.backdrop] ]
01-19 17:52:47.489  3709  3840 D ConnectivityService: NetReassign [51 : null → 100]
01-19 17:52:47.491  3709  3840 D ConnectivityService: NetReassign [no changes]
01-19 17:52:47.503  3709  5310 E AutofillManagerServiceImpl: Bad service name: com.google.android.gms/.autofill.service.AutofillService
01-19 17:52:47.574  3709  3840 D ConnectivityService: NetReassign [no changes]
01-19 17:52:47.866  3709  3743 V DisplayPowerController: Brightness [0.39763778] reason changing to: 'manual', previous reason: 'manual [ dim ]'.
01-19 17:52:47.946  3709  3735 D CompatibilityChangeReporter: Compat change id reported: 135634846; UID 10019; state: DISABLED
01-19 17:52:47.947  3709  3736 D CompatibilityChangeReporter: Compat change id reported: 143937733; UID 10019; state: ENABLED
01-19 17:52:47.964  3709  3736 I ActivityManager: Start proc 8674:com.google.android.tvrecommendations/u0a19 for service {com.google.android.tvrecommendations/com.google.android.tvrecommendations.NotificationsService}
01-19 17:52:48.561  3709  3709 V NotificationListeners: 0 notification listener service connected: ComponentInfo{com.google.android.tvrecommendations/com.google.android.tvrecommendations.NotificationsService}
01-19 17:52:48.561  3709  3709 D NotificationService: 0|com.nvidia.ota|1|ShieldOTA|10071: granting content://settings/system/notification_sound
01-19 17:52:48.561  3709  3709 D NotificationService: 0|com.google.android.gms|2147483647|ranker_group|10005|ranker_group: granting content://settings/system/notification_sound
01-19 17:52:48.561  3709  3709 D NotificationService: 0|com.google.android.gms|1000|a:GMSCORE_STORE_RENDERER:c6afaeefe0e60000:106394913552912778563|10005: granting content://settings/system/notification_sound
01-19 17:52:48.561  3709  3709 D NotificationService: 0|com.google.android.gms|1000|a:GMSCORE_STORE_RENDERER:54066fce52e60000:106394913552912778563|10005: granting content://settings/system/notification_sound
01-19 17:52:48.561  3709  3709 D NotificationService: 0|com.google.android.gms|1000|a:GMSCORE_STORE_RENDERER:a0de338e52e60000:106394913552912778563|10005: granting content://settings/system/notification_sound
01-19 17:52:48.561  3709  3709 D NotificationService: 0|com.google.android.gms|1000|a:GMSCORE_STORE_RENDERER:1670061fd4e60000:106394913552912778563|10005: granting content://settings/system/notification_sound
01-19 17:52:48.562  3709  3709 D NotificationService: 0|com.google.android.gms|1000|a:GMSCORE_STORE_RENDERER:d7ae7e14fc660000:106394913552912778563|10005: granting content://settings/system/notification_sound
01-19 17:52:48.562  3709  3709 D NotificationService: 0|com.google.android.gms|1000|a:GMSCORE_STORE_RENDERER:f66b9f81c8660000:106394913552912778563|10005: granting content://settings/system/notification_sound
01-19 17:52:48.562  3709  3709 D NotificationService: 0|com.google.android.gms|1000|a:GMSCORE_STORE_RENDERER:127:0:106394913552912778563|10005: granting content://settings/system/notification_sound
01-19 17:52:48.562  3709  3709 D NotificationService: 0|com.dolby.android.audio.service|1|null|10101: granting content://settings/system/notification_sound
01-19 17:52:48.562  3709  3709 D NotificationService: 0|com.nvidia.ota|1|null|10071: granting content://settings/system/notification_sound
01-19 17:52:48.563  3709  3709 D NotificationService: 0|com.google.android.tv.remote.service|8765|null|10032: granting content://settings/system/notification_sound
01-19 17:53:10.081  3709  4575 I ActivityManager: Killing 7815:com.google.android.apps.nbu.smartconnect.tv/u0a103 (adj 985): empty #17
01-19 17:53:24.012  3709  4214 I ActivityManager: Killing 7447:com.analiti.fastest.android/u0a118 (adj 985): empty #17
01-19 17:53:24.052  3709  4214 D ConnectivityService: ConnectivityService NetworkRequestInfo binderDied(NetworkRequest [ LISTEN id=48, [ Transports: CELLULAR|WIFI|BLUETOOTH|ETHERNET|VPN Capabilities: INTERNET&NOT_RESTRICTED&TRUSTED&NOT_VPN Uid: 10118 AdministratorUids: [] RequestorUid: 10118 RequestorPackageName: com.analiti.fastest.android] ], android.os.BinderProxy@e419b83)
01-19 17:53:24.053  3709  5310 D ConnectivityService: ConnectivityService NetworkRequestInfo binderDied(NetworkRequest [ TRACK_DEFAULT id=45, [ Capabilities: INTERNET&NOT_RESTRICTED&TRUSTED Uid: 10118 AdministratorUids: [] RequestorUid: 10118 RequestorPackageName: com.analiti.fastest.android] ], android.os.BinderProxy@8924f7e)
01-19 17:53:24.053  3709  4574 D ConnectivityService: ConnectivityService NetworkRequestInfo binderDied(NetworkRequest [ LISTEN id=49, [ Transports: VPN Capabilities: NOT_RESTRICTED&TRUSTED&NOT_VPN Uid: 10118 AdministratorUids: [] RequestorUid: 10118 RequestorPackageName: com.analiti.fastest.android] ], android.os.BinderProxy@3f86cdf)
01-19 17:53:24.053  3709  4575 D ConnectivityService: ConnectivityService NetworkRequestInfo binderDied(NetworkRequest [ LISTEN id=46, [ Transports: CELLULAR|WIFI|BLUETOOTH|ETHERNET|VPN Capabilities: NOT_RESTRICTED&TRUSTED&NOT_VPN Uid: 10118 AdministratorUids: [] RequestorUid: 10118 RequestorPackageName: com.analiti.fastest.android] ], android.os.BinderProxy@9a35100)
01-19 17:53:24.053  3709  3840 D ConnectivityService: releasing NetworkRequest [ TRACK_DEFAULT id=45, [ Capabilities: INTERNET&NOT_RESTRICTED&TRUSTED Uid: 10118 AdministratorUids: [] RequestorUid: 10118 RequestorPackageName: com.analiti.fastest.android] ] (release request)
01-19 17:53:24.053  3709  8589 D ConnectivityService: ConnectivityService NetworkRequestInfo binderDied(NetworkRequest [ TRACK_DEFAULT id=47, [ Capabilities: INTERNET&NOT_RESTRICTED&TRUSTED Uid: 10118 AdministratorUids: [] RequestorUid: 10118 RequestorPackageName: com.analiti.fastest.android] ], android.os.BinderProxy@337ad39)
01-19 17:53:24.054  3709  3840 D ConnectivityService: releasing NetworkRequest [ TRACK_DEFAULT id=47, [ Capabilities: INTERNET&NOT_RESTRICTED&TRUSTED Uid: 10118 AdministratorUids: [] RequestorUid: 10118 RequestorPackageName: com.analiti.fastest.android] ] (release request)
01-19 17:53:48.254  3709  8589 I RescueParty: Starting to observe: [android], updated namespace: storage_native_boot
01-19 17:53:48.254  3709  8589 I PackageWatchdog: Updated health check state for package android: INACTIVE -> INACTIVE
01-19 17:53:48.259  3709  3709 D StorageManagerService: Isolated storage local flag 0 and remote flag 0 resolved to true
01-19 17:53:48.268  3709  3709 D StorageManagerService: Device Config flag for FUSE is enabled, turn Settings fuse flag on
01-19 17:53:48.292  3709  4575 I RescueParty: Starting to observe: [android], updated namespace: runtime_native_boot
01-19 17:53:48.292  3709  4575 I PackageWatchdog: Updated health check state for package android: INACTIVE -> INACTIVE
01-19 17:53:48.371  3709  3734 I PackageWatchdog: Syncing state, reason: observing new packages
01-19 17:53:48.372  3709  3734 I PackageWatchdog: Not pruning observers, elapsed time: 0ms
01-19 17:53:48.372  3709  3734 I PackageWatchdog: Cancelling state sync, nothing to sync
01-19 17:53:48.372  3709  3734 D PackageWatchdog: rescue-party-observer added the following packages to monitor [android]
01-19 17:53:48.372  3709  3734 I PackageWatchdog: Syncing state, reason: updated observers
01-19 17:53:48.372  3709  3734 I PackageWatchdog: Not pruning observers, elapsed time: 0ms
01-19 17:53:48.372  3709  3734 I PackageWatchdog: Scheduling next state sync in 172800000ms
01-19 17:53:48.372  3709  3709 D PackageWatchdog: Getting all observed packages pending health checks
01-19 17:53:48.372  3709  3709 I PackageWatchdog: Syncing health check requests for packages: {android}
01-19 17:53:48.372  3709  3709 I ExplicitHealthCheckController: Service not ready to get health check supported packages. Binding...
01-19 17:53:48.372  3709  3734 I PackageWatchdog: Syncing state, reason: observing new packages
01-19 17:53:48.372  3709  3734 I PackageWatchdog: Not pruning observers, elapsed time: 0ms
01-19 17:53:48.372  3709  3734 I PackageWatchdog: Scheduling next state sync in 172800000ms
01-19 17:53:48.372  3709  3734 D PackageWatchdog: rescue-party-observer added the following packages to monitor [android]
01-19 17:53:48.372  3709  3734 I PackageWatchdog: Syncing state, reason: updated observers
01-19 17:53:48.372  3709  3734 I PackageWatchdog: Not pruning observers, elapsed time: 0ms
01-19 17:53:48.372  3709  3734 I PackageWatchdog: Scheduling next state sync in 172800000ms
01-19 17:53:48.372  3709  3734 I PackageWatchdog: Saving observer state to file
01-19 17:53:48.374  3709  3709 I ExplicitHealthCheckController: Explicit health check service is bound
01-19 17:53:48.375  3709  3709 D PackageWatchdog: Getting all observed packages pending health checks
01-19 17:53:48.377  3709  3709 I ExplicitHealthCheckController: Explicit health check service is connected ComponentInfo{com.google.android.ext.services/android.ext.services.watchdog.ExplicitHealthCheckServiceImpl}
01-19 17:53:48.377  3709  3709 I ExplicitHealthCheckController: Service initialized, syncing requests
01-19 17:53:48.377  3709  3709 D PackageWatchdog: Getting all observed packages pending health checks
01-19 17:53:48.377  3709  3709 I PackageWatchdog: Syncing health check requests for packages: {android}
01-19 17:53:48.377  3709  3709 D ExplicitHealthCheckController: Getting health check supported packages
01-19 17:53:48.380  3709  4575 I ExplicitHealthCheckController: Explicit health check supported packages []
01-19 17:53:48.380  3709  4575 D PackageWatchdog: Received supported packages []
01-19 17:53:48.381  3709  4575 I PackageWatchdog: Updated health check state for package android: INACTIVE -> PASSED
01-19 17:53:48.381  3709  4575 I PackageWatchdog: Syncing state, reason: updated health check supported packages []
01-19 17:53:48.381  3709  4575 I PackageWatchdog: Removing 9ms from all packages on all observers
01-19 17:53:48.381  3709  4575 I PackageWatchdog: Updated health check state for package android: PASSED -> PASSED
01-19 17:53:48.381  3709  4575 I PackageWatchdog: Discarding observer rollback-observer. All packages expired
01-19 17:53:48.381  3709  4575 I PackageWatchdog: Scheduling next state sync in 172799991ms
01-19 17:53:48.381  3709  4575 D ExplicitHealthCheckController: Getting health check requested packages
01-19 17:53:48.381  3709  3734 I PackageWatchdog: Saving observer state to file
01-19 17:53:48.381  3709  4575 I ExplicitHealthCheckController: Explicit health check requested packages []
01-19 17:53:48.381  3709  4575 I ExplicitHealthCheckController: No more health check requests, unbinding...
01-19 17:53:48.383  3709  4575 I ExplicitHealthCheckController: Explicit health check service is unbound
01-19 17:53:48.386  3709  3709 D PackageWatchdog: Getting all observed packages pending health checks
01-19 17:53:48.386  3709  3709 I PackageWatchdog: Syncing health check requests for packages: {}
01-19 17:53:48.386  3709  3709 I ExplicitHealthCheckController: Service not ready to get health check supported packages. Binding...
01-19 17:53:48.387  3709  3709 I ExplicitHealthCheckController: Explicit health check service is bound
01-19 17:53:48.389  3709  3709 I ExplicitHealthCheckController: Explicit health check service is connected ComponentInfo{com.google.android.ext.services/android.ext.services.watchdog.ExplicitHealthCheckServiceImpl}
01-19 17:53:48.389  3709  3709 I ExplicitHealthCheckController: Service initialized, syncing requests
01-19 17:53:48.389  3709  3709 D PackageWatchdog: Getting all observed packages pending health checks
01-19 17:53:48.389  3709  3709 I PackageWatchdog: Syncing health check requests for packages: {}
01-19 17:53:48.389  3709  3709 D ExplicitHealthCheckController: Getting health check supported packages
01-19 17:53:48.390  3709  4575 I ExplicitHealthCheckController: Explicit health check supported packages []
01-19 17:53:48.390  3709  4575 D PackageWatchdog: Received supported packages []
01-19 17:53:48.390  3709  4575 I PackageWatchdog: Updated health check state for package android: PASSED -> PASSED
01-19 17:53:48.390  3709  4575 D ExplicitHealthCheckController: Getting health check requested packages
01-19 17:53:48.390  3709  4575 I ExplicitHealthCheckController: Explicit health check requested packages []
01-19 17:53:48.390  3709  4575 I ExplicitHealthCheckController: No more health check requests, unbinding...
01-19 17:53:48.391  3709  4575 I ExplicitHealthCheckController: Explicit health check service is unbound
01-19 17:53:48.420  3709  5265 I RescueParty: Starting to observe: [android], updated namespace: connectivity
01-19 17:53:48.420  3709  5265 I PackageWatchdog: Updated health check state for package android: INACTIVE -> INACTIVE
01-19 17:53:48.420  3709  3734 I PackageWatchdog: Syncing state, reason: observing new packages
01-19 17:53:48.420  3709  3734 I PackageWatchdog: Removing 39ms from all packages on all observers
01-19 17:53:48.420  3709  3734 I PackageWatchdog: Updated health check state for package android: PASSED -> PASSED
01-19 17:53:48.420  3709  3734 I PackageWatchdog: Scheduling next state sync in 172799952ms
01-19 17:53:48.420  3709  3709 D PackageWatchdog: Getting all observed packages pending health checks
01-19 17:53:48.420  3709  3709 I PackageWatchdog: Syncing health check requests for packages: {}
01-19 17:53:48.420  3709  3734 D PackageWatchdog: rescue-party-observer added the following packages to monitor [android]
01-19 17:53:48.420  3709  3709 I ExplicitHealthCheckController: Service not ready to get health check supported packages. Binding...
01-19 17:53:48.420  3709  3734 I PackageWatchdog: Syncing state, reason: updated observers
01-19 17:53:48.420  3709  3734 I PackageWatchdog: Removing 1ms from all packages on all observers
01-19 17:53:48.420  3709  3734 I PackageWatchdog: Updated health check state for package android: PASSED -> PASSED
01-19 17:53:48.420  3709  3734 I PackageWatchdog: Scheduling next state sync in 172799999ms
01-19 17:53:48.420  3709  3734 I PackageWatchdog: Saving observer state to file
01-19 17:53:48.422  3709  3709 I ExplicitHealthCheckController: Explicit health check service is bound
01-19 17:53:48.424  3709  3709 D PackageWatchdog: Getting all observed packages pending health checks
01-19 17:53:48.424  3709  3709 I PackageWatchdog: Syncing health check requests for packages: {}
01-19 17:53:48.424  3709  3709 I ExplicitHealthCheckController: Service not ready to get health check supported packages. Binding...
01-19 17:53:48.424  3709  3709 I ExplicitHealthCheckController: Not binding to service, service already connecting
01-19 17:53:48.424  3709  3709 I ExplicitHealthCheckController: Explicit health check service is connected ComponentInfo{com.google.android.ext.services/android.ext.services.watchdog.ExplicitHealthCheckServiceImpl}
01-19 17:53:48.424  3709  3709 I ExplicitHealthCheckController: Service initialized, syncing requests
01-19 17:53:48.424  3709  3709 D PackageWatchdog: Getting all observed packages pending health checks
01-19 17:53:48.424  3709  3709 I PackageWatchdog: Syncing health check requests for packages: {}
01-19 17:53:48.424  3709  3709 D ExplicitHealthCheckController: Getting health check supported packages
01-19 17:53:48.425  3709  4575 I ExplicitHealthCheckController: Explicit health check supported packages []
01-19 17:53:48.425  3709  4575 D PackageWatchdog: Received supported packages []
01-19 17:53:48.425  3709  4575 I PackageWatchdog: Updated health check state for package android: PASSED -> PASSED
01-19 17:53:48.425  3709  4575 D ExplicitHealthCheckController: Getting health check requested packages
01-19 17:53:48.426  3709  4575 I ExplicitHealthCheckController: Explicit health check requested packages []
01-19 17:53:48.426  3709  4575 I ExplicitHealthCheckController: No more health check requests, unbinding...
01-19 17:53:48.427  3709  4575 I ExplicitHealthCheckController: Explicit health check service is unbound
01-19 17:53:48.476  3709  4575 I RescueParty: Starting to observe: [android], updated namespace: wifi
01-19 17:53:48.477  3709  4575 I PackageWatchdog: Updated health check state for package android: INACTIVE -> INACTIVE
01-19 17:53:48.477  3709  3734 I PackageWatchdog: Syncing state, reason: observing new packages
01-19 17:53:48.477  3709  3734 I PackageWatchdog: Removing 56ms from all packages on all observers
01-19 17:53:48.477  3709  3734 I PackageWatchdog: Updated health check state for package android: PASSED -> PASSED
01-19 17:53:48.477  3709  3734 I PackageWatchdog: Scheduling next state sync in 172799943ms
01-19 17:53:48.477  3709  3734 D PackageWatchdog: rescue-party-observer added the following packages to monitor [android]
01-19 17:53:48.477  3709  3734 I PackageWatchdog: Syncing state, reason: updated observers
01-19 17:53:48.477  3709  3734 I PackageWatchdog: Not pruning observers, elapsed time: 0ms
01-19 17:53:48.477  3709  3734 I PackageWatchdog: Scheduling next state sync in 172800000ms
01-19 17:53:48.477  3709  3734 I PackageWatchdog: Saving observer state to file
01-19 17:53:48.482  3709  3709 D PackageWatchdog: Getting all observed packages pending health checks
01-19 17:53:48.482  3709  3709 I PackageWatchdog: Syncing health check requests for packages: {}
01-19 17:53:48.482  3709  3709 I ExplicitHealthCheckController: Service not ready to get health check supported packages. Binding...
01-19 17:53:48.484  3709  3709 I ExplicitHealthCheckController: Explicit health check service is bound
01-19 17:53:48.485  3709  3709 I ExplicitHealthCheckController: Explicit health check service is connected ComponentInfo{com.google.android.ext.services/android.ext.services.watchdog.ExplicitHealthCheckServiceImpl}
01-19 17:53:48.485  3709  3709 I ExplicitHealthCheckController: Service initialized, syncing requests
01-19 17:53:48.485  3709  3709 D PackageWatchdog: Getting all observed packages pending health checks
01-19 17:53:48.485  3709  3709 I PackageWatchdog: Syncing health check requests for packages: {}
01-19 17:53:48.485  3709  3709 D ExplicitHealthCheckController: Getting health check supported packages
01-19 17:53:48.487  3709  5265 I ExplicitHealthCheckController: Explicit health check supported packages []
01-19 17:53:48.487  3709  5265 D PackageWatchdog: Received supported packages []
01-19 17:53:48.487  3709  5265 I PackageWatchdog: Updated health check state for package android: PASSED -> PASSED
01-19 17:53:48.487  3709  5265 D ExplicitHealthCheckController: Getting health check requested packages
01-19 17:53:48.488  3709  5265 I ExplicitHealthCheckController: Explicit health check requested packages []
01-19 17:53:48.488  3709  5265 I ExplicitHealthCheckController: No more health check requests, unbinding...
01-19 17:53:48.490  3709  5265 I ExplicitHealthCheckController: Explicit health check service is unbound
01-19 17:53:48.744  3709  5265 I RescueParty: Starting to observe: [android], updated namespace: autofill
01-19 17:53:48.744  3709  5265 I PackageWatchdog: Updated health check state for package android: INACTIVE -> INACTIVE
01-19 17:53:48.745  3709  3734 I PackageWatchdog: Syncing state, reason: observing new packages
01-19 17:53:48.745  3709  3734 I PackageWatchdog: Removing 268ms from all packages on all observers
01-19 17:53:48.745  3709  3734 I PackageWatchdog: Updated health check state for package android: PASSED -> PASSED
01-19 17:53:48.745  3709  3734 I PackageWatchdog: Scheduling next state sync in 172799732ms
01-19 17:53:48.745  3709  3734 D PackageWatchdog: rescue-party-observer added the following packages to monitor [android]
01-19 17:53:48.745  3709  3734 I PackageWatchdog: Syncing state, reason: updated observers
01-19 17:53:48.745  3709  3734 I PackageWatchdog: Not pruning observers, elapsed time: 0ms
01-19 17:53:48.745  3709  3734 I PackageWatchdog: Scheduling next state sync in 172800000ms
01-19 17:53:48.745  3709  3734 I PackageWatchdog: Saving observer state to file
01-19 17:53:48.745  3709  3709 I AutofillManagerService: Ignoring change on augmented_autofill_mode
01-19 17:53:48.747  3709  3709 D PackageWatchdog: Getting all observed packages pending health checks
01-19 17:53:48.747  3709  3709 I PackageWatchdog: Syncing health check requests for packages: {}
01-19 17:53:48.747  3709  3709 I ExplicitHealthCheckController: Service not ready to get health check supported packages. Binding...
01-19 17:53:48.748  3709  3709 I ExplicitHealthCheckController: Explicit health check service is bound
01-19 17:53:48.750  3709  3709 I ExplicitHealthCheckController: Explicit health check service is connected ComponentInfo{com.google.android.ext.services/android.ext.services.watchdog.ExplicitHealthCheckServiceImpl}
01-19 17:53:48.750  3709  3709 I ExplicitHealthCheckController: Service initialized, syncing requests
01-19 17:53:48.750  3709  3709 D PackageWatchdog: Getting all observed packages pending health checks
01-19 17:53:48.750  3709  3709 I PackageWatchdog: Syncing health check requests for packages: {}
01-19 17:53:48.750  3709  3709 D ExplicitHealthCheckController: Getting health check supported packages
01-19 17:53:48.752  3709  4575 I ExplicitHealthCheckController: Explicit health check supported packages []
01-19 17:53:48.752  3709  4575 D PackageWatchdog: Received supported packages []
01-19 17:53:48.752  3709  4575 I PackageWatchdog: Updated health check state for package android: PASSED -> PASSED
01-19 17:53:48.752  3709  4575 D ExplicitHealthCheckController: Getting health check requested packages
01-19 17:53:48.753  3709  4575 I ExplicitHealthCheckController: Explicit health check requested packages []
01-19 17:53:48.753  3709  4575 I ExplicitHealthCheckController: No more health check requests, unbinding...
01-19 17:53:48.755  3709  4575 I ExplicitHealthCheckController: Explicit health check service is unbound
01-19 17:53:48.831  3709  5265 I RescueParty: Starting to observe: [android], updated namespace: content_capture
01-19 17:53:48.832  3709  5265 I PackageWatchdog: Updated health check state for package android: INACTIVE -> INACTIVE
01-19 17:53:48.834  3709  3734 I PackageWatchdog: Syncing state, reason: observing new packages
01-19 17:53:48.834  3709  3734 I PackageWatchdog: Removing 89ms from all packages on all observers
01-19 17:53:48.834  3709  3734 I PackageWatchdog: Updated health check state for package android: PASSED -> PASSED
01-19 17:53:48.834  3709  3734 I PackageWatchdog: Scheduling next state sync in 172799911ms
01-19 17:53:48.834  3709  3709 D PackageWatchdog: Getting all observed packages pending health checks
01-19 17:53:48.834  3709  3709 I PackageWatchdog: Syncing health check requests for packages: {}
01-19 17:53:48.834  3709  3734 D PackageWatchdog: rescue-party-observer added the following packages to monitor [android]
01-19 17:53:48.834  3709  3709 I ExplicitHealthCheckController: Service not ready to get health check supported packages. Binding...
01-19 17:53:48.834  3709  3734 I PackageWatchdog: Syncing state, reason: updated observers
01-19 17:53:48.834  3709  3734 I PackageWatchdog: Not pruning observers, elapsed time: 0ms
01-19 17:53:48.834  3709  3734 I PackageWatchdog: Scheduling next state sync in 172800000ms
01-19 17:53:48.834  3709  3734 I PackageWatchdog: Saving observer state to file
01-19 17:53:48.835  3709  3709 I ExplicitHealthCheckController: Explicit health check service is bound
01-19 17:53:48.840  3709  3709 D PackageWatchdog: Getting all observed packages pending health checks
01-19 17:53:48.841  3709  3709 I PackageWatchdog: Syncing health check requests for packages: {}
01-19 17:53:48.841  3709  3709 I ExplicitHealthCheckController: Service not ready to get health check supported packages. Binding...
01-19 17:53:48.841  3709  3709 I ExplicitHealthCheckController: Not binding to service, service already connecting
01-19 17:53:48.841  3709  3709 I ExplicitHealthCheckController: Explicit health check service is connected ComponentInfo{com.google.android.ext.services/android.ext.services.watchdog.ExplicitHealthCheckServiceImpl}
01-19 17:53:48.841  3709  3709 I ExplicitHealthCheckController: Service initialized, syncing requests
01-19 17:53:48.841  3709  3709 D PackageWatchdog: Getting all observed packages pending health checks
01-19 17:53:48.841  3709  3709 I PackageWatchdog: Syncing health check requests for packages: {}
01-19 17:53:48.841  3709  3709 D ExplicitHealthCheckController: Getting health check supported packages
01-19 17:53:48.843  3709  5265 I ExplicitHealthCheckController: Explicit health check supported packages []
01-19 17:53:48.843  3709  5265 D PackageWatchdog: Received supported packages []
01-19 17:53:48.843  3709  5265 I PackageWatchdog: Updated health check state for package android: PASSED -> PASSED
01-19 17:53:48.843  3709  5265 D ExplicitHealthCheckController: Getting health check requested packages
01-19 17:53:48.844  3709  5265 I ExplicitHealthCheckController: Explicit health check requested packages []
01-19 17:53:48.844  3709  5265 I ExplicitHealthCheckController: No more health check requests, unbinding...
01-19 17:53:48.845  3709  5265 I ExplicitHealthCheckController: Explicit health check service is unbound
01-19 17:53:48.910  3709  5265 I RescueParty: Starting to observe: [android], updated namespace: telephony
01-19 17:53:48.911  3709  5265 I PackageWatchdog: Updated health check state for package android: INACTIVE -> INACTIVE
01-19 17:53:48.911  3709  3734 I PackageWatchdog: Syncing state, reason: observing new packages
01-19 17:53:48.911  3709  3734 I PackageWatchdog: Removing 77ms from all packages on all observers
01-19 17:53:48.911  3709  3734 I PackageWatchdog: Updated health check state for package android: PASSED -> PASSED
01-19 17:53:48.911  3709  3734 I PackageWatchdog: Scheduling next state sync in 172799923ms
01-19 17:53:48.911  3709  3734 D PackageWatchdog: rescue-party-observer added the following packages to monitor [android]
01-19 17:53:48.911  3709  3734 I PackageWatchdog: Syncing state, reason: updated observers
01-19 17:53:48.911  3709  3734 I PackageWatchdog: Not pruning observers, elapsed time: 0ms
01-19 17:53:48.911  3709  3734 I PackageWatchdog: Scheduling next state sync in 172800000ms
01-19 17:53:48.911  3709  3734 I PackageWatchdog: Saving observer state to file
01-19 17:53:48.913  3709  3709 D PackageWatchdog: Getting all observed packages pending health checks
01-19 17:53:48.913  3709  3709 I PackageWatchdog: Syncing health check requests for packages: {}
01-19 17:53:48.913  3709  3709 I ExplicitHealthCheckController: Service not ready to get health check supported packages. Binding...
01-19 17:53:48.914  3709  3709 I ExplicitHealthCheckController: Explicit health check service is bound
01-19 17:53:48.916  3709  3709 I ExplicitHealthCheckController: Explicit health check service is connected ComponentInfo{com.google.android.ext.services/android.ext.services.watchdog.ExplicitHealthCheckServiceImpl}
01-19 17:53:48.916  3709  3709 I ExplicitHealthCheckController: Service initialized, syncing requests
01-19 17:53:48.916  3709  3709 D PackageWatchdog: Getting all observed packages pending health checks
01-19 17:53:48.916  3709  3709 I PackageWatchdog: Syncing health check requests for packages: {}
01-19 17:53:48.916  3709  3709 D ExplicitHealthCheckController: Getting health check supported packages
01-19 17:53:48.917  3709  8589 I ExplicitHealthCheckController: Explicit health check supported packages []
01-19 17:53:48.917  3709  8589 D PackageWatchdog: Received supported packages []
01-19 17:53:48.917  3709  8589 I PackageWatchdog: Updated health check state for package android: PASSED -> PASSED
01-19 17:53:48.917  3709  8589 D ExplicitHealthCheckController: Getting health check requested packages
01-19 17:53:48.918  3709  8589 I ExplicitHealthCheckController: Explicit health check requested packages []
01-19 17:53:48.918  3709  8589 I ExplicitHealthCheckController: No more health check requests, unbinding...
01-19 17:53:48.919  3709  8589 I ExplicitHealthCheckController: Explicit health check service is unbound
01-19 17:53:48.966  3709  8573 E SettingsToPropertiesMapper: adservices/disable_sdk_sandbox,adservices/enforce_broadcast_receiver_restrictions,adservices/fledge_ad_selection_enforce_foreground_status_custom_audience,adservices/fledge_custom_audience_max_count,adservices/fledge_custom_audience_max_num_ads,adservices/fledge_custom_audience_max_owner_count,adservices/fledge_custom_audience_per_app_max_count,adservices/fledge_js_isolate_enforce_max_heap_size,adservices/fledge_js_isolate_max_heap_size_bytes,adservices/sdk_request_permits_per_second,adservices/sdksandbox_customized_sdk_context_enabled,configuration/namespace_to_package_mapping,constrain_display_apis/always_constrain_display_apis,constrain_display_apis/never_constrain_display_apis,constrain_display_apis/never_constrain_display_apis_all_packages,device_policy_manager/disable_resources_updatability,flipendo/default_savings_mode_launch,flipendo/essential_apps,flipendo/flipendo_enabled_launch,flipendo/grayscale_enabled_launch,flipendo/lever_ble_scanning_enabled_launch,flipendo/lever_hotspot_enabled_launch,flipendo/lever_work_profile_enabled_launch,flipendo/resuspend_delay_minutes,namespace/key,namespace1/key1,namespace1/key2,namespace2/key1,namespace2/key2,package_manager_service/incfs_default_timeouts,package_manager_service/known_digesters_list,privacy/location_access_check_periodic_interval_millis,rollback/enable_rollback_timeout,rollback/watchdog_explicit_health_check_enabled,rollback/watchdog_request_timeout_millis,rollback/watchdog_trigger_failure_count,rollback/watchdog_trigger_failure_duration_millis,rollback_boot/rollback_lifetime_in_millis,systemui/nas_generate_actions,systemui/nas_generate_replies,systemui/nas_max_messages_to_extract,systemui/nas_max_suggestions,testspace/another,testspace/flagname,textclassifier/config_updater_model_enabled,textclassifier/key,textclassifier/key2,textclassifier/manifest_url_annotator_en,textclassifier/manifest_url_annotator_ru,textclassifier/model_download_backoff_delay_in_millis,textclassifier/model_download_manager_enabled,textclassifier/multi_language_support_enabled,textclassifier/testing_locale_list_override,textclassifier/textclassifier_service_package_override,window_manager/enable_default_rescind_bal_privileges_from_pending_intent_sender,wrong/nas_generate_replies, exceeds system property max length.
01-19 17:53:48.980  3709  8589 I RescueParty: Starting to observe: [com.google.android.permissioncontroller], updated namespace: privacy
01-19 17:53:48.980  3709  8589 I PackageWatchdog: Updated health check state for package com.google.android.permissioncontroller: INACTIVE -> INACTIVE
01-19 17:53:48.981  3709  3734 I PackageWatchdog: Syncing state, reason: observing new packages
01-19 17:53:48.981  3709  3734 I PackageWatchdog: Removing 70ms from all packages on all observers
01-19 17:53:48.981  3709  3734 I PackageWatchdog: Updated health check state for package android: PASSED -> PASSED
01-19 17:53:48.981  3709  3734 I PackageWatchdog: Scheduling next state sync in 172799930ms
01-19 17:53:48.981  3709  3734 D PackageWatchdog: rescue-party-observer added the following packages to monitor [com.google.android.permissioncontroller]
01-19 17:53:48.981  3709  3734 I PackageWatchdog: Syncing state, reason: updated observers
01-19 17:53:48.982  3709  3734 I PackageWatchdog: Not pruning observers, elapsed time: 0ms
01-19 17:53:48.982  3709  3734 I PackageWatchdog: Scheduling next state sync in 172799930ms
01-19 17:53:48.982  3709  3734 I PackageWatchdog: Saving observer state to file
01-19 17:53:48.982  3709  3709 D PackageWatchdog: Getting all observed packages pending health checks
01-19 17:53:48.982  3709  3709 I PackageWatchdog: Syncing health check requests for packages: {com.google.android.permissioncontroller}
01-19 17:53:48.982  3709  3709 I ExplicitHealthCheckController: Service not ready to get health check supported packages. Binding...
01-19 17:53:48.983  3709  3709 I ExplicitHealthCheckController: Explicit health check service is bound
01-19 17:53:48.983  3709  3709 D PackageWatchdog: Getting all observed packages pending health checks
01-19 17:53:48.984  3709  3709 I ExplicitHealthCheckController: Explicit health check service is connected ComponentInfo{com.google.android.ext.services/android.ext.services.watchdog.ExplicitHealthCheckServiceImpl}
01-19 17:53:48.985  3709  3709 I ExplicitHealthCheckController: Service initialized, syncing requests
01-19 17:53:48.989  3709  3709 D PackageWatchdog: Getting all observed packages pending health checks
01-19 17:53:48.990  3709  3709 I PackageWatchdog: Syncing health check requests for packages: {com.google.android.permissioncontroller}
01-19 17:53:48.990  3709  3709 D ExplicitHealthCheckController: Getting health check supported packages
01-19 17:53:48.991  3709  4575 I ExplicitHealthCheckController: Explicit health check supported packages []
