01-19 17:53:48.913  3709  3709 I PackageWatchdog: Syncing health check requests for packages: {}
01-19 17:53:48.913  3709  3709 I ExplicitHealthCheckController: Service not ready to get health check supported packages. Binding...
01-19 17:53:48.914  3709  3709 I ExplicitHealthCheckController: Explicit health check service is bound
01-19 17:53:48.916  3709  3709 I ExplicitHealthCheckController: Explicit health check service is connected ComponentInfo{com.google.android.ext.services/android.ext.services.watchdog.ExplicitHealthCheckServiceImpl}
01-19 17:53:48.916  3709  3709 I ExplicitHealthCheckController: Service initialized, syncing requests
01-19 17:53:48.916  3709  3709 D PackageWatchdog: Getting all observed packages pending health checks
01-19 17:53:48.916  3709  3709 I PackageWatchdog: Syncing health check requests for packages: {}
01-19 17:53:48.916  3709  3709 D ExplicitHealthCheckController: Getting health check supported packages
01-19 17:53:48.917  3709  8589 I ExplicitHealthCheckController: Explicit health check supported packages []
01-19 17:53:48.917  3709  8589 D PackageWatchdog: Received supported packages []
01-19 17:53:48.917  3709  8589 I PackageWatchdog: Updated health check state for package android: PASSED -> PASSED
01-19 17:53:48.917  3709  8589 D ExplicitHealthCheckController: Getting health check requested packages
01-19 17:53:48.918  3709  8589 I ExplicitHealthCheckController: Explicit health check requested packages []
01-19 17:53:48.918  3709  8589 I ExplicitHealthCheckController: No more health check requests, unbinding...
01-19 17:53:48.919  3709  8589 I ExplicitHealthCheckController: Explicit health check service is unbound
01-19 17:53:48.966  3709  8573 E SettingsToPropertiesMapper: adservices/disable_sdk_sandbox,adservices/enforce_broadcast_receiver_restrictions,adservices/fledge_ad_selection_enforce_foreground_status_custom_audience,adservices/fledge_custom_audience_max_count,adservices/fledge_custom_audience_max_num_ads,adservices/fledge_custom_audience_max_owner_count,adservices/fledge_custom_audience_per_app_max_count,adservices/fledge_js_isolate_enforce_max_heap_size,adservices/fledge_js_isolate_max_heap_size_bytes,adservices/sdk_request_permits_per_second,adservices/sdksandbox_customized_sdk_context_enabled,configuration/namespace_to_package_mapping,constrain_display_apis/always_constrain_display_apis,constrain_display_apis/never_constrain_display_apis,constrain_display_apis/never_constrain_display_apis_all_packages,device_policy_manager/disable_resources_updatability,flipendo/default_savings_mode_launch,flipendo/essential_apps,flipendo/flipendo_enabled_launch,flipendo/grayscale_enabled_launch,flipendo/lever_ble_scanning_enabled_launch,flipendo/lever_hotspot_enabled_launch,flipendo/lever_work_profile_enabled_launch,flipendo/resuspend_delay_minutes,namespace/key,namespace1/key1,namespace1/key2,namespace2/key1,namespace2/key2,package_manager_service/incfs_default_timeouts,package_manager_service/known_digesters_list,privacy/location_access_check_periodic_interval_millis,rollback/enable_rollback_timeout,rollback/watchdog_explicit_health_check_enabled,rollback/watchdog_request_timeout_millis,rollback/watchdog_trigger_failure_count,rollback/watchdog_trigger_failure_duration_millis,rollback_boot/rollback_lifetime_in_millis,systemui/nas_generate_actions,systemui/nas_generate_replies,systemui/nas_max_messages_to_extract,systemui/nas_max_suggestions,testspace/another,testspace/flagname,textclassifier/config_updater_model_enabled,textclassifier/key,textclassifier/key2,textclassifier/manifest_url_annotator_en,textclassifier/manifest_url_annotator_ru,textclassifier/model_download_backoff_delay_in_millis,textclassifier/model_download_manager_enabled,textclassifier/multi_language_support_enabled,textclassifier/testing_locale_list_override,textclassifier/textclassifier_service_package_override,window_manager/enable_default_rescind_bal_privileges_from_pending_intent_sender,wrong/nas_generate_replies, exceeds system property max length.
01-19 17:53:48.980  3709  8589 I RescueParty: Starting to observe: [com.google.android.permissioncontroller], updated namespace: privacy
01-19 17:53:48.980  3709  8589 I PackageWatchdog: Updated health check state for package com.google.android.permissioncontroller: INACTIVE -> INACTIVE
01-19 17:53:48.981  3709  3734 I PackageWatchdog: Syncing state, reason: observing new packages
01-19 17:53:48.981  3709  3734 I PackageWatchdog: Removing 70ms from all packages on all observers
01-19 17:53:48.981  3709  3734 I PackageWatchdog: Updated health check state for package android: PASSED -> PASSED
01-19 17:53:48.981  3709  3734 I PackageWatchdog: Scheduling next state sync in 172799930ms
01-19 17:53:48.981  3709  3734 D PackageWatchdog: rescue-party-observer added the following packages to monitor [com.google.android.permissioncontroller]
01-19 17:53:48.981  3709  3734 I PackageWatchdog: Syncing state, reason: updated observers
01-19 17:53:48.982  3709  3734 I PackageWatchdog: Not pruning observers, elapsed time: 0ms
01-19 17:53:48.982  3709  3734 I PackageWatchdog: Scheduling next state sync in 172799930ms
01-19 17:53:48.982  3709  3734 I PackageWatchdog: Saving observer state to file
01-19 17:53:48.982  3709  3709 D PackageWatchdog: Getting all observed packages pending health checks
01-19 17:53:48.982  3709  3709 I PackageWatchdog: Syncing health check requests for packages: {com.google.android.permissioncontroller}
01-19 17:53:48.982  3709  3709 I ExplicitHealthCheckController: Service not ready to get health check supported packages. Binding...
01-19 17:53:48.983  3709  3709 I ExplicitHealthCheckController: Explicit health check service is bound
01-19 17:53:48.983  3709  3709 D PackageWatchdog: Getting all observed packages pending health checks
01-19 17:53:48.984  3709  3709 I ExplicitHealthCheckController: Explicit health check service is connected ComponentInfo{com.google.android.ext.services/android.ext.services.watchdog.ExplicitHealthCheckServiceImpl}
01-19 17:53:48.985  3709  3709 I ExplicitHealthCheckController: Service initialized, syncing requests
01-19 17:53:48.989  3709  3709 D PackageWatchdog: Getting all observed packages pending health checks
01-19 17:53:48.990  3709  3709 I PackageWatchdog: Syncing health check requests for packages: {com.google.android.permissioncontroller}
01-19 17:53:48.990  3709  3709 D ExplicitHealthCheckController: Getting health check supported packages
01-19 17:53:48.991  3709  4575 I ExplicitHealthCheckController: Explicit health check supported packages []
01-19 17:53:48.991  3709  4575 D PackageWatchdog: Received supported packages []
01-19 17:53:48.991  3709  4575 I PackageWatchdog: Updated health check state for package android: PASSED -> PASSED
01-19 17:53:48.991  3709  4575 I PackageWatchdog: Updated health check state for package com.google.android.permissioncontroller: INACTIVE -> PASSED
01-19 17:53:48.991  3709  4575 I PackageWatchdog: Syncing state, reason: updated health check supported packages []
01-19 17:53:48.991  3709  4575 I PackageWatchdog: Removing 9ms from all packages on all observers
01-19 17:53:48.991  3709  4575 I PackageWatchdog: Updated health check state for package android: PASSED -> PASSED
01-19 17:53:48.991  3709  4575 I PackageWatchdog: Updated health check state for package com.google.android.permissioncontroller: PASSED -> PASSED
01-19 17:53:48.991  3709  4575 I PackageWatchdog: Scheduling next state sync in 172799921ms
01-19 17:53:48.991  3709  4575 D ExplicitHealthCheckController: Getting health check requested packages
01-19 17:53:48.992  3709  3709 D PackageWatchdog: Getting all observed packages pending health checks
01-19 17:53:48.992  3709  3709 I PackageWatchdog: Syncing health check requests for packages: {}
01-19 17:53:48.992  3709  3709 D ExplicitHealthCheckController: Getting health check supported packages
01-19 17:53:48.992  3709  3734 I PackageWatchdog: Saving observer state to file
01-19 17:53:48.992  3709  4575 I ExplicitHealthCheckController: Explicit health check requested packages []
01-19 17:53:48.992  3709  4575 I ExplicitHealthCheckController: No more health check requests, unbinding...
01-19 17:53:48.993  3709  4575 I ExplicitHealthCheckController: Explicit health check service is unbound
01-19 17:53:48.994  3709  8589 I ExplicitHealthCheckController: Explicit health check supported packages []
01-19 17:53:48.997  3709  8589 D PackageWatchdog: Received supported packages []
01-19 17:53:48.997  3709  8589 I PackageWatchdog: Updated health check state for package android: PASSED -> PASSED
01-19 17:53:48.997  3709  8589 I PackageWatchdog: Updated health check state for package com.google.android.permissioncontroller: PASSED -> PASSED
01-19 17:53:48.997  3709  8589 I ExplicitHealthCheckController: Service not ready to get health check requested packages. Binding...
01-19 17:53:48.998  3709  8589 I ExplicitHealthCheckController: Explicit health check service is bound
01-19 17:53:48.999  3709  3709 I ExplicitHealthCheckController: Explicit health check service is connected ComponentInfo{com.google.android.ext.services/android.ext.services.watchdog.ExplicitHealthCheckServiceImpl}
01-19 17:53:48.999  3709  3709 I ExplicitHealthCheckController: Service initialized, syncing requests
01-19 17:53:48.999  3709  3709 D PackageWatchdog: Getting all observed packages pending health checks
01-19 17:53:48.999  3709  3709 I PackageWatchdog: Syncing health check requests for packages: {}
01-19 17:53:48.999  3709  3709 D ExplicitHealthCheckController: Getting health check supported packages
01-19 17:53:49.000  3709  4575 I ExplicitHealthCheckController: Explicit health check supported packages []
01-19 17:53:49.000  3709  4575 D PackageWatchdog: Received supported packages []
01-19 17:53:49.000  3709  4575 I PackageWatchdog: Updated health check state for package android: PASSED -> PASSED
01-19 17:53:49.000  3709  4575 I PackageWatchdog: Updated health check state for package com.google.android.permissioncontroller: PASSED -> PASSED
01-19 17:53:49.000  3709  4575 D ExplicitHealthCheckController: Getting health check requested packages
01-19 17:53:49.001  3709  8589 I RescueParty: Starting to observe: [com.google.android.ext.services, android, com.android.systemui], updated namespace: systemui
01-19 17:53:49.001  3709  8589 I PackageWatchdog: Updated health check state for package com.google.android.ext.services: INACTIVE -> INACTIVE
01-19 17:53:49.002  3709  8589 I PackageWatchdog: Updated health check state for package android: INACTIVE -> INACTIVE
01-19 17:53:49.002  3709  8589 I PackageWatchdog: Updated health check state for package com.android.systemui: INACTIVE -> INACTIVE
01-19 17:53:49.002  3709  3734 I PackageWatchdog: Syncing state, reason: observing new packages
01-19 17:53:49.002  3709  3734 I PackageWatchdog: Removing 11ms from all packages on all observers
01-19 17:53:49.002  3709  3734 I PackageWatchdog: Updated health check state for package android: PASSED -> PASSED
01-19 17:53:49.002  3709  3734 I PackageWatchdog: Updated health check state for package com.google.android.permissioncontroller: PASSED -> PASSED
01-19 17:53:49.002  3709  3734 I PackageWatchdog: Scheduling next state sync in 172799910ms
01-19 17:53:49.002  3709  3709 D PackageWatchdog: Getting all observed packages pending health checks
01-19 17:53:49.002  3709  3709 I PackageWatchdog: Syncing health check requests for packages: {}
01-19 17:53:49.002  3709  3734 D PackageWatchdog: rescue-party-observer added the following packages to monitor [com.google.android.ext.services, android, com.android.systemui]
01-19 17:53:49.002  3709  3709 D ExplicitHealthCheckController: Getting health check supported packages
01-19 17:53:49.002  3709  3734 I PackageWatchdog: Syncing state, reason: updated observers
01-19 17:53:49.002  3709  3734 I PackageWatchdog: Not pruning observers, elapsed time: 0ms
01-19 17:53:49.002  3709  3734 I PackageWatchdog: Scheduling next state sync in 172799980ms
01-19 17:53:49.002  3709  4575 I ExplicitHealthCheckController: Explicit health check requested packages []
01-19 17:53:49.002  3709  3734 I PackageWatchdog: Saving observer state to file
01-19 17:53:49.002  3709  4575 I ExplicitHealthCheckController: No more health check requests, unbinding...
01-19 17:53:49.003  3709  4575 I ExplicitHealthCheckController: Explicit health check service is unbound
01-19 17:53:49.005  3709  5265 I ExplicitHealthCheckController: Explicit health check supported packages []
01-19 17:53:49.005  3709  5265 D PackageWatchdog: Received supported packages []
01-19 17:53:49.005  3709  5265 I PackageWatchdog: Updated health check state for package com.google.android.ext.services: INACTIVE -> PASSED
01-19 17:53:49.005  3709  5265 I PackageWatchdog: Updated health check state for package android: PASSED -> PASSED
01-19 17:53:49.005  3709  5265 I PackageWatchdog: Updated health check state for package com.google.android.permissioncontroller: PASSED -> PASSED
01-19 17:53:49.005  3709  5265 I PackageWatchdog: Updated health check state for package com.android.systemui: INACTIVE -> PASSED
01-19 17:53:49.005  3709  5265 I PackageWatchdog: Syncing state, reason: updated health check supported packages []
01-19 17:53:49.005  3709  5265 I PackageWatchdog: Removing 3ms from all packages on all observers
01-19 17:53:49.005  3709  5265 I PackageWatchdog: Updated health check state for package com.google.android.ext.services: PASSED -> PASSED
01-19 17:53:49.005  3709  5265 I PackageWatchdog: Updated health check state for package android: PASSED -> PASSED
01-19 17:53:49.005  3709  5265 I PackageWatchdog: Updated health check state for package com.google.android.permissioncontroller: PASSED -> PASSED
01-19 17:53:49.005  3709  5265 I PackageWatchdog: Updated health check state for package com.android.systemui: PASSED -> PASSED
01-19 17:53:49.005  3709  5265 I PackageWatchdog: Scheduling next state sync in 172799977ms
01-19 17:53:49.006  3709  5265 I ExplicitHealthCheckController: Service not ready to get health check requested packages. Binding...
01-19 17:53:49.006  3709  3709 D PackageWatchdog: Getting all observed packages pending health checks
01-19 17:53:49.006  3709  3709 I PackageWatchdog: Syncing health check requests for packages: {}
01-19 17:53:49.007  3709  5265 I ExplicitHealthCheckController: Explicit health check service is bound
01-19 17:53:49.007  3709  3734 I PackageWatchdog: Saving observer state to file
01-19 17:53:49.008  3709  3709 I ExplicitHealthCheckController: Service not ready to get health check supported packages. Binding...
01-19 17:53:49.008  3709  3709 I ExplicitHealthCheckController: Not binding to service, service already connecting
01-19 17:53:49.010  3709  3709 I ExplicitHealthCheckController: Explicit health check service is connected ComponentInfo{com.google.android.ext.services/android.ext.services.watchdog.ExplicitHealthCheckServiceImpl}
01-19 17:53:49.010  3709  3709 I ExplicitHealthCheckController: Service initialized, syncing requests
01-19 17:53:49.010  3709  3709 D PackageWatchdog: Getting all observed packages pending health checks
01-19 17:53:49.010  3709  3709 I PackageWatchdog: Syncing health check requests for packages: {}
01-19 17:53:49.010  3709  3709 D ExplicitHealthCheckController: Getting health check supported packages
01-19 17:53:49.011  3709  5265 I ExplicitHealthCheckController: Explicit health check supported packages []
01-19 17:53:49.011  3709  5265 D PackageWatchdog: Received supported packages []
01-19 17:53:49.011  3709  5265 I PackageWatchdog: Updated health check state for package com.google.android.ext.services: PASSED -> PASSED
01-19 17:53:49.011  3709  5265 I PackageWatchdog: Updated health check state for package android: PASSED -> PASSED
01-19 17:53:49.011  3709  5265 I PackageWatchdog: Updated health check state for package com.google.android.permissioncontroller: PASSED -> PASSED
01-19 17:53:49.011  3709  5265 I PackageWatchdog: Updated health check state for package com.android.systemui: PASSED -> PASSED
01-19 17:53:49.011  3709  5265 D ExplicitHealthCheckController: Getting health check requested packages
01-19 17:53:49.012  3709  5265 I ExplicitHealthCheckController: Explicit health check requested packages []
01-19 17:53:49.012  3709  5265 I ExplicitHealthCheckController: No more health check requests, unbinding...
01-19 17:53:49.013  3709  5265 I ExplicitHealthCheckController: Explicit health check service is unbound
01-19 17:53:49.078  3709  4575 I RescueParty: Starting to observe: [android], updated namespace: window_manager
01-19 17:53:49.078  3709  4575 I PackageWatchdog: Updated health check state for package android: INACTIVE -> INACTIVE
01-19 17:53:49.079  3709  3734 I PackageWatchdog: Syncing state, reason: observing new packages
01-19 17:53:49.079  3709  3734 I PackageWatchdog: Removing 73ms from all packages on all observers
01-19 17:53:49.079  3709  3734 I PackageWatchdog: Updated health check state for package com.google.android.ext.services: PASSED -> PASSED
01-19 17:53:49.079  3709  3734 I PackageWatchdog: Updated health check state for package android: PASSED -> PASSED
01-19 17:53:49.079  3709  3734 I PackageWatchdog: Updated health check state for package com.google.android.permissioncontroller: PASSED -> PASSED
01-19 17:53:49.079  3709  3734 I PackageWatchdog: Updated health check state for package com.android.systemui: PASSED -> PASSED
01-19 17:53:49.079  3709  3734 I PackageWatchdog: Scheduling next state sync in 172799904ms
01-19 17:53:49.079  3709  3734 D PackageWatchdog: rescue-party-observer added the following packages to monitor [android]
01-19 17:53:49.079  3709  3734 I PackageWatchdog: Syncing state, reason: updated observers
01-19 17:53:49.079  3709  3734 I PackageWatchdog: Not pruning observers, elapsed time: 0ms
01-19 17:53:49.079  3709  3734 I PackageWatchdog: Scheduling next state sync in 172799904ms
01-19 17:53:49.079  3709  3734 I PackageWatchdog: Saving observer state to file
01-19 17:53:49.082  3709  3709 D PackageWatchdog: Getting all observed packages pending health checks
01-19 17:53:49.082  3709  3709 I PackageWatchdog: Syncing health check requests for packages: {}
01-19 17:53:49.082  3709  3709 I ExplicitHealthCheckController: Service not ready to get health check supported packages. Binding...
01-19 17:53:49.084  3709  3709 I ExplicitHealthCheckController: Explicit health check service is bound
01-19 17:53:49.085  3709  3709 I ExplicitHealthCheckController: Explicit health check service is connected ComponentInfo{com.google.android.ext.services/android.ext.services.watchdog.ExplicitHealthCheckServiceImpl}
01-19 17:53:49.085  3709  3709 I ExplicitHealthCheckController: Service initialized, syncing requests
01-19 17:53:49.085  3709  3709 D PackageWatchdog: Getting all observed packages pending health checks
01-19 17:53:49.085  3709  3709 I PackageWatchdog: Syncing health check requests for packages: {}
01-19 17:53:49.085  3709  3709 D ExplicitHealthCheckController: Getting health check supported packages
01-19 17:53:49.086  3709  4575 I ExplicitHealthCheckController: Explicit health check supported packages []
01-19 17:53:49.086  3709  4575 D PackageWatchdog: Received supported packages []
01-19 17:53:49.086  3709  4575 I PackageWatchdog: Updated health check state for package com.google.android.ext.services: PASSED -> PASSED
01-19 17:53:49.086  3709  4575 I PackageWatchdog: Updated health check state for package android: PASSED -> PASSED
01-19 17:53:49.086  3709  4575 I PackageWatchdog: Updated health check state for package com.google.android.permissioncontroller: PASSED -> PASSED
01-19 17:53:49.086  3709  4575 I PackageWatchdog: Updated health check state for package com.android.systemui: PASSED -> PASSED
01-19 17:53:49.086  3709  4575 D ExplicitHealthCheckController: Getting health check requested packages
01-19 17:53:49.087  3709  4575 I ExplicitHealthCheckController: Explicit health check requested packages []
01-19 17:53:49.087  3709  4575 I ExplicitHealthCheckController: No more health check requests, unbinding...
01-19 17:53:49.088  3709  4575 I ExplicitHealthCheckController: Explicit health check service is unbound
01-19 17:53:52.795  3709  3709 D CompatibilityChangeReporter: Compat change id reported: 135634846; UID 10070; state: DISABLED
01-19 17:53:52.795  3709  3736 D CompatibilityChangeReporter: Compat change id reported: 143937733; UID 10070; state: ENABLED
01-19 17:53:52.807  3709  3736 I ActivityManager: Start proc 8848:com.nvidia.shieldbeta/u0a70 for content provider {com.nvidia.shieldbeta/com.nvidia.shieldbeta.data.BetaContentProvider}
01-19 17:53:52.895  3709  3709 W Looper  : Slow dispatch took 101ms main h=android.os.Handler c=com.android.server.wifi.NvWifi$iBetaQuery@9abf21c m=0
01-19 17:54:18.167  3709  4574 I ActivityManager: Killing 7381:com.alphainventor.filemanager/u0a51 (adj 985): empty #17
01-19 17:55:46.406  3709  3709 W HDMI    : [1]:No validation information for the message: <Opcode: A8> 0F:A8:00:00:0D:02
01-19 17:55:46.549  3709  3709 W HDMI    : [1]:No validation information for the message: <Opcode: A8> 0F:A8:00:00:01:01
01-19 17:55:48.100  3709  3709 W HdmiCecController: HDMI-CEC: onReceiveCommand: <Active Source> 0F:82:00:00
01-19 17:55:48.101  3709  3709 W HdmiControlService: HDMI-CEC: logicalAddress = 0, device info logicalAddress = 11, physicalAddress = 0x0000, device physicalAddress = 0x2000
01-19 17:55:48.101  3709  3709 W HdmiCecLocalDevicePlayback: HDMI-CEC: setIsActiveSource false
01-19 17:55:48.101  3709  3709 W HdmiCecLocalDevicePlayback: HDMI-CEC: setIsActiveSource false
01-19 17:55:49.103  3709  3709 W HdmiCecLocalDevicePlayback: HDMI-CEC: sleep device...  reason: TV get input, device lost active source
01-19 17:55:49.112  3709  3709 I PowerManagerService: Going to sleep due to hdmi (uid 1000)...
01-19 17:55:49.117  3709  3743 I DreamManagerService: Gently waking up from dream.
01-19 17:55:49.117  3709  3743 I PowerManagerService: Sleeping (uid 1000)...
01-19 17:55:49.117  3709  3726 I DreamManagerService: Performing gentle wake from dream.
01-19 17:55:49.882  3709  3743 I DisplayPowerController: Blocking screen off
01-19 17:55:49.882  3709  3743 I DisplayPowerController: Unblocked screen off after 0 ms
01-19 17:55:49.892  3709  3743 D ActivityTaskManager: Top Process State changed to PROCESS_STATE_TOP_SLEEPING
01-19 17:55:49.926  3709  3740 D KernelCpuUidUserSysTimeReader: Removing uids 1037-1037
01-19 17:55:49.927  3709  3740 D KernelCpuUidUserSysTimeReader: Removing uids 1037-1037
01-19 17:55:49.933  3709  3743 V DisplayPowerController: Brightness [-1.0] reason changing to: 'screen_off', previous reason: 'manual'.
01-19 17:55:49.941  3709  3729 I DisplayManagerService: Display device changed state: "Built-in Screen", OFF
01-19 17:55:51.322  3709  3709 W Looper  : Slow dispatch took 1022ms main h=com.android.server.WiredAccessoryManager$1 c=null m=1
01-19 17:55:51.325  3709  3709 W Looper  : Slow delivery took 1021ms main h=com.android.server.power.Notifier$NotifierHandler c=null m=1
01-19 17:55:51.325  3709  3709 W Looper  : Drained
01-19 17:55:51.492  3709  4575 I DreamManagerService: Leaving dreamland.
01-19 17:55:51.492  3709  3726 I DreamManagerService: Performing gentle wake from dream.
01-19 17:55:51.492  3709  3726 I DreamController: Stopping dream: name=ComponentInfo{com.google.android.backdrop/com.google.android.backdrop.Backdrop}, isTest=false, canDoze=false, userId=0, reason='finished self'(from 'requested stopDream')
01-19 17:55:51.500  3709  3709 V HdmiControlService: On standby-action cleared:4
01-19 17:55:51.500  3709  3709 V HdmiControlService: onStandbyCompleted
01-19 17:55:51.501  3709  3709 W HdmiControlService: HDMI-CEC: logicalAddress = -1, device info logicalAddress = 11, physicalAddress = 0xffff, device physicalAddress = 0x2000
01-19 17:55:51.501  3709  3709 W HdmiCecLocalDevicePlayback: HDMI-CEC: setIsActiveSource false
01-19 17:55:51.501  3709  3709 W HdmiCecLocalDevicePlayback: HDMI-CEC: onStandby: initiatedByCec= true, mAutoTvOff = true, wasActiveSource = false, mIsActiveSource = false
01-19 17:55:51.585  3709  3840 D ConnectivityService: releasing NetworkRequest [ TRACK_DEFAULT id=51, [ Capabilities: INTERNET&NOT_RESTRICTED&TRUSTED Uid: 10036 AdministratorUids: [] RequestorUid: 10036 RequestorPackageName: com.google.android.backdrop] ] (release request)
01-19 17:55:51.722  3709  3855 I ActivityManager: Killing 7602:com.strmr.tv/u0a273 (adj 975): empty #17
01-19 17:55:51.723  3709  3855 I ActivityManager: Killing 5031:com.google.process.gapps/u0a5 (adj 975): empty #18
01-19 17:55:51.728  3709  3724 I ActivityManager: Process com.google.android.webview:sandboxed_process0:org.chromium.content.app.SandboxedProcessService0:0 (pid 8622) has died: cch+5 CEM 
01-19 17:55:51.746  3709  3724 W ActivityManager: Scheduling restart of crashed service com.google.android.backdrop/org.chromium.content.app.SandboxedProcessService0:0 in 1000ms for connection
01-19 17:55:51.752  3709  3709 W Looper  : Slow dispatch took 201ms main h=android.app.ActivityThread$H c=android.app.-$$Lambda$LoadedApk$ReceiverDispatcher$Args$_BumDX2UKsnxLVrE6UJsJZkotuA@d6bc4fe m=0
01-19 17:55:51.752  3709  3727 W Looper  : Slow dispatch took 170ms android.ui h=com.android.server.am.ActivityManagerService$UiHandler c=null m=53
01-19 17:55:51.781  3709  3850 I AS.AudioService: volume level changed in CEC/FIXED mode index:70 oldIndex:70 caller:HdmiPlaybackClient.DisplayStatusCallback
01-19 17:55:52.296  3709  4574 I ActivityTaskManager: START u0 {act=com.google.android.tvlauncher.intent.action.LAUNCH_BOOT_HELPER_EMPTY_ACTIVITY cat=[android.intent.category.DEFAULT] flg=0x10008000 pkg=com.google.android.tvlauncher} from uid 10019
01-19 17:55:52.298  8674  8674 E AndroidRuntime: FATAL EXCEPTION: main
01-19 17:55:52.298  8674  8674 E AndroidRuntime: Process: com.google.android.tvrecommendations, PID: 8674
01-19 17:55:52.298  8674  8674 E AndroidRuntime: android.content.ActivityNotFoundException: No Activity found to handle Intent { act=com.google.android.tvlauncher.intent.action.LAUNCH_BOOT_HELPER_EMPTY_ACTIVITY cat=[android.intent.category.DEFAULT] flg=0x10008000 pkg=com.google.android.tvlauncher }
01-19 17:55:52.298  8674  8674 E AndroidRuntime: 	at android.app.Instrumentation.checkStartActivityResult(Instrumentation.java:2067)
01-19 17:55:52.298  8674  8674 E AndroidRuntime: 	at android.app.Instrumentation.execStartActivity(Instrumentation.java:1727)
01-19 17:55:52.298  8674  8674 E AndroidRuntime: 	at android.app.ContextImpl.startActivity(ContextImpl.java:1023)
01-19 17:55:52.298  8674  8674 E AndroidRuntime: 	at android.app.ContextImpl.startActivity(ContextImpl.java:994)
01-19 17:55:52.298  8674  8674 E AndroidRuntime: 	at android.content.ContextWrapper.startActivity(ContextWrapper.java:403)
01-19 17:55:52.298  8674  8674 E AndroidRuntime: 	at dqn.i(PG:24)
01-19 17:55:52.298  8674  8674 E AndroidRuntime: 	at dtz.onPostExecute(PG:631)
01-19 17:55:52.298  8674  8674 E AndroidRuntime: 	at android.os.AsyncTask.finish(AsyncTask.java:771)
01-19 17:55:52.298  8674  8674 E AndroidRuntime: 	at android.os.AsyncTask.access$900(AsyncTask.java:199)
01-19 17:55:52.298  8674  8674 E AndroidRuntime: 	at android.os.AsyncTask$InternalHandler.handleMessage(AsyncTask.java:788)
01-19 17:55:52.298  8674  8674 E AndroidRuntime: 	at android.os.Handler.dispatchMessage(Handler.java:106)
01-19 17:55:52.298  8674  8674 E AndroidRuntime: 	at android.os.Looper.loop(Looper.java:223)
01-19 17:55:52.298  8674  8674 E AndroidRuntime: 	at android.app.ActivityThread.main(ActivityThread.java:7668)
01-19 17:55:52.298  8674  8674 E AndroidRuntime: 	at java.lang.reflect.Method.invoke(Native Method)
01-19 17:55:52.298  8674  8674 E AndroidRuntime: 	at com.android.internal.os.RuntimeInit$MethodAndArgsCaller.run(RuntimeInit.java:592)
01-19 17:55:52.298  8674  8674 E AndroidRuntime: 	at com.android.internal.os.ZygoteInit.main(ZygoteInit.java:947)
01-19 17:55:52.356  3709  4575 D NotificationListeners: Removing active service ComponentInfo{com.google.android.tvrecommendations/com.google.android.tvrecommendations.NotificationsService}
01-19 17:55:52.357  3709  4193 I ActivityManager: Process com.google.android.tvrecommendations (pid 8674) has died: prcl BFGS
01-19 17:55:52.357  3709  4193 W ActivityManager: Scheduling restart of crashed service com.google.android.tvrecommendations/.NotificationsService in 1000ms for connection
01-19 17:55:52.357  3709  3709 V NotificationListeners: 0 notification listener connection lost: ComponentInfo{com.google.android.tvrecommendations/com.google.android.tvrecommendations.NotificationsService}
01-19 17:55:53.358  3709  3735 D CompatibilityChangeReporter: Compat change id reported: 135634846; UID 10019; state: DISABLED
01-19 17:55:53.359  3709  3736 D CompatibilityChangeReporter: Compat change id reported: 143937733; UID 10019; state: ENABLED
01-19 17:55:53.367  3709  3736 I ActivityManager: Start proc 9013:com.google.android.tvrecommendations/u0a19 for service {com.google.android.tvrecommendations/com.google.android.tvrecommendations.NotificationsService}
01-19 17:55:53.586  3709  3709 V NotificationListeners: 0 notification listener service connected: ComponentInfo{com.google.android.tvrecommendations/com.google.android.tvrecommendations.NotificationsService}
01-19 17:55:53.586  3709  3709 D NotificationService: 0|com.nvidia.ota|1|ShieldOTA|10071: granting content://settings/system/notification_sound
01-19 17:55:53.587  3709  3709 D NotificationService: 0|com.google.android.gms|2147483647|ranker_group|10005|ranker_group: granting content://settings/system/notification_sound
01-19 17:55:53.587  3709  3709 D NotificationService: 0|com.google.android.gms|1000|a:GMSCORE_STORE_RENDERER:c6afaeefe0e60000:106394913552912778563|10005: granting content://settings/system/notification_sound
01-19 17:55:53.587  3709  3709 D NotificationService: 0|com.google.android.gms|1000|a:GMSCORE_STORE_RENDERER:54066fce52e60000:106394913552912778563|10005: granting content://settings/system/notification_sound
01-19 17:55:53.587  3709  3709 D NotificationService: 0|com.google.android.gms|1000|a:GMSCORE_STORE_RENDERER:a0de338e52e60000:106394913552912778563|10005: granting content://settings/system/notification_sound
01-19 17:55:53.587  3709  3709 D NotificationService: 0|com.google.android.gms|1000|a:GMSCORE_STORE_RENDERER:1670061fd4e60000:106394913552912778563|10005: granting content://settings/system/notification_sound
01-19 17:55:53.587  3709  3709 D NotificationService: 0|com.google.android.gms|1000|a:GMSCORE_STORE_RENDERER:d7ae7e14fc660000:106394913552912778563|10005: granting content://settings/system/notification_sound
01-19 17:55:53.588  3709  3709 D NotificationService: 0|com.google.android.gms|1000|a:GMSCORE_STORE_RENDERER:f66b9f81c8660000:106394913552912778563|10005: granting content://settings/system/notification_sound
01-19 17:55:53.588  3709  3709 D NotificationService: 0|com.google.android.gms|1000|a:GMSCORE_STORE_RENDERER:127:0:106394913552912778563|10005: granting content://settings/system/notification_sound
01-19 17:55:53.588  3709  3709 D NotificationService: 0|com.dolby.android.audio.service|1|null|10101: granting content://settings/system/notification_sound
01-19 17:55:53.588  3709  3709 D NotificationService: 0|com.nvidia.ota|1|null|10071: granting content://settings/system/notification_sound
01-19 17:55:53.588  3709  3709 D NotificationService: 0|com.google.android.tv.remote.service|8765|null|10032: granting content://settings/system/notification_sound
01-19 17:56:33.961  3709  3871 W HDMI    : [6]:Failed to send a polling message(11->11) with return code 3
01-19 17:56:34.042  3709  3871 W HdmiCecController: HDMI-CEC: New logical address for device: type:4, preferred addr:11, assigned addr:11
01-19 17:56:34.043  3709  3709 W HdmiCecLocalDevicePlayback: HDMI-CEC: onAddressAllocated reason: INITIATED_BY_HOTPLUG
01-19 17:56:34.043  3709  3709 E NV-HDMI-CEC: Exception: java.io.FileNotFoundException: /sys/firmware/devicetree/base/tnspec/tnspec: open failed: EACCES (Permission denied)
01-19 17:56:34.382  3709  3709 W Looper  : Slow dispatch took 136ms main h=android.os.Handler c=com.android.server.hdmi.-$$Lambda$HdmiCecController$HdmiCecCallback$-7fhWuVwUiBxScm6sqwHxovK41E@63323cb m=0
01-19 17:56:34.817  3709  3709 W HdmiCecController: HDMI-CEC: onReceiveCommand: <System Audio Mode Status> 5B:7E:01
01-19 17:56:35.369  3709  3709 W HdmiCecController: HDMI-CEC: onReceiveCommand: <Set System Audio Mode> 5F:72:01
01-19 17:56:35.397  3709  4193 W WindowManager: Permission Denial: addWindowTokenWithOptions from pid=7937, uid=10004 requires android.permission.STATUS_BAR_SERVICE
01-19 17:56:35.397  3709  4193 W WindowManager: Permission Denial: addWindowToken() from pid=7937, uid=10004 requires android.permission.MANAGE_APP_TOKENS
01-19 17:56:35.967  3709  3709 W HDMI    : [1]:Unexpected broadcast message: <Report Power Status> 0F:90:00
01-19 17:56:40.113  3709  3709 W HdmiCecController: HDMI-CEC: onReceiveCommand: <Active Source> 0F:82:00:00
01-19 17:56:40.113  3709  3709 W HdmiControlService: HDMI-CEC: logicalAddress = 0, device info logicalAddress = 11, physicalAddress = 0x0000, device physicalAddress = 0x2000
01-19 17:56:40.113  3709  3709 W HdmiCecLocalDevicePlayback: HDMI-CEC: setIsActiveSource false
01-19 17:56:40.114  3709  3709 W HdmiCecLocalDevicePlayback: HDMI-CEC: setIsActiveSource false
01-19 17:56:42.451  3709  3709 W HdmiCecController: HDMI-CEC: onReceiveCommand: <Set System Audio Mode> 5F:72:01
01-19 17:56:42.895  3709  3709 W HdmiCecController: HDMI-CEC: onReceiveCommand: <Set System Audio Mode> 5F:72:01
01-19 17:56:43.971  3709  3871 W HdmiCecController: HDMI-CEC: New logical address for device: type:4, preferred addr:11, assigned addr:11
01-19 17:56:43.972  3709  3709 W HdmiCecLocalDevicePlayback: HDMI-CEC: onAddressAllocated reason: INITIATED_BY_HOTPLUG
01-19 17:56:43.973  3709  3709 E NV-HDMI-CEC: Exception: java.io.FileNotFoundException: /sys/firmware/devicetree/base/tnspec/tnspec: open failed: EACCES (Permission denied)
01-19 17:56:44.689  3709  3709 W HdmiCecController: HDMI-CEC: onReceiveCommand: <Active Source> 0F:82:00:00
01-19 17:56:44.752  3709  3709 W HdmiCecLocalDevicePlayback: HDMI-CEC: setIsActiveSource false
01-19 17:56:45.709  3709  3871 W HdmiCecController: HDMI-CEC: New logical address for device: type:4, preferred addr:11, assigned addr:11
01-19 17:56:45.710  3709  3709 W HdmiCecLocalDevicePlayback: HDMI-CEC: onAddressAllocated reason: INITIATED_BY_HOTPLUG
01-19 17:56:45.710  3709  3709 E NV-HDMI-CEC: Exception: java.io.FileNotFoundException: /sys/firmware/devicetree/base/tnspec/tnspec: open failed: EACCES (Permission denied)
01-19 17:56:46.814  3709  3709 W HdmiCecController: HDMI-CEC: onReceiveCommand: <Routing Change> 0F:80:00:00:20:00
01-19 17:56:46.814  3709  3709 W HdmiCecLocalDevicePlayback: HDMI-CEC: setIsActiveSource true
01-19 17:56:46.815  3709  3709 W HdmiCecLocalDevicePlayback: HDMI-CEC: go wakeup and send active source, message: <Routing Change> 0F:80:00:00:20:00
01-19 17:56:46.815  3709  3709 W HdmiCecLocalDevicePlayback: HDMI-CEC: setIsActiveSource true
01-19 17:56:46.815  3709  3709 W HdmiCecLocalDevicePlayback: HDMI-CEC: wake up device ...
01-19 17:56:46.815  3709  3709 W HdmiCecLocalDevicePlayback: HDMI-CEC: getCallers:
01-19 17:56:46.815  3709  3709 W HdmiCecLocalDevicePlayback: com.android.server.hdmi.HdmiControlService.setAndBroadcastActiveSource:3293 com.android.server.hdmi.HdmiCecLocalDeviceSource.setAndBroadcastActiveSource:224 com.android.server.hdmi.HdmiCecLocalDevicePlayback.handleRoutingChangeAndInformation:738 com.android.server.hdmi.HdmiCecLocalDevicePlayback.handleRoutingChange:643 com.android.server.hdmi.HdmiCecLocalDevice.onMessage:280 com.android.server.hdmi.HdmiCecLocalDevice.dispatchMessage:249 com.android.server.hdmi.HdmiControlService.dispatchMessageToLocalDevice:1214 com.android.server.hdmi.HdmiControlService.handleCecCommand:1199 com.android.server.hdmi.HdmiCecController.onReceiveCommand:652 com.android.server.hdmi.HdmiCecController.handleIncomingCecCommand:740 
01-19 17:56:46.815  3709  3709 I PowerManagerService: Waking up from Asleep (uid=1000, reason=WAKE_REASON_HDMI, details=android.server.hdmi:WAKE)...
01-19 17:56:46.818  3709  3709 I HdmiCecLocalDevice: Not ready to start action. Queued for deferred start:com.android.server.hdmi.ActiveSourceAction@914269
01-19 17:56:46.819  3709  3709 W HdmiCecLocalDevicePlayback: HDMI-CEC: setIsActiveSource true
01-19 17:56:46.819  3709  3743 I DisplayPowerController: Blocking screen on until initial contents have been drawn.
01-19 17:56:46.819  3709  3743 D ActivityTaskManager: Top Process State changed to PROCESS_STATE_TOP
01-19 17:56:46.821  3709  3740 E KernelCpuUidUserSysTimeReader: Negative user/sys time delta for UID=10273
01-19 17:56:46.821  3709  3740 E KernelCpuUidUserSysTimeReader: Prev times: u=996000 s=244000 Curr times: u=952000 s=192000
01-19 17:56:46.833  3709  3743 V DisplayPowerController: Brightness [0.39763778] reason changing to: 'manual', previous reason: 'screen_off'.
01-19 17:56:46.835  3709  3743 I DisplayPowerController: Unblocked screen on after 17 ms
01-19 17:56:47.850  3709  3709 I ActivityManager: PendingStartActivityUids startActivity to updateOomAdj delay:1024ms, uid:10025
01-19 17:56:47.850  3709  3709 W Looper  : Slow dispatch took 1031ms main h=com.android.server.power.Notifier$NotifierHandler c=com.android.server.power.Notifier$1@a3663ab m=0
01-19 17:56:47.850  3709  3709 W Looper  : Slow delivery took 1034ms main h=android.os.Handler c=null m=3030
01-19 17:56:47.856  3709  3727 W Looper  : Slow dispatch took 1019ms android.ui h=com.android.server.am.ActivityManagerService$UiHandler c=null m=31
01-19 17:56:47.858  3709  3729 I DisplayManagerService: Display device changed state: "Built-in Screen", ON
01-19 17:56:47.860  3709  3727 W Looper  : Slow delivery took 1018ms android.ui h=com.android.server.am.ActivityManagerService$UiHandler c=null m=53
01-19 17:56:47.860  3709  3743 W PowerManagerService: Screen on took 1045 ms
01-19 17:56:47.863  3709  3727 W Looper  : Drained
01-19 17:56:47.863  3709  5268 D ConnectivityService: requestNetwork for uid/pid:10025/4822 NetworkRequest [ TRACK_DEFAULT id=54, [ Capabilities: INTERNET&NOT_RESTRICTED&TRUSTED Uid: 10025 AdministratorUids: [] RequestorUid: 10025 RequestorPackageName: com.spocky.projengmenu] ]
01-19 17:56:47.863  3709  3709 W Looper  : Drained
01-19 17:56:47.863  3709  3840 D ConnectivityService: NetReassign [54 : null → 100]
01-19 17:56:48.004  3709  3850 I AS.AudioService: volume level changed in CEC/FIXED mode index:70 oldIndex:70 caller:android
01-19 17:56:48.031  3709  3850 I AS.AudioService: volume level changed in CEC/FIXED mode index:70 oldIndex:70 caller:HdmiPlaybackClient.DisplayStatusCallback
01-19 17:56:48.532  3709  3709 W Looper  : Slow dispatch took 612ms main h=com.android.server.WiredAccessoryManager$1 c=null m=1
01-19 17:56:48.552  3709  3709 W Looper  : Slow delivery took 614ms main h=android.app.ActivityThread$H c=android.app.-$$Lambda$LoadedApk$ReceiverDispatcher$Args$_BumDX2UKsnxLVrE6UJsJZkotuA@d3bd895 m=0
01-19 17:56:48.554  3709  3727 W Looper  : Slow dispatch took 634ms android.ui h=com.android.server.am.ActivityManagerService$UiHandler c=null m=31
01-19 17:56:48.564  3709  3729 I DisplayManagerService: Display device changed: DisplayDeviceInfo{"Built-in Screen": uniqueId="local:0", 3840 x 2160, modeId 19, defaultModeId 19, supportedModes [{id=1, width=1280, height=720, fps=23.976025}, {id=2, width=1280, height=720, fps=29.97003}, {id=3, width=1920, height=1080, fps=23.976025}, {id=4, width=1920, height=1080, fps=29.97003}, {id=5, width=3840, height=2160, fps=23.976025}, {id=6, width=3840, height=2160, fps=29.97003}, {id=7, width=1280, height=720, fps=59.94006}, {id=8, width=1920, height=1080, fps=59.94006}, {id=9, width=720, height=480, fps=60.000004}, {id=10, width=1280, height=720, fps=24.000002}, {id=11, width=1280, height=720, fps=30.000002}, {id=12, width=1920, height=1080, fps=24.000002}, {id=13, width=1920, height=1080, fps=30.000002}, {id=14, width=3840, height=2160, fps=24.000002}, {id=15, width=3840, height=2160, fps=60.000004}, {id=16, width=1280, height=720, fps=60.000004}, {id=17, width=1920, height=1080, fps=60.000004}, {id=18, width=3840, height=2160, fps=30.000002}, {id=19, width=3840, height=2160, fps=59.94006}], colorMode 0, supportedColorModes [0, 5, 7, 9, 11], HdrCapabilities HdrCapabilities{mSupportedHdrTypes=[], mMaxLuminance=500.0, mMaxAverageLuminance=500.0, mMinLuminance=0.0}, allmSupported false, gameContentTypeSupported false, density 320, 213.0 x 213.0 dpi, appVsyncOff 100000, presDeadline 17583333, touch INTERNAL, rotation 0, type INTERNAL, address {port=0}, deviceProductInfo null, state ON, FLAG_DEFAULT_DISPLAY, FLAG_ROTATES_WITH_CONTENT, FLAG_SECURE, FLAG_SUPPORTS_PROTECTED_BUFFERS}
01-19 17:56:48.582  3709  3819 I ActivityTaskManager: Config changes=4000 {1.0 ?mcc?mnc [en_US] ldltr sw540dp w960dp h540dp 320dpi lrg long widecg land television -touch -keyb/v/h dpad/v winConfig={ mBounds=Rect(0, 0 - 1920, 1080) mAppBounds=Rect(0, 0 - 1920, 1080) mWindowingMode=fullscreen mDisplayWindowingMode=fullscreen mActivityType=undefined mAlwaysOnTop=undefined mRotation=ROTATION_0} s.15}
01-19 17:56:48.639  3709  3819 I WindowManager: Override config changes=4000 {1.0 ?mcc?mnc [en_US] ldltr sw540dp w960dp h540dp 320dpi lrg long widecg land television -touch -keyb/v/h dpad/v winConfig={ mBounds=Rect(0, 0 - 1920, 1080) mAppBounds=Rect(0, 0 - 1920, 1080) mWindowingMode=fullscreen mDisplayWindowingMode=fullscreen mActivityType=undefined mAlwaysOnTop=undefined mRotation=ROTATION_0} s.15} for displayId=0
01-19 17:56:48.725  3709  3819 V WindowManager: Orientation start waiting for draw, mDrawState=DRAW_PENDING in Window{f91e65e u0 com.spocky.projengmenu/com.spocky.projengmenu.ui.home.MainActivity}, surfaceController Surface(name=com.spocky.projengmenu/com.spocky.projengmenu.ui.home.MainActivity)/@0x14e6911
01-19 17:56:48.726  3709  3819 V WindowManager: Orientation start waiting for draw, mDrawState=DRAW_PENDING in Window{f91e65e u0 com.spocky.projengmenu/com.spocky.projengmenu.ui.home.MainActivity}, surfaceController Surface(name=com.spocky.projengmenu/com.spocky.projengmenu.ui.home.MainActivity)/@0x14e6911
01-19 17:56:48.727  3709  3727 W Looper  : Slow dispatch took 145ms android.ui h=android.hardware.display.DisplayManagerGlobal$DisplayListenerDelegate c=null m=2
01-19 17:56:48.727  3709  3730 V WindowManager: Orientation start waiting for draw, mDrawState=DRAW_PENDING in Window{f91e65e u0 com.spocky.projengmenu/com.spocky.projengmenu.ui.home.MainActivity}, surfaceController Surface(name=com.spocky.projengmenu/com.spocky.projengmenu.ui.home.MainActivity)/@0x14e6911
01-19 17:56:48.741  3709  3709 W Looper  : Slow dispatch took 161ms main h=android.app.ActivityThread$H c=android.app.-$$Lambda$LoadedApk$ReceiverDispatcher$Args$_BumDX2UKsnxLVrE6UJsJZkotuA@68c1a76 m=0
--------- beginning of main
01-19 17:56:48.805  3428  3853 I AudioFlinger: openOutput() this 0x2a6bd76c40, module 10 Device type:0x400,@:, SamplingRate 0, Format 00000000, Channels 0, flags 0x1
01-19 17:56:48.806  3428  3853 I AudioFlinger: HAL output buffer size 256 frames, normal sink buffer size 256 frames
01-19 17:56:48.806  3428  9185 I AudioFlinger: AudioFlinger's thread 0x2abbd6bda0 tid=9185 ready to run
01-19 17:56:48.813  3709  4328 I chatty  : uid=1000(system) Binder:3709_9 expire 12 lines
01-19 17:56:48.815  3428  3853 I AudioFlinger: openOutput() this 0x2a6bd76c40, module 10 Device type:0x400,@:, SamplingRate 48000, Format 0xd000000, Channels 0x1, flags 0x1
01-19 17:56:48.818  3428  3853 I AudioFlinger: HAL output buffer size 1024 frames, normal sink buffer size 1024 frames
01-19 17:56:48.819  3428  9187 I AudioFlinger: AudioFlinger's thread 0x2abbd6bda0 tid=9187 ready to run
01-19 17:56:48.829  3709  5270 I chatty  : uid=1000(system) Binder:3709_12 expire 3 lines
01-19 17:56:48.836  4822  5055 I OpenGLRenderer: Davey! duration=901ms; Flags=0, IntendedVsync=569671343175, Vsync=570455459826, OldestInputEvent=9223372036854775807, NewestInputEvent=0, HandleInputStart=570464869572, AnimationStart=570464870770, PerformTraversalsStart=570557431395, DrawStart=570557823790, SyncQueued=570565126186, SyncStart=570565526759, IssueDrawCommandsStart=570565712332, SwapBuffers=570571871499, FrameCompleted=570572943113, DequeueBufferDuration=142604, QueueBufferDuration=612031, GpuCompleted=161759175561, 
01-19 17:56:48.843  3709  3840 D ConnectivityService: releasing NetworkRequest [ TRACK_DEFAULT id=54, [ Capabilities: INTERNET&NOT_RESTRICTED&TRUSTED Uid: 10025 AdministratorUids: [] RequestorUid: 10025 RequestorPackageName: com.spocky.projengmenu] ] (release request)
01-19 17:56:48.843  4822  4822 D FirebaseSessions: App backgrounded on com.spocky.projengmenu
01-19 17:56:48.852  3709  5268 V WindowManager: Orientation start waiting for draw, mDrawState=DRAW_PENDING in Window{f91e65e u0 com.spocky.projengmenu/com.spocky.projengmenu.ui.home.MainActivity}, surfaceController Surface(name=com.spocky.projengmenu/com.spocky.projengmenu.ui.home.MainActivity)/@0x14e6911
01-19 17:56:48.882  3428  3853 I AudioFlinger: openOutput() this 0x2a6bd76c40, module 10 Device type:0x400,@:, SamplingRate 88200, Format 0x000005, Channels 0x3, flags 0x1
01-19 17:56:48.882  3362  3399 W nvaudio_hw: Sink does not support HRA: 88200 Hz
01-19 17:56:48.883  3428  3853 I AudioHwDevice: openOutputStream(), HAL returned sampleRate 88200, Format 0x5, channelMask 0x3, status -22
01-19 17:56:48.883  3428  3853 W APM_AudioPolicyManager: checkOutputsForDevice() could not open output for device 400
01-19 17:56:48.884  3428  3853 I AudioFlinger: openOutput() this 0x2a6bd76c40, module 10 Device type:0x400,@:, SamplingRate 0, Format 00000000, Channels 0, flags 0x1
01-19 17:56:48.885  4822  5055 E Surface : freeAllBuffers: 1 buffers were freed while being dequeued!
01-19 17:56:48.896  3428  3853 I AudioFlinger: HAL output buffer size 256 frames, normal sink buffer size 256 frames
01-19 17:56:48.897  3428  9192 I AudioFlinger: AudioFlinger's thread 0x2abbd6eb30 tid=9192 ready to run
01-19 17:56:48.906  3428  3853 I AudioFlinger: openOutput() this 0x2a6bd76c40, module 10 Device type:0x400,@:, SamplingRate 8000, Format 0x000006, Channels 0x3, flags 0x1
01-19 17:56:48.906  3362  3399 W nvaudio_hw: Sink does not support HRA: 8000 Hz
01-19 17:56:48.906  3428  3853 I AudioHwDevice: openOutputStream(), HAL returned sampleRate 8000, Format 0x6, channelMask 0x3, status -22
01-19 17:56:48.906  3428  3853 W APM_AudioPolicyManager: checkOutputsForDevice() could not open output for device 400
01-19 17:56:48.910  3428  3853 I APM_AudioPolicyManager: setMsdEnableInt: MSD path is already disabled, enable:0, mMsdEnable:0
01-19 17:56:48.928  3362  3399 I nvaudio_hw: Setting connected aux device list aux1_audio,
01-19 17:56:48.933  3928  4080 D BluetoothActiveDeviceManager: onAudioDevicesAdded
01-19 17:56:48.933  3928  4080 D BluetoothActiveDeviceManager: Audio device added: SHIELD Android TV type: 9
01-19 17:56:48.933  3928  3928 D AvrcpVolumeManager: onAudioDevicesAdded: Not expecting device changed
01-19 17:56:48.934  3949  3949 V MediaRouter: Audio routes updated: AudioRoutesInfo{ type=SPEAKER }, a2dp=false
01-19 17:56:48.935  3949  3949 V MediaRouter: Selecting route: RouteInfo{ name=TV, description=null, status=null, category=RouteCategory{ name=System types=ROUTE_TYPE_LIVE_AUDIO ROUTE_TYPE_LIVE_VIDEO  groupable=false }, supportedTypes=ROUTE_TYPE_LIVE_AUDIO ROUTE_TYPE_LIVE_VIDEO , presentationDisplay=null }
01-19 17:56:48.937  4874  4874 D cast_AvSettingsAndroid: [AvSettingsAndroid.java:230] HDMI plug update: action=android.media.action.HDMI_AUDIO_PLUG, plug=1
01-19 17:56:48.937  4874  4874 D cast_AvSettingsAndroid: [AvSettingsAndroid.java:238] Max channel count = 8
01-19 17:56:48.938  4473  4473 I katniss_interactor_SingletonModule: TvSystemAudioManager isn't available
01-19 17:56:48.938  4473  4473 I katniss_interactor_SingletonModule: vmt: Library is not available: library either is not installed or was not loaded (AndroidManifest.xml is missing <uses-library>) or does not contain the class com.android.libraries.tv.tvsystem.media.TvAudioManager
01-19 17:56:48.938  4473  4473 I katniss_interactor_SingletonModule: 	at vmz.<init>(PG:20)
01-19 17:56:48.938  4473  4473 I katniss_interactor_SingletonModule: 	at vmu.a(PG:3)
01-19 17:56:48.938  4473  4473 I katniss_interactor_SingletonModule: 	at fbk.by(PG:125)
01-19 17:56:48.938  4473  4473 I katniss_interactor_SingletonModule: 	at fbk.aM(PG:36)
01-19 17:56:48.938  4473  4473 I katniss_interactor_SingletonModule: 	at ggu.a(PG:3)
01-19 17:56:48.938  4473  4473 I katniss_interactor_SingletonModule: 	at xlg.a(PG:3)
01-19 17:56:48.938  4473  4473 I katniss_interactor_SingletonModule: 	at xyf.a(PG:13)
01-19 17:56:48.938  4473  4473 I katniss_interactor_SingletonModule: 	at aaya.e(PG:3)
01-19 17:56:48.938  4473  4473 I katniss_interactor_SingletonModule: 	at aayc.run(PG:38)
01-19 17:56:48.938  4473  4473 I katniss_interactor_SingletonModule: 	at aazn.execute(PG:1)
01-19 17:56:48.938  4473  4473 I katniss_interactor_SingletonModule: 	at abbb.d(PG:7)
01-19 17:56:48.938  4473  4473 I katniss_interactor_SingletonModule: 	at aayc.h(PG:10)
01-19 17:56:48.938  4473  4473 I katniss_interactor_SingletonModule: 	at xlk.onReceive(PG:676)
01-19 17:56:48.938  4473  4473 I katniss_interactor_SingletonModule: 	at android.app.LoadedApk$ReceiverDispatcher$Args.lambda$getRunnable$0$LoadedApk$ReceiverDispatcher$Args(LoadedApk.java:1580)
01-19 17:56:48.938  4473  4473 I katniss_interactor_SingletonModule: 	at android.app.-$$Lambda$LoadedApk$ReceiverDispatcher$Args$_BumDX2UKsnxLVrE6UJsJZkotuA.run(Unknown Source:2)
01-19 17:56:48.938  4473  4473 I katniss_interactor_SingletonModule: 	at android.os.Handler.handleCallback(Handler.java:938)
