--------- beginning of system
12-15 16:32:21.554  3709  3735 I SystemServerTimingAsync: ssm.onUnlockedUser-0_com.android.server.tv.TvInputManagerService
12-15 16:32:21.554  3709  3735 I SystemServerTimingAsync: ssm.onUnlockedUser-0_com.android.server.media.MediaResourceMonitorService
12-15 16:32:21.554  3709  3735 I SystemServerTimingAsync: ssm.onUnlockedUser-0_com.android.server.tv.TvRemoteService
12-15 16:32:21.554  3709  3735 I SystemServerTimingAsync: ssm.onUnlockedUser-0_com.android.server.biometrics.BiometricService
12-15 16:32:21.554  3709  3735 I SystemServerTimingAsync: ssm.onUnlockedUser-0_com.android.server.biometrics.AuthService
12-15 16:32:21.554  3709  3735 I SystemServerTimingAsync: ssm.onUnlockedUser-0_com.android.server.pm.ShortcutService$Lifecycle
12-15 16:32:21.554  3709  3735 I SystemServerTimingAsync: ssm.onUnlockedUser-0_com.android.server.pm.LauncherAppsService
12-15 16:32:21.554  3709  3735 I SystemServerTimingAsync: ssm.onUnlockedUser-0_com.android.server.pm.CrossProfileAppsService
12-15 16:32:21.554  3709  3735 I SystemServerTimingAsync: ssm.onUnlockedUser-0_com.android.server.people.PeopleService
12-15 16:32:21.559  3709  4328 W StorageManagerService: Reporting emulated;0 unmounted due to system locked
12-15 16:32:21.571  3709  3735 I SystemServerTimingAsync: ssm.onUnlockedUser-0_com.android.server.media.projection.MediaProjectionManagerService
12-15 16:32:21.571  3709  3735 I SystemServerTimingAsync: ssm.onUnlockedUser-0_com.android.server.slice.SliceManagerService$Lifecycle
12-15 16:32:21.571  3709  3735 I SystemServerTimingAsync: ssm.onUnlockedUser-0_com.android.server.camera.CameraServiceProxy
12-15 16:32:21.571  3709  3735 I SystemServerTimingAsync: ssm.onUnlockedUser-0_com.android.server.stats.StatsCompanion$Lifecycle
12-15 16:32:21.571  3709  3735 I SystemServerTimingAsync: ssm.onUnlockedUser-0_com.android.server.stats.pull.StatsPullAtomService
12-15 16:32:21.571  3709  3735 I SystemServerTimingAsync: ssm.onUnlockedUser-0_com.android.server.incident.IncidentCompanionService
12-15 16:32:21.571  3709  3735 I SystemServerTimingAsync: ssm.onUnlockedUser-0_com.android.server.MmsServiceBroker
12-15 16:32:21.571  3709  3735 I SystemServerTimingAsync: ssm.onUnlockedUser-0_com.android.server.autofill.AutofillManagerService
12-15 16:32:21.571  3709  3735 I SystemServerTimingAsync: ssm.onUnlockedUser-0_com.android.server.clipboard.ClipboardService
12-15 16:32:21.571  3709  3735 I SystemServerTimingAsync: ssm.onUnlockedUser-0_com.android.server.appbinding.AppBindingService$Lifecycle
12-15 16:32:21.571  3709  3735 I SystemServerTimingAsync: ssm.onUnlockedUser-0_com.android.server.policy.PermissionPolicyService
12-15 16:32:21.571  3709  3735 I SystemServerTimingAsync: ssm.onUnlockedUser-0_com.android.server.pm.StagingManager$Lifecycle
12-15 16:32:21.571  3709  3735 W ActivityManager: UserLifecycleEvent 6 received without an active userJourneySession.
12-15 16:32:21.585  3709  4328 I ActivityTaskManager: START u0 {act=android.intent.action.MAIN cat=[android.intent.category.HOME] flg=0x10000100 cmp=com.spocky.projengmenu/.ui.home.MainActivity} from uid 0
12-15 16:32:21.586  3709  3736 W ActivityManager: Slow operation: 94ms so far, now at startProcess: returned from zygote!
12-15 16:32:21.607  3709  3866 E BackupPasswordManager: Unable to read backup pw version
12-15 16:32:21.607  3709  3866 E BackupPasswordManager: Unable to read saved backup pw hash
12-15 16:32:21.611  3709  3855 D CompatibilityChangeReporter: Compat change id reported: 136219221; UID 10032; state: ENABLED
12-15 16:32:21.614  3709  3736 W ActivityManager: Slow operation: 123ms so far, now at startProcess: done updating battery stats
12-15 16:32:21.614  3570  4160 W iorapd  : Rejecting transition from kUninitialized to kActivityLaunchCancelled
12-15 16:32:21.614  3709  3736 W ActivityManager: Slow operation: 123ms so far, now at startProcess: building log message
12-15 16:32:21.614  3709  3736 I ActivityManager: Start proc 4521:com.nvidia.bluetooth.ShieldBluetoothManager/1000 for added application com.nvidia.bluetooth.ShieldBluetoothManager
12-15 16:32:21.614  3709  3736 W ActivityManager: Slow operation: 123ms so far, now at startProcess: starting to update pids map
12-15 16:32:21.615  3709  3736 W ActivityManager: Slow operation: 124ms so far, now at startProcess: done updating pids map
12-15 16:32:21.615  3709  3736 W ActivityManager: Slow operation: 123ms so far, now at startProcess: asking zygote to start proc
12-15 16:32:21.627  3709  3736 W ActivityManager: Slow operation: 135ms so far, now at startProcess: returned from zygote!
12-15 16:32:21.660  3709  3736 W ActivityManager: Slow operation: 167ms so far, now at startProcess: done updating battery stats
12-15 16:32:21.660  3709  3736 W ActivityManager: Slow operation: 167ms so far, now at startProcess: building log message
12-15 16:32:21.660  3709  3736 I ActivityManager: Start proc 4550:com.dolby.android.audio.service/u0a101 for added application com.dolby.android.audio.service
12-15 16:32:21.660  3709  3736 W ActivityManager: Slow operation: 167ms so far, now at startProcess: starting to update pids map
12-15 16:32:21.660  3709  3736 W ActivityManager: Slow operation: 167ms so far, now at startProcess: done updating pids map
12-15 16:32:21.660  3709  3736 W ActivityManager: Slow operation: 166ms so far, now at startProcess: asking zygote to start proc
12-15 16:32:21.661  3709  3726 I AppWidgetServiceImpl: Processing of handleUserUnlocked u0 took 116 ms
12-15 16:32:21.661  3709  3726 W Looper  : Slow dispatch took 117ms android.fg h=android.os.Handler c=com.android.server.am.-$$Lambda$UserController$Injector$MYTLl7MOQKjyMJknWdxPeBLoPCc@5f21b04 m=0
12-15 16:32:21.667  3709  3729 D CompatibilityChangeReporter: Compat change id reported: 135634846; UID 10025; state: DISABLED
12-15 16:32:21.699  3709  4471 V BackupManagerConstants: getKeyValueBackupIntervalMilliseconds(...) returns 14400000
12-15 16:32:21.701  3709  3736 W ActivityManager: Slow operation: 208ms so far, now at startProcess: returned from zygote!
12-15 16:32:21.701  3709  4471 V BackupManagerConstants: getKeyValueBackupFuzzMilliseconds(...) returns 600000
12-15 16:32:21.702  3709  4471 V BackupManagerConstants: getKeyValueBackupRequiredNetworkType(...) returns 1
12-15 16:32:21.702  3709  4471 V BackupManagerConstants: getKeyValueBackupRequireCharging(...) returns true
12-15 16:32:21.702  3709  4471 V KeyValueBackupJob: Scheduling k/v pass in 246 minutes
12-15 16:32:21.705  3709  3736 W ActivityManager: Slow operation: 212ms so far, now at startProcess: done updating battery stats
12-15 16:32:21.705  3709  3736 W ActivityManager: Slow operation: 212ms so far, now at startProcess: building log message
12-15 16:32:21.705  3709  3736 I ActivityManager: Start proc 4584:com.nvidia.shieldtech.accessoryui/u0a75 for added application com.nvidia.shieldtech.accessoryui
12-15 16:32:21.705  3709  3736 W ActivityManager: Slow operation: 212ms so far, now at startProcess: starting to update pids map
12-15 16:32:21.705  3709  3736 W ActivityManager: Slow operation: 212ms so far, now at startProcess: done updating pids map
12-15 16:32:21.706  3709  3736 W ActivityManager: Slow operation: 212ms so far, now at startProcess: asking zygote to start proc
12-15 16:32:21.714  3709  4193 D CompatibilityChangeReporter: Compat change id reported: 135634846; UID 10005; state: DISABLED
12-15 16:32:21.759  3709  3866 V BackupManagerService: [UserID:0] No ancestral data
12-15 16:32:21.766  3709  3728 D BluetoothManagerService: MESSAGE_BLUETOOTH_STATE_CHANGE: BLE_TURNING_ON > BLE_ON
12-15 16:32:21.766  3709  3726 W Looper  : Slow delivery took 211ms android.fg h=android.os.Handler c=com.android.server.-$$Lambda$NetworkManagementService$NetdUnsolicitedEventListener$pOV71EYm5PphEVG1PGQnV_c6XiA@7df16d7 m=0
12-15 16:32:21.766  3709  3728 D BluetoothManagerService: Bluetooth is in LE only mode
12-15 16:32:21.766  3709  3728 D BluetoothManagerService: Binding Bluetooth GATT service
12-15 16:32:21.767  3709  3726 W Looper  : Drained
12-15 16:32:21.767  3709  3736 W ActivityManager: Slow operation: 274ms so far, now at startProcess: returned from zygote!
12-15 16:32:21.804  3709  3736 W ActivityManager: Slow operation: 311ms so far, now at startProcess: done updating battery stats
12-15 16:32:21.804  3709  3736 W ActivityManager: Slow operation: 311ms so far, now at startProcess: building log message
12-15 16:32:21.804  3709  3736 I ActivityManager: Start proc 4611:com.nvidia.NvCPLSvc/1000 for added application com.nvidia.NvCPLSvc
12-15 16:32:21.804  3709  3736 W ActivityManager: Slow operation: 311ms so far, now at startProcess: starting to update pids map
12-15 16:32:21.804  3709  3736 W ActivityManager: Slow operation: 311ms so far, now at startProcess: done updating pids map
12-15 16:32:21.804  3709  3736 W ActivityManager: Slow operation: 310ms so far, now at startProcess: asking zygote to start proc
12-15 16:32:21.810  3709  3728 D BluetoothManagerService: Sending BLE State Change: BLE_TURNING_ON > BLE_ON
12-15 16:32:21.836  3709  3709 W Looper  : Slow dispatch took 676ms main h=android.os.Handler c=com.android.server.hdmi.-$$Lambda$HdmiControlService$UDUaoEvDyy4HpU7CYvj9q-5NX80@c025560 m=0
12-15 16:32:21.839  3709  3709 W HdmiCecController: HDMI-CEC: onReceiveCommand: <System Audio Mode Status> 5B:7E:01
12-15 16:32:21.839  3709  3709 W HDMI    : [1]:Unhandled cec command:<System Audio Mode Status> 5B:7E:01
12-15 16:32:21.845  3709  3736 W ActivityManager: Slow operation: 350ms so far, now at startProcess: returned from zygote!
12-15 16:32:21.851  3709  3709 W HDMI    : [1]:Unhandled cec command:<Report Power Status> 0B:90:00
12-15 16:32:21.860  3709  3736 W ActivityManager: Slow operation: 365ms so far, now at startProcess: done updating battery stats
12-15 16:32:21.860  3709  3736 W ActivityManager: Slow operation: 366ms so far, now at startProcess: building log message
12-15 16:32:21.860  3709  3736 I ActivityManager: Start proc 4635:com.nvidia.wifi.countrycode/1000 for added application com.nvidia.wifi.countrycode
12-15 16:32:21.860  3709  3736 W ActivityManager: Slow operation: 366ms so far, now at startProcess: starting to update pids map
12-15 16:32:21.860  3709  3736 W ActivityManager: Slow operation: 366ms so far, now at startProcess: done updating pids map
12-15 16:32:21.860  3709  3736 W ActivityManager: Slow operation: 366ms so far, now at startProcess: asking zygote to start proc
12-15 16:32:21.863  3709  3709 D CompatibilityChangeReporter: Compat change id reported: 135634846; UID 10009; state: DISABLED
12-15 16:32:21.863  3709  3709 D PackageWatchdog: Getting all observed packages pending health checks
12-15 16:32:21.863  3709  3709 I PackageWatchdog: Syncing health check requests for packages: {}
12-15 16:32:21.863  3709  3709 D ExplicitHealthCheckController: Getting health check supported packages
12-15 16:32:21.867  3709  4194 I ExplicitHealthCheckController: Explicit health check supported packages []
12-15 16:32:21.867  3709  4194 D PackageWatchdog: Received supported packages []
12-15 16:32:21.867  3709  4194 D ExplicitHealthCheckController: Getting health check requested packages
12-15 16:32:21.869  3709  4194 I ExplicitHealthCheckController: Explicit health check requested packages []
12-15 16:32:21.869  3709  4194 I ExplicitHealthCheckController: No more health check requests, unbinding...
12-15 16:32:21.871  3709  4194 I ExplicitHealthCheckController: Explicit health check service is unbound
12-15 16:32:21.883  3709  3736 W ActivityManager: Slow operation: 388ms so far, now at startProcess: returned from zygote!
12-15 16:32:21.890  3709  3736 W ActivityManager: Slow operation: 395ms so far, now at startProcess: done updating battery stats
12-15 16:32:21.890  3709  3736 W ActivityManager: Slow operation: 395ms so far, now at startProcess: building log message
12-15 16:32:21.890  3709  3736 I ActivityManager: Start proc 4659:com.nvidia.shield.remote.server/u0a40 for added application com.nvidia.shield.remote.server
12-15 16:32:21.890  3709  3736 W ActivityManager: Slow operation: 395ms so far, now at startProcess: starting to update pids map
12-15 16:32:21.890  3709  3736 W ActivityManager: Slow operation: 396ms so far, now at startProcess: done updating pids map
12-15 16:32:21.891  3709  3736 W ActivityManager: Slow operation: 389ms so far, now at startProcess: asking zygote to start proc
12-15 16:32:21.905  3709  3736 W ActivityManager: Slow operation: 404ms so far, now at startProcess: returned from zygote!
12-15 16:32:21.909  3709  3736 W ActivityManager: Slow operation: 407ms so far, now at startProcess: done updating battery stats
12-15 16:32:21.909  3709  3736 W ActivityManager: Slow operation: 407ms so far, now at startProcess: building log message
12-15 16:32:21.909  3709  3736 I ActivityManager: Start proc 4681:com.nvidia.irtuner/1000 for added application com.nvidia.irtuner
12-15 16:32:21.909  3709  3736 W ActivityManager: Slow operation: 407ms so far, now at startProcess: starting to update pids map
12-15 16:32:21.909  3709  3736 W ActivityManager: Slow operation: 407ms so far, now at startProcess: done updating pids map
12-15 16:32:21.909  3709  3736 W ActivityManager: Slow operation: 407ms so far, now at startProcess: asking zygote to start proc
12-15 16:32:21.920  3709  3866 D BackupManagerService: user:0 readBackupEnableState enabled:false
12-15 16:32:21.920  3709  3866 I BackupManagerService: [UserID:0] Backup enabled => false
12-15 16:32:21.921  3709  3866 D BackupManagerService: user:0 writeBackupEnableState enable:false
12-15 16:32:21.934  3709  3736 W ActivityManager: Slow operation: 432ms so far, now at startProcess: returned from zygote!
12-15 16:32:21.946  3709  3736 W ActivityManager: Slow operation: 445ms so far, now at startProcess: done updating battery stats
12-15 16:32:21.946  3709  3736 W ActivityManager: Slow operation: 445ms so far, now at startProcess: building log message
12-15 16:32:21.946  3709  3736 I ActivityManager: Start proc 4697:com.nvidia.shieldservice/1000 for added application com.nvidia.shieldservice
12-15 16:32:21.946  3709  3736 W ActivityManager: Slow operation: 445ms so far, now at startProcess: starting to update pids map
12-15 16:32:21.947  3709  3736 W ActivityManager: Slow operation: 446ms so far, now at startProcess: done updating pids map
12-15 16:32:21.948  3709  3736 W ActivityManager: Slow operation: 445ms so far, now at startProcess: asking zygote to start proc
12-15 16:32:21.964  3709  3871 W HdmiCecController: HDMI-CEC: New logical address for device: type:4, preferred addr:11, assigned addr:11
12-15 16:32:21.969  3709  3736 W ActivityManager: Slow operation: 466ms so far, now at startProcess: returned from zygote!
12-15 16:32:21.969  3709  3736 W ActivityManager: Slow operation: 467ms so far, now at startProcess: done updating battery stats
12-15 16:32:21.969  3709  3736 W ActivityManager: Slow operation: 467ms so far, now at startProcess: building log message
12-15 16:32:21.969  3709  3736 I ActivityManager: Start proc 4713:com.nvidia.osc/u0a49 for added application com.nvidia.osc
12-15 16:32:21.969  3709  3736 W ActivityManager: Slow operation: 467ms so far, now at startProcess: starting to update pids map
12-15 16:32:21.977  3709  3736 W ActivityManager: Slow operation: 475ms so far, now at startProcess: done updating pids map
12-15 16:32:21.979  3709  3736 W ActivityManager: Slow operation: 475ms so far, now at startProcess: asking zygote to start proc
12-15 16:32:22.004  3709  3709 W Looper  : Slow dispatch took 130ms main h=android.os.Handler c=null m=5000
12-15 16:32:22.004  3709  3709 I NotificationHistory: Attempted to unlock gone/disabled user 0
12-15 16:32:22.014  3709  3709 D BluetoothManagerService: Bluetooth Adapter address changed to 48:B0:2D:EF:8F:10
12-15 16:32:22.015  3709  3709 D BluetoothManagerService: Stored Bluetoothaddress: 48:B0:2D:EF:8F:10
12-15 16:32:22.015  3709  3709 D BluetoothManagerService: Bluetooth Adapter name changed to SHIELD
12-15 16:32:22.015  3709  3709 D BluetoothManagerService: Stored Bluetooth name: SHIELD
12-15 16:32:22.046  3709  3736 W ActivityManager: Slow operation: 543ms so far, now at startProcess: returned from zygote!
12-15 16:32:22.048  3709  3736 W ActivityManager: Slow operation: 544ms so far, now at startProcess: done updating battery stats
12-15 16:32:22.048  3709  3736 W ActivityManager: Slow operation: 544ms so far, now at startProcess: building log message
12-15 16:32:22.048  3709  3736 I ActivityManager: Start proc 4752:com.nvidia.app.messaging/u0a58 for added application com.nvidia.app.messaging
12-15 16:32:22.048  3709  3736 W ActivityManager: Slow operation: 545ms so far, now at startProcess: starting to update pids map
12-15 16:32:22.049  3709  3736 W ActivityManager: Slow operation: 546ms so far, now at startProcess: done updating pids map
12-15 16:32:22.049  3709  3736 W ActivityManager: Slow operation: 545ms so far, now at startProcess: asking zygote to start proc
12-15 16:32:22.054  3709  4575 D CompatibilityChangeReporter: Compat change id reported: 135634846; UID 10012; state: DISABLED
12-15 16:32:22.066  3709  3709 V NotificationAssistants: disabling notification assistant for user 0: ComponentInfo{com.google.android.ext.services/android.ext.services.notification.Assistant}
12-15 16:32:22.066  3709  3709 D NotificationListeners: Removing active service ComponentInfo{com.google.android.ext.services/android.ext.services.notification.Assistant}
12-15 16:32:22.069  3709  3734 D CompatibilityChangeReporter: Compat change id reported: 135634846; UID 1000; state: DISABLED
12-15 16:32:22.072  3709  3709 V NotificationAssistants: enabling notification assistant for 0: ComponentInfo{com.google.android.ext.services/android.ext.services.notification.Assistant}
12-15 16:32:22.072  3709  3709 V NotificationAssistants: binding: Intent { act=android.service.notification.NotificationAssistantService cmp=com.google.android.ext.services/android.ext.services.notification.Assistant (has extras) }
12-15 16:32:22.084  3709  3709 V NotificationListeners: enabling notification listener for 0: ComponentInfo{com.google.android.tvrecommendations/com.google.android.tvrecommendations.NotificationsService}
12-15 16:32:22.084  3709  3736 W ActivityManager: Slow operation: 580ms so far, now at startProcess: returned from zygote!
12-15 16:32:22.085  3709  3709 V NotificationListeners: binding: Intent { act=android.service.notification.NotificationListenerService cmp=com.google.android.tvrecommendations/.NotificationsService (has extras) }
12-15 16:32:22.085  3709  3736 W ActivityManager: Slow operation: 581ms so far, now at startProcess: done updating battery stats
12-15 16:32:22.085  3709  3736 W ActivityManager: Slow operation: 581ms so far, now at startProcess: building log message
12-15 16:32:22.085  3709  3736 I ActivityManager: Start proc 4770:com.nvidia.nvgamecast/1000 for added application com.nvidia.nvgamecast
12-15 16:32:22.085  3709  3736 W ActivityManager: Slow operation: 581ms so far, now at startProcess: starting to update pids map
12-15 16:32:22.086  3709  3736 W ActivityManager: Slow operation: 581ms so far, now at startProcess: done updating pids map
12-15 16:32:22.086  3709  3736 W ActivityManager: Slow operation: 578ms so far, now at startProcess: asking zygote to start proc
12-15 16:32:22.087  3709  3736 D CompatibilityChangeReporter: Compat change id reported: 143937733; UID 10110; state: ENABLED
12-15 16:32:22.099  3709  3709 D CompatibilityChangeReporter: Compat change id reported: 135634846; UID 10019; state: DISABLED
12-15 16:32:22.117  3709  3736 W ActivityManager: Slow operation: 610ms so far, now at startProcess: returned from zygote!
12-15 16:32:22.120  3709  3736 W ActivityManager: Slow operation: 612ms so far, now at startProcess: done updating battery stats
12-15 16:32:22.120  3709  3736 I Watchdog: Interesting Java process com.android.providers.media.module started. Pid 4793
12-15 16:32:22.120  3709  3736 W ActivityManager: Slow operation: 612ms so far, now at startProcess: building log message
12-15 16:32:22.120  3709  3736 I ActivityManager: Start proc 4793:com.android.providers.media.module/u0a110 for service {com.android.providers.media.module/com.android.providers.media.fuse.ExternalStorageServiceImpl}
12-15 16:32:22.120  3709  3736 W ActivityManager: Slow operation: 612ms so far, now at startProcess: starting to update pids map
12-15 16:32:22.120  3709  3736 W ActivityManager: Slow operation: 613ms so far, now at startProcess: done updating pids map
12-15 16:32:22.120  3709  3736 W ActivityManager: Slow operation: 454ms so far, now at startProcess: asking zygote to start proc
12-15 16:32:22.120  3709  3736 D CompatibilityChangeReporter: Compat change id reported: 143937733; UID 10025; state: ENABLED
12-15 16:32:22.126  3709  3855 W WindowManager: Permission Denial: addWindowTokenWithOptions from pid=4473, uid=10004 requires android.permission.STATUS_BAR_SERVICE
12-15 16:32:22.130  3709  3855 W WindowManager: Permission Denial: addWindowToken() from pid=4473, uid=10004 requires android.permission.MANAGE_APP_TOKENS
12-15 16:32:22.154  3709  4471 V BackupManagerConstants: getKeyValueBackupIntervalMilliseconds(...) returns 14400000
12-15 16:32:22.154  3709  4471 V BackupManagerConstants: getKeyValueBackupFuzzMilliseconds(...) returns 600000
12-15 16:32:22.154  3709  4471 V BackupManagerConstants: getKeyValueBackupRequiredNetworkType(...) returns 1
12-15 16:32:22.154  3709  4471 V BackupManagerConstants: getKeyValueBackupRequireCharging(...) returns true
12-15 16:32:22.154  3709  4471 V KeyValueBackupJob: Scheduling k/v pass in 246 minutes
12-15 16:32:22.155  3709  3840 D ConnectivityService: Got NetworkProvider Messenger for WifiNetworkFactory
12-15 16:32:22.155  3709  3840 D ConnectivityService: Got NetworkProvider Messenger for UntrustedWifiNetworkFactory
12-15 16:32:22.169  3709  3736 W ActivityManager: Slow operation: 503ms so far, now at startProcess: returned from zygote!
12-15 16:32:22.172  3709  3736 W ActivityManager: Slow operation: 506ms so far, now at startProcess: done updating battery stats
12-15 16:32:22.172  3709  3736 W ActivityManager: Slow operation: 506ms so far, now at startProcess: building log message
12-15 16:32:22.172  3709  3736 I ActivityManager: Start proc 4822:com.spocky.projengmenu/u0a25 for top-activity {com.spocky.projengmenu/com.spocky.projengmenu.ui.home.MainActivity}
12-15 16:32:22.172  3709  3736 W ActivityManager: Slow operation: 506ms so far, now at startProcess: starting to update pids map
12-15 16:32:22.173  3709  3736 W ActivityManager: Slow operation: 506ms so far, now at startProcess: done updating pids map
12-15 16:32:22.173  3709  3736 W ActivityManager: Slow operation: 460ms so far, now at startProcess: asking zygote to start proc
12-15 16:32:22.173  3709  3736 D CompatibilityChangeReporter: Compat change id reported: 143937733; UID 10005; state: ENABLED
12-15 16:32:22.177  3709  3927 I SyncManager: Loaded persisted syncs: 7 periodic syncs, 0 oneshot syncs, 23 total system server jobs, JobStats: FirstLoad: 15/8/7 LastSave: -1/-1/-1
12-15 16:32:22.199  3709  3709 I HdmiCecLocalDevicePlayback: queryDisplayStatus already in progress
12-15 16:32:22.199  3709  3709 W HdmiCecLocalDevicePlayback: HDMI-CEC: onAddressAllocated reason: INITIATED_BY_SCREEN_ON
12-15 16:32:22.201  3709  3709 E NV-HDMI-CEC: Exception: java.io.FileNotFoundException: /sys/firmware/devicetree/base/tnspec/tnspec: open failed: EACCES (Permission denied)
12-15 16:32:22.201  3709  3709 I HdmiCecLocalDevice: Starting queued action:com.android.server.hdmi.OneTouchPlayAction@30d46ab
12-15 16:32:22.201  3709  3709 W OneTouchPlayAction: HDMI-CEC: start OneTouchPlay action ...
12-15 16:32:22.202  3709  3709 W HdmiCecLocalDevicePlayback: HDMI-CEC: setIsActiveSource true
12-15 16:32:22.213  3709  3736 W ActivityManager: Slow operation: 501ms so far, now at startProcess: returned from zygote!
12-15 16:32:22.255  3709  3736 W ActivityManager: Slow operation: 542ms so far, now at startProcess: done updating battery stats
12-15 16:32:22.255  3709  3736 W ActivityManager: Slow operation: 542ms so far, now at startProcess: building log message
12-15 16:32:22.255  3709  3736 I ActivityManager: Start proc 4844:com.google.process.gservices/u0a5 for content provider {com.google.android.gsf/com.google.android.gsf.gservices.GservicesProvider}
12-15 16:32:22.255  3709  3736 W ActivityManager: Slow operation: 542ms so far, now at startProcess: starting to update pids map
12-15 16:32:22.255  3709  3736 W ActivityManager: Slow operation: 542ms so far, now at startProcess: done updating pids map
12-15 16:32:22.255  3709  3736 W ActivityManager: Slow operation: 393ms so far, now at startProcess: asking zygote to start proc
12-15 16:32:22.255  3709  3736 D CompatibilityChangeReporter: Compat change id reported: 143937733; UID 10009; state: ENABLED
12-15 16:32:22.284  3709  3736 W ActivityManager: Slow operation: 422ms so far, now at startProcess: returned from zygote!
12-15 16:32:22.288  3709  3736 W ActivityManager: Slow operation: 426ms so far, now at startProcess: done updating battery stats
12-15 16:32:22.289  3709  3736 W ActivityManager: Slow operation: 426ms so far, now at startProcess: building log message
12-15 16:32:22.289  3709  3736 I ActivityManager: Start proc 4874:com.google.android.apps.mediashell/u0a9 for service {com.google.android.apps.mediashell/com.google.android.apps.mediashell.mediarouter.MediashellMediaRouteProviderService}
12-15 16:32:22.289  3709  3736 W ActivityManager: Slow operation: 426ms so far, now at startProcess: starting to update pids map
12-15 16:32:22.291  3709  3736 W ActivityManager: Slow operation: 428ms so far, now at startProcess: done updating pids map
12-15 16:32:22.291  3709  3736 W ActivityManager: Slow operation: 237ms so far, now at startProcess: asking zygote to start proc
12-15 16:32:22.291  3709  3736 D CompatibilityChangeReporter: Compat change id reported: 143937733; UID 10012; state: ENABLED
12-15 16:32:22.335  3709  3709 W HdmiCecLocalDevicePlayback: HDMI-CEC: setIsActiveSource true
12-15 16:32:22.338  3709  3736 W ActivityManager: Slow operation: 276ms so far, now at startProcess: returned from zygote!
12-15 16:32:22.342  3709  3736 W ActivityManager: Slow operation: 288ms so far, now at startProcess: done updating battery stats
12-15 16:32:22.342  3709  3736 W ActivityManager: Slow operation: 288ms so far, now at startProcess: building log message
12-15 16:32:22.342  3709  3736 I ActivityManager: Start proc 4894:android.process.acore/u0a12 for content provider {com.android.providers.userdictionary/com.android.providers.userdictionary.UserDictionaryProvider}
12-15 16:32:22.342  3709  3736 W ActivityManager: Slow operation: 288ms so far, now at startProcess: starting to update pids map
12-15 16:32:22.343  3709  3736 W ActivityManager: Slow operation: 289ms so far, now at startProcess: done updating pids map
12-15 16:32:22.349  3709  3736 W ActivityManager: Slow operation: 274ms so far, now at startProcess: asking zygote to start proc
12-15 16:32:22.351  3709  3709 W OneTouchPlayAction: HDMI-CEC: query device power status: mPowerStatusCounter = 0
12-15 16:32:22.351  3709  3709 W HdmiCecLocalDevicePlayback: HDMI-CEC: oneTouchPlay already in progress!
12-15 16:32:22.357  3709  3709 W Looper  : Slow dispatch took 161ms main h=android.os.Handler c=com.android.server.hdmi.HdmiCecController$4@8bd82cb m=0
12-15 16:32:22.410  3709  3709 I AS.AudioService: volume level changed in CEC/FIXED mode index:70 oldIndex:70 caller:HdmiPlaybackClient.DisplayStatusCallback
12-15 16:32:22.411  3709  3736 W ActivityManager: Slow operation: 342ms so far, now at startProcess: returned from zygote!
12-15 16:32:22.411  3709  3736 W ActivityManager: Slow operation: 343ms so far, now at startProcess: done updating battery stats
12-15 16:32:22.414  3709  3736 W ActivityManager: Slow operation: 345ms so far, now at startProcess: building log message
12-15 16:32:22.414  3709  3736 I ActivityManager: Start proc 4923:com.android.keychain/1000 for service {com.android.keychain/com.android.keychain.KeyChainService}
12-15 16:32:22.414  3709  3736 W ActivityManager: Slow operation: 345ms so far, now at startProcess: starting to update pids map
12-15 16:32:22.414  3709  3736 W ActivityManager: Slow operation: 346ms so far, now at startProcess: done updating pids map
12-15 16:32:22.414  3709  3736 W ActivityManager: Slow operation: 316ms so far, now at startProcess: asking zygote to start proc
12-15 16:32:22.415  3709  3736 D CompatibilityChangeReporter: Compat change id reported: 143937733; UID 10019; state: ENABLED
12-15 16:32:22.456  3709  4328 W BroadcastQueue: Background execution not allowed: receiving Intent { act=android.intent.action.DROPBOX_ENTRY_ADDED flg=0x10 (has extras) } to com.google.android.gms/.stats.service.DropBoxEntryAddedReceiver
12-15 16:32:22.458  3709  3735 W BroadcastQueue: Background execution not allowed: receiving Intent { act=android.intent.action.DROPBOX_ENTRY_ADDED flg=0x10 (has extras) } to com.nvidia.stats/.CollectionsReceiver
12-15 16:32:22.458  3709  3735 W BroadcastQueue: Background execution not allowed: receiving Intent { act=android.intent.action.DROPBOX_ENTRY_ADDED flg=0x10 (has extras) } to com.google.android.gms/.stats.service.DropBoxEntryAddedReceiver
12-15 16:32:22.459  3709  3735 W BroadcastQueue: Background execution not allowed: receiving Intent { act=android.intent.action.DROPBOX_ENTRY_ADDED flg=0x10 (has extras) } to com.nvidia.stats/.CollectionsReceiver
12-15 16:32:22.511  3709  3709 I AS.AudioService: volume level changed in CEC/FIXED mode index:70 oldIndex:70 caller:HdmiPlaybackClient.DisplayStatusCallback
12-15 16:32:22.576  3709  3736 W ActivityManager: Slow operation: 477ms so far, now at startProcess: returned from zygote!
12-15 16:32:22.576  3709  3736 W ActivityManager: Slow operation: 478ms so far, now at startProcess: done updating battery stats
12-15 16:32:22.576  3709  3736 W ActivityManager: Slow operation: 478ms so far, now at startProcess: building log message
12-15 16:32:22.576  3709  3736 I ActivityManager: Start proc 4962:com.google.android.tvrecommendations/u0a19 for service {com.google.android.tvrecommendations/com.google.android.tvrecommendations.NotificationsService}
12-15 16:32:22.576  3709  3736 W ActivityManager: Slow operation: 478ms so far, now at startProcess: starting to update pids map
12-15 16:32:22.577  3709  3736 W ActivityManager: Slow operation: 478ms so far, now at startProcess: done updating pids map
12-15 16:32:22.577  3709  3736 W ActivityManager: Slow operation: 458ms so far, now at startProcess: asking zygote to start proc
12-15 16:32:22.577  3709  3736 D CompatibilityChangeReporter: Compat change id reported: 143937733; UID 10005; state: ENABLED
12-15 16:32:22.589  3709  3709 I AS.AudioService: volume level changed in CEC/FIXED mode index:70 oldIndex:70 caller:HdmiPlaybackClient.DisplayStatusCallback
12-15 16:32:22.604  3709  4194 D CountryDetector: The first listener is added
12-15 16:32:22.608  4894  4894 D ActivityThread: Loading provider contacts;com.android.contacts: com.android.providers.contacts.ContactsProvider2
12-15 16:32:22.621  3709  3709 W Looper  : Slow dispatch took 255ms main h=com.android.server.hdmi.HdmiCecFeatureAction$ActionTimerHandler c=null m=100
12-15 16:32:22.621  3709  3709 V NotificationAssistants: 0 notification assistant service connected: ComponentInfo{com.google.android.ext.services/android.ext.services.notification.Assistant}
12-15 16:32:22.623  3709  3709 D NotificationService: 0|com.google.android.tv.remote.service|8765|null|10032: granting content://settings/system/notification_sound
12-15 16:32:22.624  3709  3709 D NotificationService: 0|com.google.android.tv.remote.service|8765|null|10032: granting content://settings/system/notification_sound
12-15 16:32:22.626  3709  3709 W NotificationHistory: Attempted to add notif for locked/gone/disabled user 0
12-15 16:32:22.640  3901  3901 W ContextImpl: Calling a method in the system process without a qualified user: android.app.ContextImpl.bindService:1769 android.content.ContextWrapper.bindService:756 com.nvidia.shieldtech.accessories.AccessoryManager.bindService:287 com.nvidia.shieldtech.accessories.AccessoryManager.connect:134 com.nvidia.shieldtech.accessories.AccessoryManager.connect:127 
12-15 16:32:22.659  3709  3736 W ActivityManager: Slow operation: 540ms so far, now at startProcess: returned from zygote!
12-15 16:32:22.659  3709  3736 W ActivityManager: Slow operation: 540ms so far, now at startProcess: done updating battery stats
12-15 16:32:22.659  3709  3736 W ActivityManager: Slow operation: 541ms so far, now at startProcess: building log message
12-15 16:32:22.659  3709  3736 I ActivityManager: Start proc 4996:com.google.android.gms/u0a5 for service {com.google.android.gms/com.google.android.gms.chimera.GmsBoundBrokerService}
12-15 16:32:22.659  3709  3736 W ActivityManager: Slow operation: 541ms so far, now at startProcess: starting to update pids map
12-15 16:32:22.659  3709  3736 W ActivityManager: Slow operation: 541ms so far, now at startProcess: done updating pids map
12-15 16:32:22.693  3709  4573 W StorageManagerService: Reporting emulated;0 unmounted due to system locked
12-15 16:32:22.729  3709  4573 D CompatibilityChangeReporter: Compat change id reported: 135634846; UID 10005; state: DISABLED
12-15 16:32:22.730  3709  3736 D CompatibilityChangeReporter: Compat change id reported: 143937733; UID 10005; state: ENABLED
12-15 16:32:22.746  3709  3736 I ActivityManager: Start proc 5031:com.google.process.gapps/u0a5 for content provider {com.google.android.gsf/com.google.android.gsf.settings.GoogleSettingsProvider}
12-15 16:32:22.758  3709  3871 W HdmiCecController: HDMI-CEC: sendMessage: <System Audio Mode Request> B5:70:20:00
12-15 16:32:22.809  3709  4214 D CompatibilityChangeReporter: Compat change id reported: 135634846; UID 10016; state: DISABLED
12-15 16:32:22.809  3709  3736 D CompatibilityChangeReporter: Compat change id reported: 143937733; UID 10016; state: ENABLED
12-15 16:32:22.841  3709  4214 D CompatibilityChangeReporter: Compat change id reported: 135634846; UID 10072; state: DISABLED
12-15 16:32:22.936  3709  3736 W ActivityManager: Slow operation: 128ms so far, now at startProcess: returned from zygote!
12-15 16:32:22.936  3709  3736 W ActivityManager: Slow operation: 129ms so far, now at startProcess: done updating battery stats
12-15 16:32:22.936  3709  3736 W ActivityManager: Slow operation: 129ms so far, now at startProcess: building log message
12-15 16:32:22.936  3709  3736 I ActivityManager: Start proc 5081:com.android.vending/u0a16 for service {com.android.vending/com.google.android.finsky.billing.iab.InAppBillingService}
12-15 16:32:22.936  3709  3736 W ActivityManager: Slow operation: 129ms so far, now at startProcess: starting to update pids map
12-15 16:32:22.937  3709  3736 W ActivityManager: Slow operation: 129ms so far, now at startProcess: done updating pids map
12-15 16:32:22.937  3709  3736 W ActivityManager: Slow operation: 96ms so far, now at startProcess: asking zygote to start proc
12-15 16:32:22.937  3709  3736 D CompatibilityChangeReporter: Compat change id reported: 143937733; UID 10072; state: ENABLED
12-15 16:32:22.963  3709  3871 W HdmiCecController: HDMI-CEC: sendMessage: <Text View On> B0:0D
12-15 16:32:22.963  3709  3709 W Looper  : Slow dispatch took 205ms main h=android.os.Handler c=com.android.server.hdmi.HdmiControlService$4@451d151 m=0
12-15 16:32:22.964  3709  3709 I StorageUserConnection: Service: [ComponentInfo{com.android.providers.media.module/com.android.providers.media.fuse.ExternalStorageServiceImpl}] connected. User [0]
12-15 16:32:22.974  3709  3736 W ActivityManager: Slow operation: 134ms so far, now at startProcess: returned from zygote!
12-15 16:32:22.981  3709  4573 D CompatibilityChangeReporter: Compat change id reported: 136274596; UID 10025; state: ENABLED
12-15 16:32:22.989  3709  3736 W ActivityManager: Slow operation: 148ms so far, now at startProcess: done updating battery stats
12-15 16:32:22.989  3709  3736 W ActivityManager: Slow operation: 148ms so far, now at startProcess: building log message
12-15 16:32:22.989  3709  3736 I ActivityManager: Start proc 5103:com.nvidia.shield.nvcustomize/u0a72 for content provider {com.nvidia.shield.nvcustomize/com.nvidia.shield.nvcustomize.ConfigurationProvider}
12-15 16:32:22.989  3709  3736 W ActivityManager: Slow operation: 148ms so far, now at startProcess: starting to update pids map
12-15 16:32:22.989  3709  3736 W ActivityManager: Slow operation: 148ms so far, now at startProcess: done updating pids map
12-15 16:32:23.124  3709  4194 W ActivityManager: Unable to start service Intent { act=com.google.android.gms.wearable.BIND pkg=com.google.android.gms } U=0: not found
12-15 16:32:23.128  3709  3709 W Looper  : Slow dispatch took 135ms main h=android.os.Handler c=com.android.server.hdmi.HdmiControlService$4@bac14b4 m=0
12-15 16:32:23.129  3709  3709 W HdmiCecController: HDMI-CEC: onReceiveCommand: <System Audio Mode Status> 5B:7E:01
12-15 16:32:23.129  3709  3709 W HdmiCecLocalDevicePlayback: HDMI-CEC: AudioModeStatus setSystemAudioMode true
12-15 16:32:23.130  3709  3709 D BluetoothManagerService: BluetoothServiceConnection: com.android.bluetooth.gatt.GattService
12-15 16:32:23.131  3709  3728 D BluetoothManagerService: MESSAGE_BLUETOOTH_SERVICE_CONNECTED: 2
12-15 16:32:23.131  3709  3728 D BluetoothManagerService: continueFromBleOnState()
12-15 16:32:23.134  3709  3728 D BluetoothManagerService: Persisting Bluetooth Setting: 1
12-15 16:32:23.136  3709  3728 D BluetoothManagerService: MESSAGE_BLUETOOTH_STATE_CHANGE: BLE_ON > TURNING_ON
12-15 16:32:23.136  3709  3728 D BluetoothManagerService: Sending BLE State Change: BLE_ON > TURNING_ON
12-15 16:32:23.153  3709  3709 W HdmiCecController: HDMI-CEC: onReceiveCommand: <Set System Audio Mode> 5F:72:01
12-15 16:32:23.155  3709  3709 W Looper  : Drained
12-15 16:32:23.156  3709  3842 D NsdService: mdnssd [start-service]
12-15 16:32:23.157  3709  3842 E NsdService: Failed to execute mdnssd [start-service]
12-15 16:32:23.157  3709  3842 E NsdService: com.android.server.NativeDaemonConnector$NativeDaemonFailureException: command '1 mdnssd start-service' failed with '402 1 Service already running'
12-15 16:32:23.157  3709  3842 E NsdService: 	at com.android.server.NativeDaemonConnector.executeForList(NativeDaemonConnector.java:516)
12-15 16:32:23.157  3709  3842 E NsdService: 	at com.android.server.NativeDaemonConnector.execute(NativeDaemonConnector.java:412)
12-15 16:32:23.157  3709  3842 E NsdService: 	at com.android.server.NativeDaemonConnector.execute(NativeDaemonConnector.java:407)
12-15 16:32:23.157  3709  3842 E NsdService: 	at com.android.server.NsdService$DaemonConnection.execute(NsdService.java:710)
12-15 16:32:23.157  3709  3842 E NsdService: 	at com.android.server.NsdService$DaemonConnection.start(NsdService.java:719)
12-15 16:32:23.157  3709  3842 E NsdService: 	at com.android.server.NsdService$NsdStateMachine$EnabledState.processMessage(NsdService.java:257)
12-15 16:32:23.157  3709  3842 E NsdService: 	at com.android.internal.util.StateMachine$SmHandler.processMsg(StateMachine.java:992)
12-15 16:32:23.157  3709  3842 E NsdService: 	at com.android.internal.util.StateMachine$SmHandler.handleMessage(StateMachine.java:809)
12-15 16:32:23.157  3709  3842 E NsdService: 	at android.os.Handler.dispatchMessage(Handler.java:106)
12-15 16:32:23.157  3709  3842 E NsdService: 	at android.os.Looper.loop(Looper.java:223)
12-15 16:32:23.157  3709  3842 E NsdService: 	at android.os.HandlerThread.run(HandlerThread.java:67)
12-15 16:32:23.157  3709  3842 D NsdService: New client listening to asynchronous messages
12-15 16:32:23.158  3709  3842 D NsdService: New client, channel: com.android.internal.util.AsyncChannel@95a7b38 messenger: android.os.Messenger@261b711
12-15 16:32:23.161  3709  4575 W ActivityManager: Unbind failed: could not find connection for android.os.BinderProxy@119b34d
12-15 16:32:23.170  3709  3842 D NsdService: Register service
12-15 16:32:23.170  3709  3842 D NsdService: registerService: 2 name: SHIELD, type: _androidtvremote2._tcp., host: null, port: 6466, txtRecord: bt=48:B0:2D:EF:8F:10
12-15 16:32:23.170  3709  3842 D NsdService: mdnssd [register, 2, SHIELD, _androidtvremote2._tcp., 6466, FGJ0PTQ4OkIwOjJEOkVGOjhGOjEw]
12-15 16:32:23.177  3709  3842 D NsdService: Register 2 2
12-15 16:32:23.181  3709  5143 I DropBoxManagerService: add tag=SYSTEM_BOOT isTagEnabled=true flags=0x2
12-15 16:32:23.186  3709  4575 D CompatibilityChangeReporter: Compat change id reported: 135634846; UID 10041; state: DISABLED
12-15 16:32:23.187  3709  3736 D CompatibilityChangeReporter: Compat change id reported: 143937733; UID 10041; state: DISABLED
12-15 16:32:23.196  3709  5143 I BootReceiver: Copying audit failures to DropBox
12-15 16:32:23.197  3709  5143 I BootReceiver: Checking for fsck errors
12-15 16:32:23.198  3709  5143 I BootReceiver: fs_stat, partition:CAC stat:0xb
12-15 16:32:23.198  3709  5143 I BootReceiver: fs_stat, partition:UDA stat:0xb
12-15 16:32:23.198  3709  5143 I BootReceiver: fs_stat, partition:RP3 stat:0x4b
12-15 16:32:23.216  3709  4575 D ConnectivityService: requestNetwork for uid/pid:10025/4822 NetworkRequest [ TRACK_DEFAULT id=14, [ Capabilities: INTERNET&NOT_RESTRICTED&TRUSTED Uid: 10025 AdministratorUids: [] RequestorUid: 10025 RequestorPackageName: com.spocky.projengmenu] ]
12-15 16:32:23.216  3709  3840 D ConnectivityService: NetReassign [no changes]
12-15 16:32:23.220  3709  3736 I ActivityManager: Start proc 5152:com.nvidia.shield.ask/u0a41 for broadcast {com.nvidia.shield.ask/com.nvidia.shield.control.StateMonitor}
12-15 16:32:23.259  3709  5143 D CompatibilityChangeReporter: Compat change id reported: 135634846; UID 10003; state: DISABLED
12-15 16:32:23.259  3709  3736 D CompatibilityChangeReporter: Compat change id reported: 143937733; UID 10003; state: ENABLED
12-15 16:32:23.293  3709  3709 W HdmiCecController: HDMI-CEC: onReceiveCommand: <Active Source> BF:82:20:00
12-15 16:32:23.325  3709  3736 W ActivityManager: Slow operation: 67ms so far, now at startProcess: returned from zygote!
12-15 16:32:23.326  3709  3736 W ActivityManager: Slow operation: 67ms so far, now at startProcess: done updating battery stats
12-15 16:32:23.326  3709  3736 W ActivityManager: Slow operation: 67ms so far, now at startProcess: building log message
12-15 16:32:23.326  3709  3736 I ActivityManager: Start proc 5187:android.process.media/u0a3 for content provider {com.android.providers.downloads/com.android.providers.downloads.DownloadProvider}
12-15 16:32:23.326  3709  3736 W ActivityManager: Slow operation: 67ms so far, now at startProcess: starting to update pids map
12-15 16:32:23.326  3709  3736 W ActivityManager: Slow operation: 67ms so far, now at startProcess: done updating pids map
12-15 16:32:23.345  3709  3855 D CompatibilityChangeReporter: Compat change id reported: 135634846; UID 10271; state: DISABLED
12-15 16:32:23.352  3709  3736 D CompatibilityChangeReporter: Compat change id reported: 143937733; UID 10271; state: ENABLED
12-15 16:32:23.354  3709  4328 D CompatibilityChangeReporter: Compat change id reported: 135634846; UID 10051; state: DISABLED
12-15 16:32:23.390  3709  3728 D BluetoothManagerService: MESSAGE_BLUETOOTH_STATE_CHANGE: TURNING_ON > ON
12-15 16:32:23.390  3709  3728 D BluetoothManagerService: Broadcasting onBluetoothStateChange(true) to 4 receivers.
12-15 16:32:23.390  3709  3728 D BluetoothManagerService: Creating new ProfileServiceConnections object for profile: 1
12-15 16:32:23.391  3709  3728 E BluetoothManagerService: Fail to bind to: Intent { act=android.bluetooth.IBluetoothHeadset }
12-15 16:32:23.391  3709  3728 W BluetoothManagerService: Unable to bind with intent: Intent { act=android.bluetooth.IBluetoothHeadset }
12-15 16:32:23.391  3709  3728 D BluetoothManagerService: Sending BLE State Change: TURNING_ON > ON
12-15 16:32:23.393  3709  3736 I ActivityManager: Start proc 5205:com.risa.app/u0a271 for service {com.risa.app/com.risa.app.AutoMediaService}
12-15 16:32:23.393  3709  3736 D CompatibilityChangeReporter: Compat change id reported: 143937733; UID 10051; state: ENABLED
12-15 16:32:23.441  4521  4521 W ContextImpl: Calling a method in the system process without a qualified user: android.app.ContextImpl.sendBroadcast:1111 android.content.ContextWrapper.sendBroadcast:468 com.nvidia.bluetooth.ShieldBluetoothManager.ShieldBtInputDeviceProxy$1.onServiceConnected:121 android.bluetooth.BluetoothProfileConnector$2.onServiceConnected:60 android.app.LoadedApk$ServiceDispatcher.doConnected:1978 
12-15 16:32:23.479  3709  3736 W ActivityManager: Slow operation: 125ms so far, now at startProcess: returned from zygote!
12-15 16:32:23.520  3709  3736 W ActivityManager: Slow operation: 167ms so far, now at startProcess: done updating battery stats
12-15 16:32:23.520  3709  3736 W ActivityManager: Slow operation: 167ms so far, now at startProcess: building log message
12-15 16:32:23.520  3709  3736 I ActivityManager: Start proc 5237:com.alphainventor.filemanager/u0a51 for service {com.alphainventor.filemanager/com.example.android.uamp.MusicService}
12-15 16:32:23.520  3709  3736 W ActivityManager: Slow operation: 167ms so far, now at startProcess: starting to update pids map
12-15 16:32:23.523  3709  3736 W ActivityManager: Slow operation: 169ms so far, now at startProcess: done updating pids map
12-15 16:32:23.547  3709  4569 D CompatibilityChangeReporter: Compat change id reported: 136293963; UID 10025; state: ENABLED
12-15 16:32:23.580  3709  3723 I ActivityTaskManager: START u0 {act=android.intent.action.MAIN cat=[android.intent.category.LEANBACK_LAUNCHER] flg=0x10220000 pkg=com.spocky.projengmenu cmp=com.spocky.projengmenu/.ui.home.MainActivity (has extras)} from uid 10025
12-15 16:32:23.598  3709  4574 W ActivityManager: Unable to start service Intent { act=com.google.android.gms.time.trustedtime.service.START pkg=com.google.android.gms } U=0: not found
12-15 16:32:23.632  3709  4568 D CompatibilityChangeReporter: Compat change id reported: 135634846; UID 10035; state: DISABLED
12-15 16:32:23.632  3709  3736 D CompatibilityChangeReporter: Compat change id reported: 143937733; UID 10035; state: ENABLED
12-15 16:32:23.633  3709  5262 W ActivityManager: Unbind failed: could not find connection for android.os.BinderProxy@45297b4
12-15 16:32:23.642  3709  3724 D ConnectivityService: requestNetwork for uid/pid:10025/4822 NetworkRequest [ TRACK_DEFAULT id=15, [ Capabilities: INTERNET&NOT_RESTRICTED&TRUSTED Uid: 10025 AdministratorUids: [] RequestorUid: 10025 RequestorPackageName: com.spocky.projengmenu] ]
12-15 16:32:23.699  3709  3736 W ActivityManager: Slow operation: 68ms so far, now at startProcess: returned from zygote!
12-15 16:32:23.709  3709  3840 D ConnectivityService: releasing NetworkRequest [ TRACK_DEFAULT id=14, [ Capabilities: INTERNET&NOT_RESTRICTED&TRUSTED Uid: 10025 AdministratorUids: [] RequestorUid: 10025 RequestorPackageName: com.spocky.projengmenu] ] (release request)
12-15 16:32:23.709  3709  3840 D ConnectivityService: NetReassign [no changes]
12-15 16:32:23.710  3709  3709 W HdmiCecLocalDevicePlayback: HDMI-CEC: don't handle active source message <Active Source> BF:82:20:00, mAddress = 11, phyaddr = 0x2000, actions empty = false, timeSinceLastOtp = 3360
12-15 16:32:23.710  3709  3709 W Looper  : Slow dispatch took 417ms main h=android.os.Handler c=com.android.server.hdmi.-$$Lambda$HdmiCecController$HdmiCecCallback$-7fhWuVwUiBxScm6sqwHxovK41E@79f7902 m=0
12-15 16:32:23.710  3709  3709 W Looper  : Slow delivery took 417ms main h=android.os.Handler c=null m=1061
12-15 16:32:23.712  3709  3709 D NotificationService: 0|com.dolby.android.audio.service|1|null|10101: granting content://settings/system/notification_sound
12-15 16:32:23.712  3709  3709 D NotificationService: 0|com.dolby.android.audio.service|1|null|10101: granting content://settings/system/notification_sound
12-15 16:32:23.719  3709  3709 W NotificationHistory: Attempted to add notif for locked/gone/disabled user 0
12-15 16:32:23.726  3709  3709 W HDMI    : [1]:Unhandled cec command:<Feature Abort> 0B:00:8E:00
12-15 16:32:23.727  3709  3709 W Looper  : Drained
12-15 16:32:23.731  3709  4574 W ActivityManager: Slow operation: 82ms so far, now at getContentProviderImpl: after updateOomAdj
12-15 16:32:23.731  3709  4574 W ActivityManager: Slow operation: 82ms so far, now at getContentProviderImpl: done!
12-15 16:32:23.739  3709  3736 W ActivityManager: Slow operation: 107ms so far, now at startProcess: done updating battery stats
12-15 16:32:23.739  3709  3736 W ActivityManager: Slow operation: 107ms so far, now at startProcess: building log message
12-15 16:32:23.739  3709  3736 I ActivityManager: Start proc 5295:com.android.providers.tv/u0a35 for content provider {com.android.providers.tv/com.android.providers.tv.TvProvider}
12-15 16:32:23.739  3709  3736 W ActivityManager: Slow operation: 108ms so far, now at startProcess: starting to update pids map
12-15 16:32:23.740  3709  3736 W ActivityManager: Slow operation: 108ms so far, now at startProcess: done updating pids map
12-15 16:32:23.818  3709  3709 W HdmiCecLocalDevicePlayback: HDMI-CEC: setIsActiveSource true
12-15 16:32:23.820  3709  3709 W HdmiCecLocalDevicePlayback: HDMI-CEC: setIsActiveSource true
12-15 16:32:23.820  3709  3709 W HdmiCecLocalDevicePlayback: HDMI-CEC: screen on OneTouchPlay success
