01-19 18:01:49.109  3542  9640 I chatty  : uid=2000(shell) /apex/com.android.adbd/bin/adbd expire 3 lines
01-19 18:01:50.145  3542  9641 I chatty  : uid=2000(shell) /apex/com.android.adbd/bin/adbd expire 3 lines
01-19 18:01:51.181  3542  9642 I chatty  : uid=2000(shell) /apex/com.android.adbd/bin/adbd expire 3 lines
01-19 18:01:51.417  4874  4874 I cast_shell: [0119/180151.417584:INFO:service_base.h(78)] Size of the map for type AuthTokenResponse is 0
01-19 18:01:51.482  4874  4874 I cast_shell: [0119/180151.482899:INFO:service_base.h(246)] Container sizes for type CloudSetting are (session_info_map: 0), (topic_info_map: 21), (pending_events: 0).
01-19 18:01:51.710  4874  4874 I cast_shell: [0119/180151.710932:INFO:metrics_stat_logger.cc(38)] Metrics stat for the past 60 secs : total=6
01-19 18:01:51.710  4874  4874 I cast_shell: [metrics_stat_logger] Cast.CecHdmiInputState.Active=1
01-19 18:01:51.710  4874  4874 I cast_shell: [metrics_stat_logger] Cast.CecStandby.On=1
01-19 18:01:51.710  4874  4874 I cast_shell: [metrics_stat_logger] Cast.ConnectionType.Unknown=1
01-19 18:01:51.710  4874  4874 I cast_shell: [metrics_stat_logger] Cast.Discovery.Mdns.Request.In=1
01-19 18:01:51.710  4874  4874 I cast_shell: [metrics_stat_logger] Cast.Discovery.Mdns.Response.Out=1
01-19 18:01:51.710  4874  4874 I cast_shell: [metrics_stat_logger] Cast.Network.CheckIn=1
01-19 18:01:52.213  3542  9643 I chatty  : uid=2000(shell) /apex/com.android.adbd/bin/adbd expire 3 lines
01-19 18:01:52.981  3397  3521 V hdcp up : tsec_version: 1
01-19 18:01:52.982  3397  3521 D NvOsDebugPrintf: NvRmStreamFree: WARN: pStream is NULL
01-19 18:01:53.253  3542  9644 I chatty  : uid=2000(shell) /apex/com.android.adbd/bin/adbd expire 3 lines
01-19 18:01:54.285  3542  9645 I chatty  : uid=2000(shell) /apex/com.android.adbd/bin/adbd expire 3 lines
01-19 18:01:55.322  3542  9647 I chatty  : uid=2000(shell) /apex/com.android.adbd/bin/adbd expire 3 lines
01-19 18:01:55.766  4996  4996 W ThreadPoolForeg: type=1400 audit(0.0:215): avc: denied { write } for name="traced_producer" dev="tmpfs" ino=21993 scontext=u:r:gmscore_app:s0:c512,c768 tcontext=u:object_r:traced_producer_socket:s0 tclass=sock_file permissive=0 app=com.google.android.gms
01-19 18:01:56.353  3542  9648 I chatty  : uid=2000(shell) /apex/com.android.adbd/bin/adbd expire 3 lines
01-19 18:01:57.385  3542  9649 I chatty  : uid=2000(shell) /apex/com.android.adbd/bin/adbd expire 3 lines
01-19 18:01:57.635  4370  9297 I AlarmManager: setExactAndAllowWhileIdle [name: GCM_HB_ALARM type: 2 triggerAtMillis: 2679371]
01-19 18:01:57.727  4370  9297 E GCM     : Failed to get app standby bucket for: com.nvidia.tegrazone3:0
01-19 18:01:57.729  4370  9297 E GCM     : Failed to get app standby bucket for: com.nvidia.tegrazone3:0
01-19 18:01:57.758  4370  9002 I AlarmManager: setExactAndAllowWhileIdle [name: FcmRetry type: 2 triggerAtMillis: 999493]
01-19 18:01:57.797  4370  4370 D BoundBrokerSvc: onBind: Intent { act=com.google.android.gms.scheduler.ACTION_PROXY_SCHEDULE_SINGLE_USER dat=chimera-action: cmp=com.google.android.gms/.chimera.PersistentSingleUserInternalApiService }
01-19 18:01:57.797  4370  4370 D BoundBrokerSvc: Loading bound service for intent: Intent { act=com.google.android.gms.scheduler.ACTION_PROXY_SCHEDULE_SINGLE_USER dat=chimera-action: cmp=com.google.android.gms/.chimera.PersistentSingleUserInternalApiService }
01-19 18:01:57.800  4874  5724 I cast_shell: [0119/180157.800037:INFO:mdns_app_filter.cc(3550)] Mdns cast queries recently sent: queries=1
01-19 18:01:57.867  4370  9297 I AlarmManager: setExactAndAllowWhileIdle [name: GCM_HB_ALARM type: 2 triggerAtMillis: 2679603]
01-19 18:01:57.986  3397  3521 V hdcp up : tsec_version: 1
01-19 18:01:57.989  3397  3521 D NvOsDebugPrintf: NvRmStreamFree: WARN: pStream is NULL
01-19 18:01:58.000  7177  9657 W FirebaseMessaging: Unable to log event: analytics library is missing
01-19 18:01:58.000  7177  9657 D NotificationsService: onMessageReceived: com.google.firebase.messaging.RemoteMessage@79610c6
01-19 18:01:58.116  7177  7177 D NotificationsReceiver: onReceive: com.nvidia.geforcenow.notifications.new_message_received
01-19 18:01:58.116  7177  7177 D NotificationsReceiver: Notify Java of PATCHING_EVENT
01-19 18:01:58.117  7177  7177 I TelemetryClient: updateUserInfoAndConsent
01-19 18:01:58.421  3542  9660 I chatty  : uid=2000(shell) /apex/com.android.adbd/bin/adbd expire 3 lines
01-19 18:01:58.783  4370  4370 D BoundBrokerSvc: onRebind: Intent { act=com.google.android.gms.libs.gmscorelogger.service.START dat=chimera-action: cmp=com.google.android.gms/.chimera.PersistentDirectBootAwareApiService }
01-19 18:01:59.457  3542  9661 I chatty  : uid=2000(shell) /apex/com.android.adbd/bin/adbd expire 3 lines
01-19 18:02:00.489  3542  9662 I chatty  : uid=2000(shell) /apex/com.android.adbd/bin/adbd expire 3 lines
01-19 18:02:01.520  3542  9663 I chatty  : uid=2000(shell) /apex/com.android.adbd/bin/adbd expire 3 lines
01-19 18:02:02.557  3542  9664 I chatty  : uid=2000(shell) /apex/com.android.adbd/bin/adbd expire 3 lines
01-19 18:02:02.993  3397  3521 V hdcp up : tsec_version: 1
01-19 18:02:02.994  3397  3521 D NvOsDebugPrintf: NvRmStreamFree: WARN: pStream is NULL
01-19 18:02:03.593  3542  9666 I chatty  : uid=2000(shell) /apex/com.android.adbd/bin/adbd expire 3 lines
01-19 18:02:04.629  3542  9667 I chatty  : uid=2000(shell) /apex/com.android.adbd/bin/adbd expire 3 lines
01-19 18:02:05.662  3542  9668 I chatty  : uid=2000(shell) /apex/com.android.adbd/bin/adbd expire 3 lines
01-19 18:02:05.765  3709  3743 I PowerManagerService: Nap time (uid 1000)...
01-19 18:02:05.815  3709  3743 I DreamManagerService: Entering dreamland.
01-19 18:02:05.817  3709  3743 I PowerManagerService: Dreaming...
01-19 18:02:05.834  3709  3726 I DreamController: Starting dream: name=ComponentInfo{com.google.android.backdrop/com.google.android.backdrop.Backdrop}, isTest=false, canDoze=false, userId=0
01-19 18:02:05.924  8527  8527 W ProxyAndroidLoggerBackend: Too many Flogger logs received before configuration. Dropping old logs.
01-19 18:02:05.925  8527  8527 I chatty  : uid=10036(com.google.android.backdrop) identical 4 lines
01-19 18:02:05.925  8527  8527 W ProxyAndroidLoggerBackend: Too many Flogger logs received before configuration. Dropping old logs.
01-19 18:02:06.101  4473  4473 I katniss_interactor_DisplayBroadcastReceiver: onReceive: android.intent.action.DREAMING_STARTED
01-19 18:02:06.242  3709  5304 I ActivityTaskManager: START u0 {flg=0x10000000 pkg=com.google.android.backdrop cmp=com.google.android.backdrop/android.service.dreams.DreamActivity (has extras)} from uid 10036
01-19 18:02:06.114  4473  4473 I katniss_interactor_DisplayBroadcastReceiver: onReceive: android.intent.action.DREAMING_STARTED
01-19 18:02:06.248  4874  4874 D cast_ClientAuthProviderService: [ClientAuthProviderService.java:20] Remote process bound to Client Auth Binder
01-19 18:02:06.270  4521  4903 I ShieldBluetoothScanPolicy: Scan Poll disabled due to DOZE
01-19 18:02:06.270  4521  4903 I ShieldBluetoothScanPolicy: scan optmizations poll stopped due to DOZE
01-19 18:02:06.278  4521  4903 I ShieldBluetoothHandler: Day Dream Start
01-19 18:02:06.333  4874  5719 I cast_shell: [0119/180206.333044:INFO:metrics_recorder.cc(193)] Record action: Setup.eureka_info.Local
01-19 18:02:06.333  4874  5719 I cast_shell: [0119/180206.333270:INFO:metrics_recorder.cc(193)] Record action: Setup.get_app_device_id.Local
01-19 18:02:06.564  4874  5664 I DrmUtils: found android.hardware.drm@1.0::IDrmFactory clearkey
01-19 18:02:06.564  4874  5664 I DrmUtils: found android.hardware.drm@1.0::IDrmFactory default
01-19 18:02:06.565  4874  5664 I DrmUtils: found android.hardware.drm@1.0::IDrmFactory playready
01-19 18:02:06.581  4874  5664 I DrmUtils: found android.hardware.drm@1.0::IDrmFactory widevine
01-19 18:02:06.591  4874  5664 I DrmUtils: found android.hardware.drm@1.1::IDrmFactory clearkey
01-19 18:02:06.592  4874  5664 I DrmUtils: found android.hardware.drm@1.1::IDrmFactory playready
01-19 18:02:06.593  4874  5664 I DrmUtils: found android.hardware.drm@1.1::IDrmFactory widevine
01-19 18:02:06.601  4874  5664 I DrmUtils: found android.hardware.drm@1.2::IDrmFactory clearkey
01-19 18:02:06.602  4874  5664 I DrmUtils: found android.hardware.drm@1.2::IDrmFactory widevine
01-19 18:02:06.606  4874  5664 I DrmUtils: found android.hardware.drm@1.3::IDrmFactory clearkey
01-19 18:02:06.606  4874  5664 I DrmUtils: found android.hardware.drm@1.3::IDrmFactory widevine
01-19 18:02:06.609  3413  3413 W powerHAL::common: Power hint:0x8 is not supported in PowerHAL
01-19 18:02:06.612  8527  8527 W ProxyAndroidLoggerBackend: Too many Flogger logs received before configuration. Dropping old logs.
01-19 18:02:06.657  3375  3432 I WVCdm   : [app][com.google.android.apps.mediashell] calling virtual Return<void> wvdrm::hardware::drm::V1_3::widevine::WVDrmFactory::createPlugin(const hidl_array<uint8_t, 16> &, const android::hardware::hidl_string &, android::hardware::drm::V1_3::IDrmFactory::createPlugin_cb)
01-19 18:02:06.663  3542  3542 I chatty  : uid=2000(shell) /apex/com.android.adbd/bin/adbd expire 30 lines
01-19 18:02:06.677  3709  5310 I ActivityTaskManager: START u0 {act=com.google.android.tvlauncher.intent.action.LAUNCH_BOOT_HELPER_EMPTY_ACTIVITY cat=[android.intent.category.DEFAULT] flg=0x10008000 pkg=com.google.android.tvlauncher} from uid 10019
01-19 18:02:06.687  9013  9013 D AndroidRuntime: Shutting down VM
01-19 18:02:06.688  9013  9013 E AndroidRuntime: FATAL EXCEPTION: main
01-19 18:02:06.688  9013  9013 E AndroidRuntime: Process: com.google.android.tvrecommendations, PID: 9013
01-19 18:02:06.688  9013  9013 E AndroidRuntime: java.lang.RuntimeException: Error receiving broadcast Intent { act=android.intent.action.DREAMING_STARTED flg=0x40000010 } in dua@783a73e
01-19 18:02:06.688  9013  9013 E AndroidRuntime: 	at android.app.LoadedApk$ReceiverDispatcher$Args.lambda$getRunnable$0$LoadedApk$ReceiverDispatcher$Args(LoadedApk.java:1590)
01-19 18:02:06.688  9013  9013 E AndroidRuntime: 	at android.app.-$$Lambda$LoadedApk$ReceiverDispatcher$Args$_BumDX2UKsnxLVrE6UJsJZkotuA.run(Unknown Source:2)
01-19 18:02:06.688  9013  9013 E AndroidRuntime: 	at android.os.Handler.handleCallback(Handler.java:938)
01-19 18:02:06.688  9013  9013 E AndroidRuntime: 	at android.os.Handler.dispatchMessage(Handler.java:99)
01-19 18:02:06.688  9013  9013 E AndroidRuntime: 	at android.os.Looper.loop(Looper.java:223)
01-19 18:02:06.688  9013  9013 E AndroidRuntime: 	at android.app.ActivityThread.main(ActivityThread.java:7668)
01-19 18:02:06.688  9013  9013 E AndroidRuntime: 	at java.lang.reflect.Method.invoke(Native Method)
01-19 18:02:06.688  9013  9013 E AndroidRuntime: 	at com.android.internal.os.RuntimeInit$MethodAndArgsCaller.run(RuntimeInit.java:592)
01-19 18:02:06.688  9013  9013 E AndroidRuntime: 	at com.android.internal.os.ZygoteInit.main(ZygoteInit.java:947)
01-19 18:02:06.688  9013  9013 E AndroidRuntime: Caused by: android.content.ActivityNotFoundException: No Activity found to handle Intent { act=com.google.android.tvlauncher.intent.action.LAUNCH_BOOT_HELPER_EMPTY_ACTIVITY cat=[android.intent.category.DEFAULT] flg=0x10008000 pkg=com.google.android.tvlauncher }
01-19 18:02:06.688  9013  9013 E AndroidRuntime: 	at android.app.Instrumentation.checkStartActivityResult(Instrumentation.java:2067)
01-19 18:02:06.688  9013  9013 E AndroidRuntime: 	at android.app.Instrumentation.execStartActivity(Instrumentation.java:1727)
01-19 18:02:06.688  9013  9013 E AndroidRuntime: 	at android.app.ContextImpl.startActivity(ContextImpl.java:1023)
01-19 18:02:06.688  9013  9013 E AndroidRuntime: 	at android.app.ContextImpl.startActivity(ContextImpl.java:994)
01-19 18:02:06.688  9013  9013 E AndroidRuntime: 	at android.content.ContextWrapper.startActivity(ContextWrapper.java:403)
01-19 18:02:06.688  9013  9013 E AndroidRuntime: 	at dqn.i(PG:24)
01-19 18:02:06.688  9013  9013 E AndroidRuntime: 	at dua.onReceive(PG:204)
01-19 18:02:06.688  9013  9013 E AndroidRuntime: 	at android.app.LoadedApk$ReceiverDispatcher$Args.lambda$getRunnable$0$LoadedApk$ReceiverDispatcher$Args(LoadedApk.java:1580)
01-19 18:02:06.688  9013  9013 E AndroidRuntime: 	... 8 more
01-19 18:02:06.712  3542  3583 I chatty  : uid=2000(shell) usb ffs open expire 20 lines
01-19 18:02:06.713  3542  9672 I chatty  : uid=2000(shell) /apex/com.android.adbd/bin/adbd expire 3 lines
01-19 18:02:06.773  3570  4159 W iorapd  : Overwriting transition from kActivityLaunched to kIntentStarted into kActivityLaunchCancelled
01-19 18:02:06.785  3570  4159 E IPCThreadState: binder thread pool (1 threads) starved for 158 ms
01-19 18:02:06.787  3375  3432 D WVCdm   : Instantiating CDM.
01-19 18:02:06.787  3570  4159 W iorapd  : Rejecting transition from kActivityLaunchCancelled to kIntentFailed
01-19 18:02:06.811  3375  3432 I WVCdm   : [cdm_engine.cpp(524):QueryStatus] Querying status
01-19 18:02:06.811  3375  3432 I WVCdm   : [file_utils.cpp(40):Exists] stat failed: ENOENT
01-19 18:02:06.811  3375  3432 I WVCdm   : [oemcrypto_adapter_dynamic.cpp(696):Initialize] Level 3 Build Info (v16): OEMCrypto Level3 Code 8158 Dec  4 2020 22:12:07
01-19 18:02:06.811  3375  9674 I WVCdm   : [(0):] Level3 Library 8158 Dec  4 2020 22:12:07
01-19 18:02:06.846  3375  3432 I WVCdm   : [oemcrypto_adapter_dynamic.cpp(710):Initialize] L3 Initialized. Trying L1.
01-19 18:02:06.855  3375  3432 D oemcrypto_cenc: >> OEMCrypto_Initialize: modular drm 16.03 
01-19 18:02:06.855  3375  3432 D oemcrypto_cenc: << OEMCrypto_Initialize
01-19 18:02:06.907  3375  3432 W WVCdm   : [oemcrypto_adapter_dynamic.cpp(830):LoadLevel1] Could not load L1 _oecc104.
01-19 18:02:06.907  3375  3432 W WVCdm   : [oemcrypto_adapter_dynamic.cpp(831):LoadLevel1] Could not load L1 _oecc103.
01-19 18:02:06.907  3375  3432 W WVCdm   : [oemcrypto_adapter_dynamic.cpp(863):LoadLevel1] Could not load L1 _oecc18.
01-19 18:02:06.907  3375  3432 W WVCdm   : [oemcrypto_adapter_dynamic.cpp(876):LoadLevel1] Could not load L1 _oecc88.
01-19 18:02:06.907  3375  3432 W WVCdm   : [oemcrypto_adapter_dynamic.cpp(877):LoadLevel1] Could not load L1 _oecc89.
01-19 18:02:06.907  3375  3432 W WVCdm   : [oemcrypto_adapter_dynamic.cpp(878):LoadLevel1] Could not load L1 OEMCrypto_AllocateSecureBuffer.
01-19 18:02:06.907  3375  3432 W WVCdm   : [oemcrypto_adapter_dynamic.cpp(879):LoadLevel1] Could not load L1 OEMCrypto_FreeSecureBuffer.
01-19 18:02:06.907  3375  3432 D oemcrypto_cenc: >> OEMCrypto_IsKeyboxValid
01-19 18:02:06.907  3375  3432 D oemcrypto_cenc: << OEMCrypto_IsKeyboxValid
01-19 18:02:06.907  3375  3432 D WVCdm   : [oemcrypto_adapter_dynamic.cpp(729):Initialize] OEMCrypto_Initialize Level 1 success. I will use level 1.
01-19 18:02:06.907  3375  3432 I WVCdm   : [oemcrypto_adapter_dynamic.cpp(732):Initialize] Level 1 Build Info (v16): NVIDIA/mdarcy/mdarcy:11/RQ1A.210105.003/7825230_3871.0251:user/release-keys OEMcrypto 16.3
01-19 18:02:06.908  3375  3432 D WVCdm   : [crypto_session.cpp(317):Init] OEMCrypto version (default security level): 16.3
01-19 18:02:06.908  3375  3432 D WVCdm   : [crypto_session.cpp(326):Init] OEMCrypto version (L3 security level): 16.3
01-19 18:02:06.908  3375  3432 D WVCdm   : [crypto_session.cpp(718):Open] Opening crypto session: requested_security_level = Default
01-19 18:02:06.908  3375  3432 D oemcrypto_cenc: >> OEMCrypto_OpenSession
01-19 18:02:06.908  3375  3432 D oemcrypto_cenc: AddSessionHandle: session:0x42f476f0, status: 1
01-19 18:02:06.908  3375  3432 D oemcrypto_cenc: << OEMCrypto_OpenSession
01-19 18:02:06.908  3375  3432 D oemcrypto_cenc: >> OEMCrypto_GetRandom
01-19 18:02:06.908  3375  3432 D oemcrypto_cenc: << OEMCrypto_GetRandom
01-19 18:02:06.908  3375  3432 I WVCdm   : [usage_table_header.cpp(159):Init] Initializing usage table header: security_level = 1
01-19 18:02:06.908  3375  3432 D WVCdm   : [usage_table_header.cpp(188):Init] Usage table capacity is unlimited: security_level = 1
01-19 18:02:06.944  3709  5310 W ActivityTaskManager: Tried to set launchTime (0) < mLastActivityLaunchTime (328566)
01-19 18:02:06.960  3375  3432 I WVCdm   : [usage_table_header.cpp(212):Init] Number of usage entries: 0
01-19 18:02:06.960  3375  3432 D oemcrypto_cenc: >> OEMCrypto_LoadUsageTableHeader
01-19 18:02:06.994  3375  3432 D oemcrypto_cenc: << OEMCrypto_LoadUsageTableHeader
01-19 18:02:06.994  3375  3432 W oemcrypto_cenc: OEMCrypto_DeviceID: Short buffer: 0x7
01-19 18:02:06.994  3375  3432 D oemcrypto_cenc: >> OEMCrypto_CloseSession
01-19 18:02:06.994  3375  3432 D oemcrypto_cenc: RemoveSessionHandle: session: 0x42f476f0, status: 1
01-19 18:02:06.994  3375  3432 D oemcrypto_cenc: << OEMCrypto_CloseSession
01-19 18:02:06.994  3375  3432 I WVCdm   : [cdm_engine.cpp(113):OpenSession] Opening session
01-19 18:02:06.994  3375  3432 D WVCdm   : [crypto_session.cpp(718):Open] Opening crypto session: requested_security_level = Default
01-19 18:02:06.994  3375  3432 D oemcrypto_cenc: >> OEMCrypto_OpenSession
01-19 18:02:06.995  3375  3432 D oemcrypto_cenc: AddSessionHandle: session:0x42f479f0, status: 1
01-19 18:02:06.995  3375  3432 D oemcrypto_cenc: << OEMCrypto_OpenSession
01-19 18:02:06.995  3375  3432 D oemcrypto_cenc: >> OEMCrypto_GetRandom
01-19 18:02:06.995  3375  3432 D oemcrypto_cenc: << OEMCrypto_GetRandom
01-19 18:02:07.000  3375  3432 D oemcrypto_cenc: >> OEMCrypto_LoadDRMPrivateKey
01-19 18:02:07.001  3375  3432 D oemcrypto_cenc: << OEMCrypto_LoadDRMPrivateKey
01-19 18:02:07.001  3375  3432 D oemcrypto_cenc: >> OEMCrypto_GetRandom
01-19 18:02:07.001  3375  3432 D oemcrypto_cenc: << OEMCrypto_GetRandom
01-19 18:02:07.001  3375  3432 I WVCdm   : [file_utils.cpp(40):Exists] stat failed: ENOENT
01-19 18:02:07.001  3375  3432 I WVCdm   : [cdm_engine.cpp(147):OpenSession] New session ID: sid11
01-19 18:02:07.001  3375  3432 I WVCdm   : [cdm_engine.cpp(868):QueryOemCryptoSessionId] Querying OEMCrypto Session ID: session_id = sid11
01-19 18:02:07.023  4611  4633 I android_os_HwBinder: HwBinder: Starting thread pool for getting: vendor.nvidia.hardware.power@1.0::IPower/default
01-19 18:02:07.085  9013  9013 E TvRecommendations: Killing the app because of an uncaught exception
01-19 18:02:07.085  9013  9013 E TvRecommendations: java.lang.RuntimeException: Error receiving broadcast Intent { act=android.intent.action.DREAMING_STARTED flg=0x40000010 } in dua@783a73e
01-19 18:02:07.085  9013  9013 E TvRecommendations: 	at android.app.LoadedApk$ReceiverDispatcher$Args.lambda$getRunnable$0$LoadedApk$ReceiverDispatcher$Args(LoadedApk.java:1590)
01-19 18:02:07.085  9013  9013 E TvRecommendations: 	at android.app.-$$Lambda$LoadedApk$ReceiverDispatcher$Args$_BumDX2UKsnxLVrE6UJsJZkotuA.run(Unknown Source:2)
01-19 18:02:07.085  9013  9013 E TvRecommendations: 	at android.os.Handler.handleCallback(Handler.java:938)
01-19 18:02:07.085  9013  9013 E TvRecommendations: 	at android.os.Handler.dispatchMessage(Handler.java:99)
01-19 18:02:07.085  9013  9013 E TvRecommendations: 	at android.os.Looper.loop(Looper.java:223)
01-19 18:02:07.085  9013  9013 E TvRecommendations: 	at android.app.ActivityThread.main(ActivityThread.java:7668)
01-19 18:02:07.085  9013  9013 E TvRecommendations: 	at java.lang.reflect.Method.invoke(Native Method)
01-19 18:02:07.085  9013  9013 E TvRecommendations: 	at com.android.internal.os.RuntimeInit$MethodAndArgsCaller.run(RuntimeInit.java:592)
01-19 18:02:07.085  9013  9013 E TvRecommendations: 	at com.android.internal.os.ZygoteInit.main(ZygoteInit.java:947)
01-19 18:02:07.085  9013  9013 E TvRecommendations: Caused by: android.content.ActivityNotFoundException: No Activity found to handle Intent { act=com.google.android.tvlauncher.intent.action.LAUNCH_BOOT_HELPER_EMPTY_ACTIVITY cat=[android.intent.category.DEFAULT] flg=0x10008000 pkg=com.google.android.tvlauncher }
01-19 18:02:07.085  9013  9013 E TvRecommendations: 	at android.app.Instrumentation.checkStartActivityResult(Instrumentation.java:2067)
01-19 18:02:07.085  9013  9013 E TvRecommendations: 	at android.app.Instrumentation.execStartActivity(Instrumentation.java:1727)
01-19 18:02:07.085  9013  9013 E TvRecommendations: 	at android.app.ContextImpl.startActivity(ContextImpl.java:1023)
01-19 18:02:07.085  9013  9013 E TvRecommendations: 	at android.app.ContextImpl.startActivity(ContextImpl.java:994)
01-19 18:02:07.085  9013  9013 E TvRecommendations: 	at android.content.ContextWrapper.startActivity(ContextWrapper.java:403)
01-19 18:02:07.085  9013  9013 E TvRecommendations: 	at dqn.i(PG:24)
01-19 18:02:07.085  9013  9013 E TvRecommendations: 	at dua.onReceive(PG:204)
01-19 18:02:07.085  9013  9013 E TvRecommendations: 	at android.app.LoadedApk$ReceiverDispatcher$Args.lambda$getRunnable$0$LoadedApk$ReceiverDispatcher$Args(LoadedApk.java:1580)
01-19 18:02:07.085  9013  9013 E TvRecommendations: 	... 8 more
01-19 18:02:07.136  8527  8527 I android_os_HwBinder: HwBinder: Starting thread pool for getting: vendor.nvidia.hardware.cpl.service_common@1.0::INvCplHalCommonService/default
01-19 18:02:07.139  9013  9013 I recommendation: System.exit called, status: 0
01-19 18:02:07.139  9013  9013 I AndroidRuntime: VM exiting with result code 0, cleanup skipped.
01-19 18:02:07.158  4874  5664 I cast_shell: [0119/180207.158256:INFO:jni_client_auth_creds_mediadrm.cc(301)] Cast: signing message with length 35
01-19 18:02:07.159  3375  3432 D oemcrypto_cenc: >> OEMCrypto_OpenSession
01-19 18:02:07.159  3375  3432 D oemcrypto_cenc: AddSessionHandle: session:0x42f45fb0, status: 1
01-19 18:02:07.159  3375  3432 D oemcrypto_cenc: << OEMCrypto_OpenSession
01-19 18:02:07.159  3375  3432 D oemcrypto_cenc: >> OEMCrypto_LoadDRMPrivateKey
01-19 18:02:07.160  3375  3432 D oemcrypto_cenc: << OEMCrypto_LoadDRMPrivateKey
01-19 18:02:07.160  3375  3432 D oemcrypto_cenc: >> OEMCrypto_GenerateRSASignature
01-19 18:02:07.166  3375  3432 D oemcrypto_cenc: << OEMCrypto_GenerateRSASignature: Short Buffer
01-19 18:02:07.166  3375  3432 D oemcrypto_cenc: >> OEMCrypto_GenerateRSASignature
01-19 18:02:07.167  3709  9677 I chatty  : uid=1000 system_server expire 1 line
01-19 18:02:07.184  3347  3347 I Zygote  : Process 9013 exited cleanly (0)
01-19 18:02:07.185  3709  3709 V NotificationListeners: 0 notification listener connection lost: ComponentInfo{com.google.android.tvrecommendations/com.google.android.tvrecommendations.NotificationsService}
01-19 18:02:07.185  3709  4568 D NotificationListeners: Removing active service ComponentInfo{com.google.android.tvrecommendations/com.google.android.tvrecommendations.NotificationsService}
01-19 18:02:07.188  3709  8589 I ActivityManager: Process com.google.android.tvrecommendations (pid 9013) has died: prcl BFGS
01-19 18:02:07.188  8527  8527 I android_os_HwBinder: HwBinder: Starting thread pool for getting: vendor.nvidia.hardware.cpl.service_common@1.0::INvCplHalCommonService/default
01-19 18:02:07.190  3709  3737 I chatty  : uid=1000(system) ActivityManager expire 14 lines
01-19 18:02:07.216  3709  8589 W ActivityManager: Scheduling restart of crashed service com.google.android.tvrecommendations/.NotificationsService in 1000ms for connection
01-19 18:02:07.218  3375  3432 D oemcrypto_cenc: << OEMCrypto_GenerateRSASignature
01-19 18:02:07.218  3375  3432 D oemcrypto_cenc: >> OEMCrypto_CloseSession
01-19 18:02:07.218  3375  3432 D oemcrypto_cenc: RemoveSessionHandle: session: 0x42f45fb0, status: 1
01-19 18:02:07.218  3375  3432 D oemcrypto_cenc: << OEMCrypto_CloseSession
01-19 18:02:07.219  3375  3432 I WVCdm   : [cdm_engine.cpp(193):CloseSession] Closing session: session_id = sid11
01-19 18:02:07.219  3375  3432 D oemcrypto_cenc: >> OEMCrypto_CloseSession
01-19 18:02:07.219  3375  3432 D oemcrypto_cenc: RemoveSessionHandle: session: 0x42f479f0, status: 1
01-19 18:02:07.219  3375  3432 D oemcrypto_cenc: << OEMCrypto_CloseSession
01-19 18:02:07.240  8527  8527 I android_os_HwBinder: HwBinder: Starting thread pool for getting: vendor.nvidia.hardware.cpl.service_common@1.0::INvCplHalCommonService/default
01-19 18:02:07.243  4874  5719 I cast_shell: [0119/180207.243571:INFO:metrics_recorder.cc(193)] Record action: Setup.eureka_info.Local.200
01-19 18:02:07.243  4874  5719 I cast_shell: [0119/180207.243824:INFO:metrics_recorder.cc(193)] Record action: Setup.get_app_device_id.Local.200
01-19 18:02:07.247  3709  3854 I chatty  : uid=1000(system) Binder:3709_3 expire 7 lines
01-19 18:02:07.274  3375  3432 I WVCdm   : [(0):] L3 Terminate.
01-19 18:02:07.274  3375  3432 D oemcrypto_cenc: >> OEMCrypto_Terminate
01-19 18:02:07.275  3375  3432 D oemcrypto_cenc: << OEMCrypto_Terminate
01-19 18:02:07.295  3345  3412 E TrafficController: Failed to untag socket: No such file or directory
01-19 18:02:07.295  3345  3412 E TrafficController: Failed to untag socket: No such file or directory
01-19 18:02:07.659  3709  3854 D ConnectivityService: requestNetwork for uid/pid:10036/8527 NetworkRequest [ TRACK_DEFAULT id=56, [ Capabilities: INTERNET&NOT_RESTRICTED&TRUSTED Uid: 10036 AdministratorUids: [] RequestorUid: 10036 RequestorPackageName: com.google.android.backdrop] ]
01-19 18:02:07.659  3709  3840 D ConnectivityService: NetReassign [56 : null → 100]
01-19 18:02:07.660  3709  3875 I chatty  : uid=1000(system) EthernetService expire 3 lines
01-19 18:02:07.663  3709  3840 D ConnectivityService: NetReassign [no changes]
01-19 18:02:07.718  3709  3835 I chatty  : uid=1000(system) WifiHandlerThre expire 7 lines
01-19 18:02:07.753  3542  9681 I chatty  : uid=2000(shell) /apex/com.android.adbd/bin/adbd expire 3 lines
01-19 18:02:07.764  8527  8527 W ProxyAndroidLoggerBackend: Too many Flogger logs received before configuration. Dropping old logs.
01-19 18:02:07.916  8527  8527 W ProxyAndroidLoggerBackend: Too many Flogger logs received before configuration. Dropping old logs.
01-19 18:02:07.917  8527  8664 W ProxyAndroidLoggerBackend: Too many Flogger logs received before configuration. Dropping old logs.
01-19 18:02:07.916  3709  3840 D ConnectivityService: NetReassign [no changes]
01-19 18:02:07.929  3709  8589 D CompatibilityChangeReporter: Compat change id reported: 135634846; UID 10036; state: DISABLED
01-19 18:02:07.929  3709  3736 D CompatibilityChangeReporter: Compat change id reported: 143937733; UID 10036; state: ENABLED
01-19 18:02:07.917  8527  8664 W ProxyAndroidLoggerBackend: Too many Flogger logs received before configuration. Dropping old logs.
01-19 18:02:07.982  8527  8527 W ProxyAndroidLoggerBackend: Too many Flogger logs received before configuration. Dropping old logs.
01-19 18:02:07.983  8527  8527 E View    : Exception while trying to query for immediateInput: android.content.pm.PackageManager$NameNotFoundException: ComponentInfo{com.google.android.backdrop/android.service.dreams.DreamActivity}
01-19 18:02:07.984  8527  8527 E View    : Exception while trying to query for immediateInput: android.content.pm.PackageManager$NameNotFoundException: ComponentInfo{com.google.android.backdrop/android.service.dreams.DreamActivity}
01-19 18:02:07.999  3397  3521 V hdcp up : tsec_version: 1
01-19 18:02:08.003  3397  3521 D NvOsDebugPrintf: NvRmStreamFree: WARN: pStream is NULL
01-19 18:02:08.103  4996  4996 D BoundBrokerSvc: onBind: Intent { act=com.google.android.gms.safebrowsing.SafeBrowsingService.START dat=chimera-action: cmp=com.google.android.gms/.chimera.GmsBoundBrokerService }
01-19 18:02:08.103  4996  4996 D BoundBrokerSvc: Loading bound service for intent: Intent { act=com.google.android.gms.safebrowsing.SafeBrowsingService.START dat=chimera-action: cmp=com.google.android.gms/.chimera.GmsBoundBrokerService }
01-19 18:02:08.141  8527  8587 E libc    : Access denied finding property "ro.vendor.sys.NV_ASYNC"
01-19 18:02:08.141  8527  8587 E libc    : Access denied finding property "ro.vendor.sys.NV_LOGFPS"
01-19 18:02:08.141  8527  8587 E libc    : Access denied finding property "ro.vendor.sys.NV_PROCESS_NAME"
01-19 18:02:08.141  8527  8587 E libc    : Access denied finding property "ro.vendor.sys.NV_FPSDYNAMIC"
01-19 18:02:08.253  8527  8587 I OpenGLRenderer: Davey! duration=922ms; Flags=1, IntendedVsync=888989758250, Vsync=889023124916, OldestInputEvent=9223372036854775807, NewestInputEvent=0, HandleInputStart=889035316690, AnimationStart=889035318200, PerformTraversalsStart=889035318565, DrawStart=889880140960, SyncQueued=889880593304, SyncStart=889957275023, IssueDrawCommandsStart=889957359346, SwapBuffers=889988435752, FrameCompleted=889989194241, DequeueBufferDuration=0, QueueBufferDuration=265886, GpuCompleted=511414297615, 
01-19 18:02:08.261  8527  8527 I Choreographer: Skipped 57 frames!  The application may be doing too much work on its main thread.
01-19 18:02:08.261  8527  8643 W ProxyAndroidLoggerBackend: Too many Flogger logs received before configuration. Dropping old logs.
01-19 18:02:08.262  3709  3735 W ActivityManager: Slow operation: 70ms so far, now at startProcess: building args
01-19 18:02:08.265  8527  8643 I chatty  : uid=10036(com.google.android.backdrop) ThreadPoolForeg identical 4 lines
01-19 18:02:08.266  8527  8643 W ProxyAndroidLoggerBackend: Too many Flogger logs received before configuration. Dropping old logs.
01-19 18:02:08.496  8527  9234 W ProxyAndroidLoggerBackend: Too many Flogger logs received before configuration. Dropping old logs.
01-19 18:02:08.592  3709  3743 V DisplayPowerController: Brightness [0.39763778] reason changing to: 'manual', previous reason: 'manual [ dim ]'.
01-19 18:02:08.595  3709  3735 D CompatibilityChangeReporter: Compat change id reported: 135634846; UID 10019; state: DISABLED
01-19 18:02:08.595  3709  3735 W ActivityManager: Slow operation: 403ms so far, now at startProcess: done starting proc!
01-19 18:02:08.598  3570  4159 W iorapd  : Rejecting transition from kUninitialized to kActivityLaunchFinished
01-19 18:02:08.782  3542  9687 I chatty  : uid=2000(shell) /apex/com.android.adbd/bin/adbd expire 3 lines
01-19 18:02:08.825  8527  8539 I ndroid.backdro: Background young concurrent copying GC freed 8394(820KB) AllocSpace objects, 1(20KB) LOS objects, 42% free, 4030KB/6988KB, paused 158us total 163.500ms
01-19 18:02:08.849  4391  4391 I chatty  : uid=10069(com.google.android.inputmethod.latin) expire 19 lines
01-19 18:02:08.924  4195  4195 D Zygote  : Forked child process 9688
01-19 18:02:08.933  3709  3736 W ActivityManager: Slow operation: 1004ms so far, now at startProcess: returned from zygote!
01-19 18:02:08.934  3709  3736 W ActivityManager: Slow operation: 1005ms so far, now at startProcess: done updating battery stats
01-19 18:02:08.934  3709  3736 W ActivityManager: Slow operation: 1005ms so far, now at startProcess: building log message
01-19 18:02:08.934  3709  3736 I ActivityManager: Start proc 9688:com.google.android.webview:sandboxed_process0:org.chromium.content.app.SandboxedProcessService0:1/u0i1 for  {com.google.android.backdrop/org.chromium.content.app.SandboxedProcessService0:1}
01-19 18:02:08.934  3709  3736 W ActivityManager: Slow operation: 1005ms so far, now at startProcess: starting to update pids map
01-19 18:02:08.934  3709  3736 W ActivityManager: Slow operation: 1005ms so far, now at startProcess: done updating pids map
01-19 18:02:08.934  3709  3736 W ActivityManager: Slow operation: 742ms so far, now at startProcess: asking zygote to start proc
01-19 18:02:08.935  3709  3736 D CompatibilityChangeReporter: Compat change id reported: 143937733; UID 10019; state: ENABLED
01-19 18:02:08.954  3347  3347 D Zygote  : Forked child process 9693
01-19 18:02:08.966  3709  3736 W ActivityManager: Slow operation: 774ms so far, now at startProcess: returned from zygote!
01-19 18:02:08.966  3709  3736 W ActivityManager: Slow operation: 774ms so far, now at startProcess: done updating battery stats
01-19 18:02:08.966  3709  3736 W ActivityManager: Slow operation: 775ms so far, now at startProcess: building log message
01-19 18:02:08.966  3709  3736 I ActivityManager: Start proc 9693:com.google.android.tvrecommendations/u0a19 for service {com.google.android.tvrecommendations/com.google.android.tvrecommendations.NotificationsService}
01-19 18:02:08.966  3709  3736 W ActivityManager: Slow operation: 775ms so far, now at startProcess: starting to update pids map
01-19 18:02:08.967  3709  3736 W ActivityManager: Slow operation: 775ms so far, now at startProcess: done updating pids map
01-19 18:02:09.033  8527  8643 W ProxyAndroidLoggerBackend: Too many Flogger logs received before configuration. Dropping old logs.
01-19 18:02:09.033  8527  8643 W ProxyAndroidLoggerBackend: Too many Flogger logs received before configuration. Dropping old logs.
01-19 18:02:09.271  8527  8587 I OpenGLRenderer: Davey! duration=982ms; Flags=0, IntendedVsync=890024053293, Vsync=890391086619, OldestInputEvent=9223372036854775807, NewestInputEvent=0, HandleInputStart=890393618564, AnimationStart=890393620335, PerformTraversalsStart=890393749658, DrawStart=890393926689, SyncQueued=890393936845, SyncStart=890394721064, IssueDrawCommandsStart=890436049658, SwapBuffers=891006862262, FrameCompleted=891007811272, DequeueBufferDuration=306980, QueueBufferDuration=551511, GpuCompleted=511447676573, 
01-19 18:02:09.283  3413  3413 W powerHAL::common: Power hint:0x8 is not supported in PowerHAL
01-19 18:02:09.363  8527  8644 W ProxyAndroidLoggerBackend: Too many Flogger logs received before configuration. Dropping old logs.
01-19 18:02:09.363  8527  8644 I chatty  : uid=10036(com.google.android.backdrop) ThreadPoolForeg identical 2 lines
01-19 18:02:09.363  8527  8644 W ProxyAndroidLoggerBackend: Too many Flogger logs received before configuration. Dropping old logs.
01-19 18:02:09.370  8527  8645 W ProxyAndroidLoggerBackend: Too many Flogger logs received before configuration. Dropping old logs.
01-19 18:02:09.370  8527  8645 I chatty  : uid=10036(com.google.android.backdrop) ThreadPoolForeg identical 2 lines
01-19 18:02:09.370  8527  8645 W ProxyAndroidLoggerBackend: Too many Flogger logs received before configuration. Dropping old logs.
01-19 18:02:09.396  3709  9700 I chatty  : uid=1000(system) RenderThread expire 8 lines
01-19 18:02:09.465  9242  9272 E Surface : freeAllBuffers: 1 buffers were freed while being dequeued!
01-19 18:02:09.817  3542  9708 I chatty  : uid=2000(shell) /apex/com.android.adbd/bin/adbd expire 3 lines
01-19 18:02:09.869  9693  9693 E recommendation: Not starting debugger since process cannot load the jdwp agent.
01-19 18:02:09.918  3709  8589 I chatty  : uid=1000(system) Binder:3709_1A expire 4 lines
01-19 18:02:10.069  9693  9693 W recommendation: JIT profile information will not be recorded: profile file does not exist.
01-19 18:02:10.069  9693  9693 W recommendation: JIT profile information will not be recorded: profile file does not exist.
01-19 18:02:10.089  9693  9693 D NetworkSecurityConfig: No Network Security Config specified, using platform default
01-19 18:02:10.095  9693  9693 D NetworkSecurityConfig: No Network Security Config specified, using platform default
01-19 18:02:10.220  9688  9688 E ocessService0:: Not starting debugger since process cannot load the jdwp agent.
01-19 18:02:10.221  9693  9693 I TetheringManager: registerTetheringEventCallback:com.google.android.tvrecommendations
01-19 18:02:10.251  3709  4568 D CompatibilityChangeReporter: Compat change id reported: 136274596; UID 10036; state: ENABLED
01-19 18:02:10.263  4370  4370 D BoundBrokerSvc: onRebind: Intent { act=com.google.android.gms.auth.aang.events.services.START dat=chimera-action: cmp=com.google.android.gms/.chimera.PersistentApiService }
01-19 18:02:10.325  9688  9688 I LoadedApk: No resource references to update in package com.google.android.trichromelibrary
01-19 18:02:10.325  9688  9688 D NetworkSecurityConfig: No Network Security Config specified, using platform default
01-19 18:02:10.326  9688  9688 D NetworkSecurityConfig: No Network Security Config specified, using platform default
01-19 18:02:10.326  9688  9688 I cr_WebViewApkApp: version=143.0.7499.192 (749919231) minSdkVersion=29 processName=com.google.android.webview:sandboxed_process0:org.chromium.content.app.SandboxedProcessService0:1 splits=<none>
01-19 18:02:10.341  9688  9688 I cr_ChildProcessService: Creating new ChildProcessService pid=9688
01-19 18:02:10.351  4370  4512 I FacsCacheGmsModule: (REDACTED) Receiving API connection to FACS API from package '%s'...
01-19 18:02:10.361  9693  9693 W JobInfo : Requested flex +3m0s0ms for job 100 is too small; raising to +1h12m0s0ms
01-19 18:02:10.368  4370  4512 I FacsCacheGmsModule: API connection successful!
01-19 18:02:10.371  4996  4996 D BoundBrokerSvc: onBind: Intent { act=com.google.android.gms.facs.internal.service.START dat=chimera-action: cmp=com.google.android.gms/.chimera.GmsInternalApiService }
01-19 18:02:10.371  4996  4996 D BoundBrokerSvc: Loading bound service for intent: Intent { act=com.google.android.gms.facs.internal.service.START dat=chimera-action: cmp=com.google.android.gms/.chimera.GmsInternalApiService }
01-19 18:02:10.581  4996  5028 I FacsCacheGmsModule: Receiving API connection to internal FACS API...
01-19 18:02:10.582  4996  5020 I gle.android.gm: Background young concurrent copying GC freed 31010(1615KB) AllocSpace objects, 13(1276KB) LOS objects, 46% free, 11MB/21MB, paused 82us total 209.440ms
01-19 18:02:10.583  4996  5028 I FacsCacheGmsModule: API connection successful!
01-19 18:02:10.617  4370  9679 I FacsCacheGmsModule: (REDACTED) Received 'getActivityControlsSettings' request from package '%s', instance id '%s', version '%d'...
01-19 18:02:10.617  4370  9679 I FacsCacheGmsModule: Operation 'getActivityControlsSettings' dispatched!
01-19 18:02:10.617  4370  5772 I FacsCacheGmsModule: (REDACTED) Executing operation '%s'...
01-19 18:02:10.621  4996  4996 D BoundBrokerSvc: onBind: Intent { act=com.google.android.gms.feedback.internal.IFeedbackService pkg=com.google.android.gms }
01-19 18:02:10.621  4996  4996 D BoundBrokerSvc: Loading bound service for intent: Intent { act=com.google.android.gms.feedback.internal.IFeedbackService pkg=com.google.android.gms }
01-19 18:02:10.622  9688  9755 I cr_LibraryLoader: Successfully loaded native library
01-19 18:02:10.633  4370  5772 I FacsCacheGmsModule: (REDACTED) Operation '%s' successful!
01-19 18:02:10.639  9693  9693 D NowPlayingListener: setRemoteControlListener: dtr@dba5271
01-19 18:02:10.639  9693  9693 D NowPlayingListener: onActiveSessionsChanged() called with: controllers = [[]], lastActiveMediaController = null, lastUpdatedAppPackageName = null
01-19 18:02:10.639  9693  9693 D NowPlayingManager: onClientChanged() called
01-19 18:02:10.640  9693  9693 D NowPlayingManager: A notification for Now Playing Card has been canceled
01-19 18:02:10.641  3709  3709 V NotificationListeners: 0 notification listener service connected: ComponentInfo{com.google.android.tvrecommendations/com.google.android.tvrecommendations.NotificationsService}
01-19 18:02:10.641  3709  3709 D NotificationService: 0|com.nvidia.ota|1|ShieldOTA|10071: granting content://settings/system/notification_sound
01-19 18:02:10.641  3709  3709 D NotificationService: 0|com.google.android.gms|2147483647|ranker_group|10005|ranker_group: granting content://settings/system/notification_sound
01-19 18:02:10.641  3709  3709 D NotificationService: 0|com.google.android.gms|1000|a:GMSCORE_STORE_RENDERER:c6afaeefe0e60000:106394913552912778563|10005: granting content://settings/system/notification_sound
01-19 18:02:10.641  3709  3709 D NotificationService: 0|com.google.android.gms|1000|a:GMSCORE_STORE_RENDERER:54066fce52e60000:106394913552912778563|10005: granting content://settings/system/notification_sound
01-19 18:02:10.642  3709  3709 D NotificationService: 0|com.google.android.gms|1000|a:GMSCORE_STORE_RENDERER:a0de338e52e60000:106394913552912778563|10005: granting content://settings/system/notification_sound
01-19 18:02:10.642  3709  3709 D NotificationService: 0|com.google.android.gms|1000|a:GMSCORE_STORE_RENDERER:1670061fd4e60000:106394913552912778563|10005: granting content://settings/system/notification_sound
01-19 18:02:10.642  3709  3709 D NotificationService: 0|com.google.android.gms|1000|a:GMSCORE_STORE_RENDERER:d7ae7e14fc660000:106394913552912778563|10005: granting content://settings/system/notification_sound
01-19 18:02:10.642  3709  3709 D NotificationService: 0|com.google.android.gms|1000|a:GMSCORE_STORE_RENDERER:f66b9f81c8660000:106394913552912778563|10005: granting content://settings/system/notification_sound
01-19 18:02:10.642  3709  3709 D NotificationService: 0|com.google.android.gms|1000|a:GMSCORE_STORE_RENDERER:127:0:106394913552912778563|10005: granting content://settings/system/notification_sound
01-19 18:02:10.642  3709  3709 D NotificationService: 0|com.dolby.android.audio.service|1|null|10101: granting content://settings/system/notification_sound
01-19 18:02:10.642  3709  3709 D NotificationService: 0|com.nvidia.ota|1|null|10071: granting content://settings/system/notification_sound
01-19 18:02:10.642  3709  3709 D NotificationService: 0|com.google.android.tv.remote.service|8765|null|10032: granting content://settings/system/notification_sound
01-19 18:02:10.647  3709  5265 I chatty  : uid=1000(system) Binder:3709_10 expire 1 line
01-19 18:02:10.656  9688  9755 I cr_CachingUmaRecorder: Flushed 2 samples from 2 histograms, 0 samples were dropped.
01-19 18:02:10.661  9688  9755 W chromium: [WARNING:content/app/android/content_main_android.cc:82] android_setCpu already initialized
01-19 18:02:10.865  3542  9771 I chatty  : uid=2000(shell) /apex/com.android.adbd/bin/adbd expire 3 lines
01-19 18:02:10.975  9688  9755 W chromium: [WARNING:content/child/runtime_features.cc:561] Fenced frames cannot be enabled in this configuration. Use --enable-features=FencedFrames instead.
01-19 18:02:10.975  9688  9755 W chromium: [WARNING:content/child/runtime_features.cc:586] Topics cannot be enabled in this configuration. Use --enable-features=BrowsingTopics in addition.
01-19 18:02:10.975  9688  9755 W chromium: [WARNING:content/child/runtime_features.cc:607] SharedStorage cannot be enabled in this configuration. Use --enable-features=SharedStorageAPI in addition.
01-19 18:02:11.006  9688  9755 I chromium: [INFO:third_party/skia/src/ports/SkFontMgr_android_parser.cpp:379] [SkFontMgr Android Parser] /system/etc/fonts.xml:102:4: warning: 'DinPro' alias target not found
01-19 18:02:11.006  9688  9755 I chromium: 
01-19 18:02:11.006  9688  9755 I chromium: [INFO:third_party/skia/src/ports/SkFontMgr_android_parser.cpp:379] [SkFontMgr Android Parser] /system/etc/fonts.xml:103:4: warning: 'DinPro' alias target not found
01-19 18:02:11.006  9688  9755 I chromium: 
01-19 18:02:11.006  9688  9755 I chromium: [INFO:third_party/skia/src/ports/SkFontMgr_android_parser.cpp:379] [SkFontMgr Android Parser] /system/etc/fonts.xml:104:4: warning: 'DinPro' alias target not found
01-19 18:02:11.006  9688  9755 I chromium: 
01-19 18:02:11.006  9688  9755 I chromium: [INFO:third_party/skia/src/ports/SkFontMgr_android_parser.cpp:379] [SkFontMgr Android Parser] /system/etc/fonts.xml:105:4: warning: 'DinPro' alias target not found
01-19 18:02:11.006  9688  9755 I chromium: 
01-19 18:02:11.006  9688  9755 I chromium: [INFO:third_party/skia/src/ports/SkFontMgr_android_parser.cpp:379] [SkFontMgr Android Parser] /system/etc/fonts.xml:114:4: warning: 'DinPro-condensed' alias target not found
01-19 18:02:11.006  9688  9755 I chromium: 
01-19 18:02:11.006  9688  9755 I chromium: [INFO:third_party/skia/src/ports/SkFontMgr_android_parser.cpp:379] [SkFontMgr Android Parser] /system/etc/fonts.xml:115:4: warning: 'DinPro-condensed' alias target not found
01-19 18:02:11.006  9688  9755 I chromium: 
01-19 18:02:11.006  9688  9755 I chromium: [INFO:third_party/skia/src/ports/SkFontMgr_android_parser.cpp:379] [SkFontMgr Android Parser] /system/etc/fonts.xml:116:4: warning: 'DinPro-condensed' alias target not found
01-19 18:02:11.006  9688  9755 I chromium: 
01-19 18:02:11.006  9688  9755 I chromium: [INFO:third_party/skia/src/ports/SkFontMgr_android_parser.cpp:379] [SkFontMgr Android Parser] /system/etc/fonts.xml:117:4: warning: 'DinPro-condensed' alias target not found
01-19 18:02:11.006  9688  9755 I chromium: 
01-19 18:02:11.873  9688  9755 E libc    : Access denied finding property "ro.vendor.api_level"
01-19 18:02:11.902  3542  9782 I chatty  : uid=2000(shell) /apex/com.android.adbd/bin/adbd expire 3 lines
01-19 18:02:12.176  3709  3709 I InputManager: Input event injection from pid 3709 uid 1000
01-19 18:02:12.206  8527  8527 W ProxyAndroidLoggerBackend: Too many Flogger logs received before configuration. Dropping old logs.
01-19 18:02:12.206  3709  5265 I DreamManagerService: Gently waking up from dream.
01-19 18:02:12.206  3709  3726 I DreamManagerService: Performing gentle wake from dream.
01-19 18:02:12.265  3709  3709 I InputManager: Input event injection from pid 3709 uid 1000
01-19 18:02:12.281  8527  8527 W ProxyAndroidLoggerBackend: Too many Flogger logs received before configuration. Dropping old logs.
01-19 18:02:12.355  9688  9736 I ocessService0:: Background concurrent copying GC freed 1346(179KB) AllocSpace objects, 1(16KB) LOS objects, 49% free, 1770KB/3541KB, paused 142us total 154.060ms
01-19 18:02:12.596  3928  4357 I nv_bt_stats: btif_nv_stats_update_host_stats() addr: ff:ff:ff:ff:ff:ff , json string: cmd_timeout_rsp_after_to
01-19 18:02:12.613  3928  4357 I nv_bt_stats: btif_nv_stats_update_host_stats() addr: ff:ff:ff:ff:ff:ff , json string: cmd_timeout_rsp_after_to
01-19 18:02:12.675  4874  4874 E cast_shell: [0119/180212.675614:ERROR:v2_ipc_handler.cc(141)] Unable to determine which app to bind to
01-19 18:02:12.676  4874  4874 I cast_shell: [0119/180212.676334:INFO:v2_ipc_handler.cc(257)] IPC websocket connection closed id=186
01-19 18:02:12.685  3928  4357 I nv_bt_stats: btif_nv_stats_update_host_stats() addr: ff:ff:ff:ff:ff:ff , json string: cmd_timeout_rsp_after_to
01-19 18:02:12.696  3928  4357 I nv_bt_stats: btif_nv_stats_update_host_stats() addr: ff:ff:ff:ff:ff:ff , json string: cmd_timeout_rsp_after_to
01-19 18:02:12.949  3542  9788 I chatty  : uid=2000(shell) /apex/com.android.adbd/bin/adbd expire 3 lines
01-19 18:02:13.007  3397  3521 V hdcp up : tsec_version: 1
01-19 18:02:13.009  3397  3521 D NvOsDebugPrintf: NvRmStreamFree: WARN: pStream is NULL
01-19 18:02:13.705  4874  4874 E cast_shell: [0119/180213.705124:ERROR:v2_ipc_handler.cc(141)] Unable to determine which app to bind to
01-19 18:02:13.706  4874  4874 I cast_shell: [0119/180213.706285:INFO:v2_ipc_handler.cc(257)] IPC websocket connection closed id=187
01-19 18:02:13.981  3542  9789 I chatty  : uid=2000(shell) /apex/com.android.adbd/bin/adbd expire 3 lines
01-19 18:02:14.255  3709  3743 I PowerManagerService: Waking up from Dreaming (uid=1000, reason=WAKE_REASON_UNKNOWN, details=android.server.power:DREAM_FINISHED)...
01-19 18:02:14.451  4611  4633 I android_os_HwBinder: HwBinder: Starting thread pool for getting: vendor.nvidia.hardware.power@1.0::IPower/default
01-19 18:02:14.495  9242  9272 E libc    : Access denied finding property "ro.vendor.sys.NV_ASYNC"
01-19 18:02:14.495  9242  9272 E libc    : Access denied finding property "ro.vendor.sys.NV_LOGFPS"
01-19 18:02:14.495  9242  9272 E libc    : Access denied finding property "ro.vendor.sys.NV_PROCESS_NAME"
01-19 18:02:14.495  9242  9272 E libc    : Access denied finding property "ro.vendor.sys.NV_FPSDYNAMIC"
01-19 18:02:14.721  4874  4874 E cast_shell: [0119/180214.721369:ERROR:v2_ipc_handler.cc(141)] Unable to determine which app to bind to
01-19 18:02:14.721  4874  4874 I cast_shell: [0119/180214.721885:INFO:v2_ipc_handler.cc(257)] IPC websocket connection closed id=188
01-19 18:02:14.906  3709  4568 D ConnectivityService: ConnectivityService NetworkRequestInfo binderDied(NetworkRequest [ LISTEN id=30, [ Capabilities: INTERNET&NOT_RESTRICTED&TRUSTED Uid: 10005 AdministratorUids: [] RequestorUid: 10005 RequestorPackageName: com.google.android.gms] ], android.os.BinderProxy@655e1a2)
01-19 18:02:14.906  3709  4568 D ConnectivityService: ConnectivityService NetworkRequestInfo binderDied(NetworkRequest [ TRACK_DEFAULT id=29, [ Capabilities: INTERNET&NOT_RESTRICTED&TRUSTED Uid: 10005 AdministratorUids: [] RequestorUid: 10005 RequestorPackageName: com.google.android.gms] ], android.os.BinderProxy@29c9e33)
01-19 18:02:14.908  3709  3840 D ConnectivityService: releasing NetworkRequest [ TRACK_DEFAULT id=29, [ Capabilities: INTERNET&NOT_RESTRICTED&TRUSTED Uid: 10005 AdministratorUids: [] RequestorUid: 10005 RequestorPackageName: com.google.android.gms] ] (release request)
01-19 18:02:14.909  3709  3723 I ActivityManager: Process com.google.android.gms.unstable (pid 5769) has died: cch+55 CEM 
01-19 18:02:14.941  3347  3347 I Zygote  : Process 5769 exited due to signal 9 (Killed)
01-19 18:02:14.996  3347  3347 I Zygote  : Process 8059 exited due to signal 9 (Killed)
01-19 18:02:14.996  3347  3347 I Zygote  : Process 8099 exited due to signal 9 (Killed)
01-19 18:02:15.012  3347  3347 I Zygote  : Process 5152 exited due to signal 9 (Killed)
01-19 18:02:15.037  3542  9794 I chatty  : uid=2000(shell) /apex/com.android.adbd/bin/adbd expire 3 lines
01-19 18:02:15.133  3709  8031 I ActivityManager: Process com.google.android.tvrecommendations:crash_report (pid 8560) has died: cch+5 CEM 
01-19 18:02:15.133  3347  3347 I Zygote  : Process 6088 exited due to signal 9 (Killed)
01-19 18:02:15.133  3347  3347 I Zygote  : Process 6105 exited due to signal 9 (Killed)
01-19 18:02:15.133  3347  3347 I Zygote  : Process 7177 exited due to signal 9 (Killed)
01-19 18:02:15.133  3347  3347 I Zygote  : Process 7538 exited due to signal 9 (Killed)
01-19 18:02:15.133  3347  3347 I Zygote  : Process 8240 exited due to signal 9 (Killed)
01-19 18:02:15.133  3347  3347 I Zygote  : Process 8560 exited due to signal 9 (Killed)
01-19 18:02:15.133  3347  3347 I Zygote  : Process 8848 exited due to signal 9 (Killed)
