01-19 18:10:54.440  3709  3709 D NotificationService: 0|com.google.android.gms|1000|a:GMSCORE_STORE_RENDERER:d7ae7e14fc660000:106394913552912778563|10005: granting content://settings/system/notification_sound
01-19 18:10:54.440  3709  3709 D NotificationService: 0|com.google.android.gms|1000|a:GMSCORE_STORE_RENDERER:f66b9f81c8660000:106394913552912778563|10005: granting content://settings/system/notification_sound
01-19 18:10:54.440  3709  3709 D NotificationService: 0|com.google.android.gms|1000|a:GMSCORE_STORE_RENDERER:127:0:106394913552912778563|10005: granting content://settings/system/notification_sound
01-19 18:10:54.440  3709  3709 D NotificationService: 0|com.dolby.android.audio.service|1|null|10101: granting content://settings/system/notification_sound
01-19 18:10:54.440  3709  3709 D NotificationService: 0|com.nvidia.ota|1|null|10071: granting content://settings/system/notification_sound
01-19 18:10:54.440  3709  3709 D NotificationService: 0|com.google.android.tv.remote.service|8765|null|10032: granting content://settings/system/notification_sound
01-19 18:10:54.740  3709  9007 D CompatibilityChangeReporter: Compat change id reported: 136274596; UID 10036; state: ENABLED
01-19 18:10:55.426  3709  9007 D CompatibilityChangeReporter: Compat change id reported: 135634846; UID 10015; state: DISABLED
01-19 18:10:55.427  3709  3736 D CompatibilityChangeReporter: Compat change id reported: 143937733; UID 10015; state: ENABLED
01-19 18:10:55.436  3709  3736 I ActivityManager: Start proc 11005:com.google.android.tv:common/u0a15 for content provider {com.google.android.tv/com.android.tv.common.CommonPreferenceProvider}
01-19 18:11:01.856  3709  3709 I InputManager: Input event injection from pid 3709 uid 1000
01-19 18:11:01.874  3709  9007 I DreamManagerService: Gently waking up from dream.
01-19 18:11:01.874  3709  3726 I DreamManagerService: Performing gentle wake from dream.
01-19 18:11:02.016  3709  3709 I InputManager: Input event injection from pid 3709 uid 1000
01-19 18:11:02.018  3709  3743 I PowerManagerService: Waking up from Dreaming (uid=1000, reason=WAKE_REASON_UNKNOWN, details=android.server.power:DREAM_FINISHED)...
01-19 18:11:04.459  3709  4193 I DreamManagerService: Leaving dreamland.
01-19 18:11:04.460  3709  3726 I DreamManagerService: Performing gentle wake from dream.
01-19 18:11:04.460  3709  3726 I DreamController: Stopping dream: name=ComponentInfo{com.google.android.backdrop/com.google.android.backdrop.Backdrop}, isTest=false, canDoze=false, userId=0, reason='finished self'(from 'finished self')
01-19 18:11:04.587  3709  3840 D ConnectivityService: releasing NetworkRequest [ TRACK_DEFAULT id=68, [ Capabilities: INTERNET&NOT_RESTRICTED&TRUSTED Uid: 10036 AdministratorUids: [] RequestorUid: 10036 RequestorPackageName: com.google.android.backdrop] ] (release request)
01-19 18:11:04.649  3709  4193 I ActivityManager: Killing 10899:com.google.android.webview:sandboxed_process0:org.chromium.content.app.SandboxedProcessService0:2/u0a36i2 (adj 0): isolated not needed
01-19 18:11:04.728  3709  3740 D KernelCpuUidUserSysTimeReader: Removing uids 99001-99001
01-19 18:11:05.046  3709  3709 I InputManager: Input event injection from pid 3709 uid 1000
01-19 18:11:05.246  3709  3709 I InputManager: Input event injection from pid 3709 uid 1000
01-19 18:11:05.534  3709  4193 D ConnectivityService: requestNetwork for uid/pid:10025/4822 NetworkRequest [ TRACK_DEFAULT id=71, [ Capabilities: INTERNET&NOT_RESTRICTED&TRUSTED Uid: 10025 AdministratorUids: [] RequestorUid: 10025 RequestorPackageName: com.spocky.projengmenu] ]
01-19 18:11:05.534  3709  3840 D ConnectivityService: NetReassign [71 : null → 100]
01-19 18:11:05.769  3709  5268 W ActivityManager: Slow operation: 52ms so far, now at getContentProviderImpl: after updateOomAdj
01-19 18:11:05.769  3709  5268 W ActivityManager: Slow operation: 52ms so far, now at getContentProviderImpl: done!
01-19 18:11:07.209  3709  3709 I InputManager: Input event injection from pid 3709 uid 1000
01-19 18:11:07.406  3709  3709 I InputManager: Input event injection from pid 3709 uid 1000
01-19 18:11:07.415  3709  5268 I ActivityTaskManager: START u0 {act=android.intent.action.MAIN cat=[android.intent.category.LEANBACK_LAUNCHER] flg=0x10000000 pkg=com.risa.app cmp=com.risa.app/.MainActivity} from uid 10025
01-19 18:11:07.442  3709  3840 D ConnectivityService: releasing NetworkRequest [ TRACK_DEFAULT id=71, [ Capabilities: INTERNET&NOT_RESTRICTED&TRUSTED Uid: 10025 AdministratorUids: [] RequestorUid: 10025 RequestorPackageName: com.spocky.projengmenu] ] (release request)
01-19 18:11:07.444  3709  5268 W ActivityTaskManager: Tried to set launchTime (0) < mLastActivityLaunchTime (1105133)
01-19 18:11:10.504  3709  4468 E TaskPersister: File error accessing recents directory (directory doesn't exist?).
01-19 18:11:29.948  3709  3709 I InputManager: Input event injection from pid 3709 uid 1000
01-19 18:11:44.356  3709  3709 I chatty  : uid=1000 system_server identical 12 lines
01-19 18:11:44.564  3709  3709 I InputManager: Input event injection from pid 3709 uid 1000
01-19 18:11:46.052  3709  3820 I WindowManager: Input event dispatching timed out sending to com.risa.app/com.risa.app.MainActivity.  Reason: 9536c96 com.risa.app/com.risa.app.MainActivity (server) is not responding. Waited 5001ms for KeyEvent
01-19 18:11:46.104  3709  3820 D WindowManager: notifyANR took 62ms
01-19 18:11:46.109  3709  3709 I InputManager: Input event injection from pid 3709 uid 1000
01-19 18:11:46.145  3709 11374 I ActivityManager: dumpStackTraces pids={3928=true, 4267=true, 4341=true, 4370=true, 4391=true, 4473=true, 4793=true, 4822=true, 4844=true, 4874=true, 4996=true, 5081=true, 5295=true, 6880=true, 7011=true, 7035=true, 7937=true, 8042=true, 8527=true, 9804=true, 9950=true, 9975=true, 10042=true, 10099=true, 10468=true, 10629=true, 10848=true, 10861=true, 10907=true, 11005=true} nativepids=[2884, 3343, 3345, 3428, 3438, 3561, 3562, 3579, 3580, 3588, 3596, 3602, 3928]
01-19 18:11:46.308  3709  3709 I InputManager: Input event injection from pid 3709 uid 1000
01-19 18:11:46.553  3709 11374 I ActivityManager: Skipping next CPU consuming process, not a java proc: 10383
01-19 18:11:46.553  3709 11374 I ActivityManager: Skipping next CPU consuming process, not a java proc: 3709
01-19 18:11:46.554  3709 11374 I ActivityManager: Skipping next CPU consuming process, not a java proc: 29
01-19 18:11:46.561  3709 11374 I ActivityManager: Dumping to /data/anr/anr_2026-01-19-18-11-46-558
01-19 18:11:46.561  3709 11374 I ActivityManager: Collecting stacks for pid 10383
01-19 18:11:46.960  3709 11374 I ActivityManager: Collecting stacks for pid 3709
01-19 18:11:47.197  3709 11374 I ActivityManager: Collecting stacks for pid 4770
01-19 18:11:47.247  3709 11374 I ActivityManager: Collecting stacks for pid 4752
01-19 18:11:47.298  3709 11374 I ActivityManager: Collecting stacks for pid 4713
01-19 18:11:47.362  3709 11374 I ActivityManager: Collecting stacks for pid 4697
01-19 18:11:47.411  3709 11374 I ActivityManager: Collecting stacks for pid 4681
01-19 18:11:47.466  3709 11374 I ActivityManager: Collecting stacks for pid 4659
01-19 18:11:47.533  3709 11374 I ActivityManager: Collecting stacks for pid 4635
01-19 18:11:47.583  3709 11374 I ActivityManager: Collecting stacks for pid 4611
01-19 18:11:47.633  3709 11374 I ActivityManager: Collecting stacks for pid 4584
01-19 18:11:47.697  3709 11374 I ActivityManager: Collecting stacks for pid 4550
01-19 18:11:47.749  3709 11374 I ActivityManager: Collecting stacks for pid 4521
01-19 18:11:47.805  3709 11374 I ActivityManager: Collecting stacks for pid 4496
01-19 18:11:47.881  3709 11374 I ActivityManager: Collecting stacks for pid 4255
01-19 18:11:47.928  3709 11374 I ActivityManager: Collecting stacks for pid 4227
01-19 18:11:47.974  3709 11374 I ActivityManager: Collecting stacks for pid 4161
01-19 18:11:48.077  3709 11374 I ActivityManager: Collecting stacks for pid 3949
01-19 18:11:48.204  3709 11374 I ActivityManager: Collecting stacks for pid 3901
01-19 18:11:48.261  3709 11374 I ActivityManager: Collecting stacks for pid 3881
01-19 18:11:48.323  3709 11374 I ActivityManager: Collecting stacks for native pid 2884
01-19 18:11:48.344  3709 11374 I ActivityManager: Collecting stacks for native pid 3343
01-19 18:11:48.345  2884  2884 F libc    : crash_dump helper failed to exec
01-19 18:11:48.393  3709 11374 I ActivityManager: Collecting stacks for native pid 3345
01-19 18:11:48.445  3709 11374 I ActivityManager: Collecting stacks for native pid 3428
01-19 18:11:48.505  3709 11374 I ActivityManager: Collecting stacks for native pid 3438
01-19 18:11:48.584  3709 11374 I ActivityManager: Collecting stacks for native pid 3561
01-19 18:11:48.653  3709  3709 I InputManager: Input event injection from pid 3709 uid 1000
01-19 18:11:48.669  3709 11374 I ActivityManager: Collecting stacks for native pid 3562
01-19 18:11:48.702  3709 11374 I ActivityManager: Collecting stacks for native pid 3579
01-19 18:11:48.744  3709 11374 I ActivityManager: Collecting stacks for native pid 3580
01-19 18:11:48.775  3709 11374 I ActivityManager: Collecting stacks for native pid 3588
01-19 18:11:48.820  3709 11374 I ActivityManager: Collecting stacks for native pid 3596
01-19 18:11:48.854  3709  3709 I InputManager: Input event injection from pid 3709 uid 1000
01-19 18:11:48.998  3709 11374 I ActivityManager: Collecting stacks for native pid 3602
01-19 18:11:49.059  3709 11374 I ActivityManager: Collecting stacks for native pid 3928
01-19 18:11:49.366  3709 11374 I ActivityManager: Done dumping
01-19 18:11:49.368  3709 11374 E ActivityManager: ANR in com.risa.app (com.risa.app/.MainActivity)
01-19 18:11:49.368  3709 11374 E ActivityManager: PID: 10383
01-19 18:11:49.368  3709 11374 E ActivityManager: Reason: Input dispatching timed out (9536c96 com.risa.app/com.risa.app.MainActivity (server) is not responding. Waited 5001ms for KeyEvent)
01-19 18:11:49.368  3709 11374 E ActivityManager: Parent: com.risa.app/.MainActivity
01-19 18:11:49.368  3709 11374 E ActivityManager: Load: 2.91 / 2.76 / 2.07
01-19 18:11:49.368  3709 11374 E ActivityManager: CPU usage from 239252ms to 0ms ago (2026-01-19 18:07:46.855 to 2026-01-19 18:11:46.108):
01-19 18:11:49.368  3709 11374 E ActivityManager:   128% 10383/com.risa.app: 111% user + 16% kernel / faults: 1301465 minor 125 major
01-19 18:11:49.368  3709 11374 E ActivityManager:   7.8% 3438/surfaceflinger: 4.7% user + 3.1% kernel / faults: 1801 minor 2 major
01-19 18:11:49.368  3709 11374 E ActivityManager:   6.8% 3397/vendor.nvidia.hardware.graphics.composer@2.0-service: 4.7% user + 2% kernel / faults: 2658 minor 2 major
01-19 18:11:49.368  3709 11374 E ActivityManager:   5.8% 1732/mmcqd/0: 0% user + 5.8% kernel
01-19 18:11:49.368  3709 11374 E ActivityManager:   3.6% 4444/nvphsd: 1.2% user + 2.4% kernel / faults: 254 minor
01-19 18:11:49.368  3709 11374 E ActivityManager:   1.5% 1135/tegradc.0/a: 0% user + 1.5% kernel
01-19 18:11:49.368  3709 11374 E ActivityManager:   1.3% 3709/system_server: 0.8% user + 0.5% kernel / faults: 38006 minor 150 major
01-19 18:11:49.368  3709 11374 E ActivityManager:   1% 3483/sugov:0: 0% user + 1% kernel
01-19 18:11:49.368  3709 11374 E ActivityManager:   0.8% 3413/vendor.nvidia.hardware.power@1.0-service: 0.3% user + 0.5% kernel / faults: 235 minor 1 major
01-19 18:11:49.368  3709 11374 E ActivityManager:   0.8% 8527/com.google.android.backdrop: 0.5% user + 0.2% kernel / faults: 29053 minor 215 major
01-19 18:11:49.368  3709 11374 E ActivityManager:   0.6% 879/kswapd0: 0% user + 0.6% kernel
01-19 18:11:49.368  3709 11374 E ActivityManager:   0.6% 3666/nvgpu_channel_p: 0% user + 0.6% kernel
01-19 18:11:49.368  3709 11374 E ActivityManager:   0.6% 832/irq/65-host_syn: 0% user + 0.6% kernel
01-19 18:11:49.368  3709 11374 E ActivityManager:   0.5% 3577/kworker/u8:7: 0% user + 0.5% kernel
01-19 18:11:49.368  3709 11374 E ActivityManager:   0.4% 650/ksmd: 0% user + 0.4% kernel
01-19 18:11:49.368  3709 11374 E ActivityManager:   0.3% 1143/irq/68-tegradc.: 0% user + 0.3% kernel
01-19 18:11:49.368  3709 11374 E ActivityManager:   0.3% 3542/adbd: 0% user + 0.2% kernel / faults: 1487 minor
01-19 18:11:49.368  3709 11374 E ActivityManager:   0.2% 4822/com.spocky.projengmenu: 0.2% user + 0% kernel / faults: 11220 minor 35 major
01-19 18:11:49.368  3709 11374 E ActivityManager:   0.2% 2978/jbd2/mmcblk0p32: 0% user + 0.2% kernel
01-19 18:11:49.368  3709 11374 E ActivityManager:   0.2% 1076/kworker/u8:4: 0% user + 0.2% kernel
01-19 18:11:49.368  3709 11374 E ActivityManager:   0.2% 41/kworker/u8:2: 0% user + 0.2% kernel
01-19 18:11:49.368  3709 11374 E ActivityManager:   0.2% 9000/kworker/u8:0: 0% user + 0.2% kernel
01-19 18:11:49.368  3709 11374 E ActivityManager:   0.1% 10614/kworker/u8:5: 0% user + 0.1% kernel
01-19 18:11:49.368  3709 11374 E ActivityManager:   0.1% 4370/com.google.android.gms.persistent: 0% user + 0% kernel / faults: 9306 minor 100 major
01-19 18:11:49.368  3709 11374 E ActivityManager:   0.1% 3345/netd: 0% user + 0.1% kernel / faults: 2563 minor 6 major
01-19 18:11:49.368  3709 11374 E ActivityManager:   0.1% 10172/kworker/0:1: 0% user + 0.1% kernel
01-19 18:11:49.368  3709 11374 E ActivityManager:   0.1% 1162/nvmap-bz: 0% user + 0.1% kernel
01-19 18:11:49.368  3709 11374 E ActivityManager:   0.1% 2874/logd: 0% user + 0% kernel / faults: 297 minor
01-19 18:11:49.368  3709 11374 E ActivityManager:   0.1% 4996/com.google.android.gms: 0% user + 0% kernel / faults: 10007 minor 70 major
01-19 18:11:49.368  3709 11374 E ActivityManager:   0.1% 4874/com.google.android.apps.mediashell: 0% user + 0% kernel / faults: 2931 minor 34 major
01-19 18:11:49.368  3709 11374 E ActivityManager:   0% 4432/irq/402-brcmf_p: 0% user + 0% kernel
01-19 18:11:49.368  3709 11374 E ActivityManager:   0% 2875/lmkd: 0% user + 0% kernel / faults: 72 minor
01-19 18:11:49.368  3709 11374 E ActivityManager:   0% 10561/kworker/3:0: 0% user + 0% kernel
01-19 18:11:49.368  3709 11374 E ActivityManager:   0% 7/rcu_preempt: 0% user + 0% kernel
01-19 18:11:49.368  3709 11374 E ActivityManager:   0% 10026/kworker/2:1: 0% user + 0% kernel
01-19 18:11:49.368  3709 11374 E ActivityManager:   0% 4473/com.google.android.katniss:interactor: 0% user + 0% kernel / faults: 1499 minor 10 major
01-19 18:11:49.368  3709 11374 E ActivityManager:   0% 1/init: 0% user + 0% kernel / faults: 302 minor 1 major
01-19 18:11:49.368  3709 11374 E ActivityManager:   0% 10440/logcat: 0% user + 0% kernel / faults: 83 minor
01-19 18:11:49.368  3709 11374 E ActivityManager:   0% 1510/kworker/0:1H: 0% user + 0% kernel
01-19 18:11:49.368  3709 11374 E ActivityManager:   0% 1252/kworker/1:2: 0% user + 0% kernel
01-19 18:11:49.368  3709 11374 E ActivityManager:   0% 3378/android.hardware.graphics.allocator@2.0-service: 0% user + 0% kernel / faults: 215 minor
01-19 18:11:49.368  3709 11374 E ActivityManager:   0% 3928/com.android.bluetooth: 0% user + 0% kernel / faults: 837 minor 15 major
01-19 18:11:49.368  3709 11374 E ActivityManager:   0% 3949/com.android.systemui: 0% user + 0% kernel / faults: 2415 minor 12 major
01-19 18:11:49.368  3709 11374 E ActivityManager:   0% 4844/com.google.process.gservices: 0% user + 0% kernel / faults: 1896 minor 3 major
01-19 18:11:49.368  3709 11374 E ActivityManager:   0% 9408/kworker/0:3: 0% user + 0% kernel
01-19 18:11:49.368  3709 11374 E ActivityManager:   0% 5295/com.android.providers.tv: 0% user + 0% kernel / faults: 2068 minor 3 major
01-19 18:11:49.368  3709 11374 E ActivityManager:   0% 3347/zygote64: 0% user + 0% kernel / faults: 667 minor
01-19 18:11:49.368  3709 11374 E ActivityManager:   0% 3386/vendor.nvidia.hardware.bluetooth@1.0-service: 0% user + 0% kernel / faults: 142 minor 4 major
01-19 18:11:49.368  3709 11374 E ActivityManager:   0% 3595/wificond: 0% user + 0% kernel / faults: 193 minor 2 major
01-19 18:11:49.368  3709 11374 E ActivityManager:   0% 3/ksoftirqd/0: 0% user + 0% kernel
01-19 18:11:49.368  3709 11374 E ActivityManager:   0% 58/kworker/u8:3: 0% user + 0% kernel
01-19 18:11:49.368  3709 11374 E ActivityManager:   0% 2876/servicemanager: 0% user + 0% kernel / faults: 161 minor
01-19 18:11:49.368  3709 11374 E ActivityManager:   0% 3343/statsd: 0% user + 0% kernel / faults: 133 minor 1 major
01-19 18:11:49.368  3709 11374 E ActivityManager:   0% 3348/zygote: 0% user + 0% kernel / faults: 1225 minor 53 major
01-19 18:11:49.368  3709 11374 E ActivityManager:   0% 3428/audioserver: 0% user + 0% kernel / faults: 423 minor 4 major
01-19 18:11:49.368  3709 11374 E ActivityManager:   0% 3881/com.nvidia.shieldtech.system: 0% user + 0% kernel / faults: 2092 minor 4 major
01-19 18:11:49.368  3709 11374 E ActivityManager:   0% 4391/com.google.android.inputmethod.latin: 0% user + 0% kernel / faults: 1671 minor 8 major
01-19 18:11:49.368  3709 11374 E ActivityManager:   0% 4752/com.nvidia.app.messaging: 0% user + 0% kernel / faults: 2092 minor 3 major
01-19 18:11:49.368  3709 11374 E ActivityManager:   0% 23/ksoftirqd/2: 0% user + 0% kernel
01-19 18:11:49.368  3709 11374 E ActivityManager:   0% 33/kworker/u8:1: 0% user + 0% kernel
01-19 18:11:49.368  3709 11374 E ActivityManager:   0% 649/kcompactd0: 0% user + 0% kernel
01-19 18:11:49.368  3709 11374 E ActivityManager:   0% 2877/hwservicemanager: 0% user + 0% kernel / faults: 284 minor 1 major
01-19 18:11:49.368  3709 11374 E ActivityManager:   0% 3362/android.hardware.audio.service: 0% user + 0% kernel / faults: 218 minor
01-19 18:11:49.368  3709 11374 E ActivityManager:   0% 3375/android.hardware.drm@1.3-service.widevine: 0% user + 0% kernel / faults: 230 minor 18 major
01-19 18:11:49.368  3709 11374 E ActivityManager:   0% 3382/android.hardware.memtrack@1.0-service: 0% user + 0% kernel / faults: 73 minor
01-19 18:11:49.368  3709 11374 E ActivityManager:   0% 3385/android.hardware.wifi@1.0-service: 0% user + 0% kernel / faults: 204 minor
01-19 18:11:49.368  3709 11374 E ActivityManager:   0% 3604/mdnsd: 0% user + 0% kernel / faults: 45 minor
01-19 18:11:49.368  3709 11374 E ActivityManager:   0% 4521/com.nvidia.bluetooth.ShieldBluetoothManager: 0% user + 0% kernel / faults: 742 minor 3 major
01-19 18:11:49.368  3709 11374 E ActivityManager:   0% 8621/kworker/2:2: 0% user + 0% kernel
01-19 18:11:49.368  3709 11374 E ActivityManager:   0% 8/rcu_sched: 0% user + 0% kernel
01-19 18:11:49.368  3709 11374 E ActivityManager:   0% 10/migration/0: 0% user + 0% kernel
01-19 18:11:49.368  3709 11374 E ActivityManager:   0% 17/ksoftirqd/1: 0% user + 0% kernel
01-19 18:11:49.368  3709 11374 E ActivityManager:   0% 952/kworker/u9:0: 0% user + 0% kernel
01-19 18:11:49.368  3709 11374 E ActivityManager:   0% 3313/android.system.suspend@1.0-service: 0% user + 0% kernel / faults: 81 minor 2 major
01-19 18:11:49.368  3709 11374 E ActivityManager:   0% 3363/android.hardware.audio@6.0-service-msd: 0% user + 0% kernel / faults: 103 minor
01-19 18:11:49.368  3709 11374 E ActivityManager:   0% 3559/traced: 0% user + 0% kernel / faults: 414 minor 3 major
01-19 18:11:49.368  3709 11374 E ActivityManager:   0% 3570/iorapd: 0% user + 0% kernel / faults: 632 minor 9 major
01-19 18:11:49.368  3709 11374 E ActivityManager:   0% 3588/mediaserver: 0% user + 0% kernel / faults: 165 minor 10 major
01-19 18:11:49.368  3709 11374 E ActivityManager:   0% 4195/webview_zygote: 0% user + 0% kernel / faults: 497 minor 1 major
01-19 18:11:49.368  3709 11374 E ActivityManager:   0% 4456/wpa_supplicant: 0% user + 0% kernel / faults: 459 minor 4 major
01-19 18:11:49.368  3709 11374 E ActivityManager:   0% 4496/com.nvidia.blakepairing: 0% user + 0% kernel / faults: 704 minor 5 major
01-19 18:11:49.368  3709 11374 E ActivityManager:   0% 4611/com.nvidia.NvCPLSvc: 0% user + 0% kernel / faults: 1020 minor 3 major
01-19 18:11:49.368  3709 11374 E ActivityManager:   0% 5081/com.android.vending: 0% user + 0% kernel / faults: 678 minor 6 major
01-19 18:11:49.368  3709 11374 E ActivityManager:   0% 7035/com.nvidia.stats: 0% user + 0% kernel / faults: 851 minor 1 major
01-19 18:11:49.368  3709 11374 E ActivityManager:   0% 9804/com.nvidia.shield.ask: 0% user + 0% kernel / faults: 585 minor 5 major
01-19 18:11:49.368  3709 11374 E ActivityManager:   0% 9975/com.google.android.tungsten.setupwraith: 0% user + 0% kernel / faults: 738 minor
01-19 18:11:49.368  3709 11374 E ActivityManager:   0% 10042/com.nvidia.tegrazone3: 0% user + 0% kernel / faults: 104 minor
01-19 18:11:49.368  3709 11374 E ActivityManager:  +0% 10629/com.android.vending:instant_app_installer: 0% user + 0% kernel
01-19 18:11:49.368  3709 11374 E ActivityManager:  +0% 10714/kworker/0:0: 0% user + 0% kernel
01-19 18:11:49.368  3709 11374 E ActivityManager:  +0% 10815/kworker/1:1: 0% user + 0% kernel
01-19 18:11:49.368  3709 11374 E ActivityManager:  +0% 10848/com.google.android.tv: 0% user + 0% kernel
01-19 18:11:49.368  3709 11374 E ActivityManager:  +0% 10855/kworker/u8:6: 0% user + 0% kernel
01-19 18:11:49.368  3709 11374 E ActivityManager:  +0% 10856/kworker/u8:8: 0% user + 0% kernel
01-19 18:11:49.368  3709 11374 E ActivityManager:  +0% 10857/kworker/u8:9: 0% user + 0% kernel
01-19 18:11:49.368  3709 11374 E ActivityManager:  +0% 10858/kworker/u8:10: 0% user + 0% kernel
01-19 18:11:49.368  3709 11374 E ActivityManager:  +0% 10859/kworker/u8:11: 0% user + 0% kernel
01-19 18:11:49.368  3709 11374 E ActivityManager:  +0% 10861/com.google.android.tvrecommendations:crash_report: 0% user + 0% kernel
01-19 18:11:49.368  3709 11374 E ActivityManager:  +0% 10907/com.google.android.tvrecommendations: 0% user + 0% kernel
01-19 18:11:49.368  3709 11374 E ActivityManager:  +0% 11005/com.google.android.tv:common: 0% user + 0% kernel
01-19 18:11:49.368  3709 11374 E ActivityManager:  +0% 11259/kworker/0:2: 0% user + 0% kernel
01-19 18:11:49.368  3709 11374 E ActivityManager: 50% TOTAL: 31% user + 9.9% kernel + 7.5% iowait + 1% irq + 0.4% softirq
01-19 18:11:49.368  3709 11374 E ActivityManager: CPU usage from 37ms to 424ms later (2026-01-19 18:11:46.145 to 2026-01-19 18:11:46.532):
01-19 18:11:49.368  3709 11374 E ActivityManager:   195% 10383/com.risa.app: 195% user + 0% kernel / faults: 350 minor
01-19 18:11:49.368  3709 11374 E ActivityManager:     97% 10383/com.risa.app: 97% user + 0% kernel
01-19 18:11:49.368  3709 11374 E ActivityManager:     97% 11118/DartWorker: 97% user + 0% kernel
01-19 18:11:49.368  3709 11374 E ActivityManager:   40% 3709/system_server: 12% user + 27% kernel / faults: 364 minor
01-19 18:11:49.368  3709 11374 E ActivityManager:     37% 11374/AnrConsumer: 12% user + 24% kernel
01-19 18:11:49.368  3709 11374 E ActivityManager:     3% 3820/InputDispatcher: 3% user + 0% kernel
01-19 18:11:49.368  3709 11374 E ActivityManager:   2.6% 29/ksoftirqd/3: 0% user + 2.6% kernel
01-19 18:11:49.368  3709 11374 E ActivityManager: 62% TOTAL: 54% user + 7.7% kernel + 0.6% softirq
01-19 18:11:49.372  3709  3727 W ActivityTaskManager:   Force finishing activity com.risa.app/.MainActivity
01-19 18:11:49.379  3709 11374 D ActivityManager: Completed ANR of com.risa.app in 3275ms, latency 5ms
01-19 18:11:49.388  3709 11431 I DropBoxManagerService: add tag=data_app_anr isTagEnabled=true flags=0x2
01-19 18:11:49.395  3709  3727 I ActivityManager: Killing 10383:com.risa.app/u0a271 (adj 0): user request after error
01-19 18:11:49.405  3709  3734 V RescueParty: Disabled because of manual property
01-19 18:11:49.423  3709  3735 W BroadcastQueue: Background execution not allowed: receiving Intent { act=android.intent.action.DROPBOX_ENTRY_ADDED flg=0x10 (has extras) } to com.google.android.gms/.stats.service.DropBoxEntryAddedReceiver
01-19 18:11:49.423  3709  3735 W BroadcastQueue: Background execution not allowed: receiving Intent { act=android.intent.action.DROPBOX_ENTRY_ADDED flg=0x10 (has extras) } to com.nvidia.stats/.CollectionsReceiver
01-19 18:11:49.444  3709  3709 I InputManager: Input event injection from pid 3709 uid 1000
01-19 18:11:49.521  3709  9007 I WindowManager: WIN DEATH: Window{9536c96 u0 com.risa.app/com.risa.app.MainActivity}
01-19 18:11:49.524  3709  8589 W WindowManager: Cannot find window which accessibility connection is added to
01-19 18:11:49.535  3709  3729 W ActivityManager: setHasOverlayUi called on unknown pid: 10383
01-19 18:11:49.569  3709  8589 D ConnectivityService: requestNetwork for uid/pid:10025/4822 NetworkRequest [ TRACK_DEFAULT id=72, [ Capabilities: INTERNET&NOT_RESTRICTED&TRUSTED Uid: 10025 AdministratorUids: [] RequestorUid: 10025 RequestorPackageName: com.spocky.projengmenu] ]
01-19 18:11:49.570  3709  3840 D ConnectivityService: NetReassign [72 : null → 100]
01-19 18:11:49.644  3709  3709 I InputManager: Input event injection from pid 3709 uid 1000
01-19 18:11:49.873  3709  3729 W ActivityTaskManager: Activity top resumed state loss timeout for ActivityRecord{610ecc8 u0 com.risa.app/.MainActivity t-1 f}}
01-19 18:11:52.567  3709  4468 E TaskPersister: File error accessing recents directory (directory doesn't exist?).
01-19 18:16:42.674  3709  3743 V DisplayPowerController: Brightness [0.05] reason changing to: 'manual [ dim ]', previous reason: 'manual'.
01-19 18:16:49.649  3709  3743 I PowerManagerService: Nap time (uid 1000)...
01-19 18:16:49.650  3709  3743 I DreamManagerService: Entering dreamland.
01-19 18:16:49.651  3709  3743 I PowerManagerService: Dreaming...
01-19 18:16:49.656  3709  3726 I DreamController: Starting dream: name=ComponentInfo{com.google.android.backdrop/com.google.android.backdrop.Backdrop}, isTest=false, canDoze=false, userId=0
01-19 18:16:49.667  3709  5324 I ActivityTaskManager: START u0 {flg=0x10000000 pkg=com.google.android.backdrop cmp=com.google.android.backdrop/android.service.dreams.DreamActivity (has extras)} from uid 10036
01-19 18:16:49.683  3709  9007 W ActivityTaskManager: Tried to set launchTime (0) < mLastActivityLaunchTime (1413595)
01-19 18:16:49.686  3709  3840 D ConnectivityService: releasing NetworkRequest [ TRACK_DEFAULT id=72, [ Capabilities: INTERNET&NOT_RESTRICTED&TRUSTED Uid: 10025 AdministratorUids: [] RequestorUid: 10025 RequestorPackageName: com.spocky.projengmenu] ] (release request)
01-19 18:16:49.721  3570  4160 W iorapd  : Overwriting transition from kActivityLaunched to kIntentStarted into kActivityLaunchCancelled
01-19 18:16:49.750  3709  9793 I ActivityTaskManager: START u0 {act=com.google.android.tvlauncher.intent.action.LAUNCH_BOOT_HELPER_EMPTY_ACTIVITY cat=[android.intent.category.DEFAULT] flg=0x10008000 pkg=com.google.android.tvlauncher} from uid 10019
01-19 18:16:49.752 10907 10907 E AndroidRuntime: FATAL EXCEPTION: main
01-19 18:16:49.752 10907 10907 E AndroidRuntime: Process: com.google.android.tvrecommendations, PID: 10907
01-19 18:16:49.752 10907 10907 E AndroidRuntime: java.lang.RuntimeException: Error receiving broadcast Intent { act=android.intent.action.DREAMING_STARTED flg=0x40000010 } in dua@783a73e
01-19 18:16:49.752 10907 10907 E AndroidRuntime: 	at android.app.LoadedApk$ReceiverDispatcher$Args.lambda$getRunnable$0$LoadedApk$ReceiverDispatcher$Args(LoadedApk.java:1590)
01-19 18:16:49.752 10907 10907 E AndroidRuntime: 	at android.app.-$$Lambda$LoadedApk$ReceiverDispatcher$Args$_BumDX2UKsnxLVrE6UJsJZkotuA.run(Unknown Source:2)
01-19 18:16:49.752 10907 10907 E AndroidRuntime: 	at android.os.Handler.handleCallback(Handler.java:938)
01-19 18:16:49.752 10907 10907 E AndroidRuntime: 	at android.os.Handler.dispatchMessage(Handler.java:99)
01-19 18:16:49.752 10907 10907 E AndroidRuntime: 	at android.os.Looper.loop(Looper.java:223)
01-19 18:16:49.752 10907 10907 E AndroidRuntime: 	at android.app.ActivityThread.main(ActivityThread.java:7668)
01-19 18:16:49.752 10907 10907 E AndroidRuntime: 	at java.lang.reflect.Method.invoke(Native Method)
01-19 18:16:49.752 10907 10907 E AndroidRuntime: 	at com.android.internal.os.RuntimeInit$MethodAndArgsCaller.run(RuntimeInit.java:592)
01-19 18:16:49.752 10907 10907 E AndroidRuntime: 	at com.android.internal.os.ZygoteInit.main(ZygoteInit.java:947)
01-19 18:16:49.752 10907 10907 E AndroidRuntime: Caused by: android.content.ActivityNotFoundException: No Activity found to handle Intent { act=com.google.android.tvlauncher.intent.action.LAUNCH_BOOT_HELPER_EMPTY_ACTIVITY cat=[android.intent.category.DEFAULT] flg=0x10008000 pkg=com.google.android.tvlauncher }
01-19 18:16:49.752 10907 10907 E AndroidRuntime: 	at android.app.Instrumentation.checkStartActivityResult(Instrumentation.java:2067)
01-19 18:16:49.752 10907 10907 E AndroidRuntime: 	at android.app.Instrumentation.execStartActivity(Instrumentation.java:1727)
01-19 18:16:49.752 10907 10907 E AndroidRuntime: 	at android.app.ContextImpl.startActivity(ContextImpl.java:1023)
01-19 18:16:49.752 10907 10907 E AndroidRuntime: 	at android.app.ContextImpl.startActivity(ContextImpl.java:994)
01-19 18:16:49.752 10907 10907 E AndroidRuntime: 	at android.content.ContextWrapper.startActivity(ContextWrapper.java:403)
01-19 18:16:49.752 10907 10907 E AndroidRuntime: 	at dqn.i(PG:24)
01-19 18:16:49.752 10907 10907 E AndroidRuntime: 	at dua.onReceive(PG:204)
01-19 18:16:49.752 10907 10907 E AndroidRuntime: 	at android.app.LoadedApk$ReceiverDispatcher$Args.lambda$getRunnable$0$LoadedApk$ReceiverDispatcher$Args(LoadedApk.java:1580)
01-19 18:16:49.752 10907 10907 E AndroidRuntime: 	... 8 more
01-19 18:16:49.752  3570  4160 W iorapd  : Rejecting transition from kActivityLaunchCancelled to kIntentFailed
01-19 18:16:49.787  3709 10885 D ConnectivityService: requestNetwork for uid/pid:10036/8527 NetworkRequest [ TRACK_DEFAULT id=73, [ Capabilities: INTERNET&NOT_RESTRICTED&TRUSTED Uid: 10036 AdministratorUids: [] RequestorUid: 10036 RequestorPackageName: com.google.android.backdrop] ]
01-19 18:16:49.789  3709  3840 D ConnectivityService: NetReassign [73 : null → 100]
01-19 18:16:49.790  3709  3840 D ConnectivityService: NetReassign [no changes]
01-19 18:16:49.829  3709 10885 D CompatibilityChangeReporter: Compat change id reported: 135634846; UID 10036; state: DISABLED
01-19 18:16:49.829  3709  3736 D CompatibilityChangeReporter: Compat change id reported: 143937733; UID 10036; state: ENABLED
01-19 18:16:49.836  3709  3840 D ConnectivityService: NetReassign [no changes]
01-19 18:16:49.840  3709  9910 D NotificationListeners: Removing active service ComponentInfo{com.google.android.tvrecommendations/com.google.android.tvrecommendations.NotificationsService}
01-19 18:16:49.841  3709  3709 V NotificationListeners: 0 notification listener connection lost: ComponentInfo{com.google.android.tvrecommendations/com.google.android.tvrecommendations.NotificationsService}
01-19 18:16:49.843  3709  5270 I ActivityManager: Process com.google.android.tvrecommendations (pid 10907) has died: prcl BFGS
01-19 18:16:49.844  3709  5270 W ActivityManager: Scheduling restart of crashed service com.google.android.tvrecommendations/.NotificationsService in 1000ms for connection
01-19 18:16:49.847  3709  3736 I ActivityManager: Start proc 11788:com.google.android.webview:sandboxed_process0:org.chromium.content.app.SandboxedProcessService0:3/u0i3 for  {com.google.android.backdrop/org.chromium.content.app.SandboxedProcessService0:3}
01-19 18:16:49.869  3709 10885 D CompatibilityChangeReporter: Compat change id reported: 136274596; UID 10036; state: ENABLED
01-19 18:16:49.929  3570  4160 W iorapd  : Rejecting transition from kUninitialized to kActivityLaunchFinished
01-19 18:16:49.929  3709  3743 V DisplayPowerController: Brightness [0.39763778] reason changing to: 'manual', previous reason: 'manual [ dim ]'.
01-19 18:16:50.845  3709  3735 D CompatibilityChangeReporter: Compat change id reported: 135634846; UID 10019; state: DISABLED
01-19 18:16:50.845  3709  3736 D CompatibilityChangeReporter: Compat change id reported: 143937733; UID 10019; state: ENABLED
01-19 18:16:50.855  3709  3736 I ActivityManager: Start proc 11826:com.google.android.tvrecommendations/u0a19 for service {com.google.android.tvrecommendations/com.google.android.tvrecommendations.NotificationsService}
01-19 18:16:51.072  3709  3709 V NotificationListeners: 0 notification listener service connected: ComponentInfo{com.google.android.tvrecommendations/com.google.android.tvrecommendations.NotificationsService}
01-19 18:16:51.073  3709  3709 D NotificationService: 0|com.nvidia.ota|1|ShieldOTA|10071: granting content://settings/system/notification_sound
01-19 18:16:51.073  3709  3709 D NotificationService: 0|com.google.android.gms|2147483647|ranker_group|10005|ranker_group: granting content://settings/system/notification_sound
01-19 18:16:51.075  3709  3709 D NotificationService: 0|com.google.android.gms|1000|a:GMSCORE_STORE_RENDERER:c6afaeefe0e60000:106394913552912778563|10005: granting content://settings/system/notification_sound
01-19 18:16:51.075  3709  3709 D NotificationService: 0|com.google.android.gms|1000|a:GMSCORE_STORE_RENDERER:54066fce52e60000:106394913552912778563|10005: granting content://settings/system/notification_sound
01-19 18:16:51.075  3709  3709 D NotificationService: 0|com.google.android.gms|1000|a:GMSCORE_STORE_RENDERER:a0de338e52e60000:106394913552912778563|10005: granting content://settings/system/notification_sound
01-19 18:16:51.076  3709  3709 D NotificationService: 0|com.google.android.gms|1000|a:GMSCORE_STORE_RENDERER:1670061fd4e60000:106394913552912778563|10005: granting content://settings/system/notification_sound
01-19 18:16:51.076  3709  3709 D NotificationService: 0|com.google.android.gms|1000|a:GMSCORE_STORE_RENDERER:d7ae7e14fc660000:106394913552912778563|10005: granting content://settings/system/notification_sound
01-19 18:16:51.076  3709  3709 D NotificationService: 0|com.google.android.gms|1000|a:GMSCORE_STORE_RENDERER:f66b9f81c8660000:106394913552912778563|10005: granting content://settings/system/notification_sound
01-19 18:16:51.076  3709  3709 D NotificationService: 0|com.google.android.gms|1000|a:GMSCORE_STORE_RENDERER:127:0:106394913552912778563|10005: granting content://settings/system/notification_sound
01-19 18:16:51.076  3709  3709 D NotificationService: 0|com.dolby.android.audio.service|1|null|10101: granting content://settings/system/notification_sound
01-19 18:16:51.077  3709  3709 D NotificationService: 0|com.nvidia.ota|1|null|10071: granting content://settings/system/notification_sound
01-19 18:16:51.077  3709  3709 D NotificationService: 0|com.google.android.tv.remote.service|8765|null|10032: granting content://settings/system/notification_sound
01-19 18:17:18.412  3709  3740 D KernelCpuUidUserSysTimeReader: Removing uids 99002-99002
01-19 18:17:47.302  3709  3734 I ProcessStatsService: Pruning old procstats: /data/system/procstats/state-2026-01-18-16-59-20.bin
01-19 18:17:53.496  3709  3709 I InputManager: Input event injection from pid 3709 uid 1000
01-19 18:17:53.502  3709  5324 I DreamManagerService: Gently waking up from dream.
01-19 18:17:53.502  3709  3726 I DreamManagerService: Performing gentle wake from dream.
01-19 18:17:53.700  3709  3709 I InputManager: Input event injection from pid 3709 uid 1000
01-19 18:17:53.703  3709  3743 I PowerManagerService: Waking up from Dreaming (uid=1000, reason=WAKE_REASON_UNKNOWN, details=android.server.power:DREAM_FINISHED)...
01-19 18:17:55.577  3709  5324 D ConnectivityService: requestNetwork for uid/pid:10025/4822 NetworkRequest [ TRACK_DEFAULT id=76, [ Capabilities: INTERNET&NOT_RESTRICTED&TRUSTED Uid: 10025 AdministratorUids: [] RequestorUid: 10025 RequestorPackageName: com.spocky.projengmenu] ]
01-19 18:17:55.577  3709  3840 D ConnectivityService: NetReassign [76 : null → 100]
01-19 18:17:55.799  3709  4573 I DreamManagerService: Leaving dreamland.
01-19 18:17:55.800  3709  3726 I DreamManagerService: Performing gentle wake from dream.
01-19 18:17:55.800  3709  3726 I DreamController: Stopping dream: name=ComponentInfo{com.google.android.backdrop/com.google.android.backdrop.Backdrop}, isTest=false, canDoze=false, userId=0, reason='finished self'(from 'finished self')
01-19 18:17:55.831  3709  3840 D ConnectivityService: releasing NetworkRequest [ TRACK_DEFAULT id=73, [ Capabilities: INTERNET&NOT_RESTRICTED&TRUSTED Uid: 10036 AdministratorUids: [] RequestorUid: 10036 RequestorPackageName: com.google.android.backdrop] ] (release request)
01-19 18:17:55.839  3709  4573 I ActivityManager: Killing 11788:com.google.android.webview:sandboxed_process0:org.chromium.content.app.SandboxedProcessService0:3/u0a36i3 (adj 0): isolated not needed
01-19 18:17:56.971  3709  3709 I InputManager: Input event injection from pid 3709 uid 1000
01-19 18:17:57.834  3709  3709 I chatty  : uid=1000 system_server identical 4 lines
01-19 18:17:58.029  3709  3709 I InputManager: Input event injection from pid 3709 uid 1000
01-19 18:17:58.036  3709  5324 I ActivityTaskManager: START u0 {act=android.intent.action.MAIN cat=[android.intent.category.LEANBACK_LAUNCHER] flg=0x10000000 pkg=io.gh.reisxd.tizentube.cobalt cmp=io.gh.reisxd.tizentube.cobalt/dev.cobalt.app.MainActivity} from uid 10025
01-19 18:17:58.055  3709  3840 D ConnectivityService: releasing NetworkRequest [ TRACK_DEFAULT id=76, [ Capabilities: INTERNET&NOT_RESTRICTED&TRUSTED Uid: 10025 AdministratorUids: [] RequestorUid: 10025 RequestorPackageName: com.spocky.projengmenu] ] (release request)
01-19 18:17:58.056  3709  3729 D CompatibilityChangeReporter: Compat change id reported: 135634846; UID 10190; state: DISABLED
01-19 18:17:58.058  3709  3736 D CompatibilityChangeReporter: Compat change id reported: 143937733; UID 10190; state: ENABLED
01-19 18:17:58.077  3709  3736 I ActivityManager: Start proc 11983:io.gh.reisxd.tizentube.cobalt/u0a190 for pre-top-activity {io.gh.reisxd.tizentube.cobalt/dev.cobalt.app.MainActivity}
01-19 18:17:58.382  3709 10885 D ConnectivityService: requestNetwork for uid/pid:10190/11983 NetworkRequest [ TRACK_DEFAULT id=77, [ Capabilities: INTERNET&NOT_RESTRICTED&TRUSTED Uid: 10190 AdministratorUids: [] RequestorUid: 10190 RequestorPackageName: io.gh.reisxd.tizentube.cobalt] ]
01-19 18:17:58.382  3709  3840 D ConnectivityService: NetReassign [77 : null → 100]
01-19 18:17:58.630  3709  5324 D CompatibilityChangeReporter: Compat change id reported: 136274596; UID 10190; state: ENABLED
01-19 18:17:59.691  3709  3726 W Looper  : Slow dispatch took 261ms android.fg h=android.os.Handler c=java.util.concurrent.FutureTask@2ed1dd3 m=0
01-19 18:17:59.691  3709  3709 W Looper  : Slow dispatch took 262ms main h=android.os.Handler c=<recycled PooledLambda@23e2d10> m=0
01-19 18:17:59.691  3709  3709 W Looper  : Slow delivery took 247ms main h=com.android.server.AlarmManagerService$AlarmHandler c=android.app.PendingIntent$FinishedDispatcher@944009 m=0
01-19 18:17:59.692  3709  3709 W Looper  : Drained
01-19 18:18:02.172  3709  4468 E TaskPersister: File error accessing recents directory (directory doesn't exist?).
01-19 18:18:05.954  3709  3709 I InputManager: Input event injection from pid 3709 uid 1000
01-19 18:18:10.855  3709  3709 I chatty  : uid=1000 system_server identical 2 lines
01-19 18:18:11.059  3709  3709 I InputManager: Input event injection from pid 3709 uid 1000
01-19 18:18:11.555  4874  4874 E ActivityThread: Failed to find provider info for com.google.android.apps.tv.launcherx.coreservices.account.AccountModeContentProvider
01-19 18:18:11.560  4874  4874 E ActivityThread: Failed to find provider info for com.google.android.apps.tv.launcherx.coreservices.account.AccountModeContentProvider
01-19 18:18:11.778  3709  3709 D NotificationService: 0|com.google.android.tvrecommendations|4321|Notification.NowPlaying|10019: granting content://settings/system/notification_sound
01-19 18:18:11.778  3709  3709 I chatty  : uid=1000 system_server identical 1 line
01-19 18:18:11.778  3709  3709 D NotificationService: 0|com.google.android.tvrecommendations|4321|Notification.NowPlaying|10019: granting content://settings/system/notification_sound
01-19 18:18:11.782  3709  3709 W NotificationHistory: Attempted to add notif for locked/gone/disabled user 0
01-19 18:18:15.198  3709  3709 I chatty  : uid=1000 system_server identical 29 lines
01-19 18:18:15.204  3709  3709 W NotificationHistory: Attempted to add notif for locked/gone/disabled user 0
01-19 18:20:55.444  3709  3709 I JobServiceContext: Client timed out while executing (no jobFinished received), sending onStop: c3f1566 #u0a15/1000001 com.google.android.tv/com.android.tv.recommendation.ChannelPreviewUpdater$ChannelPreviewUpdateService
01-19 18:25:50.695  3709  3709 I InputManager: Input event injection from pid 3709 uid 1000
01-19 18:25:50.889  3709  3709 I InputManager: Input event injection from pid 3709 uid 1000
01-19 18:27:30.869  3709  3709 D CompatibilityChangeReporter: Compat change id reported: 135634846; UID 10123; state: DISABLED
01-19 18:27:30.869  3709  3736 D CompatibilityChangeReporter: Compat change id reported: 143937733; UID 10123; state: ENABLED
01-19 18:27:30.882  3709  3736 I ActivityManager: Start proc 12720:ar.tvplayer.tv/u0a123 for service {ar.tvplayer.tv/androidx.work.impl.background.systemjob.SystemJobService}
01-19 18:27:31.525  3709  3735 W BroadcastQueue: Permission Denial: broadcasting Intent { act=android.net.conn.CONNECTIVITY_CHANGE flg=0x4200010 (has extras) } from null (pid=-1, uid=-1) requires ar.tvplayer.tv.DYNAMIC_RECEIVER_NOT_EXPORTED_PERMISSION due to registered receiver BroadcastFilter{fd1677f 10123/u0 ReceiverList{de109e 12720 ar.tvplayer.tv/10123/u0 remote:3833ed9}}
--------- beginning of main
01-19 18:27:41.835  4996  4996 D BoundBrokerSvc: onUnbind: Intent { act=com.google.android.gms.measurement.START pkg=com.google.android.gms }
01-19 18:27:41.880  3542 12801 I chatty  : uid=2000(shell) /apex/com.android.adbd/bin/adbd expire 3 lines
01-19 18:27:42.920  3542 12802 I chatty  : uid=2000(shell) /apex/com.android.adbd/bin/adbd expire 3 lines
01-19 18:27:43.952  3542 12803 I chatty  : uid=2000(shell) /apex/com.android.adbd/bin/adbd expire 3 lines
01-19 18:27:44.400  3709  3734 I UsageStatsService: User[0] Flushing usage stats to disk
01-19 18:27:45.004  3542 12804 I chatty  : uid=2000(shell) /apex/com.android.adbd/bin/adbd expire 3 lines
01-19 18:27:45.655  3397  3521 V hdcp up : tsec_version: 1
01-19 18:27:45.657  3397  3521 D NvOsDebugPrintf: NvRmStreamFree: WARN: pStream is NULL
01-19 18:27:46.006  3542  3542 I chatty  : uid=2000(shell) /apex/com.android.adbd/bin/adbd expire 57 lines
01-19 18:27:46.040  3542  3583 I chatty  : uid=2000(shell) usb ffs open expire 38 lines
01-19 18:27:46.040  3542 12805 I chatty  : uid=2000(shell) /apex/com.android.adbd/bin/adbd expire 3 lines
01-19 18:27:47.092  3542 12806 I chatty  : uid=2000(shell) /apex/com.android.adbd/bin/adbd expire 3 lines
01-19 18:27:47.652  4370  4370 D BoundBrokerSvc: onUnbind: Intent { act=com.google.android.gms.libs.gmscorelogger.service.START dat=chimera-action: cmp=com.google.android.gms/.chimera.PersistentDirectBootAwareApiService }
01-19 18:27:48.132  3542 12807 I chatty  : uid=2000(shell) /apex/com.android.adbd/bin/adbd expire 3 lines
01-19 18:27:49.180  3542 12809 I chatty  : uid=2000(shell) /apex/com.android.adbd/bin/adbd expire 3 lines
01-19 18:27:49.874  4370  4370 W ThreadPoolForeg: type=1400 audit(0.0:355): avc: denied { write } for name="traced_producer" dev="tmpfs" ino=21993 scontext=u:r:gmscore_app:s0:c512,c768 tcontext=u:object_r:traced_producer_socket:s0 tclass=sock_file permissive=0 app=com.google.android.gms
01-19 18:27:50.212  3542 12810 I chatty  : uid=2000(shell) /apex/com.android.adbd/bin/adbd expire 3 lines
01-19 18:27:50.660  3397  3521 V hdcp up : tsec_version: 1
01-19 18:27:50.662  3397  3521 D NvOsDebugPrintf: NvRmStreamFree: WARN: pStream is NULL
01-19 18:27:51.260  3542 12812 I chatty  : uid=2000(shell) /apex/com.android.adbd/bin/adbd expire 3 lines
01-19 18:27:51.456  4874  4874 I chatty  : uid=10009(com.google.android.apps.mediashell) expire 7 lines
01-19 18:27:51.546  4473  5702 W native  : W0000 00:00:1768865271.546097    5702 publisher.cc:36] [FTL] No subscribers for event "hvc.api.events.MetricEvent" from publisher "UmaMetricsForwarder"
01-19 18:27:51.614  4874  5718 I chatty  : uid=10009(com.google.android.apps.mediashell) pool-3-thread-1 expire 1 line
01-19 18:27:51.753  4874  5724 I chatty  : uid=10009(com.google.android.apps.mediashell) MdnsAppFilter_I expire 1 line
01-19 18:27:51.790  4874  4874 I chatty  : uid=10009(com.google.android.apps.mediashell) expire 1 line
01-19 18:27:52.300  3542 12813 I chatty  : uid=2000(shell) /apex/com.android.adbd/bin/adbd expire 3 lines
01-19 18:27:53.340  3542 12814 I chatty  : uid=2000(shell) /apex/com.android.adbd/bin/adbd expire 3 lines
01-19 18:27:54.384  3542 12815 I chatty  : uid=2000(shell) /apex/com.android.adbd/bin/adbd expire 3 lines
01-19 18:27:55.416  3542 12816 I chatty  : uid=2000(shell) /apex/com.android.adbd/bin/adbd expire 3 lines
01-19 18:27:55.666  3397  3521 V hdcp up : tsec_version: 1
01-19 18:27:55.667  3397  3521 D NvOsDebugPrintf: NvRmStreamFree: WARN: pStream is NULL
01-19 18:27:56.448  3542 12817 I chatty  : uid=2000(shell) /apex/com.android.adbd/bin/adbd expire 3 lines
01-19 18:27:57.488  3542 12818 I chatty  : uid=2000(shell) /apex/com.android.adbd/bin/adbd expire 3 lines
01-19 18:27:57.578  4996  4996 W ThreadPoolForeg: type=1400 audit(0.0:356): avc: denied { write } for name="traced_producer" dev="tmpfs" ino=21993 scontext=u:r:gmscore_app:s0:c512,c768 tcontext=u:object_r:traced_producer_socket:s0 tclass=sock_file permissive=0 app=com.google.android.gms
01-19 18:27:58.536  3542 12819 I chatty  : uid=2000(shell) /apex/com.android.adbd/bin/adbd expire 3 lines
01-19 18:27:59.584  3542 12820 I chatty  : uid=2000(shell) /apex/com.android.adbd/bin/adbd expire 3 lines
01-19 18:28:00.616  3542 12821 I chatty  : uid=2000(shell) /apex/com.android.adbd/bin/adbd expire 3 lines
01-19 18:28:00.671  3397  3521 V hdcp up : tsec_version: 1
01-19 18:28:00.672  3397  3521 D NvOsDebugPrintf: NvRmStreamFree: WARN: pStream is NULL
01-19 18:28:01.652  3542 12822 I chatty  : uid=2000(shell) /apex/com.android.adbd/bin/adbd expire 3 lines
01-19 18:28:02.696  3542 12823 I chatty  : uid=2000(shell) /apex/com.android.adbd/bin/adbd expire 3 lines
01-19 18:28:03.732  3542 12824 I chatty  : uid=2000(shell) /apex/com.android.adbd/bin/adbd expire 3 lines
01-19 18:28:04.773  3542 12825 I chatty  : uid=2000(shell) /apex/com.android.adbd/bin/adbd expire 3 lines
01-19 18:28:05.676  3397  3521 V hdcp up : tsec_version: 1
01-19 18:28:05.677  3397  3521 D NvOsDebugPrintf: NvRmStreamFree: WARN: pStream is NULL
01-19 18:28:05.774  3542  3542 I chatty  : uid=2000(shell) /apex/com.android.adbd/bin/adbd expire 42 lines
01-19 18:28:05.804  3542  3583 I chatty  : uid=2000(shell) usb ffs open expire 28 lines
01-19 18:28:05.804  3542 12826 I chatty  : uid=2000(shell) /apex/com.android.adbd/bin/adbd expire 3 lines
01-19 18:28:06.836  3542 12827 I chatty  : uid=2000(shell) /apex/com.android.adbd/bin/adbd expire 3 lines
01-19 18:28:07.876  3542 12828 I chatty  : uid=2000(shell) /apex/com.android.adbd/bin/adbd expire 3 lines
01-19 18:28:08.920  3542 12829 I chatty  : uid=2000(shell) /apex/com.android.adbd/bin/adbd expire 3 lines
01-19 18:28:09.964  3542 12830 I chatty  : uid=2000(shell) /apex/com.android.adbd/bin/adbd expire 3 lines
01-19 18:28:10.681  3397  3521 V hdcp up : tsec_version: 1
01-19 18:28:10.682  3397  3521 D NvOsDebugPrintf: NvRmStreamFree: WARN: pStream is NULL
01-19 18:28:11.004  3542 12831 I chatty  : uid=2000(shell) /apex/com.android.adbd/bin/adbd expire 3 lines
01-19 18:28:12.040  3542 12832 I chatty  : uid=2000(shell) /apex/com.android.adbd/bin/adbd expire 3 lines
01-19 18:28:13.072  3542 12833 I chatty  : uid=2000(shell) /apex/com.android.adbd/bin/adbd expire 3 lines
01-19 18:28:14.124  3542 12834 I chatty  : uid=2000(shell) /apex/com.android.adbd/bin/adbd expire 3 lines
01-19 18:28:15.164  3542 12835 I chatty  : uid=2000(shell) /apex/com.android.adbd/bin/adbd expire 3 lines
01-19 18:28:15.686  3397  3521 V hdcp up : tsec_version: 1
01-19 18:28:15.688  3397  3521 D NvOsDebugPrintf: NvRmStreamFree: WARN: pStream is NULL
01-19 18:28:16.196  3542 12836 I chatty  : uid=2000(shell) /apex/com.android.adbd/bin/adbd expire 3 lines
01-19 18:28:17.244  3542 12837 I chatty  : uid=2000(shell) /apex/com.android.adbd/bin/adbd expire 3 lines
01-19 18:28:18.284  3542 12838 I chatty  : uid=2000(shell) /apex/com.android.adbd/bin/adbd expire 3 lines
01-19 18:28:19.324  3542 12839 I chatty  : uid=2000(shell) /apex/com.android.adbd/bin/adbd expire 3 lines
01-19 18:28:19.890  4370  4370 W ThreadPoolForeg: type=1400 audit(0.0:357): avc: denied { write } for name="traced_producer" dev="tmpfs" ino=21993 scontext=u:r:gmscore_app:s0:c512,c768 tcontext=u:object_r:traced_producer_socket:s0 tclass=sock_file permissive=0 app=com.google.android.gms
01-19 18:28:20.325  3542  3542 I chatty  : uid=2000(shell) /apex/com.android.adbd/bin/adbd expire 12 lines
01-19 18:28:20.363  3542  3583 I chatty  : uid=2000(shell) usb ffs open expire 8 lines
01-19 18:28:20.364  3542 12840 I chatty  : uid=2000(shell) /apex/com.android.adbd/bin/adbd expire 3 lines
01-19 18:28:20.691  3397  3521 V hdcp up : tsec_version: 1
01-19 18:28:20.696  3397  3521 D NvOsDebugPrintf: NvRmStreamFree: WARN: pStream is NULL
01-19 18:28:21.412  3542 12841 I chatty  : uid=2000(shell) /apex/com.android.adbd/bin/adbd expire 3 lines
01-19 18:28:21.692  4874  5654 I chatty  : uid=10009(com.google.android.apps.mediashell) ThreadPoolForeg expire 1 line
01-19 18:28:21.728  4874  4874 I chatty  : uid=10009(com.google.android.apps.mediashell) expire 3 lines
01-19 18:28:22.460  3542 12842 I chatty  : uid=2000(shell) /apex/com.android.adbd/bin/adbd expire 3 lines
01-19 18:28:23.504  3542 12844 I chatty  : uid=2000(shell) /apex/com.android.adbd/bin/adbd expire 3 lines
01-19 18:28:24.506  3542  3542 I chatty  : uid=2000(shell) /apex/com.android.adbd/bin/adbd expire 33 lines
01-19 18:28:24.544  3542  3583 I chatty  : uid=2000(shell) usb ffs open expire 22 lines
01-19 18:28:24.544  3542 12845 I chatty  : uid=2000(shell) /apex/com.android.adbd/bin/adbd expire 3 lines
