--------- beginning of system
12-15 16:32:20.715  3709  3736 W ActivityManager: Slow operation: 63ms so far, now at startProcess: done updating pids map
12-15 16:32:20.715  3709  3709 W ActivityManager: Unable to start service Intent { act=android.service.notification.NotificationListenerService cmp=com.google.android.tvrecommendations/.NotificationsService } U=0: not found
12-15 16:32:20.715  3709  3709 W NotificationListeners: Unable to bind notification listener service: Intent { act=android.service.notification.NotificationListenerService cmp=com.google.android.tvrecommendations/.NotificationsService (has extras) } in user 0
12-15 16:32:20.715  3709  3709 V NotificationAssistants: enabling notification assistant for 0: ComponentInfo{com.google.android.ext.services/android.ext.services.notification.Assistant}
12-15 16:32:20.715  3709  3729 I WindowManager: ******* TELLING SURFACE FLINGER WE ARE BOOTED!
12-15 16:32:20.716  3709  3709 V NotificationAssistants: binding: Intent { act=android.service.notification.NotificationAssistantService cmp=com.google.android.ext.services/android.ext.services.notification.Assistant (has extras) }
12-15 16:32:20.734  3709  3729 I ActivityManagerTiming: FinishBooting
12-15 16:32:20.741  3709  3729 I ActivityManager: About to commit checkpoint
12-15 16:32:20.742  3709  3729 I SystemServiceManager: Starting phase 1000
12-15 16:32:20.742  3709  3729 I ActivityManagerTiming: OnBootPhase_1000
12-15 16:32:20.742  3709  3729 I ActivityManagerTiming: OnBootPhase_1000_com.android.server.security.FileIntegrityService
12-15 16:32:20.742  3709  3729 I ActivityManagerTiming: OnBootPhase_1000_com.android.server.pm.Installer
12-15 16:32:20.742  3709  3729 I ActivityManagerTiming: OnBootPhase_1000_com.android.server.os.DeviceIdentifiersPolicyService
12-15 16:32:20.742  3709  3729 I ActivityManagerTiming: OnBootPhase_1000_com.android.server.uri.UriGrantsManagerService$Lifecycle
12-15 16:32:20.742  3709  3729 I ActivityManagerTiming: OnBootPhase_1000_com.android.server.wm.ActivityTaskManagerService$Lifecycle
12-15 16:32:20.742  3709  3729 I ActivityManagerTiming: OnBootPhase_1000_com.android.server.am.ActivityManagerService$Lifecycle
12-15 16:32:20.742  3709  3729 I ActivityManagerTiming: OnBootPhase_1000_com.android.server.pm.DataLoaderManagerService
12-15 16:32:20.742  3709  3729 I ActivityManagerTiming: OnBootPhase_1000_com.android.server.power.PowerManagerService
12-15 16:32:20.746  3709  3723 D CompatibilityChangeReporter: Compat change id reported: 135634846; UID 10069; state: DISABLED
12-15 16:32:20.746  3709  3736 D CompatibilityChangeReporter: Compat change id reported: 143937733; UID 10069; state: ENABLED
12-15 16:32:20.794  3709  3729 W SystemServiceManager: Service com.android.server.power.PowerManagerService took 52 ms in onBootPhase
12-15 16:32:20.794  3709  3729 I ActivityManagerTiming: OnBootPhase_1000_com.android.server.power.ThermalManagerService
12-15 16:32:20.794  3709  3729 I ActivityManagerTiming: OnBootPhase_1000_com.android.server.recoverysystem.RecoverySystemService$Lifecycle
12-15 16:32:20.794  3709  3729 I ActivityManagerTiming: OnBootPhase_1000_com.android.server.lights.LightsService
12-15 16:32:20.794  3709  3729 I ActivityManagerTiming: OnBootPhase_1000_com.android.server.display.DisplayManagerService
12-15 16:32:20.794  3709  3729 I ActivityManagerTiming: OnBootPhase_1000_com.android.server.pm.UserManagerService$LifeCycle
12-15 16:32:20.794  3709  3729 I ActivityManagerTiming: OnBootPhase_1000_com.android.server.om.OverlayManagerService
12-15 16:32:20.794  3709  3729 I ActivityManagerTiming: OnBootPhase_1000_com.android.server.SensorPrivacyService
12-15 16:32:20.794  3709  3729 I ActivityManagerTiming: OnBootPhase_1000_com.android.server.SystemConfigService
12-15 16:32:20.794  3709  3729 I ActivityManagerTiming: OnBootPhase_1000_com.android.server.BatteryService
12-15 16:32:20.794  3709  3729 I ActivityManagerTiming: OnBootPhase_1000_com.android.server.usage.UsageStatsService
12-15 16:32:20.794  3709  3729 I ActivityManagerTiming: OnBootPhase_1000_com.android.server.webkit.WebViewUpdateService
12-15 16:32:20.794  3709  3729 I ActivityManagerTiming: OnBootPhase_1000_com.android.server.CachedDeviceStateService
12-15 16:32:20.794  3709  3729 I ActivityManagerTiming: OnBootPhase_1000_com.android.server.BinderCallsStatsService$LifeCycle
12-15 16:32:20.795  3709  3729 I ActivityManagerTiming: OnBootPhase_1000_com.android.server.LooperStatsService$Lifecycle
12-15 16:32:20.795  3709  3729 I ActivityManagerTiming: OnBootPhase_1000_com.android.server.rollback.RollbackManagerService
12-15 16:32:20.795  3709  3743 V DisplayPowerController: Brightness [0.39763778] reason changing to: 'manual', previous reason: 'override'.
12-15 16:32:20.795  3709  3736 W ActivityManager: Slow operation: 53ms so far, now at startProcess: building log message
12-15 16:32:20.795  3709  3736 I ActivityManager: Start proc 4391:com.google.android.inputmethod.latin/u0a69 for service {com.google.android.inputmethod.latin/com.android.inputmethod.latin.LatinIME}
12-15 16:32:20.795  3709  3736 W ActivityManager: Slow operation: 53ms so far, now at startProcess: starting to update pids map
12-15 16:32:20.796  3709  3736 W ActivityManager: Slow operation: 53ms so far, now at startProcess: done updating pids map
12-15 16:32:20.804  3709  3729 I ActivityManagerTiming: OnBootPhase_1000_com.android.server.os.BugreportManagerService
12-15 16:32:20.804  3709  3729 I ActivityManagerTiming: OnBootPhase_1000_com.android.server.gpu.GpuService
12-15 16:32:20.804  3709  3729 I ActivityManagerTiming: OnBootPhase_1000_com.android.server.security.KeyChainSystemService
12-15 16:32:20.804  3709  3729 I ActivityManagerTiming: OnBootPhase_1000_com.android.server.telecom.TelecomLoaderService
12-15 16:32:20.804  3709  3729 I ActivityManagerTiming: OnBootPhase_1000_com.android.server.accounts.AccountManagerService$Lifecycle
12-15 16:32:20.804  3709  3729 I ActivityManagerTiming: OnBootPhase_1000_com.android.server.content.ContentService$Lifecycle
12-15 16:32:20.804  3709  3729 I ActivityManagerTiming: OnBootPhase_1000_com.android.server.DropBoxManagerService
12-15 16:32:20.804  3709  3729 I ActivityManagerTiming: OnBootPhase_1000_com.android.server.AlarmManagerService
12-15 16:32:20.804  3709  3729 I ActivityManagerTiming: OnBootPhase_1000_com.android.server.BluetoothService
12-15 16:32:20.804  3709  3729 I ActivityManagerTiming: OnBootPhase_1000_com.android.server.connectivity.IpConnectivityMetrics
12-15 16:32:20.804  3709  3729 I ActivityManagerTiming: OnBootPhase_1000_com.android.server.net.watchlist.NetworkWatchlistService$Lifecycle
12-15 16:32:20.804  3709  3729 I ActivityManagerTiming: OnBootPhase_1000_com.android.server.PinnerService
12-15 16:32:20.804  3709  3729 I ActivityManagerTiming: OnBootPhase_1000_com.google.android.startop.iorap.IorapForwardingService
12-15 16:32:20.805  3709  3729 I ActivityManagerTiming: OnBootPhase_1000_com.android.server.integrity.AppIntegrityManagerService
12-15 16:32:20.805  3709  3729 I ActivityManagerTiming: OnBootPhase_1000_com.android.server.inputmethod.InputMethodManagerService$Lifecycle
12-15 16:32:20.805  3709  3729 I ActivityManagerTiming: OnBootPhase_1000_com.android.server.accessibility.AccessibilityManagerService$Lifecycle
12-15 16:32:20.805  3709  3729 I ActivityManagerTiming: OnBootPhase_1000_com.android.server.StorageManagerService$Lifecycle
12-15 16:32:20.805  3709  3729 D StorageManagerService: FUSE flags. Settings: true. Default: true
12-15 16:32:20.805  3709  3729 I ActivityManagerTiming: OnBootPhase_1000_com.android.server.usage.StorageStatsService$Lifecycle
12-15 16:32:20.805  3709  3729 I ActivityManagerTiming: OnBootPhase_1000_com.android.server.UiModeManagerService
12-15 16:32:20.805  3709  3729 I ActivityManagerTiming: OnBootPhase_1000_com.android.server.locksettings.LockSettingsService$Lifecycle
12-15 16:32:20.805  3709  3729 I ActivityManagerTiming: OnBootPhase_1000_com.android.server.PersistentDataBlockService
12-15 16:32:20.805  3709  3729 I ActivityManagerTiming: OnBootPhase_1000_com.android.server.testharness.TestHarnessModeService
12-15 16:32:20.805  3709  3729 D TestHarnessModeService: Completing Test Harness Mode setup.
12-15 16:32:20.806  3709  3809 D RollbackManager: mRollbackLifetimeDurationInMillis=1209600000
12-15 16:32:20.806  3709  3828 D StorageManagerService: Thinking about init, mBootCompleted=true, mDaemonConnected=true
12-15 16:32:20.806  3709  3828 D StorageManagerService: Setting up emulation state, initlocked=false
12-15 16:32:20.808  3709  3729 I ActivityManagerTiming: OnBootPhase_1000_com.android.server.oemlock.OemLockService
12-15 16:32:20.808  3709  3729 I ActivityManagerTiming: OnBootPhase_1000_com.android.server.DeviceIdleController
12-15 16:32:20.808  3709  3729 I ActivityManagerTiming: OnBootPhase_1000_com.android.server.devicepolicy.DevicePolicyManagerService$Lifecycle
12-15 16:32:20.808  3709  3729 I ActivityManagerTiming: OnBootPhase_1000_com.android.server.textservices.TextServicesManagerService$Lifecycle
12-15 16:32:20.808  3709  3729 I ActivityManagerTiming: OnBootPhase_1000_com.android.server.textclassifier.TextClassificationManagerService$Lifecycle
12-15 16:32:20.808  3709  3729 I ActivityManagerTiming: OnBootPhase_1000_com.android.server.NetworkScoreService$Lifecycle
12-15 16:32:20.808  3709  3729 I ActivityManagerTiming: OnBootPhase_1000_com.android.server.wifi.WifiService
12-15 16:32:20.809  3709  3729 I ActivityManagerTiming: OnBootPhase_1000_com.android.server.wifi.scanner.WifiScanningService
12-15 16:32:20.809  3709  3729 I ActivityManagerTiming: OnBootPhase_1000_com.android.server.wifi.p2p.WifiP2pService
12-15 16:32:20.809  3709  3729 I ActivityManagerTiming: OnBootPhase_1000_com.android.server.ethernet.EthernetService
12-15 16:32:20.809  3709  3729 I ActivityManagerTiming: OnBootPhase_1000_com.android.server.notification.NotificationManagerService
12-15 16:32:20.809  3709  3729 I ActivityManagerTiming: OnBootPhase_1000_com.android.server.storage.DeviceStorageMonitorService
12-15 16:32:20.809  3709  3729 I ActivityManagerTiming: OnBootPhase_1000_com.android.server.location.LocationManagerService$Lifecycle
12-15 16:32:20.809  3709  3729 I ActivityManagerTiming: OnBootPhase_1000_com.android.server.timedetector.TimeDetectorService$Lifecycle
12-15 16:32:20.809  3709  3729 I ActivityManagerTiming: OnBootPhase_1000_com.android.server.timezonedetector.TimeZoneDetectorService$Lifecycle
12-15 16:32:20.809  3709  3729 I ActivityManagerTiming: OnBootPhase_1000_com.android.server.search.SearchManagerService$Lifecycle
12-15 16:32:20.809  3709  3729 I ActivityManagerTiming: OnBootPhase_1000_com.android.server.wallpaper.WallpaperManagerService$Lifecycle
12-15 16:32:20.809  3709  3729 I ActivityManagerTiming: OnBootPhase_1000_com.android.server.audio.AudioService$Lifecycle
12-15 16:32:20.809  3709  3729 I ActivityManagerTiming: OnBootPhase_1000_com.android.server.soundtrigger_middleware.SoundTriggerMiddlewareService$Lifecycle
12-15 16:32:20.809  3709  3729 I ActivityManagerTiming: OnBootPhase_1000_com.android.server.DockObserver
12-15 16:32:20.809  3709  3729 I ActivityManagerTiming: OnBootPhase_1000_com.android.server.midi.MidiService$Lifecycle
12-15 16:32:20.809  3709  3729 I ActivityManagerTiming: OnBootPhase_1000_com.android.server.adb.AdbService$Lifecycle
12-15 16:32:20.809  3709  3729 I ActivityManagerTiming: OnBootPhase_1000_com.android.server.usb.UsbService$Lifecycle
12-15 16:32:20.809  3709  3729 I ActivityManagerTiming: OnBootPhase_1000_com.android.server.display.color.ColorDisplayService
12-15 16:32:20.809  3709  3729 I ActivityManagerTiming: OnBootPhase_1000_com.android.server.job.JobSchedulerService
12-15 16:32:20.809  3709  3729 I ActivityManagerTiming: OnBootPhase_1000_com.android.server.soundtrigger.SoundTriggerService
12-15 16:32:20.809  3709  3729 D SoundTriggerService: onBootPhase: 1000 : false
12-15 16:32:20.809  3709  3729 I ActivityManagerTiming: OnBootPhase_1000_com.android.server.trust.TrustManagerService
12-15 16:32:20.809  3709  3729 I ActivityManagerTiming: OnBootPhase_1000_com.android.server.backup.BackupManagerService$Lifecycle
12-15 16:32:20.809  3709  3729 I ActivityManagerTiming: OnBootPhase_1000_com.android.server.appwidget.AppWidgetService
12-15 16:32:20.809  3709  3729 I ActivityManagerTiming: OnBootPhase_1000_com.android.server.role.RoleManagerService
12-15 16:32:20.809  3709  3729 I ActivityManagerTiming: OnBootPhase_1000_com.android.server.voiceinteraction.VoiceInteractionManagerService
12-15 16:32:20.809  3709  3729 I ActivityManagerTiming: OnBootPhase_1000_com.android.server.GestureLauncherService
12-15 16:32:20.809  3709  3729 I ActivityManagerTiming: OnBootPhase_1000_com.android.server.SensorNotificationService
12-15 16:32:20.812  3709  3729 I ActivityManagerTiming: OnBootPhase_1000_com.android.server.emergency.EmergencyAffordanceService
12-15 16:32:20.812  3709  3729 I ActivityManagerTiming: OnBootPhase_1000_com.android.server.dreams.DreamManagerService
12-15 16:32:20.812  3709  3729 I ActivityManagerTiming: OnBootPhase_1000_com.android.server.blob.BlobStoreManagerService
12-15 16:32:20.812  3709  3726 E AdbDebuggingManager: Expected keyStore, but got tag=null
12-15 16:32:20.813  3709  3729 I ActivityManagerTiming: OnBootPhase_1000_com.android.server.restrictions.RestrictionsManagerService
12-15 16:32:20.813  3709  3726 E AdbDebuggingManager: Expected keyStore, but got tag=null
12-15 16:32:20.813  3709  3729 I ActivityManagerTiming: OnBootPhase_1000_com.android.server.media.MediaSessionService
12-15 16:32:20.813  3709  3729 I ActivityManagerTiming: OnBootPhase_1000_com.android.server.hdmi.HdmiControlService
12-15 16:32:20.813  3709  3729 I ActivityManagerTiming: OnBootPhase_1000_com.android.server.tv.TvInputManagerService
12-15 16:32:20.813  3709  3729 I ActivityManagerTiming: OnBootPhase_1000_com.android.server.media.MediaResourceMonitorService
12-15 16:32:20.813  3709  3729 I ActivityManagerTiming: OnBootPhase_1000_com.android.server.tv.TvRemoteService
12-15 16:32:20.813  3709  3729 I ActivityManagerTiming: OnBootPhase_1000_com.android.server.biometrics.BiometricService
12-15 16:32:20.813  3709  3729 I ActivityManagerTiming: OnBootPhase_1000_com.android.server.biometrics.AuthService
12-15 16:32:20.813  3709  3729 I ActivityManagerTiming: OnBootPhase_1000_com.android.server.pm.ShortcutService$Lifecycle
12-15 16:32:20.813  3709  3729 I ActivityManagerTiming: OnBootPhase_1000_com.android.server.pm.LauncherAppsService
12-15 16:32:20.813  3709  3729 I ActivityManagerTiming: OnBootPhase_1000_com.android.server.pm.CrossProfileAppsService
12-15 16:32:20.813  3709  3729 I ActivityManagerTiming: OnBootPhase_1000_com.android.server.people.PeopleService
12-15 16:32:20.813  3709  3729 I ActivityManagerTiming: OnBootPhase_1000_com.android.server.media.projection.MediaProjectionManagerService
12-15 16:32:20.813  3709  3729 I ActivityManagerTiming: OnBootPhase_1000_com.android.server.slice.SliceManagerService$Lifecycle
12-15 16:32:20.813  3709  3729 I ActivityManagerTiming: OnBootPhase_1000_com.android.server.camera.CameraServiceProxy
12-15 16:32:20.813  3709  3729 I ActivityManagerTiming: OnBootPhase_1000_com.android.server.stats.StatsCompanion$Lifecycle
12-15 16:32:20.814  3709  3729 I ActivityManagerTiming: OnBootPhase_1000_com.android.server.stats.pull.StatsPullAtomService
12-15 16:32:20.814  3709  3729 I ActivityManagerTiming: OnBootPhase_1000_com.android.server.incident.IncidentCompanionService
12-15 16:32:20.814  3709  3729 I ActivityManagerTiming: OnBootPhase_1000_com.android.server.MmsServiceBroker
12-15 16:32:20.814  3709  3729 I ActivityManagerTiming: OnBootPhase_1000_com.android.server.autofill.AutofillManagerService
12-15 16:32:20.814  3709  3729 I ActivityManagerTiming: OnBootPhase_1000_com.android.server.clipboard.ClipboardService
12-15 16:32:20.814  3709  3729 I ActivityManagerTiming: OnBootPhase_1000_com.android.server.appbinding.AppBindingService$Lifecycle
12-15 16:32:20.814  3709  3729 I ActivityManagerTiming: OnBootPhase_1000_com.android.server.policy.PermissionPolicyService
12-15 16:32:20.814  3709  3729 I ActivityManagerTiming: OnBootPhase_1000_com.android.server.pm.StagingManager$Lifecycle
12-15 16:32:20.814  3709  3729 D ActivityManagerTiming: TotalBootTime took to complete: 12400ms
12-15 16:32:20.814  3709  3729 D SystemServerInitThreadPool: Shutdown requested
12-15 16:32:20.814  3709  3729 I SystemServerTiming: WaitInitThreadPoolShutdown
12-15 16:32:20.825  3709  3729 D SystemServerInitThreadPool: Shutdown successful
12-15 16:32:20.827  3709  3729 I ActivityManager: User 0 state changed from BOOTING to RUNNING_LOCKED
12-15 16:32:20.827  3709  3729 W ActivityManager: UserLifecycleEvent 4 received without an active userJourneySession.
12-15 16:32:20.831  3709  3729 D StorageManagerService: unlockUserKey: 0 isFileEncryptedNativeOrEmulated: false hasToken: false hasSecret: false
12-15 16:32:20.832  3709  3729 W ActivityManager: UserLifecycleEvent 5 received without an active userJourneySession.
12-15 16:32:20.832  3709  3729 D ActivityManager: Started unlocking user 0
12-15 16:32:20.832  3709  3729 D ActivityManager: Unlocking user 0 progress 0
12-15 16:32:20.832  3709  3729 D ActivityManager: Unlocking user 0 progress 5
12-15 16:32:20.832  3709  3729 E UserspaceRebootLogger: Userspace reboot is not supported.
12-15 16:32:20.834  2884  2891 D vold    : fscrypt_prepare_user_storage for volume null, user 0, serial 0, flags 2
12-15 16:32:20.834  2884  2891 D vold    : Preparing: /data/system_ce/0
12-15 16:32:20.834  2884  2891 D vold    : Preparing: /data/misc_ce/0
12-15 16:32:20.834  2884  2891 D vold    : Preparing: /data/vendor_ce/0
12-15 16:32:20.837  2884  2891 D vold    : Preparing: /data/media/0
12-15 16:32:20.837  2884  2891 D vold    : Preparing: /data/data
12-15 16:32:20.837  2884  2891 D vold    : Starting restorecon of /data/system_ce/0
12-15 16:32:20.841  3709  3729 D ColorDisplayService: setUp: currentUser=0
12-15 16:32:20.841  2884  2891 D vold    : Finished restorecon of /data/system_ce/0
12-15 16:32:20.841  2884  2891 D vold    : Starting restorecon of /data/vendor_ce/0
12-15 16:32:20.844  2884  2891 D vold    : Finished restorecon of /data/vendor_ce/0
12-15 16:32:20.860  2884  2891 D vold    : Starting restorecon of /data/misc_ce/0
12-15 16:32:20.863  3709  3734 D AppStandbyController: Loading headless system app cache. appIdleEnabled=true
12-15 16:32:20.907  2884  2891 D vold    : Finished restorecon of /data/misc_ce/0
12-15 16:32:20.907  2884  2891 D vold    : /system/bin/vold_prepare_subdirs
12-15 16:32:20.907  2884  2891 D vold    :     prepare
12-15 16:32:20.907  2884  2891 D vold    :     
12-15 16:32:20.907  2884  2891 D vold    :     0
12-15 16:32:20.907  2884  2891 D vold    :     2
12-15 16:32:20.989  2884  2884 D vold    : fscrypt_unlock_user_key 0 serial=0 token_present=0
12-15 16:32:20.989  3709  3726 V UserDataPreparer: Found /data/user/0 with serial number 0
12-15 16:32:20.990  3709  3726 V UserDataPreparer: Found /data/system_ce/0 with serial number 0
12-15 16:32:20.990  3709  3828 D StorageManagerService: Thinking about reset, mBootCompleted=true, mDaemonConnected=true
12-15 16:32:20.990  3709  3828 I StorageSessionController: Started resetting external storage service...
12-15 16:32:20.990  3709  3828 I StorageSessionController: Finished resetting external storage service
12-15 16:32:20.990  3709  3828 I StorageManagerService: Resetting vold...
12-15 16:32:20.990  3709  3726 D UserDataPreparer: Setting property: sys.user.0.ce_available=true
12-15 16:32:20.991  3709  3828 I StorageManagerService: Reset vold
12-15 16:32:20.991  2884  2884 I vold    : onUserAdded: 0
12-15 16:32:20.991  3709  3726 V PackageManager: reconcileAppsData for null u0 0x2 migrateAppData=false
12-15 16:32:21.091  3709  3709 W Looper  : Slow dispatch took 357ms main h=android.app.ActivityThread$H c=android.app.-$$Lambda$LoadedApk$ReceiverDispatcher$Args$_BumDX2UKsnxLVrE6UJsJZkotuA@f465d88 m=0
12-15 16:32:21.107  3709  3709 D ConditionProviders.SCP: onSubscribe condition://android/schedule?days=1.2.3.4.5.6.7&start=22.0&end=7.0&exitAtAlarm=true
12-15 16:32:21.111  3709  3709 D ConditionProviders.SCP: setRegistered true
12-15 16:32:21.114  3709  3846 W ActivityThread: Failed to find provider info for com.android.calendar (user not unlocked)
12-15 16:32:21.114  3709  3846 W ActivityThread: Failed to find provider info for com.android.calendar (user not unlocked)
12-15 16:32:21.130  3385  3385 I android.hardware.wifi@1.0-service: Adding interface handle for wlan0
12-15 16:32:21.130  3385  3385 W android.hardware.wifi@1.0-service: No active wlan interfaces in use! Using default
12-15 16:32:21.130  3385  3385 E android.hardware.wifi@1.0-service: Failed to register radio mode change callback
12-15 16:32:21.130  3385  3385 W android.hardware.wifi@1.0-service: No active wlan interfaces in use! Using default
12-15 16:32:21.132  3709  3709 D ConditionProviders.SCP: evaluateSubscriptionLocked cal=ScheduleCalendar[mDays={1, 2, 3, 4, 5, 6, 7}, mSchedule=ScheduleInfo{days=[1, 2, 3, 4, 5, 6, 7], startHour=22, startMinute=0, endHour=7, endMinute=0, exitAtAlarm=true, nextAlarm=Wed Dec 31 19:00:00 EST 1969 (0)}], now=Sun Dec 15 16:32:21 EST 2024 (1734298341109), nextUserAlarmTime=Wed Dec 31 19:00:00 EST 1969 (0)
12-15 16:32:21.132  3709  3709 D ConditionProviders.SCP: notifyCondition condition://android/schedule?days=1.2.3.4.5.6.7&start=22.0&end=7.0&exitAtAlarm=true STATE_FALSE reason=!meetsSchedule
12-15 16:32:21.132  3385  3385 I android.hardware.wifi@1.0-service: Configured chip in mode 0
12-15 16:32:21.132  3385  3385 W android.hardware.wifi@1.0-service: No active wlan interfaces in use! Using default
12-15 16:32:21.133  3709  3709 D ConditionProviders.SCP: Scheduling evaluate for Sun Dec 15 22:00:00 EST 2024 (1734318000000), in +5h27m38s891ms, now=Sun Dec 15 16:32:21 EST 2024 (1734298341109)
12-15 16:32:21.134  3385  3385 I android.hardware.wifi@1.0-service: Adding interface handle for wlan0
12-15 16:32:21.134  3385  3385 E android.hardware.wifi@1.0-service: Failed to set DFS flag; DFS channels may be unavailable.
12-15 16:32:21.144  3709  3709 I ExplicitHealthCheckController: Explicit health check service is connected ComponentInfo{com.google.android.ext.services/android.ext.services.watchdog.ExplicitHealthCheckServiceImpl}
12-15 16:32:21.144  3709  3709 I ExplicitHealthCheckController: Service initialized, syncing requests
12-15 16:32:21.145  3709  3709 I ConnectivityModuleConnector: Networking module service connected
12-15 16:32:21.147  3709  3709 I ConnectivityModuleConnector: Networking module service connected
12-15 16:32:21.155  3709  3709 I AutofillManagerService: Updating for user 0: disabled=false
12-15 16:32:21.155  3709  3709 E AutofillManagerServiceImpl: Bad service name: com.google.android.gms/.autofill.service.AutofillService
12-15 16:32:21.155  3595  3595 I wificond: create scanner for interface with index: 7
12-15 16:32:21.155  3595  3595 I wificond: subscribe scan result for interface with index: 7
12-15 16:32:21.160  3709  3709 V NotificationAssistants: 0 notification assistant service connected: ComponentInfo{com.google.android.ext.services/android.ext.services.notification.Assistant}
12-15 16:32:21.332  3709  3850 I AS.AudioService: volume level changed in CEC/FIXED mode index:70 oldIndex:70 caller:android
12-15 16:32:21.337  3709  4213 W ActivityManager: Unable to start service Intent { cmp=com.nvidia.bluetooth.ShieldBluetoothManager/.ShieldBluetoothService } U=0: not found
12-15 16:32:21.339  3709  3726 V PackageManager: reconcileAppsData finished 148 packages
12-15 16:32:21.339  3709  3726 I ActivityManager: User 0 state changed from RUNNING_LOCKED to RUNNING_UNLOCKING
12-15 16:32:21.340  3709  3726 D ActivityManager: Unlocking user 0 progress 20
12-15 16:32:21.340  3709  3726 W Looper  : Slow dispatch took 506ms android.fg h=android.os.Handler c=com.android.server.am.-$$Lambda$UserController$stQk1028ON105v_u-VMykVjcxLk@3821e53 m=0
12-15 16:32:21.340  3709  3726 W Looper  : Slow delivery took 505ms android.fg h=android.os.Handler c=com.android.server.am.-$$Lambda$UserController$G0WJmqt4X_QG30fRlvXobn18mrE@ad66390 m=0
12-15 16:32:21.340  3709  3735 I SystemServerTimingAsync: ssm.UnlockingUser-0
12-15 16:32:21.340  3709  3735 I SystemServiceManager: Calling onUnlockingUser 0
12-15 16:32:21.340  3709  3735 I SystemServerTimingAsync: ssm.onUnlockingUser-0_com.android.server.security.FileIntegrityService
12-15 16:32:21.340  3709  3735 I SystemServerTimingAsync: ssm.onUnlockingUser-0_com.android.server.pm.Installer
12-15 16:32:21.340  3709  3735 I SystemServerTimingAsync: ssm.onUnlockingUser-0_com.android.server.os.DeviceIdentifiersPolicyService
12-15 16:32:21.340  3709  3735 I SystemServerTimingAsync: ssm.onUnlockingUser-0_com.android.server.uri.UriGrantsManagerService$Lifecycle
12-15 16:32:21.340  3709  3735 I SystemServerTimingAsync: ssm.onUnlockingUser-0_com.android.server.wm.ActivityTaskManagerService$Lifecycle
12-15 16:32:21.341  3709  3735 I LaunchParamsPersister: Didn't find launch param folder for user 0
12-15 16:32:21.341  3709  3735 I SystemServerTimingAsync: ssm.onUnlockingUser-0_com.android.server.am.ActivityManagerService$Lifecycle
12-15 16:32:21.341  3709  3735 I SystemServerTimingAsync: ssm.onUnlockingUser-0_com.android.server.pm.DataLoaderManagerService
12-15 16:32:21.341  3709  3735 I SystemServerTimingAsync: ssm.onUnlockingUser-0_com.android.server.power.PowerManagerService
12-15 16:32:21.341  3709  3735 I SystemServerTimingAsync: ssm.onUnlockingUser-0_com.android.server.power.ThermalManagerService
12-15 16:32:21.341  3709  3735 I SystemServerTimingAsync: ssm.onUnlockingUser-0_com.android.server.recoverysystem.RecoverySystemService$Lifecycle
12-15 16:32:21.341  3709  3735 I SystemServerTimingAsync: ssm.onUnlockingUser-0_com.android.server.lights.LightsService
12-15 16:32:21.341  3709  3735 I SystemServerTimingAsync: ssm.onUnlockingUser-0_com.android.server.display.DisplayManagerService
12-15 16:32:21.341  3709  3735 I SystemServerTimingAsync: ssm.onUnlockingUser-0_com.android.server.pm.UserManagerService$LifeCycle
12-15 16:32:21.341  3709  3735 I SystemServerTimingAsync: ssm.onUnlockingUser-0_com.android.server.om.OverlayManagerService
12-15 16:32:21.341  3709  3735 I SystemServerTimingAsync: ssm.onUnlockingUser-0_com.android.server.SensorPrivacyService
12-15 16:32:21.341  3709  3735 I SystemServerTimingAsync: ssm.onUnlockingUser-0_com.android.server.SystemConfigService
12-15 16:32:21.341  3709  3735 I SystemServerTimingAsync: ssm.onUnlockingUser-0_com.android.server.BatteryService
12-15 16:32:21.341  3709  3735 I SystemServerTimingAsync: ssm.onUnlockingUser-0_com.android.server.usage.UsageStatsService
12-15 16:32:21.341  3709  3735 I SystemServerTimingAsync: ssm.onUnlockingUser-0_com.android.server.webkit.WebViewUpdateService
12-15 16:32:21.341  3709  3735 I SystemServerTimingAsync: ssm.onUnlockingUser-0_com.android.server.CachedDeviceStateService
12-15 16:32:21.341  3709  3735 I SystemServerTimingAsync: ssm.onUnlockingUser-0_com.android.server.BinderCallsStatsService$LifeCycle
12-15 16:32:21.341  3709  3735 I SystemServerTimingAsync: ssm.onUnlockingUser-0_com.android.server.LooperStatsService$Lifecycle
12-15 16:32:21.341  3709  3735 I SystemServerTimingAsync: ssm.onUnlockingUser-0_com.android.server.rollback.RollbackManagerService
12-15 16:32:21.342  3709  3735 I SystemServerTimingAsync: ssm.onUnlockingUser-0_com.android.server.os.BugreportManagerService
12-15 16:32:21.342  3709  3735 I SystemServerTimingAsync: ssm.onUnlockingUser-0_com.android.server.gpu.GpuService
12-15 16:32:21.342  3709  3735 I SystemServerTimingAsync: ssm.onUnlockingUser-0_com.android.server.security.KeyChainSystemService
12-15 16:32:21.342  3709  3735 I SystemServerTimingAsync: ssm.onUnlockingUser-0_com.android.server.telecom.TelecomLoaderService
12-15 16:32:21.342  3709  3735 I SystemServerTimingAsync: ssm.onUnlockingUser-0_com.android.server.accounts.AccountManagerService$Lifecycle
12-15 16:32:21.342  3709  3735 I SystemServerTimingAsync: ssm.onUnlockingUser-0_com.android.server.content.ContentService$Lifecycle
12-15 16:32:21.342  3709  3735 I SystemServerTimingAsync: ssm.onUnlockingUser-0_com.android.server.DropBoxManagerService
12-15 16:32:21.342  3709  3735 I SystemServerTimingAsync: ssm.onUnlockingUser-0_com.android.server.AlarmManagerService
12-15 16:32:21.342  3709  3735 I SystemServerTimingAsync: ssm.onUnlockingUser-0_com.android.server.BluetoothService
12-15 16:32:21.342  3709  3735 D BluetoothManagerService: User 0 unlocked
12-15 16:32:21.342  3709  3735 I SystemServerTimingAsync: ssm.onUnlockingUser-0_com.android.server.connectivity.IpConnectivityMetrics
12-15 16:32:21.342  3709  3728 D BluetoothManagerService: MESSAGE_USER_UNLOCKED
12-15 16:32:21.342  3709  3735 I SystemServerTimingAsync: ssm.onUnlockingUser-0_com.android.server.net.watchlist.NetworkWatchlistService$Lifecycle
12-15 16:32:21.342  3709  3735 I SystemServerTimingAsync: ssm.onUnlockingUser-0_com.android.server.PinnerService
12-15 16:32:21.342  3709  3735 I SystemServerTimingAsync: ssm.onUnlockingUser-0_com.google.android.startop.iorap.IorapForwardingService
12-15 16:32:21.342  3709  3735 I SystemServerTimingAsync: ssm.onUnlockingUser-0_com.android.server.integrity.AppIntegrityManagerService
12-15 16:32:21.342  3709  3735 I SystemServerTimingAsync: ssm.onUnlockingUser-0_com.android.server.inputmethod.InputMethodManagerService$Lifecycle
12-15 16:32:21.342  3709  3735 I SystemServerTimingAsync: ssm.onUnlockingUser-0_com.android.server.accessibility.AccessibilityManagerService$Lifecycle
12-15 16:32:21.342  3709  3735 I SystemServerTimingAsync: ssm.onUnlockingUser-0_com.android.server.StorageManagerService$Lifecycle
12-15 16:32:21.342  3709  3735 D StorageManagerService: onUnlockUser 0
12-15 16:32:21.342  3709  3735 I StorageSessionController: On user unlock 0
12-15 16:32:21.342  3709  3735 I StorageSessionController: Initialialising...
12-15 16:32:21.355  2884  2884 I vold    : onUserStarted: 0
12-15 16:32:21.356  3709  4213 V StorageManagerService: Found primary storage at VolumeInfo{emulated;0}:
12-15 16:32:21.356  3709  4213 V StorageManagerService:     type=EMULATED diskId=null partGuid= mountFlags=0 mountUserId=0 
12-15 16:32:21.356  3709  4213 V StorageManagerService:     state=UNMOUNTED 
12-15 16:32:21.356  3709  4213 V StorageManagerService:     fsType=null fsUuid=null fsLabel=null 
12-15 16:32:21.356  3709  4213 V StorageManagerService:     path=null internalPath=null 
12-15 16:32:21.356  3709  3726 W Looper  : Drained
12-15 16:32:21.357  3709  3828 I StorageManagerService: Mounting volume VolumeInfo{emulated;0}:
12-15 16:32:21.357  3709  3828 I StorageManagerService:     type=EMULATED diskId=null partGuid= mountFlags=PRIMARY|VISIBLE 
12-15 16:32:21.357  3709  3828 I StorageManagerService:     mountUserId=0 state=UNMOUNTED 
12-15 16:32:21.357  3709  3828 I StorageManagerService:     fsType=null fsUuid=null fsLabel=null 
12-15 16:32:21.357  3709  3828 I StorageManagerService:     path=null internalPath=null 
12-15 16:32:21.359  2884  2884 I vold    : Executing sdcardfs
12-15 16:32:21.360  2884  2884 D vold    : Waiting for sdcardfs to spin up...
12-15 16:32:21.378  3709  3850 I AS.AudioService: volume level changed in CEC/FIXED mode index:70 oldIndex:70 caller:HdmiPlaybackClient.DisplayStatusCallback
12-15 16:32:21.385  4469  4469 W sdcard  : Device explicitly enabled sdcardfs
12-15 16:32:21.388  3709  3735 I SystemServerTimingAsync: ssm.onUnlockingUser-0_com.android.server.usage.StorageStatsService$Lifecycle
12-15 16:32:21.388  3709  3735 I SystemServerTimingAsync: ssm.onUnlockingUser-0_com.android.server.UiModeManagerService
12-15 16:32:21.388  3709  3735 I SystemServerTimingAsync: ssm.onUnlockingUser-0_com.android.server.locksettings.LockSettingsService$Lifecycle
12-15 16:32:21.388  3709  3735 I SystemServerTimingAsync: ssm.onUnlockingUser-0_com.android.server.PersistentDataBlockService
12-15 16:32:21.388  3709  3735 I SystemServerTimingAsync: ssm.onUnlockingUser-0_com.android.server.testharness.TestHarnessModeService
12-15 16:32:21.388  3709  3735 I SystemServerTimingAsync: ssm.onUnlockingUser-0_com.android.server.oemlock.OemLockService
12-15 16:32:21.388  3709  3735 I SystemServerTimingAsync: ssm.onUnlockingUser-0_com.android.server.DeviceIdleController
12-15 16:32:21.388  3709  3735 I SystemServerTimingAsync: ssm.onUnlockingUser-0_com.android.server.devicepolicy.DevicePolicyManagerService$Lifecycle
12-15 16:32:21.389  3709  3735 I SystemServerTimingAsync: ssm.onUnlockingUser-0_com.android.server.textservices.TextServicesManagerService$Lifecycle
12-15 16:32:21.389  3709  3735 W TextServicesManagerService: no available spell checker services found
12-15 16:32:21.389  3709  3735 I SystemServerTimingAsync: ssm.onUnlockingUser-0_com.android.server.textclassifier.TextClassificationManagerService$Lifecycle
12-15 16:32:21.389  3709  3735 I SystemServerTimingAsync: ssm.onUnlockingUser-0_com.android.server.NetworkScoreService$Lifecycle
12-15 16:32:21.389  3709  3735 I SystemServerTimingAsync: ssm.onUnlockingUser-0_com.android.server.wifi.WifiService
12-15 16:32:21.390  3709  3735 I SystemServerTimingAsync: ssm.onUnlockingUser-0_com.android.server.wifi.scanner.WifiScanningService
12-15 16:32:21.390  3709  3735 I SystemServerTimingAsync: ssm.onUnlockingUser-0_com.android.server.wifi.p2p.WifiP2pService
12-15 16:32:21.390  3709  3735 I SystemServerTimingAsync: ssm.onUnlockingUser-0_com.android.server.ethernet.EthernetService
12-15 16:32:21.390  3709  3735 I SystemServerTimingAsync: ssm.onUnlockingUser-0_com.android.server.notification.NotificationManagerService
12-15 16:32:21.390  3709  3735 I SystemServerTimingAsync: ssm.onUnlockingUser-0_com.android.server.storage.DeviceStorageMonitorService
12-15 16:32:21.390  3709  3735 I SystemServerTimingAsync: ssm.onUnlockingUser-0_com.android.server.location.LocationManagerService$Lifecycle
12-15 16:32:21.390  3709  3735 I SystemServerTimingAsync: ssm.onUnlockingUser-0_com.android.server.timedetector.TimeDetectorService$Lifecycle
12-15 16:32:21.390  3709  3735 I SystemServerTimingAsync: ssm.onUnlockingUser-0_com.android.server.timezonedetector.TimeZoneDetectorService$Lifecycle
12-15 16:32:21.390  3709  3735 I SystemServerTimingAsync: ssm.onUnlockingUser-0_com.android.server.search.SearchManagerService$Lifecycle
12-15 16:32:21.390  3709  3735 I SystemServerTimingAsync: ssm.onUnlockingUser-0_com.android.server.wallpaper.WallpaperManagerService$Lifecycle
12-15 16:32:21.390  3709  3735 I WallpaperManagerService: on-unlock-user-0
12-15 16:32:21.390  3709  3735 I SystemServerTimingAsync: ssm.onUnlockingUser-0_com.android.server.audio.AudioService$Lifecycle
12-15 16:32:21.390  3709  3735 I SystemServerTimingAsync: ssm.onUnlockingUser-0_com.android.server.soundtrigger_middleware.SoundTriggerMiddlewareService$Lifecycle
12-15 16:32:21.390  3709  3735 I SystemServerTimingAsync: ssm.onUnlockingUser-0_com.android.server.DockObserver
12-15 16:32:21.390  3709  3735 I SystemServerTimingAsync: ssm.onUnlockingUser-0_com.android.server.midi.MidiService$Lifecycle
12-15 16:32:21.391  3709  3735 I SystemServerTimingAsync: ssm.onUnlockingUser-0_com.android.server.adb.AdbService$Lifecycle
12-15 16:32:21.391  3709  3735 I SystemServerTimingAsync: ssm.onUnlockingUser-0_com.android.server.usb.UsbService$Lifecycle
12-15 16:32:21.391  3709  3735 I SystemServerTimingAsync: ssm.onUnlockingUser-0_com.android.server.display.color.ColorDisplayService
12-15 16:32:21.391  3709  3735 I SystemServerTimingAsync: ssm.onUnlockingUser-0_com.android.server.job.JobSchedulerService
12-15 16:32:21.391  3709  3735 I SystemServerTimingAsync: ssm.onUnlockingUser-0_com.android.server.soundtrigger.SoundTriggerService
12-15 16:32:21.391  3709  3735 I SystemServerTimingAsync: ssm.onUnlockingUser-0_com.android.server.trust.TrustManagerService
12-15 16:32:21.391  3709  3735 I SystemServerTimingAsync: ssm.onUnlockingUser-0_com.android.server.backup.BackupManagerService$Lifecycle
12-15 16:32:21.391  3709  3735 I SystemServerTimingAsync: ssm.onUnlockingUser-0_com.android.server.appwidget.AppWidgetService
12-15 16:32:21.391  3709  3735 I SystemServerTimingAsync: ssm.onUnlockingUser-0_com.android.server.role.RoleManagerService
12-15 16:32:21.391  3709  3735 I SystemServerTimingAsync: ssm.onUnlockingUser-0_com.android.server.voiceinteraction.VoiceInteractionManagerService
12-15 16:32:21.399  3709  3866 I BackupManagerService: Starting service for user: 0
12-15 16:32:21.399  3709  3866 V BackupManagerService: [UserID:0] Starting with transport com.google.android.gms/.backup.BackupTransportService
12-15 16:32:21.400  3709  3866 D BackupManagerService: [UserID:0] Started thread backup-0
12-15 16:32:21.400  3709  3735 D CompatibilityChangeReporter: Compat change id reported: 135634846; UID 10004; state: DISABLED
12-15 16:32:21.400  3709  3735 I SystemServerTimingAsync: ssm.onUnlockingUser-0_com.android.server.GestureLauncherService
12-15 16:32:21.400  3709  3735 I SystemServerTimingAsync: ssm.onUnlockingUser-0_com.android.server.SensorNotificationService
12-15 16:32:21.400  3709  3735 I SystemServerTimingAsync: ssm.onUnlockingUser-0_com.android.server.emergency.EmergencyAffordanceService
12-15 16:32:21.400  3709  3735 I SystemServerTimingAsync: ssm.onUnlockingUser-0_com.android.server.dreams.DreamManagerService
12-15 16:32:21.400  3709  3735 I SystemServerTimingAsync: ssm.onUnlockingUser-0_com.android.server.blob.BlobStoreManagerService
12-15 16:32:21.400  3709  3735 I SystemServerTimingAsync: ssm.onUnlockingUser-0_com.android.server.restrictions.RestrictionsManagerService
12-15 16:32:21.400  3709  3736 D CompatibilityChangeReporter: Compat change id reported: 143937733; UID 10004; state: ENABLED
12-15 16:32:21.400  3709  3735 I SystemServerTimingAsync: ssm.onUnlockingUser-0_com.android.server.media.MediaSessionService
12-15 16:32:21.400  3709  3735 I SystemServerTimingAsync: ssm.onUnlockingUser-0_com.android.server.hdmi.HdmiControlService
12-15 16:32:21.400  3709  3735 I SystemServerTimingAsync: ssm.onUnlockingUser-0_com.android.server.tv.TvInputManagerService
12-15 16:32:21.401  3709  3735 I SystemServerTimingAsync: ssm.onUnlockingUser-0_com.android.server.media.MediaResourceMonitorService
12-15 16:32:21.401  3709  3735 I SystemServerTimingAsync: ssm.onUnlockingUser-0_com.android.server.tv.TvRemoteService
12-15 16:32:21.401  3709  3735 I SystemServerTimingAsync: ssm.onUnlockingUser-0_com.android.server.biometrics.BiometricService
12-15 16:32:21.401  3709  3735 I SystemServerTimingAsync: ssm.onUnlockingUser-0_com.android.server.biometrics.AuthService
12-15 16:32:21.401  3709  3735 I SystemServerTimingAsync: ssm.onUnlockingUser-0_com.android.server.pm.ShortcutService$Lifecycle
12-15 16:32:21.401  3709  3735 I SystemServerTimingAsync: ssm.onUnlockingUser-0_com.android.server.pm.LauncherAppsService
12-15 16:32:21.401  3709  3735 I SystemServerTimingAsync: ssm.onUnlockingUser-0_com.android.server.pm.CrossProfileAppsService
12-15 16:32:21.401  3709  3735 I SystemServerTimingAsync: ssm.onUnlockingUser-0_com.android.server.people.PeopleService
12-15 16:32:21.401  3709  3735 I SystemServerTimingAsync: ssm.onUnlockingUser-0_com.android.server.media.projection.MediaProjectionManagerService
12-15 16:32:21.401  3709  3735 I SystemServerTimingAsync: ssm.onUnlockingUser-0_com.android.server.slice.SliceManagerService$Lifecycle
12-15 16:32:21.401  3709  3735 I SystemServerTimingAsync: ssm.onUnlockingUser-0_com.android.server.camera.CameraServiceProxy
12-15 16:32:21.401  3709  3735 I SystemServerTimingAsync: ssm.onUnlockingUser-0_com.android.server.stats.StatsCompanion$Lifecycle
12-15 16:32:21.401  3709  3735 I SystemServerTimingAsync: ssm.onUnlockingUser-0_com.android.server.stats.pull.StatsPullAtomService
12-15 16:32:21.401  3709  3735 I SystemServerTimingAsync: ssm.onUnlockingUser-0_com.android.server.incident.IncidentCompanionService
12-15 16:32:21.401  3709  3735 I SystemServerTimingAsync: ssm.onUnlockingUser-0_com.android.server.MmsServiceBroker
12-15 16:32:21.401  3709  3735 I SystemServerTimingAsync: ssm.onUnlockingUser-0_com.android.server.autofill.AutofillManagerService
12-15 16:32:21.402  3709  3735 E AutofillManagerServiceImpl: Bad service name: com.google.android.gms/.autofill.service.AutofillService
12-15 16:32:21.402  3709  3735 E AutofillManagerServiceImpl: Bad service name: com.google.android.gms/.autofill.service.AutofillService
12-15 16:32:21.402  3709  3735 I SystemServerTimingAsync: ssm.onUnlockingUser-0_com.android.server.clipboard.ClipboardService
12-15 16:32:21.402  3709  3735 I SystemServerTimingAsync: ssm.onUnlockingUser-0_com.android.server.appbinding.AppBindingService$Lifecycle
12-15 16:32:21.402  3709  3735 W AppBindingService: [Default SMS app] u0 Target package not found
12-15 16:32:21.402  3709  3735 I SystemServerTimingAsync: ssm.onUnlockingUser-0_com.android.server.policy.PermissionPolicyService
12-15 16:32:21.402  3709  3735 I SystemServerTimingAsync: ssm.onUnlockingUser-0_com.android.server.pm.StagingManager$Lifecycle
12-15 16:32:21.403  3709  3726 I ActivityTaskManager: Loading recents for user 0 into memory.
12-15 16:32:21.403  3709  3735 W ActivityManager: UserLifecycleEvent 5 received without an active userJourneySession.
12-15 16:32:21.403  3709  3735 W ActivityManager: UserLifecycleEvent 6 received without an active userJourneySession.
12-15 16:32:21.403  3709  3735 I ActivityManager: User 0 state changed from RUNNING_UNLOCKING to RUNNING_UNLOCKED
12-15 16:32:21.403  3709  3735 D SystemServerTiming: SystemUserUnlock took to complete: 572ms
12-15 16:32:21.410  2884  2884 I vold    : Mounting emulated fuse volume
12-15 16:32:21.419  2884  2884 I vold    : Bind mounting /mnt/runtime/full/emulated to /mnt/pass_through/0/emulated
12-15 16:32:21.423  3709  3828 I StorageSessionController: On volume mount VolumeInfo{emulated;0}:
12-15 16:32:21.423  3709  3828 I StorageSessionController:     type=EMULATED diskId=null partGuid= mountFlags=PRIMARY|VISIBLE 
12-15 16:32:21.423  3709  3828 I StorageSessionController:     mountUserId=0 state=CHECKING 
12-15 16:32:21.423  3709  3828 I StorageSessionController:     fsType=null fsUuid=null fsLabel=null 
12-15 16:32:21.423  3709  3828 I StorageSessionController:     path=/storage/emulated internalPath=/data/media 
12-15 16:32:21.423  3709  3828 I StorageSessionController: Creating connection for user: 0
12-15 16:32:21.423  3709  3828 I StorageSessionController: Creating and starting session with id: emulated;0
12-15 16:32:21.424  3709  3828 I StorageUserConnection: Binding to the ExternalStorageService for user 0
12-15 16:32:21.450  3709  3734 I UsageStatsService: User[0] Rollover scheduled @ 2024-12-16 16:32:21(1734384741371)
12-15 16:32:21.461  3709  3726 W ActivityTaskManager: Task: Unknown attribute=nv_window_state
12-15 16:32:21.461  3709  3726 W ActivityTaskManager: Task: Unknown attribute=is_launcher
12-15 16:32:21.478  3709  3726 W ActivityTaskManager: Task: Unknown attribute=nv_window_state
12-15 16:32:21.478  3709  3726 W ActivityTaskManager: Task: Unknown attribute=is_launcher
12-15 16:32:21.479  3709  3734 I UsageStatsService: User[0] Flushing usage stats to disk
12-15 16:32:21.488  3709  3735 D CompatibilityChangeReporter: Compat change id reported: 135634846; UID 10073; state: DISABLED
12-15 16:32:21.492  3709  3735 D CompatibilityChangeReporter: Compat change id reported: 135634846; UID 1000; state: DISABLED
12-15 16:32:21.493  3709  3735 D CompatibilityChangeReporter: Compat change id reported: 135634846; UID 10101; state: DISABLED
12-15 16:32:21.494  3709  3735 D CompatibilityChangeReporter: Compat change id reported: 135634846; UID 10075; state: DISABLED
12-15 16:32:21.501  3709  3735 D CompatibilityChangeReporter: Compat change id reported: 135634846; UID 10040; state: DISABLED
12-15 16:32:21.503  3709  3735 D CompatibilityChangeReporter: Compat change id reported: 135634846; UID 10049; state: DISABLED
12-15 16:32:21.504  3709  3735 D CompatibilityChangeReporter: Compat change id reported: 135634846; UID 10058; state: DISABLED
12-15 16:32:21.505  3709  3736 W ActivityManager: Slow operation: 106ms so far, now at startProcess: done updating battery stats
12-15 16:32:21.505  3709  3736 W ActivityManager: Slow operation: 106ms so far, now at startProcess: building log message
12-15 16:32:21.506  3709  3736 I ActivityManager: Start proc 4473:com.google.android.katniss:interactor/u0a4 for service {com.google.android.katniss/com.google.android.katniss.search.serviceapi.KatnissVoiceInteractionService}
12-15 16:32:21.506  3709  3736 W ActivityManager: Slow operation: 106ms so far, now at startProcess: starting to update pids map
12-15 16:32:21.506  3709  3736 W ActivityManager: Slow operation: 106ms so far, now at startProcess: done updating pids map
12-15 16:32:21.508  3709  3828 D CompatibilityChangeReporter: Compat change id reported: 135634846; UID 10110; state: DISABLED
12-15 16:32:21.508  3709  3828 I StorageUserConnection: Bound to the ExternalStorageService for user 0
12-15 16:32:21.544  3709  3736 W ActivityManager: Slow operation: 58ms so far, now at startProcess: done updating battery stats
12-15 16:32:21.544  3709  3736 W ActivityManager: Slow operation: 58ms so far, now at startProcess: building log message
12-15 16:32:21.544  3709  3736 I ActivityManager: Start proc 4496:com.nvidia.blakepairing/u0a73 for added application com.nvidia.blakepairing
12-15 16:32:21.544  3709  3736 W ActivityManager: Slow operation: 58ms so far, now at startProcess: starting to update pids map
12-15 16:32:21.545  3709  3735 I ActivityManager: Posting BOOT_COMPLETED user #0
12-15 16:32:21.546  3709  3736 W ActivityManager: Slow operation: 59ms so far, now at startProcess: done updating pids map
12-15 16:32:21.546  3709  3736 W ActivityManager: Slow operation: 54ms so far, now at startProcess: asking zygote to start proc
12-15 16:32:21.552  3709  3735 I SystemServerTimingAsync: ssm.UnlockedUser-0
12-15 16:32:21.552  3709  3735 I SystemServiceManager: Calling onUnlockedUser 0
12-15 16:32:21.552  3709  3735 I SystemServerTimingAsync: ssm.onUnlockedUser-0_com.android.server.security.FileIntegrityService
12-15 16:32:21.552  3709  3735 I SystemServerTimingAsync: ssm.onUnlockedUser-0_com.android.server.pm.Installer
12-15 16:32:21.552  3709  3735 I SystemServerTimingAsync: ssm.onUnlockedUser-0_com.android.server.os.DeviceIdentifiersPolicyService
12-15 16:32:21.552  3709  3735 I SystemServerTimingAsync: ssm.onUnlockedUser-0_com.android.server.uri.UriGrantsManagerService$Lifecycle
12-15 16:32:21.552  3709  3735 I SystemServerTimingAsync: ssm.onUnlockedUser-0_com.android.server.wm.ActivityTaskManagerService$Lifecycle
12-15 16:32:21.552  3709  3735 I SystemServerTimingAsync: ssm.onUnlockedUser-0_com.android.server.am.ActivityManagerService$Lifecycle
12-15 16:32:21.552  3709  3735 I SystemServerTimingAsync: ssm.onUnlockedUser-0_com.android.server.pm.DataLoaderManagerService
12-15 16:32:21.552  3709  3735 I SystemServerTimingAsync: ssm.onUnlockedUser-0_com.android.server.power.PowerManagerService
12-15 16:32:21.552  3709  3735 I SystemServerTimingAsync: ssm.onUnlockedUser-0_com.android.server.power.ThermalManagerService
12-15 16:32:21.552  3709  3735 I SystemServerTimingAsync: ssm.onUnlockedUser-0_com.android.server.recoverysystem.RecoverySystemService$Lifecycle
12-15 16:32:21.552  3709  3735 I SystemServerTimingAsync: ssm.onUnlockedUser-0_com.android.server.lights.LightsService
12-15 16:32:21.552  3709  3735 I SystemServerTimingAsync: ssm.onUnlockedUser-0_com.android.server.display.DisplayManagerService
12-15 16:32:21.552  3709  3735 I SystemServerTimingAsync: ssm.onUnlockedUser-0_com.android.server.pm.UserManagerService$LifeCycle
12-15 16:32:21.552  3709  3735 I SystemServerTimingAsync: ssm.onUnlockedUser-0_com.android.server.om.OverlayManagerService
12-15 16:32:21.552  3709  3735 I SystemServerTimingAsync: ssm.onUnlockedUser-0_com.android.server.SensorPrivacyService
12-15 16:32:21.552  3709  3735 I SystemServerTimingAsync: ssm.onUnlockedUser-0_com.android.server.SystemConfigService
12-15 16:32:21.552  3709  3735 I SystemServerTimingAsync: ssm.onUnlockedUser-0_com.android.server.BatteryService
12-15 16:32:21.552  3709  3735 I SystemServerTimingAsync: ssm.onUnlockedUser-0_com.android.server.usage.UsageStatsService
12-15 16:32:21.552  3709  3735 I SystemServerTimingAsync: ssm.onUnlockedUser-0_com.android.server.webkit.WebViewUpdateService
12-15 16:32:21.552  3709  3735 I SystemServerTimingAsync: ssm.onUnlockedUser-0_com.android.server.CachedDeviceStateService
12-15 16:32:21.552  3709  3735 I SystemServerTimingAsync: ssm.onUnlockedUser-0_com.android.server.BinderCallsStatsService$LifeCycle
12-15 16:32:21.552  3709  3735 I SystemServerTimingAsync: ssm.onUnlockedUser-0_com.android.server.LooperStatsService$Lifecycle
12-15 16:32:21.552  3709  3735 I SystemServerTimingAsync: ssm.onUnlockedUser-0_com.android.server.rollback.RollbackManagerService
12-15 16:32:21.552  3709  3735 I SystemServerTimingAsync: ssm.onUnlockedUser-0_com.android.server.os.BugreportManagerService
12-15 16:32:21.552  3709  3735 I SystemServerTimingAsync: ssm.onUnlockedUser-0_com.android.server.gpu.GpuService
12-15 16:32:21.552  3709  3735 I SystemServerTimingAsync: ssm.onUnlockedUser-0_com.android.server.security.KeyChainSystemService
12-15 16:32:21.552  3709  3735 I SystemServerTimingAsync: ssm.onUnlockedUser-0_com.android.server.telecom.TelecomLoaderService
12-15 16:32:21.552  3709  3735 I SystemServerTimingAsync: ssm.onUnlockedUser-0_com.android.server.accounts.AccountManagerService$Lifecycle
12-15 16:32:21.552  3709  3735 I SystemServerTimingAsync: ssm.onUnlockedUser-0_com.android.server.content.ContentService$Lifecycle
12-15 16:32:21.553  3709  3735 I SystemServerTimingAsync: ssm.onUnlockedUser-0_com.android.server.DropBoxManagerService
