01-19 17:56:48.938  4473  4473 I katniss_interactor_SingletonModule: 	at android.os.Handler.dispatchMessage(Handler.java:99)
01-19 17:56:48.938  4473  4473 I katniss_interactor_SingletonModule: 	at android.os.Looper.loop(Looper.java:223)
01-19 17:56:48.938  4473  4473 I katniss_interactor_SingletonModule: 	at android.app.ActivityThread.main(ActivityThread.java:7668)
01-19 17:56:48.938  4473  4473 I katniss_interactor_SingletonModule: 	at java.lang.reflect.Method.invoke(Native Method)
01-19 17:56:48.938  4473  4473 I katniss_interactor_SingletonModule: 	at com.android.internal.os.RuntimeInit$MethodAndArgsCaller.run(RuntimeInit.java:592)
01-19 17:56:48.938  4473  4473 I katniss_interactor_SingletonModule: 	at com.android.internal.os.ZygoteInit.main(ZygoteInit.java:947)
01-19 17:56:48.938  4473  4473 I katniss_interactor_SingletonModule: Caused by: java.lang.ClassNotFoundException: com.android.libraries.tv.tvsystem.media.TvAudioManager
01-19 17:56:48.938  4473  4473 I katniss_interactor_SingletonModule: 	at java.lang.Class.classForName(Native Method)
01-19 17:56:48.938  4473  4473 I katniss_interactor_SingletonModule: 	at java.lang.Class.forName(Class.java:454)
01-19 17:56:48.938  4473  4473 I katniss_interactor_SingletonModule: 	at java.lang.Class.forName(Class.java:379)
01-19 17:56:48.938  4473  4473 I katniss_interactor_SingletonModule: 	at vmz.<init>(PG:6)
01-19 17:56:48.938  4473  4473 I katniss_interactor_SingletonModule: 	... 21 more
01-19 17:56:48.938  4473  4473 I katniss_interactor_SingletonModule: Caused by: java.lang.ClassNotFoundException: com.android.libraries.tv.tvsystem.media.TvAudioManager
01-19 17:56:48.938  4473  4473 I katniss_interactor_SingletonModule: 	... 25 more
01-19 17:56:48.938  4473  4858 I katniss_interactor_VolumeManagerImpl: Device doesn't have TvSystemAudioManager. Defaulting to SW volume.
01-19 17:56:48.938  4611  4611 I HdmiModeHandler: checkAndNotifyMode mShowDialog = true mBootDialogShown = false
01-19 17:56:48.940  4874  4874 D cast_AvSettingsAndroid: [AvSettingsAndroid.java:178] Supported audio codecs:25
01-19 17:56:48.940  4874  4874 D cast_AvSettingsAndroid: [AvSettingsAndroid.java:179] Supported spatial rendering audio codecs:0
01-19 17:56:48.940  4874  5693 I cast_shell: [0119/175648.940406:INFO:media_manager_impl.cc(1062)] New audio codecs supported: new_codecs=[codecs][AC3, EAC3, PCM][spatial_rendering]None, old_codecs=[codecs]None[spatial_rendering]None
01-19 17:56:48.940  3949  3949 V MediaRouter: Audio routes updated: AudioRoutesInfo{ type=HDMI }, a2dp=false
01-19 17:56:48.940  3949  3949 V MediaRouter: Selecting route: RouteInfo{ name=HDMI, description=null, status=null, category=RouteCategory{ name=System types=ROUTE_TYPE_LIVE_AUDIO ROUTE_TYPE_LIVE_VIDEO  groupable=false }, supportedTypes=ROUTE_TYPE_LIVE_AUDIO ROUTE_TYPE_LIVE_VIDEO , presentationDisplay=null }
01-19 17:56:48.952  3709  3709 W Looper  : Slow dispatch took 152ms main h=android.app.ActivityThread$H c=android.app.-$$Lambda$LoadedApk$ReceiverDispatcher$Args$_BumDX2UKsnxLVrE6UJsJZkotuA@b40ef6f m=0
01-19 17:56:48.953  4341  4341 V MediaRouter: Audio routes updated: AudioRoutesInfo{ type=SPEAKER }, a2dp=false
01-19 17:56:48.953  4341  4341 V MediaRouter: Selecting route: RouteInfo{ name=TV, description=null, status=null, category=RouteCategory{ name=System types=ROUTE_TYPE_LIVE_AUDIO ROUTE_TYPE_LIVE_VIDEO  groupable=false }, supportedTypes=ROUTE_TYPE_LIVE_AUDIO ROUTE_TYPE_LIVE_VIDEO , presentationDisplay=null }
01-19 17:56:48.955  3901  3901 D NvIRTunerService: Called isNvIRPowerControlDiscreteCodesEnabled powerDevice:1 irPowerControlDiscreteCodesEnabled:false
01-19 17:56:48.955  3901  3901 D NvIRTunerService: Called isNvIRPowerControlDiscreteCodesEnabled powerDevice:2 irPowerControlDiscreteCodesEnabled:false
01-19 17:56:48.955  3901  3901 D NvIRTunerService: Called getNvIRConfigFlagsPowerDevice powerDevice:1 configFlags:-1
01-19 17:56:48.956  3901  3901 D NvIRTunerService: Called getNvIRConfigFlagsPowerDevice powerDevice:2 configFlags:-1
01-19 17:56:48.960  3949  4154 I vol.Events: writeEvent level_changed STREAM_MUSIC 15
01-19 17:56:48.961  4341  4341 V MediaRouter: Audio routes updated: AudioRoutesInfo{ type=HDMI }, a2dp=false
01-19 17:56:48.962  4341  4341 V MediaRouter: Selecting route: RouteInfo{ name=HDMI, description=null, status=null, category=RouteCategory{ name=System types=ROUTE_TYPE_LIVE_AUDIO ROUTE_TYPE_LIVE_VIDEO  groupable=false }, supportedTypes=ROUTE_TYPE_LIVE_AUDIO ROUTE_TYPE_LIVE_VIDEO , presentationDisplay=null }
01-19 17:56:48.966  3709  3709 W Looper  : Drained
01-19 17:56:48.969  4822  4822 I android_os_HwBinder: HwBinder: Starting thread pool for getting: vendor.nvidia.hardware.cpl.service_common@1.0::INvCplHalCommonService/default
01-19 17:56:48.973  3709  3850 I AS.AudioService: volume level changed in CEC/FIXED mode index:70 oldIndex:70 caller:HdmiPlaybackClient.DisplayStatusCallback
01-19 17:56:48.981  3542  9196 I chatty  : uid=2000(shell) /apex/com.android.adbd/bin/adbd expire 3 lines
01-19 17:56:48.991  4822  4822 D FirebaseSessions: App foregrounded on com.spocky.projengmenu
01-19 17:56:48.992  3709  4328 D ConnectivityService: requestNetwork for uid/pid:10025/4822 NetworkRequest [ TRACK_DEFAULT id=55, [ Capabilities: INTERNET&NOT_RESTRICTED&TRUSTED Uid: 10025 AdministratorUids: [] RequestorUid: 10025 RequestorPackageName: com.spocky.projengmenu] ]
01-19 17:56:48.995  3709  3840 D ConnectivityService: NetReassign [55 : null → 100]
01-19 17:56:48.997  4391  9197 I chatty  : uid=10069(com.google.android.inputmethod.latin) expire 2 lines
01-19 17:56:48.998  4822  4822 I android_os_HwBinder: HwBinder: Starting thread pool for getting: vendor.nvidia.hardware.cpl.service_common@1.0::INvCplHalCommonService/default
01-19 17:56:49.001  3709  3709 W HdmiCecController: HDMI-CEC: onReceiveCommand: <System Audio Mode Status> 5B:7E:01
01-19 17:56:49.001  3709  3709 W HDMI    : [1]:Unhandled cec command:<System Audio Mode Status> 5B:7E:01
01-19 17:56:49.002  4611  4611 I NvCPLSvc: requestMinCores(4)
01-19 17:56:49.002  4521  4903 I ShieldBluetoothScanPolicy: Scan Poll disabled due to SCREEN
01-19 17:56:49.004  4822  4822 I android_os_HwBinder: HwBinder: Starting thread pool for getting: vendor.nvidia.hardware.cpl.service_common@1.0::INvCplHalCommonService/default
01-19 17:56:49.004  4521  4903 I ShieldBluetoothScanPolicy: scan optmizations poll stopped due to SCREEN
01-19 17:56:49.014  4473  4473 I katniss_interactor_DisplayBroadcastReceiver: onReceive: android.intent.action.SCREEN_ON
01-19 17:56:49.017  4473  4473 I katniss_interactor_AssistantWrapperImpl: hotword=false, hotwordSupported=true, isHotwordAcceptedAndToggled=false, isScreenOn=true, isScreenlessSupported=true, isDeviceProvisioned=true, hardwareHotwordMicOn=true
01-19 17:56:49.017  4473  4858 I katniss_interactor_TokenUpdaterImpl: Stopping TokenUpdater.
01-19 17:56:49.017  4473  4473 I katniss_interactor_AssistantWrapperImpl: allowedInEnergyMode=true
01-19 17:56:49.017  4473  4473 I katniss_interactor_AssistantWrapperImpl: Stop hotword detection due to screen state change.
01-19 17:56:49.017  4473  4473 I assistant: [INFO:hvc_manager_native.cc(465)] StopAudioInput:0
01-19 17:56:49.017  4473  4473 I assistant: [INFO:hvc_manager_native.cc(484)] StopReferenceAudio
01-19 17:56:49.017  4473  5608 W native  : W0000 00:00:1768863409.017367    5608 android_audio_input.cc:245] StopCapture: Cannot stop capture, nothing is running!
01-19 17:56:49.017  4473  4830 I katniss_interactor_TokenUpdaterImpl: Starting TokenUpdater.
01-19 17:56:49.017  4473  4830 I katniss_interactor_AssistantWrapperImpl: Restarted TokenUpdater.
01-19 17:56:49.018  4822  4822 D View    : com.nvidia.immediateInput = false
01-19 17:56:49.018  4822  4822 D View    : com.nvidia.mRawCursorInputRequested = false
01-19 17:56:49.020  4473  4473 I katniss_interactor_DspManager: Screen state changed to: true
01-19 17:56:49.020  4473  4473 I katniss_interactor_DspManager: DspManager not initialized yet.
01-19 17:56:49.023  4473  4473 I katniss_interactor_DisplayBroadcastReceiver: onReceive: android.intent.action.SCREEN_ON
01-19 17:56:49.023  4473  4858 I katniss_interactor_TokenUpdaterImpl: Stopping TokenUpdater.
01-19 17:56:49.023  4473  4473 I katniss_interactor_AssistantWrapperImpl: hotword=false, hotwordSupported=true, isHotwordAcceptedAndToggled=false, isScreenOn=true, isScreenlessSupported=true, isDeviceProvisioned=true, hardwareHotwordMicOn=true
01-19 17:56:49.024  4473  4473 I katniss_interactor_AssistantWrapperImpl: allowedInEnergyMode=true
01-19 17:56:49.024  4473  4473 I katniss_interactor_AssistantWrapperImpl: Stop hotword detection due to screen state change.
01-19 17:56:49.024  4473  4473 I assistant: [INFO:hvc_manager_native.cc(465)] StopAudioInput:0
01-19 17:56:49.024  4473  4473 I assistant: [INFO:hvc_manager_native.cc(484)] StopReferenceAudio
01-19 17:56:49.024  4473  5608 W native  : W0000 00:00:1768863409.024247    5608 android_audio_input.cc:245] StopCapture: Cannot stop capture, nothing is running!
01-19 17:56:49.024  4473  4473 I katniss_interactor_DspManager: Screen state changed to: true
01-19 17:56:49.025  4473  4473 I katniss_interactor_DspManager: DspManager not initialized yet.
01-19 17:56:49.029  4521  4903 I ShieldBluetoothHandler: SCREEN ON
01-19 17:56:49.034  4874  4874 D cast_AvSettingsAndroid: [AvSettingsAndroid.java:263] Got intent: android.intent.action.SCREEN_ON
01-19 17:56:49.035  4874  5693 I cast_shell: [0119/175649.035409:INFO:media_manager_impl.cc(890)] New active state: new_state=3, old_state=1
01-19 17:56:49.036  4874  4874 I cast_shell: [0119/175649.036022:INFO:metrics_recorder.cc(193)] Record action: Cast.CecHdmiInputState.InactiveToActive
01-19 17:56:49.036  4874  4874 I cast_shell: [0119/175649.036092:INFO:metrics_recorder.cc(193)] Record action: Cast.CecStandby.StandbyToOn
01-19 17:56:49.037  4822  5055 E libc    : Access denied finding property "ro.vendor.sys.NV_ASYNC"
01-19 17:56:49.037  4822  5055 E libc    : Access denied finding property "ro.vendor.sys.NV_LOGFPS"
01-19 17:56:49.037  4822  5055 E libc    : Access denied finding property "ro.vendor.sys.NV_PROCESS_NAME"
01-19 17:56:49.037  4822  5055 E libc    : Access denied finding property "ro.vendor.sys.NV_FPSDYNAMIC"
01-19 17:56:49.038  4713  4713 V OSCRSController: onScreenOn true
01-19 17:56:49.042  3394  3394 I GenSysfsServiceImpl: StylusServiceImpl::setLedBrightnessNode is called.
01-19 17:56:49.043  6880  6880 D OTA->OtaStateMachine: [d] Screen on.
01-19 17:56:49.044  6880  6880 D OTA->DeviceIdleMonitor: [d] Screen on, cancel next screen check.
01-19 17:56:49.060  4611  9180 I android_os_HwBinder: HwBinder: Starting thread pool for getting: vendor.nvidia.hardware.graphics.display@1.0::INvDisplay/default
01-19 17:56:49.081  4473  4858 I katniss_interactor_KatnissAccountManagerImpl: Refreshing accounts from Gms was cancelled.
01-19 17:56:49.081  4473  4858 I katniss_interactor_KatnissAccountManagerImpl: ainp: aiol was cancelled; job=aiol{Cancelling}@4c386ff
01-19 17:56:49.083  4473  4858 I katniss_interactor_TokenFetcherImpl: #fetchToken
01-19 17:56:49.083  3709  3730 I WindowManager: Screen frozen for +441ms due to Window{fa95bbd u0 com.spocky.projengmenu/com.spocky.projengmenu.ui.home.MainActivity}
01-19 17:56:49.083  4473  4830 I katniss_interactor_TokenUpdaterImpl: Starting TokenUpdater.
01-19 17:56:49.083  4473  4830 I katniss_interactor_AssistantWrapperImpl: Restarted TokenUpdater.
01-19 17:56:49.085  4473  9201 I katniss_interactor_MigrationUtils: Using GoogleAuthUtil for getToken for 1p app: com.google.android.katniss [CONTEXT service_id=343 ]
01-19 17:56:49.119  3709  3871 W HdmiCecController: HDMI-CEC: New logical address for device: type:4, preferred addr:11, assigned addr:11
01-19 17:56:49.122  4874  9154 I DrmUtils: found android.hardware.drm@1.0::IDrmFactory clearkey
01-19 17:56:49.122  4874  9154 I DrmUtils: found android.hardware.drm@1.0::IDrmFactory default
01-19 17:56:49.123  4874  9154 I DrmUtils: found android.hardware.drm@1.0::IDrmFactory playready
01-19 17:56:49.124  4874  9154 I DrmUtils: found android.hardware.drm@1.0::IDrmFactory widevine
01-19 17:56:49.125  4874  9154 I DrmUtils: found android.hardware.drm@1.1::IDrmFactory clearkey
01-19 17:56:49.126  4874  9154 I DrmUtils: found android.hardware.drm@1.1::IDrmFactory playready
01-19 17:56:49.127  3709  3850 I AS.AudioService: volume level changed in CEC/FIXED mode index:70 oldIndex:70 caller:android
01-19 17:56:49.135  4874  9154 I DrmUtils: found android.hardware.drm@1.1::IDrmFactory widevine
01-19 17:56:49.136  4874  9154 I DrmUtils: found android.hardware.drm@1.2::IDrmFactory clearkey
01-19 17:56:49.136  4874  9154 I DrmUtils: found android.hardware.drm@1.2::IDrmFactory widevine
01-19 17:56:49.156  4874  9154 I DrmUtils: found android.hardware.drm@1.3::IDrmFactory clearkey
01-19 17:56:49.158  4874  9154 I DrmUtils: found android.hardware.drm@1.3::IDrmFactory widevine
01-19 17:56:49.158  3375  3432 I WVCdm   : [app][com.google.android.apps.mediashell] calling virtual Return<void> wvdrm::hardware::drm::V1_3::widevine::WVDrmFactory::createPlugin(const hidl_array<uint8_t, 16> &, const android::hardware::hidl_string &, android::hardware::drm::V1_3::IDrmFactory::createPlugin_cb)
01-19 17:56:49.158  3375  3432 D WVCdm   : Instantiating CDM.
01-19 17:56:49.158  3375  3432 I WVCdm   : [cdm_engine.cpp(524):QueryStatus] Querying status
01-19 17:56:49.159  3375  3432 I WVCdm   : [file_utils.cpp(40):Exists] stat failed: ENOENT
01-19 17:56:49.159  3375  3432 I WVCdm   : [oemcrypto_adapter_dynamic.cpp(696):Initialize] Level 3 Build Info (v16): OEMCrypto Level3 Code 8158 Dec  4 2020 22:12:07
01-19 17:56:49.159  3375  9203 I WVCdm   : [(0):] Level3 Library 8158 Dec  4 2020 22:12:07
01-19 17:56:49.187  3375  3432 I WVCdm   : [oemcrypto_adapter_dynamic.cpp(710):Initialize] L3 Initialized. Trying L1.
01-19 17:56:49.187  3375  3432 D oemcrypto_cenc: >> OEMCrypto_Initialize: modular drm 16.03 
01-19 17:56:49.187  3375  3432 D oemcrypto_cenc: << OEMCrypto_Initialize
01-19 17:56:49.188  3375  3432 W WVCdm   : [oemcrypto_adapter_dynamic.cpp(830):LoadLevel1] Could not load L1 _oecc104.
01-19 17:56:49.188  3375  3432 W WVCdm   : [oemcrypto_adapter_dynamic.cpp(831):LoadLevel1] Could not load L1 _oecc103.
01-19 17:56:49.188  3375  3432 W WVCdm   : [oemcrypto_adapter_dynamic.cpp(863):LoadLevel1] Could not load L1 _oecc18.
01-19 17:56:49.188  3375  3432 W WVCdm   : [oemcrypto_adapter_dynamic.cpp(876):LoadLevel1] Could not load L1 _oecc88.
01-19 17:56:49.188  3375  3432 W WVCdm   : [oemcrypto_adapter_dynamic.cpp(877):LoadLevel1] Could not load L1 _oecc89.
01-19 17:56:49.188  3375  3432 W WVCdm   : [oemcrypto_adapter_dynamic.cpp(878):LoadLevel1] Could not load L1 OEMCrypto_AllocateSecureBuffer.
01-19 17:56:49.188  3375  3432 W WVCdm   : [oemcrypto_adapter_dynamic.cpp(879):LoadLevel1] Could not load L1 OEMCrypto_FreeSecureBuffer.
01-19 17:56:49.188  3375  3432 D oemcrypto_cenc: >> OEMCrypto_IsKeyboxValid
01-19 17:56:49.188  3375  3432 D oemcrypto_cenc: << OEMCrypto_IsKeyboxValid
01-19 17:56:49.188  3375  3432 D WVCdm   : [oemcrypto_adapter_dynamic.cpp(729):Initialize] OEMCrypto_Initialize Level 1 success. I will use level 1.
01-19 17:56:49.188  3375  3432 I WVCdm   : [oemcrypto_adapter_dynamic.cpp(732):Initialize] Level 1 Build Info (v16): NVIDIA/mdarcy/mdarcy:11/RQ1A.210105.003/7825230_3871.0251:user/release-keys OEMcrypto 16.3
01-19 17:56:49.188  3375  3432 D WVCdm   : [crypto_session.cpp(317):Init] OEMCrypto version (default security level): 16.3
01-19 17:56:49.188  3375  3432 D WVCdm   : [crypto_session.cpp(326):Init] OEMCrypto version (L3 security level): 16.3
01-19 17:56:49.188  3375  3432 V hdcp up : SecureHdcp_GetCurrentLevel: cur: 0x00, max: 0x04
01-19 17:56:49.189  3375  3432 I WVCdm   : [cdm_engine.cpp(524):QueryStatus] Querying status
01-19 17:56:49.189  3375  3432 V hdcp up : SecureHdcp_GetCurrentLevel: cur: 0x00, max: 0x04
01-19 17:56:49.204  4473  4858 I katniss_interactor_KatnissAccountManagerImpl: Retrieved 1 Google account from GMS.
01-19 17:56:49.204  4473  4858 I katniss_interactor_GlobalAccountsAccessor: Writing 1 accounts
01-19 17:56:49.205  3709  3850 I AS.AudioService: volume level changed in CEC/FIXED mode index:70 oldIndex:70 caller:HdmiPlaybackClient.DisplayStatusCallback
01-19 17:56:49.219  4473  4830 I katniss_interactor_TokenFetcherImpl: #fetchToken
01-19 17:56:49.219  4473  9205 I katniss_interactor_MigrationUtils: Using GoogleAuthUtil for getToken for 1p app: com.google.android.katniss [CONTEXT service_id=343 ]
01-19 17:56:49.239  3709  3709 W HdmiCecLocalDevicePlayback: HDMI-CEC: onAddressAllocated reason: INITIATED_BY_WAKE_UP_MESSAGE
01-19 17:56:49.247  4996  9204 D AdvertisingIdClient: AdvertisingIdClient already created.
01-19 17:56:49.247  4996  9204 D AdvertisingIdClient: AdvertisingIdClient is not bounded. Starting to bind it...
01-19 17:56:49.256  4996  9204 D AdvertisingIdClient: AdvertisingIdClient is bounded
01-19 17:56:49.259  4996  9204 I AdvertisingIdClient: shouldSendLog 34500
01-19 17:56:49.260  4996  9204 I AdvertisingIdClient: GetInfoInternal elapse 13ms
01-19 17:56:49.263  4473  9205 I katniss_interactor_MigrationUtils: Using GoogleAuthUtil for getToken for 1p app: com.google.android.katniss [CONTEXT service_id=343 ]
01-19 17:56:49.267  4611  9183 I android_os_HwBinder: HwBinder: Starting thread pool for getting: vendor.nvidia.hardware.graphics.display@1.0::INvDisplay/default
01-19 17:56:49.270  4473  9201 I katniss_interactor_MigrationUtils: Using GoogleAuthUtil for getToken for 1p app: com.google.android.katniss [CONTEXT service_id=343 ]
01-19 17:56:49.273  4473  4858 I katniss_interactor_AssistantWrapperImpl: In state[RUNNING] received signal[TOKEN_REFRESHED].
01-19 17:56:49.273  4473  4858 I assistant: [INFO:hvc_manager_native.cc(391)] Setting Assistant access tokens.
01-19 17:56:49.275  4473  5614 I katniss_interactor_AssistantWrapperImpl: LibAssistant received Auth Token in sign-in mode.
01-19 17:56:49.288  3570  4159 W iorapd  : Rejecting transition from kIntentFailed to kReportFullyDrawn
01-19 17:56:49.305  4822  4822 I android_os_HwBinder: HwBinder: Starting thread pool for getting: vendor.nvidia.hardware.cpl.service_common@1.0::INvCplHalCommonService/default
01-19 17:56:49.320  4822  4822 W View    : requestLayout() improperly called by F6.c{7ba5b77 V.E...... ......ID 0,0-0,0} during layout: running second layout pass
01-19 17:56:49.321  4822  8209 D skia    : --- Failed to create image decoder with message 'unimplemented'
01-19 17:56:49.322  4822  8209 I chatty  : uid=10025(com.spocky.projengmenu) glide-source-th identical 6 lines
01-19 17:56:49.323  4822  8209 D skia    : --- Failed to create image decoder with message 'unimplemented'
01-19 17:56:49.326  4822  8209 D skia    : --- Failed to create image decoder with message 'unimplemented'
01-19 17:56:49.327  4822  8209 D skia    : --- Failed to create image decoder with message 'unimplemented'
01-19 17:56:49.327  4822  8209 D skia    : --- Failed to create image decoder with message 'unimplemented'
01-19 17:56:49.328  4822  8209 D skia    : --- Failed to create image decoder with message 'unimplemented'
01-19 17:56:49.334  4822  4822 W View    : requestLayout() improperly called by androidx.leanback.widget.h0{3ec38fb V.E...... .....A.. 0,80-1840,498} during second layout pass: posting in next frame
01-19 17:56:49.334  4822  4822 W View    : requestLayout() improperly called by F6.c{b4564b2 V.E...... ........ 24,370-96,418} during second layout pass: posting in next frame
01-19 17:56:49.510  3375  3432 I WVCdm   : [cdm_engine.cpp(524):QueryStatus] Querying status
01-19 17:56:49.510  3375  3432 V hdcp up : SecureHdcp_GetCurrentLevel: cur: 0x00, max: 0x04
01-19 17:56:49.510  3375  3432 I WVCdm   : [cdm_engine.cpp(524):QueryStatus] Querying status
01-19 17:56:49.510  3375  3432 V hdcp up : SecureHdcp_GetCurrentLevel: cur: 0x00, max: 0x04
01-19 17:56:49.738  3709  3709 E NV-HDMI-CEC: Exception: java.io.FileNotFoundException: /sys/firmware/devicetree/base/tnspec/tnspec: open failed: EACCES (Permission denied)
01-19 17:56:49.738  3709  3709 I HdmiCecLocalDevice: Starting queued action:com.android.server.hdmi.ActiveSourceAction@914269
01-19 17:56:49.964  3709  3709 W OneTouchPlayAction: HDMI-CEC: start OneTouchPlay action ...
01-19 17:56:49.964  3709  3709 W HdmiCecLocalDevicePlayback: HDMI-CEC: setIsActiveSource true
01-19 17:56:50.020  3542  9210 I chatty  : uid=2000(shell) /apex/com.android.adbd/bin/adbd expire 3 lines
01-19 17:56:50.023  3375  3432 I WVCdm   : [cdm_engine.cpp(524):QueryStatus] Querying status
01-19 17:56:50.023  3375  3432 V hdcp up : SecureHdcp_GetCurrentLevel: cur: 0x00, max: 0x04
01-19 17:56:50.026  3375  3432 I WVCdm   : [(0):] L3 Terminate.
01-19 17:56:50.026  3375  3432 D oemcrypto_cenc: >> OEMCrypto_Terminate
01-19 17:56:50.026  3375  3432 D oemcrypto_cenc: << OEMCrypto_Terminate
01-19 17:56:50.026  3375  3432 I WVCdm   : [cdm_engine.cpp(524):QueryStatus] Querying status
01-19 17:56:50.026  3375  3432 I WVCdm   : [file_utils.cpp(40):Exists] stat failed: ENOENT
01-19 17:56:50.026  3375  3432 I WVCdm   : [oemcrypto_adapter_dynamic.cpp(696):Initialize] Level 3 Build Info (v16): OEMCrypto Level3 Code 8158 Dec  4 2020 22:12:07
01-19 17:56:50.026  3375  9211 I WVCdm   : [(0):] Level3 Library 8158 Dec  4 2020 22:12:07
01-19 17:56:50.029  3375  3432 I WVCdm   : [oemcrypto_adapter_dynamic.cpp(710):Initialize] L3 Initialized. Trying L1.
01-19 17:56:50.029  3375  3432 D oemcrypto_cenc: >> OEMCrypto_Initialize: modular drm 16.03 
01-19 17:56:50.029  3375  3432 D oemcrypto_cenc: << OEMCrypto_Initialize
01-19 17:56:50.030  3375  3432 W WVCdm   : [oemcrypto_adapter_dynamic.cpp(830):LoadLevel1] Could not load L1 _oecc104.
01-19 17:56:50.030  3375  3432 W WVCdm   : [oemcrypto_adapter_dynamic.cpp(831):LoadLevel1] Could not load L1 _oecc103.
01-19 17:56:50.030  3375  3432 W WVCdm   : [oemcrypto_adapter_dynamic.cpp(863):LoadLevel1] Could not load L1 _oecc18.
01-19 17:56:50.030  3375  3432 W WVCdm   : [oemcrypto_adapter_dynamic.cpp(876):LoadLevel1] Could not load L1 _oecc88.
01-19 17:56:50.030  3375  3432 W WVCdm   : [oemcrypto_adapter_dynamic.cpp(877):LoadLevel1] Could not load L1 _oecc89.
01-19 17:56:50.030  3375  3432 W WVCdm   : [oemcrypto_adapter_dynamic.cpp(878):LoadLevel1] Could not load L1 OEMCrypto_AllocateSecureBuffer.
01-19 17:56:50.030  3375  3432 W WVCdm   : [oemcrypto_adapter_dynamic.cpp(879):LoadLevel1] Could not load L1 OEMCrypto_FreeSecureBuffer.
01-19 17:56:50.030  3375  3432 D oemcrypto_cenc: >> OEMCrypto_IsKeyboxValid
01-19 17:56:50.030  3375  3432 D oemcrypto_cenc: << OEMCrypto_IsKeyboxValid
01-19 17:56:50.030  3375  3432 D WVCdm   : [oemcrypto_adapter_dynamic.cpp(729):Initialize] OEMCrypto_Initialize Level 1 success. I will use level 1.
01-19 17:56:50.030  3375  3432 I WVCdm   : [oemcrypto_adapter_dynamic.cpp(732):Initialize] Level 1 Build Info (v16): NVIDIA/mdarcy/mdarcy:11/RQ1A.210105.003/7825230_3871.0251:user/release-keys OEMcrypto 16.3
01-19 17:56:50.030  3375  3432 D WVCdm   : [crypto_session.cpp(317):Init] OEMCrypto version (default security level): 16.3
01-19 17:56:50.031  3375  3432 D WVCdm   : [crypto_session.cpp(326):Init] OEMCrypto version (L3 security level): 16.3
01-19 17:56:50.031  3375  3432 V hdcp up : SecureHdcp_GetCurrentLevel: cur: 0x00, max: 0x04
01-19 17:56:50.039  3881  3881 D BlakeWifiIntentManager: HDMI_PLUGGED_ACTION
01-19 17:56:50.040  4521  4903 I ShieldBluetoothScanPolicy: Scan Poll disabled due to HDMI
01-19 17:56:50.040  4521  4903 I ShieldBluetoothScanPolicy: scan optmizations poll stopped due to HDMI
01-19 17:56:50.040  4521  4903 I ShieldBluetoothScanPolicy: Scans disallowed due to HDMI
01-19 17:56:50.040  4521  4903 D BluetoothAdapter: isLeEnabled(): ON
01-19 17:56:50.043  3928  4357 I nv_bt_stats: btif_nv_stats_update_host_stats() addr: ff:ff:ff:ff:ff:ff , json string: cmd_timeout_rsp_after_to
01-19 17:56:50.044  3928  4077 D AdapterProperties: Discoverable Timeout:0
01-19 17:56:50.044  4521  4903 I ShieldBluetoothHandler: HDMI plug state change false
01-19 17:56:50.044  3928  4077 D AdapterProperties: Scan Mode:21
01-19 17:56:50.045  3928  4357 I nv_bt_stats: btif_nv_stats_update_host_stats() addr: ff:ff:ff:ff:ff:ff , json string: cmd_timeout_rsp_after_to
01-19 17:56:50.053  3928  4357 I nv_bt_stats: btif_nv_stats_update_host_stats() addr: ff:ff:ff:ff:ff:ff , json string: cmd_timeout_rsp_after_to
01-19 17:56:50.053  3384  3455 I TegraHDMICEC: hotplug display 0 connected 0
01-19 17:56:50.054  3709  3819 I chatty  : uid=1000(system) UEventObserver expire 3 lines
01-19 17:56:50.060  3928  4357 I nv_bt_stats: btif_nv_stats_update_host_stats() addr: ff:ff:ff:ff:ff:ff , json string: cmd_timeout_rsp_after_to
01-19 17:56:50.101  3928  4357 I nv_bt_stats: btif_nv_stats_update_host_stats() addr: ff:ff:ff:ff:ff:ff , json string: cmd_timeout_rsp_after_to
01-19 17:56:50.105  3709  3709 W HdmiCecLocalDevicePlayback: HDMI-CEC: setIsActiveSource true
01-19 17:56:50.105  3709  3709 W OneTouchPlayAction: HDMI-CEC: query device power status: mPowerStatusCounter = 0
01-19 17:56:50.108  3709  3709 W Looper  : Slow dispatch took 988ms main h=android.os.Handler c=com.android.server.hdmi.HdmiCecController$4@28e8cd3 m=0
01-19 17:56:50.108  3709  3709 W Looper  : Slow delivery took 914ms main h=android.os.Handler c=com.android.server.statusbar.-$$Lambda$StatusBarManagerService$dQguzfF4tEgBOj3Pr8MpGRN8HT0@3cc7010 m=0
01-19 17:56:50.127  3709  3709 I AS.AudioService: volume level changed in CEC/FIXED mode index:70 oldIndex:70 caller:HdmiPlaybackClient.DisplayStatusCallback
01-19 17:56:50.136  3709  3709 W HdmiCecLocalDevicePlayback: HDMI-CEC: setIsActiveSource true
01-19 17:56:50.318  3709  3709 W HdmiCecLocalDevicePlayback: HDMI-CEC: setIsActiveSource true
01-19 17:56:50.319  3709  3709 W HdmiCecLocalDevicePlayback: HDMI-CEC: screen on OneTouchPlay success
01-19 17:56:50.319  3709  3709 W Looper  : Slow dispatch took 210ms main h=android.os.Handler c=com.android.server.hdmi.-$$Lambda$HdmiCecController$HdmiCecCallback$-7fhWuVwUiBxScm6sqwHxovK41E@490c709 m=0
01-19 17:56:50.140  3928  4357 I chatty  : uid=1002(bluetooth) HwBinder:3928_1 identical 16 lines
01-19 17:56:50.142  3928  4357 I nv_bt_stats: btif_nv_stats_update_host_stats() addr: ff:ff:ff:ff:ff:ff , json string: cmd_timeout_rsp_after_to
01-19 17:56:50.320  3709  3709 I chatty  : uid=1000 system_server expire 37 lines
01-19 17:56:50.323  3362  3396 I nvaudio_hw: Setting device address none
01-19 17:56:50.323  3709  3709 W Looper  : Drained
01-19 17:56:50.323  3428  3630 I APM_AudioPolicyManager: setDeviceConnectionStateInt() device: 0x400, state 0, address  name  format 0x0
01-19 17:56:50.324  3362  3396 E nvaudio_hw: get_pcm_dev_by_name: Failed to get device id for aux device address('none')
01-19 17:56:50.333  3428  3630 I APM_AudioPolicyManager: setMsdEnableInt: MSD path is already disabled, enable:0, mMsdEnable:0
01-19 17:56:50.339  3362  3396 I nvaudio_hw: Setting connected aux device list 
01-19 17:56:50.340  3362  3396 E nvaudio_hw: get_pcm_dev_by_name: Failed to get device id for aux device address('none')
01-19 17:56:50.341  3709  3851 I chatty  : uid=1000(system) AudioDeviceBrok expire 8 lines
01-19 17:56:50.343  4874  4874 D cast_AvSettingsAndroid: [AvSettingsAndroid.java:230] HDMI plug update: action=android.media.action.HDMI_AUDIO_PLUG, plug=0
01-19 17:56:50.343  4874  4874 D cast_AvSettingsAndroid: [AvSettingsAndroid.java:238] Max channel count = 2
01-19 17:56:50.344  4473  4473 I katniss_interactor_SingletonModule: TvSystemAudioManager isn't available
01-19 17:56:50.344  4473  4473 I katniss_interactor_SingletonModule: vmt: Library is not available: library either is not installed or was not loaded (AndroidManifest.xml is missing <uses-library>) or does not contain the class com.android.libraries.tv.tvsystem.media.TvAudioManager
01-19 17:56:50.344  4473  4473 I katniss_interactor_SingletonModule: 	at vmz.<init>(PG:20)
01-19 17:56:50.344  4473  4473 I katniss_interactor_SingletonModule: 	at vmu.a(PG:3)
01-19 17:56:50.344  4473  4473 I katniss_interactor_SingletonModule: 	at fbk.by(PG:125)
01-19 17:56:50.344  4473  4473 I katniss_interactor_SingletonModule: 	at fbk.aM(PG:36)
01-19 17:56:50.344  4473  4473 I katniss_interactor_SingletonModule: 	at ggu.a(PG:3)
01-19 17:56:50.344  4473  4473 I katniss_interactor_SingletonModule: 	at xlg.a(PG:3)
01-19 17:56:50.344  4473  4473 I katniss_interactor_SingletonModule: 	at xyf.a(PG:13)
01-19 17:56:50.344  4473  4473 I katniss_interactor_SingletonModule: 	at aaya.e(PG:3)
01-19 17:56:50.344  4473  4473 I katniss_interactor_SingletonModule: 	at aayc.run(PG:38)
01-19 17:56:50.344  4473  4473 I katniss_interactor_SingletonModule: 	at aazn.execute(PG:1)
01-19 17:56:50.344  4473  4473 I katniss_interactor_SingletonModule: 	at abbb.d(PG:7)
01-19 17:56:50.344  4473  4473 I katniss_interactor_SingletonModule: 	at aayc.h(PG:10)
01-19 17:56:50.344  4473  4473 I katniss_interactor_SingletonModule: 	at xlk.onReceive(PG:676)
01-19 17:56:50.344  4473  4473 I katniss_interactor_SingletonModule: 	at android.app.LoadedApk$ReceiverDispatcher$Args.lambda$getRunnable$0$LoadedApk$ReceiverDispatcher$Args(LoadedApk.java:1580)
01-19 17:56:50.344  4473  4473 I katniss_interactor_SingletonModule: 	at android.app.-$$Lambda$LoadedApk$ReceiverDispatcher$Args$_BumDX2UKsnxLVrE6UJsJZkotuA.run(Unknown Source:2)
01-19 17:56:50.344  4473  4473 I katniss_interactor_SingletonModule: 	at android.os.Handler.handleCallback(Handler.java:938)
01-19 17:56:50.344  4473  4473 I katniss_interactor_SingletonModule: 	at android.os.Handler.dispatchMessage(Handler.java:99)
01-19 17:56:50.344  4473  4473 I katniss_interactor_SingletonModule: 	at android.os.Looper.loop(Looper.java:223)
01-19 17:56:50.344  4473  4473 I katniss_interactor_SingletonModule: 	at android.app.ActivityThread.main(ActivityThread.java:7668)
01-19 17:56:50.344  4473  4473 I katniss_interactor_SingletonModule: 	at java.lang.reflect.Method.invoke(Native Method)
01-19 17:56:50.344  4473  4473 I katniss_interactor_SingletonModule: 	at com.android.internal.os.RuntimeInit$MethodAndArgsCaller.run(RuntimeInit.java:592)
01-19 17:56:50.344  4473  4473 I katniss_interactor_SingletonModule: 	at com.android.internal.os.ZygoteInit.main(ZygoteInit.java:947)
01-19 17:56:50.344  4473  4473 I katniss_interactor_SingletonModule: Caused by: java.lang.ClassNotFoundException: com.android.libraries.tv.tvsystem.media.TvAudioManager
01-19 17:56:50.344  4473  4473 I katniss_interactor_SingletonModule: 	at java.lang.Class.classForName(Native Method)
01-19 17:56:50.344  4473  4473 I katniss_interactor_SingletonModule: 	at java.lang.Class.forName(Class.java:454)
01-19 17:56:50.344  4473  4473 I katniss_interactor_SingletonModule: 	at java.lang.Class.forName(Class.java:379)
01-19 17:56:50.344  4473  4473 I katniss_interactor_SingletonModule: 	at vmz.<init>(PG:6)
01-19 17:56:50.344  4473  4473 I katniss_interactor_SingletonModule: 	... 21 more
01-19 17:56:50.344  4473  4473 I katniss_interactor_SingletonModule: Caused by: java.lang.ClassNotFoundException: com.android.libraries.tv.tvsystem.media.TvAudioManager
01-19 17:56:50.344  4473  4473 I katniss_interactor_SingletonModule: 	... 25 more
01-19 17:56:50.344  4874  4874 D cast_AvSettingsAndroid: [AvSettingsAndroid.java:178] Supported audio codecs:0
01-19 17:56:50.344  4874  4874 D cast_AvSettingsAndroid: [AvSettingsAndroid.java:179] Supported spatial rendering audio codecs:0
01-19 17:56:50.345  4874  5693 I cast_shell: [0119/175650.345152:INFO:media_manager_impl.cc(1062)] New audio codecs supported: new_codecs=[codecs]None[spatial_rendering]None, old_codecs=[codecs][AC3, EAC3, PCM][spatial_rendering]None
01-19 17:56:50.345  3949  3949 V MediaRouter: Audio routes updated: AudioRoutesInfo{ type=SPEAKER }, a2dp=false
01-19 17:56:50.345  3949  3949 V MediaRouter: Selecting route: RouteInfo{ name=TV, description=null, status=null, category=RouteCategory{ name=System types=ROUTE_TYPE_LIVE_AUDIO ROUTE_TYPE_LIVE_VIDEO  groupable=false }, supportedTypes=ROUTE_TYPE_LIVE_AUDIO ROUTE_TYPE_LIVE_VIDEO , presentationDisplay=null }
01-19 17:56:50.346  3901  3901 D NvIRTunerService: Called isNvIRPowerControlDiscreteCodesEnabled powerDevice:1 irPowerControlDiscreteCodesEnabled:false
01-19 17:56:50.346  3901  3901 D NvIRTunerService: Called isNvIRPowerControlDiscreteCodesEnabled powerDevice:2 irPowerControlDiscreteCodesEnabled:false
01-19 17:56:50.347  3901  3901 D NvIRTunerService: Called getNvIRConfigFlagsPowerDevice powerDevice:1 configFlags:-1
01-19 17:56:50.347  3901  3901 D NvIRTunerService: Called getNvIRConfigFlagsPowerDevice powerDevice:2 configFlags:-1
01-19 17:56:50.360  3709  3850 I AS.AudioService: volume level changed in CEC/FIXED mode index:70 oldIndex:70 caller:HdmiPlaybackClient.DisplayStatusCallback
01-19 17:56:50.376  4341  4341 V MediaRouter: Audio routes updated: AudioRoutesInfo{ type=SPEAKER }, a2dp=false
01-19 17:56:50.376  4341  4341 V MediaRouter: Selecting route: RouteInfo{ name=TV, description=null, status=null, category=RouteCategory{ name=System types=ROUTE_TYPE_LIVE_AUDIO ROUTE_TYPE_LIVE_VIDEO  groupable=false }, supportedTypes=ROUTE_TYPE_LIVE_AUDIO ROUTE_TYPE_LIVE_VIDEO , presentationDisplay=null }
01-19 17:56:50.380  3949  4154 I vol.Events: writeEvent level_changed STREAM_MUSIC 14
01-19 17:56:50.425  4370  4370 D BoundBrokerSvc: onUnbind: Intent { act=com.google.android.gms.scheduler.ACTION_PROXY_SCHEDULE_SINGLE_USER dat=chimera-action: cmp=com.google.android.gms/.chimera.PersistentSingleUserInternalApiService }
01-19 17:56:50.456  7937  9128 I katniss_search_KatnissIpcConnection: Will disconnect service connection. .KatnissInteractorProcessService
01-19 17:56:50.541  4611  9214 I android_os_HwBinder: HwBinder: Starting thread pool for getting: vendor.nvidia.hardware.graphics.display@1.0::INvDisplay/default
01-19 17:56:50.607  3384  3455 I TegraHDMICEC: hotplug display 0 connected 1
01-19 17:56:50.607  3384  3455 D TegraHDMICEC: edid: Manufacturer ID: "TCL"
01-19 17:56:50.607  3384  3455 D TegraHDMICEC: edid: Manufacturer Product Code: 0000
01-19 17:56:50.607  3384  3455 D TegraHDMICEC: edid: Monitor name: "55S531"
01-19 17:56:50.607  3384  3455 I TegraHDMICEC: edid in whitelist[-1]
01-19 17:56:50.618  3881  3881 D BlakeWifiIntentManager: HDMI_PLUGGED_ACTION
01-19 17:56:50.618  4521  4903 I ShieldBluetoothScanPolicy: Scan Poll disabled due to HDMI
01-19 17:56:50.619  4521  4903 I ShieldBluetoothScanPolicy: scan optmizations poll stopped due to HDMI
01-19 17:56:50.619  4521  4903 I ShieldBluetoothScanPolicy: Scans allowed due to HDMI
01-19 17:56:50.619  4521  4903 D BluetoothAdapter: isLeEnabled(): ON
01-19 17:56:50.620  3928  4454 I bt_stack: [INFO:gatt_api.cc(947)] GATT_Register c2eb7aaa-2769-7cb7-a9fe-a6362eaa08dd
01-19 17:56:50.620  3928  4454 I bt_stack: [INFO:gatt_api.cc(967)] allocated gatt_if=6
01-19 17:56:50.620  4521  4556 D BluetoothLeScanner: onScannerRegistered() - status=0 scannerId=6 mScannerId=0
01-19 17:56:50.622  3438  3438 E HWComposer: destroyLayer failed for display 0: Invalid display
01-19 17:56:50.623  3928  4357 I nv_bt_stats: btif_nv_stats_update_host_stats() addr: ff:ff:ff:ff:ff:ff , json string: cmd_timeout_rsp_after_to
01-19 17:56:50.626  3928  4357 I nv_bt_stats: btif_nv_stats_update_host_stats() addr: ff:ff:ff:ff:ff:ff , json string: cmd_timeout_rsp_after_to
01-19 17:56:50.627  3928  4077 D AdapterProperties: Discoverable Timeout:0
01-19 17:56:50.628  3928  4077 D AdapterProperties: Scan Mode:23
01-19 17:56:50.628  4521  4903 I ShieldBluetoothHandler: HDMI plug state change true
01-19 17:56:50.628  3438  3438 I FramebufferSurface: framebuffer size has been limited to [3840x2160] from [3840x2160]
01-19 17:56:50.629  3438  3438 D SurfaceFlinger: Setting power mode 2 on display 0
01-19 17:56:50.629  3438  3438 D SurfaceFlinger: Finished setting power mode 2 on display 0
01-19 17:56:50.631  3928  4357 I nv_bt_stats: btif_nv_stats_update_host_stats() addr: ff:ff:ff:ff:ff:ff , json string: cmd_timeout_rsp_after_to
01-19 17:56:50.640  3438  3438 E FramebufferSurface: freeBufferLocked: The is no fake framebuffer
01-19 17:56:50.641  3438  3438 E FramebufferSurface: freeBufferLocked: The is no fake framebuffer
01-19 17:56:50.646  3928  4357 I nv_bt_stats: btif_nv_stats_update_host_stats() addr: ff:ff:ff:ff:ff:ff , json string: cmd_timeout_rsp_after_to
01-19 17:56:50.650  3928  4357 I nv_bt_stats: btif_nv_stats_update_host_stats() addr: ff:ff:ff:ff:ff:ff , json string: cmd_timeout_rsp_after_to
01-19 17:56:50.651  3928  4357 I nv_bt_stats: btif_nv_stats_update_host_stats() addr: ff:ff:ff:ff:ff:ff , json string: cmd_timeout_rsp_after_to
01-19 17:56:50.652  3928  4357 I nv_bt_stats: btif_nv_stats_update_host_stats() addr: ff:ff:ff:ff:ff:ff , json string: cmd_timeout_rsp_after_to
01-19 17:56:50.695  3709  3709 W HdmiCecController: HDMI-CEC: onReceiveCommand: <Active Source> BF:82:20:00
01-19 17:56:50.678  3928  4357 I nv_bt_stats: btif_nv_stats_update_host_stats() addr: ff:ff:ff:ff:ff:ff , json string: cmd_timeout_rsp_after_to
01-19 17:56:50.820  4874  9144 I DrmUtils: found android.hardware.drm@1.0::IDrmFactory clearkey
01-19 17:56:50.820  4874  9144 I DrmUtils: found android.hardware.drm@1.0::IDrmFactory default
01-19 17:56:50.821  4874  9144 I DrmUtils: found android.hardware.drm@1.0::IDrmFactory playready
01-19 17:56:50.821  4874  9144 I DrmUtils: found android.hardware.drm@1.0::IDrmFactory widevine
01-19 17:56:50.822  4874  9144 I DrmUtils: found android.hardware.drm@1.1::IDrmFactory clearkey
01-19 17:56:50.822  4874  9144 I DrmUtils: found android.hardware.drm@1.1::IDrmFactory playready
01-19 17:56:50.823  4874  9144 I DrmUtils: found android.hardware.drm@1.1::IDrmFactory widevine
01-19 17:56:50.824  4874  9144 I DrmUtils: found android.hardware.drm@1.2::IDrmFactory clearkey
01-19 17:56:50.824  4874  9144 I DrmUtils: found android.hardware.drm@1.2::IDrmFactory widevine
01-19 17:56:50.825  4874  9144 I DrmUtils: found android.hardware.drm@1.3::IDrmFactory clearkey
01-19 17:56:50.825  4874  9144 I DrmUtils: found android.hardware.drm@1.3::IDrmFactory widevine
01-19 17:56:50.826  3375  3432 I WVCdm   : [app][com.google.android.apps.mediashell] calling virtual Return<void> wvdrm::hardware::drm::V1_3::widevine::WVDrmFactory::createPlugin(const hidl_array<uint8_t, 16> &, const android::hardware::hidl_string &, android::hardware::drm::V1_3::IDrmFactory::createPlugin_cb)
01-19 17:56:50.826  3375  3432 I WVCdm   : [cdm_engine.cpp(524):QueryStatus] Querying status
01-19 17:56:50.826  3375  3432 V hdcp up : SecureHdcp_GetCurrentLevel: cur: 0x00, max: 0x04
01-19 17:56:50.826  3375  3432 I WVCdm   : [cdm_engine.cpp(524):QueryStatus] Querying status
01-19 17:56:50.827  3375  3432 V hdcp up : SecureHdcp_GetCurrentLevel: cur: 0x00, max: 0x04
01-19 17:56:50.920  3709  3871 W HdmiCecController: HDMI-CEC: sendMessage: <System Audio Mode Request> B5:70:20:00
01-19 17:56:50.920  3709  3709 W HdmiCecLocalDevicePlayback: HDMI-CEC: setIsActiveSource true
01-19 17:56:50.920  3709  3709 W Looper  : Slow dispatch took 226ms main h=android.os.Handler c=com.android.server.hdmi.-$$Lambda$HdmiCecController$HdmiCecCallback$-7fhWuVwUiBxScm6sqwHxovK41E@2f07d3c m=0
01-19 17:56:51.037  3709  3871 W HdmiCecController: HDMI-CEC: sendMessage: <Text View On> B0:0D
01-19 17:56:51.056  3542  9221 I chatty  : uid=2000(shell) /apex/com.android.adbd/bin/adbd expire 3 lines
01-19 17:56:51.147  3375  3432 I WVCdm   : [cdm_engine.cpp(524):QueryStatus] Querying status
01-19 17:56:51.151  3375  3432 V hdcp up : SecureHdcp_GetCurrentLevel: cur: 0x00, max: 0x04
01-19 17:56:51.151  3375  3432 I WVCdm   : [cdm_engine.cpp(524):QueryStatus] Querying status
01-19 17:56:51.152  3375  3432 V hdcp up : SecureHdcp_GetCurrentLevel: cur: 0x00, max: 0x04
01-19 17:56:51.159  3375  3432 I WVCdm   : [(0):] L3 Terminate.
01-19 17:56:51.159  3375  3432 D oemcrypto_cenc: >> OEMCrypto_Terminate
01-19 17:56:51.159  3375  3432 D oemcrypto_cenc: << OEMCrypto_Terminate
01-19 17:56:51.206  4611  9220 I android_os_HwBinder: HwBinder: Starting thread pool for getting: vendor.nvidia.hardware.graphics.display@1.0::INvDisplay/default
01-19 17:56:51.220  3362  3396 I nvaudio_hw: Setting device address aux1_audio
01-19 17:56:51.221  3428  5793 I APM_AudioPolicyManager: setDeviceConnectionStateInt() device: 0x400, state 1, address  name  format 0x0
01-19 17:56:51.221  4822  4822 I Choreographer: Skipped 34 frames!  The application may be doing too much work on its main thread.
01-19 17:56:51.226  3428  5793 I AudioFlinger: openOutput() this 0x2a6bd76c40, module 10 Device type:0x400,@:, SamplingRate 0, Format 00000000, Channels 0, flags 0x1
01-19 17:56:51.227  3428  5793 I AudioFlinger: HAL output buffer size 256 frames, normal sink buffer size 256 frames
01-19 17:56:51.228  3428  9225 I AudioFlinger: AudioFlinger's thread 0x2abbd69010 tid=9225 ready to run
01-19 17:56:51.233  3428  5793 I AudioFlinger: openOutput() this 0x2a6bd76c40, module 10 Device type:0x400,@:, SamplingRate 48000, Format 0xd000000, Channels 0x1, flags 0x1
01-19 17:56:51.234  3428  5793 I AudioFlinger: HAL output buffer size 1024 frames, normal sink buffer size 1024 frames
01-19 17:56:51.234  3428  9227 I AudioFlinger: AudioFlinger's thread 0x2abbd69010 tid=9227 ready to run
01-19 17:56:51.249  3428  5793 I AudioFlinger: openOutput() this 0x2a6bd76c40, module 10 Device type:0x400,@:, SamplingRate 88200, Format 0x000005, Channels 0x3, flags 0x1
01-19 17:56:51.249  3362  3396 W nvaudio_hw: Sink does not support HRA: 88200 Hz
01-19 17:56:51.250  3428  5793 I AudioHwDevice: openOutputStream(), HAL returned sampleRate 88200, Format 0x5, channelMask 0x3, status -22
01-19 17:56:51.250  3428  5793 W APM_AudioPolicyManager: checkOutputsForDevice() could not open output for device 400
01-19 17:56:51.250  3428  5793 I AudioFlinger: openOutput() this 0x2a6bd76c40, module 10 Device type:0x400,@:, SamplingRate 0, Format 00000000, Channels 0, flags 0x1
01-19 17:56:51.251  3428  5793 I AudioFlinger: HAL output buffer size 256 frames, normal sink buffer size 256 frames
01-19 17:56:51.251  3428  9228 I AudioFlinger: AudioFlinger's thread 0x2abbd6bda0 tid=9228 ready to run
01-19 17:56:51.262  3428  5793 I AudioFlinger: openOutput() this 0x2a6bd76c40, module 10 Device type:0x400,@:, SamplingRate 8000, Format 0x000006, Channels 0x3, flags 0x1
01-19 17:56:51.262  3362  3396 W nvaudio_hw: Sink does not support HRA: 8000 Hz
01-19 17:56:51.262  3428  5793 I AudioHwDevice: openOutputStream(), HAL returned sampleRate 8000, Format 0x6, channelMask 0x3, status -22
01-19 17:56:51.262  3428  5793 W APM_AudioPolicyManager: checkOutputsForDevice() could not open output for device 400
01-19 17:56:51.265  3428  5793 I APM_AudioPolicyManager: setMsdEnableInt: MSD path is already disabled, enable:0, mMsdEnable:0
01-19 17:56:51.273  3362  3396 I nvaudio_hw: Setting connected aux device list aux1_audio,
01-19 17:56:51.278  3928  4080 D BluetoothActiveDeviceManager: onAudioDevicesAdded
01-19 17:56:51.278  3928  4080 D BluetoothActiveDeviceManager: Audio device added: SHIELD Android TV type: 9
01-19 17:56:51.278  3928  3928 D AvrcpVolumeManager: onAudioDevicesAdded: Not expecting device changed
01-19 17:56:51.282  4874  4874 D cast_AvSettingsAndroid: [AvSettingsAndroid.java:230] HDMI plug update: action=android.media.action.HDMI_AUDIO_PLUG, plug=1
01-19 17:56:51.283  4874  4874 D cast_AvSettingsAndroid: [AvSettingsAndroid.java:238] Max channel count = 8
01-19 17:56:51.283  4473  4473 I katniss_interactor_SingletonModule: TvSystemAudioManager isn't available
01-19 17:56:51.283  4473  4473 I katniss_interactor_SingletonModule: vmt: Library is not available: library either is not installed or was not loaded (AndroidManifest.xml is missing <uses-library>) or does not contain the class com.android.libraries.tv.tvsystem.media.TvAudioManager
01-19 17:56:51.283  4473  4473 I katniss_interactor_SingletonModule: 	at vmz.<init>(PG:20)
01-19 17:56:51.283  4473  4473 I katniss_interactor_SingletonModule: 	at vmu.a(PG:3)
01-19 17:56:51.283  4473  4473 I katniss_interactor_SingletonModule: 	at fbk.by(PG:125)
01-19 17:56:51.283  4473  4473 I katniss_interactor_SingletonModule: 	at fbk.aM(PG:36)
01-19 17:56:51.283  4473  4473 I katniss_interactor_SingletonModule: 	at ggu.a(PG:3)
01-19 17:56:51.283  4473  4473 I katniss_interactor_SingletonModule: 	at xlg.a(PG:3)
01-19 17:56:51.283  4473  4473 I katniss_interactor_SingletonModule: 	at xyf.a(PG:13)
01-19 17:56:51.283  4473  4473 I katniss_interactor_SingletonModule: 	at aaya.e(PG:3)
01-19 17:56:51.283  4473  4473 I katniss_interactor_SingletonModule: 	at aayc.run(PG:38)
01-19 17:56:51.283  4473  4473 I katniss_interactor_SingletonModule: 	at aazn.execute(PG:1)
01-19 17:56:51.283  4473  4473 I katniss_interactor_SingletonModule: 	at abbb.d(PG:7)
01-19 17:56:51.283  4473  4473 I katniss_interactor_SingletonModule: 	at aayc.h(PG:10)
01-19 17:56:51.283  4473  4473 I katniss_interactor_SingletonModule: 	at xlk.onReceive(PG:676)
01-19 17:56:51.283  4473  4473 I katniss_interactor_SingletonModule: 	at android.app.LoadedApk$ReceiverDispatcher$Args.lambda$getRunnable$0$LoadedApk$ReceiverDispatcher$Args(LoadedApk.java:1580)
01-19 17:56:51.283  4473  4473 I katniss_interactor_SingletonModule: 	at android.app.-$$Lambda$LoadedApk$ReceiverDispatcher$Args$_BumDX2UKsnxLVrE6UJsJZkotuA.run(Unknown Source:2)
01-19 17:56:51.283  4473  4473 I katniss_interactor_SingletonModule: 	at android.os.Handler.handleCallback(Handler.java:938)
01-19 17:56:51.283  4473  4473 I katniss_interactor_SingletonModule: 	at android.os.Handler.dispatchMessage(Handler.java:99)
01-19 17:56:51.283  4473  4473 I katniss_interactor_SingletonModule: 	at android.os.Looper.loop(Looper.java:223)
01-19 17:56:51.283  4473  4473 I katniss_interactor_SingletonModule: 	at android.app.ActivityThread.main(ActivityThread.java:7668)
01-19 17:56:51.283  4473  4473 I katniss_interactor_SingletonModule: 	at java.lang.reflect.Method.invoke(Native Method)
01-19 17:56:51.283  4473  4473 I katniss_interactor_SingletonModule: 	at com.android.internal.os.RuntimeInit$MethodAndArgsCaller.run(RuntimeInit.java:592)
01-19 17:56:51.283  4473  4473 I katniss_interactor_SingletonModule: 	at com.android.internal.os.ZygoteInit.main(ZygoteInit.java:947)
01-19 17:56:51.283  4473  4473 I katniss_interactor_SingletonModule: Caused by: java.lang.ClassNotFoundException: com.android.libraries.tv.tvsystem.media.TvAudioManager
01-19 17:56:51.283  4473  4473 I katniss_interactor_SingletonModule: 	at java.lang.Class.classForName(Native Method)
01-19 17:56:51.283  4473  4473 I katniss_interactor_SingletonModule: 	at java.lang.Class.forName(Class.java:454)
01-19 17:56:51.283  4473  4473 I katniss_interactor_SingletonModule: 	at java.lang.Class.forName(Class.java:379)
01-19 17:56:51.283  4473  4473 I katniss_interactor_SingletonModule: 	at vmz.<init>(PG:6)
01-19 17:56:51.283  4473  4473 I katniss_interactor_SingletonModule: 	... 21 more
01-19 17:56:51.283  4473  4473 I katniss_interactor_SingletonModule: Caused by: java.lang.ClassNotFoundException: com.android.libraries.tv.tvsystem.media.TvAudioManager
01-19 17:56:51.283  4473  4473 I katniss_interactor_SingletonModule: 	... 25 more
01-19 17:56:51.284  4473  4830 I katniss_interactor_VolumeManagerImpl: Device doesn't have TvSystemAudioManager. Defaulting to SW volume.
01-19 17:56:51.285  4874  4874 D cast_AvSettingsAndroid: [AvSettingsAndroid.java:178] Supported audio codecs:25
01-19 17:56:51.285  4874  4874 D cast_AvSettingsAndroid: [AvSettingsAndroid.java:179] Supported spatial rendering audio codecs:0
01-19 17:56:51.285  4874  5693 I cast_shell: [0119/175651.285597:INFO:media_manager_impl.cc(1062)] New audio codecs supported: new_codecs=[codecs][AC3, EAC3, PCM][spatial_rendering]None, old_codecs=[codecs]None[spatial_rendering]None
01-19 17:56:51.286  3949  3949 V MediaRouter: Audio routes updated: AudioRoutesInfo{ type=HDMI }, a2dp=false
01-19 17:56:51.286  3949  3949 V MediaRouter: Selecting route: RouteInfo{ name=HDMI, description=null, status=null, category=RouteCategory{ name=System types=ROUTE_TYPE_LIVE_AUDIO ROUTE_TYPE_LIVE_VIDEO  groupable=false }, supportedTypes=ROUTE_TYPE_LIVE_AUDIO ROUTE_TYPE_LIVE_VIDEO , presentationDisplay=null }
01-19 17:56:51.289  3901  3901 D NvIRTunerService: Called isNvIRPowerControlDiscreteCodesEnabled powerDevice:1 irPowerControlDiscreteCodesEnabled:false
01-19 17:56:51.289  3901  3901 D NvIRTunerService: Called isNvIRPowerControlDiscreteCodesEnabled powerDevice:2 irPowerControlDiscreteCodesEnabled:false
01-19 17:56:51.290  3901  3901 D NvIRTunerService: Called getNvIRConfigFlagsPowerDevice powerDevice:1 configFlags:-1
01-19 17:56:51.291  3901  3901 D NvIRTunerService: Called getNvIRConfigFlagsPowerDevice powerDevice:2 configFlags:-1
01-19 17:56:51.295  4611  4611 I HdmiModeHandler: checkAndNotifyMode mShowDialog = true mBootDialogShown = false
01-19 17:56:51.306  4341  4341 V MediaRouter: Audio routes updated: AudioRoutesInfo{ type=HDMI }, a2dp=false
01-19 17:56:51.307  4341  4341 V MediaRouter: Selecting route: RouteInfo{ name=HDMI, description=null, status=null, category=RouteCategory{ name=System types=ROUTE_TYPE_LIVE_AUDIO ROUTE_TYPE_LIVE_VIDEO  groupable=false }, supportedTypes=ROUTE_TYPE_LIVE_AUDIO ROUTE_TYPE_LIVE_VIDEO , presentationDisplay=null }
01-19 17:56:51.316  3709  3850 I AS.AudioService: volume level changed in CEC/FIXED mode index:70 oldIndex:70 caller:android
01-19 17:56:51.356  3709  3850 I AS.AudioService: volume level changed in CEC/FIXED mode index:70 oldIndex:70 caller:HdmiPlaybackClient.DisplayStatusCallback
01-19 17:56:51.362  3709  3729 I chatty  : uid=1000(system) android.display expire 12 lines
